Specs already built, skipping fill
Found 2208 STATE test JSON files
Generating state test files...
Progress: 100/2208 files...
Progress: 200/2208 files...
Progress: 300/2208 files...
Progress: 400/2208 files...
Progress: 500/2208 files...
Progress: 600/2208 files...
Progress: 700/2208 files...
Progress: 800/2208 files...
Progress: 900/2208 files...
Progress: 1000/2208 files...
Progress: 1100/2208 files...
Progress: 1200/2208 files...
Progress: 1300/2208 files...
Progress: 1400/2208 files...
Progress: 1500/2208 files...
Progress: 1600/2208 files...
Progress: 1700/2208 files...
Progress: 1800/2208 files...
Progress: 1900/2208 files...
Progress: 2000/2208 files...
Progress: 2100/2208 files...
Progress: 2200/2208 files...

Generated 2208 state zig tests in /Users/williamcory/guillotine-mini/test/specs/generated_state
Found 2208 generated state test files
Updated /Users/williamcory/guillotine-mini/test/specs/root.zig with 2208 state test imports

 [44m[37m RUN [0m [90mv0.15.1[0m
 [36m›~/guillotine[0m

 [36mRunning 4419 tests in parallel with 16 workers...[0m


[32m✓[0m[32m✓[0m[32m✓[0m[32m✓[0m[32m✓[0m[32m✓[0m[32m✓[0m[32m✓[0m[32m✓[0m[32m✓[0m[32m✓[0m[32m✓[0m[32m✓[0m[32m✓[0m[32m✓[0m[32m✓[0m[32m✓[0m[32m✓[0m[32m✓[0m[32m✓[0m[32m✓[0m[32m✓[0m[32m✓[0m[32m✓[0m[32m✓[0m[32m✓[0m[32m✓[0m[32m✓[0m[32m✓[0m[32m✓[0m[32m✓[0m[32m✓[0m[32m✓[0m[32m✓[0m[32m✓[0m[32m✓[0m[32m✓[0m[32m✓[0m[32m✓[0m[32m✓[0m[32m✓[0m[32m✓[0m[32m✓[0m[32m✓[0m[32m✓[0m[32m✓[0m[32m✓[0m[32m✓[0m[32m✓[0m[32m✓[0m[32m✓[0m[32m✓[0m[32m✓[0m[32m✓[0m[32m✓[0m[32m✓[0m[32m✓[0m[32m✓[0m[32m✓[0m[32m✓[0m[32m✓[0m[32m✓[0m[32m✓[0m[32m✓[0m[32m✓[0m[32m✓[0m[32m✓[0m[32m✓[0m[32m✓[0m[32m✓[0m[32m✓[0m[32m✓[0m[32m✓[0m[32m✓[0m[32m✓[0m[32m✓[0m[32m✓[0m[32m✓[0m[32m✓[0m[32m✓[0m[32m✓[0m[32m✓[0m[32m✓[0m[32m✓[0m[32m✓[0m[32m✓[0m[32m✓[0m[32m✓[0m[32m✓[0m[32m✓[0m[32m✓[0m[32m✓[0m[32m✓[0m[32m✓[0m[32m✓[0m[32m✓[0m[32m✓[0m[32m✓[0m[32m✓[0m[32m✓[0m
[32m✓[0m[32m✓[0m[32m✓[0m[32m✓[0m[32m✓[0m[32m✓[0m[32m✓[0m[32m✓[0m[32m✓[0m[32m✓[0m[32m✓[0m[32m✓[0m[32m✓[0m[32m✓[0m[32m✓[0m[32m✓[0m[32m✓[0m[32m✓[0m[32m✓[0m[32m✓[0m[32m✓[0m[32m✓[0m[32m✓[0m[32m✓[0m[32m✓[0m[32m✓[0m[32m✓[0m[32m✓[0m[32m✓[0m[32m✓[0m[32m✓[0m[32m✓[0m[32m✓[0m[32m✓[0m[32m✓[0m[32m✓[0m[32m✓[0m[32m✓[0m[32m✓[0m[32m✓[0m[32m✓[0m[32m✓[0m[32m✓[0m[32m✓[0m[32m✓[0m[32m✓[0m[32m✓[0m[32m✓[0m[32m✓[0m[32m✓[0m[32m✓[0m[32m✓[0m[32m✓[0m[32m✓[0m[32m✓[0m[32m✓[0m[32m✓[0m[32m✓[0m[32m✓[0m[32m✓[0m[32m✓[0m[32m✓[0m[32m✓[0m[32m✓[0m[32m✓[0m[32m✓[0m[32m✓[0m[32m✓[0m[32m✓[0m[32m✓[0m[32m✓[0m[32m✓[0m[32m✓[0m[32m✓[0m[32m✓[0m[32m✓[0m[32m✓[0m[32m✓[0m[32m✓[0m[32m✓[0m[32m✓[0m[32m✓[0m[32m✓[0m[32m✓[0m[32m✓[0m[32m✓[0m[32m✓[0m[32m✓[0m[32m✓[0m[32m✓[0m  [2m[190/4419 - 3393 tests/sec][0m[32m✓[0m[32m✓[0m[32m✓[0m[32m✓[0m[32m✓[0m[32m✓[0m[32m✓[0m[32m✓[0m[32m✓[0m[32m✓[0m
[32m✓[0m[32m✓[0m[32m✓[0m[32m✓[0m[32m✓[0m[32m✓[0m[32m✓[0m[32m✓[0m[32m✓[0m[32m✓[0m[32m✓[0m[32m✓[0m[32m✓[0m[32m✓[0m[32m✓[0m[32m✓[0m[32m✓[0m[32m✓[0m[32m✓[0m[32m✓[0m[32m✓[0m[32m✓[0m[32m✓[0m[32m✓[0m[32m✓[0m[32m✓[0m[32m✓[0m[32m✓[0m[32m✓[0m[32m✓[0m[32m✓[0m[32m✓[0m[32m✓[0m[32m✓[0m[32m✓[0m[32m✓[0m[32m✓[0m[32m✓[0m[32m✓[0m[32m✓[0m[32m✓[0m[32m✓[0m[32m✓[0m[32m✓[0m[32m✓[0m[32m✓[0m[32m✓[0m[32m✓[0m[32m✓[0m[32m✓[0m[32m✓[0m[32m✓[0m[32m✓[0m[32m✓[0m[32m✓[0m[32m✓[0m[32m✓[0m[32m✓[0m[32m✓[0m[32m✓[0m[32m✓[0m[32m✓[0m[32m✓[0m[32m✓[0m[32m✓[0m[32m✓[0m[32m✓[0m[32m✓[0m[32m✓[0m[32m✓[0m[32m✓[0m[32m✓[0m[32m✓[0m[32m✓[0m[32m✓[0m[32m✓[0m[32m✓[0m[32m✓[0m[32m✓[0m[32m✓[0m[32m✓[0m[32m✓[0m[32m✓[0m[32m✓[0m[32m✓[0m[32m✓[0m[32m✓[0m[32m✓[0m[32m✓[0m[32m✓[0m[32m✓[0m[32m✓[0m[32m✓[0m[32m✓[0m[32m✓[0m[32m✓[0m[32m✓[0m[32m✓[0m[32m✓[0m[32m✓[0m
[32m✓[0m[32m✓[0m[32m✓[0m[32m✓[0m[32m✓[0m[32m✓[0m[32m✓[0m[32m✓[0m[32m✓[0m[32m✓[0m[32m✓[0m[32m✓[0m[32m✓[0m[32m✓[0m[32m✓[0m[32m✓[0m[32m✓[0m[32m✓[0m[32m✓[0m[32m✓[0m[32m✓[0m[32m✓[0m[32m✓[0m[32m✓[0m[32m✓[0m[32m✓[0m[32m✓[0m[32m✓[0m[32m✓[0m[32m✓[0m[32m✓[0m[32m✓[0m[32m✓[0m[32m✓[0m[32m✓[0m[32m✓[0m[32m✓[0m[32m✓[0m[32m✓[0m[32m✓[0m[32m✓[0m[32m✓[0m[32m✓[0m[32m✓[0m[32m✓[0m[32m✓[0m[32m✓[0m[32m✓[0m[32m✓[0m[32m✓[0m[32m✓[0m[32m✓[0m[32m✓[0m[32m✓[0m[32m✓[0m[32m✓[0m[32m✓[0m[32m✓[0m[32m✓[0m[32m✓[0m[32m✓[0m[32m✓[0m[32m✓[0m[32m✓[0m[32m✓[0m[32m✓[0m[32m✓[0m[32m✓[0m[32m✓[0m[32m✓[0m[32m✓[0m[32m✓[0m[32m✓[0m[32m✓[0m[32m✓[0m[32m✓[0m[32m✓[0m[32m✓[0m[32m✓[0m[32m✓[0m[32m✓[0m[32m✓[0m[32m✓[0m[32m✓[0m[32m✓[0m[32m✓[0m  [2m[386/4419 - 3541 tests/sec][0m[32m✓[0m[32m✓[0m[32m✓[0m[32m✓[0m[32m✓[0m[32m✓[0m[32m✓[0m[32m✓[0m[32m✓[0m[32m✓[0m[32m✓[0m[32m✓[0m[32m✓[0m[32m✓[0m
[32m✓[0m[32m✓[0m[32m✓[0m[32m✓[0m[32m✓[0m[32m✓[0m[32m✓[0m[32m✓[0m[32m✓[0m[32m✓[0m[32m✓[0m[32m✓[0m[32m✓[0m[32m✓[0m[32m✓[0m[32m✓[0m[32m✓[0m[32m✓[0m[32m✓[0m[32m✓[0m[32m✓[0m[32m✓[0m[32m✓[0m[32m✓[0m[32m✓[0m[32m✓[0m[32m✓[0m[32m✓[0m[32m✓[0m[32m✓[0m[32m✓[0m[32m✓[0m[32m✓[0m[32m✓[0m[32m✓[0m[32m✓[0m[32m✓[0m[32m✓[0m[32m✓[0m[32m✓[0m[32m✓[0m[32m✓[0m[32m✓[0m[32m✓[0m[32m✓[0m[32m✓[0m[32m✓[0m[32m✓[0m[32m✓[0m[32m✓[0m[32m✓[0m[32m✓[0m[32m✓[0m[32m✓[0m[32m✓[0m[32m✓[0m[32m✓[0m[32m✓[0m[32m✓[0m[32m✓[0m[32m✓[0m[32m✓[0m[32m✓[0m[32m✓[0m[32m✓[0m[32m✓[0m[32m✓[0m[32m✓[0m[32m✓[0m[32m✓[0m[32m✓[0m[32m✓[0m[32m✓[0m[32m✓[0m[32m✓[0m[32m✓[0m[32m✓[0m[32m✓[0m[32m✓[0m[32m✓[0m[32m✓[0m[32m✓[0m[32m✓[0m[32m✓[0m[32m✓[0m[32m✓[0m[32m✓[0m[32m✓[0m[32m✓[0m[32m✓[0m[32m✓[0m[32m✓[0m[32m✓[0m[32m✓[0m[32m✓[0m[32m✓[0m[32m✓[0m[32m✓[0m[32m✓[0m[32m✓[0m
[32m✓[0m[32m✓[0m[32m✓[0m[32m✓[0m[32m✓[0m[32m✓[0m[32m✓[0m[32m✓[0m[32m✓[0m[32m✓[0m[32m✓[0m[32m✓[0m[32m✓[0m[32m✓[0m[32m✓[0m[32m✓[0m[32m✓[0m[32m✓[0m[32m✓[0m[32m✓[0m[32m✓[0m[32m✓[0m[32m✓[0m[32m✓[0m[32m✓[0m[32m✓[0m[32m✓[0m[32m✓[0m[32m✓[0m[32m✓[0m[32m✓[0m[32m✓[0m[32m✓[0m[32m✓[0m[32m✓[0m[32m✓[0m[32m✓[0m[32m✓[0m[32m✓[0m[32m✓[0m[32m✓[0m[32m✓[0m[32m✓[0m[32m✓[0m[32m✓[0m[32m✓[0m[32m✓[0m[32m✓[0m[32m✓[0m[32m✓[0m[32m✓[0m[32m✓[0m[32m✓[0m[32m✓[0m[32m✓[0m[32m✓[0m[32m✓[0m[32m✓[0m[32m✓[0m[32m✓[0m[32m✓[0m[32m✓[0m[32m✓[0m[32m✓[0m[32m✓[0m[32m✓[0m[32m✓[0m[32m✓[0m[32m✓[0m[32m✓[0m[32m✓[0m[32m✓[0m[32m✓[0m  [2m[573/4419 - 3581 tests/sec][0m[32m✓[0m[32m✓[0m[32m✓[0m[32m✓[0m[32m✓[0m[32m✓[0m[32m✓[0m[32m✓[0m[32m✓[0m[32m✓[0m[32m✓[0m[32m✓[0m[32m✓[0m[32m✓[0m[32m✓[0m[32m✓[0m[32m✓[0m[32m✓[0m[32m✓[0m[32m✓[0m[32m✓[0m[32m✓[0m[32m✓[0m[32m✓[0m[32m✓[0m[32m✓[0m[32m✓[0m
[32m✓[0m[32m✓[0m[32m✓[0m[32m✓[0m[32m✓[0m[32m✓[0m[32m✓[0m[32m✓[0m[32m✓[0m[32m✓[0m[32m✓[0m[32m✓[0m[32m✓[0m[32m✓[0m[32m✓[0m[32m✓[0m[32m✓[0m[32m✓[0m[32m✓[0m[32m✓[0m[32m✓[0m[32m✓[0m[32m✓[0m[32m✓[0m[32m✓[0m[32m✓[0m[32m✓[0m[32m✓[0m[32m✓[0m[32m✓[0m[32m✓[0m[32m✓[0m[32m✓[0m[32m✓[0m[32m✓[0m[32m✓[0m[32m✓[0m[32m✓[0m[32m✓[0m[32m✓[0m[32m✓[0m[32m✓[0m[32m✓[0m[32m✓[0m[32m✓[0m[32m✓[0m[32m✓[0m[32m✓[0m[32m✓[0m[32m✓[0m[32m✓[0m[32m✓[0m[32m✓[0m[32m✓[0m[32m✓[0m[32m✓[0m[32m✓[0m[32m✓[0m[32m✓[0m[32m✓[0m[32m✓[0m[32m✓[0m[32m✓[0m[32m✓[0m[32m✓[0m[32m✓[0m[32m✓[0m[32m✓[0m[32m✓[0m[32m✓[0m[32m✓[0m[32m✓[0m[32m✓[0m[32m✓[0m[32m✓[0m[32m✓[0m[32m✓[0m[32m✓[0m[32m✓[0m[32m✓[0m[32m✓[0m[32m✓[0m[32m✓[0m[32m✓[0m[32m✓[0m[32m✓[0m[32m✓[0m[32m✓[0m[32m✓[0m[32m✓[0m[32m✓[0m[32m✓[0m[32m✓[0m[32m✓[0m[32m✓[0m[32m✓[0m[32m✓[0m[32m✓[0m[32m✓[0m[32m✓[0m
[32m✓[0m[32m✓[0m[32m✓[0m[32m✓[0m[32m✓[0m[32m✓[0m[32m✓[0m[32m✓[0m[32m✓[0m[32m✓[0m[32m✓[0m[32m✓[0m[32m✓[0m[32m✓[0m[32m✓[0m[32m✓[0m[32m✓[0m[32m✓[0m[32m✓[0m[32m✓[0m[32m✓[0m[32m✓[0m[32m✓[0m[32m✓[0m[32m✓[0m[32m✓[0m[32m✓[0m[32m✓[0m[32m✓[0m[32m✓[0m[32m✓[0m[32m✓[0m[32m✓[0m[32m✓[0m[32m✓[0m[32m✓[0m[32m✓[0m[32m✓[0m[32m✓[0m[32m✓[0m[32m✓[0m[32m✓[0m[32m✓[0m[32m✓[0m[32m✓[0m[32m✓[0m[32m✓[0m[32m✓[0m[32m✓[0m[32m✓[0m[32m✓[0m[32m✓[0m[32m✓[0m[32m✓[0m[32m✓[0m[32m✓[0m[32m✓[0m[32m✓[0m[32m✓[0m[32m✓[0m[32m✓[0m[32m✓[0m[32m✓[0m[32m✓[0m[32m✓[0m[32m✓[0m[32m✓[0m[32m✓[0m[32m✓[0m[32m✓[0m[32m✓[0m[32m✓[0m[32m✓[0m  [2m[773/4419 - 3579 tests/sec][0m[32m✓[0m[32m✓[0m[32m✓[0m[32m✓[0m[32m✓[0m[32m✓[0m[32m✓[0m[32m✓[0m[32m✓[0m[32m✓[0m[32m✓[0m[32m✓[0m[32m✓[0m[32m✓[0m[32m✓[0m[32m✓[0m[32m✓[0m[32m✓[0m[32m✓[0m[32m✓[0m[32m✓[0m[32m✓[0m[32m✓[0m[32m✓[0m[32m✓[0m[32m✓[0m[32m✓[0m
[32m✓[0m[32m✓[0m[32m✓[0m[32m✓[0m[32m✓[0m[32m✓[0m[32m✓[0m[32m✓[0m[32m✓[0m[32m✓[0m[32m✓[0m[32m✓[0m[32m✓[0m[32m✓[0m[32m✓[0m[32m✓[0m[32m✓[0m[32m✓[0m[32m✓[0m[32m✓[0m[32m✓[0m[32m✓[0m[32m✓[0m[32m✓[0m[32m✓[0m[32m✓[0m[32m✓[0m[32m✓[0m[32m✓[0m[32m✓[0m[32m✓[0m[32m✓[0m[32m✓[0m[32m✓[0m[32m✓[0m[32m✓[0m[32m✓[0m[32m✓[0m[32m✓[0m[32m✓[0m[32m✓[0m[32m✓[0m[32m✓[0m[32m✓[0m[32m✓[0m[32m✓[0m[32m✓[0m[32m✓[0m[32m✓[0m[32m✓[0m[32m✓[0m[32m✓[0m[32m✓[0m[32m✓[0m[32m✓[0m[32m✓[0m[32m✓[0m[32m✓[0m[32m✓[0m[32m✓[0m[32m✓[0m[32m✓[0m[32m✓[0m[32m✓[0m[32m✓[0m[32m✓[0m[32m✓[0m[32m✓[0m[32m✓[0m[32m✓[0m[32m✓[0m[32m✓[0m[32m✓[0m[32m✓[0m[32m✓[0m[32m✓[0m[32m✓[0m[32m✓[0m[32m✓[0m[32m✓[0m[32m✓[0m[32m✓[0m[32m✓[0m[32m✓[0m[32m✓[0m[32m✓[0m[32m✓[0m[32m✓[0m[32m✓[0m[32m✓[0m[32m✓[0m[32m✓[0m[32m✓[0m[32m✓[0m[32m✓[0m[32m✓[0m[32m✓[0m[32m✓[0m[32m✓[0m[32m✓[0m
[32m✓[0m[32m✓[0m[32m✓[0m[32m✓[0m[32m✓[0m[32m✓[0m[32m✓[0m[32m✓[0m[32m✓[0m[32m✓[0m[32m✓[0m[32m✓[0m[32m✓[0m[32m✓[0m[32m✓[0m[32m✓[0m[32m✓[0m[32m✓[0m[32m✓[0m[32m✓[0m[32m✓[0m[32m✓[0m[32m✓[0m[32m✓[0m[32m✓[0m[32m✓[0m[32m✓[0m[32m✓[0m[32m✓[0m[32m✓[0m[32m✓[0m[32m✓[0m[32m✓[0m[32m✓[0m[32m✓[0m[32m✓[0m[32m✓[0m[32m✓[0m[32m✓[0m[32m✓[0m[32m✓[0m[32m✓[0m[32m✓[0m[32m✓[0m[32m✓[0m[32m✓[0m[32m✓[0m[32m✓[0m[32m✓[0m[32m✓[0m[32m✓[0m[32m✓[0m[32m✓[0m[32m✓[0m[32m✓[0m[32m✓[0m[32m✓[0m[32m✓[0m[32m✓[0m[32m✓[0m[32m✓[0m[32m✓[0m[32m✓[0m[32m✓[0m[32m✓[0m[32m✓[0m[32m✓[0m  [2m[966/4419 - 3578 tests/sec][0m[32m✓[0m[32m✓[0m[32m✓[0m[32m✓[0m[32m✓[0m[32m✓[0m[32m✓[0m[32m✓[0m[32m✓[0m[32m✓[0m[32m✓[0m[32m✓[0m[32m✓[0m[32m✓[0m[32m✓[0m[32m✓[0m[32m✓[0m[32m✓[0m[32m✓[0m[32m✓[0m[32m✓[0m[32m✓[0m[32m✓[0m[32m✓[0m[32m✓[0m[32m✓[0m[32m✓[0m[32m✓[0m[32m✓[0m[32m✓[0m[32m✓[0m[32m✓[0m[32m✓[0m
[32m✓[0m[32m✓[0m[32m✓[0m[32m✓[0m[32m✓[0m[32m✓[0m[32m✓[0m[32m✓[0m[32m✓[0m[32m✓[0m[32m✓[0m[32m✓[0m[32m✓[0m[32m✓[0m[32m✓[0m[32m✓[0m[32m✓[0m[32m✓[0m[32m✓[0m[32m✓[0m[32m✓[0m[32m✓[0m[32m✓[0m[32m✓[0m[32m✓[0m[32m✓[0m[32m✓[0m[32m✓[0m[32m✓[0m[32m✓[0m[32m✓[0m[32m✓[0m[32m✓[0m[32m✓[0m[32m✓[0m[32m✓[0m[32m✓[0m[32m✓[0m[32m✓[0m[32m✓[0m[32m✓[0m[32m✓[0m[32m✓[0m[32m✓[0m[32m✓[0m[32m✓[0m[32m✓[0m[32m✓[0m[32m✓[0m[32m✓[0m[32m✓[0m[32m✓[0m[32m✓[0m[32m✓[0m[32m✓[0m[32m✓[0m[32m✓[0m[32m✓[0m[32m✓[0m[32m✓[0m[32m✓[0m[32m✓[0m[32m✓[0m[32m✓[0m[32m✓[0m[32m✓[0m[32m✓[0m[32m✓[0m[32m✓[0m[32m✓[0m[32m✓[0m[32m✓[0m[32m✓[0m[32m✓[0m[32m✓[0m[32m✓[0m[32m✓[0m[32m✓[0m[32m✓[0m[32m✓[0m[32m✓[0m[32m✓[0m[32m✓[0m[32m✓[0m[32m✓[0m[32m✓[0m[32m✓[0m[32m✓[0m[32m✓[0m[32m✓[0m[32m✓[0m[32m✓[0m[32m✓[0m[32m✓[0m[32m✓[0m[32m✓[0m[32m✓[0m[32m✓[0m[32m✓[0m[32m✓[0m
[32m✓[0m[32m✓[0m[32m✓[0m[32m✓[0m[32m✓[0m[32m✓[0m[32m✓[0m[32m✓[0m[32m✓[0m[32m✓[0m[32m✓[0m[32m✓[0m[32m✓[0m[32m✓[0m[32m✓[0m[32m✓[0m[32m✓[0m[32m✓[0m[32m✓[0m[32m✓[0m[32m✓[0m[32m✓[0m[32m✓[0m[32m✓[0m[32m✓[0m[32m✓[0m[32m✓[0m[32m✓[0m[32m✓[0m[32m✓[0m[32m✓[0m[32m✓[0m[32m✓[0m[32m✓[0m[32m✓[0m[32m✓[0m[32m✓[0m[32m✓[0m[32m✓[0m[32m✓[0m[32m✓[0m[32m✓[0m[32m✓[0m[32m✓[0m[32m✓[0m[32m✓[0m[32m✓[0m[32m✓[0m[32m✓[0m[32m✓[0m[32m✓[0m[32m✓[0m[32m✓[0m[32m✓[0m[32m✓[0m[32m✓[0m[32m✓[0m[32m✓[0m[32m✓[0m[32m✓[0m[32m✓[0m[32m✓[0m  [2m[1161/4419 - 3594 tests/sec][0m[32m✓[0m[32m✓[0m[32m✓[0m[32m✓[0m[32m✓[0m[32m✓[0m[32m✓[0m[32m✓[0m[32m✓[0m[32m✓[0m[32m✓[0m[32m✓[0m[32m✓[0m[32m✓[0m[32m✓[0m[32m✓[0m[32m✓[0m[32m✓[0m[32m✓[0m[32m✓[0m[32m✓[0m[32m✓[0m[32m✓[0m[32m✓[0m[32m✓[0m[32m✓[0m[32m✓[0m[32m✓[0m[32m✓[0m[32m✓[0m[32m✓[0m[32m✓[0m[32m✓[0m[32m✓[0m[32m✓[0m[32m✓[0m[32m✓[0m[32m✓[0m
[32m✓[0m[32m✓[0m[32m✓[0m[32m✓[0m[32m✓[0m[32m✓[0m[32m✓[0m[32m✓[0m[32m✓[0m[32m✓[0m[32m✓[0m[32m✓[0m[32m✓[0m[32m✓[0m[32m✓[0m[32m✓[0m[32m✓[0m[32m✓[0m[32m✓[0m[32m✓[0m[32m✓[0m[32m✓[0m[32m✓[0m[32m✓[0m[32m✓[0m[32m✓[0m[32m✓[0m[32m✓[0m[32m✓[0m[32m✓[0m[32m✓[0m[32m✓[0m[32m✓[0m[32m✓[0m[32m✓[0m[32m✓[0m[32m✓[0m[32m✓[0m[32m✓[0m[32m✓[0m[32m✓[0m[32m✓[0m[32m✓[0m[32m✓[0m[32m✓[0m[32m✓[0m[32m✓[0m[32m✓[0m[32m✓[0m[32m✓[0m[32m✓[0m[32m✓[0m[32m✓[0m[32m✓[0m[32m✓[0m[32m✓[0m[32m✓[0m[32m✓[0m[32m✓[0m[32m✓[0m[32m✓[0m[32m✓[0m[32m✓[0m[32m✓[0m[32m✓[0m[32m✓[0m[32m✓[0m[32m✓[0m[32m✓[0m[32m✓[0m[32m✓[0m[32m✓[0m[32m✓[0m[32m✓[0m[32m✓[0m[32m✓[0m[32m✓[0m[32m✓[0m[32m✓[0m[32m✓[0m[32m✓[0m[32m✓[0m[32m✓[0m[32m✓[0m[32m✓[0m[32m✓[0m[32m✓[0m[32m✓[0m[32m✓[0m[32m✓[0m[32m✓[0m[32m✓[0m[32m✓[0m[32m✓[0m[32m✓[0m[32m✓[0m[32m✓[0m[32m✓[0m[32m✓[0m[32m✓[0m
[32m✓[0m[32m✓[0m[32m✓[0m[32m✓[0m[32m✓[0m[32m✓[0m[32m✓[0m[32m✓[0m[32m✓[0m[32m✓[0m[32m✓[0m[32m✓[0m[32m✓[0m[32m✓[0m[32m✓[0m[32m✓[0m[32m✓[0m[32m✓[0m[32m✓[0m[32m✓[0m[32m✓[0m[32m✓[0m[32m✓[0m[32m✓[0m[32m✓[0m[32m✓[0m[32m✓[0m[32m✓[0m[32m✓[0m[32m✓[0m[32m✓[0m[32m✓[0m[32m✓[0m[32m✓[0m[32m✓[0m[32m✓[0m[32m✓[0m[32m✓[0m[32m✓[0m[32m✓[0m[32m✓[0m[32m✓[0m[32m✓[0m[32m✓[0m[32m✓[0m[32m✓[0m[32m✓[0m[32m✓[0m[32m✓[0m[32m✓[0m[32m✓[0m[32m✓[0m[32m✓[0m[32m✓[0m[32m✓[0m[32m✓[0m[32m✓[0m[32m✓[0m[32m✓[0m[32m✓[0m[32m✓[0m[32m✓[0m[32m✓[0m[32m✓[0m  [2m[1364/4419 - 3608 tests/sec][0m[32m✓[0m[32m✓[0m[32m✓[0m[32m✓[0m[32m✓[0m[32m✓[0m[32m✓[0m[32m✓[0m[32m✓[0m[32m✓[0m[32m✓[0m[32m✓[0m[32m✓[0m[32m✓[0m[32m✓[0m[32m✓[0m[32m✓[0m[32m✓[0m[32m✓[0m[32m✓[0m[32m✓[0m[32m✓[0m[32m✓[0m[32m✓[0m[32m✓[0m[32m✓[0m[32m✓[0m[32m✓[0m[32m✓[0m[32m✓[0m[32m✓[0m[32m✓[0m[32m✓[0m[32m✓[0m[32m✓[0m[32m✓[0m
[32m✓[0m[32m✓[0m[32m✓[0m[32m✓[0m[32m✓[0m[32m✓[0m[32m✓[0m[32m✓[0m[32m✓[0m[32m✓[0m[32m✓[0m[32m✓[0m[32m✓[0m[32m✓[0m[32m✓[0m[32m✓[0m[32m✓[0m[32m✓[0m[32m✓[0m[32m✓[0m[32m✓[0m[32m✓[0m[32m✓[0m[32m✓[0m[32m✓[0m[32m✓[0m[32m✓[0m[32m✓[0m[32m✓[0m[32m✓[0m[32m✓[0m[32m✓[0m[32m✓[0m[32m✓[0m[32m✓[0m[32m✓[0m[32m✓[0m[32m✓[0m[32m✓[0m[32m✓[0m[32m✓[0m[32m✓[0m[32m✓[0m[32m✓[0m[32m✓[0m[32m✓[0m[32m✓[0m[32m✓[0m[32m✓[0m[32m✓[0m[32m✓[0m[32m✓[0m[32m✓[0m[32m✓[0m[32m✓[0m[32m✓[0m[32m✓[0m[32m✓[0m[32m✓[0m[32m✓[0m[32m✓[0m[32m✓[0m[32m✓[0m[32m✓[0m[32m✓[0m[32m✓[0m[32m✓[0m[32m✓[0m[32m✓[0m[32m✓[0m[32m✓[0m[32m✓[0m[32m✓[0m[32m✓[0m[32m✓[0m[32m✓[0m[32m✓[0m[32m✓[0m[32m✓[0m[32m✓[0m[32m✓[0m[32m✓[0m[32m✓[0m[32m✓[0m[32m✓[0m[32m✓[0m[32m✓[0m[32m✓[0m[32m✓[0m[32m✓[0m[32m✓[0m[32m✓[0m[32m✓[0m[32m✓[0m[32m✓[0m[32m✓[0m[32m✓[0m[32m✓[0m[32m✓[0m[32m✓[0m
[32m✓[0m[32m✓[0m[32m✓[0m[32m✓[0m[32m✓[0m[32m✓[0m[32m✓[0m[32m✓[0m[32m✓[0m[32m✓[0m[32m✓[0m[32m✓[0m[32m✓[0m[32m✓[0m[32m✓[0m[32m✓[0m[32m✓[0m[32m✓[0m[32m✓[0m[32m✓[0m[32m✓[0m[32m✓[0m[32m✓[0m[32m✓[0m[32m✓[0m[32m✓[0m[32m✓[0m[32m✓[0m[32m✓[0m[32m✓[0m[32m✓[0m[32m✓[0m[32m✓[0m[32m✓[0m[32m✓[0m[32m✓[0m[32m✓[0m[32m✓[0m[32m✓[0m[32m✓[0m[32m✓[0m[32m✓[0m[32m✓[0m[32m✓[0m[32m✓[0m[32m✓[0m[32m✓[0m[32m✓[0m[32m✓[0m[32m✓[0m[32m✓[0m[32m✓[0m[32m✓[0m[32m✓[0m[32m✓[0m[32m✓[0m[32m✓[0m[32m✓[0m[32m✓[0m[32m✓[0m[32m✓[0m[32m✓[0m[32m✓[0m[32m✓[0m[32m✓[0m  [2m[1564/4419 - 3604 tests/sec][0m[32m✓[0m[32m✓[0m[32m✓[0m[32m✓[0m[32m✓[0m[32m✓[0m[32m✓[0m[32m✓[0m[32m✓[0m[32m✓[0m[32m✓[0m[32m✓[0m[32m✓[0m[32m✓[0m[32m✓[0m[32m✓[0m[32m✓[0m[32m✓[0m[32m✓[0m[32m✓[0m[32m✓[0m[32m✓[0m[32m✓[0m[32m✓[0m[32m✓[0m[32m✓[0m[32m✓[0m[32m✓[0m[32m✓[0m[32m✓[0m[32m✓[0m[32m✓[0m[32m✓[0m[32m✓[0m[32m✓[0m
[32m✓[0m[32m✓[0m[32m✓[0m[32m✓[0m[32m✓[0m[32m✓[0m[32m✓[0m[32m✓[0m[32m✓[0m[32m✓[0m[32m✓[0m[32m✓[0m[32m✓[0m[32m✓[0m[32m✓[0m[32m✓[0m[32m✓[0m[32m✓[0m[32m✓[0m[32m✓[0m[32m✓[0m[32m✓[0m[32m✓[0m[32m✓[0m[32m✓[0m[32m✓[0m[32m✓[0m[32m✓[0m[32m✓[0m[32m✓[0m[32m✓[0m[32m✓[0m[32m✓[0m[32m✓[0m[32m✓[0m[32m✓[0m[32m✓[0m[32m✓[0m[32m✓[0m[32m✓[0m[32m✓[0m[32m✓[0m[32m✓[0m[32m✓[0m[32m✓[0m[32m✓[0m[32m✓[0m[32m✓[0m[32m✓[0m[32m✓[0m[32m✓[0m[32m✓[0m[32m✓[0m[32m✓[0m[32m✓[0m[32m✓[0m[32m✓[0m[32m✓[0m[32m✓[0m[32m✓[0m[32m✓[0m[32m✓[0m[32m✓[0m[32m✓[0m[32m✓[0m[32m✓[0m[32m✓[0m[32m✓[0m[32m✓[0m[32m✓[0m[32m✓[0m[32m✓[0m[32m✓[0m[32m✓[0m[32m✓[0m[32m✓[0m[32m✓[0m[32m✓[0m[32m✓[0m[32m✓[0m[32m✓[0m[32m✓[0m[32m✓[0m[32m✓[0m[32m✓[0m[32m✓[0m[32m✓[0m[32m✓[0m[32m✓[0m[32m✓[0m[32m✓[0m[32m✓[0m[32m✓[0m[32m✓[0m[32m✓[0m[32m✓[0m[32m✓[0m[32m✓[0m[32m✓[0m[32m✓[0m
[32m✓[0m[32m✓[0m[32m✓[0m[32m✓[0m[32m✓[0m[32m✓[0m[32m✓[0m[32m✓[0m[32m✓[0m[32m✓[0m[32m✓[0m[32m✓[0m[32m✓[0m[32m✓[0m[32m✓[0m[32m✓[0m[32m✓[0m[32m✓[0m[32m✓[0m[32m✓[0m[32m✓[0m[32m✓[0m[32m✓[0m[32m✓[0m[32m✓[0m[32m✓[0m[32m✓[0m[32m✓[0m[32m✓[0m[32m✓[0m[32m✓[0m[32m✓[0m[32m✓[0m[32m✓[0m[32m✓[0m[32m✓[0m[32m✓[0m[32m✓[0m[32m✓[0m[32m✓[0m[32m✓[0m[32m✓[0m[32m✓[0m[32m✓[0m[32m✓[0m[32m✓[0m[32m✓[0m[32m✓[0m[32m✓[0m[32m✓[0m[32m✓[0m[32m✓[0m[32m✓[0m[32m✓[0m[32m✓[0m[32m✓[0m[32m✓[0m[32m✓[0m[32m✓[0m  [2m[1759/4419 - 3597 tests/sec][0m[32m✓[0m[32m✓[0m[32m✓[0m[32m✓[0m[32m✓[0m[32m✓[0m[32m✓[0m[32m✓[0m[32m✓[0m[32m✓[0m[32m✓[0m[32m✓[0m[32m✓[0m[32m✓[0m[32m✓[0m[32m✓[0m[32m✓[0m[32m✓[0m[32m✓[0m[32m✓[0m[32m✓[0m[32m✓[0m[32m✓[0m[32m✓[0m[32m✓[0m[32m✓[0m[32m✓[0m[32m✓[0m[32m✓[0m[32m✓[0m[32m✓[0m[32m✓[0m[32m✓[0m[32m✓[0m[32m✓[0m[32m✓[0m[32m✓[0m[32m✓[0m[32m✓[0m[32m✓[0m[32m✓[0m
[32m✓[0m[32m✓[0m[32m✓[0m[32m✓[0m[32m✓[0m[32m✓[0m[32m✓[0m[32m✓[0m[32m✓[0m[32m✓[0m[32m✓[0m[32m✓[0m[32m✓[0m[32m✓[0m[32m✓[0m[32m✓[0m[32m✓[0m[32m✓[0m[32m✓[0m[32m✓[0m[32m✓[0m[32m✓[0m[32m✓[0m[32m✓[0m[32m✓[0m[32m✓[0m[32m✓[0m[32m✓[0m[32m✓[0m[32m✓[0m[32m✓[0m[32m✓[0m[32m✓[0m[32m✓[0m[32m✓[0m[32m✓[0m[32m✓[0m[32m✓[0m[32m✓[0m[32m✓[0m[32m✓[0m[32m✓[0m[32m✓[0m[32m✓[0m[32m✓[0m[32m✓[0m[32m✓[0m[32m✓[0m[32m✓[0m[32m✓[0m[32m✓[0m[32m✓[0m[32m✓[0m[32m✓[0m[32m✓[0m[32m✓[0m[32m✓[0m[32m✓[0m[32m✓[0m[32m✓[0m[32m✓[0m[32m✓[0m[32m✓[0m[32m✓[0m[32m✓[0m[32m✓[0m[32m✓[0m[32m✓[0m[32m✓[0m[32m✓[0m[32m✓[0m[32m✓[0m[32m✓[0m[32m✓[0m[32m✓[0m[32m✓[0m[32m✓[0m[32m✓[0m[32m✓[0m[32m✓[0m[32m✓[0m[32m✓[0m[32m✓[0m[32m✓[0m[32m✓[0m[32m✓[0m[32m✓[0m[32m✓[0m[32m✓[0m[32m✓[0m[32m✓[0m[32m✓[0m[32m✓[0m[32m✓[0m[32m✓[0m[32m✓[0m[32m✓[0m[32m✓[0m[32m✓[0m[32m✓[0m
[32m✓[0m[32m✓[0m[32m✓[0m[32m✓[0m[32m✓[0m[32m✓[0m[32m✓[0m[32m✓[0m[32m✓[0m[32m✓[0m[32m✓[0m[32m✓[0m[32m✓[0m[32m✓[0m[32m✓[0m[32m✓[0m[32m✓[0m[32m✓[0m[32m✓[0m[32m✓[0m[32m✓[0m[32m✓[0m[32m✓[0m[32m✓[0m[32m✓[0m[32m✓[0m[32m✓[0m[32m✓[0m[32m✓[0m[32m✓[0m[32m✓[0m[32m✓[0m[32m✓[0m[32m✓[0m[32m✓[0m[32m✓[0m[32m✓[0m[32m✓[0m[32m✓[0m[32m✓[0m[32m✓[0m[32m✓[0m  [2m[1942/4419 - 3596 tests/sec][0m[32m✓[0m[32m✓[0m[32m✓[0m[32m✓[0m[32m✓[0m[32m✓[0m[32m✓[0m[32m✓[0m[32m✓[0m[32m✓[0m[32m✓[0m[32m✓[0m[32m✓[0m[32m✓[0m[32m✓[0m[32m✓[0m[32m✓[0m[32m✓[0m[32m✓[0m[32m✓[0m[32m✓[0m[32m✓[0m[32m✓[0m[32m✓[0m[32m✓[0m[32m✓[0m[32m✓[0m[32m✓[0m[32m✓[0m[32m✓[0m[32m✓[0m[32m✓[0m[32m✓[0m[32m✓[0m[32m✓[0m[32m✓[0m[32m✓[0m[32m✓[0m[32m✓[0m[32m✓[0m[32m✓[0m[32m✓[0m[32m✓[0m[32m✓[0m[32m✓[0m[32m✓[0m[32m✓[0m[32m✓[0m[32m✓[0m[32m✓[0m[32m✓[0m[32m✓[0m[32m✓[0m[32m✓[0m[32m✓[0m[32m✓[0m[32m✓[0m[32m✓[0m
[32m✓[0m[32m✓[0m[32m✓[0m[32m✓[0m[32m✓[0m[32m✓[0m[32m✓[0m[32m✓[0m[32m✓[0m[32m✓[0m[32m✓[0m[32m✓[0m[32m✓[0m[32m✓[0m[32m✓[0m[32m✓[0m[32m✓[0m[32m✓[0m[32m✓[0m[32m✓[0m[32m✓[0m[32m✓[0m[32m✓[0m[32m✓[0m[32m✓[0m[32m✓[0m[32m✓[0m[32m✓[0m[32m✓[0m[32m✓[0m[32m✓[0m[32m✓[0m[32m✓[0m[32m✓[0m[32m✓[0m[32m✓[0m[32m✓[0m[32m✓[0m[32m✓[0m[32m✓[0m[32m✓[0m[32m✓[0m[32m✓[0m[32m✓[0m[32m✓[0m[32m✓[0m[32m✓[0m[32m✓[0m[32m✓[0m[32m✓[0m[32m✓[0m[32m✓[0m[32m✓[0m[32m✓[0m[32m✓[0m[32m✓[0m[32m✓[0m[32m✓[0m[32m✓[0m[32m✓[0m[32m✓[0m[32m✓[0m[32m✓[0m[32m✓[0m[32m✓[0m[32m✓[0m[32m✓[0m[32m✓[0m[32m✓[0m[32m✓[0m[32m✓[0m[32m✓[0m[32m✓[0m[32m✓[0m[32m✓[0m[32m✓[0m[32m✓[0m[32m✓[0m[32m✓[0m[32m✓[0m[32m✓[0m[32m✓[0m[32m✓[0m[32m✓[0m[32m✓[0m[32m✓[0m[32m✓[0m[32m✓[0m[32m✓[0m[32m✓[0m[32m✓[0m[32m✓[0m[32m✓[0m[32m✓[0m[32m✓[0m[32m✓[0m[32m✓[0m[32m✓[0m[32m✓[0m[32m✓[0m
[32m✓[0m[32m✓[0m[32m✓[0m[32m✓[0m[32m✓[0m[32m✓[0m[32m✓[0m[32m✓[0m[32m✓[0m[32m✓[0m[32m✓[0m[32m✓[0m[32m✓[0m[32m✓[0m[32m✓[0m[32m✓[0m[32m✓[0m[32m✓[0m[32m✓[0m[32m✓[0m[32m✓[0m[32m✓[0m[32m✓[0m[32m✓[0m[32m✓[0m[32m✓[0m[32m✓[0m[32m✓[0m[32m✓[0m[32m✓[0m[32m✓[0m  [2m[2131/4419 - 3606 tests/sec][0m[32m✓[0m[32m✓[0m[32m✓[0m[32m✓[0m[32m✓[0m[32m✓[0m[32m✓[0m[32m✓[0m[32m✓[0m[32m✓[0m[32m✓[0m[32m✓[0m[32m✓[0m[32m✓[0m[32m✓[0m[32m✓[0m[32m✓[0m[32m✓[0m[32m✓[0m[32m✓[0m[32m✓[0m[32m✓[0m[32m✓[0m[32m✓[0m[32m✓[0m[32m✓[0m[32m✓[0m[32m✓[0m[32m✓[0m[32m✓[0m[32m✓[0m[32m✓[0m[32m✓[0m[32m✓[0m[32m✓[0m[32m✓[0m[32m✓[0m[32m✓[0m[32m✓[0m[32m✓[0m[32m✓[0m[32m✓[0m[32m✓[0m[32m✓[0m[32m✓[0m[32m✓[0m[32m✓[0m[32m✓[0m[32m✓[0m[32m✓[0m[32m✓[0m[32m✓[0m[32m✓[0m[32m✓[0m[32m✓[0m[32m✓[0m[32m✓[0m[32m✓[0m[32m✓[0m[32m✓[0m[32m✓[0m[32m✓[0m[32m✓[0m[32m✓[0m[32m✓[0m[32m✓[0m[32m✓[0m[32m✓[0m[32m✓[0m
[32m✓[0m[32m✓[0m[32m✓[0m[32m✓[0m[32m✓[0m[32m✓[0m[32m✓[0m[32m✓[0m[32m✓[0m[32m✓[0m[32m✓[0m[32m✓[0m[32m✓[0m[32m✓[0m[32m✓[0m[32m✓[0m[32m✓[0m[32m✓[0m[32m✓[0m[32m✓[0m[32m✓[0m[32m✓[0m[32m✓[0m[32m✓[0m[32m✓[0m[32m✓[0m[32m✓[0m[32m✓[0m[32m✓[0m[32m✓[0m  [2m[2230/4419 - 3457 tests/sec][0m[32m✓[0m[32m✓[0m[31m✖[0m[31m✖[0m[31m✖[0m[31m✖[0m[31m✖[0m[31m✖[0m[31m✖[0m[31m✖[0m[31m✖[0m  [2m[2241/4419 - 2441 tests/sec][0m[32m✓[0m[32m✓[0m[32m✓[0m[32m✓[0m[32m✓[0m[32m✓[0m[31m✖[0m[31m✖[0m[31m✖[0m[31m✖[0m[31m✖[0m[31m✖[0m[31m✖[0m[31m✖[0m[31m✖[0m[31m✖[0m[31m✖[0m[31m✖[0m[31m✖[0m[31m✖[0m[31m✖[0m[31m✖[0m[31m✖[0m[31m✖[0m[31m✖[0m  [2m[2266/4419 - 2338 tests/sec][0m[31m✖[0m[31m✖[0m[31m✖[0m[31m✖[0m  [2m[2270/4419 - 2217 tests/sec][0m[31m✖[0m[31m✖[0m[31m✖[0m[31m✖[0m  [2m[2274/4419 - 2108 tests/sec][0m[31m✖[0m[31m✖[0m[31m✖[0m[31m✖[0m[31m✖[0m[31m✖[0m[31m✖[0m[31m✖[0m[31m✖[0m[31m✖[0m[31m✖[0m[31m✖[0m[31m✖[0m[31m✖[0m[31m✖[0m[31m✖[0m[31m✖[0m[31m✖[0m[31m✖[0m[31m✖[0m[31m✖[0m[31m✖[0m[31m✖[0m[31m✖[0m[31m✖[0m[31m✖[0m
[31m✖[0m[31m✖[0m[31m✖[0m[31m✖[0m[31m✖[0m[31m✖[0m[31m✖[0m[31m✖[0m[31m✖[0m  [2m[2309/4419 - 2038 tests/sec][0m[31m✖[0m  [2m[2310/4419 - 1943 tests/sec][0m[31m✖[0m[31m✖[0m  [2m[2312/4419 - 1860 tests/sec][0m[31m✖[0m[31m✖[0m[31m✖[0m[31m✖[0m[31m✖[0m[31m✖[0m[31m✖[0m[31m✖[0m[31m✖[0m[31m✖[0m[31m✖[0m[31m✖[0m[31m✖[0m[31m✖[0m[31m✖[0m[31m✖[0m[31m✖[0m[31m✖[0m[31m✖[0m[31m✖[0m  [2m[2332/4419 - 1802 tests/sec][0m[31m✖[0m  [2m[2333/4419 - 1729 tests/sec][0m[31m✖[0m[31m✖[0m[31m✖[0m[31m✖[0m[31m✖[0m[31m✖[0m[31m✖[0m[31m✖[0m[31m✖[0m[31m✖[0m[31m✖[0m  [2m[2344/4419 - 1668 tests/sec][0m[31m✖[0m[31m✖[0m[31m✖[0m[31m✖[0m[31m✖[0m[31m✖[0m[31m✖[0m[31m✖[0m[31m✖[0m[31m✖[0m[31m✖[0m[31m✖[0m[31m✖[0m[31m✖[0m[31m✖[0m[31m✖[0m[31m✖[0m[31m✖[0m[31m✖[0m[31m✖[0m[31m✖[0m[31m✖[0m[31m✖[0m[31m✖[0m[31m✖[0m[31m✖[0m[31m✖[0m[31m✖[0m[31m✖[0m  [2m[2373/4419 - 1629 tests/sec][0m[31m✖[0m[31m✖[0m[31m✖[0m[31m✖[0m[31m✖[0m[31m✖[0m  [2m[2379/4419 - 1575 tests/sec][0m[31m✖[0m  [2m[2380/4419 - 1524 tests/sec][0m[31m✖[0m[31m✖[0m[31m✖[0m[31m✖[0m[31m✖[0m[31m✖[0m[31m✖[0m[31m✖[0m[31m✖[0m[31m✖[0m[31m✖[0m[31m✖[0m[31m✖[0m[31m✖[0m  [2m[2394/4419 - 1483 tests/sec][0m[31m✖[0m[31m✖[0m[31m✖[0m[31m✖[0m  [2m[2398/4419 - 1437 tests/sec][0m[31m✖[0m[31m✖[0m
  [2m[2400/4419 - 1396 tests/sec][0m[31m✖[0m[31m✖[0m[31m✖[0m[31m✖[0m[31m✖[0m[31m✖[0m[31m✖[0m[31m✖[0m[31m✖[0m[31m✖[0m[31m✖[0m[31m✖[0m[31m✖[0m[31m✖[0m[31m✖[0m[31m✖[0m[31m✖[0m[31m✖[0m[31m✖[0m[31m✖[0m  [2m[2420/4419 - 1365 tests/sec][0m[31m✖[0m[31m✖[0m[31m✖[0m[31m✖[0m  [2m[2424/4419 - 1327 tests/sec][0m[31m✖[0m  [2m[2425/4419 - 1291 tests/sec][0m[31m✖[0m[31m✖[0m[31m✖[0m[31m✖[0m[31m✖[0m[31m✖[0m[31m✖[0m[31m✖[0m[31m✖[0m[31m✖[0m[31m✖[0m[31m✖[0m[31m✖[0m[31m✖[0m  [2m[2439/4419 - 1264 tests/sec][0m[31m✖[0m[31m✖[0m[31m✖[0m[31m✖[0m[31m✖[0m[31m✖[0m[31m✖[0m[31m✖[0m[31m✖[0m[31m✖[0m[31m✖[0m[31m✖[0m[31m✖[0m  [2m[2452/4419 - 1235 tests/sec][0m[31m✖[0m[31m✖[0m[31m✖[0m[31m✖[0m  [2m[2456/4419 - 1205 tests/sec][0m[31m✖[0m[31m✖[0m[31m✖[0m[31m✖[0m[31m✖[0m[31m✖[0m[31m✖[0m[31m✖[0m[31m✖[0m[31m✖[0m[31m✖[0m[31m✖[0m[31m✖[0m[31m✖[0m[31m✖[0m[31m✖[0m  [2m[2472/4419 - 1181 tests/sec][0m[31m✖[0m[31m✖[0m[31m✖[0m[31m✖[0m[31m✖[0m[31m✖[0m[31m✖[0m[31m✖[0m[31m✖[0m[31m✖[0m[31m✖[0m[31m✖[0m[31m✖[0m[31m✖[0m[31m✖[0m[31m✖[0m[31m✖[0m[31m✖[0m[31m✖[0m[31m✖[0m[31m✖[0m[31m✖[0m[31m✖[0m[31m✖[0m[31m✖[0m[31m✖[0m[31m✖[0m[31m✖[0m
[31m✖[0m  [2m[2501/4419 - 1165 tests/sec][0m[31m✖[0m  [2m[2502/4419 - 1137 tests/sec][0m[31m✖[0m[31m✖[0m[31m✖[0m[31m✖[0m[31m✖[0m[31m✖[0m[31m✖[0m[31m✖[0m[31m✖[0m[31m✖[0m[31m✖[0m[31m✖[0m[31m✖[0m[31m✖[0m[31m✖[0m[31m✖[0m[31m✖[0m[31m✖[0m[31m✖[0m[31m✖[0m  [2m[2522/4419 - 1118 tests/sec][0m[31m✖[0m[31m✖[0m[31m✖[0m[31m✖[0m[31m✖[0m[31m✖[0m[31m✖[0m[31m✖[0m[31m✖[0m[31m✖[0m[31m✖[0m[31m✖[0m[31m✖[0m[31m✖[0m[31m✖[0m[31m✖[0m[31m✖[0m[31m✖[0m[31m✖[0m[31m✖[0m  [2m[2542/4419 - 1101 tests/sec][0m[31m✖[0m[31m✖[0m[31m✖[0m[31m✖[0m[31m✖[0m[31m✖[0m  [2m[2548/4419 - 1076 tests/sec][0m[31m✖[0m[31m✖[0m[31m✖[0m[31m✖[0m[31m✖[0m[31m✖[0m[31m✖[0m[31m✖[0m[31m✖[0m[31m✖[0m[31m✖[0m[31m✖[0m[31m✖[0m[31m✖[0m[31m✖[0m[31m✖[0m  [2m[2564/4419 - 1059 tests/sec][0m[31m✖[0m[31m✖[0m[31m✖[0m  [2m[2567/4419 - 1038 tests/sec][0m[31m✖[0m[31m✖[0m  [2m[2569/4419 - 1015 tests/sec][0m[31m✖[0m[31m✖[0m[31m✖[0m[31m✖[0m[31m✖[0m[31m✖[0m[31m✖[0m[31m✖[0m  [2m[2577/4419 - 997 tests/sec][0m[31m✖[0m[31m✖[0m[31m✖[0m[31m✖[0m  [2m[2581/4419 - 978 tests/sec][0m[31m✖[0m[31m✖[0m[31m✖[0m  [2m[2584/4419 - 959 tests/sec][0m[31m✖[0m[31m✖[0m[31m✖[0m[31m✖[0m[31m✖[0m[31m✖[0m[31m✖[0m[31m✖[0m[31m✖[0m[31m✖[0m  [2m[2594/4419 - 943 tests/sec][0m[31m✖[0m[31m✖[0m[31m✖[0m[31m✖[0m[31m✖[0m[31m✖[0m
[31m✖[0m[31m✖[0m[31m✖[0m  [2m[2603/4419 - 928 tests/sec][0m[31m✖[0m[31m✖[0m[31m✖[0m[31m✖[0m[31m✖[0m[31m✖[0m[31m✖[0m  [2m[2609/4419 - 912 tests/sec][0m[31m✖[0m[31m✖[0m[31m✖[0m[31m✖[0m[31m✖[0m[31m✖[0m[31m✖[0m[31m✖[0m[31m✖[0m[31m✖[0m[31m✖[0m[31m✖[0m[31m✖[0m[31m✖[0m[31m✖[0m[31m✖[0m[31m✖[0m  [2m[2627/4419 - 902 tests/sec][0m[31m✖[0m[31m✖[0m[31m✖[0m[31m✖[0m[31m✖[0m[31m✖[0m[31m✖[0m[31m✖[0m[31m✖[0m[31m✖[0m[31m✖[0m[31m✖[0m[31m✖[0m[31m✖[0m[31m✖[0m[31m✖[0m[31m✖[0m[31m✖[0m[31m✖[0m[31m✖[0m  [2m[2647/4419 - 893 tests/sec][0m[31m✖[0m[31m✖[0m[31m✖[0m[31m✖[0m[31m✖[0m[31m✖[0m[31m✖[0m[31m✖[0m[31m✖[0m[31m✖[0m[31m✖[0m[31m✖[0m[31m✖[0m[31m✖[0m[31m✖[0m[31m✖[0m[31m✖[0m[31m✖[0m[31m✖[0m[31m✖[0m[31m✖[0m[31m✖[0m[31m✖[0m[31m✖[0m[31m✖[0m[31m✖[0m[31m✖[0m[31m✖[0m[31m✖[0m[31m✖[0m[31m✖[0m[31m✖[0m[31m✖[0m[31m✖[0m[31m✖[0m[31m✖[0m[31m✖[0m[31m✖[0m[31m✖[0m[31m✖[0m[31m✖[0m[31m✖[0m[31m✖[0m[31m✖[0m[31m✖[0m[31m✖[0m[31m✖[0m[31m✖[0m[31m✖[0m[31m✖[0m[31m✖[0m[31m✖[0m[31m✖[0m
[31m✖[0m  [2m[2698/4419 - 894 tests/sec][0m[31m✖[0m[31m✖[0m[31m✖[0m[31m✖[0m[31m✖[0m[31m✖[0m[31m✖[0m[31m✖[0m[31m✖[0m[31m✖[0m  [2m[2711/4419 - 883 tests/sec][0m[31m✖[0m[31m✖[0m[31m✖[0m[31m✖[0m[31m✖[0m[31m✖[0m[31m✖[0m  [2m[2718/4419 - 871 tests/sec][0m[31m✖[0m[31m✖[0m[31m✖[0m[31m✖[0m[31m✖[0m[31m✖[0m[31m✖[0m[31m✖[0m  [2m[2726/4419 - 858 tests/sec][0m[31m✖[0m[31m✖[0m[31m✖[0m[31m✖[0m[31m✖[0m[31m✖[0m[31m✖[0m[31m✖[0m[31m✖[0m[31m✖[0m[31m✖[0m[31m✖[0m[31m✖[0m[31m✖[0m[31m✖[0m[31m✖[0m[31m✖[0m  [2m[2743/4419 - 849 tests/sec][0m[31m✖[0m[31m✖[0m[31m✖[0m[31m✖[0m[31m✖[0m[31m✖[0m[31m✖[0m[31m✖[0m[31m✖[0m  [2m[2752/4419 - 838 tests/sec][0m[31m✖[0m[31m✖[0m[31m✖[0m[31m✖[0m[31m✖[0m[31m✖[0m[31m✖[0m[31m✖[0m[31m✖[0m[31m✖[0m[31m✖[0m[31m✖[0m[31m✖[0m[31m✖[0m[31m✖[0m[31m✖[0m[31m✖[0m[31m✖[0m[31m✖[0m[31m✖[0m[31m✖[0m[31m✖[0m[31m✖[0m[31m✖[0m[31m✖[0m[31m✖[0m[31m✖[0m[31m✖[0m[31m✖[0m[31m✖[0m  [2m[2782/4419 - 833 tests/sec][0m[31m✖[0m[31m✖[0m[31m✖[0m[31m✖[0m[31m✖[0m[31m✖[0m[31m✖[0m[31m✖[0m[31m✖[0m[31m✖[0m[31m✖[0m[31m✖[0m[31m✖[0m[31m✖[0m[31m✖[0m[31m✖[0m[31m✖[0m[31m✖[0m
  [2m[2800/4419 - 825 tests/sec][0m[31m✖[0m[31m✖[0m[31m✖[0m[31m✖[0m[31m✖[0m[31m✖[0m[31m✖[0m[31m✖[0m[31m✖[0m[31m✖[0m  [2m[2810/4419 - 816 tests/sec][0m[31m✖[0m[31m✖[0m[31m✖[0m[31m✖[0m[31m✖[0m[31m✖[0m[31m✖[0m[31m✖[0m[31m✖[0m[31m✖[0m[31m✖[0m[31m✖[0m[31m✖[0m[31m✖[0m[31m✖[0m  [2m[2824/4419 - 808 tests/sec][0m[31m✖[0m[31m✖[0m[31m✖[0m[31m✖[0m[31m✖[0m[31m✖[0m[31m✖[0m  [2m[2832/4419 - 797 tests/sec][0m[31m✖[0m[31m✖[0m[31m✖[0m[31m✖[0m[31m✖[0m  [2m[2837/4419 - 787 tests/sec][0m[31m✖[0m[31m✖[0m[31m✖[0m[31m✖[0m  [2m[2841/4419 - 775 tests/sec][0m[31m✖[0m[31m✖[0m[31m✖[0m[31m✖[0m[31m✖[0m[31m✖[0m[31m✖[0m[31m✖[0m[31m✖[0m[31m✖[0m[31m✖[0m[31m✖[0m[31m✖[0m[31m✖[0m[31m✖[0m[31m✖[0m[31m✖[0m[31m✖[0m[31m✖[0m[31m✖[0m[31m✖[0m[31m✖[0m[31m✖[0m  [2m[2864/4419 - 770 tests/sec][0m[31m✖[0m[31m✖[0m  [2m[2866/4419 - 759 tests/sec][0m[31m✖[0m[31m✖[0m[31m✖[0m[31m✖[0m  [2m[2870/4419 - 750 tests/sec][0m[31m✖[0m[31m✖[0m[31m✖[0m[31m✖[0m[31m✖[0m  [2m[2875/4419 - 741 tests/sec][0m[31m✖[0m[31m✖[0m[31m✖[0m[31m✖[0m  [2m[2879/4419 - 721 tests/sec][0m[31m✖[0m[31m✖[0m[31m✖[0m[31m✖[0m[31m✖[0m[31m✖[0m[31m✖[0m[31m✖[0m[31m✖[0m[31m✖[0m[31m✖[0m[31m✖[0m[31m✖[0m[31m✖[0m  [2m[2893/4419 - 715 tests/sec][0m[31m✖[0m[31m✖[0m[31m✖[0m[31m✖[0m[31m✖[0m[31m✖[0m[31m✖[0m
[31m✖[0m  [2m[2901/4419 - 707 tests/sec][0m[31m✖[0m[31m✖[0m[31m✖[0m[31m✖[0m[31m✖[0m[31m✖[0m[31m✖[0m[31m✖[0m[31m✖[0m[31m✖[0m[31m✖[0m[31m✖[0m[31m✖[0m[31m✖[0m[31m✖[0m[31m✖[0m[31m✖[0m[31m✖[0m[31m✖[0m[31m✖[0m[31m✖[0m[31m✖[0m[31m✖[0m[31m✖[0m[31m✖[0m[31m✖[0m  [2m[2927/4419 - 704 tests/sec][0m[31m✖[0m[31m✖[0m[31m✖[0m[31m✖[0m[31m✖[0m[31m✖[0m[31m✖[0m[31m✖[0m[31m✖[0m[31m✖[0m[31m✖[0m[31m✖[0m[31m✖[0m[31m✖[0m[31m✖[0m[31m✖[0m[31m✖[0m[31m✖[0m[31m✖[0m[31m✖[0m[31m✖[0m[31m✖[0m[31m✖[0m[31m✖[0m[31m✖[0m[31m✖[0m[31m✖[0m[31m✖[0m[31m✖[0m[31m✖[0m[31m✖[0m[31m✖[0m[31m✖[0m[31m✖[0m[31m✖[0m  [2m[2962/4419 - 703 tests/sec][0m[31m✖[0m[31m✖[0m[31m✖[0m[31m✖[0m[31m✖[0m[31m✖[0m[31m✖[0m  [2m[2969/4419 - 696 tests/sec][0m[31m✖[0m[31m✖[0m[31m✖[0m[31m✖[0m[31m✖[0m[31m✖[0m[31m✖[0m[31m✖[0m[31m✖[0m[31m✖[0m[31m✖[0m[31m✖[0m[31m✖[0m[31m✖[0m[31m✖[0m  [2m[2984/4419 - 690 tests/sec][0m[31m✖[0m[31m✖[0m[31m✖[0m[31m✖[0m[31m✖[0m[31m✖[0m[31m✖[0m[31m✖[0m[31m✖[0m[31m✖[0m[31m✖[0m[31m✖[0m[31m✖[0m[31m✖[0m[31m✖[0m[31m✖[0m
[31m✖[0m[31m✖[0m[31m✖[0m[31m✖[0m[31m✖[0m[31m✖[0m[31m✖[0m[31m✖[0m[31m✖[0m[31m✖[0m[31m✖[0m[31m✖[0m[31m✖[0m  [2m[3013/4419 - 688 tests/sec][0m[31m✖[0m[31m✖[0m[31m✖[0m[31m✖[0m[31m✖[0m[31m✖[0m[31m✖[0m[31m✖[0m[31m✖[0m[31m✖[0m[31m✖[0m[31m✖[0m[31m✖[0m[31m✖[0m[31m✖[0m[31m✖[0m[31m✖[0m[31m✖[0m  [2m[3031/4419 - 685 tests/sec][0m[31m✖[0m[31m✖[0m[31m✖[0m[31m✖[0m[31m✖[0m[31m✖[0m[31m✖[0m[31m✖[0m[31m✖[0m[31m✖[0m[31m✖[0m[31m✖[0m[31m✖[0m[31m✖[0m[31m✖[0m[31m✖[0m  [2m[3046/4419 - 679 tests/sec][0m[31m✖[0m[31m✖[0m[31m✖[0m[31m✖[0m[31m✖[0m[31m✖[0m[31m✖[0m[31m✖[0m[31m✖[0m  [2m[3056/4419 - 673 tests/sec][0m[31m✖[0m[31m✖[0m[31m✖[0m[31m✖[0m[31m✖[0m[31m✖[0m[31m✖[0m[31m✖[0m[31m✖[0m[31m✖[0m[31m✖[0m[31m✖[0m[31m✖[0m[31m✖[0m[31m✖[0m[31m✖[0m  [2m[3072/4419 - 669 tests/sec][0m[31m✖[0m[31m✖[0m[31m✖[0m[31m✖[0m[31m✖[0m[31m✖[0m[31m✖[0m[31m✖[0m[31m✖[0m[31m✖[0m[31m✖[0m  [2m[3083/4419 - 663 tests/sec][0m[31m✖[0m[31m✖[0m[31m✖[0m[31m✖[0m[31m✖[0m[31m✖[0m[31m✖[0m[31m✖[0m[31m✖[0m[31m✖[0m[31m✖[0m[31m✖[0m[31m✖[0m[31m✖[0m[31m✖[0m[31m✖[0m[31m✖[0m
[31m✖[0m[31m✖[0m[31m✖[0m[31m✖[0m[31m✖[0m[31m✖[0m[31m✖[0m[31m✖[0m[31m✖[0m[31m✖[0m[31m✖[0m[31m✖[0m[31m✖[0m[31m✖[0m[31m✖[0m[31m✖[0m  [2m[3116/4419 - 663 tests/sec][0m[31m✖[0m[31m✖[0m[31m✖[0m[31m✖[0m[31m✖[0m[31m✖[0m[31m✖[0m[31m✖[0m[31m✖[0m[31m✖[0m[31m✖[0m[31m✖[0m[31m✖[0m[31m✖[0m[31m✖[0m[31m✖[0m[31m✖[0m[31m✖[0m[31m✖[0m[31m✖[0m[31m✖[0m[31m✖[0m[31m✖[0m[31m✖[0m[31m✖[0m[31m✖[0m[31m✖[0m[31m✖[0m[31m✖[0m[31m✖[0m[31m✖[0m[31m✖[0m[31m✖[0m[31m✖[0m[31m✖[0m  [2m[3151/4419 - 663 tests/sec][0m[31m✖[0m[31m✖[0m[31m✖[0m[31m✖[0m[31m✖[0m[31m✖[0m[31m✖[0m[31m✖[0m[31m✖[0m[31m✖[0m[31m✖[0m[31m✖[0m[31m✖[0m[31m✖[0m[31m✖[0m[31m✖[0m[31m✖[0m[31m✖[0m[31m✖[0m[31m✖[0m[31m✖[0m[31m✖[0m[31m✖[0m[31m✖[0m[31m✖[0m[31m✖[0m  [2m[3177/4419 - 660 tests/sec][0m[31m✖[0m[31m✖[0m[31m✖[0m[31m✖[0m[31m✖[0m[31m✖[0m[31m✖[0m[31m✖[0m[31m✖[0m[31m✖[0m[31m✖[0m[31m✖[0m[31m✖[0m[31m✖[0m[31m✖[0m[31m✖[0m[31m✖[0m[31m✖[0m[31m✖[0m[31m✖[0m[31m✖[0m[31m✖[0m[31m✖[0m
[31m✖[0m[31m✖[0m[31m✖[0m[31m✖[0m[31m✖[0m[31m✖[0m[31m✖[0m[31m✖[0m[31m✖[0m[31m✖[0m[31m✖[0m[31m✖[0m[31m✖[0m  [2m[3213/4419 - 660 tests/sec][0m[31m✖[0m[31m✖[0m[31m✖[0m[31m✖[0m[31m✖[0m[31m✖[0m[31m✖[0m[31m✖[0m[31m✖[0m[31m✖[0m[31m✖[0m[31m✖[0m[31m✖[0m[31m✖[0m[31m✖[0m[31m✖[0m[31m✖[0m[31m✖[0m[31m✖[0m[31m✖[0m[31m✖[0m[31m✖[0m[31m✖[0m[31m✖[0m[31m✖[0m[31m✖[0m[31m✖[0m[31m✖[0m[31m✖[0m[31m✖[0m[31m✖[0m[31m✖[0m[31m✖[0m[31m✖[0m[31m✖[0m[31m✖[0m[31m✖[0m[31m✖[0m[31m✖[0m[31m✖[0m[31m✖[0m[31m✖[0m[31m✖[0m[31m✖[0m[31m✖[0m[31m✖[0m[31m✖[0m  [2m[3260/4419 - 663 tests/sec][0m[31m✖[0m[31m✖[0m[31m✖[0m[31m✖[0m[31m✖[0m[31m✖[0m[31m✖[0m[31m✖[0m[31m✖[0m[31m✖[0m[31m✖[0m[31m✖[0m[31m✖[0m[31m✖[0m[31m✖[0m[31m✖[0m[31m✖[0m[31m✖[0m[31m✖[0m[31m✖[0m[31m✖[0m[31m✖[0m[31m✖[0m[31m✖[0m[31m✖[0m[31m✖[0m[31m✖[0m[31m✖[0m[31m✖[0m[31m✖[0m[31m✖[0m[31m✖[0m[31m✖[0m[31m✖[0m[31m✖[0m[31m✖[0m[31m✖[0m  [2m[3297/4419 - 663 tests/sec][0m[31m✖[0m[31m✖[0m[31m✖[0m
[31m✖[0m[31m✖[0m[31m✖[0m[31m✖[0m[31m✖[0m[31m✖[0m[31m✖[0m[31m✖[0m[31m✖[0m[31m✖[0m[31m✖[0m[31m✖[0m[31m✖[0m  [2m[3313/4419 - 659 tests/sec][0m[31m✖[0m[31m✖[0m[31m✖[0m[31m✖[0m[31m✖[0m[31m✖[0m[31m✖[0m[31m✖[0m[31m✖[0m[31m✖[0m[31m✖[0m[31m✖[0m[31m✖[0m[31m✖[0m[31m✖[0m[31m✖[0m[31m✖[0m[31m✖[0m[31m✖[0m[31m✖[0m[31m✖[0m[31m✖[0m[31m✖[0m[31m✖[0m[31m✖[0m[31m✖[0m[31m✖[0m[31m✖[0m[31m✖[0m[31m✖[0m[31m✖[0m[31m✖[0m[31m✖[0m[31m✖[0m[31m✖[0m[31m✖[0m[31m✖[0m[31m✖[0m  [2m[3351/4419 - 660 tests/sec][0m[31m✖[0m[31m✖[0m[31m✖[0m[31m✖[0m[31m✖[0m[31m✖[0m[31m✖[0m[31m✖[0m[31m✖[0m[31m✖[0m[31m✖[0m[31m✖[0m[31m✖[0m[31m✖[0m[31m✖[0m[31m✖[0m[31m✖[0m[31m✖[0m[31m✖[0m[31m✖[0m[31m✖[0m[31m✖[0m[31m✖[0m[31m✖[0m[31m✖[0m[31m✖[0m[31m✖[0m[31m✖[0m[31m✖[0m[31m✖[0m[31m✖[0m[31m✖[0m[31m✖[0m[31m✖[0m[31m✖[0m[31m✖[0m  [2m[3387/4419 - 659 tests/sec][0m[31m✖[0m[31m✖[0m[31m✖[0m[31m✖[0m[31m✖[0m[31m✖[0m[31m✖[0m[31m✖[0m[31m✖[0m[31m✖[0m[31m✖[0m[31m✖[0m[31m✖[0m
  [2m[3400/4419 - 655 tests/sec][0m[31m✖[0m[31m✖[0m[31m✖[0m[31m✖[0m[31m✖[0m[31m✖[0m[31m✖[0m[31m✖[0m[31m✖[0m[31m✖[0m[31m✖[0m[31m✖[0m[31m✖[0m[31m✖[0m[31m✖[0m[31m✖[0m[31m✖[0m[31m✖[0m[31m✖[0m[31m✖[0m[31m✖[0m[31m✖[0m[31m✖[0m[31m✖[0m[31m✖[0m[31m✖[0m[31m✖[0m[31m✖[0m[31m✖[0m[31m✖[0m[31m✖[0m[31m✖[0m[31m✖[0m[31m✖[0m[31m✖[0m[31m✖[0m  [2m[3436/4419 - 655 tests/sec][0m[31m✖[0m[31m✖[0m[31m✖[0m[31m✖[0m[31m✖[0m[31m✖[0m[31m✖[0m[31m✖[0m[31m✖[0m[31m✖[0m[31m✖[0m[31m✖[0m[31m✖[0m[31m✖[0m[31m✖[0m  [2m[3451/4419 - 651 tests/sec][0m[31m✖[0m[31m✖[0m  [2m[3453/4419 - 645 tests/sec][0m[31m✖[0m[31m✖[0m[31m✖[0m[31m✖[0m[31m✖[0m[31m✖[0m  [2m[3459/4419 - 640 tests/sec][0m[31m✖[0m[31m✖[0m[31m✖[0m[31m✖[0m[31m✖[0m[31m✖[0m  [2m[3465/4419 - 635 tests/sec][0m[31m✖[0m[31m✖[0m  [2m[3466/4419 - 628 tests/sec][0m[31m✖[0m[31m✖[0m[31m✖[0m[31m✖[0m[31m✖[0m[31m✖[0m[31m✖[0m[31m✖[0m[31m✖[0m[31m✖[0m[31m✖[0m  [2m[3478/4419 - 624 tests/sec][0m[31m✖[0m[31m✖[0m[31m✖[0m[31m✖[0m[31m✖[0m[31m✖[0m[31m✖[0m[31m✖[0m[31m✖[0m[31m✖[0m[31m✖[0m[31m✖[0m[31m✖[0m[31m✖[0m[31m✖[0m[31m✖[0m[31m✖[0m[31m✖[0m[31m✖[0m[31m✖[0m[31m✖[0m[31m✖[0m
[31m✖[0m[31m✖[0m[31m✖[0m[31m✖[0m[31m✖[0m[31m✖[0m[31m✖[0m  [2m[3507/4419 - 623 tests/sec][0m[31m✖[0m[31m✖[0m[31m✖[0m[31m✖[0m[31m✖[0m[31m✖[0m[31m✖[0m[31m✖[0m[31m✖[0m[31m✖[0m[31m✖[0m[31m✖[0m[31m✖[0m  [2m[3520/4419 - 620 tests/sec][0m[31m✖[0m[31m✖[0m[31m✖[0m[31m✖[0m[31m✖[0m[31m✖[0m[31m✖[0m[31m✖[0m[31m✖[0m[31m✖[0m[31m✖[0m[31m✖[0m[31m✖[0m[31m✖[0m[31m✖[0m[31m✖[0m  [2m[3536/4419 - 617 tests/sec][0m[31m✖[0m[31m✖[0m[31m✖[0m[31m✖[0m[31m✖[0m[31m✖[0m[31m✖[0m[31m✖[0m[31m✖[0m[31m✖[0m[31m✖[0m  [2m[3547/4419 - 613 tests/sec][0m[31m✖[0m[31m✖[0m[31m✖[0m[31m✖[0m[31m✖[0m[31m✖[0m[31m✖[0m[31m✖[0m[31m✖[0m[31m✖[0m[31m✖[0m[31m✖[0m[31m✖[0m[31m✖[0m[31m✖[0m  [2m[3560/4419 - 609 tests/sec][0m[31m✖[0m[31m✖[0m[31m✖[0m[31m✖[0m[31m✖[0m[31m✖[0m[31m✖[0m[31m✖[0m[31m✖[0m[31m✖[0m[31m✖[0m[31m✖[0m[31m✖[0m[31m✖[0m[31m✖[0m[31m✖[0m[31m✖[0m[31m✖[0m[31m✖[0m[31m✖[0m[31m✖[0m[31m✖[0m[31m✖[0m[31m✖[0m[31m✖[0m[31m✖[0m[31m✖[0m[31m✖[0m[31m✖[0m[31m✖[0m  [2m[3592/4419 - 609 tests/sec][0m[31m✖[0m[31m✖[0m[31m✖[0m[31m✖[0m  [2m[3596/4419 - 604 tests/sec][0m[31m✖[0m[31m✖[0m[31m✖[0m[31m✖[0m
[31m✖[0m[31m✖[0m[31m✖[0m[31m✖[0m[31m✖[0m  [2m[3605/4419 - 595 tests/sec][0m[31m✖[0m[31m✖[0m[31m✖[0m[31m✖[0m  [2m[3609/4419 - 590 tests/sec][0m[31m✖[0m[31m✖[0m[31m✖[0m[31m✖[0m[31m✖[0m[31m✖[0m[31m✖[0m[31m✖[0m[31m✖[0m[31m✖[0m  [2m[3619/4419 - 582 tests/sec][0m[31m✖[0m[31m✖[0m[31m✖[0m  [2m[3622/4419 - 577 tests/sec][0m[31m✖[0m[31m✖[0m[31m✖[0m[31m✖[0m[31m✖[0m[31m✖[0m[31m✖[0m[31m✖[0m[31m✖[0m[31m✖[0m[31m✖[0m  [2m[3633/4419 - 574 tests/sec][0m[31m✖[0m[31m✖[0m[31m✖[0m[31m✖[0m[31m✖[0m[31m✖[0m[31m✖[0m[31m✖[0m[31m✖[0m[31m✖[0m[31m✖[0m[31m✖[0m[31m✖[0m[31m✖[0m[31m✖[0m[31m✖[0m[31m✖[0m[31m✖[0m[31m✖[0m[31m✖[0m[31m✖[0m[31m✖[0m[31m✖[0m[31m✖[0m[31m✖[0m[31m✖[0m[31m✖[0m[31m✖[0m  [2m[3661/4419 - 573 tests/sec][0m[31m✖[0m[31m✖[0m  [2m[3663/4419 - 569 tests/sec][0m[31m✖[0m[31m✖[0m[31m✖[0m[31m✖[0m[31m✖[0m[31m✖[0m[31m✖[0m[31m✖[0m[31m✖[0m[31m✖[0m[31m✖[0m  [2m[3674/4419 - 566 tests/sec][0m[31m✖[0m[31m✖[0m[31m✖[0m[31m✖[0m[31m✖[0m[31m✖[0m[31m✖[0m[31m✖[0m[31m✖[0m[31m✖[0m[31m✖[0m[31m✖[0m[31m✖[0m[31m✖[0m[31m✖[0m[31m✖[0m[31m✖[0m[31m✖[0m[31m✖[0m[31m✖[0m[31m✖[0m[31m✖[0m[31m✖[0m[31m✖[0m[31m✖[0m[31m✖[0m
[31m✖[0m[31m✖[0m[31m✖[0m  [2m[3703/4419 - 565 tests/sec][0m[31m✖[0m[31m✖[0m[31m✖[0m[31m✖[0m[31m✖[0m[31m✖[0m  [2m[3709/4419 - 562 tests/sec][0m[31m✖[0m[31m✖[0m[31m✖[0m[31m✖[0m[31m✖[0m[31m✖[0m[31m✖[0m[31m✖[0m  [2m[3716/4419 - 558 tests/sec][0m[31m✖[0m[31m✖[0m[31m✖[0m[31m✖[0m[31m✖[0m[31m✖[0m[31m✖[0m[31m✖[0m[31m✖[0m[31m✖[0m[31m✖[0m[31m✖[0m[31m✖[0m[31m✖[0m[31m✖[0m[31m✖[0m[31m✖[0m[31m✖[0m[31m✖[0m[31m✖[0m[31m✖[0m[31m✖[0m[31m✖[0m[31m✖[0m[31m✖[0m[31m✖[0m[31m✖[0m[31m✖[0m[31m✖[0m[31m✖[0m[31m✖[0m[31m✖[0m[31m✖[0m[31m✖[0m[31m✖[0m[31m✖[0m[31m✖[0m[31m✖[0m[31m✖[0m[31m✖[0m[31m✖[0m  [2m[3758/4419 - 560 tests/sec][0m[31m✖[0m[31m✖[0m[31m✖[0m[31m✖[0m[31m✖[0m[31m✖[0m[31m✖[0m[31m✖[0m[31m✖[0m[31m✖[0m[31m✖[0m[31m✖[0m[31m✖[0m[31m✖[0m[31m✖[0m[31m✖[0m[31m✖[0m[31m✖[0m[31m✖[0m[31m✖[0m[31m✖[0m[31m✖[0m[31m✖[0m  [2m[3780/4419 - 558 tests/sec][0m[31m✖[0m[31m✖[0m[31m✖[0m[31m✖[0m[31m✖[0m[31m✖[0m[31m✖[0m[31m✖[0m[31m✖[0m[31m✖[0m[31m✖[0m[31m✖[0m[31m✖[0m[31m✖[0m[31m✖[0m[31m✖[0m[31m✖[0m[31m✖[0m[31m✖[0m
[31m✖[0m[31m✖[0m[31m✖[0m[31m✖[0m[31m✖[0m[31m✖[0m[31m✖[0m[31m✖[0m[31m✖[0m[31m✖[0m[31m✖[0m  [2m[3811/4419 - 558 tests/sec][0m[31m✖[0m[31m✖[0m[31m✖[0m[31m✖[0m[31m✖[0m[31m✖[0m[31m✖[0m[31m✖[0m  [2m[3819/4419 - 555 tests/sec][0m[31m✖[0m[31m✖[0m[31m✖[0m[31m✖[0m[31m✖[0m[31m✖[0m[31m✖[0m[31m✖[0m[31m✖[0m[31m✖[0m[31m✖[0m[31m✖[0m  [2m[3831/4419 - 552 tests/sec][0m[31m✖[0m[31m✖[0m[31m✖[0m[31m✖[0m[31m✖[0m[31m✖[0m  [2m[3837/4419 - 549 tests/sec][0m[31m✖[0m[31m✖[0m[31m✖[0m[31m✖[0m[31m✖[0m[31m✖[0m[31m✖[0m[31m✖[0m[31m✖[0m[31m✖[0m[31m✖[0m[31m✖[0m[31m✖[0m[31m✖[0m[31m✖[0m[31m✖[0m[31m✖[0m[31m✖[0m[31m✖[0m[31m✖[0m  [2m[3857/4419 - 548 tests/sec][0m[31m✖[0m[31m✖[0m[31m✖[0m[31m✖[0m[31m✖[0m[31m✖[0m[31m✖[0m[31m✖[0m[31m✖[0m[31m✖[0m[31m✖[0m[31m✖[0m[31m✖[0m[31m✖[0m[31m✖[0m[31m✖[0m[31m✖[0m[31m✖[0m  [2m[3875/4419 - 546 tests/sec][0m[31m✖[0m[31m✖[0m[31m✖[0m[31m✖[0m  [2m[3879/4419 - 543 tests/sec][0m[31m✖[0m[31m✖[0m[31m✖[0m[31m✖[0m[31m✖[0m[31m✖[0m[31m✖[0m[31m✖[0m[31m✖[0m[31m✖[0m[31m✖[0m  [2m[3890/4419 - 540 tests/sec][0m[31m✖[0m[31m✖[0m[31m✖[0m[31m✖[0m[31m✖[0m[31m✖[0m[31m✖[0m[31m✖[0m[31m✖[0m[31m✖[0m
[31m✖[0m[31m✖[0m[31m✖[0m  [2m[3903/4419 - 538 tests/sec][0m[31m✖[0m[31m✖[0m[31m✖[0m[31m✖[0m[31m✖[0m[31m✖[0m[31m✖[0m[31m✖[0m  [2m[3911/4419 - 535 tests/sec][0m[31m✖[0m[31m✖[0m[31m✖[0m[31m✖[0m[31m✖[0m[31m✖[0m[31m✖[0m[31m✖[0m[31m✖[0m[31m✖[0m  [2m[3921/4419 - 533 tests/sec][0m[31m✖[0m[31m✖[0m[31m✖[0m  [2m[3924/4419 - 525 tests/sec][0m[31m✖[0m[31m✖[0m[31m✖[0m[31m✖[0m[31m✖[0m[31m✖[0m[31m✖[0m[31m✖[0m[31m✖[0m[31m✖[0m[31m✖[0m[31m✖[0m[31m✖[0m[31m✖[0m[31m✖[0m[31m✖[0m[31m✖[0m[31m✖[0m[31m✖[0m[31m✖[0m[31m✖[0m[31m✖[0m  [2m[3946/4419 - 525 tests/sec][0m[31m✖[0m[31m✖[0m[31m✖[0m[31m✖[0m[31m✖[0m  [2m[3951/4419 - 522 tests/sec][0m[31m✖[0m[31m✖[0m[31m✖[0m[31m✖[0m[31m✖[0m[31m✖[0m[31m✖[0m[31m✖[0m[31m✖[0m[31m✖[0m[31m✖[0m[31m✖[0m[31m✖[0m[31m✖[0m[31m✖[0m  [2m[3966/4419 - 520 tests/sec][0m[31m✖[0m[31m✖[0m[31m✖[0m[31m✖[0m  [2m[3970/4419 - 517 tests/sec][0m[31m✖[0m[31m✖[0m[31m✖[0m[31m✖[0m  [2m[3974/4419 - 514 tests/sec][0m[31m✖[0m[31m✖[0m[31m✖[0m[31m✖[0m[31m✖[0m[31m✖[0m[31m✖[0m[31m✖[0m[31m✖[0m[31m✖[0m[31m✖[0m  [2m[3985/4419 - 512 tests/sec][0m[31m✖[0m[31m✖[0m[31m✖[0m[31m✖[0m[31m✖[0m[31m✖[0m[31m✖[0m[31m✖[0m  [2m[3993/4419 - 509 tests/sec][0m[31m✖[0m[31m✖[0m[31m✖[0m[31m✖[0m[31m✖[0m  [2m[3997/4419 - 506 tests/sec][0m[31m✖[0m[31m✖[0m
[31m✖[0m[31m✖[0m[31m✖[0m[31m✖[0m[31m✖[0m[31m✖[0m  [2m[4006/4419 - 504 tests/sec][0m[31m✖[0m[31m✖[0m[31m✖[0m[31m✖[0m[31m✖[0m[31m✖[0m  [2m[4012/4419 - 501 tests/sec][0m[31m✖[0m[31m✖[0m[31m✖[0m[31m✖[0m[31m✖[0m[31m✖[0m[31m✖[0m[31m✖[0m[31m✖[0m[31m✖[0m  [2m[4021/4419 - 499 tests/sec][0m[31m✖[0m[31m✖[0m[31m✖[0m[31m✖[0m[31m✖[0m[31m✖[0m[31m✖[0m[31m✖[0m[31m✖[0m[31m✖[0m[31m✖[0m[31m✖[0m[31m✖[0m[31m✖[0m[31m✖[0m[31m✖[0m[31m✖[0m[31m✖[0m[31m✖[0m[31m✖[0m[31m✖[0m[31m✖[0m[31m✖[0m[31m✖[0m[31m✖[0m[31m✖[0m[31m✖[0m[31m✖[0m[31m✖[0m[31m✖[0m[31m✖[0m[31m✖[0m[31m✖[0m[31m✖[0m[31m✖[0m[31m✖[0m[31m✖[0m[31m✖[0m[31m✖[0m[31m✖[0m[31m✖[0m[31m✖[0m  [2m[4064/4419 - 501 tests/sec][0m[31m✖[0m[31m✖[0m[31m✖[0m[31m✖[0m[31m✖[0m[31m✖[0m[31m✖[0m[31m✖[0m[31m✖[0m[31m✖[0m[31m✖[0m[31m✖[0m[31m✖[0m[31m✖[0m[31m✖[0m[31m✖[0m[31m✖[0m[31m✖[0m[31m✖[0m[31m✖[0m[31m✖[0m[31m✖[0m[31m✖[0m[31m✖[0m[31m✖[0m[31m✖[0m[31m✖[0m[31m✖[0m[31m✖[0m[31m✖[0m[31m✖[0m[31m✖[0m[31m✖[0m[31m✖[0m[31m✖[0m[31m✖[0m
[31m✖[0m[31m✖[0m  [2m[4102/4419 - 502 tests/sec][0m[31m✖[0m[31m✖[0m[31m✖[0m[31m✖[0m[31m✖[0m[31m✖[0m[31m✖[0m  [2m[4109/4419 - 496 tests/sec][0m[31m✖[0m[31m✖[0m[31m✖[0m[31m✖[0m[31m✖[0m[31m✖[0m[31m✖[0m[31m✖[0m[31m✖[0m[31m✖[0m[31m✖[0m[31m✖[0m[31m✖[0m[31m✖[0m[31m✖[0m[31m✖[0m[31m✖[0m  [2m[4125/4419 - 495 tests/sec][0m[31m✖[0m[31m✖[0m[31m✖[0m[31m✖[0m[31m✖[0m[31m✖[0m[31m✖[0m[31m✖[0m[31m✖[0m[31m✖[0m[31m✖[0m[31m✖[0m[31m✖[0m[31m✖[0m[31m✖[0m[31m✖[0m[31m✖[0m  [2m[4143/4419 - 494 tests/sec][0m[31m✖[0m[31m✖[0m[31m✖[0m[31m✖[0m[31m✖[0m  [2m[4148/4419 - 491 tests/sec][0m[31m✖[0m[31m✖[0m[31m✖[0m  [2m[4151/4419 - 489 tests/sec][0m[31m✖[0m[31m✖[0m[31m✖[0m[31m✖[0m[31m✖[0m[31m✖[0m[31m✖[0m  [2m[4158/4419 - 486 tests/sec][0m[31m✖[0m[31m✖[0m[31m✖[0m[31m✖[0m[31m✖[0m  [2m[4163/4419 - 484 tests/sec][0m[31m✖[0m[31m✖[0m[31m✖[0m[31m✖[0m[31m✖[0m[31m✖[0m[31m✖[0m[31m✖[0m[31m✖[0m[31m✖[0m[31m✖[0m[31m✖[0m[31m✖[0m[31m✖[0m[31m✖[0m[31m✖[0m[31m✖[0m[31m✖[0m[31m✖[0m[31m✖[0m[31m✖[0m[31m✖[0m[31m✖[0m[31m✖[0m[31m✖[0m[31m✖[0m[31m✖[0m[31m✖[0m[31m✖[0m[31m✖[0m[31m✖[0m[31m✖[0m[31m✖[0m[31m✖[0m[31m✖[0m[31m✖[0m[31m✖[0m
[31m✖[0m  [2m[4201/4419 - 485 tests/sec][0m[31m✖[0m[31m✖[0m[31m✖[0m[31m✖[0m[31m✖[0m[31m✖[0m[31m✖[0m[31m✖[0m[31m✖[0m[31m✖[0m[31m✖[0m[31m✖[0m[31m✖[0m  [2m[4214/4419 - 483 tests/sec][0m[31m✖[0m[31m✖[0m[31m✖[0m  [2m[4217/4419 - 481 tests/sec][0m[31m✖[0m[31m✖[0m[31m✖[0m[31m✖[0m[31m✖[0m[31m✖[0m[31m✖[0m  [2m[4224/4419 - 476 tests/sec][0m[31m✖[0m[31m✖[0m[31m✖[0m[31m✖[0m[31m✖[0m[31m✖[0m[31m✖[0m  [2m[4231/4419 - 473 tests/sec][0m[31m✖[0m[31m✖[0m  [2m[4233/4419 - 471 tests/sec][0m[31m✖[0m[31m✖[0m[31m✖[0m[31m✖[0m[31m✖[0m[31m✖[0m[31m✖[0m  [2m[4240/4419 - 469 tests/sec][0m[31m✖[0m[31m✖[0m[31m✖[0m[31m✖[0m[31m✖[0m[31m✖[0m[31m✖[0m[31m✖[0m[31m✖[0m[31m✖[0m[31m✖[0m[31m✖[0m[31m✖[0m[31m✖[0m[31m✖[0m  [2m[4255/4419 - 468 tests/sec][0m[31m✖[0m[31m✖[0m[31m✖[0m[31m✖[0m[31m✖[0m  [2m[4260/4419 - 465 tests/sec][0m[31m✖[0m[31m✖[0m[31m✖[0m[31m✖[0m[31m✖[0m[31m✖[0m[31m✖[0m[31m✖[0m[31m✖[0m[31m✖[0m  [2m[4270/4419 - 464 tests/sec][0m[31m✖[0m[31m✖[0m[31m✖[0m[31m✖[0m[31m✖[0m[31m✖[0m  [2m[4276/4419 - 462 tests/sec][0m[31m✖[0m[31m✖[0m[31m✖[0m[31m✖[0m[31m✖[0m[31m✖[0m[31m✖[0m  [2m[4283/4419 - 460 tests/sec][0m[31m✖[0m[31m✖[0m[31m✖[0m[31m✖[0m[31m✖[0m[31m✖[0m  [2m[4289/4419 - 458 tests/sec][0m[31m✖[0m[31m✖[0m[31m✖[0m[31m✖[0m[31m✖[0m[31m✖[0m[31m✖[0m[31m✖[0m[31m✖[0m  [2m[4298/4419 - 456 tests/sec][0m[31m✖[0m[31m✖[0m
[31m✖[0m[31m✖[0m[31m✖[0m[31m✖[0m  [2m[4304/4419 - 451 tests/sec][0m[31m✖[0m[31m✖[0m[31m✖[0m[31m✖[0m[31m✖[0m[31m✖[0m[31m✖[0m[31m✖[0m[31m✖[0m[31m✖[0m[31m✖[0m[31m✖[0m[31m✖[0m[31m✖[0m[31m✖[0m[31m✖[0m[31m✖[0m  [2m[4321/4419 - 450 tests/sec][0m[31m✖[0m[31m✖[0m[31m✖[0m  [2m[4324/4419 - 448 tests/sec][0m[31m✖[0m[31m✖[0m[31m✖[0m[31m✖[0m[31m✖[0m  [2m[4329/4419 - 446 tests/sec][0m[31m✖[0m[31m✖[0m[31m✖[0m[31m✖[0m[31m✖[0m[31m✖[0m[31m✖[0m[31m✖[0m[31m✖[0m  [2m[4338/4419 - 444 tests/sec][0m[31m✖[0m[31m✖[0m[31m✖[0m  [2m[4341/4419 - 442 tests/sec][0m[31m✖[0m[31m✖[0m[31m✖[0m  [2m[4344/4419 - 440 tests/sec][0m[31m✖[0m[31m✖[0m[31m✖[0m[31m✖[0m[31m✖[0m[31m✖[0m[31m✖[0m[31m✖[0m[31m✖[0m[31m✖[0m[31m✖[0m[31m✖[0m[31m✖[0m[31m✖[0m[31m✖[0m[31m✖[0m[31m✖[0m[31m✖[0m[31m✖[0m[31m✖[0m[31m✖[0m[31m✖[0m[31m✖[0m[31m✖[0m[31m✖[0m[31m✖[0m[31m✖[0m[31m✖[0m[31m✖[0m[31m✖[0m[31m✖[0m[31m✖[0m[31m✖[0m[31m✖[0m[31m✖[0m[31m✖[0m[31m✖[0m[31m✖[0m[31m✖[0m[31m✖[0m[31m✖[0m[31m✖[0m[31m✖[0m[31m✖[0m[31m✖[0m[31m✖[0m[31m✖[0m[31m✖[0m[31m✖[0m[31m✖[0m  [2m[4394/4419 - 443 tests/sec][0m[31m✖[0m[31m✖[0m[31m✖[0m[31m✖[0m[31m✖[0m[31m✖[0m
[31m✖[0m  [2m[4401/4419 - 441 tests/sec][0m[31m✖[0m[31m✖[0m[31m✖[0m[31m✖[0m  [2m[4405/4419 - 439 tests/sec][0m[31m✖[0m[31m✖[0m[31m✖[0m[31m✖[0m[31m✖[0m[31m✖[0m[31m✖[0m[31m✖[0m[31m✖[0m  [2m[4414/4419 - 438 tests/sec][0m[31m✖[0m[31m✖[0m[31m✖[0m[31m✖[0m  [2m[4418/4419 - 436 tests/sec][0m

[2m─────────────────────────────────────────[0m
 [1mTest Results[0m
[2m─────────────────────────────────────────[0m

 [41m[37m FAIL [0m [37massembler[0m [31m1 failed[0m [2m|[0m [32m1 passed[0m [90m9.83 ms[0m
   [32m✓[0m compile simple assembly
   [31m✖[0m compile { } format assembly
 [41m[37m FAIL [0m [37mgenerated_state.stAttackTest.ContractCreationSpamFiller[0m [31m1 failed[0m [33m41.19 s[0m
   [31m✖[0m ContractCreationSpam
 [41m[37m FAIL [0m [37mgenerated_state.stAttackTest.CrashingTransactionFiller[0m [31m1 failed[0m [90m369.65 ms[0m
   [31m✖[0m CrashingTransaction
 [32m✓[0m [2mgenerated_state.stBadOpcode.eip2315NotRemovedFiller[0m [32m(1)[0m [90m4.70 ms[0m
   [32m✓[0m eip2315NotRemoved
 [32m✓[0m [2mgenerated_state.stBugs.randomStatetestDEFAULT-Tue_07_58_41-15153-575192Filler[0m [32m(1)[0m [90m4.41 ms[0m
   [32m✓[0m randomStatetestDEFAULT_Tue_07_58_41_15153_575192
 [32m✓[0m [2mgenerated_state.stBugs.randomStatetestDEFAULT-Tue_07_58_41-15153-575192_londonFiller[0m [32m(1)[0m [90m4.48 ms[0m
   [32m✓[0m randomStatetestDEFAULT_Tue_07_58_41_15153_575192_london
 [32m✓[0m [2mgenerated_state.stBugs.returndatacopyPythonBug_Tue_03_48_41-1432Filler[0m [32m(1)[0m [90m4.53 ms[0m
   [32m✓[0m returndatacopyPythonBug_Tue_03_48_41_1432
 [32m✓[0m [2mgenerated_state.stBugs.staticcall_createfailsFiller[0m [32m(1)[0m [90m5.16 ms[0m
   [32m✓[0m staticcall_createfails
 [41m[37m FAIL [0m [37mgenerated_state.stCallCodes.call_OOG_additionalGasCosts1Filler[0m [31m1 failed[0m [90m305.88 ms[0m
   [31m✖[0m call_OOG_additionalGasCosts1
 [32m✓[0m [2mgenerated_state.stCallCodes.call_OOG_additionalGasCosts2Filler[0m [32m(1)[0m [90m4.48 ms[0m
   [32m✓[0m call_OOG_additionalGasCosts2
 [41m[37m FAIL [0m [37mgenerated_state.stCallCodes.callcall_00Filler[0m [31m1 failed[0m [90m304.93 ms[0m
   [31m✖[0m callcall_00
 [32m✓[0m [2mgenerated_state.stCallCodes.callcall_00_OOGEFiller[0m [32m(1)[0m [90m5.00 ms[0m
   [32m✓[0m callcall_00_OOGE
 [32m✓[0m [2mgenerated_state.stCallCodes.callcall_00_OOGE_valueTransferFiller[0m [32m(1)[0m [90m7.87 ms[0m
   [32m✓[0m callcall_00_OOGE_valueTransfer
 [41m[37m FAIL [0m [37mgenerated_state.stCallCodes.callcall_00_SuicideEndFiller[0m [31m1 failed[0m [90m298.99 ms[0m
   [31m✖[0m callcall_00_SuicideEnd
 [41m[37m FAIL [0m [37mgenerated_state.stCallCodes.callcallcall_000Filler[0m [31m1 failed[0m [90m299.60 ms[0m
   [31m✖[0m callcallcall_000
 [32m✓[0m [2mgenerated_state.stCallCodes.callcallcall_000_OOGEFiller[0m [32m(1)[0m [90m5.07 ms[0m
   [32m✓[0m callcallcall_000_OOGE
 [32m✓[0m [2mgenerated_state.stCallCodes.callcallcall_000_OOGMAfterFiller[0m [32m(1)[0m [90m7.77 ms[0m
   [32m✓[0m callcallcall_000_OOGMAfter
 [32m✓[0m [2mgenerated_state.stCallCodes.callcallcall_000_OOGMBeforeFiller[0m [32m(1)[0m [90m5.40 ms[0m
   [32m✓[0m callcallcall_000_OOGMBefore
 [32m✓[0m [2mgenerated_state.stCallCodes.callcallcall_000_SuicideEndFiller[0m [32m(1)[0m [90m4.35 ms[0m
   [32m✓[0m callcallcall_000_SuicideEnd
 [41m[37m FAIL [0m [37mgenerated_state.stCallCodes.callcallcall_000_SuicideMiddleFiller[0m [31m1 failed[0m [90m304.76 ms[0m
   [31m✖[0m callcallcall_000_SuicideMiddle
 [41m[37m FAIL [0m [37mgenerated_state.stCallCodes.callcallcall_ABCB_RECURSIVEFiller[0m [31m1 failed[0m [90m298.01 ms[0m
   [31m✖[0m callcallcall_ABCB_RECURSIVE
 [41m[37m FAIL [0m [37mgenerated_state.stCallCodes.callcallcallcode_001Filler[0m [31m1 failed[0m [90m320.23 ms[0m
   [31m✖[0m callcallcallcode_001
 [32m✓[0m [2mgenerated_state.stCallCodes.callcallcallcode_001_OOGEFiller[0m [32m(1)[0m [90m3.71 ms[0m
   [32m✓[0m callcallcallcode_001_OOGE
 [32m✓[0m [2mgenerated_state.stCallCodes.callcallcallcode_001_OOGMAfterFiller[0m [32m(1)[0m [90m4.36 ms[0m
   [32m✓[0m callcallcallcode_001_OOGMAfter
 [32m✓[0m [2mgenerated_state.stCallCodes.callcallcallcode_001_OOGMBeforeFiller[0m [32m(1)[0m [90m4.49 ms[0m
   [32m✓[0m callcallcallcode_001_OOGMBefore
 [32m✓[0m [2mgenerated_state.stCallCodes.callcallcallcode_001_SuicideEndFiller[0m [32m(1)[0m [90m4.38 ms[0m
   [32m✓[0m callcallcallcode_001_SuicideEnd
 [41m[37m FAIL [0m [37mgenerated_state.stCallCodes.callcallcallcode_001_SuicideMiddleFiller[0m [31m1 failed[0m [90m296.73 ms[0m
   [31m✖[0m callcallcallcode_001_SuicideMiddle
 [41m[37m FAIL [0m [37mgenerated_state.stCallCodes.callcallcallcode_ABCB_RECURSIVEFiller[0m [31m1 failed[0m [90m299.89 ms[0m
   [31m✖[0m callcallcallcode_ABCB_RECURSIVE
 [41m[37m FAIL [0m [37mgenerated_state.stCallCodes.callcallcode_01Filler[0m [31m1 failed[0m [90m292.89 ms[0m
   [31m✖[0m callcallcode_01
 [32m✓[0m [2mgenerated_state.stCallCodes.callcallcode_01_OOGEFiller[0m [32m(1)[0m [90m4.47 ms[0m
   [32m✓[0m callcallcode_01_OOGE
 [41m[37m FAIL [0m [37mgenerated_state.stCallCodes.callcallcode_01_SuicideEndFiller[0m [31m1 failed[0m [90m293.05 ms[0m
   [31m✖[0m callcallcode_01_SuicideEnd
 [41m[37m FAIL [0m [37mgenerated_state.stCallCodes.callcallcodecall_010Filler[0m [31m1 failed[0m [90m306.51 ms[0m
   [31m✖[0m callcallcodecall_010
 [32m✓[0m [2mgenerated_state.stCallCodes.callcallcodecall_010_OOGEFiller[0m [32m(1)[0m [90m7.88 ms[0m
   [32m✓[0m callcallcodecall_010_OOGE
 [32m✓[0m [2mgenerated_state.stCallCodes.callcallcodecall_010_OOGMAfterFiller[0m [32m(1)[0m [90m3.72 ms[0m
   [32m✓[0m callcallcodecall_010_OOGMAfter
 [32m✓[0m [2mgenerated_state.stCallCodes.callcallcodecall_010_OOGMBeforeFiller[0m [32m(1)[0m [90m3.65 ms[0m
   [32m✓[0m callcallcodecall_010_OOGMBefore
 [32m✓[0m [2mgenerated_state.stCallCodes.callcallcodecall_010_SuicideEndFiller[0m [32m(1)[0m [90m4.15 ms[0m
   [32m✓[0m callcallcodecall_010_SuicideEnd
 [41m[37m FAIL [0m [37mgenerated_state.stCallCodes.callcallcodecall_010_SuicideMiddleFiller[0m [31m1 failed[0m [90m281.17 ms[0m
   [31m✖[0m callcallcodecall_010_SuicideMiddle
 [41m[37m FAIL [0m [37mgenerated_state.stCallCodes.callcallcodecall_ABCB_RECURSIVEFiller[0m [31m1 failed[0m [90m293.31 ms[0m
   [31m✖[0m callcallcodecall_ABCB_RECURSIVE
 [41m[37m FAIL [0m [37mgenerated_state.stCallCodes.callcallcodecallcode_011Filler[0m [31m1 failed[0m [90m157.18 ms[0m
   [31m✖[0m callcallcodecallcode_011
 [32m✓[0m [2mgenerated_state.stCallCodes.callcallcodecallcode_011_OOGEFiller[0m [32m(1)[0m [90m4.54 ms[0m
   [32m✓[0m callcallcodecallcode_011_OOGE
 [32m✓[0m [2mgenerated_state.stCallCodes.callcallcodecallcode_011_OOGMAfterFiller[0m [32m(1)[0m [90m4.23 ms[0m
   [32m✓[0m callcallcodecallcode_011_OOGMAfter
 [32m✓[0m [2mgenerated_state.stCallCodes.callcallcodecallcode_011_OOGMBeforeFiller[0m [32m(1)[0m [90m5.42 ms[0m
   [32m✓[0m callcallcodecallcode_011_OOGMBefore
 [32m✓[0m [2mgenerated_state.stCallCodes.callcallcodecallcode_011_SuicideEndFiller[0m [32m(1)[0m [90m4.58 ms[0m
   [32m✓[0m callcallcodecallcode_011_SuicideEnd
 [41m[37m FAIL [0m [37mgenerated_state.stCallCodes.callcallcodecallcode_011_SuicideMiddleFiller[0m [31m1 failed[0m [90m149.71 ms[0m
   [31m✖[0m callcallcodecallcode_011_SuicideMiddle
 [41m[37m FAIL [0m [37mgenerated_state.stCallCodes.callcallcodecallcode_ABCB_RECURSIVEFiller[0m [31m1 failed[0m [90m330.28 ms[0m
   [31m✖[0m callcallcodecallcode_ABCB_RECURSIVE
 [41m[37m FAIL [0m [37mgenerated_state.stCallCodes.callcodeDynamicCode2SelfCallFiller[0m [31m1 failed[0m [90m7.91 ms[0m
   [31m✖[0m callcodeDynamicCode2SelfCall
 [41m[37m FAIL [0m [37mgenerated_state.stCallCodes.callcodeDynamicCodeFiller[0m [31m1 failed[0m [90m5.64 ms[0m
   [31m✖[0m callcodeDynamicCode
 [32m✓[0m [2mgenerated_state.stCallCodes.callcodeEmptycontractFiller[0m [32m(1)[0m [90m4.09 ms[0m
   [32m✓[0m callcodeEmptycontract
 [41m[37m FAIL [0m [37mgenerated_state.stCallCodes.callcodeInInitcodeToEmptyContractFiller[0m [31m1 failed[0m [90m3.82 ms[0m
   [31m✖[0m callcodeInInitcodeToEmptyContract
 [41m[37m FAIL [0m [37mgenerated_state.stCallCodes.callcodeInInitcodeToExisContractWithVTransferNEMoneyFiller[0m [31m1 failed[0m [90m4.35 ms[0m
   [31m✖[0m callcodeInInitcodeToExisContractWithVTransferNEMoney
 [41m[37m FAIL [0m [37mgenerated_state.stCallCodes.callcodeInInitcodeToExistingContractFiller[0m [31m1 failed[0m [90m4.78 ms[0m
   [31m✖[0m callcodeInInitcodeToExistingContract
 [32m✓[0m [2mgenerated_state.stCallCodes.callcodeInInitcodeToExistingContractWithValueTransferFiller[0m [32m(1)[0m [90m5.14 ms[0m
   [32m✓[0m callcodeInInitcodeToExistingContractWithValueTransfer
 [41m[37m FAIL [0m [37mgenerated_state.stCallCodes.callcode_checkPCFiller[0m [31m1 failed[0m [90m169.05 ms[0m
   [31m✖[0m callcode_checkPC
 [41m[37m FAIL [0m [37mgenerated_state.stCallCodes.callcodecall_10Filler[0m [31m1 failed[0m [90m163.01 ms[0m
   [31m✖[0m callcodecall_10
 [32m✓[0m [2mgenerated_state.stCallCodes.callcodecall_10_OOGEFiller[0m [32m(1)[0m [90m4.75 ms[0m
   [32m✓[0m callcodecall_10_OOGE
 [32m✓[0m [2mgenerated_state.stCallCodes.callcodecall_10_SuicideEndFiller[0m [32m(1)[0m [90m3.98 ms[0m
   [32m✓[0m callcodecall_10_SuicideEnd
 [41m[37m FAIL [0m [37mgenerated_state.stCallCodes.callcodecallcall_100Filler[0m [31m1 failed[0m [90m164.74 ms[0m
   [31m✖[0m callcodecallcall_100
 [32m✓[0m [2mgenerated_state.stCallCodes.callcodecallcall_100_OOGEFiller[0m [32m(1)[0m [90m4.60 ms[0m
   [32m✓[0m callcodecallcall_100_OOGE
 [32m✓[0m [2mgenerated_state.stCallCodes.callcodecallcall_100_OOGMAfterFiller[0m [32m(1)[0m [90m5.03 ms[0m
   [32m✓[0m callcodecallcall_100_OOGMAfter
 [32m✓[0m [2mgenerated_state.stCallCodes.callcodecallcall_100_OOGMBeforeFiller[0m [32m(1)[0m [90m5.75 ms[0m
   [32m✓[0m callcodecallcall_100_OOGMBefore
 [41m[37m FAIL [0m [37mgenerated_state.stCallCodes.callcodecallcall_100_SuicideEndFiller[0m [31m1 failed[0m [90m163.18 ms[0m
   [31m✖[0m callcodecallcall_100_SuicideEnd
 [41m[37m FAIL [0m [37mgenerated_state.stCallCodes.callcodecallcall_100_SuicideMiddleFiller[0m [31m1 failed[0m [90m150.51 ms[0m
   [31m✖[0m callcodecallcall_100_SuicideMiddle
 [41m[37m FAIL [0m [37mgenerated_state.stCallCodes.callcodecallcall_ABCB_RECURSIVEFiller[0m [31m1 failed[0m [90m318.64 ms[0m
   [31m✖[0m callcodecallcall_ABCB_RECURSIVE
 [41m[37m FAIL [0m [37mgenerated_state.stCallCodes.callcodecallcallcode_101Filler[0m [31m1 failed[0m [90m160.03 ms[0m
   [31m✖[0m callcodecallcallcode_101
 [32m✓[0m [2mgenerated_state.stCallCodes.callcodecallcallcode_101_OOGEFiller[0m [32m(1)[0m [90m5.05 ms[0m
   [32m✓[0m callcodecallcallcode_101_OOGE
 [32m✓[0m [2mgenerated_state.stCallCodes.callcodecallcallcode_101_OOGMAfterFiller[0m [32m(1)[0m [90m5.13 ms[0m
   [32m✓[0m callcodecallcallcode_101_OOGMAfter
 [32m✓[0m [2mgenerated_state.stCallCodes.callcodecallcallcode_101_OOGMBeforeFiller[0m [32m(1)[0m [90m4.85 ms[0m
   [32m✓[0m callcodecallcallcode_101_OOGMBefore
 [32m✓[0m [2mgenerated_state.stCallCodes.callcodecallcallcode_101_SuicideEndFiller[0m [32m(1)[0m [90m4.95 ms[0m
   [32m✓[0m callcodecallcallcode_101_SuicideEnd
 [41m[37m FAIL [0m [37mgenerated_state.stCallCodes.callcodecallcallcode_101_SuicideMiddleFiller[0m [31m1 failed[0m [90m160.86 ms[0m
   [31m✖[0m callcodecallcallcode_101_SuicideMiddle
 [41m[37m FAIL [0m [37mgenerated_state.stCallCodes.callcodecallcallcode_ABCB_RECURSIVEFiller[0m [31m1 failed[0m [90m364.45 ms[0m
   [31m✖[0m callcodecallcallcode_ABCB_RECURSIVE
 [41m[37m FAIL [0m [37mgenerated_state.stCallCodes.callcodecallcode_11Filler[0m [31m1 failed[0m [90m159.76 ms[0m
   [31m✖[0m callcodecallcode_11
 [32m✓[0m [2mgenerated_state.stCallCodes.callcodecallcode_11_OOGEFiller[0m [32m(1)[0m [90m4.56 ms[0m
   [32m✓[0m callcodecallcode_11_OOGE
 [32m✓[0m [2mgenerated_state.stCallCodes.callcodecallcode_11_SuicideEndFiller[0m [32m(1)[0m [90m4.25 ms[0m
   [32m✓[0m callcodecallcode_11_SuicideEnd
 [41m[37m FAIL [0m [37mgenerated_state.stCallCodes.callcodecallcodecall_110Filler[0m [31m1 failed[0m [90m162.24 ms[0m
   [31m✖[0m callcodecallcodecall_110
 [32m✓[0m [2mgenerated_state.stCallCodes.callcodecallcodecall_110_OOGEFiller[0m [32m(1)[0m [90m5.40 ms[0m
   [32m✓[0m callcodecallcodecall_110_OOGE
 [32m✓[0m [2mgenerated_state.stCallCodes.callcodecallcodecall_110_OOGMAfterFiller[0m [32m(1)[0m [90m4.52 ms[0m
   [32m✓[0m callcodecallcodecall_110_OOGMAfter
 [32m✓[0m [2mgenerated_state.stCallCodes.callcodecallcodecall_110_OOGMBeforeFiller[0m [32m(1)[0m [90m4.07 ms[0m
   [32m✓[0m callcodecallcodecall_110_OOGMBefore
 [41m[37m FAIL [0m [37mgenerated_state.stCallCodes.callcodecallcodecall_110_SuicideEndFiller[0m [31m1 failed[0m [90m151.11 ms[0m
   [31m✖[0m callcodecallcodecall_110_SuicideEnd
 [32m✓[0m [2mgenerated_state.stCallCodes.callcodecallcodecall_110_SuicideMiddleFiller[0m [32m(1)[0m [90m4.45 ms[0m
   [32m✓[0m callcodecallcodecall_110_SuicideMiddle
 [41m[37m FAIL [0m [37mgenerated_state.stCallCodes.callcodecallcodecall_ABCB_RECURSIVEFiller[0m [31m1 failed[0m [90m315.73 ms[0m
   [31m✖[0m callcodecallcodecall_ABCB_RECURSIVE
 [41m[37m FAIL [0m [37mgenerated_state.stCallCodes.callcodecallcodecallcode_111Filler[0m [31m1 failed[0m [90m152.10 ms[0m
   [31m✖[0m callcodecallcodecallcode_111
 [32m✓[0m [2mgenerated_state.stCallCodes.callcodecallcodecallcode_111_OOGEFiller[0m [32m(1)[0m [90m5.33 ms[0m
   [32m✓[0m callcodecallcodecallcode_111_OOGE
 [32m✓[0m [2mgenerated_state.stCallCodes.callcodecallcodecallcode_111_OOGMAfterFiller[0m [32m(1)[0m [90m5.31 ms[0m
   [32m✓[0m callcodecallcodecallcode_111_OOGMAfter
 [32m✓[0m [2mgenerated_state.stCallCodes.callcodecallcodecallcode_111_OOGMBeforeFiller[0m [32m(1)[0m [90m7.81 ms[0m
   [32m✓[0m callcodecallcodecallcode_111_OOGMBefore
 [41m[37m FAIL [0m [37mgenerated_state.stCallCodes.callcodecallcodecallcode_111_SuicideEndFiller[0m [31m1 failed[0m [90m156.28 ms[0m
   [31m✖[0m callcodecallcodecallcode_111_SuicideEnd
 [32m✓[0m [2mgenerated_state.stCallCodes.callcodecallcodecallcode_111_SuicideMiddleFiller[0m [32m(1)[0m [90m6.79 ms[0m
   [32m✓[0m callcodecallcodecallcode_111_SuicideMiddle
 [41m[37m FAIL [0m [37mgenerated_state.stCallCodes.callcodecallcodecallcode_ABCB_RECURSIVEFiller[0m [31m1 failed[0m [90m318.15 ms[0m
   [31m✖[0m callcodecallcodecallcode_ABCB_RECURSIVE
 [41m[37m FAIL [0m [37mgenerated_state.stCallCreateCallCodeTest.Call1024BalanceTooLowFiller[0m [31m1 failed[0m [90m6.66 ms[0m
   [31m✖[0m Call1024BalanceTooLow
 [41m[37m FAIL [0m [37mgenerated_state.stCallCreateCallCodeTest.Call1024OOGFiller[0m [31m1 failed[0m [90m8.17 ms[0m
   [31m✖[0m Call1024OOG
 [41m[37m FAIL [0m [37mgenerated_state.stCallCreateCallCodeTest.Call1024PreCallsFiller[0m [31m1 failed[0m [90m5.39 ms[0m
   [31m✖[0m Call1024PreCalls
 [41m[37m FAIL [0m [37mgenerated_state.stCallCreateCallCodeTest.CallLoseGasOOGFiller[0m [31m1 failed[0m [90m3.95 ms[0m
   [31m✖[0m CallLoseGasOOG
 [41m[37m FAIL [0m [37mgenerated_state.stCallCreateCallCodeTest.CallRecursiveBombPreCallFiller[0m [31m1 failed[0m [90m3.65 ms[0m
   [31m✖[0m CallRecursiveBombPreCall
 [41m[37m FAIL [0m [37mgenerated_state.stCallCreateCallCodeTest.Callcode1024BalanceTooLowFiller[0m [31m1 failed[0m [90m3.72 ms[0m
   [31m✖[0m Callcode1024BalanceTooLow
 [41m[37m FAIL [0m [37mgenerated_state.stCallCreateCallCodeTest.Callcode1024OOGFiller[0m [31m1 failed[0m [90m3.87 ms[0m
   [31m✖[0m Callcode1024OOG
 [41m[37m FAIL [0m [37mgenerated_state.stCallCreateCallCodeTest.CallcodeLoseGasOOGFiller[0m [31m1 failed[0m [90m4.19 ms[0m
   [31m✖[0m CallcodeLoseGasOOG
 [32m✓[0m [2mgenerated_state.stCallCreateCallCodeTest.callOutput1Filler[0m [32m(1)[0m [90m4.11 ms[0m
   [32m✓[0m callOutput1
 [32m✓[0m [2mgenerated_state.stCallCreateCallCodeTest.callOutput2Filler[0m [32m(1)[0m [90m4.88 ms[0m
   [32m✓[0m callOutput2
 [32m✓[0m [2mgenerated_state.stCallCreateCallCodeTest.callOutput3FailFiller[0m [32m(1)[0m [90m4.03 ms[0m
   [32m✓[0m callOutput3Fail
 [32m✓[0m [2mgenerated_state.stCallCreateCallCodeTest.callOutput3Filler[0m [32m(1)[0m [90m3.94 ms[0m
   [32m✓[0m callOutput3
 [32m✓[0m [2mgenerated_state.stCallCreateCallCodeTest.callOutput3partialFailFiller[0m [32m(1)[0m [90m5.73 ms[0m
   [32m✓[0m callOutput3partialFail
 [32m✓[0m [2mgenerated_state.stCallCreateCallCodeTest.callOutput3partialFiller[0m [32m(1)[0m [90m4.20 ms[0m
   [32m✓[0m callOutput3partial
 [41m[37m FAIL [0m [37mgenerated_state.stCallCreateCallCodeTest.callWithHighValueAndGasOOGFiller[0m [31m1 failed[0m [90m157.09 ms[0m
   [31m✖[0m callWithHighValueAndGasOOG
 [41m[37m FAIL [0m [37mgenerated_state.stCallCreateCallCodeTest.callWithHighValueAndOOGatTxLevelFiller[0m [31m1 failed[0m [90m139.66 ms[0m
   [31m✖[0m callWithHighValueAndOOGatTxLevel
 [32m✓[0m [2mgenerated_state.stCallCreateCallCodeTest.callWithHighValueFiller[0m [32m(1)[0m [90m4.12 ms[0m
   [32m✓[0m callWithHighValue
 [41m[37m FAIL [0m [37mgenerated_state.stCallCreateCallCodeTest.callWithHighValueOOGinCallFiller[0m [31m1 failed[0m [90m147.25 ms[0m
   [31m✖[0m callWithHighValueOOGinCall
 [32m✓[0m [2mgenerated_state.stCallCreateCallCodeTest.callcodeOutput1Filler[0m [32m(1)[0m [90m6.07 ms[0m
   [32m✓[0m callcodeOutput1
 [32m✓[0m [2mgenerated_state.stCallCreateCallCodeTest.callcodeOutput2Filler[0m [32m(1)[0m [90m5.00 ms[0m
   [32m✓[0m callcodeOutput2
 [32m✓[0m [2mgenerated_state.stCallCreateCallCodeTest.callcodeOutput3FailFiller[0m [32m(1)[0m [90m4.12 ms[0m
   [32m✓[0m callcodeOutput3Fail
 [32m✓[0m [2mgenerated_state.stCallCreateCallCodeTest.callcodeOutput3Filler[0m [32m(1)[0m [90m4.73 ms[0m
   [32m✓[0m callcodeOutput3
 [32m✓[0m [2mgenerated_state.stCallCreateCallCodeTest.callcodeOutput3partialFailFiller[0m [32m(1)[0m [90m4.97 ms[0m
   [32m✓[0m callcodeOutput3partialFail
 [32m✓[0m [2mgenerated_state.stCallCreateCallCodeTest.callcodeOutput3partialFiller[0m [32m(1)[0m [90m4.12 ms[0m
   [32m✓[0m callcodeOutput3partial
 [32m✓[0m [2mgenerated_state.stCallCreateCallCodeTest.callcodeWithHighValueAndGasOOGFiller[0m [32m(1)[0m [90m5.48 ms[0m
   [32m✓[0m callcodeWithHighValueAndGasOOG
 [32m✓[0m [2mgenerated_state.stCallCreateCallCodeTest.callcodeWithHighValueFiller[0m [32m(1)[0m [90m4.43 ms[0m
   [32m✓[0m callcodeWithHighValue
 [41m[37m FAIL [0m [37mgenerated_state.stCallCreateCallCodeTest.contractCreationMakeCallThatAskMoreGasThenTransactionProvidedFiller[0m [31m1 failed[0m [90m162.09 ms[0m
   [31m✖[0m contractCreationMakeCallThatAskMoreGasThenTransactionProvided
 [41m[37m FAIL [0m [37mgenerated_state.stCallCreateCallCodeTest.createFailBalanceTooLowFiller[0m [31m1 failed[0m [90m163.56 ms[0m
   [31m✖[0m createFailBalanceTooLow
 [41m[37m FAIL [0m [37mgenerated_state.stCallCreateCallCodeTest.createInitFailBadJumpDestination2Filler[0m [31m1 failed[0m [90m159.45 ms[0m
   [31m✖[0m createInitFailBadJumpDestination2
 [41m[37m FAIL [0m [37mgenerated_state.stCallCreateCallCodeTest.createInitFailBadJumpDestinationFiller[0m [31m1 failed[0m [90m157.45 ms[0m
   [31m✖[0m createInitFailBadJumpDestination
 [41m[37m FAIL [0m [37mgenerated_state.stCallCreateCallCodeTest.createInitFailStackSizeLargerThan1024Filler[0m [31m1 failed[0m [90m742.49 ms[0m
   [31m✖[0m createInitFailStackSizeLargerThan1024
 [41m[37m FAIL [0m [37mgenerated_state.stCallCreateCallCodeTest.createInitFailStackUnderflowFiller[0m [31m1 failed[0m [90m152.11 ms[0m
   [31m✖[0m createInitFailStackUnderflow
 [41m[37m FAIL [0m [37mgenerated_state.stCallCreateCallCodeTest.createInitFailUndefinedInstruction2Filler[0m [31m1 failed[0m [90m141.40 ms[0m
   [31m✖[0m createInitFailUndefinedInstruction2
 [32m✓[0m [2mgenerated_state.stCallCreateCallCodeTest.createInitFailUndefinedInstructionFiller[0m [32m(1)[0m [90m4.38 ms[0m
   [32m✓[0m createInitFailUndefinedInstruction
 [41m[37m FAIL [0m [37mgenerated_state.stCallCreateCallCodeTest.createInitFail_OOGduringInit2Filler[0m [31m1 failed[0m [90m3.92 ms[0m
   [31m✖[0m createInitFail_OOGduringInit2
 [32m✓[0m [2mgenerated_state.stCallCreateCallCodeTest.createInitFail_OOGduringInitFiller[0m [32m(1)[0m [90m4.23 ms[0m
   [32m✓[0m createInitFail_OOGduringInit
 [41m[37m FAIL [0m [37mgenerated_state.stCallCreateCallCodeTest.createInitOOGforCREATEFiller[0m [31m1 failed[0m [90m147.13 ms[0m
   [31m✖[0m createInitOOGforCREATE
 [32m✓[0m [2mgenerated_state.stCallCreateCallCodeTest.createJS_ExampleContractFiller[0m [32m(1)[0m [90m4.04 ms[0m
   [32m✓[0m createJS_ExampleContract
 [32m✓[0m [2mgenerated_state.stCallCreateCallCodeTest.createJS_NoCollisionFiller[0m [32m(1)[0m [90m4.06 ms[0m
   [32m✓[0m createJS_NoCollision
 [32m✓[0m [2mgenerated_state.stCallCreateCallCodeTest.createNameRegistratorPerTxsFiller[0m [32m(1)[0m [90m4.85 ms[0m
   [32m✓[0m createNameRegistratorPerTxs
 [41m[37m FAIL [0m [37mgenerated_state.stCallCreateCallCodeTest.createNameRegistratorPerTxsNotEnoughGasFiller[0m [31m1 failed[0m [90m152.01 ms[0m
   [31m✖[0m createNameRegistratorPerTxsNotEnoughGas
 [41m[37m FAIL [0m [37mgenerated_state.stCallCreateCallCodeTest.createNameRegistratorPreStore1NotEnoughGasFiller[0m [31m1 failed[0m [90m154.93 ms[0m
   [31m✖[0m createNameRegistratorPreStore1NotEnoughGas
 [32m✓[0m [2mgenerated_state.stCallCreateCallCodeTest.createNameRegistratorendowmentTooHighFiller[0m [32m(1)[0m [90m4.29 ms[0m
   [32m✓[0m createNameRegistratorendowmentTooHigh
 [41m[37m FAIL [0m [37mgenerated_state.stCallDelegateCodesCallCodeHomestead.callcallcallcode_001Filler[0m [31m1 failed[0m [90m174.23 ms[0m
   [31m✖[0m callcallcallcode_001
 [32m✓[0m [2mgenerated_state.stCallDelegateCodesCallCodeHomestead.callcallcallcode_001_OOGEFiller[0m [32m(1)[0m [90m4.54 ms[0m
   [32m✓[0m callcallcallcode_001_OOGE
 [32m✓[0m [2mgenerated_state.stCallDelegateCodesCallCodeHomestead.callcallcallcode_001_OOGMAfterFiller[0m [32m(1)[0m [90m7.52 ms[0m
   [32m✓[0m callcallcallcode_001_OOGMAfter
 [32m✓[0m [2mgenerated_state.stCallDelegateCodesCallCodeHomestead.callcallcallcode_001_OOGMBeforeFiller[0m [32m(1)[0m [90m4.55 ms[0m
   [32m✓[0m callcallcallcode_001_OOGMBefore
 [41m[37m FAIL [0m [37mgenerated_state.stCallDelegateCodesCallCodeHomestead.callcallcallcode_001_SuicideEndFiller[0m [31m1 failed[0m [90m155.97 ms[0m
   [31m✖[0m callcallcallcode_001_SuicideEnd
 [41m[37m FAIL [0m [37mgenerated_state.stCallDelegateCodesCallCodeHomestead.callcallcallcode_001_SuicideMiddleFiller[0m [31m1 failed[0m [90m155.86 ms[0m
   [31m✖[0m callcallcallcode_001_SuicideMiddle
 [41m[37m FAIL [0m [37mgenerated_state.stCallDelegateCodesCallCodeHomestead.callcallcallcode_ABCB_RECURSIVEFiller[0m [31m1 failed[0m [90m312.08 ms[0m
   [31m✖[0m callcallcallcode_ABCB_RECURSIVE
 [41m[37m FAIL [0m [37mgenerated_state.stCallDelegateCodesCallCodeHomestead.callcallcode_01Filler[0m [31m1 failed[0m [90m154.98 ms[0m
   [31m✖[0m callcallcode_01
 [32m✓[0m [2mgenerated_state.stCallDelegateCodesCallCodeHomestead.callcallcode_01_OOGEFiller[0m [32m(1)[0m [90m5.03 ms[0m
   [32m✓[0m callcallcode_01_OOGE
 [41m[37m FAIL [0m [37mgenerated_state.stCallDelegateCodesCallCodeHomestead.callcallcode_01_SuicideEndFiller[0m [31m1 failed[0m [90m148.21 ms[0m
   [31m✖[0m callcallcode_01_SuicideEnd
 [41m[37m FAIL [0m [37mgenerated_state.stCallDelegateCodesCallCodeHomestead.callcallcodecall_010Filler[0m [31m1 failed[0m [90m159.39 ms[0m
   [31m✖[0m callcallcodecall_010
 [32m✓[0m [2mgenerated_state.stCallDelegateCodesCallCodeHomestead.callcallcodecall_010_OOGEFiller[0m [32m(1)[0m [90m4.36 ms[0m
   [32m✓[0m callcallcodecall_010_OOGE
 [32m✓[0m [2mgenerated_state.stCallDelegateCodesCallCodeHomestead.callcallcodecall_010_OOGMAfterFiller[0m [32m(1)[0m [90m4.95 ms[0m
   [32m✓[0m callcallcodecall_010_OOGMAfter
 [32m✓[0m [2mgenerated_state.stCallDelegateCodesCallCodeHomestead.callcallcodecall_010_OOGMBeforeFiller[0m [32m(1)[0m [90m5.07 ms[0m
   [32m✓[0m callcallcodecall_010_OOGMBefore
 [32m✓[0m [2mgenerated_state.stCallDelegateCodesCallCodeHomestead.callcallcodecall_010_SuicideEndFiller[0m [32m(1)[0m [90m5.41 ms[0m
   [32m✓[0m callcallcodecall_010_SuicideEnd
 [32m✓[0m [2mgenerated_state.stCallDelegateCodesCallCodeHomestead.callcallcodecall_010_SuicideMiddleFiller[0m [32m(1)[0m [90m6.68 ms[0m
   [32m✓[0m callcallcodecall_010_SuicideMiddle
 [41m[37m FAIL [0m [37mgenerated_state.stCallDelegateCodesCallCodeHomestead.callcallcodecall_ABCB_RECURSIVEFiller[0m [31m1 failed[0m [90m343.92 ms[0m
   [31m✖[0m callcallcodecall_ABCB_RECURSIVE
 [41m[37m FAIL [0m [37mgenerated_state.stCallDelegateCodesCallCodeHomestead.callcallcodecallcode_011Filler[0m [31m1 failed[0m [90m152.30 ms[0m
   [31m✖[0m callcallcodecallcode_011
 [32m✓[0m [2mgenerated_state.stCallDelegateCodesCallCodeHomestead.callcallcodecallcode_011_OOGEFiller[0m [32m(1)[0m [90m5.61 ms[0m
   [32m✓[0m callcallcodecallcode_011_OOGE
 [32m✓[0m [2mgenerated_state.stCallDelegateCodesCallCodeHomestead.callcallcodecallcode_011_OOGMAfterFiller[0m [32m(1)[0m [90m9.31 ms[0m
   [32m✓[0m callcallcodecallcode_011_OOGMAfter
 [32m✓[0m [2mgenerated_state.stCallDelegateCodesCallCodeHomestead.callcallcodecallcode_011_OOGMBeforeFiller[0m [32m(1)[0m [90m4.64 ms[0m
   [32m✓[0m callcallcodecallcode_011_OOGMBefore
 [32m✓[0m [2mgenerated_state.stCallDelegateCodesCallCodeHomestead.callcallcodecallcode_011_SuicideEndFiller[0m [32m(1)[0m [90m4.92 ms[0m
   [32m✓[0m callcallcodecallcode_011_SuicideEnd
 [32m✓[0m [2mgenerated_state.stCallDelegateCodesCallCodeHomestead.callcallcodecallcode_011_SuicideMiddleFiller[0m [32m(1)[0m [90m4.14 ms[0m
   [32m✓[0m callcallcodecallcode_011_SuicideMiddle
 [41m[37m FAIL [0m [37mgenerated_state.stCallDelegateCodesCallCodeHomestead.callcallcodecallcode_ABCB_RECURSIVEFiller[0m [31m1 failed[0m [90m336.95 ms[0m
   [31m✖[0m callcallcodecallcode_ABCB_RECURSIVE
 [41m[37m FAIL [0m [37mgenerated_state.stCallDelegateCodesCallCodeHomestead.callcodecall_10Filler[0m [31m1 failed[0m [90m155.84 ms[0m
   [31m✖[0m callcodecall_10
 [32m✓[0m [2mgenerated_state.stCallDelegateCodesCallCodeHomestead.callcodecall_10_OOGEFiller[0m [32m(1)[0m [90m4.19 ms[0m
   [32m✓[0m callcodecall_10_OOGE
 [32m✓[0m [2mgenerated_state.stCallDelegateCodesCallCodeHomestead.callcodecall_10_SuicideEndFiller[0m [32m(1)[0m [90m4.76 ms[0m
   [32m✓[0m callcodecall_10_SuicideEnd
 [41m[37m FAIL [0m [37mgenerated_state.stCallDelegateCodesCallCodeHomestead.callcodecallcall_100Filler[0m [31m1 failed[0m [90m168.41 ms[0m
   [31m✖[0m callcodecallcall_100
 [32m✓[0m [2mgenerated_state.stCallDelegateCodesCallCodeHomestead.callcodecallcall_100_OOGEFiller[0m [32m(1)[0m [90m5.99 ms[0m
   [32m✓[0m callcodecallcall_100_OOGE
 [32m✓[0m [2mgenerated_state.stCallDelegateCodesCallCodeHomestead.callcodecallcall_100_OOGMAfterFiller[0m [32m(1)[0m [90m4.00 ms[0m
   [32m✓[0m callcodecallcall_100_OOGMAfter
 [32m✓[0m [2mgenerated_state.stCallDelegateCodesCallCodeHomestead.callcodecallcall_100_OOGMBeforeFiller[0m [32m(1)[0m [90m4.41 ms[0m
   [32m✓[0m callcodecallcall_100_OOGMBefore
 [32m✓[0m [2mgenerated_state.stCallDelegateCodesCallCodeHomestead.callcodecallcall_100_SuicideEndFiller[0m [32m(1)[0m [90m4.09 ms[0m
   [32m✓[0m callcodecallcall_100_SuicideEnd
 [32m✓[0m [2mgenerated_state.stCallDelegateCodesCallCodeHomestead.callcodecallcall_100_SuicideMiddleFiller[0m [32m(1)[0m [90m5.10 ms[0m
   [32m✓[0m callcodecallcall_100_SuicideMiddle
 [41m[37m FAIL [0m [37mgenerated_state.stCallDelegateCodesCallCodeHomestead.callcodecallcall_ABCB_RECURSIVEFiller[0m [31m1 failed[0m [90m332.92 ms[0m
   [31m✖[0m callcodecallcall_ABCB_RECURSIVE
 [41m[37m FAIL [0m [37mgenerated_state.stCallDelegateCodesCallCodeHomestead.callcodecallcallcode_101Filler[0m [31m1 failed[0m [90m158.44 ms[0m
   [31m✖[0m callcodecallcallcode_101
 [32m✓[0m [2mgenerated_state.stCallDelegateCodesCallCodeHomestead.callcodecallcallcode_101_OOGEFiller[0m [32m(1)[0m [90m4.05 ms[0m
   [32m✓[0m callcodecallcallcode_101_OOGE
 [32m✓[0m [2mgenerated_state.stCallDelegateCodesCallCodeHomestead.callcodecallcallcode_101_OOGMAfterFiller[0m [32m(1)[0m [90m4.07 ms[0m
   [32m✓[0m callcodecallcallcode_101_OOGMAfter
 [32m✓[0m [2mgenerated_state.stCallDelegateCodesCallCodeHomestead.callcodecallcallcode_101_OOGMBeforeFiller[0m [32m(1)[0m [90m8.59 ms[0m
   [32m✓[0m callcodecallcallcode_101_OOGMBefore
 [32m✓[0m [2mgenerated_state.stCallDelegateCodesCallCodeHomestead.callcodecallcallcode_101_SuicideEndFiller[0m [32m(1)[0m [90m6.15 ms[0m
   [32m✓[0m callcodecallcallcode_101_SuicideEnd
 [32m✓[0m [2mgenerated_state.stCallDelegateCodesCallCodeHomestead.callcodecallcallcode_101_SuicideMiddleFiller[0m [32m(1)[0m [90m7.84 ms[0m
   [32m✓[0m callcodecallcallcode_101_SuicideMiddle
 [41m[37m FAIL [0m [37mgenerated_state.stCallDelegateCodesCallCodeHomestead.callcodecallcallcode_ABCB_RECURSIVEFiller[0m [31m1 failed[0m [90m328.98 ms[0m
   [31m✖[0m callcodecallcallcode_ABCB_RECURSIVE
 [41m[37m FAIL [0m [37mgenerated_state.stCallDelegateCodesCallCodeHomestead.callcodecallcode_11Filler[0m [31m1 failed[0m [90m162.08 ms[0m
   [31m✖[0m callcodecallcode_11
 [32m✓[0m [2mgenerated_state.stCallDelegateCodesCallCodeHomestead.callcodecallcode_11_OOGEFiller[0m [32m(1)[0m [90m5.74 ms[0m
   [32m✓[0m callcodecallcode_11_OOGE
 [32m✓[0m [2mgenerated_state.stCallDelegateCodesCallCodeHomestead.callcodecallcode_11_SuicideEndFiller[0m [32m(1)[0m [90m5.49 ms[0m
   [32m✓[0m callcodecallcode_11_SuicideEnd
 [41m[37m FAIL [0m [37mgenerated_state.stCallDelegateCodesCallCodeHomestead.callcodecallcodecall_110Filler[0m [31m1 failed[0m [90m153.97 ms[0m
   [31m✖[0m callcodecallcodecall_110
 [32m✓[0m [2mgenerated_state.stCallDelegateCodesCallCodeHomestead.callcodecallcodecall_110_OOGEFiller[0m [32m(1)[0m [90m4.51 ms[0m
   [32m✓[0m callcodecallcodecall_110_OOGE
 [32m✓[0m [2mgenerated_state.stCallDelegateCodesCallCodeHomestead.callcodecallcodecall_110_OOGMAfterFiller[0m [32m(1)[0m [90m3.78 ms[0m
   [32m✓[0m callcodecallcodecall_110_OOGMAfter
 [32m✓[0m [2mgenerated_state.stCallDelegateCodesCallCodeHomestead.callcodecallcodecall_110_OOGMBeforeFiller[0m [32m(1)[0m [90m4.78 ms[0m
   [32m✓[0m callcodecallcodecall_110_OOGMBefore
 [32m✓[0m [2mgenerated_state.stCallDelegateCodesCallCodeHomestead.callcodecallcodecall_110_SuicideEndFiller[0m [32m(1)[0m [90m5.00 ms[0m
   [32m✓[0m callcodecallcodecall_110_SuicideEnd
 [32m✓[0m [2mgenerated_state.stCallDelegateCodesCallCodeHomestead.callcodecallcodecall_110_SuicideMiddleFiller[0m [32m(1)[0m [90m4.13 ms[0m
   [32m✓[0m callcodecallcodecall_110_SuicideMiddle
 [41m[37m FAIL [0m [37mgenerated_state.stCallDelegateCodesCallCodeHomestead.callcodecallcodecall_ABCB_RECURSIVEFiller[0m [31m1 failed[0m [90m349.99 ms[0m
   [31m✖[0m callcodecallcodecall_ABCB_RECURSIVE
 [41m[37m FAIL [0m [37mgenerated_state.stCallDelegateCodesCallCodeHomestead.callcodecallcodecallcode_111Filler[0m [31m1 failed[0m [90m166.93 ms[0m
   [31m✖[0m callcodecallcodecallcode_111
 [32m✓[0m [2mgenerated_state.stCallDelegateCodesCallCodeHomestead.callcodecallcodecallcode_111_OOGEFiller[0m [32m(1)[0m [90m9.98 ms[0m
   [32m✓[0m callcodecallcodecallcode_111_OOGE
 [32m✓[0m [2mgenerated_state.stCallDelegateCodesCallCodeHomestead.callcodecallcodecallcode_111_OOGMAfterFiller[0m [32m(1)[0m [90m5.28 ms[0m
   [32m✓[0m callcodecallcodecallcode_111_OOGMAfter
 [32m✓[0m [2mgenerated_state.stCallDelegateCodesCallCodeHomestead.callcodecallcodecallcode_111_OOGMBeforeFiller[0m [32m(1)[0m [90m10.21 ms[0m
   [32m✓[0m callcodecallcodecallcode_111_OOGMBefore
 [32m✓[0m [2mgenerated_state.stCallDelegateCodesCallCodeHomestead.callcodecallcodecallcode_111_SuicideEndFiller[0m [32m(1)[0m [90m5.49 ms[0m
   [32m✓[0m callcodecallcodecallcode_111_SuicideEnd
 [41m[37m FAIL [0m [37mgenerated_state.stCallDelegateCodesCallCodeHomestead.callcodecallcodecallcode_111_SuicideMiddleFiller[0m [31m1 failed[0m [90m154.13 ms[0m
   [31m✖[0m callcodecallcodecallcode_111_SuicideMiddle
 [41m[37m FAIL [0m [37mgenerated_state.stCallDelegateCodesCallCodeHomestead.callcodecallcodecallcode_ABCB_RECURSIVEFiller[0m [31m1 failed[0m [90m329.01 ms[0m
   [31m✖[0m callcodecallcodecallcode_ABCB_RECURSIVE
 [41m[37m FAIL [0m [37mgenerated_state.stCallDelegateCodesHomestead.callcallcallcode_001Filler[0m [31m1 failed[0m [90m152.29 ms[0m
   [31m✖[0m callcallcallcode_001
 [32m✓[0m [2mgenerated_state.stCallDelegateCodesHomestead.callcallcallcode_001_OOGEFiller[0m [32m(1)[0m [90m3.76 ms[0m
   [32m✓[0m callcallcallcode_001_OOGE
 [32m✓[0m [2mgenerated_state.stCallDelegateCodesHomestead.callcallcallcode_001_OOGMAfterFiller[0m [32m(1)[0m [90m4.14 ms[0m
   [32m✓[0m callcallcallcode_001_OOGMAfter
 [32m✓[0m [2mgenerated_state.stCallDelegateCodesHomestead.callcallcallcode_001_OOGMBeforeFiller[0m [32m(1)[0m [90m4.11 ms[0m
   [32m✓[0m callcallcallcode_001_OOGMBefore
 [32m✓[0m [2mgenerated_state.stCallDelegateCodesHomestead.callcallcallcode_001_SuicideEndFiller[0m [32m(1)[0m [90m4.67 ms[0m
   [32m✓[0m callcallcallcode_001_SuicideEnd
 [41m[37m FAIL [0m [37mgenerated_state.stCallDelegateCodesHomestead.callcallcallcode_001_SuicideMiddleFiller[0m [31m1 failed[0m [90m147.91 ms[0m
   [31m✖[0m callcallcallcode_001_SuicideMiddle
 [41m[37m FAIL [0m [37mgenerated_state.stCallDelegateCodesHomestead.callcallcallcode_ABCB_RECURSIVEFiller[0m [31m1 failed[0m [90m320.09 ms[0m
   [31m✖[0m callcallcallcode_ABCB_RECURSIVE
 [41m[37m FAIL [0m [37mgenerated_state.stCallDelegateCodesHomestead.callcallcode_01Filler[0m [31m1 failed[0m [90m143.12 ms[0m
   [31m✖[0m callcallcode_01
 [32m✓[0m [2mgenerated_state.stCallDelegateCodesHomestead.callcallcode_01_OOGEFiller[0m [32m(1)[0m [90m4.59 ms[0m
   [32m✓[0m callcallcode_01_OOGE
 [32m✓[0m [2mgenerated_state.stCallDelegateCodesHomestead.callcallcode_01_SuicideEndFiller[0m [32m(1)[0m [90m3.57 ms[0m
   [32m✓[0m callcallcode_01_SuicideEnd
 [41m[37m FAIL [0m [37mgenerated_state.stCallDelegateCodesHomestead.callcallcodecall_010Filler[0m [31m1 failed[0m [90m161.65 ms[0m
   [31m✖[0m callcallcodecall_010
 [32m✓[0m [2mgenerated_state.stCallDelegateCodesHomestead.callcallcodecall_010_OOGEFiller[0m [32m(1)[0m [90m4.16 ms[0m
   [32m✓[0m callcallcodecall_010_OOGE
 [32m✓[0m [2mgenerated_state.stCallDelegateCodesHomestead.callcallcodecall_010_OOGMAfterFiller[0m [32m(1)[0m [90m4.34 ms[0m
   [32m✓[0m callcallcodecall_010_OOGMAfter
 [32m✓[0m [2mgenerated_state.stCallDelegateCodesHomestead.callcallcodecall_010_OOGMBeforeFiller[0m [32m(1)[0m [90m4.20 ms[0m
   [32m✓[0m callcallcodecall_010_OOGMBefore
 [32m✓[0m [2mgenerated_state.stCallDelegateCodesHomestead.callcallcodecall_010_SuicideEndFiller[0m [32m(1)[0m [90m4.41 ms[0m
   [32m✓[0m callcallcodecall_010_SuicideEnd
 [41m[37m FAIL [0m [37mgenerated_state.stCallDelegateCodesHomestead.callcallcodecall_010_SuicideMiddleFiller[0m [31m1 failed[0m [90m134.46 ms[0m
   [31m✖[0m callcallcodecall_010_SuicideMiddle
 [41m[37m FAIL [0m [37mgenerated_state.stCallDelegateCodesHomestead.callcallcodecall_ABCB_RECURSIVEFiller[0m [31m1 failed[0m [90m318.39 ms[0m
   [31m✖[0m callcallcodecall_ABCB_RECURSIVE
 [41m[37m FAIL [0m [37mgenerated_state.stCallDelegateCodesHomestead.callcallcodecallcode_011Filler[0m [31m1 failed[0m [90m146.31 ms[0m
   [31m✖[0m callcallcodecallcode_011
 [32m✓[0m [2mgenerated_state.stCallDelegateCodesHomestead.callcallcodecallcode_011_OOGEFiller[0m [32m(1)[0m [90m4.26 ms[0m
   [32m✓[0m callcallcodecallcode_011_OOGE
 [32m✓[0m [2mgenerated_state.stCallDelegateCodesHomestead.callcallcodecallcode_011_OOGMAfterFiller[0m [32m(1)[0m [90m4.46 ms[0m
   [32m✓[0m callcallcodecallcode_011_OOGMAfter
 [32m✓[0m [2mgenerated_state.stCallDelegateCodesHomestead.callcallcodecallcode_011_OOGMBeforeFiller[0m [32m(1)[0m [90m4.18 ms[0m
   [32m✓[0m callcallcodecallcode_011_OOGMBefore
 [32m✓[0m [2mgenerated_state.stCallDelegateCodesHomestead.callcallcodecallcode_011_SuicideEndFiller[0m [32m(1)[0m [90m5.09 ms[0m
   [32m✓[0m callcallcodecallcode_011_SuicideEnd
 [32m✓[0m [2mgenerated_state.stCallDelegateCodesHomestead.callcallcodecallcode_011_SuicideMiddleFiller[0m [32m(1)[0m [90m4.51 ms[0m
   [32m✓[0m callcallcodecallcode_011_SuicideMiddle
 [41m[37m FAIL [0m [37mgenerated_state.stCallDelegateCodesHomestead.callcallcodecallcode_ABCB_RECURSIVEFiller[0m [31m1 failed[0m [90m336.31 ms[0m
   [31m✖[0m callcallcodecallcode_ABCB_RECURSIVE
 [41m[37m FAIL [0m [37mgenerated_state.stCallDelegateCodesHomestead.callcodecall_10Filler[0m [31m1 failed[0m [90m159.97 ms[0m
   [31m✖[0m callcodecall_10
 [32m✓[0m [2mgenerated_state.stCallDelegateCodesHomestead.callcodecall_10_OOGEFiller[0m [32m(1)[0m [90m4.52 ms[0m
   [32m✓[0m callcodecall_10_OOGE
 [41m[37m FAIL [0m [37mgenerated_state.stCallDelegateCodesHomestead.callcodecall_10_SuicideEndFiller[0m [31m1 failed[0m [90m149.29 ms[0m
   [31m✖[0m callcodecall_10_SuicideEnd
 [41m[37m FAIL [0m [37mgenerated_state.stCallDelegateCodesHomestead.callcodecallcall_100Filler[0m [31m1 failed[0m [90m165.14 ms[0m
   [31m✖[0m callcodecallcall_100
 [32m✓[0m [2mgenerated_state.stCallDelegateCodesHomestead.callcodecallcall_100_OOGEFiller[0m [32m(1)[0m [90m4.41 ms[0m
   [32m✓[0m callcodecallcall_100_OOGE
 [32m✓[0m [2mgenerated_state.stCallDelegateCodesHomestead.callcodecallcall_100_OOGMAfterFiller[0m [32m(1)[0m [90m4.34 ms[0m
   [32m✓[0m callcodecallcall_100_OOGMAfter
 [32m✓[0m [2mgenerated_state.stCallDelegateCodesHomestead.callcodecallcall_100_OOGMBeforeFiller[0m [32m(1)[0m [90m4.10 ms[0m
   [32m✓[0m callcodecallcall_100_OOGMBefore
 [32m✓[0m [2mgenerated_state.stCallDelegateCodesHomestead.callcodecallcall_100_SuicideEndFiller[0m [32m(1)[0m [90m3.94 ms[0m
   [32m✓[0m callcodecallcall_100_SuicideEnd
 [41m[37m FAIL [0m [37mgenerated_state.stCallDelegateCodesHomestead.callcodecallcall_100_SuicideMiddleFiller[0m [31m1 failed[0m [90m150.85 ms[0m
   [31m✖[0m callcodecallcall_100_SuicideMiddle
 [41m[37m FAIL [0m [37mgenerated_state.stCallDelegateCodesHomestead.callcodecallcall_ABCB_RECURSIVEFiller[0m [31m1 failed[0m [90m313.68 ms[0m
   [31m✖[0m callcodecallcall_ABCB_RECURSIVE
 [41m[37m FAIL [0m [37mgenerated_state.stCallDelegateCodesHomestead.callcodecallcallcode_101Filler[0m [31m1 failed[0m [90m155.19 ms[0m
   [31m✖[0m callcodecallcallcode_101
 [32m✓[0m [2mgenerated_state.stCallDelegateCodesHomestead.callcodecallcallcode_101_OOGEFiller[0m [32m(1)[0m [90m5.31 ms[0m
   [32m✓[0m callcodecallcallcode_101_OOGE
 [32m✓[0m [2mgenerated_state.stCallDelegateCodesHomestead.callcodecallcallcode_101_OOGMAfterFiller[0m [32m(1)[0m [90m4.28 ms[0m
   [32m✓[0m callcodecallcallcode_101_OOGMAfter
 [32m✓[0m [2mgenerated_state.stCallDelegateCodesHomestead.callcodecallcallcode_101_OOGMBeforeFiller[0m [32m(1)[0m [90m4.38 ms[0m
   [32m✓[0m callcodecallcallcode_101_OOGMBefore
 [32m✓[0m [2mgenerated_state.stCallDelegateCodesHomestead.callcodecallcallcode_101_SuicideEndFiller[0m [32m(1)[0m [90m5.15 ms[0m
   [32m✓[0m callcodecallcallcode_101_SuicideEnd
 [41m[37m FAIL [0m [37mgenerated_state.stCallDelegateCodesHomestead.callcodecallcallcode_101_SuicideMiddleFiller[0m [31m1 failed[0m [90m154.13 ms[0m
   [31m✖[0m callcodecallcallcode_101_SuicideMiddle
 [41m[37m FAIL [0m [37mgenerated_state.stCallDelegateCodesHomestead.callcodecallcallcode_ABCB_RECURSIVEFiller[0m [31m1 failed[0m [90m327.97 ms[0m
   [31m✖[0m callcodecallcallcode_ABCB_RECURSIVE
 [41m[37m FAIL [0m [37mgenerated_state.stCallDelegateCodesHomestead.callcodecallcode_11Filler[0m [31m1 failed[0m [90m151.56 ms[0m
   [31m✖[0m callcodecallcode_11
 [32m✓[0m [2mgenerated_state.stCallDelegateCodesHomestead.callcodecallcode_11_OOGEFiller[0m [32m(1)[0m [90m5.62 ms[0m
   [32m✓[0m callcodecallcode_11_OOGE
 [41m[37m FAIL [0m [37mgenerated_state.stCallDelegateCodesHomestead.callcodecallcode_11_SuicideEndFiller[0m [31m1 failed[0m [90m147.50 ms[0m
   [31m✖[0m callcodecallcode_11_SuicideEnd
 [41m[37m FAIL [0m [37mgenerated_state.stCallDelegateCodesHomestead.callcodecallcodecall_110Filler[0m [31m1 failed[0m [90m153.52 ms[0m
   [31m✖[0m callcodecallcodecall_110
 [32m✓[0m [2mgenerated_state.stCallDelegateCodesHomestead.callcodecallcodecall_110_OOGEFiller[0m [32m(1)[0m [90m7.65 ms[0m
   [32m✓[0m callcodecallcodecall_110_OOGE
 [32m✓[0m [2mgenerated_state.stCallDelegateCodesHomestead.callcodecallcodecall_110_OOGMAfterFiller[0m [32m(1)[0m [90m3.95 ms[0m
   [32m✓[0m callcodecallcodecall_110_OOGMAfter
 [32m✓[0m [2mgenerated_state.stCallDelegateCodesHomestead.callcodecallcodecall_110_OOGMBeforeFiller[0m [32m(1)[0m [90m4.63 ms[0m
   [32m✓[0m callcodecallcodecall_110_OOGMBefore
 [41m[37m FAIL [0m [37mgenerated_state.stCallDelegateCodesHomestead.callcodecallcodecall_110_SuicideEndFiller[0m [31m1 failed[0m [90m148.85 ms[0m
   [31m✖[0m callcodecallcodecall_110_SuicideEnd
 [41m[37m FAIL [0m [37mgenerated_state.stCallDelegateCodesHomestead.callcodecallcodecall_110_SuicideMiddleFiller[0m [31m1 failed[0m [90m145.93 ms[0m
   [31m✖[0m callcodecallcodecall_110_SuicideMiddle
 [41m[37m FAIL [0m [37mgenerated_state.stCallDelegateCodesHomestead.callcodecallcodecall_ABCB_RECURSIVEFiller[0m [31m1 failed[0m [90m315.17 ms[0m
   [31m✖[0m callcodecallcodecall_ABCB_RECURSIVE
 [41m[37m FAIL [0m [37mgenerated_state.stCallDelegateCodesHomestead.callcodecallcodecallcode_111Filler[0m [31m1 failed[0m [90m148.86 ms[0m
   [31m✖[0m callcodecallcodecallcode_111
 [32m✓[0m [2mgenerated_state.stCallDelegateCodesHomestead.callcodecallcodecallcode_111_OOGEFiller[0m [32m(1)[0m [90m5.66 ms[0m
   [32m✓[0m callcodecallcodecallcode_111_OOGE
 [32m✓[0m [2mgenerated_state.stCallDelegateCodesHomestead.callcodecallcodecallcode_111_OOGMAfterFiller[0m [32m(1)[0m [90m3.79 ms[0m
   [32m✓[0m callcodecallcodecallcode_111_OOGMAfter
 [32m✓[0m [2mgenerated_state.stCallDelegateCodesHomestead.callcodecallcodecallcode_111_OOGMBeforeFiller[0m [32m(1)[0m [90m3.85 ms[0m
   [32m✓[0m callcodecallcodecallcode_111_OOGMBefore
 [41m[37m FAIL [0m [37mgenerated_state.stCallDelegateCodesHomestead.callcodecallcodecallcode_111_SuicideEndFiller[0m [31m1 failed[0m [90m148.10 ms[0m
   [31m✖[0m callcodecallcodecallcode_111_SuicideEnd
 [41m[37m FAIL [0m [37mgenerated_state.stCallDelegateCodesHomestead.callcodecallcodecallcode_111_SuicideMiddleFiller[0m [31m1 failed[0m [90m167.38 ms[0m
   [31m✖[0m callcodecallcodecallcode_111_SuicideMiddle
 [41m[37m FAIL [0m [37mgenerated_state.stCallDelegateCodesHomestead.callcodecallcodecallcode_ABCB_RECURSIVEFiller[0m [31m1 failed[0m [90m323.53 ms[0m
   [31m✖[0m callcodecallcodecallcode_ABCB_RECURSIVE
 [32m✓[0m [2mgenerated_state.stChainId.chainIdFiller[0m [32m(1)[0m [90m4.27 ms[0m
   [32m✓[0m chainId
 [32m✓[0m [2mgenerated_state.stChainId.chainIdGasCostFiller[0m [32m(1)[0m [90m4.16 ms[0m
   [32m✓[0m chainIdGasCost
 [32m✓[0m [2mgenerated_state.stCodeCopyTest.ExtCodeCopyTargetRangeLongerThanCodeTestsFiller[0m [32m(1)[0m [90m4.43 ms[0m
   [32m✓[0m ExtCodeCopyTargetRangeLongerThanCodeTests
 [32m✓[0m [2mgenerated_state.stCodeCopyTest.ExtCodeCopyTestsParisFiller[0m [32m(1)[0m [90m4.19 ms[0m
   [32m✓[0m ExtCodeCopyTestsParis
 [41m[37m FAIL [0m [37mgenerated_state.stCodeSizeLimit.codesizeInitFiller[0m [31m1 failed[0m [90m4.13 ms[0m
   [31m✖[0m codesizeInit
 [41m[37m FAIL [0m [37mgenerated_state.stCodeSizeLimit.codesizeOOGInvalidSizeFiller[0m [31m1 failed[0m [90m3.53 ms[0m
   [31m✖[0m codesizeOOGInvalidSize
 [41m[37m FAIL [0m [37mgenerated_state.stCodeSizeLimit.codesizeValidFiller[0m [31m1 failed[0m [90m3.85 ms[0m
   [31m✖[0m codesizeValid
 [32m✓[0m [2mgenerated_state.stCreate2.CREATE2_Bounds2Filler[0m [32m(1)[0m [90m4.62 ms[0m
   [32m✓[0m CREATE2_Bounds2
 [32m✓[0m [2mgenerated_state.stCreate2.CREATE2_Bounds3Filler[0m [32m(1)[0m [90m4.93 ms[0m
   [32m✓[0m CREATE2_Bounds3
 [41m[37m FAIL [0m [37mgenerated_state.stCreate2.CREATE2_BoundsFiller[0m [31m1 failed[0m [90m156.85 ms[0m
   [31m✖[0m CREATE2_Bounds
 [41m[37m FAIL [0m [37mgenerated_state.stCreate2.CREATE2_ContractSuicideDuringInit_ThenStoreThenReturnFiller[0m [31m1 failed[0m [90m150.93 ms[0m
   [31m✖[0m CREATE2_ContractSuicideDuringInit_ThenStoreThenReturn
 [41m[37m FAIL [0m [37mgenerated_state.stCreate2.CREATE2_SuicideFiller[0m [31m1 failed[0m [90m4.98 ms[0m
   [31m✖[0m CREATE2_Suicide
 [41m[37m FAIL [0m [37mgenerated_state.stCreate2.Create2OOGafterInitCodeFiller[0m [31m1 failed[0m [90m135.72 ms[0m
   [31m✖[0m Create2OOGafterInitCode
 [41m[37m FAIL [0m [37mgenerated_state.stCreate2.Create2OOGafterInitCodeReturndata2Filler[0m [31m1 failed[0m [90m153.52 ms[0m
   [31m✖[0m Create2OOGafterInitCodeReturndata2
 [32m✓[0m [2mgenerated_state.stCreate2.Create2OOGafterInitCodeReturndata3Filler[0m [32m(1)[0m [90m3.80 ms[0m
   [32m✓[0m Create2OOGafterInitCodeReturndata3
 [32m✓[0m [2mgenerated_state.stCreate2.Create2OOGafterInitCodeReturndataFiller[0m [32m(1)[0m [90m3.94 ms[0m
   [32m✓[0m Create2OOGafterInitCodeReturndata
 [41m[37m FAIL [0m [37mgenerated_state.stCreate2.Create2OOGafterInitCodeReturndataSizeFiller[0m [31m1 failed[0m [90m4.48 ms[0m
   [31m✖[0m Create2OOGafterInitCodeReturndataSize
 [32m✓[0m [2mgenerated_state.stCreate2.Create2OOGafterInitCodeRevert2Filler[0m [32m(1)[0m [90m4.56 ms[0m
   [32m✓[0m Create2OOGafterInitCodeRevert2
 [32m✓[0m [2mgenerated_state.stCreate2.Create2OOGafterInitCodeRevertFiller[0m [32m(1)[0m [90m4.56 ms[0m
   [32m✓[0m Create2OOGafterInitCodeRevert
 [41m[37m FAIL [0m [37mgenerated_state.stCreate2.Create2OnDepth1023Filler[0m [31m1 failed[0m [90m4.84 ms[0m
   [31m✖[0m Create2OnDepth1023
 [41m[37m FAIL [0m [37mgenerated_state.stCreate2.Create2OnDepth1024Filler[0m [31m1 failed[0m [90m3.87 ms[0m
   [31m✖[0m Create2OnDepth1024
 [41m[37m FAIL [0m [37mgenerated_state.stCreate2.Create2RecursiveFiller[0m [31m1 failed[0m [33m1.01 s[0m
   [31m✖[0m Create2Recursive
 [41m[37m FAIL [0m [37mgenerated_state.stCreate2.CreateMessageRevertedFiller[0m [31m1 failed[0m [90m151.10 ms[0m
   [31m✖[0m CreateMessageReverted
 [41m[37m FAIL [0m [37mgenerated_state.stCreate2.CreateMessageRevertedOOGInInit2Filler[0m [31m1 failed[0m [90m4.62 ms[0m
   [31m✖[0m CreateMessageRevertedOOGInInit2
 [41m[37m FAIL [0m [37mgenerated_state.stCreate2.RevertDepthCreate2OOGBerlinFiller[0m [31m1 failed[0m [90m155.30 ms[0m
   [31m✖[0m RevertDepthCreate2OOGBerlin
 [41m[37m FAIL [0m [37mgenerated_state.stCreate2.RevertDepthCreate2OOGFiller[0m [31m1 failed[0m [90m152.38 ms[0m
   [31m✖[0m RevertDepthCreate2OOG
 [41m[37m FAIL [0m [37mgenerated_state.stCreate2.RevertDepthCreateAddressCollisionBerlinFiller[0m [31m1 failed[0m [90m151.49 ms[0m
   [31m✖[0m RevertDepthCreateAddressCollisionBerlin
 [41m[37m FAIL [0m [37mgenerated_state.stCreate2.RevertDepthCreateAddressCollisionFiller[0m [31m1 failed[0m [90m140.46 ms[0m
   [31m✖[0m RevertDepthCreateAddressCollision
 [41m[37m FAIL [0m [37mgenerated_state.stCreate2.RevertInCreateInInitCreate2ParisFiller[0m [31m1 failed[0m [90m4.99 ms[0m
   [31m✖[0m RevertInCreateInInitCreate2Paris
 [41m[37m FAIL [0m [37mgenerated_state.stCreate2.RevertOpcodeCreateFiller[0m [31m1 failed[0m [90m150.14 ms[0m
   [31m✖[0m RevertOpcodeCreate
 [41m[37m FAIL [0m [37mgenerated_state.stCreate2.RevertOpcodeInCreateReturnsCreate2Filler[0m [31m1 failed[0m [90m4.09 ms[0m
   [31m✖[0m RevertOpcodeInCreateReturnsCreate2
 [41m[37m FAIL [0m [37mgenerated_state.stCreate2.call_outsize_then_create2_successful_then_returndatasizeFiller[0m [31m1 failed[0m [90m7.76 ms[0m
   [31m✖[0m call_outsize_then_create2_successful_then_returndatasize
 [41m[37m FAIL [0m [37mgenerated_state.stCreate2.call_then_create2_successful_then_returndatasizeFiller[0m [31m1 failed[0m [90m4.04 ms[0m
   [31m✖[0m call_then_create2_successful_then_returndatasize
 [41m[37m FAIL [0m [37mgenerated_state.stCreate2.create2InitCodesFiller[0m [31m1 failed[0m [90m5.27 ms[0m
   [31m✖[0m create2InitCodes
 [41m[37m FAIL [0m [37mgenerated_state.stCreate2.create2SmartInitCodeFiller[0m [31m1 failed[0m [90m4.61 ms[0m
   [31m✖[0m create2SmartInitCode
 [41m[37m FAIL [0m [37mgenerated_state.stCreate2.create2callPrecompilesFiller[0m [31m1 failed[0m [90m13.12 ms[0m
   [31m✖[0m create2callPrecompiles
 [41m[37m FAIL [0m [37mgenerated_state.stCreate2.create2checkFieldsInInitcodeFiller[0m [31m1 failed[0m [90m12.94 ms[0m
   [31m✖[0m create2checkFieldsInInitcode
 [41m[37m FAIL [0m [37mgenerated_state.stCreate2.create2collisionBalanceFiller[0m [31m1 failed[0m [90m4.81 ms[0m
   [31m✖[0m create2collisionBalance
 [41m[37m FAIL [0m [37mgenerated_state.stCreate2.create2collisionCode2Filler[0m [31m1 failed[0m [90m6.07 ms[0m
   [31m✖[0m create2collisionCode2
 [41m[37m FAIL [0m [37mgenerated_state.stCreate2.create2collisionCodeFiller[0m [31m1 failed[0m [90m6.51 ms[0m
   [31m✖[0m create2collisionCode
 [41m[37m FAIL [0m [37mgenerated_state.stCreate2.create2collisionNonceFiller[0m [31m1 failed[0m [90m5.16 ms[0m
   [31m✖[0m create2collisionNonce
 [41m[37m FAIL [0m [37mgenerated_state.stCreate2.create2collisionSelfdestructed2Filler[0m [31m1 failed[0m [90m4.49 ms[0m
   [31m✖[0m create2collisionSelfdestructed2
 [41m[37m FAIL [0m [37mgenerated_state.stCreate2.create2collisionSelfdestructedFiller[0m [31m1 failed[0m [90m4.19 ms[0m
   [31m✖[0m create2collisionSelfdestructed
 [41m[37m FAIL [0m [37mgenerated_state.stCreate2.create2collisionSelfdestructedOOGFiller[0m [31m1 failed[0m [90m4.77 ms[0m
   [31m✖[0m create2collisionSelfdestructedOOG
 [41m[37m FAIL [0m [37mgenerated_state.stCreate2.create2collisionSelfdestructedRevertFiller[0m [31m1 failed[0m [90m4.93 ms[0m
   [31m✖[0m create2collisionSelfdestructedRevert
 [41m[37m FAIL [0m [37mgenerated_state.stCreate2.create2collisionStorageParisFiller[0m [31m1 failed[0m [90m5.40 ms[0m
   [31m✖[0m create2collisionStorageParis
 [41m[37m FAIL [0m [37mgenerated_state.stCreate2.create2noCashFiller[0m [31m1 failed[0m [90m4.77 ms[0m
   [31m✖[0m create2noCash
 [41m[37m FAIL [0m [37mgenerated_state.stCreate2.returndatacopy_0_0_following_successful_createFiller[0m [31m1 failed[0m [90m5.03 ms[0m
   [31m✖[0m returndatacopy_0_0_following_successful_create
 [41m[37m FAIL [0m [37mgenerated_state.stCreate2.returndatacopy_afterFailing_createFiller[0m [31m1 failed[0m [90m4.02 ms[0m
   [31m✖[0m returndatacopy_afterFailing_create
 [41m[37m FAIL [0m [37mgenerated_state.stCreate2.returndatacopy_following_createFiller[0m [31m1 failed[0m [90m7.83 ms[0m
   [31m✖[0m returndatacopy_following_create
 [41m[37m FAIL [0m [37mgenerated_state.stCreate2.returndatacopy_following_revert_in_createFiller[0m [31m1 failed[0m [90m148.10 ms[0m
   [31m✖[0m returndatacopy_following_revert_in_create
 [41m[37m FAIL [0m [37mgenerated_state.stCreate2.returndatacopy_following_successful_createFiller[0m [31m1 failed[0m [90m5.26 ms[0m
   [31m✖[0m returndatacopy_following_successful_create
 [41m[37m FAIL [0m [37mgenerated_state.stCreate2.returndatasize_following_successful_createFiller[0m [31m1 failed[0m [90m4.22 ms[0m
   [31m✖[0m returndatasize_following_successful_create
 [32m✓[0m [2mgenerated_state.stCreateTest.CREATE_AcreateB_BSuicide_BStoreFiller[0m [32m(1)[0m [90m4.67 ms[0m
   [32m✓[0m CREATE_AcreateB_BSuicide_BStore
 [32m✓[0m [2mgenerated_state.stCreateTest.CREATE_ContractSSTOREDuringInitFiller[0m [32m(1)[0m [90m4.64 ms[0m
   [32m✓[0m CREATE_ContractSSTOREDuringInit
 [41m[37m FAIL [0m [37mgenerated_state.stCreateTest.CREATE_ContractSuicideDuringInitFiller[0m [31m1 failed[0m [90m142.26 ms[0m
   [31m✖[0m CREATE_ContractSuicideDuringInit
 [41m[37m FAIL [0m [37mgenerated_state.stCreateTest.CREATE_ContractSuicideDuringInit_ThenStoreThenReturnFiller[0m [31m1 failed[0m [90m157.13 ms[0m
   [31m✖[0m CREATE_ContractSuicideDuringInit_ThenStoreThenReturn
 [41m[37m FAIL [0m [37mgenerated_state.stCreateTest.CREATE_ContractSuicideDuringInit_WithValueFiller[0m [31m1 failed[0m [90m148.53 ms[0m
   [31m✖[0m CREATE_ContractSuicideDuringInit_WithValue
 [41m[37m FAIL [0m [37mgenerated_state.stCreateTest.CREATE_ContractSuicideDuringInit_WithValueToItselfFiller[0m [31m1 failed[0m [90m4.98 ms[0m
   [31m✖[0m CREATE_ContractSuicideDuringInit_WithValueToItself
 [32m✓[0m [2mgenerated_state.stCreateTest.CREATE_EContractCreateEContractInInit_TrFiller[0m [32m(1)[0m [90m4.48 ms[0m
   [32m✓[0m CREATE_EContractCreateEContractInInit_Tr
 [41m[37m FAIL [0m [37mgenerated_state.stCreateTest.CREATE_EContractCreateNEContractInInitOOG_TrFiller[0m [31m1 failed[0m [90m159.10 ms[0m
   [31m✖[0m CREATE_EContractCreateNEContractInInitOOG_Tr
 [32m✓[0m [2mgenerated_state.stCreateTest.CREATE_EContractCreateNEContractInInit_TrFiller[0m [32m(1)[0m [90m4.81 ms[0m
   [32m✓[0m CREATE_EContractCreateNEContractInInit_Tr
 [41m[37m FAIL [0m [37mgenerated_state.stCreateTest.CREATE_EContract_ThenCALLToNonExistentAccFiller[0m [31m1 failed[0m [90m155.35 ms[0m
   [31m✖[0m CREATE_EContract_ThenCALLToNonExistentAcc
 [32m✓[0m [2mgenerated_state.stCreateTest.CREATE_EmptyContractAndCallIt_0weiFiller[0m [32m(1)[0m [90m4.38 ms[0m
   [32m✓[0m CREATE_EmptyContractAndCallIt_0wei
 [32m✓[0m [2mgenerated_state.stCreateTest.CREATE_EmptyContractAndCallIt_1weiFiller[0m [32m(1)[0m [90m4.16 ms[0m
   [32m✓[0m CREATE_EmptyContractAndCallIt_1wei
 [41m[37m FAIL [0m [37mgenerated_state.stCreateTest.CREATE_EmptyContractFiller[0m [31m1 failed[0m [90m4.53 ms[0m
   [31m✖[0m CREATE_EmptyContract
 [32m✓[0m [2mgenerated_state.stCreateTest.CREATE_EmptyContractWithBalanceFiller[0m [32m(1)[0m [90m5.54 ms[0m
   [32m✓[0m CREATE_EmptyContractWithBalance
 [32m✓[0m [2mgenerated_state.stCreateTest.CREATE_EmptyContractWithStorageAndCallIt_0weiFiller[0m [32m(1)[0m [90m6.00 ms[0m
   [32m✓[0m CREATE_EmptyContractWithStorageAndCallIt_0wei
 [32m✓[0m [2mgenerated_state.stCreateTest.CREATE_EmptyContractWithStorageAndCallIt_1weiFiller[0m [32m(1)[0m [90m3.74 ms[0m
   [32m✓[0m CREATE_EmptyContractWithStorageAndCallIt_1wei
 [32m✓[0m [2mgenerated_state.stCreateTest.CREATE_EmptyContractWithStorageFiller[0m [32m(1)[0m [90m4.39 ms[0m
   [32m✓[0m CREATE_EmptyContractWithStorage
 [32m✓[0m [2mgenerated_state.stCreateTest.CREATE_empty000CreateinInitCode_TransactionFiller[0m [32m(1)[0m [90m4.29 ms[0m
   [32m✓[0m CREATE_empty000CreateinInitCode_Transaction
 [41m[37m FAIL [0m [37mgenerated_state.stCreateTest.CreateCollisionToEmpty2Filler[0m [31m1 failed[0m [90m171.48 ms[0m
   [31m✖[0m CreateCollisionToEmpty2
 [41m[37m FAIL [0m [37mgenerated_state.stCreateTest.CreateOOGafterInitCodeFiller[0m [31m1 failed[0m [90m142.72 ms[0m
   [31m✖[0m CreateOOGafterInitCode
 [41m[37m FAIL [0m [37mgenerated_state.stCreateTest.CreateOOGafterInitCodeReturndata2Filler[0m [31m1 failed[0m [90m171.30 ms[0m
   [31m✖[0m CreateOOGafterInitCodeReturndata2
 [32m✓[0m [2mgenerated_state.stCreateTest.CreateOOGafterInitCodeReturndata3Filler[0m [32m(1)[0m [90m6.95 ms[0m
   [32m✓[0m CreateOOGafterInitCodeReturndata3
 [41m[37m FAIL [0m [37mgenerated_state.stCreateTest.CreateOOGafterInitCodeReturndataFiller[0m [31m1 failed[0m [90m157.52 ms[0m
   [31m✖[0m CreateOOGafterInitCodeReturndata
 [41m[37m FAIL [0m [37mgenerated_state.stCreateTest.CreateOOGafterInitCodeReturndataSizeFiller[0m [31m1 failed[0m [90m7.20 ms[0m
   [31m✖[0m CreateOOGafterInitCodeReturndataSize
 [41m[37m FAIL [0m [37mgenerated_state.stCreateTest.CreateOOGafterInitCodeRevert2Filler[0m [31m1 failed[0m [90m161.09 ms[0m
   [31m✖[0m CreateOOGafterInitCodeRevert2
 [41m[37m FAIL [0m [37mgenerated_state.stCreateTest.CreateOOGafterInitCodeRevertFiller[0m [31m1 failed[0m [90m160.95 ms[0m
   [31m✖[0m CreateOOGafterInitCodeRevert
 [41m[37m FAIL [0m [37mgenerated_state.stCreateTest.TransactionCollisionToEmpty2Filler[0m [31m1 failed[0m [90m165.31 ms[0m
   [31m✖[0m TransactionCollisionToEmpty2
 [32m✓[0m [2mgenerated_state.stCreateTest.TransactionCollisionToEmptyButCodeFiller[0m [32m(1)[0m [90m3.74 ms[0m
   [32m✓[0m TransactionCollisionToEmptyButCode
 [32m✓[0m [2mgenerated_state.stCreateTest.TransactionCollisionToEmptyButNonceFiller[0m [32m(1)[0m [90m4.67 ms[0m
   [32m✓[0m TransactionCollisionToEmptyButNonce
 [41m[37m FAIL [0m [37mgenerated_state.stDelegatecallTestHomestead.Call1024BalanceTooLowFiller[0m [31m1 failed[0m [90m4.95 ms[0m
   [31m✖[0m Call1024BalanceTooLow
 [41m[37m FAIL [0m [37mgenerated_state.stDelegatecallTestHomestead.Call1024OOGFiller[0m [31m1 failed[0m [90m5.67 ms[0m
   [31m✖[0m Call1024OOG
 [41m[37m FAIL [0m [37mgenerated_state.stDelegatecallTestHomestead.Call1024PreCallsFiller[0m [31m1 failed[0m [90m4.67 ms[0m
   [31m✖[0m Call1024PreCalls
 [41m[37m FAIL [0m [37mgenerated_state.stDelegatecallTestHomestead.CallLoseGasOOGFiller[0m [31m1 failed[0m [90m4.77 ms[0m
   [31m✖[0m CallLoseGasOOG
 [41m[37m FAIL [0m [37mgenerated_state.stDelegatecallTestHomestead.CallRecursiveBombPreCallFiller[0m [31m1 failed[0m [90m3.72 ms[0m
   [31m✖[0m CallRecursiveBombPreCall
 [41m[37m FAIL [0m [37mgenerated_state.stDelegatecallTestHomestead.CallcodeLoseGasOOGFiller[0m [31m1 failed[0m [90m5.36 ms[0m
   [31m✖[0m CallcodeLoseGasOOG
 [41m[37m FAIL [0m [37mgenerated_state.stDelegatecallTestHomestead.Delegatecall1024Filler[0m [31m1 failed[0m [90m4.20 ms[0m
   [31m✖[0m Delegatecall1024
 [41m[37m FAIL [0m [37mgenerated_state.stDelegatecallTestHomestead.Delegatecall1024OOGFiller[0m [31m1 failed[0m [90m4.48 ms[0m
   [31m✖[0m Delegatecall1024OOG
 [41m[37m FAIL [0m [37mgenerated_state.stDelegatecallTestHomestead.callOutput1Filler[0m [31m1 failed[0m [90m144.11 ms[0m
   [31m✖[0m callOutput1
 [41m[37m FAIL [0m [37mgenerated_state.stDelegatecallTestHomestead.callOutput2Filler[0m [31m1 failed[0m [90m142.61 ms[0m
   [31m✖[0m callOutput2
 [41m[37m FAIL [0m [37mgenerated_state.stDelegatecallTestHomestead.callOutput3Filler[0m [31m1 failed[0m [90m163.19 ms[0m
   [31m✖[0m callOutput3
 [41m[37m FAIL [0m [37mgenerated_state.stDelegatecallTestHomestead.callOutput3partialFailFiller[0m [31m1 failed[0m [90m163.43 ms[0m
   [31m✖[0m callOutput3partialFail
 [41m[37m FAIL [0m [37mgenerated_state.stDelegatecallTestHomestead.callOutput3partialFiller[0m [31m1 failed[0m [90m178.67 ms[0m
   [31m✖[0m callOutput3partial
 [32m✓[0m [2mgenerated_state.stDelegatecallTestHomestead.callWithHighValueAndGasOOGFiller[0m [32m(1)[0m [90m4.47 ms[0m
   [32m✓[0m callWithHighValueAndGasOOG
 [32m✓[0m [2mgenerated_state.stDelegatecallTestHomestead.callcodeOutput3Filler[0m [32m(1)[0m [90m5.11 ms[0m
   [32m✓[0m callcodeOutput3
 [32m✓[0m [2mgenerated_state.stDelegatecallTestHomestead.callcodeWithHighValueAndGasOOGFiller[0m [32m(1)[0m [90m4.73 ms[0m
   [32m✓[0m callcodeWithHighValueAndGasOOG
 [32m✓[0m [2mgenerated_state.stDelegatecallTestHomestead.deleagateCallAfterValueTransferFiller[0m [32m(1)[0m [90m5.24 ms[0m
   [32m✓[0m deleagateCallAfterValueTransfer
 [32m✓[0m [2mgenerated_state.stDelegatecallTestHomestead.delegatecallAndOOGatTxLevelFiller[0m [32m(1)[0m [90m4.47 ms[0m
   [32m✓[0m delegatecallAndOOGatTxLevel
 [32m✓[0m [2mgenerated_state.stDelegatecallTestHomestead.delegatecallBasicFiller[0m [32m(1)[0m [90m4.86 ms[0m
   [32m✓[0m delegatecallBasic
 [32m✓[0m [2mgenerated_state.stDelegatecallTestHomestead.delegatecallEmptycontractFiller[0m [32m(1)[0m [90m4.93 ms[0m
   [32m✓[0m delegatecallEmptycontract
 [32m✓[0m [2mgenerated_state.stDelegatecallTestHomestead.delegatecallInInitcodeToEmptyContractFiller[0m [32m(1)[0m [90m4.65 ms[0m
   [32m✓[0m delegatecallInInitcodeToEmptyContract
 [32m✓[0m [2mgenerated_state.stDelegatecallTestHomestead.delegatecallInInitcodeToExistingContractFiller[0m [32m(1)[0m [90m4.96 ms[0m
   [32m✓[0m delegatecallInInitcodeToExistingContract
 [32m✓[0m [2mgenerated_state.stDelegatecallTestHomestead.delegatecallInInitcodeToExistingContractOOGFiller[0m [32m(1)[0m [90m4.07 ms[0m
   [32m✓[0m delegatecallInInitcodeToExistingContractOOG
 [32m✓[0m [2mgenerated_state.stDelegatecallTestHomestead.delegatecallOOGinCallFiller[0m [32m(1)[0m [90m5.15 ms[0m
   [32m✓[0m delegatecallOOGinCall
 [41m[37m FAIL [0m [37mgenerated_state.stDelegatecallTestHomestead.delegatecallSenderCheckFiller[0m [31m1 failed[0m [90m162.74 ms[0m
   [31m✖[0m delegatecallSenderCheck
 [41m[37m FAIL [0m [37mgenerated_state.stDelegatecallTestHomestead.delegatecallValueCheckFiller[0m [31m1 failed[0m [90m159.41 ms[0m
   [31m✖[0m delegatecallValueCheck
 [41m[37m FAIL [0m [37mgenerated_state.stDelegatecallTestHomestead.delegatecodeDynamicCode2SelfCallFiller[0m [31m1 failed[0m [90m8.10 ms[0m
   [31m✖[0m delegatecodeDynamicCode2SelfCall
 [32m✓[0m [2mgenerated_state.stDelegatecallTestHomestead.delegatecodeDynamicCodeFiller[0m [32m(1)[0m [90m6.77 ms[0m
   [32m✓[0m delegatecodeDynamicCode
 [41m[37m FAIL [0m [37mgenerated_state.stEIP150Specific.CallAndCallcodeConsumeMoreGasThenTransactionHasFiller[0m [31m1 failed[0m [90m5.15 ms[0m
   [31m✖[0m CallAndCallcodeConsumeMoreGasThenTransactionHas
 [41m[37m FAIL [0m [37mgenerated_state.stEIP150Specific.CallAskMoreGasOnDepth2ThenTransactionHasFiller[0m [31m1 failed[0m [90m4.63 ms[0m
   [31m✖[0m CallAskMoreGasOnDepth2ThenTransactionHas
 [41m[37m FAIL [0m [37mgenerated_state.stEIP150Specific.CallGoesOOGOnSecondLevel2Filler[0m [31m1 failed[0m [90m4.45 ms[0m
   [31m✖[0m CallGoesOOGOnSecondLevel2
 [41m[37m FAIL [0m [37mgenerated_state.stEIP150Specific.CallGoesOOGOnSecondLevelFiller[0m [31m1 failed[0m [90m4.13 ms[0m
   [31m✖[0m CallGoesOOGOnSecondLevel
 [41m[37m FAIL [0m [37mgenerated_state.stEIP150Specific.CreateAndGasInsideCreateFiller[0m [31m1 failed[0m [90m4.59 ms[0m
   [31m✖[0m CreateAndGasInsideCreate
 [41m[37m FAIL [0m [37mgenerated_state.stEIP150Specific.DelegateCallOnEIPFiller[0m [31m1 failed[0m [90m4.21 ms[0m
   [31m✖[0m DelegateCallOnEIP
 [32m✓[0m [2mgenerated_state.stEIP150Specific.ExecuteCallThatAskForeGasThenTrabsactionHasFiller[0m [32m(1)[0m [90m4.08 ms[0m
   [32m✓[0m ExecuteCallThatAskForeGasThenTrabsactionHas
 [41m[37m FAIL [0m [37mgenerated_state.stEIP150Specific.NewGasPriceForCodesFiller[0m [31m1 failed[0m [90m178.02 ms[0m
   [31m✖[0m NewGasPriceForCodes
 [41m[37m FAIL [0m [37mgenerated_state.stEIP150Specific.SuicideToExistingContractFiller[0m [31m1 failed[0m [90m162.37 ms[0m
   [31m✖[0m SuicideToExistingContract
 [41m[37m FAIL [0m [37mgenerated_state.stEIP150Specific.SuicideToNotExistingContractFiller[0m [31m1 failed[0m [90m153.14 ms[0m
   [31m✖[0m SuicideToNotExistingContract
 [41m[37m FAIL [0m [37mgenerated_state.stEIP150Specific.Transaction64Rule_d64e0Filler[0m [31m1 failed[0m [90m152.52 ms[0m
   [31m✖[0m Transaction64Rule_d64e0
 [41m[37m FAIL [0m [37mgenerated_state.stEIP150Specific.Transaction64Rule_d64m1Filler[0m [31m1 failed[0m [90m159.79 ms[0m
   [31m✖[0m Transaction64Rule_d64m1
 [41m[37m FAIL [0m [37mgenerated_state.stEIP150Specific.Transaction64Rule_d64p1Filler[0m [31m1 failed[0m [90m151.79 ms[0m
   [31m✖[0m Transaction64Rule_d64p1
 [41m[37m FAIL [0m [37mgenerated_state.stEIP150singleCodeGasPrices.RawBalanceGasFiller[0m [31m1 failed[0m [90m155.08 ms[0m
   [31m✖[0m RawBalanceGas
 [41m[37m FAIL [0m [37mgenerated_state.stEIP150singleCodeGasPrices.RawCallCodeGasAskFiller[0m [31m1 failed[0m [90m171.08 ms[0m
   [31m✖[0m RawCallCodeGasAsk
 [41m[37m FAIL [0m [37mgenerated_state.stEIP150singleCodeGasPrices.RawCallCodeGasFiller[0m [31m1 failed[0m [90m155.63 ms[0m
   [31m✖[0m RawCallCodeGas
 [41m[37m FAIL [0m [37mgenerated_state.stEIP150singleCodeGasPrices.RawCallCodeGasMemoryAskFiller[0m [31m1 failed[0m [90m167.04 ms[0m
   [31m✖[0m RawCallCodeGasMemoryAsk
 [41m[37m FAIL [0m [37mgenerated_state.stEIP150singleCodeGasPrices.RawCallCodeGasMemoryFiller[0m [31m1 failed[0m [90m177.82 ms[0m
   [31m✖[0m RawCallCodeGasMemory
 [41m[37m FAIL [0m [37mgenerated_state.stEIP150singleCodeGasPrices.RawCallCodeGasValueTransferAskFiller[0m [31m1 failed[0m [90m155.63 ms[0m
   [31m✖[0m RawCallCodeGasValueTransferAsk
 [41m[37m FAIL [0m [37mgenerated_state.stEIP150singleCodeGasPrices.RawCallCodeGasValueTransferFiller[0m [31m1 failed[0m [90m167.44 ms[0m
   [31m✖[0m RawCallCodeGasValueTransfer
 [41m[37m FAIL [0m [37mgenerated_state.stEIP150singleCodeGasPrices.RawCallCodeGasValueTransferMemoryAskFiller[0m [31m1 failed[0m [90m171.15 ms[0m
   [31m✖[0m RawCallCodeGasValueTransferMemoryAsk
 [41m[37m FAIL [0m [37mgenerated_state.stEIP150singleCodeGasPrices.RawCallCodeGasValueTransferMemoryFiller[0m [31m1 failed[0m [90m167.35 ms[0m
   [31m✖[0m RawCallCodeGasValueTransferMemory
 [41m[37m FAIL [0m [37mgenerated_state.stEIP150singleCodeGasPrices.RawCallGasAskFiller[0m [31m1 failed[0m [90m159.46 ms[0m
   [31m✖[0m RawCallGasAsk
 [41m[37m FAIL [0m [37mgenerated_state.stEIP150singleCodeGasPrices.RawCallGasFiller[0m [31m1 failed[0m [90m154.56 ms[0m
   [31m✖[0m RawCallGas
 [41m[37m FAIL [0m [37mgenerated_state.stEIP150singleCodeGasPrices.RawCallGasValueTransferAskFiller[0m [31m1 failed[0m [90m160.09 ms[0m
   [31m✖[0m RawCallGasValueTransferAsk
 [41m[37m FAIL [0m [37mgenerated_state.stEIP150singleCodeGasPrices.RawCallGasValueTransferFiller[0m [31m1 failed[0m [90m155.29 ms[0m
   [31m✖[0m RawCallGasValueTransfer
 [41m[37m FAIL [0m [37mgenerated_state.stEIP150singleCodeGasPrices.RawCallGasValueTransferMemoryAskFiller[0m [31m1 failed[0m [90m163.08 ms[0m
   [31m✖[0m RawCallGasValueTransferMemoryAsk
 [41m[37m FAIL [0m [37mgenerated_state.stEIP150singleCodeGasPrices.RawCallGasValueTransferMemoryFiller[0m [31m1 failed[0m [90m159.93 ms[0m
   [31m✖[0m RawCallGasValueTransferMemory
 [41m[37m FAIL [0m [37mgenerated_state.stEIP150singleCodeGasPrices.RawCallMemoryGasAskFiller[0m [31m1 failed[0m [90m159.05 ms[0m
   [31m✖[0m RawCallMemoryGasAsk
 [41m[37m FAIL [0m [37mgenerated_state.stEIP150singleCodeGasPrices.RawCallMemoryGasFiller[0m [31m1 failed[0m [90m159.96 ms[0m
   [31m✖[0m RawCallMemoryGas
 [41m[37m FAIL [0m [37mgenerated_state.stEIP150singleCodeGasPrices.RawCreateFailGasValueTransfer2Filler[0m [31m1 failed[0m [90m155.64 ms[0m
   [31m✖[0m RawCreateFailGasValueTransfer2
 [41m[37m FAIL [0m [37mgenerated_state.stEIP150singleCodeGasPrices.RawCreateFailGasValueTransferFiller[0m [31m1 failed[0m [90m155.64 ms[0m
   [31m✖[0m RawCreateFailGasValueTransfer
 [41m[37m FAIL [0m [37mgenerated_state.stEIP150singleCodeGasPrices.RawCreateGasFiller[0m [31m1 failed[0m [90m151.61 ms[0m
   [31m✖[0m RawCreateGas
 [41m[37m FAIL [0m [37mgenerated_state.stEIP150singleCodeGasPrices.RawCreateGasMemoryFiller[0m [31m1 failed[0m [90m167.92 ms[0m
   [31m✖[0m RawCreateGasMemory
 [41m[37m FAIL [0m [37mgenerated_state.stEIP150singleCodeGasPrices.RawCreateGasValueTransferFiller[0m [31m1 failed[0m [90m153.22 ms[0m
   [31m✖[0m RawCreateGasValueTransfer
 [41m[37m FAIL [0m [37mgenerated_state.stEIP150singleCodeGasPrices.RawCreateGasValueTransferMemoryFiller[0m [31m1 failed[0m [90m152.98 ms[0m
   [31m✖[0m RawCreateGasValueTransferMemory
 [41m[37m FAIL [0m [37mgenerated_state.stEIP150singleCodeGasPrices.RawDelegateCallGasAskFiller[0m [31m1 failed[0m [90m147.23 ms[0m
   [31m✖[0m RawDelegateCallGasAsk
 [41m[37m FAIL [0m [37mgenerated_state.stEIP150singleCodeGasPrices.RawDelegateCallGasFiller[0m [31m1 failed[0m [90m151.83 ms[0m
   [31m✖[0m RawDelegateCallGas
 [41m[37m FAIL [0m [37mgenerated_state.stEIP150singleCodeGasPrices.RawDelegateCallGasMemoryAskFiller[0m [31m1 failed[0m [90m166.29 ms[0m
   [31m✖[0m RawDelegateCallGasMemoryAsk
 [41m[37m FAIL [0m [37mgenerated_state.stEIP150singleCodeGasPrices.RawDelegateCallGasMemoryFiller[0m [31m1 failed[0m [90m154.16 ms[0m
   [31m✖[0m RawDelegateCallGasMemory
 [32m✓[0m [2mgenerated_state.stEIP150singleCodeGasPrices.RawExtCodeCopyGasFiller[0m [32m(1)[0m [90m3.90 ms[0m
   [32m✓[0m RawExtCodeCopyGas
 [32m✓[0m [2mgenerated_state.stEIP150singleCodeGasPrices.RawExtCodeCopyMemoryGasFiller[0m [32m(1)[0m [90m7.99 ms[0m
   [32m✓[0m RawExtCodeCopyMemoryGas
 [41m[37m FAIL [0m [37mgenerated_state.stEIP150singleCodeGasPrices.RawExtCodeSizeGasFiller[0m [31m1 failed[0m [90m145.22 ms[0m
   [31m✖[0m RawExtCodeSizeGas
 [41m[37m FAIL [0m [37mgenerated_state.stEIP158Specific.CALL_OneVCallSuicide2Filler[0m [31m1 failed[0m [90m141.85 ms[0m
   [31m✖[0m CALL_OneVCallSuicide2
 [41m[37m FAIL [0m [37mgenerated_state.stEIP158Specific.CALL_OneVCallSuicideFiller[0m [31m1 failed[0m [90m160.91 ms[0m
   [31m✖[0m CALL_OneVCallSuicide
 [41m[37m FAIL [0m [37mgenerated_state.stEIP158Specific.CALL_ZeroVCallSuicideFiller[0m [31m1 failed[0m [90m155.05 ms[0m
   [31m✖[0m CALL_ZeroVCallSuicide
 [32m✓[0m [2mgenerated_state.stEIP158Specific.EXP_EmptyFiller[0m [32m(1)[0m [90m8.84 ms[0m
   [32m✓[0m EXP_Empty
 [41m[37m FAIL [0m [37mgenerated_state.stEIP158Specific.EXTCODESIZE_toEpmtyParisFiller[0m [31m1 failed[0m [90m146.87 ms[0m
   [31m✖[0m EXTCODESIZE_toEpmtyParis
 [32m✓[0m [2mgenerated_state.stEIP158Specific.EXTCODESIZE_toNonExistentFiller[0m [32m(1)[0m [90m4.51 ms[0m
   [32m✓[0m EXTCODESIZE_toNonExistent
 [32m✓[0m [2mgenerated_state.stEIP158Specific.callToEmptyThenCallErrorParisFiller[0m [32m(1)[0m [90m5.02 ms[0m
   [32m✓[0m callToEmptyThenCallErrorParis
 [41m[37m FAIL [0m [37mgenerated_state.stEIP158Specific.vitalikTransactionTestParisFiller[0m [31m1 failed[0m [90m156.41 ms[0m
   [31m✖[0m vitalikTransactionTestParis
 [41m[37m FAIL [0m [37mgenerated_state.stExample.add11Filler[0m [31m1 failed[0m [90m3.98 ms[0m
   [31m✖[0m add11
 [41m[37m FAIL [0m [37mgenerated_state.stExample.invalidTrFiller[0m [31m1 failed[0m [90m4.58 ms[0m
   [31m✖[0m invalidTr
 [41m[37m FAIL [0m [37mgenerated_state.stExtCodeHash.callToNonExistentFiller[0m [31m1 failed[0m [90m163.75 ms[0m
   [31m✖[0m callToNonExistent
 [41m[37m FAIL [0m [37mgenerated_state.stExtCodeHash.callToSuicideThenExtcodehashFiller[0m [31m1 failed[0m [90m150.91 ms[0m
   [31m✖[0m callToSuicideThenExtcodehash
 [41m[37m FAIL [0m [37mgenerated_state.stExtCodeHash.createEmptyThenExtcodehashFiller[0m [31m1 failed[0m [90m4.53 ms[0m
   [31m✖[0m createEmptyThenExtcodehash
 [41m[37m FAIL [0m [37mgenerated_state.stExtCodeHash.extCodeHashCALLCODEFiller[0m [31m1 failed[0m [90m147.31 ms[0m
   [31m✖[0m extCodeHashCALLCODE
 [41m[37m FAIL [0m [37mgenerated_state.stExtCodeHash.extCodeHashCALLFiller[0m [31m1 failed[0m [90m156.52 ms[0m
   [31m✖[0m extCodeHashCALL
 [41m[37m FAIL [0m [37mgenerated_state.stExtCodeHash.extCodeHashChangedAccountFiller[0m [31m1 failed[0m [90m154.71 ms[0m
   [31m✖[0m extCodeHashChangedAccount
 [41m[37m FAIL [0m [37mgenerated_state.stExtCodeHash.extCodeHashCreatedAndDeletedAccountCallFiller[0m [31m1 failed[0m [90m5.30 ms[0m
   [31m✖[0m extCodeHashCreatedAndDeletedAccountCall
 [41m[37m FAIL [0m [37mgenerated_state.stExtCodeHash.extCodeHashCreatedAndDeletedAccountFiller[0m [31m1 failed[0m [90m3.86 ms[0m
   [31m✖[0m extCodeHashCreatedAndDeletedAccount
 [41m[37m FAIL [0m [37mgenerated_state.stExtCodeHash.extCodeHashCreatedAndDeletedAccountRecheckInOuterCallFiller[0m [31m1 failed[0m [90m5.25 ms[0m
   [31m✖[0m extCodeHashCreatedAndDeletedAccountRecheckInOuterCall
 [41m[37m FAIL [0m [37mgenerated_state.stExtCodeHash.extCodeHashCreatedAndDeletedAccountStaticCallFiller[0m [31m1 failed[0m [90m5.29 ms[0m
   [31m✖[0m extCodeHashCreatedAndDeletedAccountStaticCall
 [41m[37m FAIL [0m [37mgenerated_state.stExtCodeHash.extCodeHashDELEGATECALLFiller[0m [31m1 failed[0m [90m150.24 ms[0m
   [31m✖[0m extCodeHashDELEGATECALL
 [41m[37m FAIL [0m [37mgenerated_state.stExtCodeHash.extCodeHashDynamicArgumentFiller[0m [31m1 failed[0m [90m148.65 ms[0m
   [31m✖[0m extCodeHashDynamicArgument
 [41m[37m FAIL [0m [37mgenerated_state.stExtCodeHash.extCodeHashInInitCodeFiller[0m [31m1 failed[0m [90m4.30 ms[0m
   [31m✖[0m extCodeHashInInitCode
 [41m[37m FAIL [0m [37mgenerated_state.stExtCodeHash.extCodeHashNewAccountFiller[0m [31m1 failed[0m [90m4.59 ms[0m
   [31m✖[0m extCodeHashNewAccount
 [41m[37m FAIL [0m [37mgenerated_state.stExtCodeHash.extCodeHashSTATICCALLFiller[0m [31m1 failed[0m [90m162.59 ms[0m
   [31m✖[0m extCodeHashSTATICCALL
 [41m[37m FAIL [0m [37mgenerated_state.stExtCodeHash.extCodeHashSelfFiller[0m [31m1 failed[0m [90m146.04 ms[0m
   [31m✖[0m extCodeHashSelf
 [41m[37m FAIL [0m [37mgenerated_state.stExtCodeHash.extCodeHashSelfInInitFiller[0m [31m1 failed[0m [90m4.88 ms[0m
   [31m✖[0m extCodeHashSelfInInit
 [32m✓[0m [2mgenerated_state.stHomesteadSpecific.contractCreationOOGdontLeaveEmptyContractFiller[0m [32m(1)[0m [90m4.89 ms[0m
   [32m✓[0m contractCreationOOGdontLeaveEmptyContract
 [32m✓[0m [2mgenerated_state.stHomesteadSpecific.contractCreationOOGdontLeaveEmptyContractViaTransactionFiller[0m [32m(1)[0m [90m4.89 ms[0m
   [32m✓[0m contractCreationOOGdontLeaveEmptyContractViaTransaction
 [41m[37m FAIL [0m [37mgenerated_state.stHomesteadSpecific.createContractViaContractFiller[0m [31m1 failed[0m [90m4.92 ms[0m
   [31m✖[0m createContractViaContract
 [32m✓[0m [2mgenerated_state.stHomesteadSpecific.createContractViaContractOOGInitCodeFiller[0m [32m(1)[0m [90m5.12 ms[0m
   [32m✓[0m createContractViaContractOOGInitCode
 [32m✓[0m [2mgenerated_state.stHomesteadSpecific.createContractViaTransactionCost53000Filler[0m [32m(1)[0m [90m5.15 ms[0m
   [32m✓[0m createContractViaTransactionCost53000
 [41m[37m FAIL [0m [37mgenerated_state.stInitCodeTest.CallContractToCreateContractAndCallItOOGFiller[0m [31m1 failed[0m [90m158.36 ms[0m
   [31m✖[0m CallContractToCreateContractAndCallItOOG
 [32m✓[0m [2mgenerated_state.stInitCodeTest.CallContractToCreateContractNoCashFiller[0m [32m(1)[0m [90m5.96 ms[0m
   [32m✓[0m CallContractToCreateContractNoCash
 [41m[37m FAIL [0m [37mgenerated_state.stInitCodeTest.CallContractToCreateContractOOGBonusGasFiller[0m [31m1 failed[0m [90m145.06 ms[0m
   [31m✖[0m CallContractToCreateContractOOGBonusGas
 [32m✓[0m [2mgenerated_state.stInitCodeTest.CallContractToCreateContractOOGFiller[0m [32m(1)[0m [90m8.24 ms[0m
   [32m✓[0m CallContractToCreateContractOOG
 [41m[37m FAIL [0m [37mgenerated_state.stInitCodeTest.CallContractToCreateContractWhichWouldCreateContractIfCalledFiller[0m [31m1 failed[0m [90m145.43 ms[0m
   [31m✖[0m CallContractToCreateContractWhichWouldCreateContractIfCalled
 [32m✓[0m [2mgenerated_state.stInitCodeTest.CallContractToCreateContractWhichWouldCreateContractInInitCodeFiller[0m [32m(1)[0m [90m4.64 ms[0m
   [32m✓[0m CallContractToCreateContractWhichWouldCreateContractInInitCode
 [32m✓[0m [2mgenerated_state.stInitCodeTest.CallRecursiveContractFiller[0m [32m(1)[0m [90m4.81 ms[0m
   [32m✓[0m CallRecursiveContract
 [32m✓[0m [2mgenerated_state.stInitCodeTest.CallTheContractToCreateEmptyContractFiller[0m [32m(1)[0m [90m4.57 ms[0m
   [32m✓[0m CallTheContractToCreateEmptyContract
 [41m[37m FAIL [0m [37mgenerated_state.stInitCodeTest.OutOfGasContractCreationFiller[0m [31m1 failed[0m [90m158.07 ms[0m
   [31m✖[0m OutOfGasContractCreation
 [41m[37m FAIL [0m [37mgenerated_state.stInitCodeTest.OutOfGasPrefundedContractCreationFiller[0m [31m1 failed[0m [90m4.86 ms[0m
   [31m✖[0m OutOfGasPrefundedContractCreation
 [32m✓[0m [2mgenerated_state.stInitCodeTest.ReturnTest2Filler[0m [32m(1)[0m [90m10.52 ms[0m
   [32m✓[0m ReturnTest2
 [32m✓[0m [2mgenerated_state.stInitCodeTest.ReturnTestFiller[0m [32m(1)[0m [90m4.52 ms[0m
   [32m✓[0m ReturnTest
 [32m✓[0m [2mgenerated_state.stInitCodeTest.StackUnderFlowContractCreationFiller[0m [32m(1)[0m [90m4.55 ms[0m
   [32m✓[0m StackUnderFlowContractCreation
 [32m✓[0m [2mgenerated_state.stInitCodeTest.TransactionCreateAutoSuicideContractFiller[0m [32m(1)[0m [90m5.35 ms[0m
   [32m✓[0m TransactionCreateAutoSuicideContract
 [32m✓[0m [2mgenerated_state.stInitCodeTest.TransactionCreateRandomInitCodeFiller[0m [32m(1)[0m [90m4.98 ms[0m
   [32m✓[0m TransactionCreateRandomInitCode
 [32m✓[0m [2mgenerated_state.stInitCodeTest.TransactionCreateStopInInitcodeFiller[0m [32m(1)[0m [90m5.58 ms[0m
   [32m✓[0m TransactionCreateStopInInitcode
 [41m[37m FAIL [0m [37mgenerated_state.stInitCodeTest.TransactionCreateSuicideInInitcodeFiller[0m [31m1 failed[0m [90m5.56 ms[0m
   [31m✖[0m TransactionCreateSuicideInInitcode
 [32m✓[0m [2mgenerated_state.stLogTests.log0_emptyMemFiller[0m [32m(1)[0m [90m5.18 ms[0m
   [32m✓[0m log0_emptyMem
 [32m✓[0m [2mgenerated_state.stLogTests.log0_logMemStartTooHighFiller[0m [32m(1)[0m [90m5.41 ms[0m
   [32m✓[0m log0_logMemStartTooHigh
 [32m✓[0m [2mgenerated_state.stLogTests.log0_logMemsizeTooHighFiller[0m [32m(1)[0m [90m4.00 ms[0m
   [32m✓[0m log0_logMemsizeTooHigh
 [32m✓[0m [2mgenerated_state.stLogTests.log0_logMemsizeZeroFiller[0m [32m(1)[0m [90m5.25 ms[0m
   [32m✓[0m log0_logMemsizeZero
 [32m✓[0m [2mgenerated_state.stLogTests.log0_nonEmptyMemFiller[0m [32m(1)[0m [90m4.84 ms[0m
   [32m✓[0m log0_nonEmptyMem
 [32m✓[0m [2mgenerated_state.stLogTests.log0_nonEmptyMem_logMemSize1Filler[0m [32m(1)[0m [90m6.92 ms[0m
   [32m✓[0m log0_nonEmptyMem_logMemSize1
 [32m✓[0m [2mgenerated_state.stLogTests.log0_nonEmptyMem_logMemSize1_logMemStart31Filler[0m [32m(1)[0m [90m6.48 ms[0m
   [32m✓[0m log0_nonEmptyMem_logMemSize1_logMemStart31
 [32m✓[0m [2mgenerated_state.stLogTests.log1_CallerFiller[0m [32m(1)[0m [90m5.07 ms[0m
   [32m✓[0m log1_Caller
 [32m✓[0m [2mgenerated_state.stLogTests.log1_MaxTopicFiller[0m [32m(1)[0m [90m3.92 ms[0m
   [32m✓[0m log1_MaxTopic
 [32m✓[0m [2mgenerated_state.stLogTests.log1_emptyMemFiller[0m [32m(1)[0m [90m4.43 ms[0m
   [32m✓[0m log1_emptyMem
 [32m✓[0m [2mgenerated_state.stLogTests.log1_logMemStartTooHighFiller[0m [32m(1)[0m [90m7.15 ms[0m
   [32m✓[0m log1_logMemStartTooHigh
 [32m✓[0m [2mgenerated_state.stLogTests.log1_logMemsizeTooHighFiller[0m [32m(1)[0m [90m5.29 ms[0m
   [32m✓[0m log1_logMemsizeTooHigh
 [32m✓[0m [2mgenerated_state.stLogTests.log1_logMemsizeZeroFiller[0m [32m(1)[0m [90m6.33 ms[0m
   [32m✓[0m log1_logMemsizeZero
 [32m✓[0m [2mgenerated_state.stLogTests.log1_nonEmptyMemFiller[0m [32m(1)[0m [90m4.19 ms[0m
   [32m✓[0m log1_nonEmptyMem
 [32m✓[0m [2mgenerated_state.stLogTests.log1_nonEmptyMem_logMemSize1Filler[0m [32m(1)[0m [90m4.00 ms[0m
   [32m✓[0m log1_nonEmptyMem_logMemSize1
 [32m✓[0m [2mgenerated_state.stLogTests.log1_nonEmptyMem_logMemSize1_logMemStart31Filler[0m [32m(1)[0m [90m4.65 ms[0m
   [32m✓[0m log1_nonEmptyMem_logMemSize1_logMemStart31
 [32m✓[0m [2mgenerated_state.stLogTests.log2_CallerFiller[0m [32m(1)[0m [90m6.46 ms[0m
   [32m✓[0m log2_Caller
 [32m✓[0m [2mgenerated_state.stLogTests.log2_MaxTopicFiller[0m [32m(1)[0m [90m5.77 ms[0m
   [32m✓[0m log2_MaxTopic
 [32m✓[0m [2mgenerated_state.stLogTests.log2_emptyMemFiller[0m [32m(1)[0m [90m4.54 ms[0m
   [32m✓[0m log2_emptyMem
 [32m✓[0m [2mgenerated_state.stLogTests.log2_logMemStartTooHighFiller[0m [32m(1)[0m [90m5.40 ms[0m
   [32m✓[0m log2_logMemStartTooHigh
 [32m✓[0m [2mgenerated_state.stLogTests.log2_logMemsizeTooHighFiller[0m [32m(1)[0m [90m4.01 ms[0m
   [32m✓[0m log2_logMemsizeTooHigh
 [32m✓[0m [2mgenerated_state.stLogTests.log2_logMemsizeZeroFiller[0m [32m(1)[0m [90m5.04 ms[0m
   [32m✓[0m log2_logMemsizeZero
 [32m✓[0m [2mgenerated_state.stLogTests.log2_nonEmptyMemFiller[0m [32m(1)[0m [90m4.39 ms[0m
   [32m✓[0m log2_nonEmptyMem
 [32m✓[0m [2mgenerated_state.stLogTests.log2_nonEmptyMem_logMemSize1Filler[0m [32m(1)[0m [90m5.08 ms[0m
   [32m✓[0m log2_nonEmptyMem_logMemSize1
 [32m✓[0m [2mgenerated_state.stLogTests.log2_nonEmptyMem_logMemSize1_logMemStart31Filler[0m [32m(1)[0m [90m5.87 ms[0m
   [32m✓[0m log2_nonEmptyMem_logMemSize1_logMemStart31
 [32m✓[0m [2mgenerated_state.stLogTests.log3_CallerFiller[0m [32m(1)[0m [90m6.70 ms[0m
   [32m✓[0m log3_Caller
 [32m✓[0m [2mgenerated_state.stLogTests.log3_MaxTopicFiller[0m [32m(1)[0m [90m5.35 ms[0m
   [32m✓[0m log3_MaxTopic
 [32m✓[0m [2mgenerated_state.stLogTests.log3_PCFiller[0m [32m(1)[0m [90m5.77 ms[0m
   [32m✓[0m log3_PC
 [32m✓[0m [2mgenerated_state.stLogTests.log3_emptyMemFiller[0m [32m(1)[0m [90m4.52 ms[0m
   [32m✓[0m log3_emptyMem
 [32m✓[0m [2mgenerated_state.stLogTests.log3_logMemStartTooHighFiller[0m [32m(1)[0m [90m4.49 ms[0m
   [32m✓[0m log3_logMemStartTooHigh
 [32m✓[0m [2mgenerated_state.stLogTests.log3_logMemsizeTooHighFiller[0m [32m(1)[0m [90m6.07 ms[0m
   [32m✓[0m log3_logMemsizeTooHigh
 [32m✓[0m [2mgenerated_state.stLogTests.log3_logMemsizeZeroFiller[0m [32m(1)[0m [90m5.45 ms[0m
   [32m✓[0m log3_logMemsizeZero
 [32m✓[0m [2mgenerated_state.stLogTests.log3_nonEmptyMemFiller[0m [32m(1)[0m [90m5.68 ms[0m
   [32m✓[0m log3_nonEmptyMem
 [32m✓[0m [2mgenerated_state.stLogTests.log3_nonEmptyMem_logMemSize1Filler[0m [32m(1)[0m [90m5.83 ms[0m
   [32m✓[0m log3_nonEmptyMem_logMemSize1
 [32m✓[0m [2mgenerated_state.stLogTests.log3_nonEmptyMem_logMemSize1_logMemStart31Filler[0m [32m(1)[0m [90m9.55 ms[0m
   [32m✓[0m log3_nonEmptyMem_logMemSize1_logMemStart31
 [32m✓[0m [2mgenerated_state.stLogTests.log4_CallerFiller[0m [32m(1)[0m [90m5.38 ms[0m
   [32m✓[0m log4_Caller
 [32m✓[0m [2mgenerated_state.stLogTests.log4_MaxTopicFiller[0m [32m(1)[0m [90m4.68 ms[0m
   [32m✓[0m log4_MaxTopic
 [32m✓[0m [2mgenerated_state.stLogTests.log4_PCFiller[0m [32m(1)[0m [90m4.57 ms[0m
   [32m✓[0m log4_PC
 [32m✓[0m [2mgenerated_state.stLogTests.log4_emptyMemFiller[0m [32m(1)[0m [90m4.25 ms[0m
   [32m✓[0m log4_emptyMem
 [32m✓[0m [2mgenerated_state.stLogTests.log4_logMemStartTooHighFiller[0m [32m(1)[0m [90m4.15 ms[0m
   [32m✓[0m log4_logMemStartTooHigh
 [32m✓[0m [2mgenerated_state.stLogTests.log4_logMemsizeTooHighFiller[0m [32m(1)[0m [90m4.42 ms[0m
   [32m✓[0m log4_logMemsizeTooHigh
 [32m✓[0m [2mgenerated_state.stLogTests.log4_logMemsizeZeroFiller[0m [32m(1)[0m [90m5.17 ms[0m
   [32m✓[0m log4_logMemsizeZero
 [32m✓[0m [2mgenerated_state.stLogTests.log4_nonEmptyMemFiller[0m [32m(1)[0m [90m5.18 ms[0m
   [32m✓[0m log4_nonEmptyMem
 [32m✓[0m [2mgenerated_state.stLogTests.log4_nonEmptyMem_logMemSize1Filler[0m [32m(1)[0m [90m5.01 ms[0m
   [32m✓[0m log4_nonEmptyMem_logMemSize1
 [32m✓[0m [2mgenerated_state.stLogTests.log4_nonEmptyMem_logMemSize1_logMemStart31Filler[0m [32m(1)[0m [90m6.10 ms[0m
   [32m✓[0m log4_nonEmptyMem_logMemSize1_logMemStart31
 [32m✓[0m [2mgenerated_state.stLogTests.logInOOG_CallFiller[0m [32m(1)[0m [90m4.78 ms[0m
   [32m✓[0m logInOOG_Call
 [32m✓[0m [2mgenerated_state.stMemExpandingEIP150Calls.CallAndCallcodeConsumeMoreGasThenTransactionHasWithMemExpandingCallsFiller[0m [32m(1)[0m [90m4.29 ms[0m
   [32m✓[0m CallAndCallcodeConsumeMoreGasThenTransactionHasWithMemExpandingCalls
 [32m✓[0m [2mgenerated_state.stMemExpandingEIP150Calls.CallAskMoreGasOnDepth2ThenTransactionHasWithMemExpandingCallsFiller[0m [32m(1)[0m [90m3.31 ms[0m
   [32m✓[0m CallAskMoreGasOnDepth2ThenTransactionHasWithMemExpandingCalls
 [32m✓[0m [2mgenerated_state.stMemExpandingEIP150Calls.CallGoesOOGOnSecondLevel2WithMemExpandingCallsFiller[0m [32m(1)[0m [90m4.04 ms[0m
   [32m✓[0m CallGoesOOGOnSecondLevel2WithMemExpandingCalls
 [32m✓[0m [2mgenerated_state.stMemExpandingEIP150Calls.CallGoesOOGOnSecondLevelWithMemExpandingCallsFiller[0m [32m(1)[0m [90m4.04 ms[0m
   [32m✓[0m CallGoesOOGOnSecondLevelWithMemExpandingCalls
 [41m[37m FAIL [0m [37mgenerated_state.stMemExpandingEIP150Calls.CreateAndGasInsideCreateWithMemExpandingCallsFiller[0m [31m1 failed[0m [90m4.05 ms[0m
   [31m✖[0m CreateAndGasInsideCreateWithMemExpandingCalls
 [32m✓[0m [2mgenerated_state.stMemExpandingEIP150Calls.DelegateCallOnEIPWithMemExpandingCallsFiller[0m [32m(1)[0m [90m3.70 ms[0m
   [32m✓[0m DelegateCallOnEIPWithMemExpandingCalls
 [32m✓[0m [2mgenerated_state.stMemExpandingEIP150Calls.ExecuteCallThatAskMoreGasThenTransactionHasWithMemExpandingCallsFiller[0m [32m(1)[0m [90m3.94 ms[0m
   [32m✓[0m ExecuteCallThatAskMoreGasThenTransactionHasWithMemExpandingCalls
 [41m[37m FAIL [0m [37mgenerated_state.stMemExpandingEIP150Calls.NewGasPriceForCodesWithMemExpandingCallsFiller[0m [31m1 failed[0m [90m155.63 ms[0m
   [31m✖[0m NewGasPriceForCodesWithMemExpandingCalls
 [41m[37m FAIL [0m [37mgenerated_state.stMemoryStressTest.CALLCODE_Bounds2Filler[0m [31m1 failed[0m [90m155.64 ms[0m
   [31m✖[0m CALLCODE_Bounds2
 [41m[37m FAIL [0m [37mgenerated_state.stMemoryStressTest.CALLCODE_Bounds3Filler[0m [31m1 failed[0m [90m155.59 ms[0m
   [31m✖[0m CALLCODE_Bounds3
 [41m[37m FAIL [0m [37mgenerated_state.stMemoryStressTest.CALLCODE_Bounds4Filler[0m [31m1 failed[0m [90m150.49 ms[0m
   [31m✖[0m CALLCODE_Bounds4
 [41m[37m FAIL [0m [37mgenerated_state.stMemoryStressTest.CALLCODE_BoundsFiller[0m [31m1 failed[0m [90m150.12 ms[0m
   [31m✖[0m CALLCODE_Bounds
 [41m[37m FAIL [0m [37mgenerated_state.stMemoryStressTest.CALL_Bounds2Filler[0m [31m1 failed[0m [90m160.62 ms[0m
   [31m✖[0m CALL_Bounds2
 [41m[37m FAIL [0m [37mgenerated_state.stMemoryStressTest.CALL_Bounds2aFiller[0m [31m1 failed[0m [90m160.98 ms[0m
   [31m✖[0m CALL_Bounds2a
 [41m[37m FAIL [0m [37mgenerated_state.stMemoryStressTest.CALL_Bounds3Filler[0m [31m1 failed[0m [90m166.97 ms[0m
   [31m✖[0m CALL_Bounds3
 [41m[37m FAIL [0m [37mgenerated_state.stMemoryStressTest.CALL_BoundsFiller[0m [31m1 failed[0m [90m156.36 ms[0m
   [31m✖[0m CALL_Bounds
 [32m✓[0m [2mgenerated_state.stMemoryStressTest.CREATE_Bounds2Filler[0m [32m(1)[0m [90m5.12 ms[0m
   [32m✓[0m CREATE_Bounds2
 [32m✓[0m [2mgenerated_state.stMemoryStressTest.CREATE_Bounds3Filler[0m [32m(1)[0m [90m10.02 ms[0m
   [32m✓[0m CREATE_Bounds3
 [41m[37m FAIL [0m [37mgenerated_state.stMemoryStressTest.CREATE_BoundsFiller[0m [31m1 failed[0m [90m147.58 ms[0m
   [31m✖[0m CREATE_Bounds
 [41m[37m FAIL [0m [37mgenerated_state.stMemoryStressTest.DELEGATECALL_Bounds2Filler[0m [31m1 failed[0m [90m160.05 ms[0m
   [31m✖[0m DELEGATECALL_Bounds2
 [41m[37m FAIL [0m [37mgenerated_state.stMemoryStressTest.DELEGATECALL_Bounds3Filler[0m [31m1 failed[0m [90m171.94 ms[0m
   [31m✖[0m DELEGATECALL_Bounds3
 [41m[37m FAIL [0m [37mgenerated_state.stMemoryStressTest.DELEGATECALL_BoundsFiller[0m [31m1 failed[0m [90m171.13 ms[0m
   [31m✖[0m DELEGATECALL_Bounds
 [32m✓[0m [2mgenerated_state.stMemoryStressTest.DUP_BoundsFiller[0m [32m(1)[0m [90m4.64 ms[0m
   [32m✓[0m DUP_Bounds
 [32m✓[0m [2mgenerated_state.stMemoryStressTest.FillStackFiller[0m [32m(1)[0m [90m5.71 ms[0m
   [32m✓[0m FillStack
 [32m✓[0m [2mgenerated_state.stMemoryStressTest.JUMPI_BoundsFiller[0m [32m(1)[0m [90m10.07 ms[0m
   [32m✓[0m JUMPI_Bounds
 [32m✓[0m [2mgenerated_state.stMemoryStressTest.JUMP_Bounds2Filler[0m [32m(1)[0m [90m4.04 ms[0m
   [32m✓[0m JUMP_Bounds2
 [32m✓[0m [2mgenerated_state.stMemoryStressTest.JUMP_BoundsFiller[0m [32m(1)[0m [90m5.23 ms[0m
   [32m✓[0m JUMP_Bounds
 [32m✓[0m [2mgenerated_state.stMemoryStressTest.MLOAD_Bounds2Filler[0m [32m(1)[0m [90m10.20 ms[0m
   [32m✓[0m MLOAD_Bounds2
 [32m✓[0m [2mgenerated_state.stMemoryStressTest.MLOAD_Bounds3Filler[0m [32m(1)[0m [90m7.33 ms[0m
   [32m✓[0m MLOAD_Bounds3
 [41m[37m FAIL [0m [37mgenerated_state.stMemoryStressTest.MLOAD_BoundsFiller[0m [31m1 failed[0m [90m155.49 ms[0m
   [31m✖[0m MLOAD_Bounds
 [32m✓[0m [2mgenerated_state.stMemoryStressTest.MSTORE_Bounds2Filler[0m [32m(1)[0m [90m9.21 ms[0m
   [32m✓[0m MSTORE_Bounds2
 [41m[37m FAIL [0m [37mgenerated_state.stMemoryStressTest.MSTORE_Bounds2aFiller[0m [31m1 failed[0m [90m165.97 ms[0m
   [31m✖[0m MSTORE_Bounds2a
 [32m✓[0m [2mgenerated_state.stMemoryStressTest.MSTORE_BoundsFiller[0m [32m(1)[0m [90m4.83 ms[0m
   [32m✓[0m MSTORE_Bounds
 [32m✓[0m [2mgenerated_state.stMemoryStressTest.POP_BoundsFiller[0m [32m(1)[0m [90m5.54 ms[0m
   [32m✓[0m POP_Bounds
 [41m[37m FAIL [0m [37mgenerated_state.stMemoryStressTest.RETURN_BoundsFiller[0m [31m1 failed[0m [90m176.83 ms[0m
   [31m✖[0m RETURN_Bounds
 [32m✓[0m [2mgenerated_state.stMemoryStressTest.SLOAD_BoundsFiller[0m [32m(1)[0m [90m5.77 ms[0m
   [32m✓[0m SLOAD_Bounds
 [41m[37m FAIL [0m [37mgenerated_state.stMemoryStressTest.SSTORE_BoundsFiller[0m [31m1 failed[0m [90m155.19 ms[0m
   [31m✖[0m SSTORE_Bounds
 [41m[37m FAIL [0m [37mgenerated_state.stMemoryStressTest.mload32bitBound2Filler[0m [31m1 failed[0m [90m7.20 ms[0m
   [31m✖[0m mload32bitBound2
 [41m[37m FAIL [0m [37mgenerated_state.stMemoryStressTest.mload32bitBoundFiller[0m [31m1 failed[0m [90m5.90 ms[0m
   [31m✖[0m mload32bitBound
 [41m[37m FAIL [0m [37mgenerated_state.stMemoryStressTest.mload32bitBound_MsizeFiller[0m [31m1 failed[0m [90m5.41 ms[0m
   [31m✖[0m mload32bitBound_Msize
 [41m[37m FAIL [0m [37mgenerated_state.stMemoryStressTest.mload32bitBound_return2Filler[0m [31m1 failed[0m [90m4.24 ms[0m
   [31m✖[0m mload32bitBound_return2
 [41m[37m FAIL [0m [37mgenerated_state.stMemoryStressTest.mload32bitBound_returnFiller[0m [31m1 failed[0m [90m4.45 ms[0m
   [31m✖[0m mload32bitBound_return
 [41m[37m FAIL [0m [37mgenerated_state.stMemoryStressTest.static_CALL_Bounds2Filler[0m [31m1 failed[0m [90m145.58 ms[0m
   [31m✖[0m static_CALL_Bounds2
 [41m[37m FAIL [0m [37mgenerated_state.stMemoryStressTest.static_CALL_Bounds2aFiller[0m [31m1 failed[0m [90m161.54 ms[0m
   [31m✖[0m static_CALL_Bounds2a
 [41m[37m FAIL [0m [37mgenerated_state.stMemoryStressTest.static_CALL_Bounds3Filler[0m [31m1 failed[0m [90m164.92 ms[0m
   [31m✖[0m static_CALL_Bounds3
 [41m[37m FAIL [0m [37mgenerated_state.stMemoryStressTest.static_CALL_BoundsFiller[0m [31m1 failed[0m [90m162.00 ms[0m
   [31m✖[0m static_CALL_Bounds
 [41m[37m FAIL [0m [37mgenerated_state.stMemoryTest.callDataCopyOffsetFiller[0m [31m1 failed[0m [90m4.46 ms[0m
   [31m✖[0m callDataCopyOffset
 [41m[37m FAIL [0m [37mgenerated_state.stMemoryTest.calldatacopy_dejavu2Filler[0m [31m1 failed[0m [90m4.43 ms[0m
   [31m✖[0m calldatacopy_dejavu2
 [41m[37m FAIL [0m [37mgenerated_state.stMemoryTest.calldatacopy_dejavuFiller[0m [31m1 failed[0m [90m142.09 ms[0m
   [31m✖[0m calldatacopy_dejavu
 [41m[37m FAIL [0m [37mgenerated_state.stMemoryTest.codeCopyOffsetFiller[0m [31m1 failed[0m [90m4.58 ms[0m
   [31m✖[0m codeCopyOffset
 [41m[37m FAIL [0m [37mgenerated_state.stMemoryTest.codecopy_dejavu2Filler[0m [31m1 failed[0m [90m6.26 ms[0m
   [31m✖[0m codecopy_dejavu2
 [41m[37m FAIL [0m [37mgenerated_state.stMemoryTest.codecopy_dejavuFiller[0m [31m1 failed[0m [90m176.43 ms[0m
   [31m✖[0m codecopy_dejavu
 [41m[37m FAIL [0m [37mgenerated_state.stMemoryTest.extcodecopy_dejavuFiller[0m [31m1 failed[0m [90m146.84 ms[0m
   [31m✖[0m extcodecopy_dejavu
 [41m[37m FAIL [0m [37mgenerated_state.stMemoryTest.log1_dejavuFiller[0m [31m1 failed[0m [90m166.46 ms[0m
   [31m✖[0m log1_dejavu
 [41m[37m FAIL [0m [37mgenerated_state.stMemoryTest.log2_dejavuFiller[0m [31m1 failed[0m [90m154.90 ms[0m
   [31m✖[0m log2_dejavu
 [41m[37m FAIL [0m [37mgenerated_state.stMemoryTest.log3_dejavuFiller[0m [31m1 failed[0m [90m164.68 ms[0m
   [31m✖[0m log3_dejavu
 [41m[37m FAIL [0m [37mgenerated_state.stMemoryTest.log4_dejavuFiller[0m [31m1 failed[0m [90m168.37 ms[0m
   [31m✖[0m log4_dejavu
 [41m[37m FAIL [0m [37mgenerated_state.stMemoryTest.mem0b_singleByteFiller[0m [31m1 failed[0m [90m5.52 ms[0m
   [31m✖[0m mem0b_singleByte
 [41m[37m FAIL [0m [37mgenerated_state.stMemoryTest.mem31b_singleByteFiller[0m [31m1 failed[0m [90m7.37 ms[0m
   [31m✖[0m mem31b_singleByte
 [41m[37m FAIL [0m [37mgenerated_state.stMemoryTest.mem32b_singleByteFiller[0m [31m1 failed[0m [90m6.71 ms[0m
   [31m✖[0m mem32b_singleByte
 [41m[37m FAIL [0m [37mgenerated_state.stMemoryTest.mem32kb+1Filler[0m [31m1 failed[0m [90m5.17 ms[0m
   [31m✖[0m mem32kb_1
 [41m[37m FAIL [0m [37mgenerated_state.stMemoryTest.mem32kb+31Filler[0m [31m1 failed[0m [90m5.00 ms[0m
   [31m✖[0m mem32kb_31
 [41m[37m FAIL [0m [37mgenerated_state.stMemoryTest.mem32kb+32Filler[0m [31m1 failed[0m [90m6.04 ms[0m
   [31m✖[0m mem32kb_32
 [41m[37m FAIL [0m [37mgenerated_state.stMemoryTest.mem32kb+33Filler[0m [31m1 failed[0m [90m5.32 ms[0m
   [31m✖[0m mem32kb_33
 [41m[37m FAIL [0m [37mgenerated_state.stMemoryTest.mem32kb-1Filler[0m [31m1 failed[0m [90m3.94 ms[0m
   [31m✖[0m mem32kb_1
 [41m[37m FAIL [0m [37mgenerated_state.stMemoryTest.mem32kb-31Filler[0m [31m1 failed[0m [90m5.20 ms[0m
   [31m✖[0m mem32kb_31
 [41m[37m FAIL [0m [37mgenerated_state.stMemoryTest.mem32kb-32Filler[0m [31m1 failed[0m [90m5.02 ms[0m
   [31m✖[0m mem32kb_32
 [41m[37m FAIL [0m [37mgenerated_state.stMemoryTest.mem32kb-33Filler[0m [31m1 failed[0m [90m4.27 ms[0m
   [31m✖[0m mem32kb_33
 [41m[37m FAIL [0m [37mgenerated_state.stMemoryTest.mem32kbFiller[0m [31m1 failed[0m [90m5.18 ms[0m
   [31m✖[0m mem32kb
 [41m[37m FAIL [0m [37mgenerated_state.stMemoryTest.mem32kb_singleByte+1Filler[0m [31m1 failed[0m [90m5.35 ms[0m
   [31m✖[0m mem32kb_singleByte_1
 [41m[37m FAIL [0m [37mgenerated_state.stMemoryTest.mem32kb_singleByte+31Filler[0m [31m1 failed[0m [90m4.43 ms[0m
   [31m✖[0m mem32kb_singleByte_31
 [41m[37m FAIL [0m [37mgenerated_state.stMemoryTest.mem32kb_singleByte+32Filler[0m [31m1 failed[0m [90m4.34 ms[0m
   [31m✖[0m mem32kb_singleByte_32
 [41m[37m FAIL [0m [37mgenerated_state.stMemoryTest.mem32kb_singleByte+33Filler[0m [31m1 failed[0m [90m6.30 ms[0m
   [31m✖[0m mem32kb_singleByte_33
 [41m[37m FAIL [0m [37mgenerated_state.stMemoryTest.mem32kb_singleByte-1Filler[0m [31m1 failed[0m [90m5.06 ms[0m
   [31m✖[0m mem32kb_singleByte_1
 [41m[37m FAIL [0m [37mgenerated_state.stMemoryTest.mem32kb_singleByte-31Filler[0m [31m1 failed[0m [90m5.48 ms[0m
   [31m✖[0m mem32kb_singleByte_31
 [41m[37m FAIL [0m [37mgenerated_state.stMemoryTest.mem32kb_singleByte-32Filler[0m [31m1 failed[0m [90m7.06 ms[0m
   [31m✖[0m mem32kb_singleByte_32
 [41m[37m FAIL [0m [37mgenerated_state.stMemoryTest.mem32kb_singleByte-33Filler[0m [31m1 failed[0m [90m8.18 ms[0m
   [31m✖[0m mem32kb_singleByte_33
 [41m[37m FAIL [0m [37mgenerated_state.stMemoryTest.mem32kb_singleByteFiller[0m [31m1 failed[0m [90m7.47 ms[0m
   [31m✖[0m mem32kb_singleByte
 [41m[37m FAIL [0m [37mgenerated_state.stMemoryTest.mem33b_singleByteFiller[0m [31m1 failed[0m [90m3.84 ms[0m
   [31m✖[0m mem33b_singleByte
 [41m[37m FAIL [0m [37mgenerated_state.stMemoryTest.mem64kb+1Filler[0m [31m1 failed[0m [90m4.89 ms[0m
   [31m✖[0m mem64kb_1
 [41m[37m FAIL [0m [37mgenerated_state.stMemoryTest.mem64kb+31Filler[0m [31m1 failed[0m [90m4.29 ms[0m
   [31m✖[0m mem64kb_31
 [41m[37m FAIL [0m [37mgenerated_state.stMemoryTest.mem64kb+32Filler[0m [31m1 failed[0m [90m4.54 ms[0m
   [31m✖[0m mem64kb_32
 [41m[37m FAIL [0m [37mgenerated_state.stMemoryTest.mem64kb+33Filler[0m [31m1 failed[0m [90m3.66 ms[0m
   [31m✖[0m mem64kb_33
 [41m[37m FAIL [0m [37mgenerated_state.stMemoryTest.mem64kb-1Filler[0m [31m1 failed[0m [90m3.75 ms[0m
   [31m✖[0m mem64kb_1
 [41m[37m FAIL [0m [37mgenerated_state.stMemoryTest.mem64kb-31Filler[0m [31m1 failed[0m [90m4.50 ms[0m
   [31m✖[0m mem64kb_31
 [41m[37m FAIL [0m [37mgenerated_state.stMemoryTest.mem64kb-32Filler[0m [31m1 failed[0m [90m5.30 ms[0m
   [31m✖[0m mem64kb_32
 [41m[37m FAIL [0m [37mgenerated_state.stMemoryTest.mem64kb-33Filler[0m [31m1 failed[0m [90m5.04 ms[0m
   [31m✖[0m mem64kb_33
 [41m[37m FAIL [0m [37mgenerated_state.stMemoryTest.mem64kbFiller[0m [31m1 failed[0m [90m5.41 ms[0m
   [31m✖[0m mem64kb
 [41m[37m FAIL [0m [37mgenerated_state.stMemoryTest.mem64kb_singleByte+1Filler[0m [31m1 failed[0m [90m4.83 ms[0m
   [31m✖[0m mem64kb_singleByte_1
 [41m[37m FAIL [0m [37mgenerated_state.stMemoryTest.mem64kb_singleByte+31Filler[0m [31m1 failed[0m [90m4.45 ms[0m
   [31m✖[0m mem64kb_singleByte_31
 [41m[37m FAIL [0m [37mgenerated_state.stMemoryTest.mem64kb_singleByte+32Filler[0m [31m1 failed[0m [90m3.82 ms[0m
   [31m✖[0m mem64kb_singleByte_32
 [41m[37m FAIL [0m [37mgenerated_state.stMemoryTest.mem64kb_singleByte+33Filler[0m [31m1 failed[0m [90m4.32 ms[0m
   [31m✖[0m mem64kb_singleByte_33
 [41m[37m FAIL [0m [37mgenerated_state.stMemoryTest.mem64kb_singleByte-1Filler[0m [31m1 failed[0m [90m4.70 ms[0m
   [31m✖[0m mem64kb_singleByte_1
 [41m[37m FAIL [0m [37mgenerated_state.stMemoryTest.mem64kb_singleByte-31Filler[0m [31m1 failed[0m [90m4.58 ms[0m
   [31m✖[0m mem64kb_singleByte_31
 [41m[37m FAIL [0m [37mgenerated_state.stMemoryTest.mem64kb_singleByte-32Filler[0m [31m1 failed[0m [90m4.41 ms[0m
   [31m✖[0m mem64kb_singleByte_32
 [41m[37m FAIL [0m [37mgenerated_state.stMemoryTest.mem64kb_singleByte-33Filler[0m [31m1 failed[0m [90m4.47 ms[0m
   [31m✖[0m mem64kb_singleByte_33
 [41m[37m FAIL [0m [37mgenerated_state.stMemoryTest.mem64kb_singleByteFiller[0m [31m1 failed[0m [90m4.15 ms[0m
   [31m✖[0m mem64kb_singleByte
 [41m[37m FAIL [0m [37mgenerated_state.stMemoryTest.memReturnFiller[0m [31m1 failed[0m [90m3.31 ms[0m
   [31m✖[0m memReturn
 [41m[37m FAIL [0m [37mgenerated_state.stMemoryTest.mload16bitBoundFiller[0m [31m1 failed[0m [90m4.04 ms[0m
   [31m✖[0m mload16bitBound
 [41m[37m FAIL [0m [37mgenerated_state.stMemoryTest.mload8bitBoundFiller[0m [31m1 failed[0m [90m3.85 ms[0m
   [31m✖[0m mload8bitBound
 [41m[37m FAIL [0m [37mgenerated_state.stMemoryTest.mload_dejavuFiller[0m [31m1 failed[0m [90m156.25 ms[0m
   [31m✖[0m mload_dejavu
 [41m[37m FAIL [0m [37mgenerated_state.stMemoryTest.mstore_dejavuFiller[0m [31m1 failed[0m [90m141.63 ms[0m
   [31m✖[0m mstore_dejavu
 [41m[37m FAIL [0m [37mgenerated_state.stMemoryTest.mstroe8_dejavuFiller[0m [31m1 failed[0m [90m155.40 ms[0m
   [31m✖[0m mstroe8_dejavu
 [41m[37m FAIL [0m [37mgenerated_state.stMemoryTest.sha3_dejavuFiller[0m [31m1 failed[0m [90m164.81 ms[0m
   [31m✖[0m sha3_dejavu
 [41m[37m FAIL [0m [37mgenerated_state.stMemoryTest.stackLimitGas_1023Filler[0m [31m1 failed[0m [90m778.73 ms[0m
   [31m✖[0m stackLimitGas_1023
 [41m[37m FAIL [0m [37mgenerated_state.stMemoryTest.stackLimitGas_1024Filler[0m [31m1 failed[0m [90m822.12 ms[0m
   [31m✖[0m stackLimitGas_1024
 [41m[37m FAIL [0m [37mgenerated_state.stMemoryTest.stackLimitGas_1025Filler[0m [31m1 failed[0m [90m764.22 ms[0m
   [31m✖[0m stackLimitGas_1025
 [41m[37m FAIL [0m [37mgenerated_state.stMemoryTest.stackLimitPush31_1023Filler[0m [31m1 failed[0m [90m776.02 ms[0m
   [31m✖[0m stackLimitPush31_1023
 [41m[37m FAIL [0m [37mgenerated_state.stMemoryTest.stackLimitPush31_1024Filler[0m [31m1 failed[0m [90m822.86 ms[0m
   [31m✖[0m stackLimitPush31_1024
 [41m[37m FAIL [0m [37mgenerated_state.stMemoryTest.stackLimitPush31_1025Filler[0m [31m1 failed[0m [90m812.73 ms[0m
   [31m✖[0m stackLimitPush31_1025
 [41m[37m FAIL [0m [37mgenerated_state.stMemoryTest.stackLimitPush32_1023Filler[0m [31m1 failed[0m [90m865.79 ms[0m
   [31m✖[0m stackLimitPush32_1023
 [41m[37m FAIL [0m [37mgenerated_state.stMemoryTest.stackLimitPush32_1024Filler[0m [31m1 failed[0m [90m783.44 ms[0m
   [31m✖[0m stackLimitPush32_1024
 [41m[37m FAIL [0m [37mgenerated_state.stMemoryTest.stackLimitPush32_1025Filler[0m [31m1 failed[0m [90m776.44 ms[0m
   [31m✖[0m stackLimitPush32_1025
 [32m✓[0m [2mgenerated_state.stNonZeroCallsTest.NonZeroValue_CALLCODEFiller[0m [32m(1)[0m [90m5.37 ms[0m
   [32m✓[0m NonZeroValue_CALLCODE
 [32m✓[0m [2mgenerated_state.stNonZeroCallsTest.NonZeroValue_CALLCODE_ToEmpty_ParisFiller[0m [32m(1)[0m [90m5.93 ms[0m
   [32m✓[0m NonZeroValue_CALLCODE_ToEmpty_Paris
 [41m[37m FAIL [0m [37mgenerated_state.stNonZeroCallsTest.NonZeroValue_CALLCODE_ToNonNonZeroBalanceFiller[0m [31m1 failed[0m [90m157.56 ms[0m
   [31m✖[0m NonZeroValue_CALLCODE_ToNonNonZeroBalance
 [32m✓[0m [2mgenerated_state.stNonZeroCallsTest.NonZeroValue_CALLCODE_ToOneStorageKey_ParisFiller[0m [32m(1)[0m [90m4.55 ms[0m
   [32m✓[0m NonZeroValue_CALLCODE_ToOneStorageKey_Paris
 [32m✓[0m [2mgenerated_state.stNonZeroCallsTest.NonZeroValue_CALLFiller[0m [32m(1)[0m [90m9.60 ms[0m
   [32m✓[0m NonZeroValue_CALL
 [32m✓[0m [2mgenerated_state.stNonZeroCallsTest.NonZeroValue_CALL_ToEmpty_ParisFiller[0m [32m(1)[0m [90m2.91 ms[0m
   [32m✓[0m NonZeroValue_CALL_ToEmpty_Paris
 [32m✓[0m [2mgenerated_state.stNonZeroCallsTest.NonZeroValue_CALL_ToNonNonZeroBalanceFiller[0m [32m(1)[0m [90m5.30 ms[0m
   [32m✓[0m NonZeroValue_CALL_ToNonNonZeroBalance
 [32m✓[0m [2mgenerated_state.stNonZeroCallsTest.NonZeroValue_CALL_ToOneStorageKey_ParisFiller[0m [32m(1)[0m [90m5.87 ms[0m
   [32m✓[0m NonZeroValue_CALL_ToOneStorageKey_Paris
 [32m✓[0m [2mgenerated_state.stNonZeroCallsTest.NonZeroValue_DELEGATECALLFiller[0m [32m(1)[0m [90m6.05 ms[0m
   [32m✓[0m NonZeroValue_DELEGATECALL
 [32m✓[0m [2mgenerated_state.stNonZeroCallsTest.NonZeroValue_DELEGATECALL_ToEmpty_ParisFiller[0m [32m(1)[0m [90m4.88 ms[0m
   [32m✓[0m NonZeroValue_DELEGATECALL_ToEmpty_Paris
 [32m✓[0m [2mgenerated_state.stNonZeroCallsTest.NonZeroValue_DELEGATECALL_ToNonNonZeroBalanceFiller[0m [32m(1)[0m [90m8.08 ms[0m
   [32m✓[0m NonZeroValue_DELEGATECALL_ToNonNonZeroBalance
 [32m✓[0m [2mgenerated_state.stNonZeroCallsTest.NonZeroValue_DELEGATECALL_ToOneStorageKey_ParisFiller[0m [32m(1)[0m [90m9.76 ms[0m
   [32m✓[0m NonZeroValue_DELEGATECALL_ToOneStorageKey_Paris
 [32m✓[0m [2mgenerated_state.stNonZeroCallsTest.NonZeroValue_SUICIDEFiller[0m [32m(1)[0m [90m5.23 ms[0m
   [32m✓[0m NonZeroValue_SUICIDE
 [32m✓[0m [2mgenerated_state.stNonZeroCallsTest.NonZeroValue_SUICIDE_ToEmpty_ParisFiller[0m [32m(1)[0m [90m7.87 ms[0m
   [32m✓[0m NonZeroValue_SUICIDE_ToEmpty_Paris
 [32m✓[0m [2mgenerated_state.stNonZeroCallsTest.NonZeroValue_SUICIDE_ToNonNonZeroBalanceFiller[0m [32m(1)[0m [90m6.33 ms[0m
   [32m✓[0m NonZeroValue_SUICIDE_ToNonNonZeroBalance
 [32m✓[0m [2mgenerated_state.stNonZeroCallsTest.NonZeroValue_SUICIDE_ToOneStorageKey_ParisFiller[0m [32m(1)[0m [90m4.98 ms[0m
   [32m✓[0m NonZeroValue_SUICIDE_ToOneStorageKey_Paris
 [32m✓[0m [2mgenerated_state.stNonZeroCallsTest.NonZeroValue_TransactionCALLFiller[0m [32m(1)[0m [90m4.58 ms[0m
   [32m✓[0m NonZeroValue_TransactionCALL
 [32m✓[0m [2mgenerated_state.stNonZeroCallsTest.NonZeroValue_TransactionCALL_ToEmpty_ParisFiller[0m [32m(1)[0m [90m4.29 ms[0m
   [32m✓[0m NonZeroValue_TransactionCALL_ToEmpty_Paris
 [32m✓[0m [2mgenerated_state.stNonZeroCallsTest.NonZeroValue_TransactionCALL_ToNonNonZeroBalanceFiller[0m [32m(1)[0m [90m4.50 ms[0m
   [32m✓[0m NonZeroValue_TransactionCALL_ToNonNonZeroBalance
 [32m✓[0m [2mgenerated_state.stNonZeroCallsTest.NonZeroValue_TransactionCALL_ToOneStorageKey_ParisFiller[0m [32m(1)[0m [90m4.51 ms[0m
   [32m✓[0m NonZeroValue_TransactionCALL_ToOneStorageKey_Paris
 [32m✓[0m [2mgenerated_state.stNonZeroCallsTest.NonZeroValue_TransactionCALLwithDataFiller[0m [32m(1)[0m [90m5.66 ms[0m
   [32m✓[0m NonZeroValue_TransactionCALLwithData
 [32m✓[0m [2mgenerated_state.stNonZeroCallsTest.NonZeroValue_TransactionCALLwithData_ToEmpty_ParisFiller[0m [32m(1)[0m [90m4.81 ms[0m
   [32m✓[0m NonZeroValue_TransactionCALLwithData_ToEmpty_Paris
 [32m✓[0m [2mgenerated_state.stNonZeroCallsTest.NonZeroValue_TransactionCALLwithData_ToNonNonZeroBalanceFiller[0m [32m(1)[0m [90m4.61 ms[0m
   [32m✓[0m NonZeroValue_TransactionCALLwithData_ToNonNonZeroBalance
 [32m✓[0m [2mgenerated_state.stNonZeroCallsTest.NonZeroValue_TransactionCALLwithData_ToOneStorageKey_ParisFiller[0m [32m(1)[0m [90m5.42 ms[0m
   [32m✓[0m NonZeroValue_TransactionCALLwithData_ToOneStorageKey_Paris
 [41m[37m FAIL [0m [37mgenerated_state.stPreCompiledContracts.modexpFiller[0m [31m1 failed[0m [90m189.63 ms[0m
   [31m✖[0m modexp
 [32m✓[0m [2mgenerated_state.stPreCompiledContracts.sec80Filler[0m [32m(1)[0m [90m25.89 ms[0m
   [32m✓[0m sec80
 [41m[37m FAIL [0m [37mgenerated_state.stPreCompiledContracts2.CALLCODEEcrecover0Filler[0m [31m1 failed[0m [90m156.47 ms[0m
   [31m✖[0m CALLCODEEcrecover0
 [32m✓[0m [2mgenerated_state.stPreCompiledContracts2.CALLCODEEcrecover0_0inputFiller[0m [32m(1)[0m [90m6.20 ms[0m
   [32m✓[0m CALLCODEEcrecover0_0input
 [32m✓[0m [2mgenerated_state.stPreCompiledContracts2.CALLCODEEcrecover0_Gas2999Filler[0m [32m(1)[0m [90m3.71 ms[0m
   [32m✓[0m CALLCODEEcrecover0_Gas2999
 [32m✓[0m [2mgenerated_state.stPreCompiledContracts2.CALLCODEEcrecover0_NoGasFiller[0m [32m(1)[0m [90m5.04 ms[0m
   [32m✓[0m CALLCODEEcrecover0_NoGas
 [41m[37m FAIL [0m [37mgenerated_state.stPreCompiledContracts2.CALLCODEEcrecover0_completeReturnValueFiller[0m [31m1 failed[0m [90m133.99 ms[0m
   [31m✖[0m CALLCODEEcrecover0_completeReturnValue
 [41m[37m FAIL [0m [37mgenerated_state.stPreCompiledContracts2.CALLCODEEcrecover0_gas3000Filler[0m [31m1 failed[0m [90m147.26 ms[0m
   [31m✖[0m CALLCODEEcrecover0_gas3000
 [41m[37m FAIL [0m [37mgenerated_state.stPreCompiledContracts2.CALLCODEEcrecover0_overlappingInputOutputFiller[0m [31m1 failed[0m [90m151.95 ms[0m
   [31m✖[0m CALLCODEEcrecover0_overlappingInputOutput
 [32m✓[0m [2mgenerated_state.stPreCompiledContracts2.CALLCODEEcrecover1Filler[0m [32m(1)[0m [90m5.38 ms[0m
   [32m✓[0m CALLCODEEcrecover1
 [32m✓[0m [2mgenerated_state.stPreCompiledContracts2.CALLCODEEcrecover2Filler[0m [32m(1)[0m [90m4.71 ms[0m
   [32m✓[0m CALLCODEEcrecover2
 [32m✓[0m [2mgenerated_state.stPreCompiledContracts2.CALLCODEEcrecover3Filler[0m [32m(1)[0m [90m22.85 ms[0m
   [32m✓[0m CALLCODEEcrecover3
 [32m✓[0m [2mgenerated_state.stPreCompiledContracts2.CALLCODEEcrecover80Filler[0m [32m(1)[0m [90m14.13 ms[0m
   [32m✓[0m CALLCODEEcrecover80
 [41m[37m FAIL [0m [37mgenerated_state.stPreCompiledContracts2.CALLCODEEcrecoverH_prefixed0Filler[0m [31m1 failed[0m [90m152.82 ms[0m
   [31m✖[0m CALLCODEEcrecoverH_prefixed0
 [32m✓[0m [2mgenerated_state.stPreCompiledContracts2.CALLCODEEcrecoverR_prefixed0Filler[0m [32m(1)[0m [90m4.22 ms[0m
   [32m✓[0m CALLCODEEcrecoverR_prefixed0
 [32m✓[0m [2mgenerated_state.stPreCompiledContracts2.CALLCODEEcrecoverS_prefixed0Filler[0m [32m(1)[0m [90m25.66 ms[0m
   [32m✓[0m CALLCODEEcrecoverS_prefixed0
 [41m[37m FAIL [0m [37mgenerated_state.stPreCompiledContracts2.CALLCODEEcrecoverV_prefixed0Filler[0m [31m1 failed[0m [90m172.38 ms[0m
   [31m✖[0m CALLCODEEcrecoverV_prefixed0
 [32m✓[0m [2mgenerated_state.stPreCompiledContracts2.CALLCODEEcrecoverV_prefixedf0Filler[0m [32m(1)[0m [90m4.67 ms[0m
   [32m✓[0m CALLCODEEcrecoverV_prefixedf0
 [32m✓[0m [2mgenerated_state.stPreCompiledContracts2.CALLCODERipemd160_0Filler[0m [32m(1)[0m [90m4.19 ms[0m
   [32m✓[0m CALLCODERipemd160_0
 [32m✓[0m [2mgenerated_state.stPreCompiledContracts2.CALLCODERipemd160_1Filler[0m [32m(1)[0m [90m5.38 ms[0m
   [32m✓[0m CALLCODERipemd160_1
 [32m✓[0m [2mgenerated_state.stPreCompiledContracts2.CALLCODERipemd160_2Filler[0m [32m(1)[0m [90m4.87 ms[0m
   [32m✓[0m CALLCODERipemd160_2
 [32m✓[0m [2mgenerated_state.stPreCompiledContracts2.CALLCODERipemd160_3Filler[0m [32m(1)[0m [90m9.58 ms[0m
   [32m✓[0m CALLCODERipemd160_3
 [32m✓[0m [2mgenerated_state.stPreCompiledContracts2.CALLCODERipemd160_3_postfixed0Filler[0m [32m(1)[0m [90m7.41 ms[0m
   [32m✓[0m CALLCODERipemd160_3_postfixed0
 [32m✓[0m [2mgenerated_state.stPreCompiledContracts2.CALLCODERipemd160_3_prefixed0Filler[0m [32m(1)[0m [90m5.16 ms[0m
   [32m✓[0m CALLCODERipemd160_3_prefixed0
 [32m✓[0m [2mgenerated_state.stPreCompiledContracts2.CALLCODERipemd160_4Filler[0m [32m(1)[0m [90m4.48 ms[0m
   [32m✓[0m CALLCODERipemd160_4
 [32m✓[0m [2mgenerated_state.stPreCompiledContracts2.CALLCODERipemd160_4_gas719Filler[0m [32m(1)[0m [90m4.42 ms[0m
   [32m✓[0m CALLCODERipemd160_4_gas719
 [32m✓[0m [2mgenerated_state.stPreCompiledContracts2.CALLCODERipemd160_5Filler[0m [32m(1)[0m [90m103.57 ms[0m
   [32m✓[0m CALLCODERipemd160_5
 [32m✓[0m [2mgenerated_state.stPreCompiledContracts2.CALLCODESha256_0Filler[0m [32m(1)[0m [90m8.62 ms[0m
   [32m✓[0m CALLCODESha256_0
 [32m✓[0m [2mgenerated_state.stPreCompiledContracts2.CALLCODESha256_1Filler[0m [32m(1)[0m [90m4.90 ms[0m
   [32m✓[0m CALLCODESha256_1
 [32m✓[0m [2mgenerated_state.stPreCompiledContracts2.CALLCODESha256_1_nonzeroValueFiller[0m [32m(1)[0m [90m3.74 ms[0m
   [32m✓[0m CALLCODESha256_1_nonzeroValue
 [32m✓[0m [2mgenerated_state.stPreCompiledContracts2.CALLCODESha256_2Filler[0m [32m(1)[0m [90m4.39 ms[0m
   [32m✓[0m CALLCODESha256_2
 [32m✓[0m [2mgenerated_state.stPreCompiledContracts2.CALLCODESha256_3Filler[0m [32m(1)[0m [90m4.75 ms[0m
   [32m✓[0m CALLCODESha256_3
 [32m✓[0m [2mgenerated_state.stPreCompiledContracts2.CALLCODESha256_3_postfix0Filler[0m [32m(1)[0m [90m7.24 ms[0m
   [32m✓[0m CALLCODESha256_3_postfix0
 [32m✓[0m [2mgenerated_state.stPreCompiledContracts2.CALLCODESha256_3_prefix0Filler[0m [32m(1)[0m [90m4.00 ms[0m
   [32m✓[0m CALLCODESha256_3_prefix0
 [32m✓[0m [2mgenerated_state.stPreCompiledContracts2.CALLCODESha256_4Filler[0m [32m(1)[0m [90m4.02 ms[0m
   [32m✓[0m CALLCODESha256_4
 [32m✓[0m [2mgenerated_state.stPreCompiledContracts2.CALLCODESha256_4_gas99Filler[0m [32m(1)[0m [90m8.52 ms[0m
   [32m✓[0m CALLCODESha256_4_gas99
 [32m✓[0m [2mgenerated_state.stPreCompiledContracts2.CALLCODESha256_5Filler[0m [32m(1)[0m [90m113.00 ms[0m
   [32m✓[0m CALLCODESha256_5
 [41m[37m FAIL [0m [37mgenerated_state.stPreCompiledContracts2.CallEcrecover0Filler[0m [31m1 failed[0m [90m161.76 ms[0m
   [31m✖[0m CallEcrecover0
 [32m✓[0m [2mgenerated_state.stPreCompiledContracts2.CallEcrecover0_0inputFiller[0m [32m(1)[0m [90m4.99 ms[0m
   [32m✓[0m CallEcrecover0_0input
 [32m✓[0m [2mgenerated_state.stPreCompiledContracts2.CallEcrecover0_Gas2999Filler[0m [32m(1)[0m [90m4.66 ms[0m
   [32m✓[0m CallEcrecover0_Gas2999
 [32m✓[0m [2mgenerated_state.stPreCompiledContracts2.CallEcrecover0_NoGasFiller[0m [32m(1)[0m [90m4.55 ms[0m
   [32m✓[0m CallEcrecover0_NoGas
 [41m[37m FAIL [0m [37mgenerated_state.stPreCompiledContracts2.CallEcrecover0_completeReturnValueFiller[0m [31m1 failed[0m [90m155.14 ms[0m
   [31m✖[0m CallEcrecover0_completeReturnValue
 [41m[37m FAIL [0m [37mgenerated_state.stPreCompiledContracts2.CallEcrecover0_gas3000Filler[0m [31m1 failed[0m [90m184.68 ms[0m
   [31m✖[0m CallEcrecover0_gas3000
 [41m[37m FAIL [0m [37mgenerated_state.stPreCompiledContracts2.CallEcrecover0_overlappingInputOutputFiller[0m [31m1 failed[0m [90m170.24 ms[0m
   [31m✖[0m CallEcrecover0_overlappingInputOutput
 [32m✓[0m [2mgenerated_state.stPreCompiledContracts2.CallEcrecover1Filler[0m [32m(1)[0m [90m5.80 ms[0m
   [32m✓[0m CallEcrecover1
 [32m✓[0m [2mgenerated_state.stPreCompiledContracts2.CallEcrecover2Filler[0m [32m(1)[0m [90m5.44 ms[0m
   [32m✓[0m CallEcrecover2
 [32m✓[0m [2mgenerated_state.stPreCompiledContracts2.CallEcrecover3Filler[0m [32m(1)[0m [90m23.79 ms[0m
   [32m✓[0m CallEcrecover3
 [32m✓[0m [2mgenerated_state.stPreCompiledContracts2.CallEcrecover80Filler[0m [32m(1)[0m [90m24.43 ms[0m
   [32m✓[0m CallEcrecover80
 [41m[37m FAIL [0m [37mgenerated_state.stPreCompiledContracts2.CallEcrecoverCheckLengthFiller[0m [31m1 failed[0m [90m189.90 ms[0m
   [31m✖[0m CallEcrecoverCheckLength
 [41m[37m FAIL [0m [37mgenerated_state.stPreCompiledContracts2.CallEcrecoverCheckLengthWrongVFiller[0m [31m1 failed[0m [90m142.17 ms[0m
   [31m✖[0m CallEcrecoverCheckLengthWrongV
 [41m[37m FAIL [0m [37mgenerated_state.stPreCompiledContracts2.CallEcrecoverH_prefixed0Filler[0m [31m1 failed[0m [90m156.80 ms[0m
   [31m✖[0m CallEcrecoverH_prefixed0
 [41m[37m FAIL [0m [37mgenerated_state.stPreCompiledContracts2.CallEcrecoverInvalidSignatureFiller[0m [31m1 failed[0m [90m155.84 ms[0m
   [31m✖[0m CallEcrecoverInvalidSignature
 [32m✓[0m [2mgenerated_state.stPreCompiledContracts2.CallEcrecoverR_prefixed0Filler[0m [32m(1)[0m [90m5.57 ms[0m
   [32m✓[0m CallEcrecoverR_prefixed0
 [32m✓[0m [2mgenerated_state.stPreCompiledContracts2.CallEcrecoverS_prefixed0Filler[0m [32m(1)[0m [90m22.77 ms[0m
   [32m✓[0m CallEcrecoverS_prefixed0
 [41m[37m FAIL [0m [37mgenerated_state.stPreCompiledContracts2.CallEcrecoverUnrecoverableKeyFiller[0m [31m1 failed[0m [90m175.28 ms[0m
   [31m✖[0m CallEcrecoverUnrecoverableKey
 [41m[37m FAIL [0m [37mgenerated_state.stPreCompiledContracts2.CallEcrecoverV_prefixed0Filler[0m [31m1 failed[0m [90m164.13 ms[0m
   [31m✖[0m CallEcrecoverV_prefixed0
 [32m✓[0m [2mgenerated_state.stPreCompiledContracts2.CallRipemd160_0Filler[0m [32m(1)[0m [90m5.83 ms[0m
   [32m✓[0m CallRipemd160_0
 [32m✓[0m [2mgenerated_state.stPreCompiledContracts2.CallRipemd160_1Filler[0m [32m(1)[0m [90m11.08 ms[0m
   [32m✓[0m CallRipemd160_1
 [32m✓[0m [2mgenerated_state.stPreCompiledContracts2.CallRipemd160_2Filler[0m [32m(1)[0m [90m5.24 ms[0m
   [32m✓[0m CallRipemd160_2
 [32m✓[0m [2mgenerated_state.stPreCompiledContracts2.CallRipemd160_3Filler[0m [32m(1)[0m [90m5.58 ms[0m
   [32m✓[0m CallRipemd160_3
 [32m✓[0m [2mgenerated_state.stPreCompiledContracts2.CallRipemd160_3_postfixed0Filler[0m [32m(1)[0m [90m4.94 ms[0m
   [32m✓[0m CallRipemd160_3_postfixed0
 [32m✓[0m [2mgenerated_state.stPreCompiledContracts2.CallRipemd160_3_prefixed0Filler[0m [32m(1)[0m [90m5.13 ms[0m
   [32m✓[0m CallRipemd160_3_prefixed0
 [32m✓[0m [2mgenerated_state.stPreCompiledContracts2.CallRipemd160_4Filler[0m [32m(1)[0m [90m10.20 ms[0m
   [32m✓[0m CallRipemd160_4
 [32m✓[0m [2mgenerated_state.stPreCompiledContracts2.CallRipemd160_4_gas719Filler[0m [32m(1)[0m [90m5.28 ms[0m
   [32m✓[0m CallRipemd160_4_gas719
 [32m✓[0m [2mgenerated_state.stPreCompiledContracts2.CallRipemd160_5Filler[0m [32m(1)[0m [90m110.92 ms[0m
   [32m✓[0m CallRipemd160_5
 [32m✓[0m [2mgenerated_state.stPreCompiledContracts2.CallSha256_0Filler[0m [32m(1)[0m [90m5.46 ms[0m
   [32m✓[0m CallSha256_0
 [32m✓[0m [2mgenerated_state.stPreCompiledContracts2.CallSha256_1Filler[0m [32m(1)[0m [90m5.34 ms[0m
   [32m✓[0m CallSha256_1
 [32m✓[0m [2mgenerated_state.stPreCompiledContracts2.CallSha256_1_nonzeroValueFiller[0m [32m(1)[0m [90m5.93 ms[0m
   [32m✓[0m CallSha256_1_nonzeroValue
 [32m✓[0m [2mgenerated_state.stPreCompiledContracts2.CallSha256_2Filler[0m [32m(1)[0m [90m9.79 ms[0m
   [32m✓[0m CallSha256_2
 [32m✓[0m [2mgenerated_state.stPreCompiledContracts2.CallSha256_3Filler[0m [32m(1)[0m [90m8.16 ms[0m
   [32m✓[0m CallSha256_3
 [32m✓[0m [2mgenerated_state.stPreCompiledContracts2.CallSha256_3_postfix0Filler[0m [32m(1)[0m [90m6.32 ms[0m
   [32m✓[0m CallSha256_3_postfix0
 [32m✓[0m [2mgenerated_state.stPreCompiledContracts2.CallSha256_3_prefix0Filler[0m [32m(1)[0m [90m5.54 ms[0m
   [32m✓[0m CallSha256_3_prefix0
 [32m✓[0m [2mgenerated_state.stPreCompiledContracts2.CallSha256_4Filler[0m [32m(1)[0m [90m5.99 ms[0m
   [32m✓[0m CallSha256_4
 [32m✓[0m [2mgenerated_state.stPreCompiledContracts2.CallSha256_4_gas99Filler[0m [32m(1)[0m [90m5.36 ms[0m
   [32m✓[0m CallSha256_4_gas99
 [32m✓[0m [2mgenerated_state.stPreCompiledContracts2.CallSha256_5Filler[0m [32m(1)[0m [90m128.53 ms[0m
   [32m✓[0m CallSha256_5
 [32m✓[0m [2mgenerated_state.stPreCompiledContracts2.modexpRandomInputFiller[0m [32m(1)[0m [90m4.71 ms[0m
   [32m✓[0m modexpRandomInput
 [41m[37m FAIL [0m [37mgenerated_state.stPreCompiledContracts2.modexp_0_0_0_20500Filler[0m [31m1 failed[0m [90m157.58 ms[0m
   [31m✖[0m modexp_0_0_0_20500
 [41m[37m FAIL [0m [37mgenerated_state.stPreCompiledContracts2.modexp_0_0_0_22000Filler[0m [31m1 failed[0m [90m169.62 ms[0m
   [31m✖[0m modexp_0_0_0_22000
 [41m[37m FAIL [0m [37mgenerated_state.stPreCompiledContracts2.modexp_0_0_0_25000Filler[0m [31m1 failed[0m [90m161.00 ms[0m
   [31m✖[0m modexp_0_0_0_25000
 [41m[37m FAIL [0m [37mgenerated_state.stPreCompiledContracts2.modexp_0_0_0_35000Filler[0m [31m1 failed[0m [90m149.18 ms[0m
   [31m✖[0m modexp_0_0_0_35000
 [41m[37m FAIL [0m [37mgenerated_state.stQuadraticComplexityTest.Call1MB1024CalldepthFiller[0m [31m1 failed[0m [90m8.90 ms[0m
   [31m✖[0m Call1MB1024Calldepth
 [41m[37m FAIL [0m [37mgenerated_state.stQuadraticComplexityTest.Call20KbytesContract50_1Filler[0m [31m1 failed[0m [90m5.01 ms[0m
   [31m✖[0m Call20KbytesContract50_1
 [41m[37m FAIL [0m [37mgenerated_state.stQuadraticComplexityTest.Call20KbytesContract50_2Filler[0m [31m1 failed[0m [90m5.87 ms[0m
   [31m✖[0m Call20KbytesContract50_2
 [41m[37m FAIL [0m [37mgenerated_state.stQuadraticComplexityTest.Call20KbytesContract50_3Filler[0m [31m1 failed[0m [90m4.21 ms[0m
   [31m✖[0m Call20KbytesContract50_3
 [41m[37m FAIL [0m [37mgenerated_state.stQuadraticComplexityTest.Call50000Filler[0m [31m1 failed[0m [90m5.30 ms[0m
   [31m✖[0m Call50000
 [41m[37m FAIL [0m [37mgenerated_state.stQuadraticComplexityTest.Call50000_ecrecFiller[0m [31m1 failed[0m [90m5.65 ms[0m
   [31m✖[0m Call50000_ecrec
 [41m[37m FAIL [0m [37mgenerated_state.stQuadraticComplexityTest.Call50000_identity2Filler[0m [31m1 failed[0m [90m4.68 ms[0m
   [31m✖[0m Call50000_identity2
 [41m[37m FAIL [0m [37mgenerated_state.stQuadraticComplexityTest.Call50000_identityFiller[0m [31m1 failed[0m [90m4.77 ms[0m
   [31m✖[0m Call50000_identity
 [41m[37m FAIL [0m [37mgenerated_state.stQuadraticComplexityTest.Call50000_rip160Filler[0m [31m1 failed[0m [90m4.13 ms[0m
   [31m✖[0m Call50000_rip160
 [41m[37m FAIL [0m [37mgenerated_state.stQuadraticComplexityTest.Call50000_sha256Filler[0m [31m1 failed[0m [90m4.07 ms[0m
   [31m✖[0m Call50000_sha256
 [41m[37m FAIL [0m [37mgenerated_state.stQuadraticComplexityTest.Callcode50000Filler[0m [31m1 failed[0m [90m4.41 ms[0m
   [31m✖[0m Callcode50000
 [41m[37m FAIL [0m [37mgenerated_state.stQuadraticComplexityTest.Create1000ByzantiumFiller[0m [31m1 failed[0m [90m3.95 ms[0m
   [31m✖[0m Create1000Byzantium
 [41m[37m FAIL [0m [37mgenerated_state.stQuadraticComplexityTest.Create1000Filler[0m [31m1 failed[0m [90m4.23 ms[0m
   [31m✖[0m Create1000
 [41m[37m FAIL [0m [37mgenerated_state.stQuadraticComplexityTest.Create1000ShnghaiFiller[0m [31m1 failed[0m [90m4.73 ms[0m
   [31m✖[0m Create1000Shnghai
 [41m[37m FAIL [0m [37mgenerated_state.stQuadraticComplexityTest.QuadraticComplexitySolidity_CallDataCopyFiller[0m [31m1 failed[0m [90m432.22 ms[0m
   [31m✖[0m QuadraticComplexitySolidity_CallDataCopy
 [41m[37m FAIL [0m [37mgenerated_state.stQuadraticComplexityTest.Return50000Filler[0m [31m1 failed[0m [90m4.58 ms[0m
   [31m✖[0m Return50000
 [41m[37m FAIL [0m [37mgenerated_state.stQuadraticComplexityTest.Return50000_2Filler[0m [31m1 failed[0m [90m4.60 ms[0m
   [31m✖[0m Return50000_2
 [32m✓[0m [2mgenerated_state.stRandom.randomStatetest0Filler[0m [32m(1)[0m [90m3.57 ms[0m
   [32m✓[0m randomStatetest0
 [41m[37m FAIL [0m [37mgenerated_state.stRandom.randomStatetest100Filler[0m [31m1 failed[0m [90m148.38 ms[0m
   [31m✖[0m randomStatetest100
 [32m✓[0m [2mgenerated_state.stRandom.randomStatetest102Filler[0m [32m(1)[0m [90m3.95 ms[0m
   [32m✓[0m randomStatetest102
 [32m✓[0m [2mgenerated_state.stRandom.randomStatetest103Filler[0m [32m(1)[0m [90m4.02 ms[0m
   [32m✓[0m randomStatetest103
 [32m✓[0m [2mgenerated_state.stRandom.randomStatetest104Filler[0m [32m(1)[0m [90m4.56 ms[0m
   [32m✓[0m randomStatetest104
 [32m✓[0m [2mgenerated_state.stRandom.randomStatetest105Filler[0m [32m(1)[0m [90m5.38 ms[0m
   [32m✓[0m randomStatetest105
 [32m✓[0m [2mgenerated_state.stRandom.randomStatetest106Filler[0m [32m(1)[0m [90m4.33 ms[0m
   [32m✓[0m randomStatetest106
 [32m✓[0m [2mgenerated_state.stRandom.randomStatetest107Filler[0m [32m(1)[0m [90m4.91 ms[0m
   [32m✓[0m randomStatetest107
 [41m[37m FAIL [0m [37mgenerated_state.stRandom.randomStatetest108Filler[0m [31m1 failed[0m [90m143.41 ms[0m
   [31m✖[0m randomStatetest108
 [32m✓[0m [2mgenerated_state.stRandom.randomStatetest10Filler[0m [32m(1)[0m [90m3.92 ms[0m
   [32m✓[0m randomStatetest10
 [32m✓[0m [2mgenerated_state.stRandom.randomStatetest110Filler[0m [32m(1)[0m [90m5.80 ms[0m
   [32m✓[0m randomStatetest110
 [32m✓[0m [2mgenerated_state.stRandom.randomStatetest111Filler[0m [32m(1)[0m [90m3.76 ms[0m
   [32m✓[0m randomStatetest111
 [32m✓[0m [2mgenerated_state.stRandom.randomStatetest112Filler[0m [32m(1)[0m [90m4.58 ms[0m
   [32m✓[0m randomStatetest112
 [32m✓[0m [2mgenerated_state.stRandom.randomStatetest114Filler[0m [32m(1)[0m [90m4.40 ms[0m
   [32m✓[0m randomStatetest114
 [32m✓[0m [2mgenerated_state.stRandom.randomStatetest115Filler[0m [32m(1)[0m [90m3.95 ms[0m
   [32m✓[0m randomStatetest115
 [41m[37m FAIL [0m [37mgenerated_state.stRandom.randomStatetest116Filler[0m [31m1 failed[0m [90m135.93 ms[0m
   [31m✖[0m randomStatetest116
 [32m✓[0m [2mgenerated_state.stRandom.randomStatetest117Filler[0m [32m(1)[0m [90m3.59 ms[0m
   [32m✓[0m randomStatetest117
 [32m✓[0m [2mgenerated_state.stRandom.randomStatetest118Filler[0m [32m(1)[0m [90m4.00 ms[0m
   [32m✓[0m randomStatetest118
 [32m✓[0m [2mgenerated_state.stRandom.randomStatetest119Filler[0m [32m(1)[0m [90m4.54 ms[0m
   [32m✓[0m randomStatetest119
 [32m✓[0m [2mgenerated_state.stRandom.randomStatetest11Filler[0m [32m(1)[0m [90m4.34 ms[0m
   [32m✓[0m randomStatetest11
 [32m✓[0m [2mgenerated_state.stRandom.randomStatetest120Filler[0m [32m(1)[0m [90m4.57 ms[0m
   [32m✓[0m randomStatetest120
 [32m✓[0m [2mgenerated_state.stRandom.randomStatetest121Filler[0m [32m(1)[0m [90m4.08 ms[0m
   [32m✓[0m randomStatetest121
 [32m✓[0m [2mgenerated_state.stRandom.randomStatetest122Filler[0m [32m(1)[0m [90m4.28 ms[0m
   [32m✓[0m randomStatetest122
 [32m✓[0m [2mgenerated_state.stRandom.randomStatetest124Filler[0m [32m(1)[0m [90m3.97 ms[0m
   [32m✓[0m randomStatetest124
 [32m✓[0m [2mgenerated_state.stRandom.randomStatetest125Filler[0m [32m(1)[0m [90m3.92 ms[0m
   [32m✓[0m randomStatetest125
 [41m[37m FAIL [0m [37mgenerated_state.stRandom.randomStatetest126Filler[0m [31m1 failed[0m [90m155.56 ms[0m
   [31m✖[0m randomStatetest126
 [32m✓[0m [2mgenerated_state.stRandom.randomStatetest129Filler[0m [32m(1)[0m [90m3.98 ms[0m
   [32m✓[0m randomStatetest129
 [32m✓[0m [2mgenerated_state.stRandom.randomStatetest12Filler[0m [32m(1)[0m [90m4.23 ms[0m
   [32m✓[0m randomStatetest12
 [32m✓[0m [2mgenerated_state.stRandom.randomStatetest130Filler[0m [32m(1)[0m [90m4.51 ms[0m
   [32m✓[0m randomStatetest130
 [32m✓[0m [2mgenerated_state.stRandom.randomStatetest131Filler[0m [32m(1)[0m [90m3.95 ms[0m
   [32m✓[0m randomStatetest131
 [32m✓[0m [2mgenerated_state.stRandom.randomStatetest133Filler[0m [32m(1)[0m [90m3.66 ms[0m
   [32m✓[0m randomStatetest133
 [32m✓[0m [2mgenerated_state.stRandom.randomStatetest134Filler[0m [32m(1)[0m [90m4.28 ms[0m
   [32m✓[0m randomStatetest134
 [32m✓[0m [2mgenerated_state.stRandom.randomStatetest135Filler[0m [32m(1)[0m [90m4.36 ms[0m
   [32m✓[0m randomStatetest135
 [32m✓[0m [2mgenerated_state.stRandom.randomStatetest137Filler[0m [32m(1)[0m [90m3.77 ms[0m
   [32m✓[0m randomStatetest137
 [41m[37m FAIL [0m [37mgenerated_state.stRandom.randomStatetest138Filler[0m [31m1 failed[0m [90m168.29 ms[0m
   [31m✖[0m randomStatetest138
 [41m[37m FAIL [0m [37mgenerated_state.stRandom.randomStatetest139Filler[0m [31m1 failed[0m [90m149.25 ms[0m
   [31m✖[0m randomStatetest139
 [32m✓[0m [2mgenerated_state.stRandom.randomStatetest13Filler[0m [32m(1)[0m [90m3.89 ms[0m
   [32m✓[0m randomStatetest13
 [32m✓[0m [2mgenerated_state.stRandom.randomStatetest142Filler[0m [32m(1)[0m [90m20.63 ms[0m
   [32m✓[0m randomStatetest142
 [41m[37m FAIL [0m [37mgenerated_state.stRandom.randomStatetest143Filler[0m [31m1 failed[0m [90m165.36 ms[0m
   [31m✖[0m randomStatetest143
 [32m✓[0m [2mgenerated_state.stRandom.randomStatetest144Filler[0m [32m(1)[0m [90m4.24 ms[0m
   [32m✓[0m randomStatetest144
 [41m[37m FAIL [0m [37mgenerated_state.stRandom.randomStatetest145Filler[0m [31m1 failed[0m [90m157.46 ms[0m
   [31m✖[0m randomStatetest145
 [41m[37m FAIL [0m [37mgenerated_state.stRandom.randomStatetest146Filler[0m [31m1 failed[0m [90m144.76 ms[0m
   [31m✖[0m randomStatetest146
 [32m✓[0m [2mgenerated_state.stRandom.randomStatetest147Filler[0m [32m(1)[0m [90m3.75 ms[0m
   [32m✓[0m randomStatetest147
 [32m✓[0m [2mgenerated_state.stRandom.randomStatetest148Filler[0m [32m(1)[0m [90m5.34 ms[0m
   [32m✓[0m randomStatetest148
 [32m✓[0m [2mgenerated_state.stRandom.randomStatetest149Filler[0m [32m(1)[0m [90m5.29 ms[0m
   [32m✓[0m randomStatetest149
 [32m✓[0m [2mgenerated_state.stRandom.randomStatetest14Filler[0m [32m(1)[0m [90m3.79 ms[0m
   [32m✓[0m randomStatetest14
 [41m[37m FAIL [0m [37mgenerated_state.stRandom.randomStatetest150Filler[0m [31m1 failed[0m [90m437.18 ms[0m
   [31m✖[0m randomStatetest150
 [41m[37m FAIL [0m [37mgenerated_state.stRandom.randomStatetest151Filler[0m [31m1 failed[0m [90m175.21 ms[0m
   [31m✖[0m randomStatetest151
 [41m[37m FAIL [0m [37mgenerated_state.stRandom.randomStatetest153Filler[0m [31m1 failed[0m [90m154.92 ms[0m
   [31m✖[0m randomStatetest153
 [41m[37m FAIL [0m [37mgenerated_state.stRandom.randomStatetest154Filler[0m [31m1 failed[0m [90m547.55 ms[0m
   [31m✖[0m randomStatetest154
 [32m✓[0m [2mgenerated_state.stRandom.randomStatetest155Filler[0m [32m(1)[0m [90m5.75 ms[0m
   [32m✓[0m randomStatetest155
 [32m✓[0m [2mgenerated_state.stRandom.randomStatetest156Filler[0m [32m(1)[0m [90m4.42 ms[0m
   [32m✓[0m randomStatetest156
 [32m✓[0m [2mgenerated_state.stRandom.randomStatetest157Filler[0m [32m(1)[0m [90m4.99 ms[0m
   [32m✓[0m randomStatetest157
 [32m✓[0m [2mgenerated_state.stRandom.randomStatetest158Filler[0m [32m(1)[0m [90m4.30 ms[0m
   [32m✓[0m randomStatetest158
 [41m[37m FAIL [0m [37mgenerated_state.stRandom.randomStatetest159Filler[0m [31m1 failed[0m [90m409.03 ms[0m
   [31m✖[0m randomStatetest159
 [32m✓[0m [2mgenerated_state.stRandom.randomStatetest15Filler[0m [32m(1)[0m [90m4.16 ms[0m
   [32m✓[0m randomStatetest15
 [32m✓[0m [2mgenerated_state.stRandom.randomStatetest161Filler[0m [32m(1)[0m [90m4.85 ms[0m
   [32m✓[0m randomStatetest161
 [32m✓[0m [2mgenerated_state.stRandom.randomStatetest162Filler[0m [32m(1)[0m [90m3.96 ms[0m
   [32m✓[0m randomStatetest162
 [32m✓[0m [2mgenerated_state.stRandom.randomStatetest163Filler[0m [32m(1)[0m [90m94.28 ms[0m
   [32m✓[0m randomStatetest163
 [41m[37m FAIL [0m [37mgenerated_state.stRandom.randomStatetest164Filler[0m [31m1 failed[0m [90m162.27 ms[0m
   [31m✖[0m randomStatetest164
 [32m✓[0m [2mgenerated_state.stRandom.randomStatetest166Filler[0m [32m(1)[0m [90m4.84 ms[0m
   [32m✓[0m randomStatetest166
 [32m✓[0m [2mgenerated_state.stRandom.randomStatetest167Filler[0m [32m(1)[0m [90m4.16 ms[0m
   [32m✓[0m randomStatetest167
 [32m✓[0m [2mgenerated_state.stRandom.randomStatetest169Filler[0m [32m(1)[0m [90m5.55 ms[0m
   [32m✓[0m randomStatetest169
 [32m✓[0m [2mgenerated_state.stRandom.randomStatetest16Filler[0m [32m(1)[0m [90m4.02 ms[0m
   [32m✓[0m randomStatetest16
 [32m✓[0m [2mgenerated_state.stRandom.randomStatetest171Filler[0m [32m(1)[0m [90m4.71 ms[0m
   [32m✓[0m randomStatetest171
 [32m✓[0m [2mgenerated_state.stRandom.randomStatetest172Filler[0m [32m(1)[0m [90m4.51 ms[0m
   [32m✓[0m randomStatetest172
 [32m✓[0m [2mgenerated_state.stRandom.randomStatetest173Filler[0m [32m(1)[0m [90m5.48 ms[0m
   [32m✓[0m randomStatetest173
 [41m[37m FAIL [0m [37mgenerated_state.stRandom.randomStatetest174Filler[0m [31m1 failed[0m [90m141.64 ms[0m
   [31m✖[0m randomStatetest174
 [32m✓[0m [2mgenerated_state.stRandom.randomStatetest175Filler[0m [32m(1)[0m [90m5.70 ms[0m
   [32m✓[0m randomStatetest175
 [32m✓[0m [2mgenerated_state.stRandom.randomStatetest176Filler[0m [32m(1)[0m [90m5.37 ms[0m
   [32m✓[0m randomStatetest176
 [32m✓[0m [2mgenerated_state.stRandom.randomStatetest177Filler[0m [32m(1)[0m [90m6.35 ms[0m
   [32m✓[0m randomStatetest177
 [41m[37m FAIL [0m [37mgenerated_state.stRandom.randomStatetest178Filler[0m [31m1 failed[0m [90m459.31 ms[0m
   [31m✖[0m randomStatetest178
 [32m✓[0m [2mgenerated_state.stRandom.randomStatetest179Filler[0m [32m(1)[0m [90m4.49 ms[0m
   [32m✓[0m randomStatetest179
 [32m✓[0m [2mgenerated_state.stRandom.randomStatetest17Filler[0m [32m(1)[0m [90m19.90 ms[0m
   [32m✓[0m randomStatetest17
 [32m✓[0m [2mgenerated_state.stRandom.randomStatetest180Filler[0m [32m(1)[0m [90m4.58 ms[0m
   [32m✓[0m randomStatetest180
 [32m✓[0m [2mgenerated_state.stRandom.randomStatetest183Filler[0m [32m(1)[0m [90m4.37 ms[0m
   [32m✓[0m randomStatetest183
 [32m✓[0m [2mgenerated_state.stRandom.randomStatetest184Filler[0m [32m(1)[0m [90m8.05 ms[0m
   [32m✓[0m randomStatetest184
 [32m✓[0m [2mgenerated_state.stRandom.randomStatetest185Filler[0m [32m(1)[0m [90m121.73 ms[0m
   [32m✓[0m randomStatetest185
 [32m✓[0m [2mgenerated_state.stRandom.randomStatetest187Filler[0m [32m(1)[0m [90m4.65 ms[0m
   [32m✓[0m randomStatetest187
 [32m✓[0m [2mgenerated_state.stRandom.randomStatetest188Filler[0m [32m(1)[0m [90m5.35 ms[0m
   [32m✓[0m randomStatetest188
 [32m✓[0m [2mgenerated_state.stRandom.randomStatetest189Filler[0m [32m(1)[0m [90m5.20 ms[0m
   [32m✓[0m randomStatetest189
 [32m✓[0m [2mgenerated_state.stRandom.randomStatetest18Filler[0m [32m(1)[0m [90m5.03 ms[0m
   [32m✓[0m randomStatetest18
 [32m✓[0m [2mgenerated_state.stRandom.randomStatetest190Filler[0m [32m(1)[0m [90m5.13 ms[0m
   [32m✓[0m randomStatetest190
 [32m✓[0m [2mgenerated_state.stRandom.randomStatetest191Filler[0m [32m(1)[0m [90m4.99 ms[0m
   [32m✓[0m randomStatetest191
 [32m✓[0m [2mgenerated_state.stRandom.randomStatetest192Filler[0m [32m(1)[0m [90m4.21 ms[0m
   [32m✓[0m randomStatetest192
 [32m✓[0m [2mgenerated_state.stRandom.randomStatetest194Filler[0m [32m(1)[0m [90m5.05 ms[0m
   [32m✓[0m randomStatetest194
 [32m✓[0m [2mgenerated_state.stRandom.randomStatetest195Filler[0m [32m(1)[0m [90m4.82 ms[0m
   [32m✓[0m randomStatetest195
 [41m[37m FAIL [0m [37mgenerated_state.stRandom.randomStatetest196Filler[0m [31m1 failed[0m [90m155.00 ms[0m
   [31m✖[0m randomStatetest196
 [32m✓[0m [2mgenerated_state.stRandom.randomStatetest197Filler[0m [32m(1)[0m [90m5.86 ms[0m
   [32m✓[0m randomStatetest197
 [32m✓[0m [2mgenerated_state.stRandom.randomStatetest198Filler[0m [32m(1)[0m [90m5.09 ms[0m
   [32m✓[0m randomStatetest198
 [41m[37m FAIL [0m [37mgenerated_state.stRandom.randomStatetest199Filler[0m [31m1 failed[0m [90m155.05 ms[0m
   [31m✖[0m randomStatetest199
 [32m✓[0m [2mgenerated_state.stRandom.randomStatetest19Filler[0m [32m(1)[0m [90m4.00 ms[0m
   [32m✓[0m randomStatetest19
 [41m[37m FAIL [0m [37mgenerated_state.stRandom.randomStatetest1Filler[0m [31m1 failed[0m [90m153.69 ms[0m
   [31m✖[0m randomStatetest1
 [32m✓[0m [2mgenerated_state.stRandom.randomStatetest200Filler[0m [32m(1)[0m [90m4.56 ms[0m
   [32m✓[0m randomStatetest200
 [32m✓[0m [2mgenerated_state.stRandom.randomStatetest201Filler[0m [32m(1)[0m [90m4.03 ms[0m
   [32m✓[0m randomStatetest201
 [32m✓[0m [2mgenerated_state.stRandom.randomStatetest202Filler[0m [32m(1)[0m [90m5.41 ms[0m
   [32m✓[0m randomStatetest202
 [32m✓[0m [2mgenerated_state.stRandom.randomStatetest204Filler[0m [32m(1)[0m [90m3.99 ms[0m
   [32m✓[0m randomStatetest204
 [41m[37m FAIL [0m [37mgenerated_state.stRandom.randomStatetest205Filler[0m [31m1 failed[0m [90m253.77 ms[0m
   [31m✖[0m randomStatetest205
 [32m✓[0m [2mgenerated_state.stRandom.randomStatetest206Filler[0m [32m(1)[0m [90m5.66 ms[0m
   [32m✓[0m randomStatetest206
 [41m[37m FAIL [0m [37mgenerated_state.stRandom.randomStatetest207Filler[0m [31m1 failed[0m [90m161.20 ms[0m
   [31m✖[0m randomStatetest207
 [32m✓[0m [2mgenerated_state.stRandom.randomStatetest208Filler[0m [32m(1)[0m [90m5.40 ms[0m
   [32m✓[0m randomStatetest208
 [32m✓[0m [2mgenerated_state.stRandom.randomStatetest209Filler[0m [32m(1)[0m [90m6.08 ms[0m
   [32m✓[0m randomStatetest209
 [32m✓[0m [2mgenerated_state.stRandom.randomStatetest20Filler[0m [32m(1)[0m [90m4.74 ms[0m
   [32m✓[0m randomStatetest20
 [32m✓[0m [2mgenerated_state.stRandom.randomStatetest210Filler[0m [32m(1)[0m [90m4.86 ms[0m
   [32m✓[0m randomStatetest210
 [32m✓[0m [2mgenerated_state.stRandom.randomStatetest211Filler[0m [32m(1)[0m [90m4.51 ms[0m
   [32m✓[0m randomStatetest211
 [32m✓[0m [2mgenerated_state.stRandom.randomStatetest212Filler[0m [32m(1)[0m [90m3.93 ms[0m
   [32m✓[0m randomStatetest212
 [32m✓[0m [2mgenerated_state.stRandom.randomStatetest214Filler[0m [32m(1)[0m [90m4.28 ms[0m
   [32m✓[0m randomStatetest214
 [32m✓[0m [2mgenerated_state.stRandom.randomStatetest215Filler[0m [32m(1)[0m [90m4.33 ms[0m
   [32m✓[0m randomStatetest215
 [32m✓[0m [2mgenerated_state.stRandom.randomStatetest216Filler[0m [32m(1)[0m [90m4.03 ms[0m
   [32m✓[0m randomStatetest216
 [32m✓[0m [2mgenerated_state.stRandom.randomStatetest217Filler[0m [32m(1)[0m [90m23.79 ms[0m
   [32m✓[0m randomStatetest217
 [32m✓[0m [2mgenerated_state.stRandom.randomStatetest219Filler[0m [32m(1)[0m [90m5.16 ms[0m
   [32m✓[0m randomStatetest219
 [32m✓[0m [2mgenerated_state.stRandom.randomStatetest220Filler[0m [32m(1)[0m [90m5.54 ms[0m
   [32m✓[0m randomStatetest220
 [32m✓[0m [2mgenerated_state.stRandom.randomStatetest221Filler[0m [32m(1)[0m [90m4.58 ms[0m
   [32m✓[0m randomStatetest221
 [41m[37m FAIL [0m [37mgenerated_state.stRandom.randomStatetest222Filler[0m [31m1 failed[0m [90m152.02 ms[0m
   [31m✖[0m randomStatetest222
 [32m✓[0m [2mgenerated_state.stRandom.randomStatetest225Filler[0m [32m(1)[0m [90m4.71 ms[0m
   [32m✓[0m randomStatetest225
 [32m✓[0m [2mgenerated_state.stRandom.randomStatetest226Filler[0m [32m(1)[0m [90m5.25 ms[0m
   [32m✓[0m randomStatetest226
 [32m✓[0m [2mgenerated_state.stRandom.randomStatetest227Filler[0m [32m(1)[0m [90m5.69 ms[0m
   [32m✓[0m randomStatetest227
 [41m[37m FAIL [0m [37mgenerated_state.stRandom.randomStatetest228Filler[0m [31m1 failed[0m [90m148.85 ms[0m
   [31m✖[0m randomStatetest228
 [32m✓[0m [2mgenerated_state.stRandom.randomStatetest22Filler[0m [32m(1)[0m [90m4.18 ms[0m
   [32m✓[0m randomStatetest22
 [32m✓[0m [2mgenerated_state.stRandom.randomStatetest230Filler[0m [32m(1)[0m [90m6.06 ms[0m
   [32m✓[0m randomStatetest230
 [32m✓[0m [2mgenerated_state.stRandom.randomStatetest231Filler[0m [32m(1)[0m [90m3.78 ms[0m
   [32m✓[0m randomStatetest231
 [32m✓[0m [2mgenerated_state.stRandom.randomStatetest232Filler[0m [32m(1)[0m [90m4.32 ms[0m
   [32m✓[0m randomStatetest232
 [32m✓[0m [2mgenerated_state.stRandom.randomStatetest233Filler[0m [32m(1)[0m [90m3.77 ms[0m
   [32m✓[0m randomStatetest233
 [41m[37m FAIL [0m [37mgenerated_state.stRandom.randomStatetest236Filler[0m [31m1 failed[0m [90m163.03 ms[0m
   [31m✖[0m randomStatetest236
 [32m✓[0m [2mgenerated_state.stRandom.randomStatetest237Filler[0m [32m(1)[0m [90m20.52 ms[0m
   [32m✓[0m randomStatetest237
 [32m✓[0m [2mgenerated_state.stRandom.randomStatetest238Filler[0m [32m(1)[0m [90m3.75 ms[0m
   [32m✓[0m randomStatetest238
 [32m✓[0m [2mgenerated_state.stRandom.randomStatetest23Filler[0m [32m(1)[0m [90m5.05 ms[0m
   [32m✓[0m randomStatetest23
 [32m✓[0m [2mgenerated_state.stRandom.randomStatetest242Filler[0m [32m(1)[0m [90m5.58 ms[0m
   [32m✓[0m randomStatetest242
 [32m✓[0m [2mgenerated_state.stRandom.randomStatetest243Filler[0m [32m(1)[0m [90m5.70 ms[0m
   [32m✓[0m randomStatetest243
 [41m[37m FAIL [0m [37mgenerated_state.stRandom.randomStatetest244Filler[0m [31m1 failed[0m [90m149.80 ms[0m
   [31m✖[0m randomStatetest244
 [32m✓[0m [2mgenerated_state.stRandom.randomStatetest245Filler[0m [32m(1)[0m [90m3.96 ms[0m
   [32m✓[0m randomStatetest245
 [41m[37m FAIL [0m [37mgenerated_state.stRandom.randomStatetest246Filler[0m [31m1 failed[0m [90m159.42 ms[0m
   [31m✖[0m randomStatetest246
 [32m✓[0m [2mgenerated_state.stRandom.randomStatetest247Filler[0m [32m(1)[0m [90m4.50 ms[0m
   [32m✓[0m randomStatetest247
 [41m[37m FAIL [0m [37mgenerated_state.stRandom.randomStatetest248Filler[0m [31m1 failed[0m [90m153.77 ms[0m
   [31m✖[0m randomStatetest248
 [41m[37m FAIL [0m [37mgenerated_state.stRandom.randomStatetest249Filler[0m [31m1 failed[0m [90m141.75 ms[0m
   [31m✖[0m randomStatetest249
 [32m✓[0m [2mgenerated_state.stRandom.randomStatetest24Filler[0m [32m(1)[0m [90m9.59 ms[0m
   [32m✓[0m randomStatetest24
 [32m✓[0m [2mgenerated_state.stRandom.randomStatetest250Filler[0m [32m(1)[0m [90m3.71 ms[0m
   [32m✓[0m randomStatetest250
 [32m✓[0m [2mgenerated_state.stRandom.randomStatetest251Filler[0m [32m(1)[0m [90m3.93 ms[0m
   [32m✓[0m randomStatetest251
 [41m[37m FAIL [0m [37mgenerated_state.stRandom.randomStatetest252Filler[0m [31m1 failed[0m [90m135.17 ms[0m
   [31m✖[0m randomStatetest252
 [32m✓[0m [2mgenerated_state.stRandom.randomStatetest254Filler[0m [32m(1)[0m [90m4.07 ms[0m
   [32m✓[0m randomStatetest254
 [32m✓[0m [2mgenerated_state.stRandom.randomStatetest257Filler[0m [32m(1)[0m [90m4.56 ms[0m
   [32m✓[0m randomStatetest257
 [32m✓[0m [2mgenerated_state.stRandom.randomStatetest259Filler[0m [32m(1)[0m [90m5.12 ms[0m
   [32m✓[0m randomStatetest259
 [32m✓[0m [2mgenerated_state.stRandom.randomStatetest25Filler[0m [32m(1)[0m [90m7.21 ms[0m
   [32m✓[0m randomStatetest25
 [32m✓[0m [2mgenerated_state.stRandom.randomStatetest260Filler[0m [32m(1)[0m [90m4.48 ms[0m
   [32m✓[0m randomStatetest260
 [32m✓[0m [2mgenerated_state.stRandom.randomStatetest261Filler[0m [32m(1)[0m [90m4.24 ms[0m
   [32m✓[0m randomStatetest261
 [32m✓[0m [2mgenerated_state.stRandom.randomStatetest263Filler[0m [32m(1)[0m [90m4.33 ms[0m
   [32m✓[0m randomStatetest263
 [32m✓[0m [2mgenerated_state.stRandom.randomStatetest264Filler[0m [32m(1)[0m [90m4.11 ms[0m
   [32m✓[0m randomStatetest264
 [32m✓[0m [2mgenerated_state.stRandom.randomStatetest265Filler[0m [32m(1)[0m [90m4.18 ms[0m
   [32m✓[0m randomStatetest265
 [32m✓[0m [2mgenerated_state.stRandom.randomStatetest266Filler[0m [32m(1)[0m [90m4.22 ms[0m
   [32m✓[0m randomStatetest266
 [32m✓[0m [2mgenerated_state.stRandom.randomStatetest267Filler[0m [32m(1)[0m [90m4.20 ms[0m
   [32m✓[0m randomStatetest267
 [32m✓[0m [2mgenerated_state.stRandom.randomStatetest268Filler[0m [32m(1)[0m [90m4.29 ms[0m
   [32m✓[0m randomStatetest268
 [32m✓[0m [2mgenerated_state.stRandom.randomStatetest269Filler[0m [32m(1)[0m [90m4.57 ms[0m
   [32m✓[0m randomStatetest269
 [41m[37m FAIL [0m [37mgenerated_state.stRandom.randomStatetest26Filler[0m [31m1 failed[0m [90m140.87 ms[0m
   [31m✖[0m randomStatetest26
 [41m[37m FAIL [0m [37mgenerated_state.stRandom.randomStatetest270Filler[0m [31m1 failed[0m [90m136.69 ms[0m
   [31m✖[0m randomStatetest270
 [32m✓[0m [2mgenerated_state.stRandom.randomStatetest271Filler[0m [32m(1)[0m [90m3.77 ms[0m
   [32m✓[0m randomStatetest271
 [41m[37m FAIL [0m [37mgenerated_state.stRandom.randomStatetest273Filler[0m [31m1 failed[0m [90m136.71 ms[0m
   [31m✖[0m randomStatetest273
 [32m✓[0m [2mgenerated_state.stRandom.randomStatetest274Filler[0m [32m(1)[0m [90m4.00 ms[0m
   [32m✓[0m randomStatetest274
 [32m✓[0m [2mgenerated_state.stRandom.randomStatetest275Filler[0m [32m(1)[0m [90m4.32 ms[0m
   [32m✓[0m randomStatetest275
 [32m✓[0m [2mgenerated_state.stRandom.randomStatetest276Filler[0m [32m(1)[0m [90m5.59 ms[0m
   [32m✓[0m randomStatetest276
 [32m✓[0m [2mgenerated_state.stRandom.randomStatetest278Filler[0m [32m(1)[0m [90m23.79 ms[0m
   [32m✓[0m randomStatetest278
 [32m✓[0m [2mgenerated_state.stRandom.randomStatetest279Filler[0m [32m(1)[0m [90m4.21 ms[0m
   [32m✓[0m randomStatetest279
 [32m✓[0m [2mgenerated_state.stRandom.randomStatetest27Filler[0m [32m(1)[0m [90m5.32 ms[0m
   [32m✓[0m randomStatetest27
 [32m✓[0m [2mgenerated_state.stRandom.randomStatetest280Filler[0m [32m(1)[0m [90m6.39 ms[0m
   [32m✓[0m randomStatetest280
 [32m✓[0m [2mgenerated_state.stRandom.randomStatetest281Filler[0m [32m(1)[0m [90m4.02 ms[0m
   [32m✓[0m randomStatetest281
 [32m✓[0m [2mgenerated_state.stRandom.randomStatetest282Filler[0m [32m(1)[0m [90m3.96 ms[0m
   [32m✓[0m randomStatetest282
 [41m[37m FAIL [0m [37mgenerated_state.stRandom.randomStatetest283Filler[0m [31m1 failed[0m [90m146.90 ms[0m
   [31m✖[0m randomStatetest283
 [41m[37m FAIL [0m [37mgenerated_state.stRandom.randomStatetest285Filler[0m [31m1 failed[0m [90m145.71 ms[0m
   [31m✖[0m randomStatetest285
 [32m✓[0m [2mgenerated_state.stRandom.randomStatetest286Filler[0m [32m(1)[0m [90m4.13 ms[0m
   [32m✓[0m randomStatetest286
 [32m✓[0m [2mgenerated_state.stRandom.randomStatetest287Filler[0m [32m(1)[0m [90m3.75 ms[0m
   [32m✓[0m randomStatetest287
 [41m[37m FAIL [0m [37mgenerated_state.stRandom.randomStatetest288Filler[0m [31m1 failed[0m [90m4.66 ms[0m
   [31m✖[0m randomStatetest288
 [41m[37m FAIL [0m [37mgenerated_state.stRandom.randomStatetest28Filler[0m [31m1 failed[0m [90m137.45 ms[0m
   [31m✖[0m randomStatetest28
 [32m✓[0m [2mgenerated_state.stRandom.randomStatetest290Filler[0m [32m(1)[0m [90m4.39 ms[0m
   [32m✓[0m randomStatetest290
 [32m✓[0m [2mgenerated_state.stRandom.randomStatetest291Filler[0m [32m(1)[0m [90m3.58 ms[0m
   [32m✓[0m randomStatetest291
 [32m✓[0m [2mgenerated_state.stRandom.randomStatetest292Filler[0m [32m(1)[0m [90m3.95 ms[0m
   [32m✓[0m randomStatetest292
 [32m✓[0m [2mgenerated_state.stRandom.randomStatetest293Filler[0m [32m(1)[0m [90m4.18 ms[0m
   [32m✓[0m randomStatetest293
 [32m✓[0m [2mgenerated_state.stRandom.randomStatetest294Filler[0m [32m(1)[0m [90m3.94 ms[0m
   [32m✓[0m randomStatetest294
 [32m✓[0m [2mgenerated_state.stRandom.randomStatetest295Filler[0m [32m(1)[0m [90m19.62 ms[0m
   [32m✓[0m randomStatetest295
 [32m✓[0m [2mgenerated_state.stRandom.randomStatetest296Filler[0m [32m(1)[0m [90m4.19 ms[0m
   [32m✓[0m randomStatetest296
 [32m✓[0m [2mgenerated_state.stRandom.randomStatetest297Filler[0m [32m(1)[0m [90m5.15 ms[0m
   [32m✓[0m randomStatetest297
 [32m✓[0m [2mgenerated_state.stRandom.randomStatetest298Filler[0m [32m(1)[0m [90m5.41 ms[0m
   [32m✓[0m randomStatetest298
 [32m✓[0m [2mgenerated_state.stRandom.randomStatetest299Filler[0m [32m(1)[0m [90m4.02 ms[0m
   [32m✓[0m randomStatetest299
 [32m✓[0m [2mgenerated_state.stRandom.randomStatetest29Filler[0m [32m(1)[0m [90m4.27 ms[0m
   [32m✓[0m randomStatetest29
 [32m✓[0m [2mgenerated_state.stRandom.randomStatetest2Filler[0m [32m(1)[0m [90m4.49 ms[0m
   [32m✓[0m randomStatetest2
 [32m✓[0m [2mgenerated_state.stRandom.randomStatetest300Filler[0m [32m(1)[0m [90m3.94 ms[0m
   [32m✓[0m randomStatetest300
 [32m✓[0m [2mgenerated_state.stRandom.randomStatetest301Filler[0m [32m(1)[0m [90m22.35 ms[0m
   [32m✓[0m randomStatetest301
 [32m✓[0m [2mgenerated_state.stRandom.randomStatetest302Filler[0m [32m(1)[0m [90m4.01 ms[0m
   [32m✓[0m randomStatetest302
 [32m✓[0m [2mgenerated_state.stRandom.randomStatetest303Filler[0m [32m(1)[0m [90m4.46 ms[0m
   [32m✓[0m randomStatetest303
 [32m✓[0m [2mgenerated_state.stRandom.randomStatetest304Filler[0m [32m(1)[0m [90m5.98 ms[0m
   [32m✓[0m randomStatetest304
 [32m✓[0m [2mgenerated_state.stRandom.randomStatetest305Filler[0m [32m(1)[0m [90m5.62 ms[0m
   [32m✓[0m randomStatetest305
 [41m[37m FAIL [0m [37mgenerated_state.stRandom.randomStatetest306Filler[0m [31m1 failed[0m [90m400.17 ms[0m
   [31m✖[0m randomStatetest306
 [32m✓[0m [2mgenerated_state.stRandom.randomStatetest307Filler[0m [32m(1)[0m [90m27.16 ms[0m
   [32m✓[0m randomStatetest307
 [32m✓[0m [2mgenerated_state.stRandom.randomStatetest308Filler[0m [32m(1)[0m [90m4.72 ms[0m
   [32m✓[0m randomStatetest308
 [41m[37m FAIL [0m [37mgenerated_state.stRandom.randomStatetest309Filler[0m [31m1 failed[0m [90m131.08 ms[0m
   [31m✖[0m randomStatetest309
 [41m[37m FAIL [0m [37mgenerated_state.stRandom.randomStatetest30Filler[0m [31m1 failed[0m [90m149.80 ms[0m
   [31m✖[0m randomStatetest30
 [32m✓[0m [2mgenerated_state.stRandom.randomStatetest310Filler[0m [32m(1)[0m [90m19.12 ms[0m
   [32m✓[0m randomStatetest310
 [32m✓[0m [2mgenerated_state.stRandom.randomStatetest311Filler[0m [32m(1)[0m [90m4.44 ms[0m
   [32m✓[0m randomStatetest311
 [32m✓[0m [2mgenerated_state.stRandom.randomStatetest312Filler[0m [32m(1)[0m [90m4.38 ms[0m
   [32m✓[0m randomStatetest312
 [32m✓[0m [2mgenerated_state.stRandom.randomStatetest313Filler[0m [32m(1)[0m [90m4.28 ms[0m
   [32m✓[0m randomStatetest313
 [32m✓[0m [2mgenerated_state.stRandom.randomStatetest315Filler[0m [32m(1)[0m [90m4.17 ms[0m
   [32m✓[0m randomStatetest315
 [32m✓[0m [2mgenerated_state.stRandom.randomStatetest316Filler[0m [32m(1)[0m [90m4.42 ms[0m
   [32m✓[0m randomStatetest316
 [32m✓[0m [2mgenerated_state.stRandom.randomStatetest318Filler[0m [32m(1)[0m [90m4.67 ms[0m
   [32m✓[0m randomStatetest318
 [32m✓[0m [2mgenerated_state.stRandom.randomStatetest31Filler[0m [32m(1)[0m [90m22.57 ms[0m
   [32m✓[0m randomStatetest31
 [32m✓[0m [2mgenerated_state.stRandom.randomStatetest320Filler[0m [32m(1)[0m [90m4.80 ms[0m
   [32m✓[0m randomStatetest320
 [32m✓[0m [2mgenerated_state.stRandom.randomStatetest321Filler[0m [32m(1)[0m [90m3.31 ms[0m
   [32m✓[0m randomStatetest321
 [32m✓[0m [2mgenerated_state.stRandom.randomStatetest322Filler[0m [32m(1)[0m [90m4.15 ms[0m
   [32m✓[0m randomStatetest322
 [32m✓[0m [2mgenerated_state.stRandom.randomStatetest323Filler[0m [32m(1)[0m [90m4.60 ms[0m
   [32m✓[0m randomStatetest323
 [32m✓[0m [2mgenerated_state.stRandom.randomStatetest325Filler[0m [32m(1)[0m [90m4.96 ms[0m
   [32m✓[0m randomStatetest325
 [32m✓[0m [2mgenerated_state.stRandom.randomStatetest326Filler[0m [32m(1)[0m [90m79.55 ms[0m
   [32m✓[0m randomStatetest326
 [32m✓[0m [2mgenerated_state.stRandom.randomStatetest327Filler[0m [32m(1)[0m [90m4.44 ms[0m
   [32m✓[0m randomStatetest327
 [32m✓[0m [2mgenerated_state.stRandom.randomStatetest329Filler[0m [32m(1)[0m [90m4.36 ms[0m
   [32m✓[0m randomStatetest329
 [32m✓[0m [2mgenerated_state.stRandom.randomStatetest332Filler[0m [32m(1)[0m [90m4.55 ms[0m
   [32m✓[0m randomStatetest332
 [32m✓[0m [2mgenerated_state.stRandom.randomStatetest333Filler[0m [32m(1)[0m [90m5.38 ms[0m
   [32m✓[0m randomStatetest333
 [32m✓[0m [2mgenerated_state.stRandom.randomStatetest334Filler[0m [32m(1)[0m [90m3.60 ms[0m
   [32m✓[0m randomStatetest334
 [32m✓[0m [2mgenerated_state.stRandom.randomStatetest335Filler[0m [32m(1)[0m [90m4.42 ms[0m
   [32m✓[0m randomStatetest335
 [41m[37m FAIL [0m [37mgenerated_state.stRandom.randomStatetest336Filler[0m [31m1 failed[0m [90m155.52 ms[0m
   [31m✖[0m randomStatetest336
 [32m✓[0m [2mgenerated_state.stRandom.randomStatetest337Filler[0m [32m(1)[0m [90m4.21 ms[0m
   [32m✓[0m randomStatetest337
 [32m✓[0m [2mgenerated_state.stRandom.randomStatetest338Filler[0m [32m(1)[0m [90m4.52 ms[0m
   [32m✓[0m randomStatetest338
 [32m✓[0m [2mgenerated_state.stRandom.randomStatetest339Filler[0m [32m(1)[0m [90m3.88 ms[0m
   [32m✓[0m randomStatetest339
 [32m✓[0m [2mgenerated_state.stRandom.randomStatetest33Filler[0m [32m(1)[0m [90m3.89 ms[0m
   [32m✓[0m randomStatetest33
 [32m✓[0m [2mgenerated_state.stRandom.randomStatetest340Filler[0m [32m(1)[0m [90m4.36 ms[0m
   [32m✓[0m randomStatetest340
 [32m✓[0m [2mgenerated_state.stRandom.randomStatetest341Filler[0m [32m(1)[0m [90m28.18 ms[0m
   [32m✓[0m randomStatetest341
 [32m✓[0m [2mgenerated_state.stRandom.randomStatetest342Filler[0m [32m(1)[0m [90m4.48 ms[0m
   [32m✓[0m randomStatetest342
 [32m✓[0m [2mgenerated_state.stRandom.randomStatetest343Filler[0m [32m(1)[0m [90m22.74 ms[0m
   [32m✓[0m randomStatetest343
 [32m✓[0m [2mgenerated_state.stRandom.randomStatetest345Filler[0m [32m(1)[0m [90m5.47 ms[0m
   [32m✓[0m randomStatetest345
 [32m✓[0m [2mgenerated_state.stRandom.randomStatetest346Filler[0m [32m(1)[0m [90m5.01 ms[0m
   [32m✓[0m randomStatetest346
 [41m[37m FAIL [0m [37mgenerated_state.stRandom.randomStatetest347Filler[0m [31m1 failed[0m [90m145.17 ms[0m
   [31m✖[0m randomStatetest347
 [32m✓[0m [2mgenerated_state.stRandom.randomStatetest348Filler[0m [32m(1)[0m [90m5.26 ms[0m
   [32m✓[0m randomStatetest348
 [32m✓[0m [2mgenerated_state.stRandom.randomStatetest349Filler[0m [32m(1)[0m [90m4.00 ms[0m
   [32m✓[0m randomStatetest349
 [32m✓[0m [2mgenerated_state.stRandom.randomStatetest350Filler[0m [32m(1)[0m [90m4.13 ms[0m
   [32m✓[0m randomStatetest350
 [32m✓[0m [2mgenerated_state.stRandom.randomStatetest351Filler[0m [32m(1)[0m [90m5.21 ms[0m
   [32m✓[0m randomStatetest351
 [41m[37m FAIL [0m [37mgenerated_state.stRandom.randomStatetest352Filler[0m [31m1 failed[0m [90m141.08 ms[0m
   [31m✖[0m randomStatetest352
 [32m✓[0m [2mgenerated_state.stRandom.randomStatetest353Filler[0m [32m(1)[0m [90m4.12 ms[0m
   [32m✓[0m randomStatetest353
 [32m✓[0m [2mgenerated_state.stRandom.randomStatetest354Filler[0m [32m(1)[0m [90m20.51 ms[0m
   [32m✓[0m randomStatetest354
 [32m✓[0m [2mgenerated_state.stRandom.randomStatetest355Filler[0m [32m(1)[0m [90m4.75 ms[0m
   [32m✓[0m randomStatetest355
 [32m✓[0m [2mgenerated_state.stRandom.randomStatetest356Filler[0m [32m(1)[0m [90m4.63 ms[0m
   [32m✓[0m randomStatetest356
 [32m✓[0m [2mgenerated_state.stRandom.randomStatetest357Filler[0m [32m(1)[0m [90m23.16 ms[0m
   [32m✓[0m randomStatetest357
 [32m✓[0m [2mgenerated_state.stRandom.randomStatetest358Filler[0m [32m(1)[0m [90m4.71 ms[0m
   [32m✓[0m randomStatetest358
 [32m✓[0m [2mgenerated_state.stRandom.randomStatetest359Filler[0m [32m(1)[0m [90m4.14 ms[0m
   [32m✓[0m randomStatetest359
 [32m✓[0m [2mgenerated_state.stRandom.randomStatetest360Filler[0m [32m(1)[0m [90m4.34 ms[0m
   [32m✓[0m randomStatetest360
 [32m✓[0m [2mgenerated_state.stRandom.randomStatetest361Filler[0m [32m(1)[0m [90m5.22 ms[0m
   [32m✓[0m randomStatetest361
 [32m✓[0m [2mgenerated_state.stRandom.randomStatetest362Filler[0m [32m(1)[0m [90m4.93 ms[0m
   [32m✓[0m randomStatetest362
 [32m✓[0m [2mgenerated_state.stRandom.randomStatetest363Filler[0m [32m(1)[0m [90m4.04 ms[0m
   [32m✓[0m randomStatetest363
 [32m✓[0m [2mgenerated_state.stRandom.randomStatetest364Filler[0m [32m(1)[0m [90m4.30 ms[0m
   [32m✓[0m randomStatetest364
 [32m✓[0m [2mgenerated_state.stRandom.randomStatetest365Filler[0m [32m(1)[0m [90m22.05 ms[0m
   [32m✓[0m randomStatetest365
 [32m✓[0m [2mgenerated_state.stRandom.randomStatetest366Filler[0m [32m(1)[0m [90m4.27 ms[0m
   [32m✓[0m randomStatetest366
 [41m[37m FAIL [0m [37mgenerated_state.stRandom.randomStatetest367Filler[0m [31m1 failed[0m [90m139.99 ms[0m
   [31m✖[0m randomStatetest367
 [41m[37m FAIL [0m [37mgenerated_state.stRandom.randomStatetest368Filler[0m [31m1 failed[0m [90m142.06 ms[0m
   [31m✖[0m randomStatetest368
 [32m✓[0m [2mgenerated_state.stRandom.randomStatetest369Filler[0m [32m(1)[0m [90m5.10 ms[0m
   [32m✓[0m randomStatetest369
 [32m✓[0m [2mgenerated_state.stRandom.randomStatetest36Filler[0m [32m(1)[0m [90m126.89 ms[0m
   [32m✓[0m randomStatetest36
 [32m✓[0m [2mgenerated_state.stRandom.randomStatetest370Filler[0m [32m(1)[0m [90m5.91 ms[0m
   [32m✓[0m randomStatetest370
 [41m[37m FAIL [0m [37mgenerated_state.stRandom.randomStatetest371Filler[0m [31m1 failed[0m [90m143.31 ms[0m
   [31m✖[0m randomStatetest371
 [32m✓[0m [2mgenerated_state.stRandom.randomStatetest372Filler[0m [32m(1)[0m [90m7.00 ms[0m
   [32m✓[0m randomStatetest372
 [32m✓[0m [2mgenerated_state.stRandom.randomStatetest376Filler[0m [32m(1)[0m [90m7.01 ms[0m
   [32m✓[0m randomStatetest376
 [32m✓[0m [2mgenerated_state.stRandom.randomStatetest378Filler[0m [32m(1)[0m [90m5.04 ms[0m
   [32m✓[0m randomStatetest378
 [41m[37m FAIL [0m [37mgenerated_state.stRandom.randomStatetest379Filler[0m [31m1 failed[0m [90m130.29 ms[0m
   [31m✖[0m randomStatetest379
 [32m✓[0m [2mgenerated_state.stRandom.randomStatetest37Filler[0m [32m(1)[0m [90m6.58 ms[0m
   [32m✓[0m randomStatetest37
 [32m✓[0m [2mgenerated_state.stRandom.randomStatetest380Filler[0m [32m(1)[0m [90m6.40 ms[0m
   [32m✓[0m randomStatetest380
 [32m✓[0m [2mgenerated_state.stRandom.randomStatetest381Filler[0m [32m(1)[0m [90m5.14 ms[0m
   [32m✓[0m randomStatetest381
 [32m✓[0m [2mgenerated_state.stRandom.randomStatetest382Filler[0m [32m(1)[0m [90m5.32 ms[0m
   [32m✓[0m randomStatetest382
 [41m[37m FAIL [0m [37mgenerated_state.stRandom.randomStatetest383Filler[0m [31m1 failed[0m [90m146.40 ms[0m
   [31m✖[0m randomStatetest383
 [32m✓[0m [2mgenerated_state.stRandom.randomStatetest39Filler[0m [32m(1)[0m [90m3.76 ms[0m
   [32m✓[0m randomStatetest39
 [32m✓[0m [2mgenerated_state.stRandom.randomStatetest3Filler[0m [32m(1)[0m [90m5.00 ms[0m
   [32m✓[0m randomStatetest3
 [32m✓[0m [2mgenerated_state.stRandom.randomStatetest41Filler[0m [32m(1)[0m [90m5.55 ms[0m
   [32m✓[0m randomStatetest41
 [32m✓[0m [2mgenerated_state.stRandom.randomStatetest42Filler[0m [32m(1)[0m [90m6.23 ms[0m
   [32m✓[0m randomStatetest42
 [32m✓[0m [2mgenerated_state.stRandom.randomStatetest43Filler[0m [32m(1)[0m [90m6.99 ms[0m
   [32m✓[0m randomStatetest43
 [32m✓[0m [2mgenerated_state.stRandom.randomStatetest45Filler[0m [32m(1)[0m [90m5.68 ms[0m
   [32m✓[0m randomStatetest45
 [32m✓[0m [2mgenerated_state.stRandom.randomStatetest47Filler[0m [32m(1)[0m [90m3.89 ms[0m
   [32m✓[0m randomStatetest47
 [41m[37m FAIL [0m [37mgenerated_state.stRandom.randomStatetest48Filler[0m [31m1 failed[0m [90m463.97 ms[0m
   [31m✖[0m randomStatetest48
 [32m✓[0m [2mgenerated_state.stRandom.randomStatetest49Filler[0m [32m(1)[0m [90m4.15 ms[0m
   [32m✓[0m randomStatetest49
 [32m✓[0m [2mgenerated_state.stRandom.randomStatetest4Filler[0m [32m(1)[0m [90m4.47 ms[0m
   [32m✓[0m randomStatetest4
 [32m✓[0m [2mgenerated_state.stRandom.randomStatetest51Filler[0m [32m(1)[0m [90m5.66 ms[0m
   [32m✓[0m randomStatetest51
 [32m✓[0m [2mgenerated_state.stRandom.randomStatetest52Filler[0m [32m(1)[0m [90m4.01 ms[0m
   [32m✓[0m randomStatetest52
 [32m✓[0m [2mgenerated_state.stRandom.randomStatetest53Filler[0m [32m(1)[0m [90m31.00 ms[0m
   [32m✓[0m randomStatetest53
 [32m✓[0m [2mgenerated_state.stRandom.randomStatetest54Filler[0m [32m(1)[0m [90m4.99 ms[0m
   [32m✓[0m randomStatetest54
 [32m✓[0m [2mgenerated_state.stRandom.randomStatetest55Filler[0m [32m(1)[0m [90m5.21 ms[0m
   [32m✓[0m randomStatetest55
 [32m✓[0m [2mgenerated_state.stRandom.randomStatetest57Filler[0m [32m(1)[0m [90m5.30 ms[0m
   [32m✓[0m randomStatetest57
 [32m✓[0m [2mgenerated_state.stRandom.randomStatetest58Filler[0m [32m(1)[0m [90m6.82 ms[0m
   [32m✓[0m randomStatetest58
 [32m✓[0m [2mgenerated_state.stRandom.randomStatetest59Filler[0m [32m(1)[0m [90m5.62 ms[0m
   [32m✓[0m randomStatetest59
 [32m✓[0m [2mgenerated_state.stRandom.randomStatetest5Filler[0m [32m(1)[0m [90m5.24 ms[0m
   [32m✓[0m randomStatetest5
 [32m✓[0m [2mgenerated_state.stRandom.randomStatetest60Filler[0m [32m(1)[0m [90m5.41 ms[0m
   [32m✓[0m randomStatetest60
 [32m✓[0m [2mgenerated_state.stRandom.randomStatetest62Filler[0m [32m(1)[0m [90m5.18 ms[0m
   [32m✓[0m randomStatetest62
 [32m✓[0m [2mgenerated_state.stRandom.randomStatetest63Filler[0m [32m(1)[0m [90m4.48 ms[0m
   [32m✓[0m randomStatetest63
 [32m✓[0m [2mgenerated_state.stRandom.randomStatetest64Filler[0m [32m(1)[0m [90m4.27 ms[0m
   [32m✓[0m randomStatetest64
 [32m✓[0m [2mgenerated_state.stRandom.randomStatetest66Filler[0m [32m(1)[0m [90m4.58 ms[0m
   [32m✓[0m randomStatetest66
 [32m✓[0m [2mgenerated_state.stRandom.randomStatetest67Filler[0m [32m(1)[0m [90m5.11 ms[0m
   [32m✓[0m randomStatetest67
 [32m✓[0m [2mgenerated_state.stRandom.randomStatetest69Filler[0m [32m(1)[0m [90m4.47 ms[0m
   [32m✓[0m randomStatetest69
 [32m✓[0m [2mgenerated_state.stRandom.randomStatetest6Filler[0m [32m(1)[0m [90m4.93 ms[0m
   [32m✓[0m randomStatetest6
 [32m✓[0m [2mgenerated_state.stRandom.randomStatetest72Filler[0m [32m(1)[0m [90m3.97 ms[0m
   [32m✓[0m randomStatetest72
 [32m✓[0m [2mgenerated_state.stRandom.randomStatetest73Filler[0m [32m(1)[0m [90m3.88 ms[0m
   [32m✓[0m randomStatetest73
 [32m✓[0m [2mgenerated_state.stRandom.randomStatetest74Filler[0m [32m(1)[0m [90m4.60 ms[0m
   [32m✓[0m randomStatetest74
 [32m✓[0m [2mgenerated_state.stRandom.randomStatetest75Filler[0m [32m(1)[0m [90m4.77 ms[0m
   [32m✓[0m randomStatetest75
 [32m✓[0m [2mgenerated_state.stRandom.randomStatetest77Filler[0m [32m(1)[0m [90m4.42 ms[0m
   [32m✓[0m randomStatetest77
 [32m✓[0m [2mgenerated_state.stRandom.randomStatetest78Filler[0m [32m(1)[0m [90m4.78 ms[0m
   [32m✓[0m randomStatetest78
 [32m✓[0m [2mgenerated_state.stRandom.randomStatetest80Filler[0m [32m(1)[0m [90m4.14 ms[0m
   [32m✓[0m randomStatetest80
 [32m✓[0m [2mgenerated_state.stRandom.randomStatetest81Filler[0m [32m(1)[0m [90m4.34 ms[0m
   [32m✓[0m randomStatetest81
 [32m✓[0m [2mgenerated_state.stRandom.randomStatetest82Filler[0m [32m(1)[0m [90m4.44 ms[0m
   [32m✓[0m randomStatetest82
 [32m✓[0m [2mgenerated_state.stRandom.randomStatetest83Filler[0m [32m(1)[0m [90m4.78 ms[0m
   [32m✓[0m randomStatetest83
 [32m✓[0m [2mgenerated_state.stRandom.randomStatetest84Filler[0m [32m(1)[0m [90m4.46 ms[0m
   [32m✓[0m randomStatetest84
 [32m✓[0m [2mgenerated_state.stRandom.randomStatetest85Filler[0m [32m(1)[0m [90m4.28 ms[0m
   [32m✓[0m randomStatetest85
 [32m✓[0m [2mgenerated_state.stRandom.randomStatetest87Filler[0m [32m(1)[0m [90m4.68 ms[0m
   [32m✓[0m randomStatetest87
 [32m✓[0m [2mgenerated_state.stRandom.randomStatetest88Filler[0m [32m(1)[0m [90m4.81 ms[0m
   [32m✓[0m randomStatetest88
 [32m✓[0m [2mgenerated_state.stRandom.randomStatetest89Filler[0m [32m(1)[0m [90m5.51 ms[0m
   [32m✓[0m randomStatetest89
 [32m✓[0m [2mgenerated_state.stRandom.randomStatetest90Filler[0m [32m(1)[0m [90m4.86 ms[0m
   [32m✓[0m randomStatetest90
 [32m✓[0m [2mgenerated_state.stRandom.randomStatetest92Filler[0m [32m(1)[0m [90m4.67 ms[0m
   [32m✓[0m randomStatetest92
 [32m✓[0m [2mgenerated_state.stRandom.randomStatetest95Filler[0m [32m(1)[0m [90m4.62 ms[0m
   [32m✓[0m randomStatetest95
 [32m✓[0m [2mgenerated_state.stRandom.randomStatetest96Filler[0m [32m(1)[0m [90m4.09 ms[0m
   [32m✓[0m randomStatetest96
 [32m✓[0m [2mgenerated_state.stRandom.randomStatetest97Filler[0m [32m(1)[0m [90m4.65 ms[0m
   [32m✓[0m randomStatetest97
 [32m✓[0m [2mgenerated_state.stRandom.randomStatetest98Filler[0m [32m(1)[0m [90m4.82 ms[0m
   [32m✓[0m randomStatetest98
 [32m✓[0m [2mgenerated_state.stRandom.randomStatetest9Filler[0m [32m(1)[0m [90m5.18 ms[0m
   [32m✓[0m randomStatetest9
 [32m✓[0m [2mgenerated_state.stRandom2.randomStatetest384Filler[0m [32m(1)[0m [90m5.26 ms[0m
   [32m✓[0m randomStatetest384
 [32m✓[0m [2mgenerated_state.stRandom2.randomStatetest385Filler[0m [32m(1)[0m [90m4.70 ms[0m
   [32m✓[0m randomStatetest385
 [32m✓[0m [2mgenerated_state.stRandom2.randomStatetest386Filler[0m [32m(1)[0m [90m4.28 ms[0m
   [32m✓[0m randomStatetest386
 [32m✓[0m [2mgenerated_state.stRandom2.randomStatetest387Filler[0m [32m(1)[0m [90m4.09 ms[0m
   [32m✓[0m randomStatetest387
 [32m✓[0m [2mgenerated_state.stRandom2.randomStatetest388Filler[0m [32m(1)[0m [90m4.41 ms[0m
   [32m✓[0m randomStatetest388
 [41m[37m FAIL [0m [37mgenerated_state.stRandom2.randomStatetest389Filler[0m [31m1 failed[0m [90m150.20 ms[0m
   [31m✖[0m randomStatetest389
 [41m[37m FAIL [0m [37mgenerated_state.stRandom2.randomStatetest393Filler[0m [31m1 failed[0m [90m141.33 ms[0m
   [31m✖[0m randomStatetest393
 [32m✓[0m [2mgenerated_state.stRandom2.randomStatetest395Filler[0m [32m(1)[0m [90m5.37 ms[0m
   [32m✓[0m randomStatetest395
 [32m✓[0m [2mgenerated_state.stRandom2.randomStatetest396Filler[0m [32m(1)[0m [90m5.49 ms[0m
   [32m✓[0m randomStatetest396
 [41m[37m FAIL [0m [37mgenerated_state.stRandom2.randomStatetest397Filler[0m [31m1 failed[0m [90m148.46 ms[0m
   [31m✖[0m randomStatetest397
 [32m✓[0m [2mgenerated_state.stRandom2.randomStatetest398Filler[0m [32m(1)[0m [90m6.65 ms[0m
   [32m✓[0m randomStatetest398
 [32m✓[0m [2mgenerated_state.stRandom2.randomStatetest399Filler[0m [32m(1)[0m [90m4.73 ms[0m
   [32m✓[0m randomStatetest399
 [32m✓[0m [2mgenerated_state.stRandom2.randomStatetest401Filler[0m [32m(1)[0m [90m6.02 ms[0m
   [32m✓[0m randomStatetest401
 [32m✓[0m [2mgenerated_state.stRandom2.randomStatetest402Filler[0m [32m(1)[0m [90m6.86 ms[0m
   [32m✓[0m randomStatetest402
 [32m✓[0m [2mgenerated_state.stRandom2.randomStatetest404Filler[0m [32m(1)[0m [90m5.10 ms[0m
   [32m✓[0m randomStatetest404
 [32m✓[0m [2mgenerated_state.stRandom2.randomStatetest405Filler[0m [32m(1)[0m [90m5.27 ms[0m
   [32m✓[0m randomStatetest405
 [32m✓[0m [2mgenerated_state.stRandom2.randomStatetest406Filler[0m [32m(1)[0m [90m4.77 ms[0m
   [32m✓[0m randomStatetest406
 [32m✓[0m [2mgenerated_state.stRandom2.randomStatetest407Filler[0m [32m(1)[0m [90m4.76 ms[0m
   [32m✓[0m randomStatetest407
 [32m✓[0m [2mgenerated_state.stRandom2.randomStatetest408Filler[0m [32m(1)[0m [90m4.66 ms[0m
   [32m✓[0m randomStatetest408
 [32m✓[0m [2mgenerated_state.stRandom2.randomStatetest409Filler[0m [32m(1)[0m [90m4.70 ms[0m
   [32m✓[0m randomStatetest409
 [32m✓[0m [2mgenerated_state.stRandom2.randomStatetest410Filler[0m [32m(1)[0m [90m4.26 ms[0m
   [32m✓[0m randomStatetest410
 [32m✓[0m [2mgenerated_state.stRandom2.randomStatetest411Filler[0m [32m(1)[0m [90m3.48 ms[0m
   [32m✓[0m randomStatetest411
 [32m✓[0m [2mgenerated_state.stRandom2.randomStatetest412Filler[0m [32m(1)[0m [90m4.71 ms[0m
   [32m✓[0m randomStatetest412
 [32m✓[0m [2mgenerated_state.stRandom2.randomStatetest413Filler[0m [32m(1)[0m [90m4.43 ms[0m
   [32m✓[0m randomStatetest413
 [32m✓[0m [2mgenerated_state.stRandom2.randomStatetest414Filler[0m [32m(1)[0m [90m3.87 ms[0m
   [32m✓[0m randomStatetest414
 [32m✓[0m [2mgenerated_state.stRandom2.randomStatetest415Filler[0m [32m(1)[0m [90m3.76 ms[0m
   [32m✓[0m randomStatetest415
 [32m✓[0m [2mgenerated_state.stRandom2.randomStatetest416Filler[0m [32m(1)[0m [90m4.06 ms[0m
   [32m✓[0m randomStatetest416
 [41m[37m FAIL [0m [37mgenerated_state.stRandom2.randomStatetest417Filler[0m [31m1 failed[0m [90m137.91 ms[0m
   [31m✖[0m randomStatetest417
 [32m✓[0m [2mgenerated_state.stRandom2.randomStatetest418Filler[0m [32m(1)[0m [90m49.08 ms[0m
   [32m✓[0m randomStatetest418
 [32m✓[0m [2mgenerated_state.stRandom2.randomStatetest419Filler[0m [32m(1)[0m [90m3.92 ms[0m
   [32m✓[0m randomStatetest419
 [32m✓[0m [2mgenerated_state.stRandom2.randomStatetest420Filler[0m [32m(1)[0m [90m4.30 ms[0m
   [32m✓[0m randomStatetest420
 [32m✓[0m [2mgenerated_state.stRandom2.randomStatetest421Filler[0m [32m(1)[0m [90m4.31 ms[0m
   [32m✓[0m randomStatetest421
 [32m✓[0m [2mgenerated_state.stRandom2.randomStatetest422Filler[0m [32m(1)[0m [90m3.91 ms[0m
   [32m✓[0m randomStatetest422
 [32m✓[0m [2mgenerated_state.stRandom2.randomStatetest424Filler[0m [32m(1)[0m [90m4.33 ms[0m
   [32m✓[0m randomStatetest424
 [32m✓[0m [2mgenerated_state.stRandom2.randomStatetest425Filler[0m [32m(1)[0m [90m4.56 ms[0m
   [32m✓[0m randomStatetest425
 [32m✓[0m [2mgenerated_state.stRandom2.randomStatetest426Filler[0m [32m(1)[0m [90m3.64 ms[0m
   [32m✓[0m randomStatetest426
 [41m[37m FAIL [0m [37mgenerated_state.stRandom2.randomStatetest428Filler[0m [31m1 failed[0m [90m136.57 ms[0m
   [31m✖[0m randomStatetest428
 [32m✓[0m [2mgenerated_state.stRandom2.randomStatetest429Filler[0m [32m(1)[0m [90m5.29 ms[0m
   [32m✓[0m randomStatetest429
 [32m✓[0m [2mgenerated_state.stRandom2.randomStatetest430Filler[0m [32m(1)[0m [90m5.52 ms[0m
   [32m✓[0m randomStatetest430
 [32m✓[0m [2mgenerated_state.stRandom2.randomStatetest433Filler[0m [32m(1)[0m [90m4.27 ms[0m
   [32m✓[0m randomStatetest433
 [41m[37m FAIL [0m [37mgenerated_state.stRandom2.randomStatetest435Filler[0m [31m1 failed[0m [90m148.66 ms[0m
   [31m✖[0m randomStatetest435
 [32m✓[0m [2mgenerated_state.stRandom2.randomStatetest436Filler[0m [32m(1)[0m [90m4.57 ms[0m
   [32m✓[0m randomStatetest436
 [41m[37m FAIL [0m [37mgenerated_state.stRandom2.randomStatetest437Filler[0m [31m1 failed[0m [90m153.21 ms[0m
   [31m✖[0m randomStatetest437
 [32m✓[0m [2mgenerated_state.stRandom2.randomStatetest438Filler[0m [32m(1)[0m [90m4.15 ms[0m
   [32m✓[0m randomStatetest438
 [32m✓[0m [2mgenerated_state.stRandom2.randomStatetest439Filler[0m [32m(1)[0m [90m3.84 ms[0m
   [32m✓[0m randomStatetest439
 [32m✓[0m [2mgenerated_state.stRandom2.randomStatetest440Filler[0m [32m(1)[0m [90m4.64 ms[0m
   [32m✓[0m randomStatetest440
 [32m✓[0m [2mgenerated_state.stRandom2.randomStatetest442Filler[0m [32m(1)[0m [90m5.32 ms[0m
   [32m✓[0m randomStatetest442
 [32m✓[0m [2mgenerated_state.stRandom2.randomStatetest443Filler[0m [32m(1)[0m [90m6.48 ms[0m
   [32m✓[0m randomStatetest443
 [32m✓[0m [2mgenerated_state.stRandom2.randomStatetest444Filler[0m [32m(1)[0m [90m5.83 ms[0m
   [32m✓[0m randomStatetest444
 [32m✓[0m [2mgenerated_state.stRandom2.randomStatetest445Filler[0m [32m(1)[0m [90m5.46 ms[0m
   [32m✓[0m randomStatetest445
 [32m✓[0m [2mgenerated_state.stRandom2.randomStatetest446Filler[0m [32m(1)[0m [90m5.07 ms[0m
   [32m✓[0m randomStatetest446
 [32m✓[0m [2mgenerated_state.stRandom2.randomStatetest447Filler[0m [32m(1)[0m [90m4.71 ms[0m
   [32m✓[0m randomStatetest447
 [32m✓[0m [2mgenerated_state.stRandom2.randomStatetest448Filler[0m [32m(1)[0m [90m29.52 ms[0m
   [32m✓[0m randomStatetest448
 [32m✓[0m [2mgenerated_state.stRandom2.randomStatetest449Filler[0m [32m(1)[0m [90m4.92 ms[0m
   [32m✓[0m randomStatetest449
 [32m✓[0m [2mgenerated_state.stRandom2.randomStatetest450Filler[0m [32m(1)[0m [90m3.96 ms[0m
   [32m✓[0m randomStatetest450
 [32m✓[0m [2mgenerated_state.stRandom2.randomStatetest451Filler[0m [32m(1)[0m [90m5.00 ms[0m
   [32m✓[0m randomStatetest451
 [32m✓[0m [2mgenerated_state.stRandom2.randomStatetest452Filler[0m [32m(1)[0m [90m4.76 ms[0m
   [32m✓[0m randomStatetest452
 [32m✓[0m [2mgenerated_state.stRandom2.randomStatetest454Filler[0m [32m(1)[0m [90m5.41 ms[0m
   [32m✓[0m randomStatetest454
 [32m✓[0m [2mgenerated_state.stRandom2.randomStatetest455Filler[0m [32m(1)[0m [90m5.23 ms[0m
   [32m✓[0m randomStatetest455
 [41m[37m FAIL [0m [37mgenerated_state.stRandom2.randomStatetest456Filler[0m [31m1 failed[0m [90m153.45 ms[0m
   [31m✖[0m randomStatetest456
 [32m✓[0m [2mgenerated_state.stRandom2.randomStatetest457Filler[0m [32m(1)[0m [90m5.73 ms[0m
   [32m✓[0m randomStatetest457
 [41m[37m FAIL [0m [37mgenerated_state.stRandom2.randomStatetest458Filler[0m [31m1 failed[0m [90m563.48 ms[0m
   [31m✖[0m randomStatetest458
 [32m✓[0m [2mgenerated_state.stRandom2.randomStatetest460Filler[0m [32m(1)[0m [90m6.83 ms[0m
   [32m✓[0m randomStatetest460
 [32m✓[0m [2mgenerated_state.stRandom2.randomStatetest461Filler[0m [32m(1)[0m [90m6.52 ms[0m
   [32m✓[0m randomStatetest461
 [32m✓[0m [2mgenerated_state.stRandom2.randomStatetest462Filler[0m [32m(1)[0m [90m4.93 ms[0m
   [32m✓[0m randomStatetest462
 [32m✓[0m [2mgenerated_state.stRandom2.randomStatetest464Filler[0m [32m(1)[0m [90m5.19 ms[0m
   [32m✓[0m randomStatetest464
 [32m✓[0m [2mgenerated_state.stRandom2.randomStatetest465Filler[0m [32m(1)[0m [90m5.20 ms[0m
   [32m✓[0m randomStatetest465
 [41m[37m FAIL [0m [37mgenerated_state.stRandom2.randomStatetest466Filler[0m [31m1 failed[0m [90m143.08 ms[0m
   [31m✖[0m randomStatetest466
 [41m[37m FAIL [0m [37mgenerated_state.stRandom2.randomStatetest467Filler[0m [31m1 failed[0m [90m438.02 ms[0m
   [31m✖[0m randomStatetest467
 [32m✓[0m [2mgenerated_state.stRandom2.randomStatetest469Filler[0m [32m(1)[0m [90m5.28 ms[0m
   [32m✓[0m randomStatetest469
 [32m✓[0m [2mgenerated_state.stRandom2.randomStatetest470Filler[0m [32m(1)[0m [90m3.86 ms[0m
   [32m✓[0m randomStatetest470
 [32m✓[0m [2mgenerated_state.stRandom2.randomStatetest471Filler[0m [32m(1)[0m [90m4.05 ms[0m
   [32m✓[0m randomStatetest471
 [32m✓[0m [2mgenerated_state.stRandom2.randomStatetest472Filler[0m [32m(1)[0m [90m4.19 ms[0m
   [32m✓[0m randomStatetest472
 [32m✓[0m [2mgenerated_state.stRandom2.randomStatetest473Filler[0m [32m(1)[0m [90m4.23 ms[0m
   [32m✓[0m randomStatetest473
 [32m✓[0m [2mgenerated_state.stRandom2.randomStatetest474Filler[0m [32m(1)[0m [90m3.94 ms[0m
   [32m✓[0m randomStatetest474
 [32m✓[0m [2mgenerated_state.stRandom2.randomStatetest475Filler[0m [32m(1)[0m [90m4.60 ms[0m
   [32m✓[0m randomStatetest475
 [32m✓[0m [2mgenerated_state.stRandom2.randomStatetest476Filler[0m [32m(1)[0m [90m128.32 ms[0m
   [32m✓[0m randomStatetest476
 [32m✓[0m [2mgenerated_state.stRandom2.randomStatetest477Filler[0m [32m(1)[0m [90m4.57 ms[0m
   [32m✓[0m randomStatetest477
 [32m✓[0m [2mgenerated_state.stRandom2.randomStatetest478Filler[0m [32m(1)[0m [90m4.42 ms[0m
   [32m✓[0m randomStatetest478
 [32m✓[0m [2mgenerated_state.stRandom2.randomStatetest480Filler[0m [32m(1)[0m [90m4.34 ms[0m
   [32m✓[0m randomStatetest480
 [32m✓[0m [2mgenerated_state.stRandom2.randomStatetest481Filler[0m [32m(1)[0m [90m5.36 ms[0m
   [32m✓[0m randomStatetest481
 [32m✓[0m [2mgenerated_state.stRandom2.randomStatetest482Filler[0m [32m(1)[0m [90m5.74 ms[0m
   [32m✓[0m randomStatetest482
 [32m✓[0m [2mgenerated_state.stRandom2.randomStatetest483Filler[0m [32m(1)[0m [90m4.51 ms[0m
   [32m✓[0m randomStatetest483
 [32m✓[0m [2mgenerated_state.stRandom2.randomStatetest484Filler[0m [32m(1)[0m [90m4.78 ms[0m
   [32m✓[0m randomStatetest484
 [32m✓[0m [2mgenerated_state.stRandom2.randomStatetest485Filler[0m [32m(1)[0m [90m4.81 ms[0m
   [32m✓[0m randomStatetest485
 [32m✓[0m [2mgenerated_state.stRandom2.randomStatetest487Filler[0m [32m(1)[0m [90m5.38 ms[0m
   [32m✓[0m randomStatetest487
 [32m✓[0m [2mgenerated_state.stRandom2.randomStatetest488Filler[0m [32m(1)[0m [90m4.99 ms[0m
   [32m✓[0m randomStatetest488
 [32m✓[0m [2mgenerated_state.stRandom2.randomStatetest489Filler[0m [32m(1)[0m [90m4.28 ms[0m
   [32m✓[0m randomStatetest489
 [32m✓[0m [2mgenerated_state.stRandom2.randomStatetest491Filler[0m [32m(1)[0m [90m4.39 ms[0m
   [32m✓[0m randomStatetest491
 [32m✓[0m [2mgenerated_state.stRandom2.randomStatetest493Filler[0m [32m(1)[0m [90m4.38 ms[0m
   [32m✓[0m randomStatetest493
 [32m✓[0m [2mgenerated_state.stRandom2.randomStatetest494Filler[0m [32m(1)[0m [90m4.49 ms[0m
   [32m✓[0m randomStatetest494
 [32m✓[0m [2mgenerated_state.stRandom2.randomStatetest495Filler[0m [32m(1)[0m [90m5.22 ms[0m
   [32m✓[0m randomStatetest495
 [32m✓[0m [2mgenerated_state.stRandom2.randomStatetest496Filler[0m [32m(1)[0m [90m4.95 ms[0m
   [32m✓[0m randomStatetest496
 [32m✓[0m [2mgenerated_state.stRandom2.randomStatetest497Filler[0m [32m(1)[0m [90m4.18 ms[0m
   [32m✓[0m randomStatetest497
 [32m✓[0m [2mgenerated_state.stRandom2.randomStatetest498Filler[0m [32m(1)[0m [90m5.08 ms[0m
   [32m✓[0m randomStatetest498
 [32m✓[0m [2mgenerated_state.stRandom2.randomStatetest499Filler[0m [32m(1)[0m [90m5.07 ms[0m
   [32m✓[0m randomStatetest499
 [32m✓[0m [2mgenerated_state.stRandom2.randomStatetest500Filler[0m [32m(1)[0m [90m5.56 ms[0m
   [32m✓[0m randomStatetest500
 [32m✓[0m [2mgenerated_state.stRandom2.randomStatetest501Filler[0m [32m(1)[0m [90m6.46 ms[0m
   [32m✓[0m randomStatetest501
 [32m✓[0m [2mgenerated_state.stRandom2.randomStatetest502Filler[0m [32m(1)[0m [90m4.87 ms[0m
   [32m✓[0m randomStatetest502
 [32m✓[0m [2mgenerated_state.stRandom2.randomStatetest503Filler[0m [32m(1)[0m [90m3.88 ms[0m
   [32m✓[0m randomStatetest503
 [32m✓[0m [2mgenerated_state.stRandom2.randomStatetest504Filler[0m [32m(1)[0m [90m4.22 ms[0m
   [32m✓[0m randomStatetest504
 [32m✓[0m [2mgenerated_state.stRandom2.randomStatetest505Filler[0m [32m(1)[0m [90m4.36 ms[0m
   [32m✓[0m randomStatetest505
 [32m✓[0m [2mgenerated_state.stRandom2.randomStatetest506Filler[0m [32m(1)[0m [90m19.72 ms[0m
   [32m✓[0m randomStatetest506
 [32m✓[0m [2mgenerated_state.stRandom2.randomStatetest507Filler[0m [32m(1)[0m [90m4.14 ms[0m
   [32m✓[0m randomStatetest507
 [41m[37m FAIL [0m [37mgenerated_state.stRandom2.randomStatetest508Filler[0m [31m1 failed[0m [90m137.59 ms[0m
   [31m✖[0m randomStatetest508
 [41m[37m FAIL [0m [37mgenerated_state.stRandom2.randomStatetest509Filler[0m [31m1 failed[0m [90m147.19 ms[0m
   [31m✖[0m randomStatetest509
 [32m✓[0m [2mgenerated_state.stRandom2.randomStatetest510Filler[0m [32m(1)[0m [90m5.03 ms[0m
   [32m✓[0m randomStatetest510
 [32m✓[0m [2mgenerated_state.stRandom2.randomStatetest511Filler[0m [32m(1)[0m [90m4.14 ms[0m
   [32m✓[0m randomStatetest511
 [32m✓[0m [2mgenerated_state.stRandom2.randomStatetest512Filler[0m [32m(1)[0m [90m3.78 ms[0m
   [32m✓[0m randomStatetest512
 [32m✓[0m [2mgenerated_state.stRandom2.randomStatetest513Filler[0m [32m(1)[0m [90m3.94 ms[0m
   [32m✓[0m randomStatetest513
 [32m✓[0m [2mgenerated_state.stRandom2.randomStatetest514Filler[0m [32m(1)[0m [90m4.09 ms[0m
   [32m✓[0m randomStatetest514
 [32m✓[0m [2mgenerated_state.stRandom2.randomStatetest516Filler[0m [32m(1)[0m [90m4.93 ms[0m
   [32m✓[0m randomStatetest516
 [32m✓[0m [2mgenerated_state.stRandom2.randomStatetest517Filler[0m [32m(1)[0m [90m5.00 ms[0m
   [32m✓[0m randomStatetest517
 [32m✓[0m [2mgenerated_state.stRandom2.randomStatetest518Filler[0m [32m(1)[0m [90m4.88 ms[0m
   [32m✓[0m randomStatetest518
 [32m✓[0m [2mgenerated_state.stRandom2.randomStatetest519Filler[0m [32m(1)[0m [90m4.19 ms[0m
   [32m✓[0m randomStatetest519
 [32m✓[0m [2mgenerated_state.stRandom2.randomStatetest520Filler[0m [32m(1)[0m [90m4.12 ms[0m
   [32m✓[0m randomStatetest520
 [41m[37m FAIL [0m [37mgenerated_state.stRandom2.randomStatetest521Filler[0m [31m1 failed[0m [90m156.40 ms[0m
   [31m✖[0m randomStatetest521
 [32m✓[0m [2mgenerated_state.stRandom2.randomStatetest523Filler[0m [32m(1)[0m [90m5.20 ms[0m
   [32m✓[0m randomStatetest523
 [32m✓[0m [2mgenerated_state.stRandom2.randomStatetest524Filler[0m [32m(1)[0m [90m5.46 ms[0m
   [32m✓[0m randomStatetest524
 [32m✓[0m [2mgenerated_state.stRandom2.randomStatetest525Filler[0m [32m(1)[0m [90m5.49 ms[0m
   [32m✓[0m randomStatetest525
 [32m✓[0m [2mgenerated_state.stRandom2.randomStatetest526Filler[0m [32m(1)[0m [90m4.56 ms[0m
   [32m✓[0m randomStatetest526
 [32m✓[0m [2mgenerated_state.stRandom2.randomStatetest527Filler[0m [32m(1)[0m [90m4.22 ms[0m
   [32m✓[0m randomStatetest527
 [32m✓[0m [2mgenerated_state.stRandom2.randomStatetest528Filler[0m [32m(1)[0m [90m4.26 ms[0m
   [32m✓[0m randomStatetest528
 [41m[37m FAIL [0m [37mgenerated_state.stRandom2.randomStatetest531Filler[0m [31m1 failed[0m [90m140.22 ms[0m
   [31m✖[0m randomStatetest531
 [32m✓[0m [2mgenerated_state.stRandom2.randomStatetest532Filler[0m [32m(1)[0m [90m4.18 ms[0m
   [32m✓[0m randomStatetest532
 [32m✓[0m [2mgenerated_state.stRandom2.randomStatetest533Filler[0m [32m(1)[0m [90m4.22 ms[0m
   [32m✓[0m randomStatetest533
 [32m✓[0m [2mgenerated_state.stRandom2.randomStatetest534Filler[0m [32m(1)[0m [90m4.35 ms[0m
   [32m✓[0m randomStatetest534
 [32m✓[0m [2mgenerated_state.stRandom2.randomStatetest535Filler[0m [32m(1)[0m [90m4.28 ms[0m
   [32m✓[0m randomStatetest535
 [32m✓[0m [2mgenerated_state.stRandom2.randomStatetest536Filler[0m [32m(1)[0m [90m8.49 ms[0m
   [32m✓[0m randomStatetest536
 [32m✓[0m [2mgenerated_state.stRandom2.randomStatetest537Filler[0m [32m(1)[0m [90m4.46 ms[0m
   [32m✓[0m randomStatetest537
 [41m[37m FAIL [0m [37mgenerated_state.stRandom2.randomStatetest539Filler[0m [31m1 failed[0m [90m143.97 ms[0m
   [31m✖[0m randomStatetest539
 [32m✓[0m [2mgenerated_state.stRandom2.randomStatetest541Filler[0m [32m(1)[0m [90m5.17 ms[0m
   [32m✓[0m randomStatetest541
 [41m[37m FAIL [0m [37mgenerated_state.stRandom2.randomStatetest542Filler[0m [31m1 failed[0m [90m142.81 ms[0m
   [31m✖[0m randomStatetest542
 [32m✓[0m [2mgenerated_state.stRandom2.randomStatetest543Filler[0m [32m(1)[0m [90m4.58 ms[0m
   [32m✓[0m randomStatetest543
 [32m✓[0m [2mgenerated_state.stRandom2.randomStatetest544Filler[0m [32m(1)[0m [90m4.52 ms[0m
   [32m✓[0m randomStatetest544
 [32m✓[0m [2mgenerated_state.stRandom2.randomStatetest545Filler[0m [32m(1)[0m [90m4.65 ms[0m
   [32m✓[0m randomStatetest545
 [32m✓[0m [2mgenerated_state.stRandom2.randomStatetest546Filler[0m [32m(1)[0m [90m3.95 ms[0m
   [32m✓[0m randomStatetest546
 [32m✓[0m [2mgenerated_state.stRandom2.randomStatetest547Filler[0m [32m(1)[0m [90m56.07 ms[0m
   [32m✓[0m randomStatetest547
 [32m✓[0m [2mgenerated_state.stRandom2.randomStatetest548Filler[0m [32m(1)[0m [90m5.08 ms[0m
   [32m✓[0m randomStatetest548
 [32m✓[0m [2mgenerated_state.stRandom2.randomStatetest550Filler[0m [32m(1)[0m [90m5.43 ms[0m
   [32m✓[0m randomStatetest550
 [32m✓[0m [2mgenerated_state.stRandom2.randomStatetest552Filler[0m [32m(1)[0m [90m5.00 ms[0m
   [32m✓[0m randomStatetest552
 [32m✓[0m [2mgenerated_state.stRandom2.randomStatetest553Filler[0m [32m(1)[0m [90m5.45 ms[0m
   [32m✓[0m randomStatetest553
 [41m[37m FAIL [0m [37mgenerated_state.stRandom2.randomStatetest554Filler[0m [31m1 failed[0m [90m433.62 ms[0m
   [31m✖[0m randomStatetest554
 [32m✓[0m [2mgenerated_state.stRandom2.randomStatetest555Filler[0m [32m(1)[0m [90m4.50 ms[0m
   [32m✓[0m randomStatetest555
 [32m✓[0m [2mgenerated_state.stRandom2.randomStatetest556Filler[0m [32m(1)[0m [90m4.59 ms[0m
   [32m✓[0m randomStatetest556
 [41m[37m FAIL [0m [37mgenerated_state.stRandom2.randomStatetest558Filler[0m [31m1 failed[0m [90m136.60 ms[0m
   [31m✖[0m randomStatetest558
 [32m✓[0m [2mgenerated_state.stRandom2.randomStatetest559Filler[0m [32m(1)[0m [90m3.95 ms[0m
   [32m✓[0m randomStatetest559
 [32m✓[0m [2mgenerated_state.stRandom2.randomStatetest560Filler[0m [32m(1)[0m [90m8.01 ms[0m
   [32m✓[0m randomStatetest560
 [32m✓[0m [2mgenerated_state.stRandom2.randomStatetest562Filler[0m [32m(1)[0m [90m4.08 ms[0m
   [32m✓[0m randomStatetest562
 [32m✓[0m [2mgenerated_state.stRandom2.randomStatetest563Filler[0m [32m(1)[0m [90m5.16 ms[0m
   [32m✓[0m randomStatetest563
 [32m✓[0m [2mgenerated_state.stRandom2.randomStatetest564Filler[0m [32m(1)[0m [90m4.45 ms[0m
   [32m✓[0m randomStatetest564
 [32m✓[0m [2mgenerated_state.stRandom2.randomStatetest565Filler[0m [32m(1)[0m [90m22.47 ms[0m
   [32m✓[0m randomStatetest565
 [32m✓[0m [2mgenerated_state.stRandom2.randomStatetest566Filler[0m [32m(1)[0m [90m4.73 ms[0m
   [32m✓[0m randomStatetest566
 [32m✓[0m [2mgenerated_state.stRandom2.randomStatetest567Filler[0m [32m(1)[0m [90m4.95 ms[0m
   [32m✓[0m randomStatetest567
 [32m✓[0m [2mgenerated_state.stRandom2.randomStatetest569Filler[0m [32m(1)[0m [90m4.84 ms[0m
   [32m✓[0m randomStatetest569
 [32m✓[0m [2mgenerated_state.stRandom2.randomStatetest571Filler[0m [32m(1)[0m [90m3.93 ms[0m
   [32m✓[0m randomStatetest571
 [32m✓[0m [2mgenerated_state.stRandom2.randomStatetest572Filler[0m [32m(1)[0m [90m5.37 ms[0m
   [32m✓[0m randomStatetest572
 [32m✓[0m [2mgenerated_state.stRandom2.randomStatetest574Filler[0m [32m(1)[0m [90m6.56 ms[0m
   [32m✓[0m randomStatetest574
 [32m✓[0m [2mgenerated_state.stRandom2.randomStatetest575Filler[0m [32m(1)[0m [90m4.93 ms[0m
   [32m✓[0m randomStatetest575
 [32m✓[0m [2mgenerated_state.stRandom2.randomStatetest576Filler[0m [32m(1)[0m [90m4.82 ms[0m
   [32m✓[0m randomStatetest576
 [41m[37m FAIL [0m [37mgenerated_state.stRandom2.randomStatetest577Filler[0m [31m1 failed[0m [90m154.46 ms[0m
   [31m✖[0m randomStatetest577
 [32m✓[0m [2mgenerated_state.stRandom2.randomStatetest578Filler[0m [32m(1)[0m [90m5.03 ms[0m
   [32m✓[0m randomStatetest578
 [32m✓[0m [2mgenerated_state.stRandom2.randomStatetest579Filler[0m [32m(1)[0m [90m9.18 ms[0m
   [32m✓[0m randomStatetest579
 [32m✓[0m [2mgenerated_state.stRandom2.randomStatetest580Filler[0m [32m(1)[0m [90m5.05 ms[0m
   [32m✓[0m randomStatetest580
 [32m✓[0m [2mgenerated_state.stRandom2.randomStatetest581Filler[0m [32m(1)[0m [90m4.84 ms[0m
   [32m✓[0m randomStatetest581
 [32m✓[0m [2mgenerated_state.stRandom2.randomStatetest582Filler[0m [32m(1)[0m [90m6.13 ms[0m
   [32m✓[0m randomStatetest582
 [32m✓[0m [2mgenerated_state.stRandom2.randomStatetest583Filler[0m [32m(1)[0m [90m50.39 ms[0m
   [32m✓[0m randomStatetest583
 [41m[37m FAIL [0m [37mgenerated_state.stRandom2.randomStatetest584Filler[0m [31m1 failed[0m [90m148.34 ms[0m
   [31m✖[0m randomStatetest584
 [32m✓[0m [2mgenerated_state.stRandom2.randomStatetest585Filler[0m [32m(1)[0m [90m4.13 ms[0m
   [32m✓[0m randomStatetest585
 [32m✓[0m [2mgenerated_state.stRandom2.randomStatetest586Filler[0m [32m(1)[0m [90m21.11 ms[0m
   [32m✓[0m randomStatetest586
 [32m✓[0m [2mgenerated_state.stRandom2.randomStatetest587Filler[0m [32m(1)[0m [90m4.59 ms[0m
   [32m✓[0m randomStatetest587
 [32m✓[0m [2mgenerated_state.stRandom2.randomStatetest588Filler[0m [32m(1)[0m [90m19.16 ms[0m
   [32m✓[0m randomStatetest588
 [32m✓[0m [2mgenerated_state.stRandom2.randomStatetest589Filler[0m [32m(1)[0m [90m27.90 ms[0m
   [32m✓[0m randomStatetest589
 [32m✓[0m [2mgenerated_state.stRandom2.randomStatetest592Filler[0m [32m(1)[0m [90m4.65 ms[0m
   [32m✓[0m randomStatetest592
 [32m✓[0m [2mgenerated_state.stRandom2.randomStatetest596Filler[0m [32m(1)[0m [90m3.63 ms[0m
   [32m✓[0m randomStatetest596
 [32m✓[0m [2mgenerated_state.stRandom2.randomStatetest597Filler[0m [32m(1)[0m [90m4.09 ms[0m
   [32m✓[0m randomStatetest597
 [32m✓[0m [2mgenerated_state.stRandom2.randomStatetest599Filler[0m [32m(1)[0m [90m3.66 ms[0m
   [32m✓[0m randomStatetest599
 [32m✓[0m [2mgenerated_state.stRandom2.randomStatetest600Filler[0m [32m(1)[0m [90m4.41 ms[0m
   [32m✓[0m randomStatetest600
 [32m✓[0m [2mgenerated_state.stRandom2.randomStatetest601Filler[0m [32m(1)[0m [90m3.80 ms[0m
   [32m✓[0m randomStatetest601
 [32m✓[0m [2mgenerated_state.stRandom2.randomStatetest602Filler[0m [32m(1)[0m [90m4.43 ms[0m
   [32m✓[0m randomStatetest602
 [32m✓[0m [2mgenerated_state.stRandom2.randomStatetest603Filler[0m [32m(1)[0m [90m4.02 ms[0m
   [32m✓[0m randomStatetest603
 [32m✓[0m [2mgenerated_state.stRandom2.randomStatetest604Filler[0m [32m(1)[0m [90m4.16 ms[0m
   [32m✓[0m randomStatetest604
 [32m✓[0m [2mgenerated_state.stRandom2.randomStatetest605Filler[0m [32m(1)[0m [90m4.38 ms[0m
   [32m✓[0m randomStatetest605
 [32m✓[0m [2mgenerated_state.stRandom2.randomStatetest607Filler[0m [32m(1)[0m [90m4.28 ms[0m
   [32m✓[0m randomStatetest607
 [32m✓[0m [2mgenerated_state.stRandom2.randomStatetest608Filler[0m [32m(1)[0m [90m4.39 ms[0m
   [32m✓[0m randomStatetest608
 [32m✓[0m [2mgenerated_state.stRandom2.randomStatetest609Filler[0m [32m(1)[0m [90m4.43 ms[0m
   [32m✓[0m randomStatetest609
 [32m✓[0m [2mgenerated_state.stRandom2.randomStatetest610Filler[0m [32m(1)[0m [90m3.55 ms[0m
   [32m✓[0m randomStatetest610
 [32m✓[0m [2mgenerated_state.stRandom2.randomStatetest611Filler[0m [32m(1)[0m [90m4.13 ms[0m
   [32m✓[0m randomStatetest611
 [32m✓[0m [2mgenerated_state.stRandom2.randomStatetest612Filler[0m [32m(1)[0m [90m3.99 ms[0m
   [32m✓[0m randomStatetest612
 [32m✓[0m [2mgenerated_state.stRandom2.randomStatetest615Filler[0m [32m(1)[0m [90m4.55 ms[0m
   [32m✓[0m randomStatetest615
 [32m✓[0m [2mgenerated_state.stRandom2.randomStatetest616Filler[0m [32m(1)[0m [90m5.43 ms[0m
   [32m✓[0m randomStatetest616
 [32m✓[0m [2mgenerated_state.stRandom2.randomStatetest618Filler[0m [32m(1)[0m [90m5.06 ms[0m
   [32m✓[0m randomStatetest618
 [32m✓[0m [2mgenerated_state.stRandom2.randomStatetest620Filler[0m [32m(1)[0m [90m4.46 ms[0m
   [32m✓[0m randomStatetest620
 [32m✓[0m [2mgenerated_state.stRandom2.randomStatetest621Filler[0m [32m(1)[0m [90m4.01 ms[0m
   [32m✓[0m randomStatetest621
 [41m[37m FAIL [0m [37mgenerated_state.stRandom2.randomStatetest624Filler[0m [31m1 failed[0m [90m149.20 ms[0m
   [31m✖[0m randomStatetest624
 [32m✓[0m [2mgenerated_state.stRandom2.randomStatetest625Filler[0m [32m(1)[0m [90m4.05 ms[0m
   [32m✓[0m randomStatetest625
 [41m[37m FAIL [0m [37mgenerated_state.stRandom2.randomStatetest626Filler[0m [31m1 failed[0m [90m181.75 ms[0m
   [31m✖[0m randomStatetest626
 [41m[37m FAIL [0m [37mgenerated_state.stRandom2.randomStatetest627Filler[0m [31m1 failed[0m [90m136.59 ms[0m
   [31m✖[0m randomStatetest627
 [41m[37m FAIL [0m [37mgenerated_state.stRandom2.randomStatetest628Filler[0m [31m1 failed[0m [90m138.22 ms[0m
   [31m✖[0m randomStatetest628
 [32m✓[0m [2mgenerated_state.stRandom2.randomStatetest629Filler[0m [32m(1)[0m [90m4.55 ms[0m
   [32m✓[0m randomStatetest629
 [32m✓[0m [2mgenerated_state.stRandom2.randomStatetest630Filler[0m [32m(1)[0m [90m4.63 ms[0m
   [32m✓[0m randomStatetest630
 [41m[37m FAIL [0m [37mgenerated_state.stRandom2.randomStatetest632Filler[0m [31m1 failed[0m [90m141.41 ms[0m
   [31m✖[0m randomStatetest632
 [32m✓[0m [2mgenerated_state.stRandom2.randomStatetest633Filler[0m [32m(1)[0m [90m6.21 ms[0m
   [32m✓[0m randomStatetest633
 [32m✓[0m [2mgenerated_state.stRandom2.randomStatetest635Filler[0m [32m(1)[0m [90m4.03 ms[0m
   [32m✓[0m randomStatetest635
 [41m[37m FAIL [0m [37mgenerated_state.stRandom2.randomStatetest636Filler[0m [31m1 failed[0m [90m412.75 ms[0m
   [31m✖[0m randomStatetest636
 [32m✓[0m [2mgenerated_state.stRandom2.randomStatetest637Filler[0m [32m(1)[0m [90m4.38 ms[0m
   [32m✓[0m randomStatetest637
 [32m✓[0m [2mgenerated_state.stRandom2.randomStatetest638Filler[0m [32m(1)[0m [90m4.01 ms[0m
   [32m✓[0m randomStatetest638
 [41m[37m FAIL [0m [37mgenerated_state.stRandom2.randomStatetest639Filler[0m [31m1 failed[0m [90m420.92 ms[0m
   [31m✖[0m randomStatetest639
 [32m✓[0m [2mgenerated_state.stRandom2.randomStatetest640Filler[0m [32m(1)[0m [90m3.79 ms[0m
   [32m✓[0m randomStatetest640
 [32m✓[0m [2mgenerated_state.stRandom2.randomStatetest641Filler[0m [32m(1)[0m [90m4.05 ms[0m
   [32m✓[0m randomStatetest641
 [32m✓[0m [2mgenerated_state.stRandom2.randomStatetest642Filler[0m [32m(1)[0m [90m4.11 ms[0m
   [32m✓[0m randomStatetest642
 [32m✓[0m [2mgenerated_state.stRandom2.randomStatetest643Filler[0m [32m(1)[0m [90m19.38 ms[0m
   [32m✓[0m randomStatetest643
 [32m✓[0m [2mgenerated_state.stRandom2.randomStatetest644Filler[0m [32m(1)[0m [90m4.16 ms[0m
   [32m✓[0m randomStatetest644
 [32m✓[0m [2mgenerated_state.stRandom2.randomStatetest645Filler[0m [32m(1)[0m [90m4.02 ms[0m
   [32m✓[0m randomStatetest645
 [32m✓[0m [2mgenerated_state.stRandom2.randomStatetest646Filler[0m [32m(1)[0m [90m5.75 ms[0m
   [32m✓[0m randomStatetest646
 [32m✓[0m [2mgenerated_state.stRandom2.randomStatetest647Filler[0m [32m(1)[0m [90m4.14 ms[0m
   [32m✓[0m randomStatetest647
 [32m✓[0m [2mgenerated_state.stRandom2.randomStatetest648Filler[0m [32m(1)[0m [90m7.62 ms[0m
   [32m✓[0m randomStatetest648
 [32m✓[0m [2mgenerated_state.stRandom2.randomStatetest649Filler[0m [32m(1)[0m [90m4.81 ms[0m
   [32m✓[0m randomStatetest649
 [41m[37m FAIL [0m [37mgenerated_state.stRandom2.randomStatetest650Filler[0m [31m1 failed[0m [90m152.97 ms[0m
   [31m✖[0m randomStatetest650
 [32m✓[0m [2mgenerated_state.stRandom2.randomStatetestFiller[0m [32m(1)[0m [90m3.82 ms[0m
   [32m✓[0m randomStatetest
 [41m[37m FAIL [0m [37mgenerated_state.stRecursiveCreate.recursiveCreateFiller[0m [31m1 failed[0m [90m151.08 ms[0m
   [31m✖[0m recursiveCreate
 [41m[37m FAIL [0m [37mgenerated_state.stRecursiveCreate.recursiveCreateReturnValueFiller[0m [31m1 failed[0m [90m426.29 ms[0m
   [31m✖[0m recursiveCreateReturnValue
 [41m[37m FAIL [0m [37mgenerated_state.stRefundTest.refund50_1Filler[0m [31m1 failed[0m [90m145.67 ms[0m
   [31m✖[0m refund50_1
 [41m[37m FAIL [0m [37mgenerated_state.stRefundTest.refund50_2Filler[0m [31m1 failed[0m [90m138.13 ms[0m
   [31m✖[0m refund50_2
 [41m[37m FAIL [0m [37mgenerated_state.stRefundTest.refund50percentCapFiller[0m [31m1 failed[0m [90m4.11 ms[0m
   [31m✖[0m refund50percentCap
 [41m[37m FAIL [0m [37mgenerated_state.stRefundTest.refund600Filler[0m [31m1 failed[0m [90m4.38 ms[0m
   [31m✖[0m refund600
 [41m[37m FAIL [0m [37mgenerated_state.stRefundTest.refundSuicide50procentCapFiller[0m [31m1 failed[0m [90m139.05 ms[0m
   [31m✖[0m refundSuicide50procentCap
 [41m[37m FAIL [0m [37mgenerated_state.stRefundTest.refund_CallAFiller[0m [31m1 failed[0m [90m144.03 ms[0m
   [31m✖[0m refund_CallA
 [41m[37m FAIL [0m [37mgenerated_state.stRefundTest.refund_CallA_OOGFiller[0m [31m1 failed[0m [90m154.98 ms[0m
   [31m✖[0m refund_CallA_OOG
 [41m[37m FAIL [0m [37mgenerated_state.stRefundTest.refund_CallA_notEnoughGasInCallFiller[0m [31m1 failed[0m [90m151.14 ms[0m
   [31m✖[0m refund_CallA_notEnoughGasInCall
 [41m[37m FAIL [0m [37mgenerated_state.stRefundTest.refund_CallToSuicideNoStorageFiller[0m [31m1 failed[0m [90m155.33 ms[0m
   [31m✖[0m refund_CallToSuicideNoStorage
 [41m[37m FAIL [0m [37mgenerated_state.stRefundTest.refund_CallToSuicideStorageFiller[0m [31m1 failed[0m [90m150.60 ms[0m
   [31m✖[0m refund_CallToSuicideStorage
 [41m[37m FAIL [0m [37mgenerated_state.stRefundTest.refund_CallToSuicideTwiceFiller[0m [31m1 failed[0m [90m147.44 ms[0m
   [31m✖[0m refund_CallToSuicideTwice
 [41m[37m FAIL [0m [37mgenerated_state.stRefundTest.refund_NoOOG_1Filler[0m [31m1 failed[0m [90m151.23 ms[0m
   [31m✖[0m refund_NoOOG_1
 [41m[37m FAIL [0m [37mgenerated_state.stRefundTest.refund_OOGFiller[0m [31m1 failed[0m [90m153.78 ms[0m
   [31m✖[0m refund_OOG
 [41m[37m FAIL [0m [37mgenerated_state.stRefundTest.refund_TxToSuicideFiller[0m [31m1 failed[0m [90m146.04 ms[0m
   [31m✖[0m refund_TxToSuicide
 [41m[37m FAIL [0m [37mgenerated_state.stRefundTest.refund_TxToSuicideOOGFiller[0m [31m1 failed[0m [90m3.79 ms[0m
   [31m✖[0m refund_TxToSuicideOOG
 [41m[37m FAIL [0m [37mgenerated_state.stRefundTest.refund_changeNonZeroStorageFiller[0m [31m1 failed[0m [90m146.79 ms[0m
   [31m✖[0m refund_changeNonZeroStorage
 [41m[37m FAIL [0m [37mgenerated_state.stRefundTest.refund_getEtherBackFiller[0m [31m1 failed[0m [90m142.99 ms[0m
   [31m✖[0m refund_getEtherBack
 [41m[37m FAIL [0m [37mgenerated_state.stRefundTest.refund_multimpleSuicideFiller[0m [31m1 failed[0m [90m163.21 ms[0m
   [31m✖[0m refund_multimpleSuicide
 [41m[37m FAIL [0m [37mgenerated_state.stRefundTest.refund_singleSuicideFiller[0m [31m1 failed[0m [90m153.85 ms[0m
   [31m✖[0m refund_singleSuicide
 [41m[37m FAIL [0m [37mgenerated_state.stReturnDataTest.call_ecrec_success_empty_then_returndatasizeFiller[0m [31m1 failed[0m [90m157.93 ms[0m
   [31m✖[0m call_ecrec_success_empty_then_returndatasize
 [41m[37m FAIL [0m [37mgenerated_state.stReturnDataTest.call_outsize_then_create_successful_then_returndatasizeFiller[0m [31m1 failed[0m [90m4.31 ms[0m
   [31m✖[0m call_outsize_then_create_successful_then_returndatasize
 [32m✓[0m [2mgenerated_state.stReturnDataTest.call_then_call_value_fail_then_returndatasizeFiller[0m [32m(1)[0m [90m4.34 ms[0m
   [32m✓[0m call_then_call_value_fail_then_returndatasize
 [41m[37m FAIL [0m [37mgenerated_state.stReturnDataTest.call_then_create_successful_then_returndatasizeFiller[0m [31m1 failed[0m [90m4.98 ms[0m
   [31m✖[0m call_then_create_successful_then_returndatasize
 [41m[37m FAIL [0m [37mgenerated_state.stReturnDataTest.create_callprecompile_returndatasizeFiller[0m [31m1 failed[0m [90m4.49 ms[0m
   [31m✖[0m create_callprecompile_returndatasize
 [41m[37m FAIL [0m [37mgenerated_state.stReturnDataTest.modexp_modsize0_returndatasizeFiller[0m [31m1 failed[0m [90m163.28 ms[0m
   [31m✖[0m modexp_modsize0_returndatasize
 [41m[37m FAIL [0m [37mgenerated_state.stReturnDataTest.returndatacopy_0_0_following_successful_createFiller[0m [31m1 failed[0m [90m153.46 ms[0m
   [31m✖[0m returndatacopy_0_0_following_successful_create
 [41m[37m FAIL [0m [37mgenerated_state.stReturnDataTest.returndatacopy_afterFailing_createFiller[0m [31m1 failed[0m [90m3.71 ms[0m
   [31m✖[0m returndatacopy_afterFailing_create
 [32m✓[0m [2mgenerated_state.stReturnDataTest.returndatacopy_after_failing_callcodeFiller[0m [32m(1)[0m [90m4.69 ms[0m
   [32m✓[0m returndatacopy_after_failing_callcode
 [32m✓[0m [2mgenerated_state.stReturnDataTest.returndatacopy_after_failing_delegatecallFiller[0m [32m(1)[0m [90m4.40 ms[0m
   [32m✓[0m returndatacopy_after_failing_delegatecall
 [32m✓[0m [2mgenerated_state.stReturnDataTest.returndatacopy_after_failing_staticcallFiller[0m [32m(1)[0m [90m4.21 ms[0m
   [32m✓[0m returndatacopy_after_failing_staticcall
 [32m✓[0m [2mgenerated_state.stReturnDataTest.returndatacopy_after_revert_in_staticcallFiller[0m [32m(1)[0m [90m4.32 ms[0m
   [32m✓[0m returndatacopy_after_revert_in_staticcall
 [32m✓[0m [2mgenerated_state.stReturnDataTest.returndatacopy_after_successful_callcodeFiller[0m [32m(1)[0m [90m5.53 ms[0m
   [32m✓[0m returndatacopy_after_successful_callcode
 [41m[37m FAIL [0m [37mgenerated_state.stReturnDataTest.returndatacopy_after_successful_delegatecallFiller[0m [31m1 failed[0m [90m146.78 ms[0m
   [31m✖[0m returndatacopy_after_successful_delegatecall
 [32m✓[0m [2mgenerated_state.stReturnDataTest.returndatacopy_after_successful_staticcallFiller[0m [32m(1)[0m [90m4.64 ms[0m
   [32m✓[0m returndatacopy_after_successful_staticcall
 [32m✓[0m [2mgenerated_state.stReturnDataTest.returndatacopy_following_callFiller[0m [32m(1)[0m [90m4.84 ms[0m
   [32m✓[0m returndatacopy_following_call
 [41m[37m FAIL [0m [37mgenerated_state.stReturnDataTest.returndatacopy_following_createFiller[0m [31m1 failed[0m [90m3.88 ms[0m
   [31m✖[0m returndatacopy_following_create
 [32m✓[0m [2mgenerated_state.stReturnDataTest.returndatacopy_following_failing_callFiller[0m [32m(1)[0m [90m4.44 ms[0m
   [32m✓[0m returndatacopy_following_failing_call
 [32m✓[0m [2mgenerated_state.stReturnDataTest.returndatacopy_following_revertFiller[0m [32m(1)[0m [90m5.32 ms[0m
   [32m✓[0m returndatacopy_following_revert
 [41m[37m FAIL [0m [37mgenerated_state.stReturnDataTest.returndatacopy_following_revert_in_createFiller[0m [31m1 failed[0m [90m159.67 ms[0m
   [31m✖[0m returndatacopy_following_revert_in_create
 [41m[37m FAIL [0m [37mgenerated_state.stReturnDataTest.returndatacopy_following_successful_createFiller[0m [31m1 failed[0m [90m4.12 ms[0m
   [31m✖[0m returndatacopy_following_successful_create
 [32m✓[0m [2mgenerated_state.stReturnDataTest.returndatacopy_following_too_big_transferFiller[0m [32m(1)[0m [90m5.03 ms[0m
   [32m✓[0m returndatacopy_following_too_big_transfer
 [32m✓[0m [2mgenerated_state.stReturnDataTest.returndatacopy_initialFiller[0m [32m(1)[0m [90m5.11 ms[0m
   [32m✓[0m returndatacopy_initial
 [41m[37m FAIL [0m [37mgenerated_state.stReturnDataTest.returndatacopy_initial_256Filler[0m [31m1 failed[0m [90m5.47 ms[0m
   [31m✖[0m returndatacopy_initial_256
 [32m✓[0m [2mgenerated_state.stReturnDataTest.returndatacopy_initial_big_sumFiller[0m [32m(1)[0m [90m5.20 ms[0m
   [32m✓[0m returndatacopy_initial_big_sum
 [32m✓[0m [2mgenerated_state.stReturnDataTest.returndatacopy_overrunFiller[0m [32m(1)[0m [90m4.78 ms[0m
   [32m✓[0m returndatacopy_overrun
 [32m✓[0m [2mgenerated_state.stReturnDataTest.returndatasize_after_failing_callcodeFiller[0m [32m(1)[0m [90m5.36 ms[0m
   [32m✓[0m returndatasize_after_failing_callcode
 [32m✓[0m [2mgenerated_state.stReturnDataTest.returndatasize_after_failing_delegatecallFiller[0m [32m(1)[0m [90m4.55 ms[0m
   [32m✓[0m returndatasize_after_failing_delegatecall
 [32m✓[0m [2mgenerated_state.stReturnDataTest.returndatasize_after_failing_staticcallFiller[0m [32m(1)[0m [90m6.04 ms[0m
   [32m✓[0m returndatasize_after_failing_staticcall
 [41m[37m FAIL [0m [37mgenerated_state.stReturnDataTest.returndatasize_after_oog_after_deeperFiller[0m [31m1 failed[0m [90m5.65 ms[0m
   [31m✖[0m returndatasize_after_oog_after_deeper
 [32m✓[0m [2mgenerated_state.stReturnDataTest.returndatasize_after_successful_callcodeFiller[0m [32m(1)[0m [90m4.21 ms[0m
   [32m✓[0m returndatasize_after_successful_callcode
 [32m✓[0m [2mgenerated_state.stReturnDataTest.returndatasize_after_successful_delegatecallFiller[0m [32m(1)[0m [90m4.78 ms[0m
   [32m✓[0m returndatasize_after_successful_delegatecall
 [32m✓[0m [2mgenerated_state.stReturnDataTest.returndatasize_after_successful_staticcallFiller[0m [32m(1)[0m [90m4.35 ms[0m
   [32m✓[0m returndatasize_after_successful_staticcall
 [32m✓[0m [2mgenerated_state.stReturnDataTest.returndatasize_bugFiller[0m [32m(1)[0m [90m6.26 ms[0m
   [32m✓[0m returndatasize_bug
 [41m[37m FAIL [0m [37mgenerated_state.stReturnDataTest.returndatasize_following_successful_createFiller[0m [31m1 failed[0m [90m3.89 ms[0m
   [31m✖[0m returndatasize_following_successful_create
 [32m✓[0m [2mgenerated_state.stReturnDataTest.returndatasize_initialFiller[0m [32m(1)[0m [90m4.43 ms[0m
   [32m✓[0m returndatasize_initial
 [32m✓[0m [2mgenerated_state.stReturnDataTest.returndatasize_initial_zero_readFiller[0m [32m(1)[0m [90m4.36 ms[0m
   [32m✓[0m returndatasize_initial_zero_read
 [41m[37m FAIL [0m [37mgenerated_state.stRevertTest.LoopCallsDepthThenRevert2Filler[0m [31m1 failed[0m [90m677.58 ms[0m
   [31m✖[0m LoopCallsDepthThenRevert2
 [41m[37m FAIL [0m [37mgenerated_state.stRevertTest.LoopCallsDepthThenRevert3Filler[0m [31m1 failed[0m [90m691.78 ms[0m
   [31m✖[0m LoopCallsDepthThenRevert3
 [41m[37m FAIL [0m [37mgenerated_state.stRevertTest.LoopCallsDepthThenRevertFiller[0m [31m1 failed[0m [90m5.27 ms[0m
   [31m✖[0m LoopCallsDepthThenRevert
 [32m✓[0m [2mgenerated_state.stRevertTest.LoopCallsThenRevertFiller[0m [32m(1)[0m [90m27.51 ms[0m
   [32m✓[0m LoopCallsThenRevert
 [41m[37m FAIL [0m [37mgenerated_state.stRevertTest.LoopDelegateCallsDepthThenRevertFiller[0m [31m1 failed[0m [90m4.86 ms[0m
   [31m✖[0m LoopDelegateCallsDepthThenRevert
 [41m[37m FAIL [0m [37mgenerated_state.stRevertTest.NashatyrevSuicideRevertFiller[0m [31m1 failed[0m [90m168.33 ms[0m
   [31m✖[0m NashatyrevSuicideRevert
 [32m✓[0m [2mgenerated_state.stRevertTest.PythonRevertTestTue201814-1430Filler[0m [32m(1)[0m [90m4.64 ms[0m
   [32m✓[0m PythonRevertTestTue201814_1430
 [41m[37m FAIL [0m [37mgenerated_state.stRevertTest.RevertDepth2Filler[0m [31m1 failed[0m [90m165.73 ms[0m
   [31m✖[0m RevertDepth2
 [41m[37m FAIL [0m [37mgenerated_state.stRevertTest.RevertDepthCreateAddressCollisionFiller[0m [31m1 failed[0m [90m149.64 ms[0m
   [31m✖[0m RevertDepthCreateAddressCollision
 [41m[37m FAIL [0m [37mgenerated_state.stRevertTest.RevertDepthCreateOOGFiller[0m [31m1 failed[0m [90m153.78 ms[0m
   [31m✖[0m RevertDepthCreateOOG
 [32m✓[0m [2mgenerated_state.stRevertTest.RevertInCallCodeFiller[0m [32m(1)[0m [90m4.78 ms[0m
   [32m✓[0m RevertInCallCode
 [41m[37m FAIL [0m [37mgenerated_state.stRevertTest.RevertInCreateInInit_ParisFiller[0m [31m1 failed[0m [90m4.69 ms[0m
   [31m✖[0m RevertInCreateInInit_Paris
 [32m✓[0m [2mgenerated_state.stRevertTest.RevertInDelegateCallFiller[0m [32m(1)[0m [90m5.06 ms[0m
   [32m✓[0m RevertInDelegateCall
 [32m✓[0m [2mgenerated_state.stRevertTest.RevertInStaticCallFiller[0m [32m(1)[0m [90m5.23 ms[0m
   [32m✓[0m RevertInStaticCall
 [32m✓[0m [2mgenerated_state.stRevertTest.RevertOnEmptyStackFiller[0m [32m(1)[0m [90m5.38 ms[0m
   [32m✓[0m RevertOnEmptyStack
 [41m[37m FAIL [0m [37mgenerated_state.stRevertTest.RevertOpcodeCallsFiller[0m [31m1 failed[0m [90m169.54 ms[0m
   [31m✖[0m RevertOpcodeCalls
 [41m[37m FAIL [0m [37mgenerated_state.stRevertTest.RevertOpcodeCreateFiller[0m [31m1 failed[0m [90m161.69 ms[0m
   [31m✖[0m RevertOpcodeCreate
 [32m✓[0m [2mgenerated_state.stRevertTest.RevertOpcodeDirectCallFiller[0m [32m(1)[0m [90m5.13 ms[0m
   [32m✓[0m RevertOpcodeDirectCall
 [32m✓[0m [2mgenerated_state.stRevertTest.RevertOpcodeFiller[0m [32m(1)[0m [90m5.77 ms[0m
   [32m✓[0m RevertOpcode
 [41m[37m FAIL [0m [37mgenerated_state.stRevertTest.RevertOpcodeInCallsOnNonEmptyReturnDataFiller[0m [31m1 failed[0m [90m169.63 ms[0m
   [31m✖[0m RevertOpcodeInCallsOnNonEmptyReturnData
 [41m[37m FAIL [0m [37mgenerated_state.stRevertTest.RevertOpcodeInCreateReturnsFiller[0m [31m1 failed[0m [90m3.82 ms[0m
   [31m✖[0m RevertOpcodeInCreateReturns
 [32m✓[0m [2mgenerated_state.stRevertTest.RevertOpcodeInInitFiller[0m [32m(1)[0m [90m4.22 ms[0m
   [32m✓[0m RevertOpcodeInInit
 [41m[37m FAIL [0m [37mgenerated_state.stRevertTest.RevertOpcodeMultipleSubCallsFiller[0m [31m1 failed[0m [90m159.83 ms[0m
   [31m✖[0m RevertOpcodeMultipleSubCalls
 [41m[37m FAIL [0m [37mgenerated_state.stRevertTest.RevertOpcodeReturnFiller[0m [31m1 failed[0m [90m163.08 ms[0m
   [31m✖[0m RevertOpcodeReturn
 [32m✓[0m [2mgenerated_state.stRevertTest.RevertOpcodeWithBigOutputInInitFiller[0m [32m(1)[0m [90m4.32 ms[0m
   [32m✓[0m RevertOpcodeWithBigOutputInInit
 [32m✓[0m [2mgenerated_state.stRevertTest.RevertPrecompiledTouchExactOOG_ParisFiller[0m [32m(1)[0m [90m8.16 ms[0m
   [32m✓[0m RevertPrecompiledTouchExactOOG_Paris
 [32m✓[0m [2mgenerated_state.stRevertTest.RevertPrecompiledTouch_ParisFiller[0m [32m(1)[0m [90m11.60 ms[0m
   [32m✓[0m RevertPrecompiledTouch_Paris
 [32m✓[0m [2mgenerated_state.stRevertTest.RevertPrecompiledTouch_nonceFiller[0m [32m(1)[0m [90m17.03 ms[0m
   [32m✓[0m RevertPrecompiledTouch_nonce
 [32m✓[0m [2mgenerated_state.stRevertTest.RevertPrecompiledTouch_noncestorageFiller[0m [32m(1)[0m [90m18.57 ms[0m
   [32m✓[0m RevertPrecompiledTouch_noncestorage
 [32m✓[0m [2mgenerated_state.stRevertTest.RevertPrecompiledTouch_storage_ParisFiller[0m [32m(1)[0m [90m20.87 ms[0m
   [32m✓[0m RevertPrecompiledTouch_storage_Paris
 [32m✓[0m [2mgenerated_state.stRevertTest.RevertPrefoundCallFiller[0m [32m(1)[0m [90m5.50 ms[0m
   [32m✓[0m RevertPrefoundCall
 [32m✓[0m [2mgenerated_state.stRevertTest.RevertPrefoundCallOOGFiller[0m [32m(1)[0m [90m5.21 ms[0m
   [32m✓[0m RevertPrefoundCallOOG
 [32m✓[0m [2mgenerated_state.stRevertTest.RevertPrefoundEmptyCallOOG_ParisFiller[0m [32m(1)[0m [90m4.39 ms[0m
   [32m✓[0m RevertPrefoundEmptyCallOOG_Paris
 [32m✓[0m [2mgenerated_state.stRevertTest.RevertPrefoundEmptyCall_ParisFiller[0m [32m(1)[0m [90m5.51 ms[0m
   [32m✓[0m RevertPrefoundEmptyCall_Paris
 [41m[37m FAIL [0m [37mgenerated_state.stRevertTest.RevertPrefoundEmptyOOG_ParisFiller[0m [31m1 failed[0m [90m144.53 ms[0m
   [31m✖[0m RevertPrefoundEmptyOOG_Paris
 [32m✓[0m [2mgenerated_state.stRevertTest.RevertPrefoundEmpty_ParisFiller[0m [32m(1)[0m [90m4.88 ms[0m
   [32m✓[0m RevertPrefoundEmpty_Paris
 [32m✓[0m [2mgenerated_state.stRevertTest.RevertPrefoundFiller[0m [32m(1)[0m [90m4.28 ms[0m
   [32m✓[0m RevertPrefound
 [41m[37m FAIL [0m [37mgenerated_state.stRevertTest.RevertPrefoundOOGFiller[0m [31m1 failed[0m [90m143.99 ms[0m
   [31m✖[0m RevertPrefoundOOG
 [41m[37m FAIL [0m [37mgenerated_state.stRevertTest.RevertSubCallStorageOOG2Filler[0m [31m1 failed[0m [90m147.69 ms[0m
   [31m✖[0m RevertSubCallStorageOOG2
 [41m[37m FAIL [0m [37mgenerated_state.stRevertTest.RevertSubCallStorageOOGFiller[0m [31m1 failed[0m [90m156.79 ms[0m
   [31m✖[0m RevertSubCallStorageOOG
 [32m✓[0m [2mgenerated_state.stRevertTest.TouchToEmptyAccountRevert2_ParisFiller[0m [32m(1)[0m [90m6.05 ms[0m
   [32m✓[0m TouchToEmptyAccountRevert2_Paris
 [32m✓[0m [2mgenerated_state.stRevertTest.TouchToEmptyAccountRevert3_ParisFiller[0m [32m(1)[0m [90m4.17 ms[0m
   [32m✓[0m TouchToEmptyAccountRevert3_Paris
 [32m✓[0m [2mgenerated_state.stRevertTest.TouchToEmptyAccountRevert_ParisFiller[0m [32m(1)[0m [90m4.79 ms[0m
   [32m✓[0m TouchToEmptyAccountRevert_Paris
 [32m✓[0m [2mgenerated_state.stSLoadTest.sloadGasCostFiller[0m [32m(1)[0m [90m4.68 ms[0m
   [32m✓[0m sloadGasCost
 [41m[37m FAIL [0m [37mgenerated_state.stSStoreTest.InitCollisionNonZeroNonceFiller[0m [31m1 failed[0m [90m8.37 ms[0m
   [31m✖[0m InitCollisionNonZeroNonce
 [41m[37m FAIL [0m [37mgenerated_state.stSStoreTest.InitCollisionParisFiller[0m [31m1 failed[0m [90m8.37 ms[0m
   [31m✖[0m InitCollisionParis
 [32m✓[0m [2mgenerated_state.stSStoreTest.SstoreCallToSelfSubRefundBelowZeroFiller[0m [32m(1)[0m [90m4.24 ms[0m
   [32m✓[0m SstoreCallToSelfSubRefundBelowZero
 [41m[37m FAIL [0m [37mgenerated_state.stSStoreTest.sstore_0to0Filler[0m [31m1 failed[0m [90m7.70 ms[0m
   [31m✖[0m sstore_0to0
 [41m[37m FAIL [0m [37mgenerated_state.stSStoreTest.sstore_0to0to0Filler[0m [31m1 failed[0m [90m8.09 ms[0m
   [31m✖[0m sstore_0to0to0
 [41m[37m FAIL [0m [37mgenerated_state.stSStoreTest.sstore_0to0toXFiller[0m [31m1 failed[0m [90m9.06 ms[0m
   [31m✖[0m sstore_0to0toX
 [41m[37m FAIL [0m [37mgenerated_state.stSStoreTest.sstore_0toXFiller[0m [31m1 failed[0m [90m8.54 ms[0m
   [31m✖[0m sstore_0toX
 [41m[37m FAIL [0m [37mgenerated_state.stSStoreTest.sstore_0toXto0Filler[0m [31m1 failed[0m [90m8.73 ms[0m
   [31m✖[0m sstore_0toXto0
 [41m[37m FAIL [0m [37mgenerated_state.stSStoreTest.sstore_0toXto0toXFiller[0m [31m1 failed[0m [90m8.54 ms[0m
   [31m✖[0m sstore_0toXto0toX
 [41m[37m FAIL [0m [37mgenerated_state.stSStoreTest.sstore_0toXtoXFiller[0m [31m1 failed[0m [90m8.32 ms[0m
   [31m✖[0m sstore_0toXtoX
 [41m[37m FAIL [0m [37mgenerated_state.stSStoreTest.sstore_0toXtoYFiller[0m [31m1 failed[0m [90m10.63 ms[0m
   [31m✖[0m sstore_0toXtoY
 [41m[37m FAIL [0m [37mgenerated_state.stSStoreTest.sstore_Xto0Filler[0m [31m1 failed[0m [90m12.12 ms[0m
   [31m✖[0m sstore_Xto0
 [41m[37m FAIL [0m [37mgenerated_state.stSStoreTest.sstore_Xto0to0Filler[0m [31m1 failed[0m [90m8.18 ms[0m
   [31m✖[0m sstore_Xto0to0
 [41m[37m FAIL [0m [37mgenerated_state.stSStoreTest.sstore_Xto0toXFiller[0m [31m1 failed[0m [90m12.97 ms[0m
   [31m✖[0m sstore_Xto0toX
 [41m[37m FAIL [0m [37mgenerated_state.stSStoreTest.sstore_Xto0toXto0Filler[0m [31m1 failed[0m [90m10.08 ms[0m
   [31m✖[0m sstore_Xto0toXto0
 [41m[37m FAIL [0m [37mgenerated_state.stSStoreTest.sstore_Xto0toYFiller[0m [31m1 failed[0m [90m8.44 ms[0m
   [31m✖[0m sstore_Xto0toY
 [41m[37m FAIL [0m [37mgenerated_state.stSStoreTest.sstore_XtoXFiller[0m [31m1 failed[0m [90m7.46 ms[0m
   [31m✖[0m sstore_XtoX
 [41m[37m FAIL [0m [37mgenerated_state.stSStoreTest.sstore_XtoXto0Filler[0m [31m1 failed[0m [90m9.65 ms[0m
   [31m✖[0m sstore_XtoXto0
 [41m[37m FAIL [0m [37mgenerated_state.stSStoreTest.sstore_XtoXtoXFiller[0m [31m1 failed[0m [90m10.86 ms[0m
   [31m✖[0m sstore_XtoXtoX
 [41m[37m FAIL [0m [37mgenerated_state.stSStoreTest.sstore_XtoXtoYFiller[0m [31m1 failed[0m [90m8.48 ms[0m
   [31m✖[0m sstore_XtoXtoY
 [41m[37m FAIL [0m [37mgenerated_state.stSStoreTest.sstore_XtoYFiller[0m [31m1 failed[0m [90m9.03 ms[0m
   [31m✖[0m sstore_XtoY
 [41m[37m FAIL [0m [37mgenerated_state.stSStoreTest.sstore_XtoYto0Filler[0m [31m1 failed[0m [90m8.05 ms[0m
   [31m✖[0m sstore_XtoYto0
 [41m[37m FAIL [0m [37mgenerated_state.stSStoreTest.sstore_XtoYtoXFiller[0m [31m1 failed[0m [90m8.90 ms[0m
   [31m✖[0m sstore_XtoYtoX
 [41m[37m FAIL [0m [37mgenerated_state.stSStoreTest.sstore_XtoYtoYFiller[0m [31m1 failed[0m [90m11.26 ms[0m
   [31m✖[0m sstore_XtoYtoY
 [41m[37m FAIL [0m [37mgenerated_state.stSStoreTest.sstore_XtoYtoZFiller[0m [31m1 failed[0m [90m9.56 ms[0m
   [31m✖[0m sstore_XtoYtoZ
 [41m[37m FAIL [0m [37mgenerated_state.stSStoreTest.sstore_changeFromExternalCallInInitCodeFiller[0m [31m1 failed[0m [90m10.51 ms[0m
   [31m✖[0m sstore_changeFromExternalCallInInitCode
 [41m[37m FAIL [0m [37mgenerated_state.stSStoreTest.sstore_gasLeftFiller[0m [31m1 failed[0m [90m5.02 ms[0m
   [31m✖[0m sstore_gasLeft
 [41m[37m FAIL [0m [37mgenerated_state.stSelfBalance.selfBalanceCallTypesFiller[0m [31m1 failed[0m [90m3.91 ms[0m
   [31m✖[0m selfBalanceCallTypes
 [32m✓[0m [2mgenerated_state.stSelfBalance.selfBalanceEqualsBalanceFiller[0m [32m(1)[0m [90m5.39 ms[0m
   [32m✓[0m selfBalanceEqualsBalance
 [32m✓[0m [2mgenerated_state.stSelfBalance.selfBalanceFiller[0m [32m(1)[0m [90m4.01 ms[0m
   [32m✓[0m selfBalance
 [32m✓[0m [2mgenerated_state.stSelfBalance.selfBalanceGasCostFiller[0m [32m(1)[0m [90m4.01 ms[0m
   [32m✓[0m selfBalanceGasCost
 [32m✓[0m [2mgenerated_state.stSelfBalance.selfBalanceUpdateFiller[0m [32m(1)[0m [90m3.90 ms[0m
   [32m✓[0m selfBalanceUpdate
 [41m[37m FAIL [0m [37mgenerated_state.stShift.sar00Filler[0m [31m1 failed[0m [90m145.82 ms[0m
   [31m✖[0m sar00
 [41m[37m FAIL [0m [37mgenerated_state.stShift.sar01Filler[0m [31m1 failed[0m [90m156.75 ms[0m
   [31m✖[0m sar01
 [41m[37m FAIL [0m [37mgenerated_state.stShift.sar10Filler[0m [31m1 failed[0m [90m162.28 ms[0m
   [31m✖[0m sar10
 [41m[37m FAIL [0m [37mgenerated_state.stShift.sar11Filler[0m [31m1 failed[0m [90m168.89 ms[0m
   [31m✖[0m sar11
 [41m[37m FAIL [0m [37mgenerated_state.stShift.sar_0_256-1Filler[0m [31m1 failed[0m [90m154.87 ms[0m
   [31m✖[0m sar_0_256_1
 [41m[37m FAIL [0m [37mgenerated_state.stShift.sar_2^254_254Filler[0m [31m1 failed[0m [90m153.77 ms[0m
   [31m✖[0m sar_2_254_254
 [41m[37m FAIL [0m [37mgenerated_state.stShift.sar_2^255-1_248Filler[0m [31m1 failed[0m [90m168.15 ms[0m
   [31m✖[0m sar_2_255_1_248
 [41m[37m FAIL [0m [37mgenerated_state.stShift.sar_2^255-1_254Filler[0m [31m1 failed[0m [90m137.49 ms[0m
   [31m✖[0m sar_2_255_1_254
 [41m[37m FAIL [0m [37mgenerated_state.stShift.sar_2^255-1_255Filler[0m [31m1 failed[0m [90m157.11 ms[0m
   [31m✖[0m sar_2_255_1_255
 [41m[37m FAIL [0m [37mgenerated_state.stShift.sar_2^255-1_256Filler[0m [31m1 failed[0m [90m159.43 ms[0m
   [31m✖[0m sar_2_255_1_256
 [41m[37m FAIL [0m [37mgenerated_state.stShift.sar_2^255_1Filler[0m [31m1 failed[0m [90m163.48 ms[0m
   [31m✖[0m sar_2_255_1
 [41m[37m FAIL [0m [37mgenerated_state.stShift.sar_2^255_255Filler[0m [31m1 failed[0m [90m155.91 ms[0m
   [31m✖[0m sar_2_255_255
 [41m[37m FAIL [0m [37mgenerated_state.stShift.sar_2^255_256Filler[0m [31m1 failed[0m [90m168.51 ms[0m
   [31m✖[0m sar_2_255_256
 [41m[37m FAIL [0m [37mgenerated_state.stShift.sar_2^255_257Filler[0m [31m1 failed[0m [90m158.60 ms[0m
   [31m✖[0m sar_2_255_257
 [41m[37m FAIL [0m [37mgenerated_state.stShift.sar_2^256-1_0Filler[0m [31m1 failed[0m [90m156.84 ms[0m
   [31m✖[0m sar_2_256_1_0
 [41m[37m FAIL [0m [37mgenerated_state.stShift.sar_2^256-1_1Filler[0m [31m1 failed[0m [90m141.02 ms[0m
   [31m✖[0m sar_2_256_1_1
 [41m[37m FAIL [0m [37mgenerated_state.stShift.sar_2^256-1_255Filler[0m [31m1 failed[0m [90m140.94 ms[0m
   [31m✖[0m sar_2_256_1_255
 [41m[37m FAIL [0m [37mgenerated_state.stShift.sar_2^256-1_256Filler[0m [31m1 failed[0m [90m156.05 ms[0m
   [31m✖[0m sar_2_256_1_256
 [41m[37m FAIL [0m [37mgenerated_state.stShift.shl01-0100Filler[0m [31m1 failed[0m [90m154.22 ms[0m
   [31m✖[0m shl01_0100
 [41m[37m FAIL [0m [37mgenerated_state.stShift.shl01-0101Filler[0m [31m1 failed[0m [90m156.52 ms[0m
   [31m✖[0m shl01_0101
 [41m[37m FAIL [0m [37mgenerated_state.stShift.shl01-ffFiller[0m [31m1 failed[0m [90m142.17 ms[0m
   [31m✖[0m shl01_ff
 [41m[37m FAIL [0m [37mgenerated_state.stShift.shl01Filler[0m [31m1 failed[0m [90m141.58 ms[0m
   [31m✖[0m shl01
 [41m[37m FAIL [0m [37mgenerated_state.stShift.shl10Filler[0m [31m1 failed[0m [90m163.07 ms[0m
   [31m✖[0m shl10
 [41m[37m FAIL [0m [37mgenerated_state.stShift.shl11Filler[0m [31m1 failed[0m [90m157.84 ms[0m
   [31m✖[0m shl11
 [41m[37m FAIL [0m [37mgenerated_state.stShift.shl_-1_0Filler[0m [31m1 failed[0m [90m148.01 ms[0m
   [31m✖[0m shl__1_0
 [41m[37m FAIL [0m [37mgenerated_state.stShift.shl_-1_1Filler[0m [31m1 failed[0m [90m165.43 ms[0m
   [31m✖[0m shl__1_1
 [41m[37m FAIL [0m [37mgenerated_state.stShift.shl_-1_255Filler[0m [31m1 failed[0m [90m154.67 ms[0m
   [31m✖[0m shl__1_255
 [41m[37m FAIL [0m [37mgenerated_state.stShift.shl_-1_256Filler[0m [31m1 failed[0m [90m161.97 ms[0m
   [31m✖[0m shl__1_256
 [41m[37m FAIL [0m [37mgenerated_state.stShift.shl_2^255-1_1Filler[0m [31m1 failed[0m [90m156.89 ms[0m
   [31m✖[0m shl_2_255_1_1
 [41m[37m FAIL [0m [37mgenerated_state.stShift.shr01Filler[0m [31m1 failed[0m [90m147.02 ms[0m
   [31m✖[0m shr01
 [41m[37m FAIL [0m [37mgenerated_state.stShift.shr10Filler[0m [31m1 failed[0m [90m143.07 ms[0m
   [31m✖[0m shr10
 [41m[37m FAIL [0m [37mgenerated_state.stShift.shr11Filler[0m [31m1 failed[0m [90m150.48 ms[0m
   [31m✖[0m shr11
 [41m[37m FAIL [0m [37mgenerated_state.stShift.shr_-1_0Filler[0m [31m1 failed[0m [90m149.87 ms[0m
   [31m✖[0m shr__1_0
 [41m[37m FAIL [0m [37mgenerated_state.stShift.shr_-1_1Filler[0m [31m1 failed[0m [90m150.31 ms[0m
   [31m✖[0m shr__1_1
 [41m[37m FAIL [0m [37mgenerated_state.stShift.shr_-1_255Filler[0m [31m1 failed[0m [90m157.59 ms[0m
   [31m✖[0m shr__1_255
 [41m[37m FAIL [0m [37mgenerated_state.stShift.shr_-1_256Filler[0m [31m1 failed[0m [90m155.96 ms[0m
   [31m✖[0m shr__1_256
 [41m[37m FAIL [0m [37mgenerated_state.stShift.shr_2^255_1Filler[0m [31m1 failed[0m [90m144.79 ms[0m
   [31m✖[0m shr_2_255_1
 [41m[37m FAIL [0m [37mgenerated_state.stShift.shr_2^255_255Filler[0m [31m1 failed[0m [90m142.27 ms[0m
   [31m✖[0m shr_2_255_255
 [41m[37m FAIL [0m [37mgenerated_state.stShift.shr_2^255_256Filler[0m [31m1 failed[0m [90m161.58 ms[0m
   [31m✖[0m shr_2_255_256
 [41m[37m FAIL [0m [37mgenerated_state.stShift.shr_2^255_257Filler[0m [31m1 failed[0m [90m155.68 ms[0m
   [31m✖[0m shr_2_255_257
 [32m✓[0m [2mgenerated_state.stSolidityTest.AmbiguousMethodFiller[0m [32m(1)[0m [90m5.02 ms[0m
   [32m✓[0m AmbiguousMethod
 [32m✓[0m [2mgenerated_state.stSolidityTest.ByZeroFiller[0m [32m(1)[0m [90m4.70 ms[0m
   [32m✓[0m ByZero
 [32m✓[0m [2mgenerated_state.stSolidityTest.CallInfiniteLoopFiller[0m [32m(1)[0m [90m7.31 ms[0m
   [32m✓[0m CallInfiniteLoop
 [32m✓[0m [2mgenerated_state.stSolidityTest.CallLowLevelCreatesSolidityFiller[0m [32m(1)[0m [90m4.66 ms[0m
   [32m✓[0m CallLowLevelCreatesSolidity
 [32m✓[0m [2mgenerated_state.stSolidityTest.CallRecursiveMethodsFiller[0m [32m(1)[0m [90m3.91 ms[0m
   [32m✓[0m CallRecursiveMethods
 [32m✓[0m [2mgenerated_state.stSolidityTest.ContractInheritanceFiller[0m [32m(1)[0m [90m4.28 ms[0m
   [32m✓[0m ContractInheritance
 [32m✓[0m [2mgenerated_state.stSolidityTest.CreateContractFromMethodFiller[0m [32m(1)[0m [90m4.65 ms[0m
   [32m✓[0m CreateContractFromMethod
 [41m[37m FAIL [0m [37mgenerated_state.stSolidityTest.RecursiveCreateContractsCreate4ContractsFiller[0m [31m1 failed[0m [90m177.66 ms[0m
   [31m✖[0m RecursiveCreateContractsCreate4Contracts
 [41m[37m FAIL [0m [37mgenerated_state.stSolidityTest.RecursiveCreateContractsFiller[0m [31m1 failed[0m [90m172.88 ms[0m
   [31m✖[0m RecursiveCreateContracts
 [32m✓[0m [2mgenerated_state.stSolidityTest.TestBlockAndTransactionPropertiesFiller[0m [32m(1)[0m [90m5.24 ms[0m
   [32m✓[0m TestBlockAndTransactionProperties
 [32m✓[0m [2mgenerated_state.stSolidityTest.TestContractInteractionFiller[0m [32m(1)[0m [90m4.36 ms[0m
   [32m✓[0m TestContractInteraction
 [32m✓[0m [2mgenerated_state.stSolidityTest.TestContractSuicideFiller[0m [32m(1)[0m [90m4.08 ms[0m
   [32m✓[0m TestContractSuicide
 [41m[37m FAIL [0m [37mgenerated_state.stSolidityTest.TestCryptographicFunctionsFiller[0m [31m1 failed[0m [90m162.89 ms[0m
   [31m✖[0m TestCryptographicFunctions
 [32m✓[0m [2mgenerated_state.stSolidityTest.TestKeywordsFiller[0m [32m(1)[0m [90m4.26 ms[0m
   [32m✓[0m TestKeywords
 [32m✓[0m [2mgenerated_state.stSolidityTest.TestOverflowFiller[0m [32m(1)[0m [90m4.22 ms[0m
   [32m✓[0m TestOverflow
 [32m✓[0m [2mgenerated_state.stSolidityTest.TestStoreGasPricesFiller[0m [32m(1)[0m [90m3.68 ms[0m
   [32m✓[0m TestStoreGasPrices
 [32m✓[0m [2mgenerated_state.stSolidityTest.TestStructuresAndVariablessFiller[0m [32m(1)[0m [90m4.15 ms[0m
   [32m✓[0m TestStructuresAndVariabless
 [41m[37m FAIL [0m [37mgenerated_state.stSpecialTest.FailedCreateRevertsDeletionParisFiller[0m [31m1 failed[0m [90m4.59 ms[0m
   [31m✖[0m FailedCreateRevertsDeletionParis
 [41m[37m FAIL [0m [37mgenerated_state.stSpecialTest.JUMPDEST_AttackFiller[0m [31m1 failed[0m [33m3.39 s[0m
   [31m✖[0m JUMPDEST_Attack
 [41m[37m FAIL [0m [37mgenerated_state.stSpecialTest.JUMPDEST_AttackwithJumpFiller[0m [31m1 failed[0m [33m3.26 s[0m
   [31m✖[0m JUMPDEST_AttackwithJump
 [32m✓[0m [2mgenerated_state.stSpecialTest.OverflowGasMakeMoneyFiller[0m [32m(1)[0m [90m5.16 ms[0m
   [32m✓[0m OverflowGasMakeMoney
 [41m[37m FAIL [0m [37mgenerated_state.stSpecialTest.StackDepthLimitSECFiller[0m [31m1 failed[0m [90m159.98 ms[0m
   [31m✖[0m StackDepthLimitSEC
 [32m✓[0m [2mgenerated_state.stSpecialTest.block504980Filler[0m [32m(1)[0m [90m44.62 ms[0m
   [32m✓[0m block504980
 [32m✓[0m [2mgenerated_state.stSpecialTest.deploymentErrorFiller[0m [32m(1)[0m [90m4.59 ms[0m
   [32m✓[0m deploymentError
 [32m✓[0m [2mgenerated_state.stSpecialTest.failed_tx_xcf416c53_ParisFiller[0m [32m(1)[0m [90m124.29 ms[0m
   [32m✓[0m failed_tx_xcf416c53_Paris
 [32m✓[0m [2mgenerated_state.stSpecialTest.gasPrice0Filler[0m [32m(1)[0m [90m4.66 ms[0m
   [32m✓[0m gasPrice0
 [41m[37m FAIL [0m [37mgenerated_state.stSpecialTest.makeMoneyFiller[0m [31m1 failed[0m [90m149.67 ms[0m
   [31m✖[0m makeMoney
 [32m✓[0m [2mgenerated_state.stSpecialTest.push32withoutByteFiller[0m [32m(1)[0m [90m5.48 ms[0m
   [32m✓[0m push32withoutByte
 [32m✓[0m [2mgenerated_state.stSpecialTest.selfdestructEIP2929Filler[0m [32m(1)[0m [90m5.14 ms[0m
   [32m✓[0m selfdestructEIP2929
 [41m[37m FAIL [0m [37mgenerated_state.stSpecialTest.sha3_dejaFiller[0m [31m1 failed[0m [90m153.42 ms[0m
   [31m✖[0m sha3_deja
 [32m✓[0m [2mgenerated_state.stSpecialTest.tx_e1c174e2Filler[0m [32m(1)[0m [90m3.75 ms[0m
   [32m✓[0m tx_e1c174e2
 [32m✓[0m [2mgenerated_state.stStackTests.shallowStackFiller[0m [32m(1)[0m [90m4.34 ms[0m
   [32m✓[0m shallowStack
 [32m✓[0m [2mgenerated_state.stStackTests.stackOverflowDUPFiller[0m [32m(1)[0m [90m5.00 ms[0m
   [32m✓[0m stackOverflowDUP
 [32m✓[0m [2mgenerated_state.stStackTests.stackOverflowFiller[0m [32m(1)[0m [90m4.16 ms[0m
   [32m✓[0m stackOverflow
 [41m[37m FAIL [0m [37mgenerated_state.stStackTests.stackOverflowM1DUPFiller[0m [31m1 failed[0m [90m193.83 ms[0m
   [31m✖[0m stackOverflowM1DUP
 [41m[37m FAIL [0m [37mgenerated_state.stStackTests.stackOverflowM1Filler[0m [31m1 failed[0m [90m179.65 ms[0m
   [31m✖[0m stackOverflowM1
 [41m[37m FAIL [0m [37mgenerated_state.stStackTests.stackOverflowM1PUSHFiller[0m [31m1 failed[0m [90m193.60 ms[0m
   [31m✖[0m stackOverflowM1PUSH
 [32m✓[0m [2mgenerated_state.stStackTests.stackOverflowPUSHFiller[0m [32m(1)[0m [90m12.14 ms[0m
   [32m✓[0m stackOverflowPUSH
 [41m[37m FAIL [0m [37mgenerated_state.stStackTests.stackOverflowSWAPFiller[0m [31m1 failed[0m [90m199.32 ms[0m
   [31m✖[0m stackOverflowSWAP
 [41m[37m FAIL [0m [37mgenerated_state.stStackTests.stacksanitySWAPFiller[0m [31m1 failed[0m [90m190.95 ms[0m
   [31m✖[0m stacksanitySWAP
 [41m[37m FAIL [0m [37mgenerated_state.stStaticCall.static_ABAcalls0Filler[0m [31m1 failed[0m [90m5.66 ms[0m
   [31m✖[0m static_ABAcalls0
 [41m[37m FAIL [0m [37mgenerated_state.stStaticCall.static_ABAcalls1Filler[0m [31m1 failed[0m [90m3.32 ms[0m
   [31m✖[0m static_ABAcalls1
 [41m[37m FAIL [0m [37mgenerated_state.stStaticCall.static_ABAcalls2Filler[0m [31m1 failed[0m [90m5.18 ms[0m
   [31m✖[0m static_ABAcalls2
 [41m[37m FAIL [0m [37mgenerated_state.stStaticCall.static_ABAcalls3Filler[0m [31m1 failed[0m [90m4.10 ms[0m
   [31m✖[0m static_ABAcalls3
 [41m[37m FAIL [0m [37mgenerated_state.stStaticCall.static_ABAcallsSuicide0Filler[0m [31m1 failed[0m [90m5.17 ms[0m
   [31m✖[0m static_ABAcallsSuicide0
 [41m[37m FAIL [0m [37mgenerated_state.stStaticCall.static_ABAcallsSuicide1Filler[0m [31m1 failed[0m [90m5.19 ms[0m
   [31m✖[0m static_ABAcallsSuicide1
 [32m✓[0m [2mgenerated_state.stStaticCall.static_CALL_OneVCallSuicideFiller[0m [32m(1)[0m [90m5.09 ms[0m
   [32m✓[0m static_CALL_OneVCallSuicide
 [32m✓[0m [2mgenerated_state.stStaticCall.static_CALL_ZeroVCallSuicideFiller[0m [32m(1)[0m [90m4.20 ms[0m
   [32m✓[0m static_CALL_ZeroVCallSuicide
 [41m[37m FAIL [0m [37mgenerated_state.stStaticCall.static_CREATE_ContractSuicideDuringInitFiller[0m [31m1 failed[0m [90m4.63 ms[0m
   [31m✖[0m static_CREATE_ContractSuicideDuringInit
 [41m[37m FAIL [0m [37mgenerated_state.stStaticCall.static_CREATE_ContractSuicideDuringInit_ThenStoreThenReturnFiller[0m [31m1 failed[0m [90m147.45 ms[0m
   [31m✖[0m static_CREATE_ContractSuicideDuringInit_ThenStoreThenReturn
 [41m[37m FAIL [0m [37mgenerated_state.stStaticCall.static_CREATE_ContractSuicideDuringInit_WithValueFiller[0m [31m1 failed[0m [90m143.14 ms[0m
   [31m✖[0m static_CREATE_ContractSuicideDuringInit_WithValue
 [41m[37m FAIL [0m [37mgenerated_state.stStaticCall.static_CREATE_EmptyContractAndCallIt_0weiFiller[0m [31m1 failed[0m [90m4.48 ms[0m
   [31m✖[0m static_CREATE_EmptyContractAndCallIt_0wei
 [41m[37m FAIL [0m [37mgenerated_state.stStaticCall.static_CREATE_EmptyContractWithStorageAndCallIt_0weiFiller[0m [31m1 failed[0m [90m4.13 ms[0m
   [31m✖[0m static_CREATE_EmptyContractWithStorageAndCallIt_0wei
 [41m[37m FAIL [0m [37mgenerated_state.stStaticCall.static_Call1024BalanceTooLow2Filler[0m [31m1 failed[0m [90m4.71 ms[0m
   [31m✖[0m static_Call1024BalanceTooLow2
 [41m[37m FAIL [0m [37mgenerated_state.stStaticCall.static_Call1024BalanceTooLowFiller[0m [31m1 failed[0m [90m4.53 ms[0m
   [31m✖[0m static_Call1024BalanceTooLow
 [41m[37m FAIL [0m [37mgenerated_state.stStaticCall.static_Call1024OOGFiller[0m [31m1 failed[0m [90m5.08 ms[0m
   [31m✖[0m static_Call1024OOG
 [41m[37m FAIL [0m [37mgenerated_state.stStaticCall.static_Call1024PreCalls2Filler[0m [31m1 failed[0m [90m4.89 ms[0m
   [31m✖[0m static_Call1024PreCalls2
 [41m[37m FAIL [0m [37mgenerated_state.stStaticCall.static_Call1024PreCalls3Filler[0m [31m1 failed[0m [90m4.35 ms[0m
   [31m✖[0m static_Call1024PreCalls3
 [41m[37m FAIL [0m [37mgenerated_state.stStaticCall.static_Call1024PreCallsFiller[0m [31m1 failed[0m [90m4.71 ms[0m
   [31m✖[0m static_Call1024PreCalls
 [41m[37m FAIL [0m [37mgenerated_state.stStaticCall.static_Call10Filler[0m [31m1 failed[0m [90m4.73 ms[0m
   [31m✖[0m static_Call10
 [41m[37m FAIL [0m [37mgenerated_state.stStaticCall.static_Call1MB1024CalldepthFiller[0m [31m1 failed[0m [90m4.42 ms[0m
   [31m✖[0m static_Call1MB1024Calldepth
 [41m[37m FAIL [0m [37mgenerated_state.stStaticCall.static_Call50000Filler[0m [31m1 failed[0m [90m4.34 ms[0m
   [31m✖[0m static_Call50000
 [41m[37m FAIL [0m [37mgenerated_state.stStaticCall.static_Call50000_ecrecFiller[0m [31m1 failed[0m [90m4.95 ms[0m
   [31m✖[0m static_Call50000_ecrec
 [41m[37m FAIL [0m [37mgenerated_state.stStaticCall.static_Call50000_identity2Filler[0m [31m1 failed[0m [90m4.13 ms[0m
   [31m✖[0m static_Call50000_identity2
 [41m[37m FAIL [0m [37mgenerated_state.stStaticCall.static_Call50000_identityFiller[0m [31m1 failed[0m [90m3.97 ms[0m
   [31m✖[0m static_Call50000_identity
 [41m[37m FAIL [0m [37mgenerated_state.stStaticCall.static_Call50000_rip160Filler[0m [31m1 failed[0m [90m3.76 ms[0m
   [31m✖[0m static_Call50000_rip160
 [41m[37m FAIL [0m [37mgenerated_state.stStaticCall.static_Call50000bytesContract50_1Filler[0m [31m1 failed[0m [90m7.96 ms[0m
   [31m✖[0m static_Call50000bytesContract50_1
 [41m[37m FAIL [0m [37mgenerated_state.stStaticCall.static_Call50000bytesContract50_2Filler[0m [31m1 failed[0m [90m8.34 ms[0m
   [31m✖[0m static_Call50000bytesContract50_2
 [41m[37m FAIL [0m [37mgenerated_state.stStaticCall.static_Call50000bytesContract50_3Filler[0m [31m1 failed[0m [90m8.22 ms[0m
   [31m✖[0m static_Call50000bytesContract50_3
 [41m[37m FAIL [0m [37mgenerated_state.stStaticCall.static_CallAndCallcodeConsumeMoreGasThenTransactionHasFiller[0m [31m1 failed[0m [90m5.11 ms[0m
   [31m✖[0m static_CallAndCallcodeConsumeMoreGasThenTransactionHas
 [41m[37m FAIL [0m [37mgenerated_state.stStaticCall.static_CallAskMoreGasOnDepth2ThenTransactionHasFiller[0m [31m1 failed[0m [90m6.55 ms[0m
   [31m✖[0m static_CallAskMoreGasOnDepth2ThenTransactionHas
 [41m[37m FAIL [0m [37mgenerated_state.stStaticCall.static_CallContractToCreateContractAndCallItOOGFiller[0m [31m1 failed[0m [90m6.68 ms[0m
   [31m✖[0m static_CallContractToCreateContractAndCallItOOG
 [41m[37m FAIL [0m [37mgenerated_state.stStaticCall.static_CallContractToCreateContractOOGBonusGasFiller[0m [31m1 failed[0m [90m147.60 ms[0m
   [31m✖[0m static_CallContractToCreateContractOOGBonusGas
 [41m[37m FAIL [0m [37mgenerated_state.stStaticCall.static_CallContractToCreateContractOOGFiller[0m [31m1 failed[0m [90m154.59 ms[0m
   [31m✖[0m static_CallContractToCreateContractOOG
 [41m[37m FAIL [0m [37mgenerated_state.stStaticCall.static_CallContractToCreateContractWhichWouldCreateContractIfCalledFiller[0m [31m1 failed[0m [90m153.16 ms[0m
   [31m✖[0m static_CallContractToCreateContractWhichWouldCreateContractIfCalled
 [41m[37m FAIL [0m [37mgenerated_state.stStaticCall.static_CallEcrecover0Filler[0m [31m1 failed[0m [90m167.11 ms[0m
   [31m✖[0m static_CallEcrecover0
 [41m[37m FAIL [0m [37mgenerated_state.stStaticCall.static_CallEcrecover0_0inputFiller[0m [31m1 failed[0m [90m145.93 ms[0m
   [31m✖[0m static_CallEcrecover0_0input
 [32m✓[0m [2mgenerated_state.stStaticCall.static_CallEcrecover0_Gas2999Filler[0m [32m(1)[0m [90m5.01 ms[0m
   [32m✓[0m static_CallEcrecover0_Gas2999
 [32m✓[0m [2mgenerated_state.stStaticCall.static_CallEcrecover0_NoGasFiller[0m [32m(1)[0m [90m4.55 ms[0m
   [32m✓[0m static_CallEcrecover0_NoGas
 [41m[37m FAIL [0m [37mgenerated_state.stStaticCall.static_CallEcrecover0_completeReturnValueFiller[0m [31m1 failed[0m [90m153.50 ms[0m
   [31m✖[0m static_CallEcrecover0_completeReturnValue
 [41m[37m FAIL [0m [37mgenerated_state.stStaticCall.static_CallEcrecover0_gas3000Filler[0m [31m1 failed[0m [90m163.55 ms[0m
   [31m✖[0m static_CallEcrecover0_gas3000
 [41m[37m FAIL [0m [37mgenerated_state.stStaticCall.static_CallEcrecover0_overlappingInputOutputFiller[0m [31m1 failed[0m [90m153.58 ms[0m
   [31m✖[0m static_CallEcrecover0_overlappingInputOutput
 [32m✓[0m [2mgenerated_state.stStaticCall.static_CallEcrecover1Filler[0m [32m(1)[0m [90m4.69 ms[0m
   [32m✓[0m static_CallEcrecover1
 [32m✓[0m [2mgenerated_state.stStaticCall.static_CallEcrecover2Filler[0m [32m(1)[0m [90m4.14 ms[0m
   [32m✓[0m static_CallEcrecover2
 [32m✓[0m [2mgenerated_state.stStaticCall.static_CallEcrecover3Filler[0m [32m(1)[0m [90m27.54 ms[0m
   [32m✓[0m static_CallEcrecover3
 [32m✓[0m [2mgenerated_state.stStaticCall.static_CallEcrecover80Filler[0m [32m(1)[0m [90m12.81 ms[0m
   [32m✓[0m static_CallEcrecover80
 [41m[37m FAIL [0m [37mgenerated_state.stStaticCall.static_CallEcrecoverCheckLengthFiller[0m [31m1 failed[0m [90m145.87 ms[0m
   [31m✖[0m static_CallEcrecoverCheckLength
 [41m[37m FAIL [0m [37mgenerated_state.stStaticCall.static_CallEcrecoverCheckLengthWrongVFiller[0m [31m1 failed[0m [90m157.90 ms[0m
   [31m✖[0m static_CallEcrecoverCheckLengthWrongV
 [41m[37m FAIL [0m [37mgenerated_state.stStaticCall.static_CallEcrecoverH_prefixed0Filler[0m [31m1 failed[0m [90m169.28 ms[0m
   [31m✖[0m static_CallEcrecoverH_prefixed0
 [32m✓[0m [2mgenerated_state.stStaticCall.static_CallEcrecoverR_prefixed0Filler[0m [32m(1)[0m [90m4.79 ms[0m
   [32m✓[0m static_CallEcrecoverR_prefixed0
 [32m✓[0m [2mgenerated_state.stStaticCall.static_CallEcrecoverS_prefixed0Filler[0m [32m(1)[0m [90m21.67 ms[0m
   [32m✓[0m static_CallEcrecoverS_prefixed0
 [41m[37m FAIL [0m [37mgenerated_state.stStaticCall.static_CallEcrecoverV_prefixed0Filler[0m [31m1 failed[0m [90m159.50 ms[0m
   [31m✖[0m static_CallEcrecoverV_prefixed0
 [41m[37m FAIL [0m [37mgenerated_state.stStaticCall.static_CallGoesOOGOnSecondLevel2Filler[0m [31m1 failed[0m [90m5.10 ms[0m
   [31m✖[0m static_CallGoesOOGOnSecondLevel2
 [41m[37m FAIL [0m [37mgenerated_state.stStaticCall.static_CallGoesOOGOnSecondLevelFiller[0m [31m1 failed[0m [90m5.38 ms[0m
   [31m✖[0m static_CallGoesOOGOnSecondLevel
 [32m✓[0m [2mgenerated_state.stStaticCall.static_CallIdentitiy_1Filler[0m [32m(1)[0m [90m3.92 ms[0m
   [32m✓[0m static_CallIdentitiy_1
 [32m✓[0m [2mgenerated_state.stStaticCall.static_CallIdentity_1_nonzeroValueFiller[0m [32m(1)[0m [90m4.17 ms[0m
   [32m✓[0m static_CallIdentity_1_nonzeroValue
 [32m✓[0m [2mgenerated_state.stStaticCall.static_CallIdentity_2Filler[0m [32m(1)[0m [90m5.12 ms[0m
   [32m✓[0m static_CallIdentity_2
 [32m✓[0m [2mgenerated_state.stStaticCall.static_CallIdentity_3Filler[0m [32m(1)[0m [90m5.88 ms[0m
   [32m✓[0m static_CallIdentity_3
 [32m✓[0m [2mgenerated_state.stStaticCall.static_CallIdentity_4Filler[0m [32m(1)[0m [90m4.37 ms[0m
   [32m✓[0m static_CallIdentity_4
 [32m✓[0m [2mgenerated_state.stStaticCall.static_CallIdentity_4_gas17Filler[0m [32m(1)[0m [90m4.36 ms[0m
   [32m✓[0m static_CallIdentity_4_gas17
 [32m✓[0m [2mgenerated_state.stStaticCall.static_CallIdentity_4_gas18Filler[0m [32m(1)[0m [90m4.12 ms[0m
   [32m✓[0m static_CallIdentity_4_gas18
 [32m✓[0m [2mgenerated_state.stStaticCall.static_CallIdentity_5Filler[0m [32m(1)[0m [90m100.02 ms[0m
   [32m✓[0m static_CallIdentity_5
 [41m[37m FAIL [0m [37mgenerated_state.stStaticCall.static_CallLoseGasOOGFiller[0m [31m1 failed[0m [90m5.62 ms[0m
   [31m✖[0m static_CallLoseGasOOG
 [41m[37m FAIL [0m [37mgenerated_state.stStaticCall.static_CallRecursiveBomb0Filler[0m [31m1 failed[0m [90m6.66 ms[0m
   [31m✖[0m static_CallRecursiveBomb0
 [41m[37m FAIL [0m [37mgenerated_state.stStaticCall.static_CallRecursiveBomb0_OOG_atMaxCallDepthFiller[0m [31m1 failed[0m [90m6.27 ms[0m
   [31m✖[0m static_CallRecursiveBomb0_OOG_atMaxCallDepth
 [41m[37m FAIL [0m [37mgenerated_state.stStaticCall.static_CallRecursiveBomb1Filler[0m [31m1 failed[0m [90m6.21 ms[0m
   [31m✖[0m static_CallRecursiveBomb1
 [41m[37m FAIL [0m [37mgenerated_state.stStaticCall.static_CallRecursiveBomb2Filler[0m [31m1 failed[0m [90m4.71 ms[0m
   [31m✖[0m static_CallRecursiveBomb2
 [41m[37m FAIL [0m [37mgenerated_state.stStaticCall.static_CallRecursiveBomb3Filler[0m [31m1 failed[0m [90m4.59 ms[0m
   [31m✖[0m static_CallRecursiveBomb3
 [41m[37m FAIL [0m [37mgenerated_state.stStaticCall.static_CallRecursiveBombLog2Filler[0m [31m1 failed[0m [90m6.13 ms[0m
   [31m✖[0m static_CallRecursiveBombLog2
 [41m[37m FAIL [0m [37mgenerated_state.stStaticCall.static_CallRecursiveBombLogFiller[0m [31m1 failed[0m [90m4.90 ms[0m
   [31m✖[0m static_CallRecursiveBombLog
 [41m[37m FAIL [0m [37mgenerated_state.stStaticCall.static_CallRecursiveBombPreCall2Filler[0m [31m1 failed[0m [90m4.37 ms[0m
   [31m✖[0m static_CallRecursiveBombPreCall2
 [41m[37m FAIL [0m [37mgenerated_state.stStaticCall.static_CallRecursiveBombPreCallFiller[0m [31m1 failed[0m [90m4.78 ms[0m
   [31m✖[0m static_CallRecursiveBombPreCall
 [32m✓[0m [2mgenerated_state.stStaticCall.static_CallRipemd160_1Filler[0m [32m(1)[0m [90m4.55 ms[0m
   [32m✓[0m static_CallRipemd160_1
 [32m✓[0m [2mgenerated_state.stStaticCall.static_CallRipemd160_2Filler[0m [32m(1)[0m [90m3.77 ms[0m
   [32m✓[0m static_CallRipemd160_2
 [32m✓[0m [2mgenerated_state.stStaticCall.static_CallRipemd160_3Filler[0m [32m(1)[0m [90m3.64 ms[0m
   [32m✓[0m static_CallRipemd160_3
 [32m✓[0m [2mgenerated_state.stStaticCall.static_CallRipemd160_3_postfixed0Filler[0m [32m(1)[0m [90m4.61 ms[0m
   [32m✓[0m static_CallRipemd160_3_postfixed0
 [32m✓[0m [2mgenerated_state.stStaticCall.static_CallRipemd160_3_prefixed0Filler[0m [32m(1)[0m [90m4.53 ms[0m
   [32m✓[0m static_CallRipemd160_3_prefixed0
 [32m✓[0m [2mgenerated_state.stStaticCall.static_CallRipemd160_4Filler[0m [32m(1)[0m [90m4.49 ms[0m
   [32m✓[0m static_CallRipemd160_4
 [32m✓[0m [2mgenerated_state.stStaticCall.static_CallRipemd160_4_gas719Filler[0m [32m(1)[0m [90m4.69 ms[0m
   [32m✓[0m static_CallRipemd160_4_gas719
 [32m✓[0m [2mgenerated_state.stStaticCall.static_CallRipemd160_5Filler[0m [32m(1)[0m [90m117.55 ms[0m
   [32m✓[0m static_CallRipemd160_5
 [32m✓[0m [2mgenerated_state.stStaticCall.static_CallSha256_1Filler[0m [32m(1)[0m [90m4.86 ms[0m
   [32m✓[0m static_CallSha256_1
 [32m✓[0m [2mgenerated_state.stStaticCall.static_CallSha256_1_nonzeroValueFiller[0m [32m(1)[0m [90m4.02 ms[0m
   [32m✓[0m static_CallSha256_1_nonzeroValue
 [32m✓[0m [2mgenerated_state.stStaticCall.static_CallSha256_2Filler[0m [32m(1)[0m [90m4.37 ms[0m
   [32m✓[0m static_CallSha256_2
 [32m✓[0m [2mgenerated_state.stStaticCall.static_CallSha256_3Filler[0m [32m(1)[0m [90m5.03 ms[0m
   [32m✓[0m static_CallSha256_3
 [32m✓[0m [2mgenerated_state.stStaticCall.static_CallSha256_3_postfix0Filler[0m [32m(1)[0m [90m4.12 ms[0m
   [32m✓[0m static_CallSha256_3_postfix0
 [32m✓[0m [2mgenerated_state.stStaticCall.static_CallSha256_3_prefix0Filler[0m [32m(1)[0m [90m4.83 ms[0m
   [32m✓[0m static_CallSha256_3_prefix0
 [32m✓[0m [2mgenerated_state.stStaticCall.static_CallSha256_4Filler[0m [32m(1)[0m [90m5.13 ms[0m
   [32m✓[0m static_CallSha256_4
 [32m✓[0m [2mgenerated_state.stStaticCall.static_CallSha256_4_gas99Filler[0m [32m(1)[0m [90m5.05 ms[0m
   [32m✓[0m static_CallSha256_4_gas99
 [32m✓[0m [2mgenerated_state.stStaticCall.static_CallSha256_5Filler[0m [32m(1)[0m [90m104.38 ms[0m
   [32m✓[0m static_CallSha256_5
 [41m[37m FAIL [0m [37mgenerated_state.stStaticCall.static_CallToNameRegistrator0Filler[0m [31m1 failed[0m [90m166.25 ms[0m
   [31m✖[0m static_CallToNameRegistrator0
 [41m[37m FAIL [0m [37mgenerated_state.stStaticCall.static_CallToReturn1Filler[0m [31m1 failed[0m [90m4.58 ms[0m
   [31m✖[0m static_CallToReturn1
 [41m[37m FAIL [0m [37mgenerated_state.stStaticCall.static_CalltoReturn2Filler[0m [31m1 failed[0m [90m162.81 ms[0m
   [31m✖[0m static_CalltoReturn2
 [32m✓[0m [2mgenerated_state.stStaticCall.static_CheckCallCostOOGFiller[0m [32m(1)[0m [90m4.47 ms[0m
   [32m✓[0m static_CheckCallCostOOG
 [41m[37m FAIL [0m [37mgenerated_state.stStaticCall.static_CheckOpcodes2Filler[0m [31m1 failed[0m [90m13.03 ms[0m
   [31m✖[0m static_CheckOpcodes2
 [41m[37m FAIL [0m [37mgenerated_state.stStaticCall.static_CheckOpcodes3Filler[0m [31m1 failed[0m [90m4.23 ms[0m
   [31m✖[0m static_CheckOpcodes3
 [41m[37m FAIL [0m [37mgenerated_state.stStaticCall.static_CheckOpcodes4Filler[0m [31m1 failed[0m [90m4.43 ms[0m
   [31m✖[0m static_CheckOpcodes4
 [41m[37m FAIL [0m [37mgenerated_state.stStaticCall.static_CheckOpcodes5Filler[0m [31m1 failed[0m [90m9.65 ms[0m
   [31m✖[0m static_CheckOpcodes5
 [41m[37m FAIL [0m [37mgenerated_state.stStaticCall.static_CheckOpcodesFiller[0m [31m1 failed[0m [90m5.56 ms[0m
   [31m✖[0m static_CheckOpcodes
 [41m[37m FAIL [0m [37mgenerated_state.stStaticCall.static_ExecuteCallThatAskForeGasThenTrabsactionHasFiller[0m [31m1 failed[0m [90m5.30 ms[0m
   [31m✖[0m static_ExecuteCallThatAskForeGasThenTrabsactionHas
 [41m[37m FAIL [0m [37mgenerated_state.stStaticCall.static_InternalCallHittingGasLimit2Filler[0m [31m1 failed[0m [90m5.31 ms[0m
   [31m✖[0m static_InternalCallHittingGasLimit2
 [41m[37m FAIL [0m [37mgenerated_state.stStaticCall.static_InternalCallHittingGasLimitFiller[0m [31m1 failed[0m [90m5.20 ms[0m
   [31m✖[0m static_InternalCallHittingGasLimit
 [32m✓[0m [2mgenerated_state.stStaticCall.static_InternalCallStoreClearsOOGFiller[0m [32m(1)[0m [90m3.76 ms[0m
   [32m✓[0m static_InternalCallStoreClearsOOG
 [41m[37m FAIL [0m [37mgenerated_state.stStaticCall.static_LoopCallsDepthThenRevert2Filler[0m [31m1 failed[0m [90m964.86 ms[0m
   [31m✖[0m static_LoopCallsDepthThenRevert2
 [41m[37m FAIL [0m [37mgenerated_state.stStaticCall.static_LoopCallsDepthThenRevert3Filler[0m [31m1 failed[0m [90m986.44 ms[0m
   [31m✖[0m static_LoopCallsDepthThenRevert3
 [41m[37m FAIL [0m [37mgenerated_state.stStaticCall.static_LoopCallsDepthThenRevertFiller[0m [31m1 failed[0m [90m3.62 ms[0m
   [31m✖[0m static_LoopCallsDepthThenRevert
 [41m[37m FAIL [0m [37mgenerated_state.stStaticCall.static_LoopCallsThenRevertFiller[0m [31m1 failed[0m [90m4.50 ms[0m
   [31m✖[0m static_LoopCallsThenRevert
 [32m✓[0m [2mgenerated_state.stStaticCall.static_PostToReturn1Filler[0m [32m(1)[0m [90m4.52 ms[0m
   [32m✓[0m static_PostToReturn1
 [32m✓[0m [2mgenerated_state.stStaticCall.static_RETURN_BoundsFiller[0m [32m(1)[0m [90m17.88 ms[0m
   [32m✓[0m static_RETURN_Bounds
 [41m[37m FAIL [0m [37mgenerated_state.stStaticCall.static_RETURN_BoundsOOGFiller[0m [31m1 failed[0m [90m20.06 ms[0m
   [31m✖[0m static_RETURN_BoundsOOG
 [41m[37m FAIL [0m [37mgenerated_state.stStaticCall.static_RawCallGasAskFiller[0m [31m1 failed[0m [90m182.25 ms[0m
   [31m✖[0m static_RawCallGasAsk
 [41m[37m FAIL [0m [37mgenerated_state.stStaticCall.static_Return50000_2Filler[0m [31m1 failed[0m [90m6.32 ms[0m
   [31m✖[0m static_Return50000_2
 [32m✓[0m [2mgenerated_state.stStaticCall.static_ReturnTest2Filler[0m [32m(1)[0m [90m4.08 ms[0m
   [32m✓[0m static_ReturnTest2
 [32m✓[0m [2mgenerated_state.stStaticCall.static_ReturnTestFiller[0m [32m(1)[0m [90m5.72 ms[0m
   [32m✓[0m static_ReturnTest
 [32m✓[0m [2mgenerated_state.stStaticCall.static_RevertDepth2Filler[0m [32m(1)[0m [90m4.48 ms[0m
   [32m✓[0m static_RevertDepth2
 [32m✓[0m [2mgenerated_state.stStaticCall.static_RevertOpcodeCallsFiller[0m [32m(1)[0m [90m4.76 ms[0m
   [32m✓[0m static_RevertOpcodeCalls
 [41m[37m FAIL [0m [37mgenerated_state.stStaticCall.static_ZeroValue_CALL_OOGRevertFiller[0m [31m1 failed[0m [90m162.38 ms[0m
   [31m✖[0m static_ZeroValue_CALL_OOGRevert
 [32m✓[0m [2mgenerated_state.stStaticCall.static_ZeroValue_SUICIDE_OOGRevertFiller[0m [32m(1)[0m [90m4.28 ms[0m
   [32m✓[0m static_ZeroValue_SUICIDE_OOGRevert
 [41m[37m FAIL [0m [37mgenerated_state.stStaticCall.static_callBasicFiller[0m [31m1 failed[0m [90m4.00 ms[0m
   [31m✖[0m static_callBasic
 [41m[37m FAIL [0m [37mgenerated_state.stStaticCall.static_callChangeRevertFiller[0m [31m1 failed[0m [90m12.03 ms[0m
   [31m✖[0m static_callChangeRevert
 [41m[37m FAIL [0m [37mgenerated_state.stStaticCall.static_callCreate2Filler[0m [31m1 failed[0m [90m7.70 ms[0m
   [31m✖[0m static_callCreate2
 [32m✓[0m [2mgenerated_state.stStaticCall.static_callCreate3Filler[0m [32m(1)[0m [90m3.95 ms[0m
   [32m✓[0m static_callCreate3
 [41m[37m FAIL [0m [37mgenerated_state.stStaticCall.static_callCreateFiller[0m [31m1 failed[0m [90m169.18 ms[0m
   [31m✖[0m static_callCreate
 [32m✓[0m [2mgenerated_state.stStaticCall.static_callOutput1Filler[0m [32m(1)[0m [90m3.97 ms[0m
   [32m✓[0m static_callOutput1
 [32m✓[0m [2mgenerated_state.stStaticCall.static_callOutput2Filler[0m [32m(1)[0m [90m5.15 ms[0m
   [32m✓[0m static_callOutput2
 [32m✓[0m [2mgenerated_state.stStaticCall.static_callOutput3FailFiller[0m [32m(1)[0m [90m4.43 ms[0m
   [32m✓[0m static_callOutput3Fail
 [32m✓[0m [2mgenerated_state.stStaticCall.static_callOutput3Filler[0m [32m(1)[0m [90m4.80 ms[0m
   [32m✓[0m static_callOutput3
 [32m✓[0m [2mgenerated_state.stStaticCall.static_callOutput3partialFailFiller[0m [32m(1)[0m [90m4.42 ms[0m
   [32m✓[0m static_callOutput3partialFail
 [32m✓[0m [2mgenerated_state.stStaticCall.static_callOutput3partialFiller[0m [32m(1)[0m [90m5.10 ms[0m
   [32m✓[0m static_callOutput3partial
 [41m[37m FAIL [0m [37mgenerated_state.stStaticCall.static_callToCallCodeOpCodeCheckFiller[0m [31m1 failed[0m [90m4.28 ms[0m
   [31m✖[0m static_callToCallCodeOpCodeCheck
 [41m[37m FAIL [0m [37mgenerated_state.stStaticCall.static_callToCallOpCodeCheckFiller[0m [31m1 failed[0m [90m3.78 ms[0m
   [31m✖[0m static_callToCallOpCodeCheck
 [41m[37m FAIL [0m [37mgenerated_state.stStaticCall.static_callToDelCallOpCodeCheckFiller[0m [31m1 failed[0m [90m4.53 ms[0m
   [31m✖[0m static_callToDelCallOpCodeCheck
 [41m[37m FAIL [0m [37mgenerated_state.stStaticCall.static_callToStaticOpCodeCheckFiller[0m [31m1 failed[0m [90m5.13 ms[0m
   [31m✖[0m static_callToStaticOpCodeCheck
 [32m✓[0m [2mgenerated_state.stStaticCall.static_callWithHighValueAndGasOOGFiller[0m [32m(1)[0m [90m3.96 ms[0m
   [32m✓[0m static_callWithHighValueAndGasOOG
 [32m✓[0m [2mgenerated_state.stStaticCall.static_callWithHighValueAndOOGatTxLevelFiller[0m [32m(1)[0m [90m4.74 ms[0m
   [32m✓[0m static_callWithHighValueAndOOGatTxLevel
 [32m✓[0m [2mgenerated_state.stStaticCall.static_callWithHighValueFiller[0m [32m(1)[0m [90m4.99 ms[0m
   [32m✓[0m static_callWithHighValue
 [32m✓[0m [2mgenerated_state.stStaticCall.static_callWithHighValueOOGinCallFiller[0m [32m(1)[0m [90m4.41 ms[0m
   [32m✓[0m static_callWithHighValueOOGinCall
 [41m[37m FAIL [0m [37mgenerated_state.stStaticCall.static_call_OOG_additionalGasCosts1Filler[0m [31m1 failed[0m [90m176.20 ms[0m
   [31m✖[0m static_call_OOG_additionalGasCosts1
 [32m✓[0m [2mgenerated_state.stStaticCall.static_call_OOG_additionalGasCosts2_ParisFiller[0m [32m(1)[0m [90m5.52 ms[0m
   [32m✓[0m static_call_OOG_additionalGasCosts2_Paris
 [32m✓[0m [2mgenerated_state.stStaticCall.static_call_value_inheritFiller[0m [32m(1)[0m [90m4.74 ms[0m
   [32m✓[0m static_call_value_inherit
 [32m✓[0m [2mgenerated_state.stStaticCall.static_call_value_inherit_from_callFiller[0m [32m(1)[0m [90m4.34 ms[0m
   [32m✓[0m static_call_value_inherit_from_call
 [41m[37m FAIL [0m [37mgenerated_state.stStaticCall.static_callcall_00Filler[0m [31m1 failed[0m [90m188.09 ms[0m
   [31m✖[0m static_callcall_00
 [41m[37m FAIL [0m [37mgenerated_state.stStaticCall.static_callcall_00_OOGEFiller[0m [31m1 failed[0m [90m9.83 ms[0m
   [31m✖[0m static_callcall_00_OOGE
 [41m[37m FAIL [0m [37mgenerated_state.stStaticCall.static_callcall_00_OOGE_1Filler[0m [31m1 failed[0m [90m9.27 ms[0m
   [31m✖[0m static_callcall_00_OOGE_1
 [41m[37m FAIL [0m [37mgenerated_state.stStaticCall.static_callcall_00_OOGE_2Filler[0m [31m1 failed[0m [90m8.67 ms[0m
   [31m✖[0m static_callcall_00_OOGE_2
 [41m[37m FAIL [0m [37mgenerated_state.stStaticCall.static_callcall_00_SuicideEndFiller[0m [31m1 failed[0m [90m178.48 ms[0m
   [31m✖[0m static_callcall_00_SuicideEnd
 [41m[37m FAIL [0m [37mgenerated_state.stStaticCall.static_callcallcall_000Filler[0m [31m1 failed[0m [90m222.80 ms[0m
   [31m✖[0m static_callcallcall_000
 [41m[37m FAIL [0m [37mgenerated_state.stStaticCall.static_callcallcall_000_OOGEFiller[0m [31m1 failed[0m [90m12.03 ms[0m
   [31m✖[0m static_callcallcall_000_OOGE
 [41m[37m FAIL [0m [37mgenerated_state.stStaticCall.static_callcallcall_000_OOGMAfter2Filler[0m [31m1 failed[0m [90m10.43 ms[0m
   [31m✖[0m static_callcallcall_000_OOGMAfter2
 [32m✓[0m [2mgenerated_state.stStaticCall.static_callcallcall_000_OOGMAfterFiller[0m [32m(1)[0m [90m5.50 ms[0m
   [32m✓[0m static_callcallcall_000_OOGMAfter
 [41m[37m FAIL [0m [37mgenerated_state.stStaticCall.static_callcallcall_000_OOGMBeforeFiller[0m [31m1 failed[0m [90m5.48 ms[0m
   [31m✖[0m static_callcallcall_000_OOGMBefore
 [32m✓[0m [2mgenerated_state.stStaticCall.static_callcallcall_000_SuicideEndFiller[0m [32m(1)[0m [90m5.14 ms[0m
   [32m✓[0m static_callcallcall_000_SuicideEnd
 [41m[37m FAIL [0m [37mgenerated_state.stStaticCall.static_callcallcall_000_SuicideMiddleFiller[0m [31m1 failed[0m [90m209.54 ms[0m
   [31m✖[0m static_callcallcall_000_SuicideMiddle
 [41m[37m FAIL [0m [37mgenerated_state.stStaticCall.static_callcallcall_ABCB_RECURSIVEFiller[0m [31m1 failed[0m [90m454.44 ms[0m
   [31m✖[0m static_callcallcall_ABCB_RECURSIVE
 [32m✓[0m [2mgenerated_state.stStaticCall.static_callcallcallcode_001Filler[0m [32m(1)[0m [90m10.45 ms[0m
   [32m✓[0m static_callcallcallcode_001
 [32m✓[0m [2mgenerated_state.stStaticCall.static_callcallcallcode_001_2Filler[0m [32m(1)[0m [90m12.83 ms[0m
   [32m✓[0m static_callcallcallcode_001_2
 [41m[37m FAIL [0m [37mgenerated_state.stStaticCall.static_callcallcallcode_001_OOGEFiller[0m [31m1 failed[0m [90m5.26 ms[0m
   [31m✖[0m static_callcallcallcode_001_OOGE
 [41m[37m FAIL [0m [37mgenerated_state.stStaticCall.static_callcallcallcode_001_OOGE_2Filler[0m [31m1 failed[0m [90m11.42 ms[0m
   [31m✖[0m static_callcallcallcode_001_OOGE_2
 [41m[37m FAIL [0m [37mgenerated_state.stStaticCall.static_callcallcallcode_001_OOGMAfter2Filler[0m [31m1 failed[0m [90m4.88 ms[0m
   [31m✖[0m static_callcallcallcode_001_OOGMAfter2
 [41m[37m FAIL [0m [37mgenerated_state.stStaticCall.static_callcallcallcode_001_OOGMAfterFiller[0m [31m1 failed[0m [90m5.61 ms[0m
   [31m✖[0m static_callcallcallcode_001_OOGMAfter
 [41m[37m FAIL [0m [37mgenerated_state.stStaticCall.static_callcallcallcode_001_OOGMAfter_2Filler[0m [31m1 failed[0m [90m4.53 ms[0m
   [31m✖[0m static_callcallcallcode_001_OOGMAfter_2
 [41m[37m FAIL [0m [37mgenerated_state.stStaticCall.static_callcallcallcode_001_OOGMAfter_3Filler[0m [31m1 failed[0m [90m8.39 ms[0m
   [31m✖[0m static_callcallcallcode_001_OOGMAfter_3
 [41m[37m FAIL [0m [37mgenerated_state.stStaticCall.static_callcallcallcode_001_OOGMBefore2Filler[0m [31m1 failed[0m [90m5.43 ms[0m
   [31m✖[0m static_callcallcallcode_001_OOGMBefore2
 [41m[37m FAIL [0m [37mgenerated_state.stStaticCall.static_callcallcallcode_001_OOGMBeforeFiller[0m [31m1 failed[0m [90m4.23 ms[0m
   [31m✖[0m static_callcallcallcode_001_OOGMBefore
 [32m✓[0m [2mgenerated_state.stStaticCall.static_callcallcallcode_001_SuicideEnd2Filler[0m [32m(1)[0m [90m9.29 ms[0m
   [32m✓[0m static_callcallcallcode_001_SuicideEnd2
 [32m✓[0m [2mgenerated_state.stStaticCall.static_callcallcallcode_001_SuicideEndFiller[0m [32m(1)[0m [90m5.40 ms[0m
   [32m✓[0m static_callcallcallcode_001_SuicideEnd
 [41m[37m FAIL [0m [37mgenerated_state.stStaticCall.static_callcallcallcode_001_SuicideMiddle2Filler[0m [31m1 failed[0m [90m173.02 ms[0m
   [31m✖[0m static_callcallcallcode_001_SuicideMiddle2
 [41m[37m FAIL [0m [37mgenerated_state.stStaticCall.static_callcallcallcode_001_SuicideMiddleFiller[0m [31m1 failed[0m [90m157.99 ms[0m
   [31m✖[0m static_callcallcallcode_001_SuicideMiddle
 [41m[37m FAIL [0m [37mgenerated_state.stStaticCall.static_callcallcallcode_ABCB_RECURSIVE2Filler[0m [31m1 failed[0m [90m404.46 ms[0m
   [31m✖[0m static_callcallcallcode_ABCB_RECURSIVE2
 [41m[37m FAIL [0m [37mgenerated_state.stStaticCall.static_callcallcallcode_ABCB_RECURSIVEFiller[0m [31m1 failed[0m [90m419.07 ms[0m
   [31m✖[0m static_callcallcallcode_ABCB_RECURSIVE
 [32m✓[0m [2mgenerated_state.stStaticCall.static_callcallcode_01_2Filler[0m [32m(1)[0m [90m8.71 ms[0m
   [32m✓[0m static_callcallcode_01_2
 [41m[37m FAIL [0m [37mgenerated_state.stStaticCall.static_callcallcode_01_OOGE_2Filler[0m [31m1 failed[0m [90m4.39 ms[0m
   [31m✖[0m static_callcallcode_01_OOGE_2
 [41m[37m FAIL [0m [37mgenerated_state.stStaticCall.static_callcallcode_01_SuicideEnd2Filler[0m [31m1 failed[0m [90m163.79 ms[0m
   [31m✖[0m static_callcallcode_01_SuicideEnd2
 [32m✓[0m [2mgenerated_state.stStaticCall.static_callcallcode_01_SuicideEndFiller[0m [32m(1)[0m [90m3.75 ms[0m
   [32m✓[0m static_callcallcode_01_SuicideEnd
 [32m✓[0m [2mgenerated_state.stStaticCall.static_callcallcodecall_010Filler[0m [32m(1)[0m [90m7.69 ms[0m
   [32m✓[0m static_callcallcodecall_010
 [32m✓[0m [2mgenerated_state.stStaticCall.static_callcallcodecall_010_2Filler[0m [32m(1)[0m [90m8.87 ms[0m
   [32m✓[0m static_callcallcodecall_010_2
 [41m[37m FAIL [0m [37mgenerated_state.stStaticCall.static_callcallcodecall_010_OOGEFiller[0m [31m1 failed[0m [90m4.98 ms[0m
   [31m✖[0m static_callcallcodecall_010_OOGE
 [41m[37m FAIL [0m [37mgenerated_state.stStaticCall.static_callcallcodecall_010_OOGE_2Filler[0m [31m1 failed[0m [90m5.12 ms[0m
   [31m✖[0m static_callcallcodecall_010_OOGE_2
 [41m[37m FAIL [0m [37mgenerated_state.stStaticCall.static_callcallcodecall_010_OOGMAfter2Filler[0m [31m1 failed[0m [90m4.55 ms[0m
   [31m✖[0m static_callcallcodecall_010_OOGMAfter2
 [41m[37m FAIL [0m [37mgenerated_state.stStaticCall.static_callcallcodecall_010_OOGMAfterFiller[0m [31m1 failed[0m [90m10.28 ms[0m
   [31m✖[0m static_callcallcodecall_010_OOGMAfter
 [41m[37m FAIL [0m [37mgenerated_state.stStaticCall.static_callcallcodecall_010_OOGMAfter_2Filler[0m [31m1 failed[0m [90m7.62 ms[0m
   [31m✖[0m static_callcallcodecall_010_OOGMAfter_2
 [41m[37m FAIL [0m [37mgenerated_state.stStaticCall.static_callcallcodecall_010_OOGMAfter_3Filler[0m [31m1 failed[0m [90m4.19 ms[0m
   [31m✖[0m static_callcallcodecall_010_OOGMAfter_3
 [41m[37m FAIL [0m [37mgenerated_state.stStaticCall.static_callcallcodecall_010_OOGMBefore2Filler[0m [31m1 failed[0m [90m3.75 ms[0m
   [31m✖[0m static_callcallcodecall_010_OOGMBefore2
 [41m[37m FAIL [0m [37mgenerated_state.stStaticCall.static_callcallcodecall_010_OOGMBeforeFiller[0m [31m1 failed[0m [90m4.24 ms[0m
   [31m✖[0m static_callcallcodecall_010_OOGMBefore
 [32m✓[0m [2mgenerated_state.stStaticCall.static_callcallcodecall_010_SuicideEnd2Filler[0m [32m(1)[0m [90m4.57 ms[0m
   [32m✓[0m static_callcallcodecall_010_SuicideEnd2
 [32m✓[0m [2mgenerated_state.stStaticCall.static_callcallcodecall_010_SuicideEndFiller[0m [32m(1)[0m [90m7.17 ms[0m
   [32m✓[0m static_callcallcodecall_010_SuicideEnd
 [32m✓[0m [2mgenerated_state.stStaticCall.static_callcallcodecall_010_SuicideMiddle2Filler[0m [32m(1)[0m [90m4.30 ms[0m
   [32m✓[0m static_callcallcodecall_010_SuicideMiddle2
 [32m✓[0m [2mgenerated_state.stStaticCall.static_callcallcodecall_010_SuicideMiddleFiller[0m [32m(1)[0m [90m5.11 ms[0m
   [32m✓[0m static_callcallcodecall_010_SuicideMiddle
 [41m[37m FAIL [0m [37mgenerated_state.stStaticCall.static_callcallcodecall_ABCB_RECURSIVE2Filler[0m [31m1 failed[0m [90m419.60 ms[0m
   [31m✖[0m static_callcallcodecall_ABCB_RECURSIVE2
 [41m[37m FAIL [0m [37mgenerated_state.stStaticCall.static_callcallcodecall_ABCB_RECURSIVEFiller[0m [31m1 failed[0m [90m448.03 ms[0m
   [31m✖[0m static_callcallcodecall_ABCB_RECURSIVE
 [32m✓[0m [2mgenerated_state.stStaticCall.static_callcallcodecallcode_011Filler[0m [32m(1)[0m [90m9.46 ms[0m
   [32m✓[0m static_callcallcodecallcode_011
 [32m✓[0m [2mgenerated_state.stStaticCall.static_callcallcodecallcode_011_2Filler[0m [32m(1)[0m [90m5.11 ms[0m
   [32m✓[0m static_callcallcodecallcode_011_2
 [41m[37m FAIL [0m [37mgenerated_state.stStaticCall.static_callcallcodecallcode_011_OOGEFiller[0m [31m1 failed[0m [90m5.41 ms[0m
   [31m✖[0m static_callcallcodecallcode_011_OOGE
 [32m✓[0m [2mgenerated_state.stStaticCall.static_callcallcodecallcode_011_OOGE_2Filler[0m [32m(1)[0m [90m4.64 ms[0m
   [32m✓[0m static_callcallcodecallcode_011_OOGE_2
 [41m[37m FAIL [0m [37mgenerated_state.stStaticCall.static_callcallcodecallcode_011_OOGMAfter2Filler[0m [31m1 failed[0m [90m4.93 ms[0m
   [31m✖[0m static_callcallcodecallcode_011_OOGMAfter2
 [41m[37m FAIL [0m [37mgenerated_state.stStaticCall.static_callcallcodecallcode_011_OOGMAfterFiller[0m [31m1 failed[0m [90m12.01 ms[0m
   [31m✖[0m static_callcallcodecallcode_011_OOGMAfter
 [41m[37m FAIL [0m [37mgenerated_state.stStaticCall.static_callcallcodecallcode_011_OOGMAfter_1Filler[0m [31m1 failed[0m [90m8.21 ms[0m
   [31m✖[0m static_callcallcodecallcode_011_OOGMAfter_1
 [41m[37m FAIL [0m [37mgenerated_state.stStaticCall.static_callcallcodecallcode_011_OOGMAfter_2Filler[0m [31m1 failed[0m [90m5.37 ms[0m
   [31m✖[0m static_callcallcodecallcode_011_OOGMAfter_2
 [41m[37m FAIL [0m [37mgenerated_state.stStaticCall.static_callcallcodecallcode_011_OOGMBefore2Filler[0m [31m1 failed[0m [90m7.67 ms[0m
   [31m✖[0m static_callcallcodecallcode_011_OOGMBefore2
 [41m[37m FAIL [0m [37mgenerated_state.stStaticCall.static_callcallcodecallcode_011_OOGMBeforeFiller[0m [31m1 failed[0m [90m8.04 ms[0m
   [31m✖[0m static_callcallcodecallcode_011_OOGMBefore
 [32m✓[0m [2mgenerated_state.stStaticCall.static_callcallcodecallcode_011_SuicideEnd2Filler[0m [32m(1)[0m [90m4.60 ms[0m
   [32m✓[0m static_callcallcodecallcode_011_SuicideEnd2
 [32m✓[0m [2mgenerated_state.stStaticCall.static_callcallcodecallcode_011_SuicideEndFiller[0m [32m(1)[0m [90m5.03 ms[0m
   [32m✓[0m static_callcallcodecallcode_011_SuicideEnd
 [32m✓[0m [2mgenerated_state.stStaticCall.static_callcallcodecallcode_011_SuicideMiddle2Filler[0m [32m(1)[0m [90m5.22 ms[0m
   [32m✓[0m static_callcallcodecallcode_011_SuicideMiddle2
 [32m✓[0m [2mgenerated_state.stStaticCall.static_callcallcodecallcode_011_SuicideMiddleFiller[0m [32m(1)[0m [90m4.15 ms[0m
   [32m✓[0m static_callcallcodecallcode_011_SuicideMiddle
 [41m[37m FAIL [0m [37mgenerated_state.stStaticCall.static_callcallcodecallcode_ABCB_RECURSIVE2Filler[0m [31m1 failed[0m [90m428.65 ms[0m
   [31m✖[0m static_callcallcodecallcode_ABCB_RECURSIVE2
 [41m[37m FAIL [0m [37mgenerated_state.stStaticCall.static_callcallcodecallcode_ABCB_RECURSIVEFiller[0m [31m1 failed[0m [90m412.26 ms[0m
   [31m✖[0m static_callcallcodecallcode_ABCB_RECURSIVE
 [41m[37m FAIL [0m [37mgenerated_state.stStaticCall.static_callcode_checkPCFiller[0m [31m1 failed[0m [90m143.53 ms[0m
   [31m✖[0m static_callcode_checkPC
 [32m✓[0m [2mgenerated_state.stStaticCall.static_callcodecall_10Filler[0m [32m(1)[0m [90m4.12 ms[0m
   [32m✓[0m static_callcodecall_10
 [32m✓[0m [2mgenerated_state.stStaticCall.static_callcodecall_10_2Filler[0m [32m(1)[0m [90m4.37 ms[0m
   [32m✓[0m static_callcodecall_10_2
 [41m[37m FAIL [0m [37mgenerated_state.stStaticCall.static_callcodecall_10_OOGEFiller[0m [31m1 failed[0m [90m5.28 ms[0m
   [31m✖[0m static_callcodecall_10_OOGE
 [41m[37m FAIL [0m [37mgenerated_state.stStaticCall.static_callcodecall_10_OOGE_2Filler[0m [31m1 failed[0m [90m8.26 ms[0m
   [31m✖[0m static_callcodecall_10_OOGE_2
 [41m[37m FAIL [0m [37mgenerated_state.stStaticCall.static_callcodecall_10_SuicideEnd2Filler[0m [31m1 failed[0m [90m137.18 ms[0m
   [31m✖[0m static_callcodecall_10_SuicideEnd2
 [41m[37m FAIL [0m [37mgenerated_state.stStaticCall.static_callcodecall_10_SuicideEndFiller[0m [31m1 failed[0m [90m133.67 ms[0m
   [31m✖[0m static_callcodecall_10_SuicideEnd
 [32m✓[0m [2mgenerated_state.stStaticCall.static_callcodecallcall_100Filler[0m [32m(1)[0m [90m4.10 ms[0m
   [32m✓[0m static_callcodecallcall_100
 [32m✓[0m [2mgenerated_state.stStaticCall.static_callcodecallcall_100_2Filler[0m [32m(1)[0m [90m4.37 ms[0m
   [32m✓[0m static_callcodecallcall_100_2
 [41m[37m FAIL [0m [37mgenerated_state.stStaticCall.static_callcodecallcall_100_OOGE2Filler[0m [31m1 failed[0m [90m7.70 ms[0m
   [31m✖[0m static_callcodecallcall_100_OOGE2
 [41m[37m FAIL [0m [37mgenerated_state.stStaticCall.static_callcodecallcall_100_OOGEFiller[0m [31m1 failed[0m [90m7.35 ms[0m
   [31m✖[0m static_callcodecallcall_100_OOGE
 [41m[37m FAIL [0m [37mgenerated_state.stStaticCall.static_callcodecallcall_100_OOGMAfter2Filler[0m [31m1 failed[0m [90m3.73 ms[0m
   [31m✖[0m static_callcodecallcall_100_OOGMAfter2
 [41m[37m FAIL [0m [37mgenerated_state.stStaticCall.static_callcodecallcall_100_OOGMAfterFiller[0m [31m1 failed[0m [90m8.37 ms[0m
   [31m✖[0m static_callcodecallcall_100_OOGMAfter
 [41m[37m FAIL [0m [37mgenerated_state.stStaticCall.static_callcodecallcall_100_OOGMAfter_2Filler[0m [31m1 failed[0m [90m4.51 ms[0m
   [31m✖[0m static_callcodecallcall_100_OOGMAfter_2
 [41m[37m FAIL [0m [37mgenerated_state.stStaticCall.static_callcodecallcall_100_OOGMAfter_3Filler[0m [31m1 failed[0m [90m3.91 ms[0m
   [31m✖[0m static_callcodecallcall_100_OOGMAfter_3
 [41m[37m FAIL [0m [37mgenerated_state.stStaticCall.static_callcodecallcall_100_OOGMBefore2Filler[0m [31m1 failed[0m [90m4.13 ms[0m
   [31m✖[0m static_callcodecallcall_100_OOGMBefore2
 [41m[37m FAIL [0m [37mgenerated_state.stStaticCall.static_callcodecallcall_100_OOGMBeforeFiller[0m [31m1 failed[0m [90m3.86 ms[0m
   [31m✖[0m static_callcodecallcall_100_OOGMBefore
 [32m✓[0m [2mgenerated_state.stStaticCall.static_callcodecallcall_100_SuicideEnd2Filler[0m [32m(1)[0m [90m3.95 ms[0m
   [32m✓[0m static_callcodecallcall_100_SuicideEnd2
 [32m✓[0m [2mgenerated_state.stStaticCall.static_callcodecallcall_100_SuicideEndFiller[0m [32m(1)[0m [90m4.34 ms[0m
   [32m✓[0m static_callcodecallcall_100_SuicideEnd
 [32m✓[0m [2mgenerated_state.stStaticCall.static_callcodecallcall_100_SuicideMiddle2Filler[0m [32m(1)[0m [90m4.89 ms[0m
   [32m✓[0m static_callcodecallcall_100_SuicideMiddle2
 [32m✓[0m [2mgenerated_state.stStaticCall.static_callcodecallcall_100_SuicideMiddleFiller[0m [32m(1)[0m [90m3.76 ms[0m
   [32m✓[0m static_callcodecallcall_100_SuicideMiddle
 [41m[37m FAIL [0m [37mgenerated_state.stStaticCall.static_callcodecallcall_ABCB_RECURSIVE2Filler[0m [31m1 failed[0m [90m373.56 ms[0m
   [31m✖[0m static_callcodecallcall_ABCB_RECURSIVE2
 [41m[37m FAIL [0m [37mgenerated_state.stStaticCall.static_callcodecallcall_ABCB_RECURSIVEFiller[0m [31m1 failed[0m [90m364.32 ms[0m
   [31m✖[0m static_callcodecallcall_ABCB_RECURSIVE
 [32m✓[0m [2mgenerated_state.stStaticCall.static_callcodecallcallcode_101Filler[0m [32m(1)[0m [90m3.69 ms[0m
   [32m✓[0m static_callcodecallcallcode_101
 [32m✓[0m [2mgenerated_state.stStaticCall.static_callcodecallcallcode_101_2Filler[0m [32m(1)[0m [90m3.52 ms[0m
   [32m✓[0m static_callcodecallcallcode_101_2
 [41m[37m FAIL [0m [37mgenerated_state.stStaticCall.static_callcodecallcallcode_101_OOGEFiller[0m [31m1 failed[0m [90m4.55 ms[0m
   [31m✖[0m static_callcodecallcallcode_101_OOGE
 [41m[37m FAIL [0m [37mgenerated_state.stStaticCall.static_callcodecallcallcode_101_OOGE_2Filler[0m [31m1 failed[0m [90m4.29 ms[0m
   [31m✖[0m static_callcodecallcallcode_101_OOGE_2
 [41m[37m FAIL [0m [37mgenerated_state.stStaticCall.static_callcodecallcallcode_101_OOGMAfter2Filler[0m [31m1 failed[0m [90m4.14 ms[0m
   [31m✖[0m static_callcodecallcallcode_101_OOGMAfter2
 [41m[37m FAIL [0m [37mgenerated_state.stStaticCall.static_callcodecallcallcode_101_OOGMAfterFiller[0m [31m1 failed[0m [90m4.20 ms[0m
   [31m✖[0m static_callcodecallcallcode_101_OOGMAfter
 [41m[37m FAIL [0m [37mgenerated_state.stStaticCall.static_callcodecallcallcode_101_OOGMAfter_1Filler[0m [31m1 failed[0m [90m4.08 ms[0m
   [31m✖[0m static_callcodecallcallcode_101_OOGMAfter_1
 [41m[37m FAIL [0m [37mgenerated_state.stStaticCall.static_callcodecallcallcode_101_OOGMAfter_3Filler[0m [31m1 failed[0m [90m8.41 ms[0m
   [31m✖[0m static_callcodecallcallcode_101_OOGMAfter_3
 [41m[37m FAIL [0m [37mgenerated_state.stStaticCall.static_callcodecallcallcode_101_OOGMBefore2Filler[0m [31m1 failed[0m [90m5.25 ms[0m
   [31m✖[0m static_callcodecallcallcode_101_OOGMBefore2
 [41m[37m FAIL [0m [37mgenerated_state.stStaticCall.static_callcodecallcallcode_101_OOGMBeforeFiller[0m [31m1 failed[0m [90m3.49 ms[0m
   [31m✖[0m static_callcodecallcallcode_101_OOGMBefore
 [32m✓[0m [2mgenerated_state.stStaticCall.static_callcodecallcallcode_101_SuicideEnd2Filler[0m [32m(1)[0m [90m5.09 ms[0m
   [32m✓[0m static_callcodecallcallcode_101_SuicideEnd2
 [32m✓[0m [2mgenerated_state.stStaticCall.static_callcodecallcallcode_101_SuicideEndFiller[0m [32m(1)[0m [90m3.85 ms[0m
   [32m✓[0m static_callcodecallcallcode_101_SuicideEnd
 [32m✓[0m [2mgenerated_state.stStaticCall.static_callcodecallcallcode_101_SuicideMiddle2Filler[0m [32m(1)[0m [90m4.24 ms[0m
   [32m✓[0m static_callcodecallcallcode_101_SuicideMiddle2
 [32m✓[0m [2mgenerated_state.stStaticCall.static_callcodecallcallcode_101_SuicideMiddleFiller[0m [32m(1)[0m [90m4.44 ms[0m
   [32m✓[0m static_callcodecallcallcode_101_SuicideMiddle
 [41m[37m FAIL [0m [37mgenerated_state.stStaticCall.static_callcodecallcallcode_ABCB_RECURSIVE2Filler[0m [31m1 failed[0m [90m349.34 ms[0m
   [31m✖[0m static_callcodecallcallcode_ABCB_RECURSIVE2
 [41m[37m FAIL [0m [37mgenerated_state.stStaticCall.static_callcodecallcallcode_ABCB_RECURSIVEFiller[0m [31m1 failed[0m [90m345.47 ms[0m
   [31m✖[0m static_callcodecallcallcode_ABCB_RECURSIVE
 [41m[37m FAIL [0m [37mgenerated_state.stStaticCall.static_callcodecallcodecall_1102Filler[0m [31m1 failed[0m [90m3.75 ms[0m
   [31m✖[0m static_callcodecallcodecall_1102
 [32m✓[0m [2mgenerated_state.stStaticCall.static_callcodecallcodecall_110Filler[0m [32m(1)[0m [90m5.03 ms[0m
   [32m✓[0m static_callcodecallcodecall_110
 [41m[37m FAIL [0m [37mgenerated_state.stStaticCall.static_callcodecallcodecall_110_2Filler[0m [31m1 failed[0m [90m3.98 ms[0m
   [31m✖[0m static_callcodecallcodecall_110_2
 [41m[37m FAIL [0m [37mgenerated_state.stStaticCall.static_callcodecallcodecall_110_OOGE2Filler[0m [31m1 failed[0m [90m4.62 ms[0m
   [31m✖[0m static_callcodecallcodecall_110_OOGE2
 [41m[37m FAIL [0m [37mgenerated_state.stStaticCall.static_callcodecallcodecall_110_OOGEFiller[0m [31m1 failed[0m [90m4.37 ms[0m
   [31m✖[0m static_callcodecallcodecall_110_OOGE
 [41m[37m FAIL [0m [37mgenerated_state.stStaticCall.static_callcodecallcodecall_110_OOGMAfter2Filler[0m [31m1 failed[0m [90m4.33 ms[0m
   [31m✖[0m static_callcodecallcodecall_110_OOGMAfter2
 [41m[37m FAIL [0m [37mgenerated_state.stStaticCall.static_callcodecallcodecall_110_OOGMAfterFiller[0m [31m1 failed[0m [90m4.06 ms[0m
   [31m✖[0m static_callcodecallcodecall_110_OOGMAfter
 [41m[37m FAIL [0m [37mgenerated_state.stStaticCall.static_callcodecallcodecall_110_OOGMAfter_2Filler[0m [31m1 failed[0m [90m3.74 ms[0m
   [31m✖[0m static_callcodecallcodecall_110_OOGMAfter_2
 [41m[37m FAIL [0m [37mgenerated_state.stStaticCall.static_callcodecallcodecall_110_OOGMAfter_3Filler[0m [31m1 failed[0m [90m4.34 ms[0m
   [31m✖[0m static_callcodecallcodecall_110_OOGMAfter_3
 [41m[37m FAIL [0m [37mgenerated_state.stStaticCall.static_callcodecallcodecall_110_OOGMBefore2Filler[0m [31m1 failed[0m [90m4.14 ms[0m
   [31m✖[0m static_callcodecallcodecall_110_OOGMBefore2
 [41m[37m FAIL [0m [37mgenerated_state.stStaticCall.static_callcodecallcodecall_110_OOGMBeforeFiller[0m [31m1 failed[0m [90m3.79 ms[0m
   [31m✖[0m static_callcodecallcodecall_110_OOGMBefore
 [41m[37m FAIL [0m [37mgenerated_state.stStaticCall.static_callcodecallcodecall_110_SuicideEnd2Filler[0m [31m1 failed[0m [90m132.34 ms[0m
   [31m✖[0m static_callcodecallcodecall_110_SuicideEnd2
 [41m[37m FAIL [0m [37mgenerated_state.stStaticCall.static_callcodecallcodecall_110_SuicideEndFiller[0m [31m1 failed[0m [90m136.33 ms[0m
   [31m✖[0m static_callcodecallcodecall_110_SuicideEnd
 [41m[37m FAIL [0m [37mgenerated_state.stStaticCall.static_callcodecallcodecall_110_SuicideMiddle2Filler[0m [31m1 failed[0m [90m142.27 ms[0m
   [31m✖[0m static_callcodecallcodecall_110_SuicideMiddle2
 [41m[37m FAIL [0m [37mgenerated_state.stStaticCall.static_callcodecallcodecall_110_SuicideMiddleFiller[0m [31m1 failed[0m [90m133.37 ms[0m
   [31m✖[0m static_callcodecallcodecall_110_SuicideMiddle
 [41m[37m FAIL [0m [37mgenerated_state.stStaticCall.static_callcodecallcodecall_ABCB_RECURSIVE2Filler[0m [31m1 failed[0m [90m301.20 ms[0m
   [31m✖[0m static_callcodecallcodecall_ABCB_RECURSIVE2
 [41m[37m FAIL [0m [37mgenerated_state.stStaticCall.static_callcodecallcodecall_ABCB_RECURSIVEFiller[0m [31m1 failed[0m [90m348.16 ms[0m
   [31m✖[0m static_callcodecallcodecall_ABCB_RECURSIVE
 [32m✓[0m [2mgenerated_state.stStaticCall.static_callcodecallcodecallcode_111_SuicideEndFiller[0m [32m(1)[0m [90m5.44 ms[0m
   [32m✓[0m static_callcodecallcodecallcode_111_SuicideEnd
 [32m✓[0m [2mgenerated_state.stStaticCall.static_calldelcode_01Filler[0m [32m(1)[0m [90m4.22 ms[0m
   [32m✓[0m static_calldelcode_01
 [41m[37m FAIL [0m [37mgenerated_state.stStaticCall.static_calldelcode_01_OOGEFiller[0m [31m1 failed[0m [90m3.87 ms[0m
   [31m✖[0m static_calldelcode_01_OOGE
 [41m[37m FAIL [0m [37mgenerated_state.stStaticCall.static_contractCreationMakeCallThatAskMoreGasThenTransactionProvidedFiller[0m [31m1 failed[0m [90m4.37 ms[0m
   [31m✖[0m static_contractCreationMakeCallThatAskMoreGasThenTransactionProvided
 [41m[37m FAIL [0m [37mgenerated_state.stStaticCall.static_contractCreationOOGdontLeaveEmptyContractViaTransactionFiller[0m [31m1 failed[0m [90m5.26 ms[0m
   [31m✖[0m static_contractCreationOOGdontLeaveEmptyContractViaTransaction
 [32m✓[0m [2mgenerated_state.stStaticCall.static_log0_emptyMemFiller[0m [32m(1)[0m [90m5.23 ms[0m
   [32m✓[0m static_log0_emptyMem
 [32m✓[0m [2mgenerated_state.stStaticCall.static_log0_logMemStartTooHighFiller[0m [32m(1)[0m [90m4.25 ms[0m
   [32m✓[0m static_log0_logMemStartTooHigh
 [32m✓[0m [2mgenerated_state.stStaticCall.static_log0_logMemsizeTooHighFiller[0m [32m(1)[0m [90m4.99 ms[0m
   [32m✓[0m static_log0_logMemsizeTooHigh
 [32m✓[0m [2mgenerated_state.stStaticCall.static_log0_logMemsizeZeroFiller[0m [32m(1)[0m [90m5.18 ms[0m
   [32m✓[0m static_log0_logMemsizeZero
 [32m✓[0m [2mgenerated_state.stStaticCall.static_log0_nonEmptyMemFiller[0m [32m(1)[0m [90m6.76 ms[0m
   [32m✓[0m static_log0_nonEmptyMem
 [32m✓[0m [2mgenerated_state.stStaticCall.static_log0_nonEmptyMem_logMemSize1Filler[0m [32m(1)[0m [90m4.24 ms[0m
   [32m✓[0m static_log0_nonEmptyMem_logMemSize1
 [32m✓[0m [2mgenerated_state.stStaticCall.static_log0_nonEmptyMem_logMemSize1_logMemStart31Filler[0m [32m(1)[0m [90m3.59 ms[0m
   [32m✓[0m static_log0_nonEmptyMem_logMemSize1_logMemStart31
 [32m✓[0m [2mgenerated_state.stStaticCall.static_log1_MaxTopicFiller[0m [32m(1)[0m [90m4.99 ms[0m
   [32m✓[0m static_log1_MaxTopic
 [32m✓[0m [2mgenerated_state.stStaticCall.static_log1_emptyMemFiller[0m [32m(1)[0m [90m5.29 ms[0m
   [32m✓[0m static_log1_emptyMem
 [32m✓[0m [2mgenerated_state.stStaticCall.static_log1_logMemStartTooHighFiller[0m [32m(1)[0m [90m3.58 ms[0m
   [32m✓[0m static_log1_logMemStartTooHigh
 [32m✓[0m [2mgenerated_state.stStaticCall.static_log1_logMemsizeTooHighFiller[0m [32m(1)[0m [90m5.25 ms[0m
   [32m✓[0m static_log1_logMemsizeTooHigh
 [32m✓[0m [2mgenerated_state.stStaticCall.static_log1_logMemsizeZeroFiller[0m [32m(1)[0m [90m5.27 ms[0m
   [32m✓[0m static_log1_logMemsizeZero
 [32m✓[0m [2mgenerated_state.stStaticCall.static_log_CallerFiller[0m [32m(1)[0m [90m4.15 ms[0m
   [32m✓[0m static_log_Caller
 [41m[37m FAIL [0m [37mgenerated_state.stStaticCall.static_makeMoneyFiller[0m [31m1 failed[0m [90m143.61 ms[0m
   [31m✖[0m static_makeMoney
 [41m[37m FAIL [0m [37mgenerated_state.stStaticCall.static_refund_CallAFiller[0m [31m1 failed[0m [90m148.67 ms[0m
   [31m✖[0m static_refund_CallA
 [41m[37m FAIL [0m [37mgenerated_state.stStaticCall.static_refund_CallToSuicideNoStorageFiller[0m [31m1 failed[0m [90m140.10 ms[0m
   [31m✖[0m static_refund_CallToSuicideNoStorage
 [41m[37m FAIL [0m [37mgenerated_state.stStaticCall.static_refund_CallToSuicideTwiceFiller[0m [31m1 failed[0m [90m137.01 ms[0m
   [31m✖[0m static_refund_CallToSuicideTwice
 [41m[37m FAIL [0m [37mgenerated_state.stSystemOperationsTest.ABAcalls0Filler[0m [31m1 failed[0m [90m4.56 ms[0m
   [31m✖[0m ABAcalls0
 [41m[37m FAIL [0m [37mgenerated_state.stSystemOperationsTest.ABAcalls1Filler[0m [31m1 failed[0m [90m4.61 ms[0m
   [31m✖[0m ABAcalls1
 [41m[37m FAIL [0m [37mgenerated_state.stSystemOperationsTest.ABAcalls2Filler[0m [31m1 failed[0m [90m4.37 ms[0m
   [31m✖[0m ABAcalls2
 [41m[37m FAIL [0m [37mgenerated_state.stSystemOperationsTest.ABAcalls3Filler[0m [31m1 failed[0m [90m7.22 ms[0m
   [31m✖[0m ABAcalls3
 [41m[37m FAIL [0m [37mgenerated_state.stSystemOperationsTest.ABAcallsSuicide0Filler[0m [31m1 failed[0m [90m3.65 ms[0m
   [31m✖[0m ABAcallsSuicide0
 [41m[37m FAIL [0m [37mgenerated_state.stSystemOperationsTest.ABAcallsSuicide1Filler[0m [31m1 failed[0m [90m4.09 ms[0m
   [31m✖[0m ABAcallsSuicide1
 [41m[37m FAIL [0m [37mgenerated_state.stSystemOperationsTest.Call10Filler[0m [31m1 failed[0m [90m3.77 ms[0m
   [31m✖[0m Call10
 [41m[37m FAIL [0m [37mgenerated_state.stSystemOperationsTest.CallRecursiveBomb0Filler[0m [31m1 failed[0m [90m4.40 ms[0m
   [31m✖[0m CallRecursiveBomb0
 [41m[37m FAIL [0m [37mgenerated_state.stSystemOperationsTest.CallRecursiveBomb0_OOG_atMaxCallDepthFiller[0m [31m1 failed[0m [90m5.24 ms[0m
   [31m✖[0m CallRecursiveBomb0_OOG_atMaxCallDepth
 [41m[37m FAIL [0m [37mgenerated_state.stSystemOperationsTest.CallRecursiveBomb1Filler[0m [31m1 failed[0m [90m4.83 ms[0m
   [31m✖[0m CallRecursiveBomb1
 [41m[37m FAIL [0m [37mgenerated_state.stSystemOperationsTest.CallRecursiveBomb2Filler[0m [31m1 failed[0m [90m5.36 ms[0m
   [31m✖[0m CallRecursiveBomb2
 [41m[37m FAIL [0m [37mgenerated_state.stSystemOperationsTest.CallRecursiveBomb3Filler[0m [31m1 failed[0m [90m4.87 ms[0m
   [31m✖[0m CallRecursiveBomb3
 [41m[37m FAIL [0m [37mgenerated_state.stSystemOperationsTest.CallRecursiveBombLog2Filler[0m [31m1 failed[0m [90m5.50 ms[0m
   [31m✖[0m CallRecursiveBombLog2
 [41m[37m FAIL [0m [37mgenerated_state.stSystemOperationsTest.CallRecursiveBombLogFiller[0m [31m1 failed[0m [90m5.11 ms[0m
   [31m✖[0m CallRecursiveBombLog
 [41m[37m FAIL [0m [37mgenerated_state.stSystemOperationsTest.CallToNameRegistrator0Filler[0m [31m1 failed[0m [90m162.21 ms[0m
   [31m✖[0m CallToNameRegistrator0
 [41m[37m FAIL [0m [37mgenerated_state.stSystemOperationsTest.CallToNameRegistratorAddressTooBigLeftFiller[0m [31m1 failed[0m [90m5.46 ms[0m
   [31m✖[0m CallToNameRegistratorAddressTooBigLeft
 [41m[37m FAIL [0m [37mgenerated_state.stSystemOperationsTest.CallToNameRegistratorAddressTooBigRightFiller[0m [31m1 failed[0m [90m147.55 ms[0m
   [31m✖[0m CallToNameRegistratorAddressTooBigRight
 [41m[37m FAIL [0m [37mgenerated_state.stSystemOperationsTest.CallToNameRegistratorMemOOGAndInsufficientBalanceFiller[0m [31m1 failed[0m [90m139.81 ms[0m
   [31m✖[0m CallToNameRegistratorMemOOGAndInsufficientBalance
 [41m[37m FAIL [0m [37mgenerated_state.stSystemOperationsTest.CallToNameRegistratorNotMuchMemory0Filler[0m [31m1 failed[0m [90m144.72 ms[0m
   [31m✖[0m CallToNameRegistratorNotMuchMemory0
 [41m[37m FAIL [0m [37mgenerated_state.stSystemOperationsTest.CallToNameRegistratorNotMuchMemory1Filler[0m [31m1 failed[0m [90m159.87 ms[0m
   [31m✖[0m CallToNameRegistratorNotMuchMemory1
 [41m[37m FAIL [0m [37mgenerated_state.stSystemOperationsTest.CallToNameRegistratorOutOfGasFiller[0m [31m1 failed[0m [90m147.64 ms[0m
   [31m✖[0m CallToNameRegistratorOutOfGas
 [41m[37m FAIL [0m [37mgenerated_state.stSystemOperationsTest.CallToNameRegistratorTooMuchMemory0Filler[0m [31m1 failed[0m [90m146.94 ms[0m
   [31m✖[0m CallToNameRegistratorTooMuchMemory0
 [41m[37m FAIL [0m [37mgenerated_state.stSystemOperationsTest.CallToNameRegistratorTooMuchMemory1Filler[0m [31m1 failed[0m [90m156.26 ms[0m
   [31m✖[0m CallToNameRegistratorTooMuchMemory1
 [41m[37m FAIL [0m [37mgenerated_state.stSystemOperationsTest.CallToNameRegistratorTooMuchMemory2Filler[0m [31m1 failed[0m [90m172.33 ms[0m
   [31m✖[0m CallToNameRegistratorTooMuchMemory2
 [41m[37m FAIL [0m [37mgenerated_state.stSystemOperationsTest.CallToNameRegistratorZeorSizeMemExpansionFiller[0m [31m1 failed[0m [90m178.46 ms[0m
   [31m✖[0m CallToNameRegistratorZeorSizeMemExpansion
 [41m[37m FAIL [0m [37mgenerated_state.stSystemOperationsTest.CallToReturn1Filler[0m [31m1 failed[0m [90m4.80 ms[0m
   [31m✖[0m CallToReturn1
 [41m[37m FAIL [0m [37mgenerated_state.stSystemOperationsTest.CallToReturn1ForDynamicJump0Filler[0m [31m1 failed[0m [90m165.95 ms[0m
   [31m✖[0m CallToReturn1ForDynamicJump0
 [41m[37m FAIL [0m [37mgenerated_state.stSystemOperationsTest.CallToReturn1ForDynamicJump1Filler[0m [31m1 failed[0m [90m143.82 ms[0m
   [31m✖[0m CallToReturn1ForDynamicJump1
 [41m[37m FAIL [0m [37mgenerated_state.stSystemOperationsTest.CalltoReturn2Filler[0m [31m1 failed[0m [90m150.58 ms[0m
   [31m✖[0m CalltoReturn2
 [41m[37m FAIL [0m [37mgenerated_state.stSystemOperationsTest.CreateHashCollisionFiller[0m [31m1 failed[0m [90m182.51 ms[0m
   [31m✖[0m CreateHashCollision
 [32m✓[0m [2mgenerated_state.stSystemOperationsTest.PostToReturn1Filler[0m [32m(1)[0m [90m4.25 ms[0m
   [32m✓[0m PostToReturn1
 [32m✓[0m [2mgenerated_state.stSystemOperationsTest.TestNameRegistratorFiller[0m [32m(1)[0m [90m5.28 ms[0m
   [32m✓[0m TestNameRegistrator
 [41m[37m FAIL [0m [37mgenerated_state.stSystemOperationsTest.balanceInputAddressTooBigFiller[0m [31m1 failed[0m [90m162.74 ms[0m
   [31m✖[0m balanceInputAddressTooBig
 [32m✓[0m [2mgenerated_state.stSystemOperationsTest.callValueFiller[0m [32m(1)[0m [90m4.69 ms[0m
   [32m✓[0m callValue
 [41m[37m FAIL [0m [37mgenerated_state.stSystemOperationsTest.callcodeTo0Filler[0m [31m1 failed[0m [90m145.49 ms[0m
   [31m✖[0m callcodeTo0
 [32m✓[0m [2mgenerated_state.stSystemOperationsTest.callcodeToNameRegistrator0Filler[0m [32m(1)[0m [90m4.64 ms[0m
   [32m✓[0m callcodeToNameRegistrator0
 [41m[37m FAIL [0m [37mgenerated_state.stSystemOperationsTest.callcodeToNameRegistratorAddresTooBigLeftFiller[0m [31m1 failed[0m [90m4.00 ms[0m
   [31m✖[0m callcodeToNameRegistratorAddresTooBigLeft
 [32m✓[0m [2mgenerated_state.stSystemOperationsTest.callcodeToNameRegistratorAddresTooBigRightFiller[0m [32m(1)[0m [90m4.01 ms[0m
   [32m✓[0m callcodeToNameRegistratorAddresTooBigRight
 [41m[37m FAIL [0m [37mgenerated_state.stSystemOperationsTest.callcodeToNameRegistratorZeroMemExpanionFiller[0m [31m1 failed[0m [90m153.75 ms[0m
   [31m✖[0m callcodeToNameRegistratorZeroMemExpanion
 [41m[37m FAIL [0m [37mgenerated_state.stSystemOperationsTest.callcodeToReturn1Filler[0m [31m1 failed[0m [90m160.75 ms[0m
   [31m✖[0m callcodeToReturn1
 [41m[37m FAIL [0m [37mgenerated_state.stSystemOperationsTest.callerAccountBalanceFiller[0m [31m1 failed[0m [90m5.16 ms[0m
   [31m✖[0m callerAccountBalance
 [41m[37m FAIL [0m [37mgenerated_state.stSystemOperationsTest.createNameRegistratorFiller[0m [31m1 failed[0m [90m157.68 ms[0m
   [31m✖[0m createNameRegistrator
 [32m✓[0m [2mgenerated_state.stSystemOperationsTest.createNameRegistratorOOG_MemExpansionOOVFiller[0m [32m(1)[0m [90m3.58 ms[0m
   [32m✓[0m createNameRegistratorOOG_MemExpansionOOV
 [41m[37m FAIL [0m [37mgenerated_state.stSystemOperationsTest.createNameRegistratorOutOfMemoryBonds0Filler[0m [31m1 failed[0m [90m156.82 ms[0m
   [31m✖[0m createNameRegistratorOutOfMemoryBonds0
 [41m[37m FAIL [0m [37mgenerated_state.stSystemOperationsTest.createNameRegistratorOutOfMemoryBonds1Filler[0m [31m1 failed[0m [90m165.83 ms[0m
   [31m✖[0m createNameRegistratorOutOfMemoryBonds1
 [32m✓[0m [2mgenerated_state.stSystemOperationsTest.createNameRegistratorValueTooHighFiller[0m [32m(1)[0m [90m4.28 ms[0m
   [32m✓[0m createNameRegistratorValueTooHigh
 [41m[37m FAIL [0m [37mgenerated_state.stSystemOperationsTest.createNameRegistratorZeroMem2Filler[0m [31m1 failed[0m [90m158.72 ms[0m
   [31m✖[0m createNameRegistratorZeroMem2
 [41m[37m FAIL [0m [37mgenerated_state.stSystemOperationsTest.createNameRegistratorZeroMemExpansionFiller[0m [31m1 failed[0m [90m150.16 ms[0m
   [31m✖[0m createNameRegistratorZeroMemExpansion
 [41m[37m FAIL [0m [37mgenerated_state.stSystemOperationsTest.createNameRegistratorZeroMemFiller[0m [31m1 failed[0m [90m176.36 ms[0m
   [31m✖[0m createNameRegistratorZeroMem
 [41m[37m FAIL [0m [37mgenerated_state.stSystemOperationsTest.createWithInvalidOpcodeFiller[0m [31m1 failed[0m [90m162.35 ms[0m
   [31m✖[0m createWithInvalidOpcode
 [41m[37m FAIL [0m [37mgenerated_state.stSystemOperationsTest.currentAccountBalanceFiller[0m [31m1 failed[0m [90m3.94 ms[0m
   [31m✖[0m currentAccountBalance
 [32m✓[0m [2mgenerated_state.stSystemOperationsTest.extcodecopyFiller[0m [32m(1)[0m [90m3.76 ms[0m
   [32m✓[0m extcodecopy
 [32m✓[0m [2mgenerated_state.stSystemOperationsTest.return0Filler[0m [32m(1)[0m [90m4.61 ms[0m
   [32m✓[0m return0
 [32m✓[0m [2mgenerated_state.stSystemOperationsTest.return1Filler[0m [32m(1)[0m [90m4.10 ms[0m
   [32m✓[0m return1
 [32m✓[0m [2mgenerated_state.stSystemOperationsTest.return2Filler[0m [32m(1)[0m [90m5.26 ms[0m
   [32m✓[0m return2
 [41m[37m FAIL [0m [37mgenerated_state.stSystemOperationsTest.suicideAddressFiller[0m [31m1 failed[0m [90m153.19 ms[0m
   [31m✖[0m suicideAddress
 [41m[37m FAIL [0m [37mgenerated_state.stSystemOperationsTest.suicideCallerAddresTooBigLeftFiller[0m [31m1 failed[0m [90m152.14 ms[0m
   [31m✖[0m suicideCallerAddresTooBigLeft
 [41m[37m FAIL [0m [37mgenerated_state.stSystemOperationsTest.suicideCallerAddresTooBigRightFiller[0m [31m1 failed[0m [90m157.66 ms[0m
   [31m✖[0m suicideCallerAddresTooBigRight
 [41m[37m FAIL [0m [37mgenerated_state.stSystemOperationsTest.suicideCallerFiller[0m [31m1 failed[0m [90m157.78 ms[0m
   [31m✖[0m suicideCaller
 [41m[37m FAIL [0m [37mgenerated_state.stSystemOperationsTest.suicideNotExistingAccountFiller[0m [31m1 failed[0m [90m166.08 ms[0m
   [31m✖[0m suicideNotExistingAccount
 [41m[37m FAIL [0m [37mgenerated_state.stSystemOperationsTest.suicideOriginFiller[0m [31m1 failed[0m [90m165.28 ms[0m
   [31m✖[0m suicideOrigin
 [41m[37m FAIL [0m [37mgenerated_state.stSystemOperationsTest.suicideSendEtherPostDeathFiller[0m [31m1 failed[0m [90m154.84 ms[0m
   [31m✖[0m suicideSendEtherPostDeath
 [41m[37m FAIL [0m [37mgenerated_state.stSystemOperationsTest.suicideSendEtherToMeFiller[0m [31m1 failed[0m [90m148.01 ms[0m
   [31m✖[0m suicideSendEtherToMe
 [41m[37m FAIL [0m [37mgenerated_state.stSystemOperationsTest.testRandomTestFiller[0m [31m1 failed[0m [90m156.51 ms[0m
   [31m✖[0m testRandomTest
 [41m[37m FAIL [0m [37mgenerated_state.stTimeConsuming.sstore_combinations_initial00_2_ParisFiller[0m [31m1 failed[0m [90m13.24 ms[0m
   [31m✖[0m sstore_combinations_initial00_2_Paris
 [41m[37m FAIL [0m [37mgenerated_state.stTimeConsuming.sstore_combinations_initial00_ParisFiller[0m [31m1 failed[0m [90m11.54 ms[0m
   [31m✖[0m sstore_combinations_initial00_Paris
 [41m[37m FAIL [0m [37mgenerated_state.stTimeConsuming.sstore_combinations_initial01_2_ParisFiller[0m [31m1 failed[0m [90m11.66 ms[0m
   [31m✖[0m sstore_combinations_initial01_2_Paris
 [41m[37m FAIL [0m [37mgenerated_state.stTimeConsuming.sstore_combinations_initial01_ParisFiller[0m [31m1 failed[0m [90m11.80 ms[0m
   [31m✖[0m sstore_combinations_initial01_Paris
 [41m[37m FAIL [0m [37mgenerated_state.stTimeConsuming.sstore_combinations_initial10_2_ParisFiller[0m [31m1 failed[0m [90m10.00 ms[0m
   [31m✖[0m sstore_combinations_initial10_2_Paris
 [41m[37m FAIL [0m [37mgenerated_state.stTimeConsuming.sstore_combinations_initial10_ParisFiller[0m [31m1 failed[0m [90m13.82 ms[0m
   [31m✖[0m sstore_combinations_initial10_Paris
 [41m[37m FAIL [0m [37mgenerated_state.stTimeConsuming.sstore_combinations_initial11_2_ParisFiller[0m [31m1 failed[0m [90m11.59 ms[0m
   [31m✖[0m sstore_combinations_initial11_2_Paris
 [41m[37m FAIL [0m [37mgenerated_state.stTimeConsuming.sstore_combinations_initial11_ParisFiller[0m [31m1 failed[0m [90m11.49 ms[0m
   [31m✖[0m sstore_combinations_initial11_Paris
 [41m[37m FAIL [0m [37mgenerated_state.stTimeConsuming.sstore_combinations_initial20_2_ParisFiller[0m [31m1 failed[0m [90m8.24 ms[0m
   [31m✖[0m sstore_combinations_initial20_2_Paris
 [41m[37m FAIL [0m [37mgenerated_state.stTimeConsuming.sstore_combinations_initial20_ParisFiller[0m [31m1 failed[0m [90m11.60 ms[0m
   [31m✖[0m sstore_combinations_initial20_Paris
 [41m[37m FAIL [0m [37mgenerated_state.stTimeConsuming.sstore_combinations_initial21_2_ParisFiller[0m [31m1 failed[0m [90m12.09 ms[0m
   [31m✖[0m sstore_combinations_initial21_2_Paris
 [41m[37m FAIL [0m [37mgenerated_state.stTimeConsuming.sstore_combinations_initial21_ParisFiller[0m [31m1 failed[0m [90m13.32 ms[0m
   [31m✖[0m sstore_combinations_initial21_Paris
 [32m✓[0m [2mgenerated_state.stTransactionTest.ContractStoreClearsOOGFiller[0m [32m(1)[0m [90m4.70 ms[0m
   [32m✓[0m ContractStoreClearsOOG
 [32m✓[0m [2mgenerated_state.stTransactionTest.ContractStoreClearsSuccessFiller[0m [32m(1)[0m [90m4.92 ms[0m
   [32m✓[0m ContractStoreClearsSuccess
 [32m✓[0m [2mgenerated_state.stTransactionTest.CreateMessageRevertedFiller[0m [32m(1)[0m [90m4.06 ms[0m
   [32m✓[0m CreateMessageReverted
 [32m✓[0m [2mgenerated_state.stTransactionTest.CreateMessageSuccessFiller[0m [32m(1)[0m [90m4.19 ms[0m
   [32m✓[0m CreateMessageSuccess
 [32m✓[0m [2mgenerated_state.stTransactionTest.CreateTransactionSuccessFiller[0m [32m(1)[0m [90m4.22 ms[0m
   [32m✓[0m CreateTransactionSuccess
 [32m✓[0m [2mgenerated_state.stTransactionTest.EmptyTransaction3Filler[0m [32m(1)[0m [90m4.86 ms[0m
   [32m✓[0m EmptyTransaction3
 [32m✓[0m [2mgenerated_state.stTransactionTest.HighGasLimitFiller[0m [32m(1)[0m [90m4.74 ms[0m
   [32m✓[0m HighGasLimit
 [32m✓[0m [2mgenerated_state.stTransactionTest.InternalCallHittingGasLimit2Filler[0m [32m(1)[0m [90m4.39 ms[0m
   [32m✓[0m InternalCallHittingGasLimit2
 [32m✓[0m [2mgenerated_state.stTransactionTest.InternalCallHittingGasLimitFiller[0m [32m(1)[0m [90m6.55 ms[0m
   [32m✓[0m InternalCallHittingGasLimit
 [32m✓[0m [2mgenerated_state.stTransactionTest.InternalCallHittingGasLimitSuccessFiller[0m [32m(1)[0m [90m6.75 ms[0m
   [32m✓[0m InternalCallHittingGasLimitSuccess
 [41m[37m FAIL [0m [37mgenerated_state.stTransactionTest.InternalCallStoreClearsOOGFiller[0m [31m1 failed[0m [90m174.48 ms[0m
   [31m✖[0m InternalCallStoreClearsOOG
 [32m✓[0m [2mgenerated_state.stTransactionTest.InternalCallStoreClearsSuccessFiller[0m [32m(1)[0m [90m4.74 ms[0m
   [32m✓[0m InternalCallStoreClearsSuccess
 [41m[37m FAIL [0m [37mgenerated_state.stTransactionTest.Opcodes_TransactionInitFiller[0m [31m1 failed[0m [90m5.44 ms[0m
   [31m✖[0m Opcodes_TransactionInit
 [41m[37m FAIL [0m [37mgenerated_state.stTransactionTest.OverflowGasRequire2Filler[0m [31m1 failed[0m [90m4.00 ms[0m
   [31m✖[0m OverflowGasRequire2
 [41m[37m FAIL [0m [37mgenerated_state.stTransactionTest.StoreClearsAndInternalCallStoreClearsOOGFiller[0m [31m1 failed[0m [90m170.44 ms[0m
   [31m✖[0m StoreClearsAndInternalCallStoreClearsOOG
 [41m[37m FAIL [0m [37mgenerated_state.stTransactionTest.StoreClearsAndInternalCallStoreClearsSuccessFiller[0m [31m1 failed[0m [90m170.44 ms[0m
   [31m✖[0m StoreClearsAndInternalCallStoreClearsSuccess
 [41m[37m FAIL [0m [37mgenerated_state.stTransactionTest.StoreGasOnCreateFiller[0m [31m1 failed[0m [90m4.36 ms[0m
   [31m✖[0m StoreGasOnCreate
 [32m✓[0m [2mgenerated_state.stTransactionTest.SuicidesAndInternalCallSuicidesBonusGasAtCallFailedFiller[0m [32m(1)[0m [90m4.70 ms[0m
   [32m✓[0m SuicidesAndInternalCallSuicidesBonusGasAtCallFailed
 [32m✓[0m [2mgenerated_state.stTransactionTest.SuicidesAndInternalCallSuicidesBonusGasAtCallFiller[0m [32m(1)[0m [90m5.60 ms[0m
   [32m✓[0m SuicidesAndInternalCallSuicidesBonusGasAtCall
 [32m✓[0m [2mgenerated_state.stTransactionTest.SuicidesAndInternalCallSuicidesOOGFiller[0m [32m(1)[0m [90m4.46 ms[0m
   [32m✓[0m SuicidesAndInternalCallSuicidesOOG
 [41m[37m FAIL [0m [37mgenerated_state.stTransactionTest.SuicidesAndInternalCallSuicidesSuccessFiller[0m [31m1 failed[0m [90m168.30 ms[0m
   [31m✖[0m SuicidesAndInternalCallSuicidesSuccess
 [32m✓[0m [2mgenerated_state.stTransactionTest.SuicidesAndSendMoneyToItselfEtherDestroyedFiller[0m [32m(1)[0m [90m3.79 ms[0m
   [32m✓[0m SuicidesAndSendMoneyToItselfEtherDestroyed
 [32m✓[0m [2mgenerated_state.stTransactionTest.SuicidesStopAfterSuicideFiller[0m [32m(1)[0m [90m4.08 ms[0m
   [32m✓[0m SuicidesStopAfterSuicide
 [32m✓[0m [2mgenerated_state.stTransactionTest.TransactionDataCosts652Filler[0m [32m(1)[0m [90m4.33 ms[0m
   [32m✓[0m TransactionDataCosts652
 [32m✓[0m [2mgenerated_state.stTransactionTest.TransactionSendingToEmptyFiller[0m [32m(1)[0m [90m4.28 ms[0m
   [32m✓[0m TransactionSendingToEmpty
 [32m✓[0m [2mgenerated_state.stTransactionTest.TransactionSendingToZeroFiller[0m [32m(1)[0m [90m4.69 ms[0m
   [32m✓[0m TransactionSendingToZero
 [32m✓[0m [2mgenerated_state.stTransactionTest.TransactionToAddressh160minusOneFiller[0m [32m(1)[0m [90m4.87 ms[0m
   [32m✓[0m TransactionToAddressh160minusOne
 [32m✓[0m [2mgenerated_state.stTransactionTest.TransactionToItselfFiller[0m [32m(1)[0m [90m5.37 ms[0m
   [32m✓[0m TransactionToItself
 [32m✓[0m [2mgenerated_state.stTransitionTest.createNameRegistratorPerTxsAfterFiller[0m [32m(1)[0m [90m4.56 ms[0m
   [32m✓[0m createNameRegistratorPerTxsAfter
 [32m✓[0m [2mgenerated_state.stTransitionTest.createNameRegistratorPerTxsAtFiller[0m [32m(1)[0m [90m4.20 ms[0m
   [32m✓[0m createNameRegistratorPerTxsAt
 [32m✓[0m [2mgenerated_state.stTransitionTest.createNameRegistratorPerTxsBeforeFiller[0m [32m(1)[0m [90m4.62 ms[0m
   [32m✓[0m createNameRegistratorPerTxsBefore
 [41m[37m FAIL [0m [37mgenerated_state.stTransitionTest.delegatecallAfterTransitionFiller[0m [31m1 failed[0m [90m163.48 ms[0m
   [31m✖[0m delegatecallAfterTransition
 [41m[37m FAIL [0m [37mgenerated_state.stTransitionTest.delegatecallAtTransitionFiller[0m [31m1 failed[0m [90m173.54 ms[0m
   [31m✖[0m delegatecallAtTransition
 [41m[37m FAIL [0m [37mgenerated_state.stTransitionTest.delegatecallBeforeTransitionFiller[0m [31m1 failed[0m [90m179.50 ms[0m
   [31m✖[0m delegatecallBeforeTransition
 [32m✓[0m [2mgenerated_state.stWalletTest.dayLimitConstructionFiller[0m [32m(1)[0m [90m7.43 ms[0m
   [32m✓[0m dayLimitConstruction
 [32m✓[0m [2mgenerated_state.stWalletTest.dayLimitConstructionOOGFiller[0m [32m(1)[0m [90m4.66 ms[0m
   [32m✓[0m dayLimitConstructionOOG
 [32m✓[0m [2mgenerated_state.stWalletTest.dayLimitConstructionPartialFiller[0m [32m(1)[0m [90m4.06 ms[0m
   [32m✓[0m dayLimitConstructionPartial
 [32m✓[0m [2mgenerated_state.stWalletTest.dayLimitResetSpentTodayFiller[0m [32m(1)[0m [90m4.37 ms[0m
   [32m✓[0m dayLimitResetSpentToday
 [32m✓[0m [2mgenerated_state.stWalletTest.dayLimitSetDailyLimitFiller[0m [32m(1)[0m [90m4.23 ms[0m
   [32m✓[0m dayLimitSetDailyLimit
 [32m✓[0m [2mgenerated_state.stWalletTest.dayLimitSetDailyLimitNoDataFiller[0m [32m(1)[0m [90m3.97 ms[0m
   [32m✓[0m dayLimitSetDailyLimitNoData
 [32m✓[0m [2mgenerated_state.stWalletTest.multiOwnedAddOwnerAddMyselfFiller[0m [32m(1)[0m [90m4.68 ms[0m
   [32m✓[0m multiOwnedAddOwnerAddMyself
 [32m✓[0m [2mgenerated_state.stWalletTest.multiOwnedAddOwnerFiller[0m [32m(1)[0m [90m5.80 ms[0m
   [32m✓[0m multiOwnedAddOwner
 [32m✓[0m [2mgenerated_state.stWalletTest.multiOwnedChangeOwnerFiller[0m [32m(1)[0m [90m4.44 ms[0m
   [32m✓[0m multiOwnedChangeOwner
 [32m✓[0m [2mgenerated_state.stWalletTest.multiOwnedChangeOwnerNoArgumentFiller[0m [32m(1)[0m [90m4.99 ms[0m
   [32m✓[0m multiOwnedChangeOwnerNoArgument
 [32m✓[0m [2mgenerated_state.stWalletTest.multiOwnedChangeOwner_fromNotOwnerFiller[0m [32m(1)[0m [90m4.50 ms[0m
   [32m✓[0m multiOwnedChangeOwner_fromNotOwner
 [32m✓[0m [2mgenerated_state.stWalletTest.multiOwnedChangeOwner_toIsOwnerFiller[0m [32m(1)[0m [90m4.81 ms[0m
   [32m✓[0m multiOwnedChangeOwner_toIsOwner
 [32m✓[0m [2mgenerated_state.stWalletTest.multiOwnedChangeRequirementTo0Filler[0m [32m(1)[0m [90m4.60 ms[0m
   [32m✓[0m multiOwnedChangeRequirementTo0
 [32m✓[0m [2mgenerated_state.stWalletTest.multiOwnedChangeRequirementTo1Filler[0m [32m(1)[0m [90m4.64 ms[0m
   [32m✓[0m multiOwnedChangeRequirementTo1
 [32m✓[0m [2mgenerated_state.stWalletTest.multiOwnedChangeRequirementTo2Filler[0m [32m(1)[0m [90m3.81 ms[0m
   [32m✓[0m multiOwnedChangeRequirementTo2
 [32m✓[0m [2mgenerated_state.stWalletTest.multiOwnedConstructionCorrectFiller[0m [32m(1)[0m [90m4.76 ms[0m
   [32m✓[0m multiOwnedConstructionCorrect
 [32m✓[0m [2mgenerated_state.stWalletTest.multiOwnedConstructionNotEnoughGasFiller[0m [32m(1)[0m [90m5.91 ms[0m
   [32m✓[0m multiOwnedConstructionNotEnoughGas
 [41m[37m FAIL [0m [37mgenerated_state.stWalletTest.multiOwnedConstructionNotEnoughGasPartialFiller[0m [31m1 failed[0m [90m164.96 ms[0m
   [31m✖[0m multiOwnedConstructionNotEnoughGasPartial
 [32m✓[0m [2mgenerated_state.stWalletTest.multiOwnedIsOwnerFalseFiller[0m [32m(1)[0m [90m7.26 ms[0m
   [32m✓[0m multiOwnedIsOwnerFalse
 [32m✓[0m [2mgenerated_state.stWalletTest.multiOwnedIsOwnerTrueFiller[0m [32m(1)[0m [90m6.76 ms[0m
   [32m✓[0m multiOwnedIsOwnerTrue
 [32m✓[0m [2mgenerated_state.stWalletTest.multiOwnedRemoveOwnerByNonOwnerFiller[0m [32m(1)[0m [90m7.89 ms[0m
   [32m✓[0m multiOwnedRemoveOwnerByNonOwner
 [32m✓[0m [2mgenerated_state.stWalletTest.multiOwnedRemoveOwnerFiller[0m [32m(1)[0m [90m4.43 ms[0m
   [32m✓[0m multiOwnedRemoveOwner
 [32m✓[0m [2mgenerated_state.stWalletTest.multiOwnedRemoveOwner_mySelfFiller[0m [32m(1)[0m [90m5.60 ms[0m
   [32m✓[0m multiOwnedRemoveOwner_mySelf
 [32m✓[0m [2mgenerated_state.stWalletTest.multiOwnedRemoveOwner_ownerIsNotOwnerFiller[0m [32m(1)[0m [90m5.09 ms[0m
   [32m✓[0m multiOwnedRemoveOwner_ownerIsNotOwner
 [32m✓[0m [2mgenerated_state.stWalletTest.multiOwnedRevokeNothingFiller[0m [32m(1)[0m [90m5.48 ms[0m
   [32m✓[0m multiOwnedRevokeNothing
 [32m✓[0m [2mgenerated_state.stWalletTest.walletAddOwnerRemovePendingTransactionFiller[0m [32m(1)[0m [90m3.84 ms[0m
   [32m✓[0m walletAddOwnerRemovePendingTransaction
 [32m✓[0m [2mgenerated_state.stWalletTest.walletChangeOwnerRemovePendingTransactionFiller[0m [32m(1)[0m [90m3.76 ms[0m
   [32m✓[0m walletChangeOwnerRemovePendingTransaction
 [32m✓[0m [2mgenerated_state.stWalletTest.walletChangeRequirementRemovePendingTransactionFiller[0m [32m(1)[0m [90m5.01 ms[0m
   [32m✓[0m walletChangeRequirementRemovePendingTransaction
 [32m✓[0m [2mgenerated_state.stWalletTest.walletConfirmFiller[0m [32m(1)[0m [90m3.54 ms[0m
   [32m✓[0m walletConfirm
 [32m✓[0m [2mgenerated_state.stWalletTest.walletConstructionFiller[0m [32m(1)[0m [90m8.48 ms[0m
   [32m✓[0m walletConstruction
 [41m[37m FAIL [0m [37mgenerated_state.stWalletTest.walletConstructionOOGFiller[0m [31m1 failed[0m [90m184.40 ms[0m
   [31m✖[0m walletConstructionOOG
 [32m✓[0m [2mgenerated_state.stWalletTest.walletConstructionPartialFiller[0m [32m(1)[0m [90m8.49 ms[0m
   [32m✓[0m walletConstructionPartial
 [32m✓[0m [2mgenerated_state.stWalletTest.walletDefaultFiller[0m [32m(1)[0m [90m4.44 ms[0m
   [32m✓[0m walletDefault
 [32m✓[0m [2mgenerated_state.stWalletTest.walletDefaultWithOutValueFiller[0m [32m(1)[0m [90m4.75 ms[0m
   [32m✓[0m walletDefaultWithOutValue
 [32m✓[0m [2mgenerated_state.stWalletTest.walletExecuteOverDailyLimitMultiOwnerFiller[0m [32m(1)[0m [90m4.52 ms[0m
   [32m✓[0m walletExecuteOverDailyLimitMultiOwner
 [32m✓[0m [2mgenerated_state.stWalletTest.walletExecuteOverDailyLimitOnlyOneOwnerFiller[0m [32m(1)[0m [90m4.98 ms[0m
   [32m✓[0m walletExecuteOverDailyLimitOnlyOneOwner
 [32m✓[0m [2mgenerated_state.stWalletTest.walletExecuteOverDailyLimitOnlyOneOwnerNewFiller[0m [32m(1)[0m [90m5.26 ms[0m
   [32m✓[0m walletExecuteOverDailyLimitOnlyOneOwnerNew
 [32m✓[0m [2mgenerated_state.stWalletTest.walletExecuteUnderDailyLimitFiller[0m [32m(1)[0m [90m5.04 ms[0m
   [32m✓[0m walletExecuteUnderDailyLimit
 [32m✓[0m [2mgenerated_state.stWalletTest.walletKillFiller[0m [32m(1)[0m [90m4.70 ms[0m
   [32m✓[0m walletKill
 [32m✓[0m [2mgenerated_state.stWalletTest.walletKillNotByOwnerFiller[0m [32m(1)[0m [90m4.20 ms[0m
   [32m✓[0m walletKillNotByOwner
 [32m✓[0m [2mgenerated_state.stWalletTest.walletKillToWalletFiller[0m [32m(1)[0m [90m3.92 ms[0m
   [32m✓[0m walletKillToWallet
 [32m✓[0m [2mgenerated_state.stWalletTest.walletRemoveOwnerRemovePendingTransactionFiller[0m [32m(1)[0m [90m5.72 ms[0m
   [32m✓[0m walletRemoveOwnerRemovePendingTransaction
 [41m[37m FAIL [0m [37mgenerated_state.stZeroCallsRevert.ZeroValue_CALLCODE_OOGRevertFiller[0m [31m1 failed[0m [90m149.24 ms[0m
   [31m✖[0m ZeroValue_CALLCODE_OOGRevert
 [41m[37m FAIL [0m [37mgenerated_state.stZeroCallsRevert.ZeroValue_CALLCODE_ToEmpty_OOGRevert_ParisFiller[0m [31m1 failed[0m [90m170.73 ms[0m
   [31m✖[0m ZeroValue_CALLCODE_ToEmpty_OOGRevert_Paris
 [41m[37m FAIL [0m [37mgenerated_state.stZeroCallsRevert.ZeroValue_CALLCODE_ToNonZeroBalance_OOGRevertFiller[0m [31m1 failed[0m [90m170.66 ms[0m
   [31m✖[0m ZeroValue_CALLCODE_ToNonZeroBalance_OOGRevert
 [41m[37m FAIL [0m [37mgenerated_state.stZeroCallsRevert.ZeroValue_CALLCODE_ToOneStorageKey_OOGRevert_ParisFiller[0m [31m1 failed[0m [90m159.38 ms[0m
   [31m✖[0m ZeroValue_CALLCODE_ToOneStorageKey_OOGRevert_Paris
 [41m[37m FAIL [0m [37mgenerated_state.stZeroCallsRevert.ZeroValue_CALL_OOGRevertFiller[0m [31m1 failed[0m [90m148.40 ms[0m
   [31m✖[0m ZeroValue_CALL_OOGRevert
 [41m[37m FAIL [0m [37mgenerated_state.stZeroCallsRevert.ZeroValue_CALL_ToEmpty_OOGRevert_ParisFiller[0m [31m1 failed[0m [90m151.67 ms[0m
   [31m✖[0m ZeroValue_CALL_ToEmpty_OOGRevert_Paris
 [41m[37m FAIL [0m [37mgenerated_state.stZeroCallsRevert.ZeroValue_CALL_ToNonZeroBalance_OOGRevertFiller[0m [31m1 failed[0m [90m173.35 ms[0m
   [31m✖[0m ZeroValue_CALL_ToNonZeroBalance_OOGRevert
 [41m[37m FAIL [0m [37mgenerated_state.stZeroCallsRevert.ZeroValue_CALL_ToOneStorageKey_OOGRevert_ParisFiller[0m [31m1 failed[0m [90m169.72 ms[0m
   [31m✖[0m ZeroValue_CALL_ToOneStorageKey_OOGRevert_Paris
 [41m[37m FAIL [0m [37mgenerated_state.stZeroCallsRevert.ZeroValue_DELEGATECALL_OOGRevertFiller[0m [31m1 failed[0m [90m165.32 ms[0m
   [31m✖[0m ZeroValue_DELEGATECALL_OOGRevert
 [41m[37m FAIL [0m [37mgenerated_state.stZeroCallsRevert.ZeroValue_DELEGATECALL_ToEmpty_OOGRevert_ParisFiller[0m [31m1 failed[0m [90m173.93 ms[0m
   [31m✖[0m ZeroValue_DELEGATECALL_ToEmpty_OOGRevert_Paris
 [41m[37m FAIL [0m [37mgenerated_state.stZeroCallsRevert.ZeroValue_DELEGATECALL_ToNonZeroBalance_OOGRevertFiller[0m [31m1 failed[0m [90m171.72 ms[0m
   [31m✖[0m ZeroValue_DELEGATECALL_ToNonZeroBalance_OOGRevert
 [41m[37m FAIL [0m [37mgenerated_state.stZeroCallsRevert.ZeroValue_DELEGATECALL_ToOneStorageKey_OOGRevert_ParisFiller[0m [31m1 failed[0m [90m160.47 ms[0m
   [31m✖[0m ZeroValue_DELEGATECALL_ToOneStorageKey_OOGRevert_Paris
 [32m✓[0m [2mgenerated_state.stZeroCallsRevert.ZeroValue_SUICIDE_OOGRevertFiller[0m [32m(1)[0m [90m4.22 ms[0m
   [32m✓[0m ZeroValue_SUICIDE_OOGRevert
 [32m✓[0m [2mgenerated_state.stZeroCallsRevert.ZeroValue_SUICIDE_ToEmpty_OOGRevert_ParisFiller[0m [32m(1)[0m [90m5.53 ms[0m
   [32m✓[0m ZeroValue_SUICIDE_ToEmpty_OOGRevert_Paris
 [32m✓[0m [2mgenerated_state.stZeroCallsRevert.ZeroValue_SUICIDE_ToNonZeroBalance_OOGRevertFiller[0m [32m(1)[0m [90m4.51 ms[0m
   [32m✓[0m ZeroValue_SUICIDE_ToNonZeroBalance_OOGRevert
 [32m✓[0m [2mgenerated_state.stZeroCallsRevert.ZeroValue_SUICIDE_ToOneStorageKey_OOGRevert_ParisFiller[0m [32m(1)[0m [90m4.20 ms[0m
   [32m✓[0m ZeroValue_SUICIDE_ToOneStorageKey_OOGRevert_Paris
 [32m✓[0m [2mgenerated_state.stZeroCallsTest.ZeroValue_CALLCODEFiller[0m [32m(1)[0m [90m5.92 ms[0m
   [32m✓[0m ZeroValue_CALLCODE
 [32m✓[0m [2mgenerated_state.stZeroCallsTest.ZeroValue_CALLCODE_ToEmpty_ParisFiller[0m [32m(1)[0m [90m4.06 ms[0m
   [32m✓[0m ZeroValue_CALLCODE_ToEmpty_Paris
 [32m✓[0m [2mgenerated_state.stZeroCallsTest.ZeroValue_CALLCODE_ToNonZeroBalanceFiller[0m [32m(1)[0m [90m5.60 ms[0m
   [32m✓[0m ZeroValue_CALLCODE_ToNonZeroBalance
 [32m✓[0m [2mgenerated_state.stZeroCallsTest.ZeroValue_CALLCODE_ToOneStorageKey_ParisFiller[0m [32m(1)[0m [90m4.38 ms[0m
   [32m✓[0m ZeroValue_CALLCODE_ToOneStorageKey_Paris
 [32m✓[0m [2mgenerated_state.stZeroCallsTest.ZeroValue_CALLFiller[0m [32m(1)[0m [90m4.07 ms[0m
   [32m✓[0m ZeroValue_CALL
 [32m✓[0m [2mgenerated_state.stZeroCallsTest.ZeroValue_CALL_ToEmpty_ParisFiller[0m [32m(1)[0m [90m4.67 ms[0m
   [32m✓[0m ZeroValue_CALL_ToEmpty_Paris
 [32m✓[0m [2mgenerated_state.stZeroCallsTest.ZeroValue_CALL_ToNonZeroBalanceFiller[0m [32m(1)[0m [90m5.10 ms[0m
   [32m✓[0m ZeroValue_CALL_ToNonZeroBalance
 [32m✓[0m [2mgenerated_state.stZeroCallsTest.ZeroValue_CALL_ToOneStorageKey_ParisFiller[0m [32m(1)[0m [90m4.54 ms[0m
   [32m✓[0m ZeroValue_CALL_ToOneStorageKey_Paris
 [32m✓[0m [2mgenerated_state.stZeroCallsTest.ZeroValue_DELEGATECALLFiller[0m [32m(1)[0m [90m5.09 ms[0m
   [32m✓[0m ZeroValue_DELEGATECALL
 [32m✓[0m [2mgenerated_state.stZeroCallsTest.ZeroValue_DELEGATECALL_ToEmpty_ParisFiller[0m [32m(1)[0m [90m4.34 ms[0m
   [32m✓[0m ZeroValue_DELEGATECALL_ToEmpty_Paris
 [32m✓[0m [2mgenerated_state.stZeroCallsTest.ZeroValue_DELEGATECALL_ToNonZeroBalanceFiller[0m [32m(1)[0m [90m4.42 ms[0m
   [32m✓[0m ZeroValue_DELEGATECALL_ToNonZeroBalance
 [32m✓[0m [2mgenerated_state.stZeroCallsTest.ZeroValue_DELEGATECALL_ToOneStorageKey_ParisFiller[0m [32m(1)[0m [90m5.12 ms[0m
   [32m✓[0m ZeroValue_DELEGATECALL_ToOneStorageKey_Paris
 [32m✓[0m [2mgenerated_state.stZeroCallsTest.ZeroValue_SUICIDEFiller[0m [32m(1)[0m [90m3.75 ms[0m
   [32m✓[0m ZeroValue_SUICIDE
 [32m✓[0m [2mgenerated_state.stZeroCallsTest.ZeroValue_SUICIDE_ToEmpty_ParisFiller[0m [32m(1)[0m [90m4.23 ms[0m
   [32m✓[0m ZeroValue_SUICIDE_ToEmpty_Paris
 [32m✓[0m [2mgenerated_state.stZeroCallsTest.ZeroValue_SUICIDE_ToNonZeroBalanceFiller[0m [32m(1)[0m [90m4.54 ms[0m
   [32m✓[0m ZeroValue_SUICIDE_ToNonZeroBalance
 [32m✓[0m [2mgenerated_state.stZeroCallsTest.ZeroValue_SUICIDE_ToOneStorageKey_ParisFiller[0m [32m(1)[0m [90m4.57 ms[0m
   [32m✓[0m ZeroValue_SUICIDE_ToOneStorageKey_Paris
 [32m✓[0m [2mgenerated_state.stZeroCallsTest.ZeroValue_TransactionCALLFiller[0m [32m(1)[0m [90m3.66 ms[0m
   [32m✓[0m ZeroValue_TransactionCALL
 [32m✓[0m [2mgenerated_state.stZeroCallsTest.ZeroValue_TransactionCALL_ToEmpty_ParisFiller[0m [32m(1)[0m [90m5.09 ms[0m
   [32m✓[0m ZeroValue_TransactionCALL_ToEmpty_Paris
 [32m✓[0m [2mgenerated_state.stZeroCallsTest.ZeroValue_TransactionCALL_ToNonZeroBalanceFiller[0m [32m(1)[0m [90m4.44 ms[0m
   [32m✓[0m ZeroValue_TransactionCALL_ToNonZeroBalance
 [32m✓[0m [2mgenerated_state.stZeroCallsTest.ZeroValue_TransactionCALL_ToOneStorageKey_ParisFiller[0m [32m(1)[0m [90m6.92 ms[0m
   [32m✓[0m ZeroValue_TransactionCALL_ToOneStorageKey_Paris
 [32m✓[0m [2mgenerated_state.stZeroCallsTest.ZeroValue_TransactionCALLwithDataFiller[0m [32m(1)[0m [90m6.32 ms[0m
   [32m✓[0m ZeroValue_TransactionCALLwithData
 [32m✓[0m [2mgenerated_state.stZeroCallsTest.ZeroValue_TransactionCALLwithData_ToEmpty_ParisFiller[0m [32m(1)[0m [90m5.87 ms[0m
   [32m✓[0m ZeroValue_TransactionCALLwithData_ToEmpty_Paris
 [32m✓[0m [2mgenerated_state.stZeroCallsTest.ZeroValue_TransactionCALLwithData_ToNonZeroBalanceFiller[0m [32m(1)[0m [90m4.57 ms[0m
   [32m✓[0m ZeroValue_TransactionCALLwithData_ToNonZeroBalance
 [32m✓[0m [2mgenerated_state.stZeroCallsTest.ZeroValue_TransactionCALLwithData_ToOneStorageKey_ParisFiller[0m [32m(1)[0m [90m4.57 ms[0m
   [32m✓[0m ZeroValue_TransactionCALLwithData_ToOneStorageKey_Paris
 [41m[37m FAIL [0m [37mgenerated_state.stZeroKnowledge.ecmul_1-2_2_28000_128Filler[0m [31m1 failed[0m [90m175.14 ms[0m
   [31m✖[0m ecmul_1_2_2_28000_128
 [41m[37m FAIL [0m [37mgenerated_state.stZeroKnowledge.ecmul_1-2_2_28000_96Filler[0m [31m1 failed[0m [90m199.96 ms[0m
   [31m✖[0m ecmul_1_2_2_28000_96
 [41m[37m FAIL [0m [37mgenerated_state.stZeroKnowledge.ecmul_1-2_340282366920938463463374607431768211456_21000_128Filler[0m [31m1 failed[0m [90m180.06 ms[0m
   [31m✖[0m ecmul_1_2_340282366920938463463374607431768211456_21000_128
 [41m[37m FAIL [0m [37mgenerated_state.stZeroKnowledge.ecmul_1-2_340282366920938463463374607431768211456_21000_80Filler[0m [31m1 failed[0m [90m175.00 ms[0m
   [31m✖[0m ecmul_1_2_340282366920938463463374607431768211456_21000_80
 [41m[37m FAIL [0m [37mgenerated_state.stZeroKnowledge.ecmul_1-2_340282366920938463463374607431768211456_21000_96Filler[0m [31m1 failed[0m [90m170.18 ms[0m
   [31m✖[0m ecmul_1_2_340282366920938463463374607431768211456_21000_96
 [41m[37m FAIL [0m [37mgenerated_state.stZeroKnowledge.ecmul_1-2_340282366920938463463374607431768211456_28000_128Filler[0m [31m1 failed[0m [90m169.39 ms[0m
   [31m✖[0m ecmul_1_2_340282366920938463463374607431768211456_28000_128
 [41m[37m FAIL [0m [37mgenerated_state.stZeroKnowledge.ecmul_1-2_340282366920938463463374607431768211456_28000_80Filler[0m [31m1 failed[0m [90m177.29 ms[0m
   [31m✖[0m ecmul_1_2_340282366920938463463374607431768211456_28000_80
 [41m[37m FAIL [0m [37mgenerated_state.stZeroKnowledge.ecmul_1-2_340282366920938463463374607431768211456_28000_96Filler[0m [31m1 failed[0m [90m194.90 ms[0m
   [31m✖[0m ecmul_1_2_340282366920938463463374607431768211456_28000_96
 [41m[37m FAIL [0m [37mgenerated_state.stZeroKnowledge.ecmul_1-2_5616_21000_128Filler[0m [31m1 failed[0m [90m179.63 ms[0m
   [31m✖[0m ecmul_1_2_5616_21000_128
 [41m[37m FAIL [0m [37mgenerated_state.stZeroKnowledge.ecmul_1-2_5616_21000_96Filler[0m [31m1 failed[0m [90m158.93 ms[0m
   [31m✖[0m ecmul_1_2_5616_21000_96
 [41m[37m FAIL [0m [37mgenerated_state.stZeroKnowledge.ecmul_1-2_5616_28000_128Filler[0m [31m1 failed[0m [90m163.44 ms[0m
   [31m✖[0m ecmul_1_2_5616_28000_128
 [41m[37m FAIL [0m [37mgenerated_state.stZeroKnowledge.ecmul_1-2_5617_21000_128Filler[0m [31m1 failed[0m [90m177.88 ms[0m
   [31m✖[0m ecmul_1_2_5617_21000_128
 [41m[37m FAIL [0m [37mgenerated_state.stZeroKnowledge.ecmul_1-2_5617_21000_96Filler[0m [31m1 failed[0m [90m177.37 ms[0m
   [31m✖[0m ecmul_1_2_5617_21000_96
 [32m✓[0m [2mgenerated_state.stZeroKnowledge.ecmul_1-2_5617_28000_128Filler[0m [32m(1)[0m [90m9.01 ms[0m
   [32m✓[0m ecmul_1_2_5617_28000_128
 [32m✓[0m [2mgenerated_state.stZeroKnowledge.ecmul_1-2_5617_28000_96Filler[0m [32m(1)[0m [90m5.46 ms[0m
   [32m✓[0m ecmul_1_2_5617_28000_96
 [41m[37m FAIL [0m [37mgenerated_state.stZeroKnowledge.ecmul_1-2_616_28000_96Filler[0m [31m1 failed[0m [90m191.91 ms[0m
   [31m✖[0m ecmul_1_2_616_28000_96
 [41m[37m FAIL [0m [37mgenerated_state.stZeroKnowledge.ecmul_1-2_9935_21000_128Filler[0m [31m1 failed[0m [90m152.63 ms[0m
   [31m✖[0m ecmul_1_2_9935_21000_128
 [41m[37m FAIL [0m [37mgenerated_state.stZeroKnowledge.ecmul_1-2_9935_21000_96Filler[0m [31m1 failed[0m [90m175.97 ms[0m
   [31m✖[0m ecmul_1_2_9935_21000_96
 [41m[37m FAIL [0m [37mgenerated_state.stZeroKnowledge.ecmul_1-2_9935_28000_128Filler[0m [31m1 failed[0m [90m175.90 ms[0m
   [31m✖[0m ecmul_1_2_9935_28000_128
 [41m[37m FAIL [0m [37mgenerated_state.stZeroKnowledge.ecmul_1-2_9935_28000_96Filler[0m [31m1 failed[0m [90m171.00 ms[0m
   [31m✖[0m ecmul_1_2_9935_28000_96
 [41m[37m FAIL [0m [37mgenerated_state.stZeroKnowledge.ecmul_1-2_9_21000_128Filler[0m [31m1 failed[0m [90m149.99 ms[0m
   [31m✖[0m ecmul_1_2_9_21000_128
 [41m[37m FAIL [0m [37mgenerated_state.stZeroKnowledge.ecmul_1-2_9_21000_96Filler[0m [31m1 failed[0m [90m172.95 ms[0m
   [31m✖[0m ecmul_1_2_9_21000_96
 [41m[37m FAIL [0m [37mgenerated_state.stZeroKnowledge.ecmul_1-2_9_28000_128Filler[0m [31m1 failed[0m [90m158.39 ms[0m
   [31m✖[0m ecmul_1_2_9_28000_128
 [41m[37m FAIL [0m [37mgenerated_state.stZeroKnowledge.ecmul_1-2_9_28000_96Filler[0m [31m1 failed[0m [90m167.84 ms[0m
   [31m✖[0m ecmul_1_2_9_28000_96
 [32m✓[0m [2mgenerated_state.stZeroKnowledge.ecmul_1-3_0_21000_128Filler[0m [32m(1)[0m [90m6.01 ms[0m
   [32m✓[0m ecmul_1_3_0_21000_128
 [32m✓[0m [2mgenerated_state.stZeroKnowledge.ecmul_1-3_0_21000_64Filler[0m [32m(1)[0m [90m4.67 ms[0m
   [32m✓[0m ecmul_1_3_0_21000_64
 [32m✓[0m [2mgenerated_state.stZeroKnowledge.ecmul_1-3_0_21000_80Filler[0m [32m(1)[0m [90m4.25 ms[0m
   [32m✓[0m ecmul_1_3_0_21000_80
 [32m✓[0m [2mgenerated_state.stZeroKnowledge.ecmul_1-3_0_21000_96Filler[0m [32m(1)[0m [90m4.30 ms[0m
   [32m✓[0m ecmul_1_3_0_21000_96
 [32m✓[0m [2mgenerated_state.stZeroKnowledge.ecmul_1-3_0_28000_128Filler[0m [32m(1)[0m [90m4.76 ms[0m
   [32m✓[0m ecmul_1_3_0_28000_128
 [32m✓[0m [2mgenerated_state.stZeroKnowledge.ecmul_1-3_0_28000_64Filler[0m [32m(1)[0m [90m4.82 ms[0m
   [32m✓[0m ecmul_1_3_0_28000_64
 [32m✓[0m [2mgenerated_state.stZeroKnowledge.ecmul_1-3_0_28000_80_ParisFiller[0m [32m(1)[0m [90m5.06 ms[0m
   [32m✓[0m ecmul_1_3_0_28000_80_Paris
 [32m✓[0m [2mgenerated_state.stZeroKnowledge.ecmul_1-3_0_28000_96Filler[0m [32m(1)[0m [90m4.19 ms[0m
   [32m✓[0m ecmul_1_3_0_28000_96
 [32m✓[0m [2mgenerated_state.stZeroKnowledge.ecmul_1-3_1_21000_128Filler[0m [32m(1)[0m [90m5.01 ms[0m
   [32m✓[0m ecmul_1_3_1_21000_128
 [32m✓[0m [2mgenerated_state.stZeroKnowledge.ecmul_1-3_1_21000_96Filler[0m [32m(1)[0m [90m4.59 ms[0m
   [32m✓[0m ecmul_1_3_1_21000_96
 [32m✓[0m [2mgenerated_state.stZeroKnowledge.ecmul_1-3_1_28000_128Filler[0m [32m(1)[0m [90m4.65 ms[0m
   [32m✓[0m ecmul_1_3_1_28000_128
 [32m✓[0m [2mgenerated_state.stZeroKnowledge.ecmul_1-3_1_28000_96Filler[0m [32m(1)[0m [90m5.23 ms[0m
   [32m✓[0m ecmul_1_3_1_28000_96
 [32m✓[0m [2mgenerated_state.stZeroKnowledge.ecmul_1-3_2_21000_128Filler[0m [32m(1)[0m [90m5.60 ms[0m
   [32m✓[0m ecmul_1_3_2_21000_128
 [32m✓[0m [2mgenerated_state.stZeroKnowledge.ecmul_1-3_2_21000_96Filler[0m [32m(1)[0m [90m4.95 ms[0m
   [32m✓[0m ecmul_1_3_2_21000_96
 [32m✓[0m [2mgenerated_state.stZeroKnowledge.ecmul_1-3_2_28000_128Filler[0m [32m(1)[0m [90m5.36 ms[0m
   [32m✓[0m ecmul_1_3_2_28000_128
 [32m✓[0m [2mgenerated_state.stZeroKnowledge.ecmul_1-3_2_28000_96Filler[0m [32m(1)[0m [90m4.43 ms[0m
   [32m✓[0m ecmul_1_3_2_28000_96
 [32m✓[0m [2mgenerated_state.stZeroKnowledge.ecmul_1-3_340282366920938463463374607431768211456_21000_128Filler[0m [32m(1)[0m [90m4.28 ms[0m
   [32m✓[0m ecmul_1_3_340282366920938463463374607431768211456_21000_128
 [32m✓[0m [2mgenerated_state.stZeroKnowledge.ecmul_1-3_340282366920938463463374607431768211456_21000_80Filler[0m [32m(1)[0m [90m4.34 ms[0m
   [32m✓[0m ecmul_1_3_340282366920938463463374607431768211456_21000_80
 [32m✓[0m [2mgenerated_state.stZeroKnowledge.ecmul_1-3_340282366920938463463374607431768211456_21000_96Filler[0m [32m(1)[0m [90m3.95 ms[0m
   [32m✓[0m ecmul_1_3_340282366920938463463374607431768211456_21000_96
 [32m✓[0m [2mgenerated_state.stZeroKnowledge.ecmul_1-3_340282366920938463463374607431768211456_28000_128Filler[0m [32m(1)[0m [90m4.73 ms[0m
   [32m✓[0m ecmul_1_3_340282366920938463463374607431768211456_28000_128
 [32m✓[0m [2mgenerated_state.stZeroKnowledge.ecmul_1-3_340282366920938463463374607431768211456_28000_80Filler[0m [32m(1)[0m [90m4.91 ms[0m
   [32m✓[0m ecmul_1_3_340282366920938463463374607431768211456_28000_80
 [32m✓[0m [2mgenerated_state.stZeroKnowledge.ecmul_1-3_340282366920938463463374607431768211456_28000_96Filler[0m [32m(1)[0m [90m5.46 ms[0m
   [32m✓[0m ecmul_1_3_340282366920938463463374607431768211456_28000_96
 [32m✓[0m [2mgenerated_state.stZeroKnowledge.ecmul_1-3_5616_21000_128Filler[0m [32m(1)[0m [90m4.98 ms[0m
   [32m✓[0m ecmul_1_3_5616_21000_128
 [32m✓[0m [2mgenerated_state.stZeroKnowledge.ecmul_1-3_5616_21000_96Filler[0m [32m(1)[0m [90m4.73 ms[0m
   [32m✓[0m ecmul_1_3_5616_21000_96
 [32m✓[0m [2mgenerated_state.stZeroKnowledge.ecmul_1-3_5616_28000_128Filler[0m [32m(1)[0m [90m5.60 ms[0m
   [32m✓[0m ecmul_1_3_5616_28000_128
 [32m✓[0m [2mgenerated_state.stZeroKnowledge.ecmul_1-3_5616_28000_96Filler[0m [32m(1)[0m [90m5.36 ms[0m
   [32m✓[0m ecmul_1_3_5616_28000_96
 [32m✓[0m [2mgenerated_state.stZeroKnowledge.ecmul_1-3_5617_21000_128Filler[0m [32m(1)[0m [90m5.51 ms[0m
   [32m✓[0m ecmul_1_3_5617_21000_128
 [32m✓[0m [2mgenerated_state.stZeroKnowledge.ecmul_1-3_5617_21000_96Filler[0m [32m(1)[0m [90m4.67 ms[0m
   [32m✓[0m ecmul_1_3_5617_21000_96
 [32m✓[0m [2mgenerated_state.stZeroKnowledge.ecmul_1-3_5617_28000_128Filler[0m [32m(1)[0m [90m4.80 ms[0m
   [32m✓[0m ecmul_1_3_5617_28000_128
 [32m✓[0m [2mgenerated_state.stZeroKnowledge.ecmul_1-3_5617_28000_96Filler[0m [32m(1)[0m [90m5.17 ms[0m
   [32m✓[0m ecmul_1_3_5617_28000_96
 [32m✓[0m [2mgenerated_state.stZeroKnowledge.ecmul_1-3_9935_21000_128Filler[0m [32m(1)[0m [90m4.87 ms[0m
   [32m✓[0m ecmul_1_3_9935_21000_128
 [32m✓[0m [2mgenerated_state.stZeroKnowledge.ecmul_1-3_9935_21000_96Filler[0m [32m(1)[0m [90m9.80 ms[0m
   [32m✓[0m ecmul_1_3_9935_21000_96
 [32m✓[0m [2mgenerated_state.stZeroKnowledge.ecmul_1-3_9935_28000_128Filler[0m [32m(1)[0m [90m4.63 ms[0m
   [32m✓[0m ecmul_1_3_9935_28000_128
 [32m✓[0m [2mgenerated_state.stZeroKnowledge.ecmul_1-3_9935_28000_96Filler[0m [32m(1)[0m [90m4.51 ms[0m
   [32m✓[0m ecmul_1_3_9935_28000_96
 [32m✓[0m [2mgenerated_state.stZeroKnowledge.ecmul_1-3_9_21000_128Filler[0m [32m(1)[0m [90m5.10 ms[0m
   [32m✓[0m ecmul_1_3_9_21000_128
 [32m✓[0m [2mgenerated_state.stZeroKnowledge.ecmul_1-3_9_21000_96Filler[0m [32m(1)[0m [90m5.75 ms[0m
   [32m✓[0m ecmul_1_3_9_21000_96
 [32m✓[0m [2mgenerated_state.stZeroKnowledge.ecmul_1-3_9_28000_128Filler[0m [32m(1)[0m [90m5.62 ms[0m
   [32m✓[0m ecmul_1_3_9_28000_128
 [32m✓[0m [2mgenerated_state.stZeroKnowledge.ecmul_1-3_9_28000_96Filler[0m [32m(1)[0m [90m4.98 ms[0m
   [32m✓[0m ecmul_1_3_9_28000_96
 [41m[37m FAIL [0m [37mgenerated_state.stZeroKnowledge.ecmul_7827-6598_0_21000_128Filler[0m [31m1 failed[0m [90m173.27 ms[0m
   [31m✖[0m ecmul_7827_6598_0_21000_128
 [41m[37m FAIL [0m [37mgenerated_state.stZeroKnowledge.ecmul_7827-6598_0_21000_64Filler[0m [31m1 failed[0m [90m170.45 ms[0m
   [31m✖[0m ecmul_7827_6598_0_21000_64
 [41m[37m FAIL [0m [37mgenerated_state.stZeroKnowledge.ecmul_7827-6598_0_21000_80Filler[0m [31m1 failed[0m [90m176.14 ms[0m
   [31m✖[0m ecmul_7827_6598_0_21000_80
 [41m[37m FAIL [0m [37mgenerated_state.stZeroKnowledge.ecmul_7827-6598_0_21000_96Filler[0m [31m1 failed[0m [90m168.30 ms[0m
   [31m✖[0m ecmul_7827_6598_0_21000_96
 [32m✓[0m [2mgenerated_state.stZeroKnowledge.ecmul_7827-6598_0_28000_128Filler[0m [32m(1)[0m [90m4.53 ms[0m
   [32m✓[0m ecmul_7827_6598_0_28000_128
 [32m✓[0m [2mgenerated_state.stZeroKnowledge.ecmul_7827-6598_0_28000_64Filler[0m [32m(1)[0m [90m8.54 ms[0m
   [32m✓[0m ecmul_7827_6598_0_28000_64
 [32m✓[0m [2mgenerated_state.stZeroKnowledge.ecmul_7827-6598_0_28000_80Filler[0m [32m(1)[0m [90m5.82 ms[0m
   [32m✓[0m ecmul_7827_6598_0_28000_80
 [32m✓[0m [2mgenerated_state.stZeroKnowledge.ecmul_7827-6598_0_28000_96Filler[0m [32m(1)[0m [90m4.57 ms[0m
   [32m✓[0m ecmul_7827_6598_0_28000_96
 [41m[37m FAIL [0m [37mgenerated_state.stZeroKnowledge.ecmul_7827-6598_1456_21000_128Filler[0m [31m1 failed[0m [90m159.49 ms[0m
   [31m✖[0m ecmul_7827_6598_1456_21000_128
 [41m[37m FAIL [0m [37mgenerated_state.stZeroKnowledge.ecmul_7827-6598_1456_21000_80Filler[0m [31m1 failed[0m [90m163.25 ms[0m
   [31m✖[0m ecmul_7827_6598_1456_21000_80
 [41m[37m FAIL [0m [37mgenerated_state.stZeroKnowledge.ecmul_7827-6598_1456_21000_96Filler[0m [31m1 failed[0m [90m182.51 ms[0m
   [31m✖[0m ecmul_7827_6598_1456_21000_96
 [41m[37m FAIL [0m [37mgenerated_state.stZeroKnowledge.ecmul_7827-6598_1456_28000_128Filler[0m [31m1 failed[0m [90m164.53 ms[0m
   [31m✖[0m ecmul_7827_6598_1456_28000_128
 [41m[37m FAIL [0m [37mgenerated_state.stZeroKnowledge.ecmul_7827-6598_1456_28000_80Filler[0m [31m1 failed[0m [90m171.67 ms[0m
   [31m✖[0m ecmul_7827_6598_1456_28000_80
 [41m[37m FAIL [0m [37mgenerated_state.stZeroKnowledge.ecmul_7827-6598_1456_28000_96Filler[0m [31m1 failed[0m [90m175.19 ms[0m
   [31m✖[0m ecmul_7827_6598_1456_28000_96
 [41m[37m FAIL [0m [37mgenerated_state.stZeroKnowledge.ecmul_7827-6598_1_21000_128Filler[0m [31m1 failed[0m [90m169.98 ms[0m
   [31m✖[0m ecmul_7827_6598_1_21000_128
 [41m[37m FAIL [0m [37mgenerated_state.stZeroKnowledge.ecmul_7827-6598_1_21000_96Filler[0m [31m1 failed[0m [90m163.31 ms[0m
   [31m✖[0m ecmul_7827_6598_1_21000_96
 [41m[37m FAIL [0m [37mgenerated_state.stZeroKnowledge.ecmul_7827-6598_1_28000_128Filler[0m [31m1 failed[0m [90m171.46 ms[0m
   [31m✖[0m ecmul_7827_6598_1_28000_128
 [41m[37m FAIL [0m [37mgenerated_state.stZeroKnowledge.ecmul_7827-6598_1_28000_96Filler[0m [31m1 failed[0m [90m174.50 ms[0m
   [31m✖[0m ecmul_7827_6598_1_28000_96
 [41m[37m FAIL [0m [37mgenerated_state.stZeroKnowledge.ecmul_7827-6598_2_21000_128Filler[0m [31m1 failed[0m [90m153.22 ms[0m
   [31m✖[0m ecmul_7827_6598_2_21000_128
 [41m[37m FAIL [0m [37mgenerated_state.stZeroKnowledge.ecmul_7827-6598_2_21000_96Filler[0m [31m1 failed[0m [90m162.70 ms[0m
   [31m✖[0m ecmul_7827_6598_2_21000_96
 [41m[37m FAIL [0m [37mgenerated_state.stZeroKnowledge.ecmul_7827-6598_2_28000_128Filler[0m [31m1 failed[0m [90m160.39 ms[0m
   [31m✖[0m ecmul_7827_6598_2_28000_128
 [41m[37m FAIL [0m [37mgenerated_state.stZeroKnowledge.ecmul_7827-6598_2_28000_96Filler[0m [31m1 failed[0m [90m158.30 ms[0m
   [31m✖[0m ecmul_7827_6598_2_28000_96
 [41m[37m FAIL [0m [37mgenerated_state.stZeroKnowledge.ecmul_7827-6598_5616_21000_128Filler[0m [31m1 failed[0m [90m175.57 ms[0m
   [31m✖[0m ecmul_7827_6598_5616_21000_128
 [41m[37m FAIL [0m [37mgenerated_state.stZeroKnowledge.ecmul_7827-6598_5616_21000_96Filler[0m [31m1 failed[0m [90m168.29 ms[0m
   [31m✖[0m ecmul_7827_6598_5616_21000_96
 [41m[37m FAIL [0m [37mgenerated_state.stZeroKnowledge.ecmul_7827-6598_5616_28000_128Filler[0m [31m1 failed[0m [90m165.51 ms[0m
   [31m✖[0m ecmul_7827_6598_5616_28000_128
 [41m[37m FAIL [0m [37mgenerated_state.stZeroKnowledge.ecmul_7827-6598_5616_28000_96Filler[0m [31m1 failed[0m [90m168.69 ms[0m
   [31m✖[0m ecmul_7827_6598_5616_28000_96
 [41m[37m FAIL [0m [37mgenerated_state.stZeroKnowledge.ecmul_7827-6598_5617_21000_128Filler[0m [31m1 failed[0m [90m154.17 ms[0m
   [31m✖[0m ecmul_7827_6598_5617_21000_128
 [41m[37m FAIL [0m [37mgenerated_state.stZeroKnowledge.ecmul_7827-6598_5617_21000_96Filler[0m [31m1 failed[0m [90m164.04 ms[0m
   [31m✖[0m ecmul_7827_6598_5617_21000_96
 [32m✓[0m [2mgenerated_state.stZeroKnowledge.ecmul_7827-6598_5617_28000_128Filler[0m [32m(1)[0m [90m4.00 ms[0m
   [32m✓[0m ecmul_7827_6598_5617_28000_128
 [32m✓[0m [2mgenerated_state.stZeroKnowledge.ecmul_7827-6598_5617_28000_96Filler[0m [32m(1)[0m [90m5.22 ms[0m
   [32m✓[0m ecmul_7827_6598_5617_28000_96
 [41m[37m FAIL [0m [37mgenerated_state.stZeroKnowledge.ecmul_7827-6598_9935_21000_128Filler[0m [31m1 failed[0m [90m164.36 ms[0m
   [31m✖[0m ecmul_7827_6598_9935_21000_128
 [41m[37m FAIL [0m [37mgenerated_state.stZeroKnowledge.ecmul_7827-6598_9935_21000_96Filler[0m [31m1 failed[0m [90m162.69 ms[0m
   [31m✖[0m ecmul_7827_6598_9935_21000_96
 [41m[37m FAIL [0m [37mgenerated_state.stZeroKnowledge.ecmul_7827-6598_9935_28000_128Filler[0m [31m1 failed[0m [90m159.36 ms[0m
   [31m✖[0m ecmul_7827_6598_9935_28000_128
 [41m[37m FAIL [0m [37mgenerated_state.stZeroKnowledge.ecmul_7827-6598_9935_28000_96Filler[0m [31m1 failed[0m [90m161.18 ms[0m
   [31m✖[0m ecmul_7827_6598_9935_28000_96
 [41m[37m FAIL [0m [37mgenerated_state.stZeroKnowledge.ecmul_7827-6598_9_21000_128Filler[0m [31m1 failed[0m [90m170.77 ms[0m
   [31m✖[0m ecmul_7827_6598_9_21000_128
 [41m[37m FAIL [0m [37mgenerated_state.stZeroKnowledge.ecmul_7827-6598_9_21000_96Filler[0m [31m1 failed[0m [90m183.12 ms[0m
   [31m✖[0m ecmul_7827_6598_9_21000_96
 [41m[37m FAIL [0m [37mgenerated_state.stZeroKnowledge.ecmul_7827-6598_9_28000_128Filler[0m [31m1 failed[0m [90m175.07 ms[0m
   [31m✖[0m ecmul_7827_6598_9_28000_128
 [41m[37m FAIL [0m [37mgenerated_state.stZeroKnowledge.ecmul_7827-6598_9_28000_96Filler[0m [31m1 failed[0m [90m178.58 ms[0m
   [31m✖[0m ecmul_7827_6598_9_28000_96
 [32m✓[0m [2mgenerated_state.stZeroKnowledge.ecpairing_bad_length_191Filler[0m [32m(1)[0m [90m3.76 ms[0m
   [32m✓[0m ecpairing_bad_length_191
 [32m✓[0m [2mgenerated_state.stZeroKnowledge.ecpairing_bad_length_193Filler[0m [32m(1)[0m [90m4.98 ms[0m
   [32m✓[0m ecpairing_bad_length_193
 [41m[37m FAIL [0m [37mgenerated_state.stZeroKnowledge.ecpairing_empty_dataFiller[0m [31m1 failed[0m [90m174.17 ms[0m
   [31m✖[0m ecpairing_empty_data
 [41m[37m FAIL [0m [37mgenerated_state.stZeroKnowledge.ecpairing_empty_data_insufficient_gasFiller[0m [31m1 failed[0m [90m158.08 ms[0m
   [31m✖[0m ecpairing_empty_data_insufficient_gas
 [41m[37m FAIL [0m [37mgenerated_state.stZeroKnowledge.ecpairing_one_point_failFiller[0m [31m1 failed[0m [90m171.08 ms[0m
   [31m✖[0m ecpairing_one_point_fail
 [32m✓[0m [2mgenerated_state.stZeroKnowledge.ecpairing_one_point_insufficient_gasFiller[0m [32m(1)[0m [90m5.09 ms[0m
   [32m✓[0m ecpairing_one_point_insufficient_gas
 [32m✓[0m [2mgenerated_state.stZeroKnowledge.ecpairing_one_point_not_in_subgroupFiller[0m [32m(1)[0m [90m3.98 ms[0m
   [32m✓[0m ecpairing_one_point_not_in_subgroup
 [41m[37m FAIL [0m [37mgenerated_state.stZeroKnowledge.ecpairing_one_point_with_g1_zeroFiller[0m [31m1 failed[0m [90m168.03 ms[0m
   [31m✖[0m ecpairing_one_point_with_g1_zero
 [32m✓[0m [2mgenerated_state.stZeroKnowledge.ecpairing_one_point_with_g2_zeroFiller[0m [32m(1)[0m [90m7.98 ms[0m
   [32m✓[0m ecpairing_one_point_with_g2_zero
 [32m✓[0m [2mgenerated_state.stZeroKnowledge.ecpairing_one_point_with_g2_zero_and_g1_invalidFiller[0m [32m(1)[0m [90m4.60 ms[0m
   [32m✓[0m ecpairing_one_point_with_g2_zero_and_g1_invalid
 [32m✓[0m [2mgenerated_state.stZeroKnowledge.ecpairing_perturb_g2_by_curve_orderFiller[0m [32m(1)[0m [90m3.77 ms[0m
   [32m✓[0m ecpairing_perturb_g2_by_curve_order
 [32m✓[0m [2mgenerated_state.stZeroKnowledge.ecpairing_perturb_g2_by_field_modulusFiller[0m [32m(1)[0m [90m5.23 ms[0m
   [32m✓[0m ecpairing_perturb_g2_by_field_modulus
 [32m✓[0m [2mgenerated_state.stZeroKnowledge.ecpairing_perturb_g2_by_field_modulus_againFiller[0m [32m(1)[0m [90m9.46 ms[0m
   [32m✓[0m ecpairing_perturb_g2_by_field_modulus_again
 [32m✓[0m [2mgenerated_state.stZeroKnowledge.ecpairing_perturb_g2_by_oneFiller[0m [32m(1)[0m [90m6.03 ms[0m
   [32m✓[0m ecpairing_perturb_g2_by_one
 [32m✓[0m [2mgenerated_state.stZeroKnowledge.ecpairing_perturb_zeropoint_by_curve_orderFiller[0m [32m(1)[0m [90m5.73 ms[0m
   [32m✓[0m ecpairing_perturb_zeropoint_by_curve_order
 [32m✓[0m [2mgenerated_state.stZeroKnowledge.ecpairing_perturb_zeropoint_by_field_modulusFiller[0m [32m(1)[0m [90m5.11 ms[0m
   [32m✓[0m ecpairing_perturb_zeropoint_by_field_modulus
 [32m✓[0m [2mgenerated_state.stZeroKnowledge.ecpairing_perturb_zeropoint_by_oneFiller[0m [32m(1)[0m [90m4.20 ms[0m
   [32m✓[0m ecpairing_perturb_zeropoint_by_one
 [41m[37m FAIL [0m [37mgenerated_state.stZeroKnowledge.ecpairing_three_point_fail_1Filler[0m [31m1 failed[0m [90m160.44 ms[0m
   [31m✖[0m ecpairing_three_point_fail_1
 [32m✓[0m [2mgenerated_state.stZeroKnowledge.ecpairing_three_point_match_1Filler[0m [32m(1)[0m [90m4.49 ms[0m
   [32m✓[0m ecpairing_three_point_match_1
 [41m[37m FAIL [0m [37mgenerated_state.stZeroKnowledge.ecpairing_two_point_fail_1Filler[0m [31m1 failed[0m [90m155.23 ms[0m
   [31m✖[0m ecpairing_two_point_fail_1
 [41m[37m FAIL [0m [37mgenerated_state.stZeroKnowledge.ecpairing_two_point_fail_2Filler[0m [31m1 failed[0m [90m167.56 ms[0m
   [31m✖[0m ecpairing_two_point_fail_2
 [41m[37m FAIL [0m [37mgenerated_state.stZeroKnowledge.ecpairing_two_point_match_1Filler[0m [31m1 failed[0m [90m161.62 ms[0m
   [31m✖[0m ecpairing_two_point_match_1
 [32m✓[0m [2mgenerated_state.stZeroKnowledge.ecpairing_two_point_match_2Filler[0m [32m(1)[0m [90m8.98 ms[0m
   [32m✓[0m ecpairing_two_point_match_2
 [32m✓[0m [2mgenerated_state.stZeroKnowledge.ecpairing_two_point_match_3Filler[0m [32m(1)[0m [90m5.37 ms[0m
   [32m✓[0m ecpairing_two_point_match_3
 [32m✓[0m [2mgenerated_state.stZeroKnowledge.ecpairing_two_point_match_4Filler[0m [32m(1)[0m [90m4.42 ms[0m
   [32m✓[0m ecpairing_two_point_match_4
 [41m[37m FAIL [0m [37mgenerated_state.stZeroKnowledge.ecpairing_two_point_match_5Filler[0m [31m1 failed[0m [90m177.87 ms[0m
   [31m✖[0m ecpairing_two_point_match_5
 [32m✓[0m [2mgenerated_state.stZeroKnowledge.ecpairing_two_point_oogFiller[0m [32m(1)[0m [90m3.33 ms[0m
   [32m✓[0m ecpairing_two_point_oog
 [32m✓[0m [2mgenerated_state.stZeroKnowledge.ecpairing_two_points_with_one_g2_zeroFiller[0m [32m(1)[0m [90m5.14 ms[0m
   [32m✓[0m ecpairing_two_points_with_one_g2_zero
 [41m[37m FAIL [0m [37mgenerated_state.stZeroKnowledge.pairingTestFiller[0m [31m1 failed[0m [90m180.98 ms[0m
   [31m✖[0m pairingTest
 [41m[37m FAIL [0m [37mgenerated_state.stZeroKnowledge.pointAddFiller[0m [31m1 failed[0m [90m166.39 ms[0m
   [31m✖[0m pointAdd
 [41m[37m FAIL [0m [37mgenerated_state.stZeroKnowledge.pointAddTruncFiller[0m [31m1 failed[0m [90m157.09 ms[0m
   [31m✖[0m pointAddTrunc
 [41m[37m FAIL [0m [37mgenerated_state.stZeroKnowledge.pointMulAdd2Filler[0m [31m1 failed[0m [90m170.44 ms[0m
   [31m✖[0m pointMulAdd2
 [41m[37m FAIL [0m [37mgenerated_state.stZeroKnowledge.pointMulAddFiller[0m [31m1 failed[0m [90m168.57 ms[0m
   [31m✖[0m pointMulAdd
 [41m[37m FAIL [0m [37mgenerated_state.stZeroKnowledge2.ecadd_0-0_0-0_21000_0Filler[0m [31m1 failed[0m [90m156.39 ms[0m
   [31m✖[0m ecadd_0_0_0_0_21000_0
 [41m[37m FAIL [0m [37mgenerated_state.stZeroKnowledge2.ecadd_0-0_0-0_21000_128Filler[0m [31m1 failed[0m [90m164.48 ms[0m
   [31m✖[0m ecadd_0_0_0_0_21000_128
 [41m[37m FAIL [0m [37mgenerated_state.stZeroKnowledge2.ecadd_0-0_0-0_21000_192Filler[0m [31m1 failed[0m [90m168.77 ms[0m
   [31m✖[0m ecadd_0_0_0_0_21000_192
 [41m[37m FAIL [0m [37mgenerated_state.stZeroKnowledge2.ecadd_0-0_0-0_21000_64Filler[0m [31m1 failed[0m [90m161.67 ms[0m
   [31m✖[0m ecadd_0_0_0_0_21000_64
 [41m[37m FAIL [0m [37mgenerated_state.stZeroKnowledge2.ecadd_0-0_0-0_21000_80_ParisFiller[0m [31m1 failed[0m [90m155.37 ms[0m
   [31m✖[0m ecadd_0_0_0_0_21000_80_Paris
 [32m✓[0m [2mgenerated_state.stZeroKnowledge2.ecadd_0-0_0-0_25000_0Filler[0m [32m(1)[0m [90m4.17 ms[0m
   [32m✓[0m ecadd_0_0_0_0_25000_0
 [32m✓[0m [2mgenerated_state.stZeroKnowledge2.ecadd_0-0_0-0_25000_128Filler[0m [32m(1)[0m [90m5.30 ms[0m
   [32m✓[0m ecadd_0_0_0_0_25000_128
 [32m✓[0m [2mgenerated_state.stZeroKnowledge2.ecadd_0-0_0-0_25000_192Filler[0m [32m(1)[0m [90m5.36 ms[0m
   [32m✓[0m ecadd_0_0_0_0_25000_192
 [32m✓[0m [2mgenerated_state.stZeroKnowledge2.ecadd_0-0_0-0_25000_64Filler[0m [32m(1)[0m [90m3.74 ms[0m
   [32m✓[0m ecadd_0_0_0_0_25000_64
 [32m✓[0m [2mgenerated_state.stZeroKnowledge2.ecadd_0-0_0-0_25000_80Filler[0m [32m(1)[0m [90m4.77 ms[0m
   [32m✓[0m ecadd_0_0_0_0_25000_80
 [41m[37m FAIL [0m [37mgenerated_state.stZeroKnowledge2.ecadd_0-0_1-2_21000_128Filler[0m [31m1 failed[0m [90m187.52 ms[0m
   [31m✖[0m ecadd_0_0_1_2_21000_128
 [41m[37m FAIL [0m [37mgenerated_state.stZeroKnowledge2.ecadd_0-0_1-2_21000_192Filler[0m [31m1 failed[0m [90m183.34 ms[0m
   [31m✖[0m ecadd_0_0_1_2_21000_192
 [41m[37m FAIL [0m [37mgenerated_state.stZeroKnowledge2.ecadd_0-0_1-2_25000_128Filler[0m [31m1 failed[0m [90m169.35 ms[0m
   [31m✖[0m ecadd_0_0_1_2_25000_128
 [41m[37m FAIL [0m [37mgenerated_state.stZeroKnowledge2.ecadd_0-0_1-2_25000_192Filler[0m [31m1 failed[0m [90m185.93 ms[0m
   [31m✖[0m ecadd_0_0_1_2_25000_192
 [32m✓[0m [2mgenerated_state.stZeroKnowledge2.ecadd_0-0_1-3_21000_128Filler[0m [32m(1)[0m [90m5.45 ms[0m
   [32m✓[0m ecadd_0_0_1_3_21000_128
 [32m✓[0m [2mgenerated_state.stZeroKnowledge2.ecadd_0-0_1-3_25000_128Filler[0m [32m(1)[0m [90m7.70 ms[0m
   [32m✓[0m ecadd_0_0_1_3_25000_128
 [32m✓[0m [2mgenerated_state.stZeroKnowledge2.ecadd_0-3_1-2_21000_128Filler[0m [32m(1)[0m [90m4.27 ms[0m
   [32m✓[0m ecadd_0_3_1_2_21000_128
 [32m✓[0m [2mgenerated_state.stZeroKnowledge2.ecadd_0-3_1-2_25000_128Filler[0m [32m(1)[0m [90m4.55 ms[0m
   [32m✓[0m ecadd_0_3_1_2_25000_128
 [41m[37m FAIL [0m [37mgenerated_state.stZeroKnowledge2.ecadd_1-2_0-0_21000_128Filler[0m [31m1 failed[0m [90m168.69 ms[0m
   [31m✖[0m ecadd_1_2_0_0_21000_128
 [41m[37m FAIL [0m [37mgenerated_state.stZeroKnowledge2.ecadd_1-2_0-0_21000_192Filler[0m [31m1 failed[0m [90m177.85 ms[0m
   [31m✖[0m ecadd_1_2_0_0_21000_192
 [41m[37m FAIL [0m [37mgenerated_state.stZeroKnowledge2.ecadd_1-2_0-0_21000_64Filler[0m [31m1 failed[0m [90m162.94 ms[0m
   [31m✖[0m ecadd_1_2_0_0_21000_64
 [41m[37m FAIL [0m [37mgenerated_state.stZeroKnowledge2.ecadd_1-2_0-0_25000_128Filler[0m [31m1 failed[0m [90m176.09 ms[0m
   [31m✖[0m ecadd_1_2_0_0_25000_128
 [41m[37m FAIL [0m [37mgenerated_state.stZeroKnowledge2.ecadd_1-2_0-0_25000_192Filler[0m [31m1 failed[0m [90m166.57 ms[0m
   [31m✖[0m ecadd_1_2_0_0_25000_192
 [41m[37m FAIL [0m [37mgenerated_state.stZeroKnowledge2.ecadd_1-2_0-0_25000_64Filler[0m [31m1 failed[0m [90m170.60 ms[0m
   [31m✖[0m ecadd_1_2_0_0_25000_64
 [41m[37m FAIL [0m [37mgenerated_state.stZeroKnowledge2.ecadd_1-2_1-2_21000_128Filler[0m [31m1 failed[0m [90m163.34 ms[0m
   [31m✖[0m ecadd_1_2_1_2_21000_128
 [41m[37m FAIL [0m [37mgenerated_state.stZeroKnowledge2.ecadd_1-2_1-2_21000_192Filler[0m [31m1 failed[0m [90m167.53 ms[0m
   [31m✖[0m ecadd_1_2_1_2_21000_192
 [41m[37m FAIL [0m [37mgenerated_state.stZeroKnowledge2.ecadd_1-2_1-2_25000_128Filler[0m [31m1 failed[0m [90m163.30 ms[0m
   [31m✖[0m ecadd_1_2_1_2_25000_128
 [41m[37m FAIL [0m [37mgenerated_state.stZeroKnowledge2.ecadd_1-2_1-2_25000_192Filler[0m [31m1 failed[0m [90m165.78 ms[0m
   [31m✖[0m ecadd_1_2_1_2_25000_192
 [32m✓[0m [2mgenerated_state.stZeroKnowledge2.ecadd_1-3_0-0_21000_80Filler[0m [32m(1)[0m [90m6.72 ms[0m
   [32m✓[0m ecadd_1_3_0_0_21000_80
 [32m✓[0m [2mgenerated_state.stZeroKnowledge2.ecadd_1-3_0-0_25000_80_ParisFiller[0m [32m(1)[0m [90m8.65 ms[0m
   [32m✓[0m ecadd_1_3_0_0_25000_80_Paris
 [41m[37m FAIL [0m [37mgenerated_state.stZeroKnowledge2.ecadd_1145-3932_1145-4651_21000_192Filler[0m [31m1 failed[0m [90m172.42 ms[0m
   [31m✖[0m ecadd_1145_3932_1145_4651_21000_192
 [32m✓[0m [2mgenerated_state.stZeroKnowledge2.ecadd_1145-3932_1145-4651_25000_192Filler[0m [32m(1)[0m [90m4.57 ms[0m
   [32m✓[0m ecadd_1145_3932_1145_4651_25000_192
 [41m[37m FAIL [0m [37mgenerated_state.stZeroKnowledge2.ecadd_1145-3932_2969-1336_21000_128Filler[0m [31m1 failed[0m [90m165.83 ms[0m
   [31m✖[0m ecadd_1145_3932_2969_1336_21000_128
 [41m[37m FAIL [0m [37mgenerated_state.stZeroKnowledge2.ecadd_1145-3932_2969-1336_25000_128Filler[0m [31m1 failed[0m [90m157.49 ms[0m
   [31m✖[0m ecadd_1145_3932_2969_1336_25000_128
 [32m✓[0m [2mgenerated_state.stZeroKnowledge2.ecadd_6-9_19274124-124124_21000_128Filler[0m [32m(1)[0m [90m4.01 ms[0m
   [32m✓[0m ecadd_6_9_19274124_124124_21000_128
 [32m✓[0m [2mgenerated_state.stZeroKnowledge2.ecadd_6-9_19274124-124124_25000_128Filler[0m [32m(1)[0m [90m4.67 ms[0m
   [32m✓[0m ecadd_6_9_19274124_124124_25000_128
 [41m[37m FAIL [0m [37mgenerated_state.stZeroKnowledge2.ecmul_0-0_0_21000_0Filler[0m [31m1 failed[0m [90m165.36 ms[0m
   [31m✖[0m ecmul_0_0_0_21000_0
 [41m[37m FAIL [0m [37mgenerated_state.stZeroKnowledge2.ecmul_0-0_0_21000_128Filler[0m [31m1 failed[0m [90m164.42 ms[0m
   [31m✖[0m ecmul_0_0_0_21000_128
 [41m[37m FAIL [0m [37mgenerated_state.stZeroKnowledge2.ecmul_0-0_0_21000_40Filler[0m [31m1 failed[0m [90m179.36 ms[0m
   [31m✖[0m ecmul_0_0_0_21000_40
 [41m[37m FAIL [0m [37mgenerated_state.stZeroKnowledge2.ecmul_0-0_0_21000_64Filler[0m [31m1 failed[0m [90m151.83 ms[0m
   [31m✖[0m ecmul_0_0_0_21000_64
 [41m[37m FAIL [0m [37mgenerated_state.stZeroKnowledge2.ecmul_0-0_0_21000_80Filler[0m [31m1 failed[0m [90m170.71 ms[0m
   [31m✖[0m ecmul_0_0_0_21000_80
 [41m[37m FAIL [0m [37mgenerated_state.stZeroKnowledge2.ecmul_0-0_0_21000_96Filler[0m [31m1 failed[0m [90m159.05 ms[0m
   [31m✖[0m ecmul_0_0_0_21000_96
 [32m✓[0m [2mgenerated_state.stZeroKnowledge2.ecmul_0-0_0_28000_0Filler[0m [32m(1)[0m [90m4.65 ms[0m
   [32m✓[0m ecmul_0_0_0_28000_0
 [32m✓[0m [2mgenerated_state.stZeroKnowledge2.ecmul_0-0_0_28000_128Filler[0m [32m(1)[0m [90m4.23 ms[0m
   [32m✓[0m ecmul_0_0_0_28000_128
 [32m✓[0m [2mgenerated_state.stZeroKnowledge2.ecmul_0-0_0_28000_40Filler[0m [32m(1)[0m [90m4.57 ms[0m
   [32m✓[0m ecmul_0_0_0_28000_40
 [32m✓[0m [2mgenerated_state.stZeroKnowledge2.ecmul_0-0_0_28000_64Filler[0m [32m(1)[0m [90m4.87 ms[0m
   [32m✓[0m ecmul_0_0_0_28000_64
 [32m✓[0m [2mgenerated_state.stZeroKnowledge2.ecmul_0-0_0_28000_80Filler[0m [32m(1)[0m [90m5.04 ms[0m
   [32m✓[0m ecmul_0_0_0_28000_80
 [41m[37m FAIL [0m [37mgenerated_state.stZeroKnowledge2.ecmul_0-0_0_28000_96Filler[0m [31m1 failed[0m [90m170.27 ms[0m
   [31m✖[0m ecmul_0_0_0_28000_96
 [41m[37m FAIL [0m [37mgenerated_state.stZeroKnowledge2.ecmul_0-0_1_21000_128Filler[0m [31m1 failed[0m [90m185.31 ms[0m
   [31m✖[0m ecmul_0_0_1_21000_128
 [41m[37m FAIL [0m [37mgenerated_state.stZeroKnowledge2.ecmul_0-0_1_21000_96Filler[0m [31m1 failed[0m [90m168.78 ms[0m
   [31m✖[0m ecmul_0_0_1_21000_96
 [32m✓[0m [2mgenerated_state.stZeroKnowledge2.ecmul_0-0_1_28000_128Filler[0m [32m(1)[0m [90m5.39 ms[0m
   [32m✓[0m ecmul_0_0_1_28000_128
 [32m✓[0m [2mgenerated_state.stZeroKnowledge2.ecmul_0-0_1_28000_96Filler[0m [32m(1)[0m [90m4.26 ms[0m
   [32m✓[0m ecmul_0_0_1_28000_96
 [41m[37m FAIL [0m [37mgenerated_state.stZeroKnowledge2.ecmul_0-0_2_21000_128Filler[0m [31m1 failed[0m [90m179.95 ms[0m
   [31m✖[0m ecmul_0_0_2_21000_128
 [41m[37m FAIL [0m [37mgenerated_state.stZeroKnowledge2.ecmul_0-0_2_21000_96Filler[0m [31m1 failed[0m [90m163.60 ms[0m
   [31m✖[0m ecmul_0_0_2_21000_96
 [32m✓[0m [2mgenerated_state.stZeroKnowledge2.ecmul_0-0_2_28000_128Filler[0m [32m(1)[0m [90m4.15 ms[0m
   [32m✓[0m ecmul_0_0_2_28000_128
 [41m[37m FAIL [0m [37mgenerated_state.stZeroKnowledge2.ecmul_0-0_2_28000_96Filler[0m [31m1 failed[0m [90m162.43 ms[0m
   [31m✖[0m ecmul_0_0_2_28000_96
 [41m[37m FAIL [0m [37mgenerated_state.stZeroKnowledge2.ecmul_0-0_340282366920938463463374607431768211456_21000_128Filler[0m [31m1 failed[0m [90m182.42 ms[0m
   [31m✖[0m ecmul_0_0_340282366920938463463374607431768211456_21000_128
 [41m[37m FAIL [0m [37mgenerated_state.stZeroKnowledge2.ecmul_0-0_340282366920938463463374607431768211456_21000_80Filler[0m [31m1 failed[0m [90m172.71 ms[0m
   [31m✖[0m ecmul_0_0_340282366920938463463374607431768211456_21000_80
 [41m[37m FAIL [0m [37mgenerated_state.stZeroKnowledge2.ecmul_0-0_340282366920938463463374607431768211456_21000_96Filler[0m [31m1 failed[0m [90m170.25 ms[0m
   [31m✖[0m ecmul_0_0_340282366920938463463374607431768211456_21000_96
 [41m[37m FAIL [0m [37mgenerated_state.stZeroKnowledge2.ecmul_0-0_340282366920938463463374607431768211456_28000_128Filler[0m [31m1 failed[0m [90m168.92 ms[0m
   [31m✖[0m ecmul_0_0_340282366920938463463374607431768211456_28000_128
 [41m[37m FAIL [0m [37mgenerated_state.stZeroKnowledge2.ecmul_0-0_340282366920938463463374607431768211456_28000_80Filler[0m [31m1 failed[0m [90m165.75 ms[0m
   [31m✖[0m ecmul_0_0_340282366920938463463374607431768211456_28000_80
 [41m[37m FAIL [0m [37mgenerated_state.stZeroKnowledge2.ecmul_0-0_340282366920938463463374607431768211456_28000_96Filler[0m [31m1 failed[0m [90m163.80 ms[0m
   [31m✖[0m ecmul_0_0_340282366920938463463374607431768211456_28000_96
 [41m[37m FAIL [0m [37mgenerated_state.stZeroKnowledge2.ecmul_0-0_5616_21000_128Filler[0m [31m1 failed[0m [90m162.78 ms[0m
   [31m✖[0m ecmul_0_0_5616_21000_128
 [41m[37m FAIL [0m [37mgenerated_state.stZeroKnowledge2.ecmul_0-0_5616_21000_96Filler[0m [31m1 failed[0m [90m165.88 ms[0m
   [31m✖[0m ecmul_0_0_5616_21000_96
 [41m[37m FAIL [0m [37mgenerated_state.stZeroKnowledge2.ecmul_0-0_5616_28000_128Filler[0m [31m1 failed[0m [90m160.48 ms[0m
   [31m✖[0m ecmul_0_0_5616_28000_128
 [41m[37m FAIL [0m [37mgenerated_state.stZeroKnowledge2.ecmul_0-0_5616_28000_96Filler[0m [31m1 failed[0m [90m157.83 ms[0m
   [31m✖[0m ecmul_0_0_5616_28000_96
 [41m[37m FAIL [0m [37mgenerated_state.stZeroKnowledge2.ecmul_0-0_5617_21000_128Filler[0m [31m1 failed[0m [90m172.92 ms[0m
   [31m✖[0m ecmul_0_0_5617_21000_128
 [41m[37m FAIL [0m [37mgenerated_state.stZeroKnowledge2.ecmul_0-0_5617_21000_96Filler[0m [31m1 failed[0m [90m173.87 ms[0m
   [31m✖[0m ecmul_0_0_5617_21000_96
 [32m✓[0m [2mgenerated_state.stZeroKnowledge2.ecmul_0-0_5617_28000_128Filler[0m [32m(1)[0m [90m4.89 ms[0m
   [32m✓[0m ecmul_0_0_5617_28000_128
 [41m[37m FAIL [0m [37mgenerated_state.stZeroKnowledge2.ecmul_0-0_5617_28000_96Filler[0m [31m1 failed[0m [90m162.67 ms[0m
   [31m✖[0m ecmul_0_0_5617_28000_96
 [41m[37m FAIL [0m [37mgenerated_state.stZeroKnowledge2.ecmul_0-0_9935_21000_128Filler[0m [31m1 failed[0m [90m168.83 ms[0m
   [31m✖[0m ecmul_0_0_9935_21000_128
 [41m[37m FAIL [0m [37mgenerated_state.stZeroKnowledge2.ecmul_0-0_9935_21000_96Filler[0m [31m1 failed[0m [90m163.35 ms[0m
   [31m✖[0m ecmul_0_0_9935_21000_96
 [32m✓[0m [2mgenerated_state.stZeroKnowledge2.ecmul_0-0_9935_28000_128Filler[0m [32m(1)[0m [90m5.20 ms[0m
   [32m✓[0m ecmul_0_0_9935_28000_128
 [32m✓[0m [2mgenerated_state.stZeroKnowledge2.ecmul_0-0_9935_28000_96Filler[0m [32m(1)[0m [90m4.25 ms[0m
   [32m✓[0m ecmul_0_0_9935_28000_96
 [41m[37m FAIL [0m [37mgenerated_state.stZeroKnowledge2.ecmul_0-0_9_21000_128Filler[0m [31m1 failed[0m [90m162.41 ms[0m
   [31m✖[0m ecmul_0_0_9_21000_128
 [41m[37m FAIL [0m [37mgenerated_state.stZeroKnowledge2.ecmul_0-0_9_21000_96Filler[0m [31m1 failed[0m [90m156.51 ms[0m
   [31m✖[0m ecmul_0_0_9_21000_96
 [32m✓[0m [2mgenerated_state.stZeroKnowledge2.ecmul_0-0_9_28000_128Filler[0m [32m(1)[0m [90m9.13 ms[0m
   [32m✓[0m ecmul_0_0_9_28000_128
 [41m[37m FAIL [0m [37mgenerated_state.stZeroKnowledge2.ecmul_0-0_9_28000_96Filler[0m [31m1 failed[0m [90m170.31 ms[0m
   [31m✖[0m ecmul_0_0_9_28000_96
 [32m✓[0m [2mgenerated_state.stZeroKnowledge2.ecmul_0-3_0_21000_128Filler[0m [32m(1)[0m [90m4.94 ms[0m
   [32m✓[0m ecmul_0_3_0_21000_128
 [32m✓[0m [2mgenerated_state.stZeroKnowledge2.ecmul_0-3_0_21000_64Filler[0m [32m(1)[0m [90m4.59 ms[0m
   [32m✓[0m ecmul_0_3_0_21000_64
 [32m✓[0m [2mgenerated_state.stZeroKnowledge2.ecmul_0-3_0_21000_80Filler[0m [32m(1)[0m [90m5.43 ms[0m
   [32m✓[0m ecmul_0_3_0_21000_80
 [32m✓[0m [2mgenerated_state.stZeroKnowledge2.ecmul_0-3_0_21000_96Filler[0m [32m(1)[0m [90m4.77 ms[0m
   [32m✓[0m ecmul_0_3_0_21000_96
 [32m✓[0m [2mgenerated_state.stZeroKnowledge2.ecmul_0-3_0_28000_128Filler[0m [32m(1)[0m [90m5.13 ms[0m
   [32m✓[0m ecmul_0_3_0_28000_128
 [32m✓[0m [2mgenerated_state.stZeroKnowledge2.ecmul_0-3_0_28000_64Filler[0m [32m(1)[0m [90m4.06 ms[0m
   [32m✓[0m ecmul_0_3_0_28000_64
 [32m✓[0m [2mgenerated_state.stZeroKnowledge2.ecmul_0-3_0_28000_80Filler[0m [32m(1)[0m [90m4.14 ms[0m
   [32m✓[0m ecmul_0_3_0_28000_80
 [32m✓[0m [2mgenerated_state.stZeroKnowledge2.ecmul_0-3_0_28000_96Filler[0m [32m(1)[0m [90m4.29 ms[0m
   [32m✓[0m ecmul_0_3_0_28000_96
 [32m✓[0m [2mgenerated_state.stZeroKnowledge2.ecmul_0-3_1_21000_128Filler[0m [32m(1)[0m [90m4.18 ms[0m
   [32m✓[0m ecmul_0_3_1_21000_128
 [32m✓[0m [2mgenerated_state.stZeroKnowledge2.ecmul_0-3_1_21000_96Filler[0m [32m(1)[0m [90m4.63 ms[0m
   [32m✓[0m ecmul_0_3_1_21000_96
 [32m✓[0m [2mgenerated_state.stZeroKnowledge2.ecmul_0-3_1_28000_128Filler[0m [32m(1)[0m [90m3.97 ms[0m
   [32m✓[0m ecmul_0_3_1_28000_128
 [32m✓[0m [2mgenerated_state.stZeroKnowledge2.ecmul_0-3_1_28000_96Filler[0m [32m(1)[0m [90m4.23 ms[0m
   [32m✓[0m ecmul_0_3_1_28000_96
 [32m✓[0m [2mgenerated_state.stZeroKnowledge2.ecmul_0-3_2_21000_128Filler[0m [32m(1)[0m [90m4.27 ms[0m
   [32m✓[0m ecmul_0_3_2_21000_128
 [32m✓[0m [2mgenerated_state.stZeroKnowledge2.ecmul_0-3_2_21000_96Filler[0m [32m(1)[0m [90m5.14 ms[0m
   [32m✓[0m ecmul_0_3_2_21000_96
 [32m✓[0m [2mgenerated_state.stZeroKnowledge2.ecmul_0-3_2_28000_128Filler[0m [32m(1)[0m [90m5.21 ms[0m
   [32m✓[0m ecmul_0_3_2_28000_128
 [32m✓[0m [2mgenerated_state.stZeroKnowledge2.ecmul_0-3_2_28000_96Filler[0m [32m(1)[0m [90m4.32 ms[0m
   [32m✓[0m ecmul_0_3_2_28000_96
 [32m✓[0m [2mgenerated_state.stZeroKnowledge2.ecmul_0-3_340282366920938463463374607431768211456_21000_128Filler[0m [32m(1)[0m [90m4.18 ms[0m
   [32m✓[0m ecmul_0_3_340282366920938463463374607431768211456_21000_128
 [32m✓[0m [2mgenerated_state.stZeroKnowledge2.ecmul_0-3_340282366920938463463374607431768211456_21000_80Filler[0m [32m(1)[0m [90m4.16 ms[0m
   [32m✓[0m ecmul_0_3_340282366920938463463374607431768211456_21000_80
 [32m✓[0m [2mgenerated_state.stZeroKnowledge2.ecmul_0-3_340282366920938463463374607431768211456_21000_96Filler[0m [32m(1)[0m [90m4.86 ms[0m
   [32m✓[0m ecmul_0_3_340282366920938463463374607431768211456_21000_96
 [32m✓[0m [2mgenerated_state.stZeroKnowledge2.ecmul_0-3_340282366920938463463374607431768211456_28000_128Filler[0m [32m(1)[0m [90m4.98 ms[0m
   [32m✓[0m ecmul_0_3_340282366920938463463374607431768211456_28000_128
 [32m✓[0m [2mgenerated_state.stZeroKnowledge2.ecmul_0-3_340282366920938463463374607431768211456_28000_80Filler[0m [32m(1)[0m [90m6.09 ms[0m
   [32m✓[0m ecmul_0_3_340282366920938463463374607431768211456_28000_80
 [32m✓[0m [2mgenerated_state.stZeroKnowledge2.ecmul_0-3_340282366920938463463374607431768211456_28000_96Filler[0m [32m(1)[0m [90m10.62 ms[0m
   [32m✓[0m ecmul_0_3_340282366920938463463374607431768211456_28000_96
 [32m✓[0m [2mgenerated_state.stZeroKnowledge2.ecmul_0-3_5616_21000_128Filler[0m [32m(1)[0m [90m8.05 ms[0m
   [32m✓[0m ecmul_0_3_5616_21000_128
 [32m✓[0m [2mgenerated_state.stZeroKnowledge2.ecmul_0-3_5616_21000_96Filler[0m [32m(1)[0m [90m5.51 ms[0m
   [32m✓[0m ecmul_0_3_5616_21000_96
 [32m✓[0m [2mgenerated_state.stZeroKnowledge2.ecmul_0-3_5616_28000_128Filler[0m [32m(1)[0m [90m4.88 ms[0m
   [32m✓[0m ecmul_0_3_5616_28000_128
 [32m✓[0m [2mgenerated_state.stZeroKnowledge2.ecmul_0-3_5616_28000_96_ParisFiller[0m [32m(1)[0m [90m5.93 ms[0m
   [32m✓[0m ecmul_0_3_5616_28000_96_Paris
 [32m✓[0m [2mgenerated_state.stZeroKnowledge2.ecmul_0-3_5617_21000_128Filler[0m [32m(1)[0m [90m4.29 ms[0m
   [32m✓[0m ecmul_0_3_5617_21000_128
 [32m✓[0m [2mgenerated_state.stZeroKnowledge2.ecmul_0-3_5617_21000_96Filler[0m [32m(1)[0m [90m4.78 ms[0m
   [32m✓[0m ecmul_0_3_5617_21000_96
 [32m✓[0m [2mgenerated_state.stZeroKnowledge2.ecmul_0-3_5617_28000_128Filler[0m [32m(1)[0m [90m4.51 ms[0m
   [32m✓[0m ecmul_0_3_5617_28000_128
 [32m✓[0m [2mgenerated_state.stZeroKnowledge2.ecmul_0-3_5617_28000_96Filler[0m [32m(1)[0m [90m4.67 ms[0m
   [32m✓[0m ecmul_0_3_5617_28000_96
 [32m✓[0m [2mgenerated_state.stZeroKnowledge2.ecmul_0-3_9935_21000_128Filler[0m [32m(1)[0m [90m4.68 ms[0m
   [32m✓[0m ecmul_0_3_9935_21000_128
 [32m✓[0m [2mgenerated_state.stZeroKnowledge2.ecmul_0-3_9935_21000_96Filler[0m [32m(1)[0m [90m4.11 ms[0m
   [32m✓[0m ecmul_0_3_9935_21000_96
 [32m✓[0m [2mgenerated_state.stZeroKnowledge2.ecmul_0-3_9935_28000_128Filler[0m [32m(1)[0m [90m5.32 ms[0m
   [32m✓[0m ecmul_0_3_9935_28000_128
 [32m✓[0m [2mgenerated_state.stZeroKnowledge2.ecmul_0-3_9935_28000_96Filler[0m [32m(1)[0m [90m3.98 ms[0m
   [32m✓[0m ecmul_0_3_9935_28000_96
 [32m✓[0m [2mgenerated_state.stZeroKnowledge2.ecmul_0-3_9_21000_128Filler[0m [32m(1)[0m [90m4.76 ms[0m
   [32m✓[0m ecmul_0_3_9_21000_128
 [32m✓[0m [2mgenerated_state.stZeroKnowledge2.ecmul_0-3_9_21000_96Filler[0m [32m(1)[0m [90m5.15 ms[0m
   [32m✓[0m ecmul_0_3_9_21000_96
 [32m✓[0m [2mgenerated_state.stZeroKnowledge2.ecmul_0-3_9_28000_128Filler[0m [32m(1)[0m [90m4.39 ms[0m
   [32m✓[0m ecmul_0_3_9_28000_128
 [32m✓[0m [2mgenerated_state.stZeroKnowledge2.ecmul_0-3_9_28000_96Filler[0m [32m(1)[0m [90m5.62 ms[0m
   [32m✓[0m ecmul_0_3_9_28000_96
 [41m[37m FAIL [0m [37mgenerated_state.stZeroKnowledge2.ecmul_1-2_0_21000_128Filler[0m [31m1 failed[0m [90m160.46 ms[0m
   [31m✖[0m ecmul_1_2_0_21000_128
 [41m[37m FAIL [0m [37mgenerated_state.stZeroKnowledge2.ecmul_1-2_0_21000_64Filler[0m [31m1 failed[0m [90m170.65 ms[0m
   [31m✖[0m ecmul_1_2_0_21000_64
 [41m[37m FAIL [0m [37mgenerated_state.stZeroKnowledge2.ecmul_1-2_0_21000_80Filler[0m [31m1 failed[0m [90m166.61 ms[0m
   [31m✖[0m ecmul_1_2_0_21000_80
 [41m[37m FAIL [0m [37mgenerated_state.stZeroKnowledge2.ecmul_1-2_0_21000_96Filler[0m [31m1 failed[0m [90m158.81 ms[0m
   [31m✖[0m ecmul_1_2_0_21000_96
 [32m✓[0m [2mgenerated_state.stZeroKnowledge2.ecmul_1-2_0_28000_128Filler[0m [32m(1)[0m [90m4.99 ms[0m
   [32m✓[0m ecmul_1_2_0_28000_128
 [32m✓[0m [2mgenerated_state.stZeroKnowledge2.ecmul_1-2_0_28000_64Filler[0m [32m(1)[0m [90m8.53 ms[0m
   [32m✓[0m ecmul_1_2_0_28000_64
 [32m✓[0m [2mgenerated_state.stZeroKnowledge2.ecmul_1-2_0_28000_80Filler[0m [32m(1)[0m [90m6.11 ms[0m
   [32m✓[0m ecmul_1_2_0_28000_80
 [32m✓[0m [2mgenerated_state.stZeroKnowledge2.ecmul_1-2_0_28000_96Filler[0m [32m(1)[0m [90m3.98 ms[0m
   [32m✓[0m ecmul_1_2_0_28000_96
 [41m[37m FAIL [0m [37mgenerated_state.stZeroKnowledge2.ecmul_1-2_1_21000_128Filler[0m [31m1 failed[0m [90m149.99 ms[0m
   [31m✖[0m ecmul_1_2_1_21000_128
 [41m[37m FAIL [0m [37mgenerated_state.stZeroKnowledge2.ecmul_1-2_1_21000_96Filler[0m [31m1 failed[0m [90m152.49 ms[0m
   [31m✖[0m ecmul_1_2_1_21000_96
 [41m[37m FAIL [0m [37mgenerated_state.stZeroKnowledge2.ecmul_1-2_1_28000_128Filler[0m [31m1 failed[0m [90m148.87 ms[0m
   [31m✖[0m ecmul_1_2_1_28000_128
 [41m[37m FAIL [0m [37mgenerated_state.stZeroKnowledge2.ecmul_1-2_1_28000_96Filler[0m [31m1 failed[0m [90m158.82 ms[0m
   [31m✖[0m ecmul_1_2_1_28000_96
 [41m[37m FAIL [0m [37mgenerated_state.stZeroKnowledge2.ecmul_1-2_2_21000_128Filler[0m [31m1 failed[0m [90m168.23 ms[0m
   [31m✖[0m ecmul_1_2_2_21000_128
 [41m[37m FAIL [0m [37mgenerated_state.stZeroKnowledge2.ecmul_1-2_2_21000_96Filler[0m [31m1 failed[0m [90m167.88 ms[0m
   [31m✖[0m ecmul_1_2_2_21000_96
 [32m✓[0m [2mroot[0m [32m(2209)[0m [33m9.77 s[0m
   [32m✓[0m spec runner infrastructure
   [32m✓[0m test_0
   [32m✓[0m test_1
   [32m✓[0m test_2
   [32m✓[0m test_3
   [32m✓[0m test_4
   [32m✓[0m test_5
   [32m✓[0m test_6
   [32m✓[0m test_7
   [32m✓[0m test_8
   [32m✓[0m test_9
   [32m✓[0m test_10
   [32m✓[0m test_11
   [32m✓[0m test_12
   [32m✓[0m test_13
   [32m✓[0m test_14
   [32m✓[0m test_15
   [32m✓[0m test_16
   [32m✓[0m test_17
   [32m✓[0m test_18
   [32m✓[0m test_19
   [32m✓[0m test_20
   [32m✓[0m test_21
   [32m✓[0m test_22
   [32m✓[0m test_23
   [32m✓[0m test_24
   [32m✓[0m test_25
   [32m✓[0m test_26
   [32m✓[0m test_27
   [32m✓[0m test_28
   [32m✓[0m test_29
   [32m✓[0m test_30
   [32m✓[0m test_31
   [32m✓[0m test_32
   [32m✓[0m test_33
   [32m✓[0m test_34
   [32m✓[0m test_35
   [32m✓[0m test_36
   [32m✓[0m test_37
   [32m✓[0m test_38
   [32m✓[0m test_39
   [32m✓[0m test_40
   [32m✓[0m test_41
   [32m✓[0m test_42
   [32m✓[0m test_43
   [32m✓[0m test_44
   [32m✓[0m test_45
   [32m✓[0m test_46
   [32m✓[0m test_47
   [32m✓[0m test_48
   [32m✓[0m test_49
   [32m✓[0m test_50
   [32m✓[0m test_51
   [32m✓[0m test_52
   [32m✓[0m test_53
   [32m✓[0m test_54
   [32m✓[0m test_55
   [32m✓[0m test_56
   [32m✓[0m test_57
   [32m✓[0m test_58
   [32m✓[0m test_59
   [32m✓[0m test_60
   [32m✓[0m test_61
   [32m✓[0m test_62
   [32m✓[0m test_63
   [32m✓[0m test_64
   [32m✓[0m test_65
   [32m✓[0m test_66
   [32m✓[0m test_67
   [32m✓[0m test_68
   [32m✓[0m test_69
   [32m✓[0m test_70
   [32m✓[0m test_71
   [32m✓[0m test_72
   [32m✓[0m test_73
   [32m✓[0m test_74
   [32m✓[0m test_75
   [32m✓[0m test_76
   [32m✓[0m test_77
   [32m✓[0m test_78
   [32m✓[0m test_79
   [32m✓[0m test_80
   [32m✓[0m test_81
   [32m✓[0m test_82
   [32m✓[0m test_83
   [32m✓[0m test_84
   [32m✓[0m test_85
   [32m✓[0m test_86
   [32m✓[0m test_87
   [32m✓[0m test_88
   [32m✓[0m test_89
   [32m✓[0m test_90
   [32m✓[0m test_91
   [32m✓[0m test_92
   [32m✓[0m test_93
   [32m✓[0m test_94
   [32m✓[0m test_95
   [32m✓[0m test_96
   [32m✓[0m test_97
   [32m✓[0m test_98
   [32m✓[0m test_99
   [32m✓[0m test_100
   [32m✓[0m test_101
   [32m✓[0m test_102
   [32m✓[0m test_103
   [32m✓[0m test_104
   [32m✓[0m test_105
   [32m✓[0m test_106
   [32m✓[0m test_107
   [32m✓[0m test_108
   [32m✓[0m test_109
   [32m✓[0m test_110
   [32m✓[0m test_111
   [32m✓[0m test_112
   [32m✓[0m test_113
   [32m✓[0m test_114
   [32m✓[0m test_115
   [32m✓[0m test_116
   [32m✓[0m test_117
   [32m✓[0m test_118
   [32m✓[0m test_119
   [32m✓[0m test_120
   [32m✓[0m test_121
   [32m✓[0m test_122
   [32m✓[0m test_123
   [32m✓[0m test_124
   [32m✓[0m test_125
   [32m✓[0m test_126
   [32m✓[0m test_127
   [32m✓[0m test_128
   [32m✓[0m test_129
   [32m✓[0m test_130
   [32m✓[0m test_131
   [32m✓[0m test_132
   [32m✓[0m test_133
   [32m✓[0m test_134
   [32m✓[0m test_135
   [32m✓[0m test_136
   [32m✓[0m test_137
   [32m✓[0m test_138
   [32m✓[0m test_139
   [32m✓[0m test_140
   [32m✓[0m test_141
   [32m✓[0m test_142
   [32m✓[0m test_143
   [32m✓[0m test_144
   [32m✓[0m test_145
   [32m✓[0m test_146
   [32m✓[0m test_147
   [32m✓[0m test_148
   [32m✓[0m test_149
   [32m✓[0m test_150
   [32m✓[0m test_151
   [32m✓[0m test_152
   [32m✓[0m test_153
   [32m✓[0m test_154
   [32m✓[0m test_155
   [32m✓[0m test_156
   [32m✓[0m test_157
   [32m✓[0m test_158
   [32m✓[0m test_159
   [32m✓[0m test_160
   [32m✓[0m test_161
   [32m✓[0m test_162
   [32m✓[0m test_163
   [32m✓[0m test_164
   [32m✓[0m test_165
   [32m✓[0m test_166
   [32m✓[0m test_167
   [32m✓[0m test_168
   [32m✓[0m test_169
   [32m✓[0m test_170
   [32m✓[0m test_171
   [32m✓[0m test_172
   [32m✓[0m test_173
   [32m✓[0m test_174
   [32m✓[0m test_175
   [32m✓[0m test_176
   [32m✓[0m test_177
   [32m✓[0m test_178
   [32m✓[0m test_179
   [32m✓[0m test_180
   [32m✓[0m test_181
   [32m✓[0m test_182
   [32m✓[0m test_183
   [32m✓[0m test_184
   [32m✓[0m test_185
   [32m✓[0m test_186
   [32m✓[0m test_187
   [32m✓[0m test_188
   [32m✓[0m test_189
   [32m✓[0m test_190
   [32m✓[0m test_191
   [32m✓[0m test_192
   [32m✓[0m test_193
   [32m✓[0m test_194
   [32m✓[0m test_195
   [32m✓[0m test_196
   [32m✓[0m test_197
   [32m✓[0m test_198
   [32m✓[0m test_199
   [32m✓[0m test_200
   [32m✓[0m test_201
   [32m✓[0m test_202
   [32m✓[0m test_203
   [32m✓[0m test_204
   [32m✓[0m test_205
   [32m✓[0m test_206
   [32m✓[0m test_207
   [32m✓[0m test_208
   [32m✓[0m test_209
   [32m✓[0m test_210
   [32m✓[0m test_211
   [32m✓[0m test_212
   [32m✓[0m test_213
   [32m✓[0m test_214
   [32m✓[0m test_215
   [32m✓[0m test_216
   [32m✓[0m test_217
   [32m✓[0m test_218
   [32m✓[0m test_219
   [32m✓[0m test_220
   [32m✓[0m test_221
   [32m✓[0m test_222
   [32m✓[0m test_223
   [32m✓[0m test_224
   [32m✓[0m test_225
   [32m✓[0m test_226
   [32m✓[0m test_227
   [32m✓[0m test_228
   [32m✓[0m test_229
   [32m✓[0m test_230
   [32m✓[0m test_231
   [32m✓[0m test_232
   [32m✓[0m test_233
   [32m✓[0m test_234
   [32m✓[0m test_235
   [32m✓[0m test_236
   [32m✓[0m test_237
   [32m✓[0m test_238
   [32m✓[0m test_239
   [32m✓[0m test_240
   [32m✓[0m test_241
   [32m✓[0m test_242
   [32m✓[0m test_243
   [32m✓[0m test_244
   [32m✓[0m test_245
   [32m✓[0m test_246
   [32m✓[0m test_247
   [32m✓[0m test_248
   [32m✓[0m test_249
   [32m✓[0m test_250
   [32m✓[0m test_251
   [32m✓[0m test_252
   [32m✓[0m test_253
   [32m✓[0m test_254
   [32m✓[0m test_255
   [32m✓[0m test_256
   [32m✓[0m test_257
   [32m✓[0m test_258
   [32m✓[0m test_259
   [32m✓[0m test_260
   [32m✓[0m test_261
   [32m✓[0m test_262
   [32m✓[0m test_263
   [32m✓[0m test_264
   [32m✓[0m test_265
   [32m✓[0m test_266
   [32m✓[0m test_267
   [32m✓[0m test_268
   [32m✓[0m test_269
   [32m✓[0m test_270
   [32m✓[0m test_271
   [32m✓[0m test_272
   [32m✓[0m test_273
   [32m✓[0m test_274
   [32m✓[0m test_275
   [32m✓[0m test_276
   [32m✓[0m test_277
   [32m✓[0m test_278
   [32m✓[0m test_279
   [32m✓[0m test_280
   [32m✓[0m test_281
   [32m✓[0m test_282
   [32m✓[0m test_283
   [32m✓[0m test_284
   [32m✓[0m test_285
   [32m✓[0m test_286
   [32m✓[0m test_287
   [32m✓[0m test_288
   [32m✓[0m test_289
   [32m✓[0m test_290
   [32m✓[0m test_291
   [32m✓[0m test_292
   [32m✓[0m test_293
   [32m✓[0m test_294
   [32m✓[0m test_295
   [32m✓[0m test_296
   [32m✓[0m test_297
   [32m✓[0m test_298
   [32m✓[0m test_299
   [32m✓[0m test_300
   [32m✓[0m test_301
   [32m✓[0m test_302
   [32m✓[0m test_303
   [32m✓[0m test_304
   [32m✓[0m test_305
   [32m✓[0m test_306
   [32m✓[0m test_307
   [32m✓[0m test_308
   [32m✓[0m test_309
   [32m✓[0m test_310
   [32m✓[0m test_311
   [32m✓[0m test_312
   [32m✓[0m test_313
   [32m✓[0m test_314
   [32m✓[0m test_315
   [32m✓[0m test_316
   [32m✓[0m test_317
   [32m✓[0m test_318
   [32m✓[0m test_319
   [32m✓[0m test_320
   [32m✓[0m test_321
   [32m✓[0m test_322
   [32m✓[0m test_323
   [32m✓[0m test_324
   [32m✓[0m test_325
   [32m✓[0m test_326
   [32m✓[0m test_327
   [32m✓[0m test_328
   [32m✓[0m test_329
   [32m✓[0m test_330
   [32m✓[0m test_331
   [32m✓[0m test_332
   [32m✓[0m test_333
   [32m✓[0m test_334
   [32m✓[0m test_335
   [32m✓[0m test_336
   [32m✓[0m test_337
   [32m✓[0m test_338
   [32m✓[0m test_339
   [32m✓[0m test_340
   [32m✓[0m test_341
   [32m✓[0m test_342
   [32m✓[0m test_343
   [32m✓[0m test_344
   [32m✓[0m test_345
   [32m✓[0m test_346
   [32m✓[0m test_347
   [32m✓[0m test_348
   [32m✓[0m test_349
   [32m✓[0m test_350
   [32m✓[0m test_351
   [32m✓[0m test_352
   [32m✓[0m test_353
   [32m✓[0m test_354
   [32m✓[0m test_355
   [32m✓[0m test_356
   [32m✓[0m test_357
   [32m✓[0m test_358
   [32m✓[0m test_359
   [32m✓[0m test_360
   [32m✓[0m test_361
   [32m✓[0m test_362
   [32m✓[0m test_363
   [32m✓[0m test_364
   [32m✓[0m test_365
   [32m✓[0m test_366
   [32m✓[0m test_367
   [32m✓[0m test_368
   [32m✓[0m test_369
   [32m✓[0m test_370
   [32m✓[0m test_371
   [32m✓[0m test_372
   [32m✓[0m test_373
   [32m✓[0m test_374
   [32m✓[0m test_375
   [32m✓[0m test_376
   [32m✓[0m test_377
   [32m✓[0m test_378
   [32m✓[0m test_379
   [32m✓[0m test_380
   [32m✓[0m test_381
   [32m✓[0m test_382
   [32m✓[0m test_383
   [32m✓[0m test_384
   [32m✓[0m test_385
   [32m✓[0m test_386
   [32m✓[0m test_387
   [32m✓[0m test_388
   [32m✓[0m test_389
   [32m✓[0m test_390
   [32m✓[0m test_391
   [32m✓[0m test_392
   [32m✓[0m test_393
   [32m✓[0m test_394
   [32m✓[0m test_395
   [32m✓[0m test_396
   [32m✓[0m test_397
   [32m✓[0m test_398
   [32m✓[0m test_399
   [32m✓[0m test_400
   [32m✓[0m test_401
   [32m✓[0m test_402
   [32m✓[0m test_403
   [32m✓[0m test_404
   [32m✓[0m test_405
   [32m✓[0m test_406
   [32m✓[0m test_407
   [32m✓[0m test_408
   [32m✓[0m test_409
   [32m✓[0m test_410
   [32m✓[0m test_411
   [32m✓[0m test_412
   [32m✓[0m test_413
   [32m✓[0m test_414
   [32m✓[0m test_415
   [32m✓[0m test_416
   [32m✓[0m test_417
   [32m✓[0m test_418
   [32m✓[0m test_419
   [32m✓[0m test_420
   [32m✓[0m test_421
   [32m✓[0m test_422
   [32m✓[0m test_423
   [32m✓[0m test_424
   [32m✓[0m test_425
   [32m✓[0m test_426
   [32m✓[0m test_427
   [32m✓[0m test_428
   [32m✓[0m test_429
   [32m✓[0m test_430
   [32m✓[0m test_431
   [32m✓[0m test_432
   [32m✓[0m test_433
   [32m✓[0m test_434
   [32m✓[0m test_435
   [32m✓[0m test_436
   [32m✓[0m test_437
   [32m✓[0m test_438
   [32m✓[0m test_439
   [32m✓[0m test_440
   [32m✓[0m test_441
   [32m✓[0m test_442
   [32m✓[0m test_443
   [32m✓[0m test_444
   [32m✓[0m test_445
   [32m✓[0m test_446
   [32m✓[0m test_447
   [32m✓[0m test_448
   [32m✓[0m test_449
   [32m✓[0m test_450
   [32m✓[0m test_451
   [32m✓[0m test_452
   [32m✓[0m test_453
   [32m✓[0m test_454
   [32m✓[0m test_455
   [32m✓[0m test_456
   [32m✓[0m test_457
   [32m✓[0m test_458
   [32m✓[0m test_459
   [32m✓[0m test_460
   [32m✓[0m test_461
   [32m✓[0m test_462
   [32m✓[0m test_463
   [32m✓[0m test_464
   [32m✓[0m test_465
   [32m✓[0m test_466
   [32m✓[0m test_467
   [32m✓[0m test_468
   [32m✓[0m test_469
   [32m✓[0m test_470
   [32m✓[0m test_471
   [32m✓[0m test_472
   [32m✓[0m test_473
   [32m✓[0m test_474
   [32m✓[0m test_475
   [32m✓[0m test_476
   [32m✓[0m test_477
   [32m✓[0m test_478
   [32m✓[0m test_479
   [32m✓[0m test_480
   [32m✓[0m test_481
   [32m✓[0m test_482
   [32m✓[0m test_483
   [32m✓[0m test_484
   [32m✓[0m test_485
   [32m✓[0m test_486
   [32m✓[0m test_487
   [32m✓[0m test_488
   [32m✓[0m test_489
   [32m✓[0m test_490
   [32m✓[0m test_491
   [32m✓[0m test_492
   [32m✓[0m test_493
   [32m✓[0m test_494
   [32m✓[0m test_495
   [32m✓[0m test_496
   [32m✓[0m test_497
   [32m✓[0m test_498
   [32m✓[0m test_499
   [32m✓[0m test_500
   [32m✓[0m test_501
   [32m✓[0m test_502
   [32m✓[0m test_503
   [32m✓[0m test_504
   [32m✓[0m test_505
   [32m✓[0m test_506
   [32m✓[0m test_507
   [32m✓[0m test_508
   [32m✓[0m test_509
   [32m✓[0m test_510
   [32m✓[0m test_511
   [32m✓[0m test_512
   [32m✓[0m test_513
   [32m✓[0m test_514
   [32m✓[0m test_515
   [32m✓[0m test_516
   [32m✓[0m test_517
   [32m✓[0m test_518
   [32m✓[0m test_519
   [32m✓[0m test_520
   [32m✓[0m test_521
   [32m✓[0m test_522
   [32m✓[0m test_523
   [32m✓[0m test_524
   [32m✓[0m test_525
   [32m✓[0m test_526
   [32m✓[0m test_527
   [32m✓[0m test_528
   [32m✓[0m test_529
   [32m✓[0m test_530
   [32m✓[0m test_531
   [32m✓[0m test_532
   [32m✓[0m test_533
   [32m✓[0m test_534
   [32m✓[0m test_535
   [32m✓[0m test_536
   [32m✓[0m test_537
   [32m✓[0m test_538
   [32m✓[0m test_539
   [32m✓[0m test_540
   [32m✓[0m test_541
   [32m✓[0m test_542
   [32m✓[0m test_543
   [32m✓[0m test_544
   [32m✓[0m test_545
   [32m✓[0m test_546
   [32m✓[0m test_547
   [32m✓[0m test_548
   [32m✓[0m test_549
   [32m✓[0m test_550
   [32m✓[0m test_551
   [32m✓[0m test_552
   [32m✓[0m test_553
   [32m✓[0m test_554
   [32m✓[0m test_555
   [32m✓[0m test_556
   [32m✓[0m test_557
   [32m✓[0m test_558
   [32m✓[0m test_559
   [32m✓[0m test_560
   [32m✓[0m test_561
   [32m✓[0m test_562
   [32m✓[0m test_563
   [32m✓[0m test_564
   [32m✓[0m test_565
   [32m✓[0m test_566
   [32m✓[0m test_567
   [32m✓[0m test_568
   [32m✓[0m test_569
   [32m✓[0m test_570
   [32m✓[0m test_571
   [32m✓[0m test_572
   [32m✓[0m test_573
   [32m✓[0m test_574
   [32m✓[0m test_575
   [32m✓[0m test_576
   [32m✓[0m test_577
   [32m✓[0m test_578
   [32m✓[0m test_579
   [32m✓[0m test_580
   [32m✓[0m test_581
   [32m✓[0m test_582
   [32m✓[0m test_583
   [32m✓[0m test_584
   [32m✓[0m test_585
   [32m✓[0m test_586
   [32m✓[0m test_587
   [32m✓[0m test_588
   [32m✓[0m test_589
   [32m✓[0m test_590
   [32m✓[0m test_591
   [32m✓[0m test_592
   [32m✓[0m test_593
   [32m✓[0m test_594
   [32m✓[0m test_595
   [32m✓[0m test_596
   [32m✓[0m test_597
   [32m✓[0m test_598
   [32m✓[0m test_599
   [32m✓[0m test_600
   [32m✓[0m test_601
   [32m✓[0m test_602
   [32m✓[0m test_603
   [32m✓[0m test_604
   [32m✓[0m test_605
   [32m✓[0m test_606
   [32m✓[0m test_607
   [32m✓[0m test_608
   [32m✓[0m test_609
   [32m✓[0m test_610
   [32m✓[0m test_611
   [32m✓[0m test_612
   [32m✓[0m test_613
   [32m✓[0m test_614
   [32m✓[0m test_615
   [32m✓[0m test_616
   [32m✓[0m test_617
   [32m✓[0m test_618
   [32m✓[0m test_619
   [32m✓[0m test_620
   [32m✓[0m test_621
   [32m✓[0m test_622
   [32m✓[0m test_623
   [32m✓[0m test_624
   [32m✓[0m test_625
   [32m✓[0m test_626
   [32m✓[0m test_627
   [32m✓[0m test_628
   [32m✓[0m test_629
   [32m✓[0m test_630
   [32m✓[0m test_631
   [32m✓[0m test_632
   [32m✓[0m test_633
   [32m✓[0m test_634
   [32m✓[0m test_635
   [32m✓[0m test_636
   [32m✓[0m test_637
   [32m✓[0m test_638
   [32m✓[0m test_639
   [32m✓[0m test_640
   [32m✓[0m test_641
   [32m✓[0m test_642
   [32m✓[0m test_643
   [32m✓[0m test_644
   [32m✓[0m test_645
   [32m✓[0m test_646
   [32m✓[0m test_647
   [32m✓[0m test_648
   [32m✓[0m test_649
   [32m✓[0m test_650
   [32m✓[0m test_651
   [32m✓[0m test_652
   [32m✓[0m test_653
   [32m✓[0m test_654
   [32m✓[0m test_655
   [32m✓[0m test_656
   [32m✓[0m test_657
   [32m✓[0m test_658
   [32m✓[0m test_659
   [32m✓[0m test_660
   [32m✓[0m test_661
   [32m✓[0m test_662
   [32m✓[0m test_663
   [32m✓[0m test_664
   [32m✓[0m test_665
   [32m✓[0m test_666
   [32m✓[0m test_667
   [32m✓[0m test_668
   [32m✓[0m test_669
   [32m✓[0m test_670
   [32m✓[0m test_671
   [32m✓[0m test_672
   [32m✓[0m test_673
   [32m✓[0m test_674
   [32m✓[0m test_675
   [32m✓[0m test_676
   [32m✓[0m test_677
   [32m✓[0m test_678
   [32m✓[0m test_679
   [32m✓[0m test_680
   [32m✓[0m test_681
   [32m✓[0m test_682
   [32m✓[0m test_683
   [32m✓[0m test_684
   [32m✓[0m test_685
   [32m✓[0m test_686
   [32m✓[0m test_687
   [32m✓[0m test_688
   [32m✓[0m test_689
   [32m✓[0m test_690
   [32m✓[0m test_691
   [32m✓[0m test_692
   [32m✓[0m test_693
   [32m✓[0m test_694
   [32m✓[0m test_695
   [32m✓[0m test_696
   [32m✓[0m test_697
   [32m✓[0m test_698
   [32m✓[0m test_699
   [32m✓[0m test_700
   [32m✓[0m test_701
   [32m✓[0m test_702
   [32m✓[0m test_703
   [32m✓[0m test_704
   [32m✓[0m test_705
   [32m✓[0m test_706
   [32m✓[0m test_707
   [32m✓[0m test_708
   [32m✓[0m test_709
   [32m✓[0m test_710
   [32m✓[0m test_711
   [32m✓[0m test_712
   [32m✓[0m test_713
   [32m✓[0m test_714
   [32m✓[0m test_715
   [32m✓[0m test_716
   [32m✓[0m test_717
   [32m✓[0m test_718
   [32m✓[0m test_719
   [32m✓[0m test_720
   [32m✓[0m test_721
   [32m✓[0m test_722
   [32m✓[0m test_723
   [32m✓[0m test_724
   [32m✓[0m test_725
   [32m✓[0m test_726
   [32m✓[0m test_727
   [32m✓[0m test_728
   [32m✓[0m test_729
   [32m✓[0m test_730
   [32m✓[0m test_731
   [32m✓[0m test_732
   [32m✓[0m test_733
   [32m✓[0m test_734
   [32m✓[0m test_735
   [32m✓[0m test_736
   [32m✓[0m test_737
   [32m✓[0m test_738
   [32m✓[0m test_739
   [32m✓[0m test_740
   [32m✓[0m test_741
   [32m✓[0m test_742
   [32m✓[0m test_743
   [32m✓[0m test_744
   [32m✓[0m test_745
   [32m✓[0m test_746
   [32m✓[0m test_747
   [32m✓[0m test_748
   [32m✓[0m test_749
   [32m✓[0m test_750
   [32m✓[0m test_751
   [32m✓[0m test_752
   [32m✓[0m test_753
   [32m✓[0m test_754
   [32m✓[0m test_755
   [32m✓[0m test_756
   [32m✓[0m test_757
   [32m✓[0m test_758
   [32m✓[0m test_759
   [32m✓[0m test_760
   [32m✓[0m test_761
   [32m✓[0m test_762
   [32m✓[0m test_763
   [32m✓[0m test_764
   [32m✓[0m test_765
   [32m✓[0m test_766
   [32m✓[0m test_767
   [32m✓[0m test_768
   [32m✓[0m test_769
   [32m✓[0m test_770
   [32m✓[0m test_771
   [32m✓[0m test_772
   [32m✓[0m test_773
   [32m✓[0m test_774
   [32m✓[0m test_775
   [32m✓[0m test_776
   [32m✓[0m test_777
   [32m✓[0m test_778
   [32m✓[0m test_779
   [32m✓[0m test_780
   [32m✓[0m test_781
   [32m✓[0m test_782
   [32m✓[0m test_783
   [32m✓[0m test_784
   [32m✓[0m test_785
   [32m✓[0m test_786
   [32m✓[0m test_787
   [32m✓[0m test_788
   [32m✓[0m test_789
   [32m✓[0m test_790
   [32m✓[0m test_791
   [32m✓[0m test_792
   [32m✓[0m test_793
   [32m✓[0m test_794
   [32m✓[0m test_795
   [32m✓[0m test_796
   [32m✓[0m test_797
   [32m✓[0m test_798
   [32m✓[0m test_799
   [32m✓[0m test_800
   [32m✓[0m test_801
   [32m✓[0m test_802
   [32m✓[0m test_803
   [32m✓[0m test_804
   [32m✓[0m test_805
   [32m✓[0m test_806
   [32m✓[0m test_807
   [32m✓[0m test_808
   [32m✓[0m test_809
   [32m✓[0m test_810
   [32m✓[0m test_811
   [32m✓[0m test_812
   [32m✓[0m test_813
   [32m✓[0m test_814
   [32m✓[0m test_815
   [32m✓[0m test_816
   [32m✓[0m test_817
   [32m✓[0m test_818
   [32m✓[0m test_819
   [32m✓[0m test_820
   [32m✓[0m test_821
   [32m✓[0m test_822
   [32m✓[0m test_823
   [32m✓[0m test_824
   [32m✓[0m test_825
   [32m✓[0m test_826
   [32m✓[0m test_827
   [32m✓[0m test_828
   [32m✓[0m test_829
   [32m✓[0m test_830
   [32m✓[0m test_831
   [32m✓[0m test_832
   [32m✓[0m test_833
   [32m✓[0m test_834
   [32m✓[0m test_835
   [32m✓[0m test_836
   [32m✓[0m test_837
   [32m✓[0m test_838
   [32m✓[0m test_839
   [32m✓[0m test_840
   [32m✓[0m test_841
   [32m✓[0m test_842
   [32m✓[0m test_843
   [32m✓[0m test_844
   [32m✓[0m test_845
   [32m✓[0m test_846
   [32m✓[0m test_847
   [32m✓[0m test_848
   [32m✓[0m test_849
   [32m✓[0m test_850
   [32m✓[0m test_851
   [32m✓[0m test_852
   [32m✓[0m test_853
   [32m✓[0m test_854
   [32m✓[0m test_855
   [32m✓[0m test_856
   [32m✓[0m test_857
   [32m✓[0m test_858
   [32m✓[0m test_859
   [32m✓[0m test_860
   [32m✓[0m test_861
   [32m✓[0m test_862
   [32m✓[0m test_863
   [32m✓[0m test_864
   [32m✓[0m test_865
   [32m✓[0m test_866
   [32m✓[0m test_867
   [32m✓[0m test_868
   [32m✓[0m test_869
   [32m✓[0m test_870
   [32m✓[0m test_871
   [32m✓[0m test_872
   [32m✓[0m test_873
   [32m✓[0m test_874
   [32m✓[0m test_875
   [32m✓[0m test_876
   [32m✓[0m test_877
   [32m✓[0m test_878
   [32m✓[0m test_879
   [32m✓[0m test_880
   [32m✓[0m test_881
   [32m✓[0m test_882
   [32m✓[0m test_883
   [32m✓[0m test_884
   [32m✓[0m test_885
   [32m✓[0m test_886
   [32m✓[0m test_887
   [32m✓[0m test_888
   [32m✓[0m test_889
   [32m✓[0m test_890
   [32m✓[0m test_891
   [32m✓[0m test_892
   [32m✓[0m test_893
   [32m✓[0m test_894
   [32m✓[0m test_895
   [32m✓[0m test_896
   [32m✓[0m test_897
   [32m✓[0m test_898
   [32m✓[0m test_899
   [32m✓[0m test_900
   [32m✓[0m test_901
   [32m✓[0m test_902
   [32m✓[0m test_903
   [32m✓[0m test_904
   [32m✓[0m test_905
   [32m✓[0m test_906
   [32m✓[0m test_907
   [32m✓[0m test_908
   [32m✓[0m test_909
   [32m✓[0m test_910
   [32m✓[0m test_911
   [32m✓[0m test_912
   [32m✓[0m test_913
   [32m✓[0m test_914
   [32m✓[0m test_915
   [32m✓[0m test_916
   [32m✓[0m test_917
   [32m✓[0m test_918
   [32m✓[0m test_919
   [32m✓[0m test_920
   [32m✓[0m test_921
   [32m✓[0m test_922
   [32m✓[0m test_923
   [32m✓[0m test_924
   [32m✓[0m test_925
   [32m✓[0m test_926
   [32m✓[0m test_927
   [32m✓[0m test_928
   [32m✓[0m test_929
   [32m✓[0m test_930
   [32m✓[0m test_931
   [32m✓[0m test_932
   [32m✓[0m test_933
   [32m✓[0m test_934
   [32m✓[0m test_935
   [32m✓[0m test_936
   [32m✓[0m test_937
   [32m✓[0m test_938
   [32m✓[0m test_939
   [32m✓[0m test_940
   [32m✓[0m test_941
   [32m✓[0m test_942
   [32m✓[0m test_943
   [32m✓[0m test_944
   [32m✓[0m test_945
   [32m✓[0m test_946
   [32m✓[0m test_947
   [32m✓[0m test_948
   [32m✓[0m test_949
   [32m✓[0m test_950
   [32m✓[0m test_951
   [32m✓[0m test_952
   [32m✓[0m test_953
   [32m✓[0m test_954
   [32m✓[0m test_955
   [32m✓[0m test_956
   [32m✓[0m test_957
   [32m✓[0m test_958
   [32m✓[0m test_959
   [32m✓[0m test_960
   [32m✓[0m test_961
   [32m✓[0m test_962
   [32m✓[0m test_963
   [32m✓[0m test_964
   [32m✓[0m test_965
   [32m✓[0m test_966
   [32m✓[0m test_967
   [32m✓[0m test_968
   [32m✓[0m test_969
   [32m✓[0m test_970
   [32m✓[0m test_971
   [32m✓[0m test_972
   [32m✓[0m test_973
   [32m✓[0m test_974
   [32m✓[0m test_975
   [32m✓[0m test_976
   [32m✓[0m test_977
   [32m✓[0m test_978
   [32m✓[0m test_979
   [32m✓[0m test_980
   [32m✓[0m test_981
   [32m✓[0m test_982
   [32m✓[0m test_983
   [32m✓[0m test_984
   [32m✓[0m test_985
   [32m✓[0m test_986
   [32m✓[0m test_987
   [32m✓[0m test_988
   [32m✓[0m test_989
   [32m✓[0m test_990
   [32m✓[0m test_991
   [32m✓[0m test_992
   [32m✓[0m test_993
   [32m✓[0m test_994
   [32m✓[0m test_995
   [32m✓[0m test_996
   [32m✓[0m test_997
   [32m✓[0m test_998
   [32m✓[0m test_999
   [32m✓[0m test_1000
   [32m✓[0m test_1001
   [32m✓[0m test_1002
   [32m✓[0m test_1003
   [32m✓[0m test_1004
   [32m✓[0m test_1005
   [32m✓[0m test_1006
   [32m✓[0m test_1007
   [32m✓[0m test_1008
   [32m✓[0m test_1009
   [32m✓[0m test_1010
   [32m✓[0m test_1011
   [32m✓[0m test_1012
   [32m✓[0m test_1013
   [32m✓[0m test_1014
   [32m✓[0m test_1015
   [32m✓[0m test_1016
   [32m✓[0m test_1017
   [32m✓[0m test_1018
   [32m✓[0m test_1019
   [32m✓[0m test_1020
   [32m✓[0m test_1021
   [32m✓[0m test_1022
   [32m✓[0m test_1023
   [32m✓[0m test_1024
   [32m✓[0m test_1025
   [32m✓[0m test_1026
   [32m✓[0m test_1027
   [32m✓[0m test_1028
   [32m✓[0m test_1029
   [32m✓[0m test_1030
   [32m✓[0m test_1031
   [32m✓[0m test_1032
   [32m✓[0m test_1033
   [32m✓[0m test_1034
   [32m✓[0m test_1035
   [32m✓[0m test_1036
   [32m✓[0m test_1037
   [32m✓[0m test_1038
   [32m✓[0m test_1039
   [32m✓[0m test_1040
   [32m✓[0m test_1041
   [32m✓[0m test_1042
   [32m✓[0m test_1043
   [32m✓[0m test_1044
   [32m✓[0m test_1045
   [32m✓[0m test_1046
   [32m✓[0m test_1047
   [32m✓[0m test_1048
   [32m✓[0m test_1049
   [32m✓[0m test_1050
   [32m✓[0m test_1051
   [32m✓[0m test_1052
   [32m✓[0m test_1053
   [32m✓[0m test_1054
   [32m✓[0m test_1055
   [32m✓[0m test_1056
   [32m✓[0m test_1057
   [32m✓[0m test_1058
   [32m✓[0m test_1059
   [32m✓[0m test_1060
   [32m✓[0m test_1061
   [32m✓[0m test_1062
   [32m✓[0m test_1063
   [32m✓[0m test_1064
   [32m✓[0m test_1065
   [32m✓[0m test_1066
   [32m✓[0m test_1067
   [32m✓[0m test_1068
   [32m✓[0m test_1069
   [32m✓[0m test_1070
   [32m✓[0m test_1071
   [32m✓[0m test_1072
   [32m✓[0m test_1073
   [32m✓[0m test_1074
   [32m✓[0m test_1075
   [32m✓[0m test_1076
   [32m✓[0m test_1077
   [32m✓[0m test_1078
   [32m✓[0m test_1079
   [32m✓[0m test_1080
   [32m✓[0m test_1081
   [32m✓[0m test_1082
   [32m✓[0m test_1083
   [32m✓[0m test_1084
   [32m✓[0m test_1085
   [32m✓[0m test_1086
   [32m✓[0m test_1087
   [32m✓[0m test_1088
   [32m✓[0m test_1089
   [32m✓[0m test_1090
   [32m✓[0m test_1091
   [32m✓[0m test_1092
   [32m✓[0m test_1093
   [32m✓[0m test_1094
   [32m✓[0m test_1095
   [32m✓[0m test_1096
   [32m✓[0m test_1097
   [32m✓[0m test_1098
   [32m✓[0m test_1099
   [32m✓[0m test_1100
   [32m✓[0m test_1101
   [32m✓[0m test_1102
   [32m✓[0m test_1103
   [32m✓[0m test_1104
   [32m✓[0m test_1105
   [32m✓[0m test_1106
   [32m✓[0m test_1107
   [32m✓[0m test_1108
   [32m✓[0m test_1109
   [32m✓[0m test_1110
   [32m✓[0m test_1111
   [32m✓[0m test_1112
   [32m✓[0m test_1113
   [32m✓[0m test_1114
   [32m✓[0m test_1115
   [32m✓[0m test_1116
   [32m✓[0m test_1117
   [32m✓[0m test_1118
   [32m✓[0m test_1119
   [32m✓[0m test_1120
   [32m✓[0m test_1121
   [32m✓[0m test_1122
   [32m✓[0m test_1123
   [32m✓[0m test_1124
   [32m✓[0m test_1125
   [32m✓[0m test_1126
   [32m✓[0m test_1127
   [32m✓[0m test_1128
   [32m✓[0m test_1129
   [32m✓[0m test_1130
   [32m✓[0m test_1131
   [32m✓[0m test_1132
   [32m✓[0m test_1133
   [32m✓[0m test_1134
   [32m✓[0m test_1135
   [32m✓[0m test_1136
   [32m✓[0m test_1137
   [32m✓[0m test_1138
   [32m✓[0m test_1139
   [32m✓[0m test_1140
   [32m✓[0m test_1141
   [32m✓[0m test_1142
   [32m✓[0m test_1143
   [32m✓[0m test_1144
   [32m✓[0m test_1145
   [32m✓[0m test_1146
   [32m✓[0m test_1147
   [32m✓[0m test_1148
   [32m✓[0m test_1149
   [32m✓[0m test_1150
   [32m✓[0m test_1151
   [32m✓[0m test_1152
   [32m✓[0m test_1153
   [32m✓[0m test_1154
   [32m✓[0m test_1155
   [32m✓[0m test_1156
   [32m✓[0m test_1157
   [32m✓[0m test_1158
   [32m✓[0m test_1159
   [32m✓[0m test_1160
   [32m✓[0m test_1161
   [32m✓[0m test_1162
   [32m✓[0m test_1163
   [32m✓[0m test_1164
   [32m✓[0m test_1165
   [32m✓[0m test_1166
   [32m✓[0m test_1167
   [32m✓[0m test_1168
   [32m✓[0m test_1169
   [32m✓[0m test_1170
   [32m✓[0m test_1171
   [32m✓[0m test_1172
   [32m✓[0m test_1173
   [32m✓[0m test_1174
   [32m✓[0m test_1175
   [32m✓[0m test_1176
   [32m✓[0m test_1177
   [32m✓[0m test_1178
   [32m✓[0m test_1179
   [32m✓[0m test_1180
   [32m✓[0m test_1181
   [32m✓[0m test_1182
   [32m✓[0m test_1183
   [32m✓[0m test_1184
   [32m✓[0m test_1185
   [32m✓[0m test_1186
   [32m✓[0m test_1187
   [32m✓[0m test_1188
   [32m✓[0m test_1189
   [32m✓[0m test_1190
   [32m✓[0m test_1191
   [32m✓[0m test_1192
   [32m✓[0m test_1193
   [32m✓[0m test_1194
   [32m✓[0m test_1195
   [32m✓[0m test_1196
   [32m✓[0m test_1197
   [32m✓[0m test_1198
   [32m✓[0m test_1199
   [32m✓[0m test_1200
   [32m✓[0m test_1201
   [32m✓[0m test_1202
   [32m✓[0m test_1203
   [32m✓[0m test_1204
   [32m✓[0m test_1205
   [32m✓[0m test_1206
   [32m✓[0m test_1207
   [32m✓[0m test_1208
   [32m✓[0m test_1209
   [32m✓[0m test_1210
   [32m✓[0m test_1211
   [32m✓[0m test_1212
   [32m✓[0m test_1213
   [32m✓[0m test_1214
   [32m✓[0m test_1215
   [32m✓[0m test_1216
   [32m✓[0m test_1217
   [32m✓[0m test_1218
   [32m✓[0m test_1219
   [32m✓[0m test_1220
   [32m✓[0m test_1221
   [32m✓[0m test_1222
   [32m✓[0m test_1223
   [32m✓[0m test_1224
   [32m✓[0m test_1225
   [32m✓[0m test_1226
   [32m✓[0m test_1227
   [32m✓[0m test_1228
   [32m✓[0m test_1229
   [32m✓[0m test_1230
   [32m✓[0m test_1231
   [32m✓[0m test_1232
   [32m✓[0m test_1233
   [32m✓[0m test_1234
   [32m✓[0m test_1235
   [32m✓[0m test_1236
   [32m✓[0m test_1237
   [32m✓[0m test_1238
   [32m✓[0m test_1239
   [32m✓[0m test_1240
   [32m✓[0m test_1241
   [32m✓[0m test_1242
   [32m✓[0m test_1243
   [32m✓[0m test_1244
   [32m✓[0m test_1245
   [32m✓[0m test_1246
   [32m✓[0m test_1247
   [32m✓[0m test_1248
   [32m✓[0m test_1249
   [32m✓[0m test_1250
   [32m✓[0m test_1251
   [32m✓[0m test_1252
   [32m✓[0m test_1253
   [32m✓[0m test_1254
   [32m✓[0m test_1255
   [32m✓[0m test_1256
   [32m✓[0m test_1257
   [32m✓[0m test_1258
   [32m✓[0m test_1259
   [32m✓[0m test_1260
   [32m✓[0m test_1261
   [32m✓[0m test_1262
   [32m✓[0m test_1263
   [32m✓[0m test_1264
   [32m✓[0m test_1265
   [32m✓[0m test_1266
   [32m✓[0m test_1267
   [32m✓[0m test_1268
   [32m✓[0m test_1269
   [32m✓[0m test_1270
   [32m✓[0m test_1271
   [32m✓[0m test_1272
   [32m✓[0m test_1273
   [32m✓[0m test_1274
   [32m✓[0m test_1275
   [32m✓[0m test_1276
   [32m✓[0m test_1277
   [32m✓[0m test_1278
   [32m✓[0m test_1279
   [32m✓[0m test_1280
   [32m✓[0m test_1281
   [32m✓[0m test_1282
   [32m✓[0m test_1283
   [32m✓[0m test_1284
   [32m✓[0m test_1285
   [32m✓[0m test_1286
   [32m✓[0m test_1287
   [32m✓[0m test_1288
   [32m✓[0m test_1289
   [32m✓[0m test_1290
   [32m✓[0m test_1291
   [32m✓[0m test_1292
   [32m✓[0m test_1293
   [32m✓[0m test_1294
   [32m✓[0m test_1295
   [32m✓[0m test_1296
   [32m✓[0m test_1297
   [32m✓[0m test_1298
   [32m✓[0m test_1299
   [32m✓[0m test_1300
   [32m✓[0m test_1301
   [32m✓[0m test_1302
   [32m✓[0m test_1303
   [32m✓[0m test_1304
   [32m✓[0m test_1305
   [32m✓[0m test_1306
   [32m✓[0m test_1307
   [32m✓[0m test_1308
   [32m✓[0m test_1309
   [32m✓[0m test_1310
   [32m✓[0m test_1311
   [32m✓[0m test_1312
   [32m✓[0m test_1313
   [32m✓[0m test_1314
   [32m✓[0m test_1315
   [32m✓[0m test_1316
   [32m✓[0m test_1317
   [32m✓[0m test_1318
   [32m✓[0m test_1319
   [32m✓[0m test_1320
   [32m✓[0m test_1321
   [32m✓[0m test_1322
   [32m✓[0m test_1323
   [32m✓[0m test_1324
   [32m✓[0m test_1325
   [32m✓[0m test_1326
   [32m✓[0m test_1327
   [32m✓[0m test_1328
   [32m✓[0m test_1329
   [32m✓[0m test_1330
   [32m✓[0m test_1331
   [32m✓[0m test_1332
   [32m✓[0m test_1333
   [32m✓[0m test_1334
   [32m✓[0m test_1335
   [32m✓[0m test_1336
   [32m✓[0m test_1337
   [32m✓[0m test_1338
   [32m✓[0m test_1339
   [32m✓[0m test_1340
   [32m✓[0m test_1341
   [32m✓[0m test_1342
   [32m✓[0m test_1343
   [32m✓[0m test_1344
   [32m✓[0m test_1345
   [32m✓[0m test_1346
   [32m✓[0m test_1347
   [32m✓[0m test_1348
   [32m✓[0m test_1349
   [32m✓[0m test_1350
   [32m✓[0m test_1351
   [32m✓[0m test_1352
   [32m✓[0m test_1353
   [32m✓[0m test_1354
   [32m✓[0m test_1355
   [32m✓[0m test_1356
   [32m✓[0m test_1357
   [32m✓[0m test_1358
   [32m✓[0m test_1359
   [32m✓[0m test_1360
   [32m✓[0m test_1361
   [32m✓[0m test_1362
   [32m✓[0m test_1363
   [32m✓[0m test_1364
   [32m✓[0m test_1365
   [32m✓[0m test_1366
   [32m✓[0m test_1367
   [32m✓[0m test_1368
   [32m✓[0m test_1369
   [32m✓[0m test_1370
   [32m✓[0m test_1371
   [32m✓[0m test_1372
   [32m✓[0m test_1373
   [32m✓[0m test_1374
   [32m✓[0m test_1375
   [32m✓[0m test_1376
   [32m✓[0m test_1377
   [32m✓[0m test_1378
   [32m✓[0m test_1379
   [32m✓[0m test_1380
   [32m✓[0m test_1381
   [32m✓[0m test_1382
   [32m✓[0m test_1383
   [32m✓[0m test_1384
   [32m✓[0m test_1385
   [32m✓[0m test_1386
   [32m✓[0m test_1387
   [32m✓[0m test_1388
   [32m✓[0m test_1389
   [32m✓[0m test_1390
   [32m✓[0m test_1391
   [32m✓[0m test_1392
   [32m✓[0m test_1393
   [32m✓[0m test_1394
   [32m✓[0m test_1395
   [32m✓[0m test_1396
   [32m✓[0m test_1397
   [32m✓[0m test_1398
   [32m✓[0m test_1399
   [32m✓[0m test_1400
   [32m✓[0m test_1401
   [32m✓[0m test_1402
   [32m✓[0m test_1403
   [32m✓[0m test_1404
   [32m✓[0m test_1405
   [32m✓[0m test_1406
   [32m✓[0m test_1407
   [32m✓[0m test_1408
   [32m✓[0m test_1409
   [32m✓[0m test_1410
   [32m✓[0m test_1411
   [32m✓[0m test_1412
   [32m✓[0m test_1413
   [32m✓[0m test_1414
   [32m✓[0m test_1415
   [32m✓[0m test_1416
   [32m✓[0m test_1417
   [32m✓[0m test_1418
   [32m✓[0m test_1419
   [32m✓[0m test_1420
   [32m✓[0m test_1421
   [32m✓[0m test_1422
   [32m✓[0m test_1423
   [32m✓[0m test_1424
   [32m✓[0m test_1425
   [32m✓[0m test_1426
   [32m✓[0m test_1427
   [32m✓[0m test_1428
   [32m✓[0m test_1429
   [32m✓[0m test_1430
   [32m✓[0m test_1431
   [32m✓[0m test_1432
   [32m✓[0m test_1433
   [32m✓[0m test_1434
   [32m✓[0m test_1435
   [32m✓[0m test_1436
   [32m✓[0m test_1437
   [32m✓[0m test_1438
   [32m✓[0m test_1439
   [32m✓[0m test_1440
   [32m✓[0m test_1441
   [32m✓[0m test_1442
   [32m✓[0m test_1443
   [32m✓[0m test_1444
   [32m✓[0m test_1445
   [32m✓[0m test_1446
   [32m✓[0m test_1447
   [32m✓[0m test_1448
   [32m✓[0m test_1449
   [32m✓[0m test_1450
   [32m✓[0m test_1451
   [32m✓[0m test_1452
   [32m✓[0m test_1453
   [32m✓[0m test_1454
   [32m✓[0m test_1455
   [32m✓[0m test_1456
   [32m✓[0m test_1457
   [32m✓[0m test_1458
   [32m✓[0m test_1459
   [32m✓[0m test_1460
   [32m✓[0m test_1461
   [32m✓[0m test_1462
   [32m✓[0m test_1463
   [32m✓[0m test_1464
   [32m✓[0m test_1465
   [32m✓[0m test_1466
   [32m✓[0m test_1467
   [32m✓[0m test_1468
   [32m✓[0m test_1469
   [32m✓[0m test_1470
   [32m✓[0m test_1471
   [32m✓[0m test_1472
   [32m✓[0m test_1473
   [32m✓[0m test_1474
   [32m✓[0m test_1475
   [32m✓[0m test_1476
   [32m✓[0m test_1477
   [32m✓[0m test_1478
   [32m✓[0m test_1479
   [32m✓[0m test_1480
   [32m✓[0m test_1481
   [32m✓[0m test_1482
   [32m✓[0m test_1483
   [32m✓[0m test_1484
   [32m✓[0m test_1485
   [32m✓[0m test_1486
   [32m✓[0m test_1487
   [32m✓[0m test_1488
   [32m✓[0m test_1489
   [32m✓[0m test_1490
   [32m✓[0m test_1491
   [32m✓[0m test_1492
   [32m✓[0m test_1493
   [32m✓[0m test_1494
   [32m✓[0m test_1495
   [32m✓[0m test_1496
   [32m✓[0m test_1497
   [32m✓[0m test_1498
   [32m✓[0m test_1499
   [32m✓[0m test_1500
   [32m✓[0m test_1501
   [32m✓[0m test_1502
   [32m✓[0m test_1503
   [32m✓[0m test_1504
   [32m✓[0m test_1505
   [32m✓[0m test_1506
   [32m✓[0m test_1507
   [32m✓[0m test_1508
   [32m✓[0m test_1509
   [32m✓[0m test_1510
   [32m✓[0m test_1511
   [32m✓[0m test_1512
   [32m✓[0m test_1513
   [32m✓[0m test_1514
   [32m✓[0m test_1515
   [32m✓[0m test_1516
   [32m✓[0m test_1517
   [32m✓[0m test_1518
   [32m✓[0m test_1519
   [32m✓[0m test_1520
   [32m✓[0m test_1521
   [32m✓[0m test_1522
   [32m✓[0m test_1523
   [32m✓[0m test_1524
   [32m✓[0m test_1525
   [32m✓[0m test_1526
   [32m✓[0m test_1527
   [32m✓[0m test_1528
   [32m✓[0m test_1529
   [32m✓[0m test_1530
   [32m✓[0m test_1531
   [32m✓[0m test_1532
   [32m✓[0m test_1533
   [32m✓[0m test_1534
   [32m✓[0m test_1535
   [32m✓[0m test_1536
   [32m✓[0m test_1537
   [32m✓[0m test_1538
   [32m✓[0m test_1539
   [32m✓[0m test_1540
   [32m✓[0m test_1541
   [32m✓[0m test_1542
   [32m✓[0m test_1543
   [32m✓[0m test_1544
   [32m✓[0m test_1545
   [32m✓[0m test_1546
   [32m✓[0m test_1547
   [32m✓[0m test_1548
   [32m✓[0m test_1549
   [32m✓[0m test_1550
   [32m✓[0m test_1551
   [32m✓[0m test_1552
   [32m✓[0m test_1553
   [32m✓[0m test_1554
   [32m✓[0m test_1555
   [32m✓[0m test_1556
   [32m✓[0m test_1557
   [32m✓[0m test_1558
   [32m✓[0m test_1559
   [32m✓[0m test_1560
   [32m✓[0m test_1561
   [32m✓[0m test_1562
   [32m✓[0m test_1563
   [32m✓[0m test_1564
   [32m✓[0m test_1565
   [32m✓[0m test_1566
   [32m✓[0m test_1567
   [32m✓[0m test_1568
   [32m✓[0m test_1569
   [32m✓[0m test_1570
   [32m✓[0m test_1571
   [32m✓[0m test_1572
   [32m✓[0m test_1573
   [32m✓[0m test_1574
   [32m✓[0m test_1575
   [32m✓[0m test_1576
   [32m✓[0m test_1577
   [32m✓[0m test_1578
   [32m✓[0m test_1579
   [32m✓[0m test_1580
   [32m✓[0m test_1581
   [32m✓[0m test_1582
   [32m✓[0m test_1583
   [32m✓[0m test_1584
   [32m✓[0m test_1585
   [32m✓[0m test_1586
   [32m✓[0m test_1587
   [32m✓[0m test_1588
   [32m✓[0m test_1589
   [32m✓[0m test_1590
   [32m✓[0m test_1591
   [32m✓[0m test_1592
   [32m✓[0m test_1593
   [32m✓[0m test_1594
   [32m✓[0m test_1595
   [32m✓[0m test_1596
   [32m✓[0m test_1597
   [32m✓[0m test_1598
   [32m✓[0m test_1599
   [32m✓[0m test_1600
   [32m✓[0m test_1601
   [32m✓[0m test_1602
   [32m✓[0m test_1603
   [32m✓[0m test_1604
   [32m✓[0m test_1605
   [32m✓[0m test_1606
   [32m✓[0m test_1607
   [32m✓[0m test_1608
   [32m✓[0m test_1609
   [32m✓[0m test_1610
   [32m✓[0m test_1611
   [32m✓[0m test_1612
   [32m✓[0m test_1613
   [32m✓[0m test_1614
   [32m✓[0m test_1615
   [32m✓[0m test_1616
   [32m✓[0m test_1617
   [32m✓[0m test_1618
   [32m✓[0m test_1619
   [32m✓[0m test_1620
   [32m✓[0m test_1621
   [32m✓[0m test_1622
   [32m✓[0m test_1623
   [32m✓[0m test_1624
   [32m✓[0m test_1625
   [32m✓[0m test_1626
   [32m✓[0m test_1627
   [32m✓[0m test_1628
   [32m✓[0m test_1629
   [32m✓[0m test_1630
   [32m✓[0m test_1631
   [32m✓[0m test_1632
   [32m✓[0m test_1633
   [32m✓[0m test_1634
   [32m✓[0m test_1635
   [32m✓[0m test_1636
   [32m✓[0m test_1637
   [32m✓[0m test_1638
   [32m✓[0m test_1639
   [32m✓[0m test_1640
   [32m✓[0m test_1641
   [32m✓[0m test_1642
   [32m✓[0m test_1643
   [32m✓[0m test_1644
   [32m✓[0m test_1645
   [32m✓[0m test_1646
   [32m✓[0m test_1647
   [32m✓[0m test_1648
   [32m✓[0m test_1649
   [32m✓[0m test_1650
   [32m✓[0m test_1651
   [32m✓[0m test_1652
   [32m✓[0m test_1653
   [32m✓[0m test_1654
   [32m✓[0m test_1655
   [32m✓[0m test_1656
   [32m✓[0m test_1657
   [32m✓[0m test_1658
   [32m✓[0m test_1659
   [32m✓[0m test_1660
   [32m✓[0m test_1661
   [32m✓[0m test_1662
   [32m✓[0m test_1663
   [32m✓[0m test_1664
   [32m✓[0m test_1665
   [32m✓[0m test_1666
   [32m✓[0m test_1667
   [32m✓[0m test_1668
   [32m✓[0m test_1669
   [32m✓[0m test_1670
   [32m✓[0m test_1671
   [32m✓[0m test_1672
   [32m✓[0m test_1673
   [32m✓[0m test_1674
   [32m✓[0m test_1675
   [32m✓[0m test_1676
   [32m✓[0m test_1677
   [32m✓[0m test_1678
   [32m✓[0m test_1679
   [32m✓[0m test_1680
   [32m✓[0m test_1681
   [32m✓[0m test_1682
   [32m✓[0m test_1683
   [32m✓[0m test_1684
   [32m✓[0m test_1685
   [32m✓[0m test_1686
   [32m✓[0m test_1687
   [32m✓[0m test_1688
   [32m✓[0m test_1689
   [32m✓[0m test_1690
   [32m✓[0m test_1691
   [32m✓[0m test_1692
   [32m✓[0m test_1693
   [32m✓[0m test_1694
   [32m✓[0m test_1695
   [32m✓[0m test_1696
   [32m✓[0m test_1697
   [32m✓[0m test_1698
   [32m✓[0m test_1699
   [32m✓[0m test_1700
   [32m✓[0m test_1701
   [32m✓[0m test_1702
   [32m✓[0m test_1703
   [32m✓[0m test_1704
   [32m✓[0m test_1705
   [32m✓[0m test_1706
   [32m✓[0m test_1707
   [32m✓[0m test_1708
   [32m✓[0m test_1709
   [32m✓[0m test_1710
   [32m✓[0m test_1711
   [32m✓[0m test_1712
   [32m✓[0m test_1713
   [32m✓[0m test_1714
   [32m✓[0m test_1715
   [32m✓[0m test_1716
   [32m✓[0m test_1717
   [32m✓[0m test_1718
   [32m✓[0m test_1719
   [32m✓[0m test_1720
   [32m✓[0m test_1721
   [32m✓[0m test_1722
   [32m✓[0m test_1723
   [32m✓[0m test_1724
   [32m✓[0m test_1725
   [32m✓[0m test_1726
   [32m✓[0m test_1727
   [32m✓[0m test_1728
   [32m✓[0m test_1729
   [32m✓[0m test_1730
   [32m✓[0m test_1731
   [32m✓[0m test_1732
   [32m✓[0m test_1733
   [32m✓[0m test_1734
   [32m✓[0m test_1735
   [32m✓[0m test_1736
   [32m✓[0m test_1737
   [32m✓[0m test_1738
   [32m✓[0m test_1739
   [32m✓[0m test_1740
   [32m✓[0m test_1741
   [32m✓[0m test_1742
   [32m✓[0m test_1743
   [32m✓[0m test_1744
   [32m✓[0m test_1745
   [32m✓[0m test_1746
   [32m✓[0m test_1747
   [32m✓[0m test_1748
   [32m✓[0m test_1749
   [32m✓[0m test_1750
   [32m✓[0m test_1751
   [32m✓[0m test_1752
   [32m✓[0m test_1753
   [32m✓[0m test_1754
   [32m✓[0m test_1755
   [32m✓[0m test_1756
   [32m✓[0m test_1757
   [32m✓[0m test_1758
   [32m✓[0m test_1759
   [32m✓[0m test_1760
   [32m✓[0m test_1761
   [32m✓[0m test_1762
   [32m✓[0m test_1763
   [32m✓[0m test_1764
   [32m✓[0m test_1765
   [32m✓[0m test_1766
   [32m✓[0m test_1767
   [32m✓[0m test_1768
   [32m✓[0m test_1769
   [32m✓[0m test_1770
   [32m✓[0m test_1771
   [32m✓[0m test_1772
   [32m✓[0m test_1773
   [32m✓[0m test_1774
   [32m✓[0m test_1775
   [32m✓[0m test_1776
   [32m✓[0m test_1777
   [32m✓[0m test_1778
   [32m✓[0m test_1779
   [32m✓[0m test_1780
   [32m✓[0m test_1781
   [32m✓[0m test_1782
   [32m✓[0m test_1783
   [32m✓[0m test_1784
   [32m✓[0m test_1785
   [32m✓[0m test_1786
   [32m✓[0m test_1787
   [32m✓[0m test_1788
   [32m✓[0m test_1789
   [32m✓[0m test_1790
   [32m✓[0m test_1791
   [32m✓[0m test_1792
   [32m✓[0m test_1793
   [32m✓[0m test_1794
   [32m✓[0m test_1795
   [32m✓[0m test_1796
   [32m✓[0m test_1797
   [32m✓[0m test_1798
   [32m✓[0m test_1799
   [32m✓[0m test_1800
   [32m✓[0m test_1801
   [32m✓[0m test_1802
   [32m✓[0m test_1803
   [32m✓[0m test_1804
   [32m✓[0m test_1805
   [32m✓[0m test_1806
   [32m✓[0m test_1807
   [32m✓[0m test_1808
   [32m✓[0m test_1809
   [32m✓[0m test_1810
   [32m✓[0m test_1811
   [32m✓[0m test_1812
   [32m✓[0m test_1813
   [32m✓[0m test_1814
   [32m✓[0m test_1815
   [32m✓[0m test_1816
   [32m✓[0m test_1817
   [32m✓[0m test_1818
   [32m✓[0m test_1819
   [32m✓[0m test_1820
   [32m✓[0m test_1821
   [32m✓[0m test_1822
   [32m✓[0m test_1823
   [32m✓[0m test_1824
   [32m✓[0m test_1825
   [32m✓[0m test_1826
   [32m✓[0m test_1827
   [32m✓[0m test_1828
   [32m✓[0m test_1829
   [32m✓[0m test_1830
   [32m✓[0m test_1831
   [32m✓[0m test_1832
   [32m✓[0m test_1833
   [32m✓[0m test_1834
   [32m✓[0m test_1835
   [32m✓[0m test_1836
   [32m✓[0m test_1837
   [32m✓[0m test_1838
   [32m✓[0m test_1839
   [32m✓[0m test_1840
   [32m✓[0m test_1841
   [32m✓[0m test_1842
   [32m✓[0m test_1843
   [32m✓[0m test_1844
   [32m✓[0m test_1845
   [32m✓[0m test_1846
   [32m✓[0m test_1847
   [32m✓[0m test_1848
   [32m✓[0m test_1849
   [32m✓[0m test_1850
   [32m✓[0m test_1851
   [32m✓[0m test_1852
   [32m✓[0m test_1853
   [32m✓[0m test_1854
   [32m✓[0m test_1855
   [32m✓[0m test_1856
   [32m✓[0m test_1857
   [32m✓[0m test_1858
   [32m✓[0m test_1859
   [32m✓[0m test_1860
   [32m✓[0m test_1861
   [32m✓[0m test_1862
   [32m✓[0m test_1863
   [32m✓[0m test_1864
   [32m✓[0m test_1865
   [32m✓[0m test_1866
   [32m✓[0m test_1867
   [32m✓[0m test_1868
   [32m✓[0m test_1869
   [32m✓[0m test_1870
   [32m✓[0m test_1871
   [32m✓[0m test_1872
   [32m✓[0m test_1873
   [32m✓[0m test_1874
   [32m✓[0m test_1875
   [32m✓[0m test_1876
   [32m✓[0m test_1877
   [32m✓[0m test_1878
   [32m✓[0m test_1879
   [32m✓[0m test_1880
   [32m✓[0m test_1881
   [32m✓[0m test_1882
   [32m✓[0m test_1883
   [32m✓[0m test_1884
   [32m✓[0m test_1885
   [32m✓[0m test_1886
   [32m✓[0m test_1887
   [32m✓[0m test_1888
   [32m✓[0m test_1889
   [32m✓[0m test_1890
   [32m✓[0m test_1891
   [32m✓[0m test_1892
   [32m✓[0m test_1893
   [32m✓[0m test_1894
   [32m✓[0m test_1895
   [32m✓[0m test_1896
   [32m✓[0m test_1897
   [32m✓[0m test_1898
   [32m✓[0m test_1899
   [32m✓[0m test_1900
   [32m✓[0m test_1901
   [32m✓[0m test_1902
   [32m✓[0m test_1903
   [32m✓[0m test_1904
   [32m✓[0m test_1905
   [32m✓[0m test_1906
   [32m✓[0m test_1907
   [32m✓[0m test_1908
   [32m✓[0m test_1909
   [32m✓[0m test_1910
   [32m✓[0m test_1911
   [32m✓[0m test_1912
   [32m✓[0m test_1913
   [32m✓[0m test_1914
   [32m✓[0m test_1915
   [32m✓[0m test_1916
   [32m✓[0m test_1917
   [32m✓[0m test_1918
   [32m✓[0m test_1919
   [32m✓[0m test_1920
   [32m✓[0m test_1921
   [32m✓[0m test_1922
   [32m✓[0m test_1923
   [32m✓[0m test_1924
   [32m✓[0m test_1925
   [32m✓[0m test_1926
   [32m✓[0m test_1927
   [32m✓[0m test_1928
   [32m✓[0m test_1929
   [32m✓[0m test_1930
   [32m✓[0m test_1931
   [32m✓[0m test_1932
   [32m✓[0m test_1933
   [32m✓[0m test_1934
   [32m✓[0m test_1935
   [32m✓[0m test_1936
   [32m✓[0m test_1937
   [32m✓[0m test_1938
   [32m✓[0m test_1939
   [32m✓[0m test_1940
   [32m✓[0m test_1941
   [32m✓[0m test_1942
   [32m✓[0m test_1943
   [32m✓[0m test_1944
   [32m✓[0m test_1945
   [32m✓[0m test_1946
   [32m✓[0m test_1947
   [32m✓[0m test_1948
   [32m✓[0m test_1949
   [32m✓[0m test_1950
   [32m✓[0m test_1951
   [32m✓[0m test_1952
   [32m✓[0m test_1953
   [32m✓[0m test_1954
   [32m✓[0m test_1955
   [32m✓[0m test_1956
   [32m✓[0m test_1957
   [32m✓[0m test_1958
   [32m✓[0m test_1959
   [32m✓[0m test_1960
   [32m✓[0m test_1961
   [32m✓[0m test_1962
   [32m✓[0m test_1963
   [32m✓[0m test_1964
   [32m✓[0m test_1965
   [32m✓[0m test_1966
   [32m✓[0m test_1967
   [32m✓[0m test_1968
   [32m✓[0m test_1969
   [32m✓[0m test_1970
   [32m✓[0m test_1971
   [32m✓[0m test_1972
   [32m✓[0m test_1973
   [32m✓[0m test_1974
   [32m✓[0m test_1975
   [32m✓[0m test_1976
   [32m✓[0m test_1977
   [32m✓[0m test_1978
   [32m✓[0m test_1979
   [32m✓[0m test_1980
   [32m✓[0m test_1981
   [32m✓[0m test_1982
   [32m✓[0m test_1983
   [32m✓[0m test_1984
   [32m✓[0m test_1985
   [32m✓[0m test_1986
   [32m✓[0m test_1987
   [32m✓[0m test_1988
   [32m✓[0m test_1989
   [32m✓[0m test_1990
   [32m✓[0m test_1991
   [32m✓[0m test_1992
   [32m✓[0m test_1993
   [32m✓[0m test_1994
   [32m✓[0m test_1995
   [32m✓[0m test_1996
   [32m✓[0m test_1997
   [32m✓[0m test_1998
   [32m✓[0m test_1999
   [32m✓[0m test_2000
   [32m✓[0m test_2001
   [32m✓[0m test_2002
   [32m✓[0m test_2003
   [32m✓[0m test_2004
   [32m✓[0m test_2005
   [32m✓[0m test_2006
   [32m✓[0m test_2007
   [32m✓[0m test_2008
   [32m✓[0m test_2009
   [32m✓[0m test_2010
   [32m✓[0m test_2011
   [32m✓[0m test_2012
   [32m✓[0m test_2013
   [32m✓[0m test_2014
   [32m✓[0m test_2015
   [32m✓[0m test_2016
   [32m✓[0m test_2017
   [32m✓[0m test_2018
   [32m✓[0m test_2019
   [32m✓[0m test_2020
   [32m✓[0m test_2021
   [32m✓[0m test_2022
   [32m✓[0m test_2023
   [32m✓[0m test_2024
   [32m✓[0m test_2025
   [32m✓[0m test_2026
   [32m✓[0m test_2027
   [32m✓[0m test_2028
   [32m✓[0m test_2029
   [32m✓[0m test_2030
   [32m✓[0m test_2031
   [32m✓[0m test_2032
   [32m✓[0m test_2033
   [32m✓[0m test_2034
   [32m✓[0m test_2035
   [32m✓[0m test_2036
   [32m✓[0m test_2037
   [32m✓[0m test_2038
   [32m✓[0m test_2039
   [32m✓[0m test_2040
   [32m✓[0m test_2041
   [32m✓[0m test_2042
   [32m✓[0m test_2043
   [32m✓[0m test_2044
   [32m✓[0m test_2045
   [32m✓[0m test_2046
   [32m✓[0m test_2047
   [32m✓[0m test_2048
   [32m✓[0m test_2049
   [32m✓[0m test_2050
   [32m✓[0m test_2051
   [32m✓[0m test_2052
   [32m✓[0m test_2053
   [32m✓[0m test_2054
   [32m✓[0m test_2055
   [32m✓[0m test_2056
   [32m✓[0m test_2057
   [32m✓[0m test_2058
   [32m✓[0m test_2059
   [32m✓[0m test_2060
   [32m✓[0m test_2061
   [32m✓[0m test_2062
   [32m✓[0m test_2063
   [32m✓[0m test_2064
   [32m✓[0m test_2065
   [32m✓[0m test_2066
   [32m✓[0m test_2067
   [32m✓[0m test_2068
   [32m✓[0m test_2069
   [32m✓[0m test_2070
   [32m✓[0m test_2071
   [32m✓[0m test_2072
   [32m✓[0m test_2073
   [32m✓[0m test_2074
   [32m✓[0m test_2075
   [32m✓[0m test_2076
   [32m✓[0m test_2077
   [32m✓[0m test_2078
   [32m✓[0m test_2079
   [32m✓[0m test_2080
   [32m✓[0m test_2081
   [32m✓[0m test_2082
   [32m✓[0m test_2083
   [32m✓[0m test_2084
   [32m✓[0m test_2085
   [32m✓[0m test_2086
   [32m✓[0m test_2087
   [32m✓[0m test_2088
   [32m✓[0m test_2089
   [32m✓[0m test_2090
   [32m✓[0m test_2091
   [32m✓[0m test_2092
   [32m✓[0m test_2093
   [32m✓[0m test_2094
   [32m✓[0m test_2095
   [32m✓[0m test_2096
   [32m✓[0m test_2097
   [32m✓[0m test_2098
   [32m✓[0m test_2099
   [32m✓[0m test_2100
   [32m✓[0m test_2101
   [32m✓[0m test_2102
   [32m✓[0m test_2103
   [32m✓[0m test_2104
   [32m✓[0m test_2105
   [32m✓[0m test_2106
   [32m✓[0m test_2107
   [32m✓[0m test_2108
   [32m✓[0m test_2109
   [32m✓[0m test_2110
   [32m✓[0m test_2111
   [32m✓[0m test_2112
   [32m✓[0m test_2113
   [32m✓[0m test_2114
   [32m✓[0m test_2115
   [32m✓[0m test_2116
   [32m✓[0m test_2117
   [32m✓[0m test_2118
   [32m✓[0m test_2119
   [32m✓[0m test_2120
   [32m✓[0m test_2121
   [32m✓[0m test_2122
   [32m✓[0m test_2123
   [32m✓[0m test_2124
   [32m✓[0m test_2125
   [32m✓[0m test_2126
   [32m✓[0m test_2127
   [32m✓[0m test_2128
   [32m✓[0m test_2129
   [32m✓[0m test_2130
   [32m✓[0m test_2131
   [32m✓[0m test_2132
   [32m✓[0m test_2133
   [32m✓[0m test_2134
   [32m✓[0m test_2135
   [32m✓[0m test_2136
   [32m✓[0m test_2137
   [32m✓[0m test_2138
   [32m✓[0m test_2139
   [32m✓[0m test_2140
   [32m✓[0m test_2141
   [32m✓[0m test_2142
   [32m✓[0m test_2143
   [32m✓[0m test_2144
   [32m✓[0m test_2145
   [32m✓[0m test_2146
   [32m✓[0m test_2147
   [32m✓[0m test_2148
   [32m✓[0m test_2149
   [32m✓[0m test_2150
   [32m✓[0m test_2151
   [32m✓[0m test_2152
   [32m✓[0m test_2153
   [32m✓[0m test_2154
   [32m✓[0m test_2155
   [32m✓[0m test_2156
   [32m✓[0m test_2157
   [32m✓[0m test_2158
   [32m✓[0m test_2159
   [32m✓[0m test_2160
   [32m✓[0m test_2161
   [32m✓[0m test_2162
   [32m✓[0m test_2163
   [32m✓[0m test_2164
   [32m✓[0m test_2165
   [32m✓[0m test_2166
   [32m✓[0m test_2167
   [32m✓[0m test_2168
   [32m✓[0m test_2169
   [32m✓[0m test_2170
   [32m✓[0m test_2171
   [32m✓[0m test_2172
   [32m✓[0m test_2173
   [32m✓[0m test_2174
   [32m✓[0m test_2175
   [32m✓[0m test_2176
   [32m✓[0m test_2177
   [32m✓[0m test_2178
   [32m✓[0m test_2179
   [32m✓[0m test_2180
   [32m✓[0m test_2181
   [32m✓[0m test_2182
   [32m✓[0m test_2183
   [32m✓[0m test_2184
   [32m✓[0m test_2185
   [32m✓[0m test_2186
   [32m✓[0m test_2187
   [32m✓[0m test_2188
   [32m✓[0m test_2189
   [32m✓[0m test_2190
   [32m✓[0m test_2191
   [32m✓[0m test_2192
   [32m✓[0m test_2193
   [32m✓[0m test_2194
   [32m✓[0m test_2195
   [32m✓[0m test_2196
   [32m✓[0m test_2197
   [32m✓[0m test_2198
   [32m✓[0m test_2199
   [32m✓[0m test_2200
   [32m✓[0m test_2201
   [32m✓[0m test_2202
   [32m✓[0m test_2203
   [32m✓[0m test_2204
   [32m✓[0m test_2205
   [32m✓[0m test_2206
   [32m✓[0m test_2207

[31m⎯⎯⎯⎯⎯⎯⎯⎯⎯⎯⎯⎯⎯⎯⎯⎯⎯⎯⎯⎯⎯⎯⎯⎯⎯⎯⎯⎯⎯⎯[0m
 [31mFailed Tests 995[0m
[31m⎯⎯⎯⎯⎯⎯⎯⎯⎯⎯⎯⎯⎯⎯⎯⎯⎯⎯⎯⎯⎯⎯⎯⎯⎯⎯⎯⎯⎯⎯[0m

 [101mFAIL[0m [37m› [0m[93massembler.test.compile { } format assembly[0m

      [31m✖ [0mtest failed[0m

 [101mFAIL[0m [37m› [0m[93mgenerated_state.stAttackTest.ContractCreationSpamFiller.test.ContractCreationSpam[0m

      [31m✖ [0mtest failed[0m

 [101mFAIL[0m [37m› [0m[93mgenerated_state.stAttackTest.CrashingTransactionFiller.test.CrashingTransaction[0m

      [31m✖ [0mtest failed[0m

 [101mFAIL[0m [37m› [0m[93mgenerated_state.stCallCodes.call_OOG_additionalGasCosts1Filler.test.call_OOG_additionalGasCosts1[0m

      [31m✖ [0mtest failed[0m

 [101mFAIL[0m [37m› [0m[93mgenerated_state.stCallCodes.callcall_00Filler.test.callcall_00[0m

      [31m✖ [0mtest failed[0m

 [101mFAIL[0m [37m› [0m[93mgenerated_state.stCallCodes.callcall_00_SuicideEndFiller.test.callcall_00_SuicideEnd[0m

      [31m✖ [0mtest failed[0m

 [101mFAIL[0m [37m› [0m[93mgenerated_state.stCallCodes.callcallcall_000Filler.test.callcallcall_000[0m

      [31m✖ [0mtest failed[0m

 [101mFAIL[0m [37m› [0m[93mgenerated_state.stCallCodes.callcallcall_000_SuicideMiddleFiller.test.callcallcall_000_SuicideMiddle[0m

      [31m✖ [0mtest failed[0m

 [101mFAIL[0m [37m› [0m[93mgenerated_state.stCallCodes.callcallcall_ABCB_RECURSIVEFiller.test.callcallcall_ABCB_RECURSIVE[0m

      [31m✖ [0mcrashed with signal 6[0m

 [101mFAIL[0m [37m› [0m[93mgenerated_state.stCallCodes.callcallcallcode_001Filler.test.callcallcallcode_001[0m

      [31m✖ [0mtest failed[0m

 [101mFAIL[0m [37m› [0m[93mgenerated_state.stCallCodes.callcallcallcode_001_SuicideMiddleFiller.test.callcallcallcode_001_SuicideMiddle[0m

      [31m✖ [0mtest failed[0m

 [101mFAIL[0m [37m› [0m[93mgenerated_state.stCallCodes.callcallcallcode_ABCB_RECURSIVEFiller.test.callcallcallcode_ABCB_RECURSIVE[0m

      [31m✖ [0mcrashed with signal 6[0m

 [101mFAIL[0m [37m› [0m[93mgenerated_state.stCallCodes.callcallcode_01Filler.test.callcallcode_01[0m

      [31m✖ [0mtest failed[0m

 [101mFAIL[0m [37m› [0m[93mgenerated_state.stCallCodes.callcallcode_01_SuicideEndFiller.test.callcallcode_01_SuicideEnd[0m

      [31m✖ [0mtest failed[0m

 [101mFAIL[0m [37m› [0m[93mgenerated_state.stCallCodes.callcallcodecall_010Filler.test.callcallcodecall_010[0m

      [31m✖ [0mtest failed[0m

 [101mFAIL[0m [37m› [0m[93mgenerated_state.stCallCodes.callcallcodecall_010_SuicideMiddleFiller.test.callcallcodecall_010_SuicideMiddle[0m

      [31m✖ [0mtest failed[0m

 [101mFAIL[0m [37m› [0m[93mgenerated_state.stCallCodes.callcallcodecall_ABCB_RECURSIVEFiller.test.callcallcodecall_ABCB_RECURSIVE[0m

      [31m✖ [0mcrashed with signal 6[0m

 [101mFAIL[0m [37m› [0m[93mgenerated_state.stCallCodes.callcallcodecallcode_011Filler.test.callcallcodecallcode_011[0m

      [31m✖ [0mtest failed[0m

 [101mFAIL[0m [37m› [0m[93mgenerated_state.stCallCodes.callcallcodecallcode_011_SuicideMiddleFiller.test.callcallcodecallcode_011_SuicideMiddle[0m

      [31m✖ [0mtest failed[0m

 [101mFAIL[0m [37m› [0m[93mgenerated_state.stCallCodes.callcallcodecallcode_ABCB_RECURSIVEFiller.test.callcallcodecallcode_ABCB_RECURSIVE[0m

      [31m✖ [0mcrashed with signal 6[0m

 [101mFAIL[0m [37m› [0m[93mgenerated_state.stCallCodes.callcodeDynamicCode2SelfCallFiller.test.callcodeDynamicCode2SelfCall[0m

      [31m✖ [0mtest failed[0m

 [101mFAIL[0m [37m› [0m[93mgenerated_state.stCallCodes.callcodeDynamicCodeFiller.test.callcodeDynamicCode[0m

      [31m✖ [0mtest failed[0m

 [101mFAIL[0m [37m› [0m[93mgenerated_state.stCallCodes.callcodeInInitcodeToEmptyContractFiller.test.callcodeInInitcodeToEmptyContract[0m

      [31m✖ [0mtest failed[0m

 [101mFAIL[0m [37m› [0m[93mgenerated_state.stCallCodes.callcodeInInitcodeToExisContractWithVTransferNEMoneyFiller.test.callcodeInInitcodeToExisContractWithVTransferNEMoney[0m

      [31m✖ [0mtest failed[0m

 [101mFAIL[0m [37m› [0m[93mgenerated_state.stCallCodes.callcodeInInitcodeToExistingContractFiller.test.callcodeInInitcodeToExistingContract[0m

      [31m✖ [0mtest failed[0m

 [101mFAIL[0m [37m› [0m[93mgenerated_state.stCallCodes.callcode_checkPCFiller.test.callcode_checkPC[0m

      [31m✖ [0mtest failed[0m

 [101mFAIL[0m [37m› [0m[93mgenerated_state.stCallCodes.callcodecall_10Filler.test.callcodecall_10[0m

      [31m✖ [0mtest failed[0m

 [101mFAIL[0m [37m› [0m[93mgenerated_state.stCallCodes.callcodecallcall_100Filler.test.callcodecallcall_100[0m

      [31m✖ [0mtest failed[0m

 [101mFAIL[0m [37m› [0m[93mgenerated_state.stCallCodes.callcodecallcall_100_SuicideEndFiller.test.callcodecallcall_100_SuicideEnd[0m

      [31m✖ [0mtest failed[0m

 [101mFAIL[0m [37m› [0m[93mgenerated_state.stCallCodes.callcodecallcall_100_SuicideMiddleFiller.test.callcodecallcall_100_SuicideMiddle[0m

      [31m✖ [0mtest failed[0m

 [101mFAIL[0m [37m› [0m[93mgenerated_state.stCallCodes.callcodecallcall_ABCB_RECURSIVEFiller.test.callcodecallcall_ABCB_RECURSIVE[0m

      [31m✖ [0mcrashed with signal 6[0m

 [101mFAIL[0m [37m› [0m[93mgenerated_state.stCallCodes.callcodecallcallcode_101Filler.test.callcodecallcallcode_101[0m

      [31m✖ [0mtest failed[0m

 [101mFAIL[0m [37m› [0m[93mgenerated_state.stCallCodes.callcodecallcallcode_101_SuicideMiddleFiller.test.callcodecallcallcode_101_SuicideMiddle[0m

      [31m✖ [0mtest failed[0m

 [101mFAIL[0m [37m› [0m[93mgenerated_state.stCallCodes.callcodecallcallcode_ABCB_RECURSIVEFiller.test.callcodecallcallcode_ABCB_RECURSIVE[0m

      [31m✖ [0mcrashed with signal 6[0m

 [101mFAIL[0m [37m› [0m[93mgenerated_state.stCallCodes.callcodecallcode_11Filler.test.callcodecallcode_11[0m

      [31m✖ [0mtest failed[0m

 [101mFAIL[0m [37m› [0m[93mgenerated_state.stCallCodes.callcodecallcodecall_110Filler.test.callcodecallcodecall_110[0m

      [31m✖ [0mtest failed[0m

 [101mFAIL[0m [37m› [0m[93mgenerated_state.stCallCodes.callcodecallcodecall_110_SuicideEndFiller.test.callcodecallcodecall_110_SuicideEnd[0m

      [31m✖ [0mtest failed[0m

 [101mFAIL[0m [37m› [0m[93mgenerated_state.stCallCodes.callcodecallcodecall_ABCB_RECURSIVEFiller.test.callcodecallcodecall_ABCB_RECURSIVE[0m

      [31m✖ [0mcrashed with signal 6[0m

 [101mFAIL[0m [37m› [0m[93mgenerated_state.stCallCodes.callcodecallcodecallcode_111Filler.test.callcodecallcodecallcode_111[0m

      [31m✖ [0mtest failed[0m

 [101mFAIL[0m [37m› [0m[93mgenerated_state.stCallCodes.callcodecallcodecallcode_111_SuicideEndFiller.test.callcodecallcodecallcode_111_SuicideEnd[0m

      [31m✖ [0mtest failed[0m

 [101mFAIL[0m [37m› [0m[93mgenerated_state.stCallCodes.callcodecallcodecallcode_ABCB_RECURSIVEFiller.test.callcodecallcodecallcode_ABCB_RECURSIVE[0m

      [31m✖ [0mcrashed with signal 6[0m

 [101mFAIL[0m [37m› [0m[93mgenerated_state.stCallCreateCallCodeTest.Call1024BalanceTooLowFiller.test.Call1024BalanceTooLow[0m

      [31m✖ [0mtest failed[0m

 [101mFAIL[0m [37m› [0m[93mgenerated_state.stCallCreateCallCodeTest.Call1024OOGFiller.test.Call1024OOG[0m

      [31m✖ [0mtest failed[0m

 [101mFAIL[0m [37m› [0m[93mgenerated_state.stCallCreateCallCodeTest.Call1024PreCallsFiller.test.Call1024PreCalls[0m

      [31m✖ [0mtest failed[0m

 [101mFAIL[0m [37m› [0m[93mgenerated_state.stCallCreateCallCodeTest.CallLoseGasOOGFiller.test.CallLoseGasOOG[0m

      [31m✖ [0mtest failed[0m

 [101mFAIL[0m [37m› [0m[93mgenerated_state.stCallCreateCallCodeTest.CallRecursiveBombPreCallFiller.test.CallRecursiveBombPreCall[0m

      [31m✖ [0mtest failed[0m

 [101mFAIL[0m [37m› [0m[93mgenerated_state.stCallCreateCallCodeTest.Callcode1024BalanceTooLowFiller.test.Callcode1024BalanceTooLow[0m

      [31m✖ [0mtest failed[0m

 [101mFAIL[0m [37m› [0m[93mgenerated_state.stCallCreateCallCodeTest.Callcode1024OOGFiller.test.Callcode1024OOG[0m

      [31m✖ [0mtest failed[0m

 [101mFAIL[0m [37m› [0m[93mgenerated_state.stCallCreateCallCodeTest.CallcodeLoseGasOOGFiller.test.CallcodeLoseGasOOG[0m

      [31m✖ [0mtest failed[0m

 [101mFAIL[0m [37m› [0m[93mgenerated_state.stCallCreateCallCodeTest.callWithHighValueAndGasOOGFiller.test.callWithHighValueAndGasOOG[0m

      [31m✖ [0mtest failed[0m

 [101mFAIL[0m [37m› [0m[93mgenerated_state.stCallCreateCallCodeTest.callWithHighValueAndOOGatTxLevelFiller.test.callWithHighValueAndOOGatTxLevel[0m

      [31m✖ [0mtest failed[0m

 [101mFAIL[0m [37m› [0m[93mgenerated_state.stCallCreateCallCodeTest.callWithHighValueOOGinCallFiller.test.callWithHighValueOOGinCall[0m

      [31m✖ [0mtest failed[0m

 [101mFAIL[0m [37m› [0m[93mgenerated_state.stCallCreateCallCodeTest.contractCreationMakeCallThatAskMoreGasThenTransactionProvidedFiller.test.contractCreationMakeCallThatAskMoreGasThenTransactionProvided[0m

      [31m✖ [0mtest failed[0m

 [101mFAIL[0m [37m› [0m[93mgenerated_state.stCallCreateCallCodeTest.createFailBalanceTooLowFiller.test.createFailBalanceTooLow[0m

      [31m✖ [0mtest failed[0m

 [101mFAIL[0m [37m› [0m[93mgenerated_state.stCallCreateCallCodeTest.createInitFailBadJumpDestination2Filler.test.createInitFailBadJumpDestination2[0m

      [31m✖ [0mtest failed[0m

 [101mFAIL[0m [37m› [0m[93mgenerated_state.stCallCreateCallCodeTest.createInitFailBadJumpDestinationFiller.test.createInitFailBadJumpDestination[0m

      [31m✖ [0mtest failed[0m

 [101mFAIL[0m [37m› [0m[93mgenerated_state.stCallCreateCallCodeTest.createInitFailStackSizeLargerThan1024Filler.test.createInitFailStackSizeLargerThan1024[0m

      [31m✖ [0mtest failed[0m

 [101mFAIL[0m [37m› [0m[93mgenerated_state.stCallCreateCallCodeTest.createInitFailStackUnderflowFiller.test.createInitFailStackUnderflow[0m

      [31m✖ [0mtest failed[0m

 [101mFAIL[0m [37m› [0m[93mgenerated_state.stCallCreateCallCodeTest.createInitFailUndefinedInstruction2Filler.test.createInitFailUndefinedInstruction2[0m

      [31m✖ [0mtest failed[0m

 [101mFAIL[0m [37m› [0m[93mgenerated_state.stCallCreateCallCodeTest.createInitFail_OOGduringInit2Filler.test.createInitFail_OOGduringInit2[0m

      [31m✖ [0mtest failed[0m

 [101mFAIL[0m [37m› [0m[93mgenerated_state.stCallCreateCallCodeTest.createInitOOGforCREATEFiller.test.createInitOOGforCREATE[0m

      [31m✖ [0mtest failed[0m

 [101mFAIL[0m [37m› [0m[93mgenerated_state.stCallCreateCallCodeTest.createNameRegistratorPerTxsNotEnoughGasFiller.test.createNameRegistratorPerTxsNotEnoughGas[0m

      [31m✖ [0mtest failed[0m

 [101mFAIL[0m [37m› [0m[93mgenerated_state.stCallCreateCallCodeTest.createNameRegistratorPreStore1NotEnoughGasFiller.test.createNameRegistratorPreStore1NotEnoughGas[0m

      [31m✖ [0mtest failed[0m

 [101mFAIL[0m [37m› [0m[93mgenerated_state.stCallDelegateCodesCallCodeHomestead.callcallcallcode_001Filler.test.callcallcallcode_001[0m

      [31m✖ [0mtest failed[0m

 [101mFAIL[0m [37m› [0m[93mgenerated_state.stCallDelegateCodesCallCodeHomestead.callcallcallcode_001_SuicideEndFiller.test.callcallcallcode_001_SuicideEnd[0m

      [31m✖ [0mtest failed[0m

 [101mFAIL[0m [37m› [0m[93mgenerated_state.stCallDelegateCodesCallCodeHomestead.callcallcallcode_001_SuicideMiddleFiller.test.callcallcallcode_001_SuicideMiddle[0m

      [31m✖ [0mtest failed[0m

 [101mFAIL[0m [37m› [0m[93mgenerated_state.stCallDelegateCodesCallCodeHomestead.callcallcallcode_ABCB_RECURSIVEFiller.test.callcallcallcode_ABCB_RECURSIVE[0m

      [31m✖ [0mcrashed with signal 6[0m

 [101mFAIL[0m [37m› [0m[93mgenerated_state.stCallDelegateCodesCallCodeHomestead.callcallcode_01Filler.test.callcallcode_01[0m

      [31m✖ [0mtest failed[0m

 [101mFAIL[0m [37m› [0m[93mgenerated_state.stCallDelegateCodesCallCodeHomestead.callcallcode_01_SuicideEndFiller.test.callcallcode_01_SuicideEnd[0m

      [31m✖ [0mtest failed[0m

 [101mFAIL[0m [37m› [0m[93mgenerated_state.stCallDelegateCodesCallCodeHomestead.callcallcodecall_010Filler.test.callcallcodecall_010[0m

      [31m✖ [0mtest failed[0m

 [101mFAIL[0m [37m› [0m[93mgenerated_state.stCallDelegateCodesCallCodeHomestead.callcallcodecall_ABCB_RECURSIVEFiller.test.callcallcodecall_ABCB_RECURSIVE[0m

      [31m✖ [0mcrashed with signal 6[0m

 [101mFAIL[0m [37m› [0m[93mgenerated_state.stCallDelegateCodesCallCodeHomestead.callcallcodecallcode_011Filler.test.callcallcodecallcode_011[0m

      [31m✖ [0mtest failed[0m

 [101mFAIL[0m [37m› [0m[93mgenerated_state.stCallDelegateCodesCallCodeHomestead.callcallcodecallcode_ABCB_RECURSIVEFiller.test.callcallcodecallcode_ABCB_RECURSIVE[0m

      [31m✖ [0mcrashed with signal 6[0m

 [101mFAIL[0m [37m› [0m[93mgenerated_state.stCallDelegateCodesCallCodeHomestead.callcodecall_10Filler.test.callcodecall_10[0m

      [31m✖ [0mtest failed[0m

 [101mFAIL[0m [37m› [0m[93mgenerated_state.stCallDelegateCodesCallCodeHomestead.callcodecallcall_100Filler.test.callcodecallcall_100[0m

      [31m✖ [0mtest failed[0m

 [101mFAIL[0m [37m› [0m[93mgenerated_state.stCallDelegateCodesCallCodeHomestead.callcodecallcall_ABCB_RECURSIVEFiller.test.callcodecallcall_ABCB_RECURSIVE[0m

      [31m✖ [0mcrashed with signal 6[0m

 [101mFAIL[0m [37m› [0m[93mgenerated_state.stCallDelegateCodesCallCodeHomestead.callcodecallcallcode_101Filler.test.callcodecallcallcode_101[0m

      [31m✖ [0mtest failed[0m

 [101mFAIL[0m [37m› [0m[93mgenerated_state.stCallDelegateCodesCallCodeHomestead.callcodecallcallcode_ABCB_RECURSIVEFiller.test.callcodecallcallcode_ABCB_RECURSIVE[0m

      [31m✖ [0mcrashed with signal 6[0m

 [101mFAIL[0m [37m› [0m[93mgenerated_state.stCallDelegateCodesCallCodeHomestead.callcodecallcode_11Filler.test.callcodecallcode_11[0m

      [31m✖ [0mtest failed[0m

 [101mFAIL[0m [37m› [0m[93mgenerated_state.stCallDelegateCodesCallCodeHomestead.callcodecallcodecall_110Filler.test.callcodecallcodecall_110[0m

      [31m✖ [0mtest failed[0m

 [101mFAIL[0m [37m› [0m[93mgenerated_state.stCallDelegateCodesCallCodeHomestead.callcodecallcodecall_ABCB_RECURSIVEFiller.test.callcodecallcodecall_ABCB_RECURSIVE[0m

      [31m✖ [0mcrashed with signal 6[0m

 [101mFAIL[0m [37m› [0m[93mgenerated_state.stCallDelegateCodesCallCodeHomestead.callcodecallcodecallcode_111Filler.test.callcodecallcodecallcode_111[0m

      [31m✖ [0mtest failed[0m

 [101mFAIL[0m [37m› [0m[93mgenerated_state.stCallDelegateCodesCallCodeHomestead.callcodecallcodecallcode_111_SuicideMiddleFiller.test.callcodecallcodecallcode_111_SuicideMiddle[0m

      [31m✖ [0mtest failed[0m

 [101mFAIL[0m [37m› [0m[93mgenerated_state.stCallDelegateCodesCallCodeHomestead.callcodecallcodecallcode_ABCB_RECURSIVEFiller.test.callcodecallcodecallcode_ABCB_RECURSIVE[0m

      [31m✖ [0mcrashed with signal 6[0m

 [101mFAIL[0m [37m› [0m[93mgenerated_state.stCallDelegateCodesHomestead.callcallcallcode_001Filler.test.callcallcallcode_001[0m

      [31m✖ [0mtest failed[0m

 [101mFAIL[0m [37m› [0m[93mgenerated_state.stCallDelegateCodesHomestead.callcallcallcode_001_SuicideMiddleFiller.test.callcallcallcode_001_SuicideMiddle[0m

      [31m✖ [0mtest failed[0m

 [101mFAIL[0m [37m› [0m[93mgenerated_state.stCallDelegateCodesHomestead.callcallcallcode_ABCB_RECURSIVEFiller.test.callcallcallcode_ABCB_RECURSIVE[0m

      [31m✖ [0mcrashed with signal 6[0m

 [101mFAIL[0m [37m› [0m[93mgenerated_state.stCallDelegateCodesHomestead.callcallcode_01Filler.test.callcallcode_01[0m

      [31m✖ [0mtest failed[0m

 [101mFAIL[0m [37m› [0m[93mgenerated_state.stCallDelegateCodesHomestead.callcallcodecall_010Filler.test.callcallcodecall_010[0m

      [31m✖ [0mtest failed[0m

 [101mFAIL[0m [37m› [0m[93mgenerated_state.stCallDelegateCodesHomestead.callcallcodecall_010_SuicideMiddleFiller.test.callcallcodecall_010_SuicideMiddle[0m

      [31m✖ [0mtest failed[0m

 [101mFAIL[0m [37m› [0m[93mgenerated_state.stCallDelegateCodesHomestead.callcallcodecall_ABCB_RECURSIVEFiller.test.callcallcodecall_ABCB_RECURSIVE[0m

      [31m✖ [0mcrashed with signal 6[0m

 [101mFAIL[0m [37m› [0m[93mgenerated_state.stCallDelegateCodesHomestead.callcallcodecallcode_011Filler.test.callcallcodecallcode_011[0m

      [31m✖ [0mtest failed[0m

 [101mFAIL[0m [37m› [0m[93mgenerated_state.stCallDelegateCodesHomestead.callcallcodecallcode_ABCB_RECURSIVEFiller.test.callcallcodecallcode_ABCB_RECURSIVE[0m

      [31m✖ [0mcrashed with signal 6[0m

 [101mFAIL[0m [37m› [0m[93mgenerated_state.stCallDelegateCodesHomestead.callcodecall_10Filler.test.callcodecall_10[0m

      [31m✖ [0mtest failed[0m

 [101mFAIL[0m [37m› [0m[93mgenerated_state.stCallDelegateCodesHomestead.callcodecall_10_SuicideEndFiller.test.callcodecall_10_SuicideEnd[0m

      [31m✖ [0mtest failed[0m

 [101mFAIL[0m [37m› [0m[93mgenerated_state.stCallDelegateCodesHomestead.callcodecallcall_100Filler.test.callcodecallcall_100[0m

      [31m✖ [0mtest failed[0m

 [101mFAIL[0m [37m› [0m[93mgenerated_state.stCallDelegateCodesHomestead.callcodecallcall_100_SuicideMiddleFiller.test.callcodecallcall_100_SuicideMiddle[0m

      [31m✖ [0mtest failed[0m

 [101mFAIL[0m [37m› [0m[93mgenerated_state.stCallDelegateCodesHomestead.callcodecallcall_ABCB_RECURSIVEFiller.test.callcodecallcall_ABCB_RECURSIVE[0m

      [31m✖ [0mcrashed with signal 6[0m

 [101mFAIL[0m [37m› [0m[93mgenerated_state.stCallDelegateCodesHomestead.callcodecallcallcode_101Filler.test.callcodecallcallcode_101[0m

      [31m✖ [0mtest failed[0m

 [101mFAIL[0m [37m› [0m[93mgenerated_state.stCallDelegateCodesHomestead.callcodecallcallcode_101_SuicideMiddleFiller.test.callcodecallcallcode_101_SuicideMiddle[0m

      [31m✖ [0mtest failed[0m

 [101mFAIL[0m [37m› [0m[93mgenerated_state.stCallDelegateCodesHomestead.callcodecallcallcode_ABCB_RECURSIVEFiller.test.callcodecallcallcode_ABCB_RECURSIVE[0m

      [31m✖ [0mcrashed with signal 6[0m

 [101mFAIL[0m [37m› [0m[93mgenerated_state.stCallDelegateCodesHomestead.callcodecallcode_11Filler.test.callcodecallcode_11[0m

      [31m✖ [0mtest failed[0m

 [101mFAIL[0m [37m› [0m[93mgenerated_state.stCallDelegateCodesHomestead.callcodecallcode_11_SuicideEndFiller.test.callcodecallcode_11_SuicideEnd[0m

      [31m✖ [0mtest failed[0m

 [101mFAIL[0m [37m› [0m[93mgenerated_state.stCallDelegateCodesHomestead.callcodecallcodecall_110Filler.test.callcodecallcodecall_110[0m

      [31m✖ [0mtest failed[0m

 [101mFAIL[0m [37m› [0m[93mgenerated_state.stCallDelegateCodesHomestead.callcodecallcodecall_110_SuicideEndFiller.test.callcodecallcodecall_110_SuicideEnd[0m

      [31m✖ [0mtest failed[0m

 [101mFAIL[0m [37m› [0m[93mgenerated_state.stCallDelegateCodesHomestead.callcodecallcodecall_110_SuicideMiddleFiller.test.callcodecallcodecall_110_SuicideMiddle[0m

      [31m✖ [0mtest failed[0m

 [101mFAIL[0m [37m› [0m[93mgenerated_state.stCallDelegateCodesHomestead.callcodecallcodecall_ABCB_RECURSIVEFiller.test.callcodecallcodecall_ABCB_RECURSIVE[0m

      [31m✖ [0mcrashed with signal 6[0m

 [101mFAIL[0m [37m› [0m[93mgenerated_state.stCallDelegateCodesHomestead.callcodecallcodecallcode_111Filler.test.callcodecallcodecallcode_111[0m

      [31m✖ [0mtest failed[0m

 [101mFAIL[0m [37m› [0m[93mgenerated_state.stCallDelegateCodesHomestead.callcodecallcodecallcode_111_SuicideEndFiller.test.callcodecallcodecallcode_111_SuicideEnd[0m

      [31m✖ [0mtest failed[0m

 [101mFAIL[0m [37m› [0m[93mgenerated_state.stCallDelegateCodesHomestead.callcodecallcodecallcode_111_SuicideMiddleFiller.test.callcodecallcodecallcode_111_SuicideMiddle[0m

      [31m✖ [0mtest failed[0m

 [101mFAIL[0m [37m› [0m[93mgenerated_state.stCallDelegateCodesHomestead.callcodecallcodecallcode_ABCB_RECURSIVEFiller.test.callcodecallcodecallcode_ABCB_RECURSIVE[0m

      [31m✖ [0mcrashed with signal 6[0m

 [101mFAIL[0m [37m› [0m[93mgenerated_state.stCodeSizeLimit.codesizeInitFiller.test.codesizeInit[0m

      [31m✖ [0mtest failed[0m

 [101mFAIL[0m [37m› [0m[93mgenerated_state.stCodeSizeLimit.codesizeOOGInvalidSizeFiller.test.codesizeOOGInvalidSize[0m

      [31m✖ [0mtest failed[0m

 [101mFAIL[0m [37m› [0m[93mgenerated_state.stCodeSizeLimit.codesizeValidFiller.test.codesizeValid[0m

      [31m✖ [0mtest failed[0m

 [101mFAIL[0m [37m› [0m[93mgenerated_state.stCreate2.CREATE2_BoundsFiller.test.CREATE2_Bounds[0m

      [31m✖ [0mtest failed[0m

 [101mFAIL[0m [37m› [0m[93mgenerated_state.stCreate2.CREATE2_ContractSuicideDuringInit_ThenStoreThenReturnFiller.test.CREATE2_ContractSuicideDuringInit_ThenStoreThenReturn[0m

      [31m✖ [0mtest failed[0m

 [101mFAIL[0m [37m› [0m[93mgenerated_state.stCreate2.CREATE2_SuicideFiller.test.CREATE2_Suicide[0m

      [31m✖ [0mtest failed[0m

 [101mFAIL[0m [37m› [0m[93mgenerated_state.stCreate2.Create2OOGafterInitCodeFiller.test.Create2OOGafterInitCode[0m

      [31m✖ [0mtest failed[0m

 [101mFAIL[0m [37m› [0m[93mgenerated_state.stCreate2.Create2OOGafterInitCodeReturndata2Filler.test.Create2OOGafterInitCodeReturndata2[0m

      [31m✖ [0mtest failed[0m

 [101mFAIL[0m [37m› [0m[93mgenerated_state.stCreate2.Create2OOGafterInitCodeReturndataSizeFiller.test.Create2OOGafterInitCodeReturndataSize[0m

      [31m✖ [0mtest failed[0m

 [101mFAIL[0m [37m› [0m[93mgenerated_state.stCreate2.Create2OnDepth1023Filler.test.Create2OnDepth1023[0m

      [31m✖ [0mtest failed[0m

 [101mFAIL[0m [37m› [0m[93mgenerated_state.stCreate2.Create2OnDepth1024Filler.test.Create2OnDepth1024[0m

      [31m✖ [0mtest failed[0m

 [101mFAIL[0m [37m› [0m[93mgenerated_state.stCreate2.Create2RecursiveFiller.test.Create2Recursive[0m

      [31m✖ [0mcrashed with signal 6[0m

 [101mFAIL[0m [37m› [0m[93mgenerated_state.stCreate2.CreateMessageRevertedFiller.test.CreateMessageReverted[0m

      [31m✖ [0mtest failed[0m

 [101mFAIL[0m [37m› [0m[93mgenerated_state.stCreate2.CreateMessageRevertedOOGInInit2Filler.test.CreateMessageRevertedOOGInInit2[0m

      [31m✖ [0mtest failed[0m

 [101mFAIL[0m [37m› [0m[93mgenerated_state.stCreate2.RevertDepthCreate2OOGBerlinFiller.test.RevertDepthCreate2OOGBerlin[0m

      [31m✖ [0mtest failed[0m

 [101mFAIL[0m [37m› [0m[93mgenerated_state.stCreate2.RevertDepthCreate2OOGFiller.test.RevertDepthCreate2OOG[0m

      [31m✖ [0mtest failed[0m

 [101mFAIL[0m [37m› [0m[93mgenerated_state.stCreate2.RevertDepthCreateAddressCollisionBerlinFiller.test.RevertDepthCreateAddressCollisionBerlin[0m

      [31m✖ [0mtest failed[0m

 [101mFAIL[0m [37m› [0m[93mgenerated_state.stCreate2.RevertDepthCreateAddressCollisionFiller.test.RevertDepthCreateAddressCollision[0m

      [31m✖ [0mtest failed[0m

 [101mFAIL[0m [37m› [0m[93mgenerated_state.stCreate2.RevertInCreateInInitCreate2ParisFiller.test.RevertInCreateInInitCreate2Paris[0m

      [31m✖ [0mtest failed[0m

 [101mFAIL[0m [37m› [0m[93mgenerated_state.stCreate2.RevertOpcodeCreateFiller.test.RevertOpcodeCreate[0m

      [31m✖ [0mtest failed[0m

 [101mFAIL[0m [37m› [0m[93mgenerated_state.stCreate2.RevertOpcodeInCreateReturnsCreate2Filler.test.RevertOpcodeInCreateReturnsCreate2[0m

      [31m✖ [0mtest failed[0m

 [101mFAIL[0m [37m› [0m[93mgenerated_state.stCreate2.call_outsize_then_create2_successful_then_returndatasizeFiller.test.call_outsize_then_create2_successful_then_returndatasize[0m

      [31m✖ [0mtest failed[0m

 [101mFAIL[0m [37m› [0m[93mgenerated_state.stCreate2.call_then_create2_successful_then_returndatasizeFiller.test.call_then_create2_successful_then_returndatasize[0m

      [31m✖ [0mtest failed[0m

 [101mFAIL[0m [37m› [0m[93mgenerated_state.stCreate2.create2InitCodesFiller.test.create2InitCodes[0m

      [31m✖ [0mtest failed[0m

 [101mFAIL[0m [37m› [0m[93mgenerated_state.stCreate2.create2SmartInitCodeFiller.test.create2SmartInitCode[0m

      [31m✖ [0mtest failed[0m

 [101mFAIL[0m [37m› [0m[93mgenerated_state.stCreate2.create2callPrecompilesFiller.test.create2callPrecompiles[0m

      [31m✖ [0mtest failed[0m

 [101mFAIL[0m [37m› [0m[93mgenerated_state.stCreate2.create2checkFieldsInInitcodeFiller.test.create2checkFieldsInInitcode[0m

      [31m✖ [0mtest failed[0m

 [101mFAIL[0m [37m› [0m[93mgenerated_state.stCreate2.create2collisionBalanceFiller.test.create2collisionBalance[0m

      [31m✖ [0mtest failed[0m

 [101mFAIL[0m [37m› [0m[93mgenerated_state.stCreate2.create2collisionCode2Filler.test.create2collisionCode2[0m

      [31m✖ [0mtest failed[0m

 [101mFAIL[0m [37m› [0m[93mgenerated_state.stCreate2.create2collisionCodeFiller.test.create2collisionCode[0m

      [31m✖ [0mtest failed[0m

 [101mFAIL[0m [37m› [0m[93mgenerated_state.stCreate2.create2collisionNonceFiller.test.create2collisionNonce[0m

      [31m✖ [0mtest failed[0m

 [101mFAIL[0m [37m› [0m[93mgenerated_state.stCreate2.create2collisionSelfdestructed2Filler.test.create2collisionSelfdestructed2[0m

      [31m✖ [0mtest failed[0m

 [101mFAIL[0m [37m› [0m[93mgenerated_state.stCreate2.create2collisionSelfdestructedFiller.test.create2collisionSelfdestructed[0m

      [31m✖ [0mtest failed[0m

 [101mFAIL[0m [37m› [0m[93mgenerated_state.stCreate2.create2collisionSelfdestructedOOGFiller.test.create2collisionSelfdestructedOOG[0m

      [31m✖ [0mtest failed[0m

 [101mFAIL[0m [37m› [0m[93mgenerated_state.stCreate2.create2collisionSelfdestructedRevertFiller.test.create2collisionSelfdestructedRevert[0m

      [31m✖ [0mtest failed[0m

 [101mFAIL[0m [37m› [0m[93mgenerated_state.stCreate2.create2collisionStorageParisFiller.test.create2collisionStorageParis[0m

      [31m✖ [0mtest failed[0m

 [101mFAIL[0m [37m› [0m[93mgenerated_state.stCreate2.create2noCashFiller.test.create2noCash[0m

      [31m✖ [0mtest failed[0m

 [101mFAIL[0m [37m› [0m[93mgenerated_state.stCreate2.returndatacopy_0_0_following_successful_createFiller.test.returndatacopy_0_0_following_successful_create[0m

      [31m✖ [0mtest failed[0m

 [101mFAIL[0m [37m› [0m[93mgenerated_state.stCreate2.returndatacopy_afterFailing_createFiller.test.returndatacopy_afterFailing_create[0m

      [31m✖ [0mtest failed[0m

 [101mFAIL[0m [37m› [0m[93mgenerated_state.stCreate2.returndatacopy_following_createFiller.test.returndatacopy_following_create[0m

      [31m✖ [0mtest failed[0m

 [101mFAIL[0m [37m› [0m[93mgenerated_state.stCreate2.returndatacopy_following_revert_in_createFiller.test.returndatacopy_following_revert_in_create[0m

      [31m✖ [0mtest failed[0m

 [101mFAIL[0m [37m› [0m[93mgenerated_state.stCreate2.returndatacopy_following_successful_createFiller.test.returndatacopy_following_successful_create[0m

      [31m✖ [0mtest failed[0m

 [101mFAIL[0m [37m› [0m[93mgenerated_state.stCreate2.returndatasize_following_successful_createFiller.test.returndatasize_following_successful_create[0m

      [31m✖ [0mtest failed[0m

 [101mFAIL[0m [37m› [0m[93mgenerated_state.stCreateTest.CREATE_ContractSuicideDuringInitFiller.test.CREATE_ContractSuicideDuringInit[0m

      [31m✖ [0mtest failed[0m

 [101mFAIL[0m [37m› [0m[93mgenerated_state.stCreateTest.CREATE_ContractSuicideDuringInit_ThenStoreThenReturnFiller.test.CREATE_ContractSuicideDuringInit_ThenStoreThenReturn[0m

      [31m✖ [0mtest failed[0m

 [101mFAIL[0m [37m› [0m[93mgenerated_state.stCreateTest.CREATE_ContractSuicideDuringInit_WithValueFiller.test.CREATE_ContractSuicideDuringInit_WithValue[0m

      [31m✖ [0mtest failed[0m

 [101mFAIL[0m [37m› [0m[93mgenerated_state.stCreateTest.CREATE_ContractSuicideDuringInit_WithValueToItselfFiller.test.CREATE_ContractSuicideDuringInit_WithValueToItself[0m

      [31m✖ [0mtest failed[0m

 [101mFAIL[0m [37m› [0m[93mgenerated_state.stCreateTest.CREATE_EContractCreateNEContractInInitOOG_TrFiller.test.CREATE_EContractCreateNEContractInInitOOG_Tr[0m

      [31m✖ [0mtest failed[0m

 [101mFAIL[0m [37m› [0m[93mgenerated_state.stCreateTest.CREATE_EContract_ThenCALLToNonExistentAccFiller.test.CREATE_EContract_ThenCALLToNonExistentAcc[0m

      [31m✖ [0mtest failed[0m

 [101mFAIL[0m [37m› [0m[93mgenerated_state.stCreateTest.CREATE_EmptyContractFiller.test.CREATE_EmptyContract[0m

      [31m✖ [0mtest failed[0m

 [101mFAIL[0m [37m› [0m[93mgenerated_state.stCreateTest.CreateCollisionToEmpty2Filler.test.CreateCollisionToEmpty2[0m

      [31m✖ [0mtest failed[0m

 [101mFAIL[0m [37m› [0m[93mgenerated_state.stCreateTest.CreateOOGafterInitCodeFiller.test.CreateOOGafterInitCode[0m

      [31m✖ [0mtest failed[0m

 [101mFAIL[0m [37m› [0m[93mgenerated_state.stCreateTest.CreateOOGafterInitCodeReturndata2Filler.test.CreateOOGafterInitCodeReturndata2[0m

      [31m✖ [0mtest failed[0m

 [101mFAIL[0m [37m› [0m[93mgenerated_state.stCreateTest.CreateOOGafterInitCodeReturndataFiller.test.CreateOOGafterInitCodeReturndata[0m

      [31m✖ [0mtest failed[0m

 [101mFAIL[0m [37m› [0m[93mgenerated_state.stCreateTest.CreateOOGafterInitCodeReturndataSizeFiller.test.CreateOOGafterInitCodeReturndataSize[0m

      [31m✖ [0mtest failed[0m

 [101mFAIL[0m [37m› [0m[93mgenerated_state.stCreateTest.CreateOOGafterInitCodeRevert2Filler.test.CreateOOGafterInitCodeRevert2[0m

      [31m✖ [0mtest failed[0m

 [101mFAIL[0m [37m› [0m[93mgenerated_state.stCreateTest.CreateOOGafterInitCodeRevertFiller.test.CreateOOGafterInitCodeRevert[0m

      [31m✖ [0mtest failed[0m

 [101mFAIL[0m [37m› [0m[93mgenerated_state.stCreateTest.TransactionCollisionToEmpty2Filler.test.TransactionCollisionToEmpty2[0m

      [31m✖ [0mtest failed[0m

 [101mFAIL[0m [37m› [0m[93mgenerated_state.stDelegatecallTestHomestead.Call1024BalanceTooLowFiller.test.Call1024BalanceTooLow[0m

      [31m✖ [0mtest failed[0m

 [101mFAIL[0m [37m› [0m[93mgenerated_state.stDelegatecallTestHomestead.Call1024OOGFiller.test.Call1024OOG[0m

      [31m✖ [0mtest failed[0m

 [101mFAIL[0m [37m› [0m[93mgenerated_state.stDelegatecallTestHomestead.Call1024PreCallsFiller.test.Call1024PreCalls[0m

      [31m✖ [0mtest failed[0m

 [101mFAIL[0m [37m› [0m[93mgenerated_state.stDelegatecallTestHomestead.CallLoseGasOOGFiller.test.CallLoseGasOOG[0m

      [31m✖ [0mtest failed[0m

 [101mFAIL[0m [37m› [0m[93mgenerated_state.stDelegatecallTestHomestead.CallRecursiveBombPreCallFiller.test.CallRecursiveBombPreCall[0m

      [31m✖ [0mtest failed[0m

 [101mFAIL[0m [37m› [0m[93mgenerated_state.stDelegatecallTestHomestead.CallcodeLoseGasOOGFiller.test.CallcodeLoseGasOOG[0m

      [31m✖ [0mtest failed[0m

 [101mFAIL[0m [37m› [0m[93mgenerated_state.stDelegatecallTestHomestead.Delegatecall1024Filler.test.Delegatecall1024[0m

      [31m✖ [0mtest failed[0m

 [101mFAIL[0m [37m› [0m[93mgenerated_state.stDelegatecallTestHomestead.Delegatecall1024OOGFiller.test.Delegatecall1024OOG[0m

      [31m✖ [0mtest failed[0m

 [101mFAIL[0m [37m› [0m[93mgenerated_state.stDelegatecallTestHomestead.callOutput1Filler.test.callOutput1[0m

      [31m✖ [0mtest failed[0m

 [101mFAIL[0m [37m› [0m[93mgenerated_state.stDelegatecallTestHomestead.callOutput2Filler.test.callOutput2[0m

      [31m✖ [0mtest failed[0m

 [101mFAIL[0m [37m› [0m[93mgenerated_state.stDelegatecallTestHomestead.callOutput3Filler.test.callOutput3[0m

      [31m✖ [0mtest failed[0m

 [101mFAIL[0m [37m› [0m[93mgenerated_state.stDelegatecallTestHomestead.callOutput3partialFailFiller.test.callOutput3partialFail[0m

      [31m✖ [0mtest failed[0m

 [101mFAIL[0m [37m› [0m[93mgenerated_state.stDelegatecallTestHomestead.callOutput3partialFiller.test.callOutput3partial[0m

      [31m✖ [0mtest failed[0m

 [101mFAIL[0m [37m› [0m[93mgenerated_state.stDelegatecallTestHomestead.delegatecallSenderCheckFiller.test.delegatecallSenderCheck[0m

      [31m✖ [0mtest failed[0m

 [101mFAIL[0m [37m› [0m[93mgenerated_state.stDelegatecallTestHomestead.delegatecallValueCheckFiller.test.delegatecallValueCheck[0m

      [31m✖ [0mtest failed[0m

 [101mFAIL[0m [37m› [0m[93mgenerated_state.stDelegatecallTestHomestead.delegatecodeDynamicCode2SelfCallFiller.test.delegatecodeDynamicCode2SelfCall[0m

      [31m✖ [0mtest failed[0m

 [101mFAIL[0m [37m› [0m[93mgenerated_state.stEIP150Specific.CallAndCallcodeConsumeMoreGasThenTransactionHasFiller.test.CallAndCallcodeConsumeMoreGasThenTransactionHas[0m

      [31m✖ [0mtest failed[0m

 [101mFAIL[0m [37m› [0m[93mgenerated_state.stEIP150Specific.CallAskMoreGasOnDepth2ThenTransactionHasFiller.test.CallAskMoreGasOnDepth2ThenTransactionHas[0m

      [31m✖ [0mtest failed[0m

 [101mFAIL[0m [37m› [0m[93mgenerated_state.stEIP150Specific.CallGoesOOGOnSecondLevel2Filler.test.CallGoesOOGOnSecondLevel2[0m

      [31m✖ [0mtest failed[0m

 [101mFAIL[0m [37m› [0m[93mgenerated_state.stEIP150Specific.CallGoesOOGOnSecondLevelFiller.test.CallGoesOOGOnSecondLevel[0m

      [31m✖ [0mtest failed[0m

 [101mFAIL[0m [37m› [0m[93mgenerated_state.stEIP150Specific.CreateAndGasInsideCreateFiller.test.CreateAndGasInsideCreate[0m

      [31m✖ [0mtest failed[0m

 [101mFAIL[0m [37m› [0m[93mgenerated_state.stEIP150Specific.DelegateCallOnEIPFiller.test.DelegateCallOnEIP[0m

      [31m✖ [0mtest failed[0m

 [101mFAIL[0m [37m› [0m[93mgenerated_state.stEIP150Specific.NewGasPriceForCodesFiller.test.NewGasPriceForCodes[0m

      [31m✖ [0mtest failed[0m

 [101mFAIL[0m [37m› [0m[93mgenerated_state.stEIP150Specific.SuicideToExistingContractFiller.test.SuicideToExistingContract[0m

      [31m✖ [0mtest failed[0m

 [101mFAIL[0m [37m› [0m[93mgenerated_state.stEIP150Specific.SuicideToNotExistingContractFiller.test.SuicideToNotExistingContract[0m

      [31m✖ [0mtest failed[0m

 [101mFAIL[0m [37m› [0m[93mgenerated_state.stEIP150Specific.Transaction64Rule_d64e0Filler.test.Transaction64Rule_d64e0[0m

      [31m✖ [0mtest failed[0m

 [101mFAIL[0m [37m› [0m[93mgenerated_state.stEIP150Specific.Transaction64Rule_d64m1Filler.test.Transaction64Rule_d64m1[0m

      [31m✖ [0mtest failed[0m

 [101mFAIL[0m [37m› [0m[93mgenerated_state.stEIP150Specific.Transaction64Rule_d64p1Filler.test.Transaction64Rule_d64p1[0m

      [31m✖ [0mtest failed[0m

 [101mFAIL[0m [37m› [0m[93mgenerated_state.stEIP150singleCodeGasPrices.RawBalanceGasFiller.test.RawBalanceGas[0m

      [31m✖ [0mtest failed[0m

 [101mFAIL[0m [37m› [0m[93mgenerated_state.stEIP150singleCodeGasPrices.RawCallCodeGasAskFiller.test.RawCallCodeGasAsk[0m

      [31m✖ [0mtest failed[0m

 [101mFAIL[0m [37m› [0m[93mgenerated_state.stEIP150singleCodeGasPrices.RawCallCodeGasFiller.test.RawCallCodeGas[0m

      [31m✖ [0mtest failed[0m

 [101mFAIL[0m [37m› [0m[93mgenerated_state.stEIP150singleCodeGasPrices.RawCallCodeGasMemoryAskFiller.test.RawCallCodeGasMemoryAsk[0m

      [31m✖ [0mtest failed[0m

 [101mFAIL[0m [37m› [0m[93mgenerated_state.stEIP150singleCodeGasPrices.RawCallCodeGasMemoryFiller.test.RawCallCodeGasMemory[0m

      [31m✖ [0mtest failed[0m

 [101mFAIL[0m [37m› [0m[93mgenerated_state.stEIP150singleCodeGasPrices.RawCallCodeGasValueTransferAskFiller.test.RawCallCodeGasValueTransferAsk[0m

      [31m✖ [0mtest failed[0m

 [101mFAIL[0m [37m› [0m[93mgenerated_state.stEIP150singleCodeGasPrices.RawCallCodeGasValueTransferFiller.test.RawCallCodeGasValueTransfer[0m

      [31m✖ [0mtest failed[0m

 [101mFAIL[0m [37m› [0m[93mgenerated_state.stEIP150singleCodeGasPrices.RawCallCodeGasValueTransferMemoryAskFiller.test.RawCallCodeGasValueTransferMemoryAsk[0m

      [31m✖ [0mtest failed[0m

 [101mFAIL[0m [37m› [0m[93mgenerated_state.stEIP150singleCodeGasPrices.RawCallCodeGasValueTransferMemoryFiller.test.RawCallCodeGasValueTransferMemory[0m

      [31m✖ [0mtest failed[0m

 [101mFAIL[0m [37m› [0m[93mgenerated_state.stEIP150singleCodeGasPrices.RawCallGasAskFiller.test.RawCallGasAsk[0m

      [31m✖ [0mtest failed[0m

 [101mFAIL[0m [37m› [0m[93mgenerated_state.stEIP150singleCodeGasPrices.RawCallGasFiller.test.RawCallGas[0m

      [31m✖ [0mtest failed[0m

 [101mFAIL[0m [37m› [0m[93mgenerated_state.stEIP150singleCodeGasPrices.RawCallGasValueTransferAskFiller.test.RawCallGasValueTransferAsk[0m

      [31m✖ [0mtest failed[0m

 [101mFAIL[0m [37m› [0m[93mgenerated_state.stEIP150singleCodeGasPrices.RawCallGasValueTransferFiller.test.RawCallGasValueTransfer[0m

      [31m✖ [0mtest failed[0m

 [101mFAIL[0m [37m› [0m[93mgenerated_state.stEIP150singleCodeGasPrices.RawCallGasValueTransferMemoryAskFiller.test.RawCallGasValueTransferMemoryAsk[0m

      [31m✖ [0mtest failed[0m

 [101mFAIL[0m [37m› [0m[93mgenerated_state.stEIP150singleCodeGasPrices.RawCallGasValueTransferMemoryFiller.test.RawCallGasValueTransferMemory[0m

      [31m✖ [0mtest failed[0m

 [101mFAIL[0m [37m› [0m[93mgenerated_state.stEIP150singleCodeGasPrices.RawCallMemoryGasAskFiller.test.RawCallMemoryGasAsk[0m

      [31m✖ [0mtest failed[0m

 [101mFAIL[0m [37m› [0m[93mgenerated_state.stEIP150singleCodeGasPrices.RawCallMemoryGasFiller.test.RawCallMemoryGas[0m

      [31m✖ [0mtest failed[0m

 [101mFAIL[0m [37m› [0m[93mgenerated_state.stEIP150singleCodeGasPrices.RawCreateFailGasValueTransfer2Filler.test.RawCreateFailGasValueTransfer2[0m

      [31m✖ [0mtest failed[0m

 [101mFAIL[0m [37m› [0m[93mgenerated_state.stEIP150singleCodeGasPrices.RawCreateFailGasValueTransferFiller.test.RawCreateFailGasValueTransfer[0m

      [31m✖ [0mtest failed[0m

 [101mFAIL[0m [37m› [0m[93mgenerated_state.stEIP150singleCodeGasPrices.RawCreateGasFiller.test.RawCreateGas[0m

      [31m✖ [0mtest failed[0m

 [101mFAIL[0m [37m› [0m[93mgenerated_state.stEIP150singleCodeGasPrices.RawCreateGasMemoryFiller.test.RawCreateGasMemory[0m

      [31m✖ [0mtest failed[0m

 [101mFAIL[0m [37m› [0m[93mgenerated_state.stEIP150singleCodeGasPrices.RawCreateGasValueTransferFiller.test.RawCreateGasValueTransfer[0m

      [31m✖ [0mtest failed[0m

 [101mFAIL[0m [37m› [0m[93mgenerated_state.stEIP150singleCodeGasPrices.RawCreateGasValueTransferMemoryFiller.test.RawCreateGasValueTransferMemory[0m

      [31m✖ [0mtest failed[0m

 [101mFAIL[0m [37m› [0m[93mgenerated_state.stEIP150singleCodeGasPrices.RawDelegateCallGasAskFiller.test.RawDelegateCallGasAsk[0m

      [31m✖ [0mtest failed[0m

 [101mFAIL[0m [37m› [0m[93mgenerated_state.stEIP150singleCodeGasPrices.RawDelegateCallGasFiller.test.RawDelegateCallGas[0m

      [31m✖ [0mtest failed[0m

 [101mFAIL[0m [37m› [0m[93mgenerated_state.stEIP150singleCodeGasPrices.RawDelegateCallGasMemoryAskFiller.test.RawDelegateCallGasMemoryAsk[0m

      [31m✖ [0mtest failed[0m

 [101mFAIL[0m [37m› [0m[93mgenerated_state.stEIP150singleCodeGasPrices.RawDelegateCallGasMemoryFiller.test.RawDelegateCallGasMemory[0m

      [31m✖ [0mtest failed[0m

 [101mFAIL[0m [37m› [0m[93mgenerated_state.stEIP150singleCodeGasPrices.RawExtCodeSizeGasFiller.test.RawExtCodeSizeGas[0m

      [31m✖ [0mtest failed[0m

 [101mFAIL[0m [37m› [0m[93mgenerated_state.stEIP158Specific.CALL_OneVCallSuicide2Filler.test.CALL_OneVCallSuicide2[0m

      [31m✖ [0mtest failed[0m

 [101mFAIL[0m [37m› [0m[93mgenerated_state.stEIP158Specific.CALL_OneVCallSuicideFiller.test.CALL_OneVCallSuicide[0m

      [31m✖ [0mtest failed[0m

 [101mFAIL[0m [37m› [0m[93mgenerated_state.stEIP158Specific.CALL_ZeroVCallSuicideFiller.test.CALL_ZeroVCallSuicide[0m

      [31m✖ [0mtest failed[0m

 [101mFAIL[0m [37m› [0m[93mgenerated_state.stEIP158Specific.EXTCODESIZE_toEpmtyParisFiller.test.EXTCODESIZE_toEpmtyParis[0m

      [31m✖ [0mtest failed[0m

 [101mFAIL[0m [37m› [0m[93mgenerated_state.stEIP158Specific.vitalikTransactionTestParisFiller.test.vitalikTransactionTestParis[0m

      [31m✖ [0mtest failed[0m

 [101mFAIL[0m [37m› [0m[93mgenerated_state.stExample.add11Filler.test.add11[0m

      [31m✖ [0mtest failed[0m

 [101mFAIL[0m [37m› [0m[93mgenerated_state.stExample.invalidTrFiller.test.invalidTr[0m

      [31m✖ [0mtest failed[0m

 [101mFAIL[0m [37m› [0m[93mgenerated_state.stExtCodeHash.callToNonExistentFiller.test.callToNonExistent[0m

      [31m✖ [0mtest failed[0m

 [101mFAIL[0m [37m› [0m[93mgenerated_state.stExtCodeHash.callToSuicideThenExtcodehashFiller.test.callToSuicideThenExtcodehash[0m

      [31m✖ [0mtest failed[0m

 [101mFAIL[0m [37m› [0m[93mgenerated_state.stExtCodeHash.createEmptyThenExtcodehashFiller.test.createEmptyThenExtcodehash[0m

      [31m✖ [0mtest failed[0m

 [101mFAIL[0m [37m› [0m[93mgenerated_state.stExtCodeHash.extCodeHashCALLCODEFiller.test.extCodeHashCALLCODE[0m

      [31m✖ [0mtest failed[0m

 [101mFAIL[0m [37m› [0m[93mgenerated_state.stExtCodeHash.extCodeHashCALLFiller.test.extCodeHashCALL[0m

      [31m✖ [0mtest failed[0m

 [101mFAIL[0m [37m› [0m[93mgenerated_state.stExtCodeHash.extCodeHashChangedAccountFiller.test.extCodeHashChangedAccount[0m

      [31m✖ [0mtest failed[0m

 [101mFAIL[0m [37m› [0m[93mgenerated_state.stExtCodeHash.extCodeHashCreatedAndDeletedAccountCallFiller.test.extCodeHashCreatedAndDeletedAccountCall[0m

      [31m✖ [0mtest failed[0m

 [101mFAIL[0m [37m› [0m[93mgenerated_state.stExtCodeHash.extCodeHashCreatedAndDeletedAccountFiller.test.extCodeHashCreatedAndDeletedAccount[0m

      [31m✖ [0mtest failed[0m

 [101mFAIL[0m [37m› [0m[93mgenerated_state.stExtCodeHash.extCodeHashCreatedAndDeletedAccountRecheckInOuterCallFiller.test.extCodeHashCreatedAndDeletedAccountRecheckInOuterCall[0m

      [31m✖ [0mtest failed[0m

 [101mFAIL[0m [37m› [0m[93mgenerated_state.stExtCodeHash.extCodeHashCreatedAndDeletedAccountStaticCallFiller.test.extCodeHashCreatedAndDeletedAccountStaticCall[0m

      [31m✖ [0mtest failed[0m

 [101mFAIL[0m [37m› [0m[93mgenerated_state.stExtCodeHash.extCodeHashDELEGATECALLFiller.test.extCodeHashDELEGATECALL[0m

      [31m✖ [0mtest failed[0m

 [101mFAIL[0m [37m› [0m[93mgenerated_state.stExtCodeHash.extCodeHashDynamicArgumentFiller.test.extCodeHashDynamicArgument[0m

      [31m✖ [0mtest failed[0m

 [101mFAIL[0m [37m› [0m[93mgenerated_state.stExtCodeHash.extCodeHashInInitCodeFiller.test.extCodeHashInInitCode[0m

      [31m✖ [0mtest failed[0m

 [101mFAIL[0m [37m› [0m[93mgenerated_state.stExtCodeHash.extCodeHashNewAccountFiller.test.extCodeHashNewAccount[0m

      [31m✖ [0mtest failed[0m

 [101mFAIL[0m [37m› [0m[93mgenerated_state.stExtCodeHash.extCodeHashSTATICCALLFiller.test.extCodeHashSTATICCALL[0m

      [31m✖ [0mtest failed[0m

 [101mFAIL[0m [37m› [0m[93mgenerated_state.stExtCodeHash.extCodeHashSelfFiller.test.extCodeHashSelf[0m

      [31m✖ [0mtest failed[0m

 [101mFAIL[0m [37m› [0m[93mgenerated_state.stExtCodeHash.extCodeHashSelfInInitFiller.test.extCodeHashSelfInInit[0m

      [31m✖ [0mtest failed[0m

 [101mFAIL[0m [37m› [0m[93mgenerated_state.stHomesteadSpecific.createContractViaContractFiller.test.createContractViaContract[0m

      [31m✖ [0mtest failed[0m

 [101mFAIL[0m [37m› [0m[93mgenerated_state.stInitCodeTest.CallContractToCreateContractAndCallItOOGFiller.test.CallContractToCreateContractAndCallItOOG[0m

      [31m✖ [0mtest failed[0m

 [101mFAIL[0m [37m› [0m[93mgenerated_state.stInitCodeTest.CallContractToCreateContractOOGBonusGasFiller.test.CallContractToCreateContractOOGBonusGas[0m

      [31m✖ [0mtest failed[0m

 [101mFAIL[0m [37m› [0m[93mgenerated_state.stInitCodeTest.CallContractToCreateContractWhichWouldCreateContractIfCalledFiller.test.CallContractToCreateContractWhichWouldCreateContractIfCalled[0m

      [31m✖ [0mtest failed[0m

 [101mFAIL[0m [37m› [0m[93mgenerated_state.stInitCodeTest.OutOfGasContractCreationFiller.test.OutOfGasContractCreation[0m

      [31m✖ [0mtest failed[0m

 [101mFAIL[0m [37m› [0m[93mgenerated_state.stInitCodeTest.OutOfGasPrefundedContractCreationFiller.test.OutOfGasPrefundedContractCreation[0m

      [31m✖ [0mtest failed[0m

 [101mFAIL[0m [37m› [0m[93mgenerated_state.stInitCodeTest.TransactionCreateSuicideInInitcodeFiller.test.TransactionCreateSuicideInInitcode[0m

      [31m✖ [0mtest failed[0m

 [101mFAIL[0m [37m› [0m[93mgenerated_state.stMemExpandingEIP150Calls.CreateAndGasInsideCreateWithMemExpandingCallsFiller.test.CreateAndGasInsideCreateWithMemExpandingCalls[0m

      [31m✖ [0mtest failed[0m

 [101mFAIL[0m [37m› [0m[93mgenerated_state.stMemExpandingEIP150Calls.NewGasPriceForCodesWithMemExpandingCallsFiller.test.NewGasPriceForCodesWithMemExpandingCalls[0m

      [31m✖ [0mtest failed[0m

 [101mFAIL[0m [37m› [0m[93mgenerated_state.stMemoryStressTest.CALLCODE_Bounds2Filler.test.CALLCODE_Bounds2[0m

      [31m✖ [0mcrashed with signal 6[0m

 [101mFAIL[0m [37m› [0m[93mgenerated_state.stMemoryStressTest.CALLCODE_Bounds3Filler.test.CALLCODE_Bounds3[0m

      [31m✖ [0mcrashed with signal 6[0m

 [101mFAIL[0m [37m› [0m[93mgenerated_state.stMemoryStressTest.CALLCODE_Bounds4Filler.test.CALLCODE_Bounds4[0m

      [31m✖ [0mcrashed with signal 6[0m

 [101mFAIL[0m [37m› [0m[93mgenerated_state.stMemoryStressTest.CALLCODE_BoundsFiller.test.CALLCODE_Bounds[0m

      [31m✖ [0mcrashed with signal 6[0m

 [101mFAIL[0m [37m› [0m[93mgenerated_state.stMemoryStressTest.CALL_Bounds2Filler.test.CALL_Bounds2[0m

      [31m✖ [0mcrashed with signal 6[0m

 [101mFAIL[0m [37m› [0m[93mgenerated_state.stMemoryStressTest.CALL_Bounds2aFiller.test.CALL_Bounds2a[0m

      [31m✖ [0mcrashed with signal 6[0m

 [101mFAIL[0m [37m› [0m[93mgenerated_state.stMemoryStressTest.CALL_Bounds3Filler.test.CALL_Bounds3[0m

      [31m✖ [0mcrashed with signal 6[0m

 [101mFAIL[0m [37m› [0m[93mgenerated_state.stMemoryStressTest.CALL_BoundsFiller.test.CALL_Bounds[0m

      [31m✖ [0mcrashed with signal 6[0m

 [101mFAIL[0m [37m› [0m[93mgenerated_state.stMemoryStressTest.CREATE_BoundsFiller.test.CREATE_Bounds[0m

      [31m✖ [0mtest failed[0m

 [101mFAIL[0m [37m› [0m[93mgenerated_state.stMemoryStressTest.DELEGATECALL_Bounds2Filler.test.DELEGATECALL_Bounds2[0m

      [31m✖ [0mcrashed with signal 6[0m

 [101mFAIL[0m [37m› [0m[93mgenerated_state.stMemoryStressTest.DELEGATECALL_Bounds3Filler.test.DELEGATECALL_Bounds3[0m

      [31m✖ [0mcrashed with signal 6[0m

 [101mFAIL[0m [37m› [0m[93mgenerated_state.stMemoryStressTest.DELEGATECALL_BoundsFiller.test.DELEGATECALL_Bounds[0m

      [31m✖ [0mcrashed with signal 6[0m

 [101mFAIL[0m [37m› [0m[93mgenerated_state.stMemoryStressTest.MLOAD_BoundsFiller.test.MLOAD_Bounds[0m

      [31m✖ [0mcrashed with signal 6[0m

 [101mFAIL[0m [37m› [0m[93mgenerated_state.stMemoryStressTest.MSTORE_Bounds2aFiller.test.MSTORE_Bounds2a[0m

      [31m✖ [0mtest failed[0m

 [101mFAIL[0m [37m› [0m[93mgenerated_state.stMemoryStressTest.RETURN_BoundsFiller.test.RETURN_Bounds[0m

      [31m✖ [0mtest failed[0m

 [101mFAIL[0m [37m› [0m[93mgenerated_state.stMemoryStressTest.SSTORE_BoundsFiller.test.SSTORE_Bounds[0m

      [31m✖ [0mtest failed[0m

 [101mFAIL[0m [37m› [0m[93mgenerated_state.stMemoryStressTest.mload32bitBound2Filler.test.mload32bitBound2[0m

      [31m✖ [0mtest failed[0m

 [101mFAIL[0m [37m› [0m[93mgenerated_state.stMemoryStressTest.mload32bitBoundFiller.test.mload32bitBound[0m

      [31m✖ [0mtest failed[0m

 [101mFAIL[0m [37m› [0m[93mgenerated_state.stMemoryStressTest.mload32bitBound_MsizeFiller.test.mload32bitBound_Msize[0m

      [31m✖ [0mtest failed[0m

 [101mFAIL[0m [37m› [0m[93mgenerated_state.stMemoryStressTest.mload32bitBound_return2Filler.test.mload32bitBound_return2[0m

      [31m✖ [0mtest failed[0m

 [101mFAIL[0m [37m› [0m[93mgenerated_state.stMemoryStressTest.mload32bitBound_returnFiller.test.mload32bitBound_return[0m

      [31m✖ [0mtest failed[0m

 [101mFAIL[0m [37m› [0m[93mgenerated_state.stMemoryStressTest.static_CALL_Bounds2Filler.test.static_CALL_Bounds2[0m

      [31m✖ [0mcrashed with signal 6[0m

 [101mFAIL[0m [37m› [0m[93mgenerated_state.stMemoryStressTest.static_CALL_Bounds2aFiller.test.static_CALL_Bounds2a[0m

      [31m✖ [0mcrashed with signal 6[0m

 [101mFAIL[0m [37m› [0m[93mgenerated_state.stMemoryStressTest.static_CALL_Bounds3Filler.test.static_CALL_Bounds3[0m

      [31m✖ [0mcrashed with signal 6[0m

 [101mFAIL[0m [37m› [0m[93mgenerated_state.stMemoryStressTest.static_CALL_BoundsFiller.test.static_CALL_Bounds[0m

      [31m✖ [0mcrashed with signal 6[0m

 [101mFAIL[0m [37m› [0m[93mgenerated_state.stMemoryTest.callDataCopyOffsetFiller.test.callDataCopyOffset[0m

      [31m✖ [0mtest failed[0m

 [101mFAIL[0m [37m› [0m[93mgenerated_state.stMemoryTest.calldatacopy_dejavu2Filler.test.calldatacopy_dejavu2[0m

      [31m✖ [0mtest failed[0m

 [101mFAIL[0m [37m› [0m[93mgenerated_state.stMemoryTest.calldatacopy_dejavuFiller.test.calldatacopy_dejavu[0m

      [31m✖ [0mcrashed with signal 6[0m

 [101mFAIL[0m [37m› [0m[93mgenerated_state.stMemoryTest.codeCopyOffsetFiller.test.codeCopyOffset[0m

      [31m✖ [0mtest failed[0m

 [101mFAIL[0m [37m› [0m[93mgenerated_state.stMemoryTest.codecopy_dejavu2Filler.test.codecopy_dejavu2[0m

      [31m✖ [0mtest failed[0m

 [101mFAIL[0m [37m› [0m[93mgenerated_state.stMemoryTest.codecopy_dejavuFiller.test.codecopy_dejavu[0m

      [31m✖ [0mcrashed with signal 6[0m

 [101mFAIL[0m [37m› [0m[93mgenerated_state.stMemoryTest.extcodecopy_dejavuFiller.test.extcodecopy_dejavu[0m

      [31m✖ [0mcrashed with signal 6[0m

 [101mFAIL[0m [37m› [0m[93mgenerated_state.stMemoryTest.log1_dejavuFiller.test.log1_dejavu[0m

      [31m✖ [0mtest failed[0m

 [101mFAIL[0m [37m› [0m[93mgenerated_state.stMemoryTest.log2_dejavuFiller.test.log2_dejavu[0m

      [31m✖ [0mtest failed[0m

 [101mFAIL[0m [37m› [0m[93mgenerated_state.stMemoryTest.log3_dejavuFiller.test.log3_dejavu[0m

      [31m✖ [0mtest failed[0m

 [101mFAIL[0m [37m› [0m[93mgenerated_state.stMemoryTest.log4_dejavuFiller.test.log4_dejavu[0m

      [31m✖ [0mtest failed[0m

 [101mFAIL[0m [37m› [0m[93mgenerated_state.stMemoryTest.mem0b_singleByteFiller.test.mem0b_singleByte[0m

      [31m✖ [0mtest failed[0m

 [101mFAIL[0m [37m› [0m[93mgenerated_state.stMemoryTest.mem31b_singleByteFiller.test.mem31b_singleByte[0m

      [31m✖ [0mtest failed[0m

 [101mFAIL[0m [37m› [0m[93mgenerated_state.stMemoryTest.mem32b_singleByteFiller.test.mem32b_singleByte[0m

      [31m✖ [0mtest failed[0m

 [101mFAIL[0m [37m› [0m[93mgenerated_state.stMemoryTest.mem32kb+1Filler.test.mem32kb_1[0m

      [31m✖ [0mtest failed[0m

 [101mFAIL[0m [37m› [0m[93mgenerated_state.stMemoryTest.mem32kb+31Filler.test.mem32kb_31[0m

      [31m✖ [0mtest failed[0m

 [101mFAIL[0m [37m› [0m[93mgenerated_state.stMemoryTest.mem32kb+32Filler.test.mem32kb_32[0m

      [31m✖ [0mtest failed[0m

 [101mFAIL[0m [37m› [0m[93mgenerated_state.stMemoryTest.mem32kb+33Filler.test.mem32kb_33[0m

      [31m✖ [0mtest failed[0m

 [101mFAIL[0m [37m› [0m[93mgenerated_state.stMemoryTest.mem32kb-1Filler.test.mem32kb_1[0m

      [31m✖ [0mtest failed[0m

 [101mFAIL[0m [37m› [0m[93mgenerated_state.stMemoryTest.mem32kb-31Filler.test.mem32kb_31[0m

      [31m✖ [0mtest failed[0m

 [101mFAIL[0m [37m› [0m[93mgenerated_state.stMemoryTest.mem32kb-32Filler.test.mem32kb_32[0m

      [31m✖ [0mtest failed[0m

 [101mFAIL[0m [37m› [0m[93mgenerated_state.stMemoryTest.mem32kb-33Filler.test.mem32kb_33[0m

      [31m✖ [0mtest failed[0m

 [101mFAIL[0m [37m› [0m[93mgenerated_state.stMemoryTest.mem32kbFiller.test.mem32kb[0m

      [31m✖ [0mtest failed[0m

 [101mFAIL[0m [37m› [0m[93mgenerated_state.stMemoryTest.mem32kb_singleByte+1Filler.test.mem32kb_singleByte_1[0m

      [31m✖ [0mtest failed[0m

 [101mFAIL[0m [37m› [0m[93mgenerated_state.stMemoryTest.mem32kb_singleByte+31Filler.test.mem32kb_singleByte_31[0m

      [31m✖ [0mtest failed[0m

 [101mFAIL[0m [37m› [0m[93mgenerated_state.stMemoryTest.mem32kb_singleByte+32Filler.test.mem32kb_singleByte_32[0m

      [31m✖ [0mtest failed[0m

 [101mFAIL[0m [37m› [0m[93mgenerated_state.stMemoryTest.mem32kb_singleByte+33Filler.test.mem32kb_singleByte_33[0m

      [31m✖ [0mtest failed[0m

 [101mFAIL[0m [37m› [0m[93mgenerated_state.stMemoryTest.mem32kb_singleByte-1Filler.test.mem32kb_singleByte_1[0m

      [31m✖ [0mtest failed[0m

 [101mFAIL[0m [37m› [0m[93mgenerated_state.stMemoryTest.mem32kb_singleByte-31Filler.test.mem32kb_singleByte_31[0m

      [31m✖ [0mtest failed[0m

 [101mFAIL[0m [37m› [0m[93mgenerated_state.stMemoryTest.mem32kb_singleByte-32Filler.test.mem32kb_singleByte_32[0m

      [31m✖ [0mtest failed[0m

 [101mFAIL[0m [37m› [0m[93mgenerated_state.stMemoryTest.mem32kb_singleByte-33Filler.test.mem32kb_singleByte_33[0m

      [31m✖ [0mtest failed[0m

 [101mFAIL[0m [37m› [0m[93mgenerated_state.stMemoryTest.mem32kb_singleByteFiller.test.mem32kb_singleByte[0m

      [31m✖ [0mtest failed[0m

 [101mFAIL[0m [37m› [0m[93mgenerated_state.stMemoryTest.mem33b_singleByteFiller.test.mem33b_singleByte[0m

      [31m✖ [0mtest failed[0m

 [101mFAIL[0m [37m› [0m[93mgenerated_state.stMemoryTest.mem64kb+1Filler.test.mem64kb_1[0m

      [31m✖ [0mtest failed[0m

 [101mFAIL[0m [37m› [0m[93mgenerated_state.stMemoryTest.mem64kb+31Filler.test.mem64kb_31[0m

      [31m✖ [0mtest failed[0m

 [101mFAIL[0m [37m› [0m[93mgenerated_state.stMemoryTest.mem64kb+32Filler.test.mem64kb_32[0m

      [31m✖ [0mtest failed[0m

 [101mFAIL[0m [37m› [0m[93mgenerated_state.stMemoryTest.mem64kb+33Filler.test.mem64kb_33[0m

      [31m✖ [0mtest failed[0m

 [101mFAIL[0m [37m› [0m[93mgenerated_state.stMemoryTest.mem64kb-1Filler.test.mem64kb_1[0m

      [31m✖ [0mtest failed[0m

 [101mFAIL[0m [37m› [0m[93mgenerated_state.stMemoryTest.mem64kb-31Filler.test.mem64kb_31[0m

      [31m✖ [0mtest failed[0m

 [101mFAIL[0m [37m› [0m[93mgenerated_state.stMemoryTest.mem64kb-32Filler.test.mem64kb_32[0m

      [31m✖ [0mtest failed[0m

 [101mFAIL[0m [37m› [0m[93mgenerated_state.stMemoryTest.mem64kb-33Filler.test.mem64kb_33[0m

      [31m✖ [0mtest failed[0m

 [101mFAIL[0m [37m› [0m[93mgenerated_state.stMemoryTest.mem64kbFiller.test.mem64kb[0m

      [31m✖ [0mtest failed[0m

 [101mFAIL[0m [37m› [0m[93mgenerated_state.stMemoryTest.mem64kb_singleByte+1Filler.test.mem64kb_singleByte_1[0m

      [31m✖ [0mtest failed[0m

 [101mFAIL[0m [37m› [0m[93mgenerated_state.stMemoryTest.mem64kb_singleByte+31Filler.test.mem64kb_singleByte_31[0m

      [31m✖ [0mtest failed[0m

 [101mFAIL[0m [37m› [0m[93mgenerated_state.stMemoryTest.mem64kb_singleByte+32Filler.test.mem64kb_singleByte_32[0m

      [31m✖ [0mtest failed[0m

 [101mFAIL[0m [37m› [0m[93mgenerated_state.stMemoryTest.mem64kb_singleByte+33Filler.test.mem64kb_singleByte_33[0m

      [31m✖ [0mtest failed[0m

 [101mFAIL[0m [37m› [0m[93mgenerated_state.stMemoryTest.mem64kb_singleByte-1Filler.test.mem64kb_singleByte_1[0m

      [31m✖ [0mtest failed[0m

 [101mFAIL[0m [37m› [0m[93mgenerated_state.stMemoryTest.mem64kb_singleByte-31Filler.test.mem64kb_singleByte_31[0m

      [31m✖ [0mtest failed[0m

 [101mFAIL[0m [37m› [0m[93mgenerated_state.stMemoryTest.mem64kb_singleByte-32Filler.test.mem64kb_singleByte_32[0m

      [31m✖ [0mtest failed[0m

 [101mFAIL[0m [37m› [0m[93mgenerated_state.stMemoryTest.mem64kb_singleByte-33Filler.test.mem64kb_singleByte_33[0m

      [31m✖ [0mtest failed[0m

 [101mFAIL[0m [37m› [0m[93mgenerated_state.stMemoryTest.mem64kb_singleByteFiller.test.mem64kb_singleByte[0m

      [31m✖ [0mtest failed[0m

 [101mFAIL[0m [37m› [0m[93mgenerated_state.stMemoryTest.memReturnFiller.test.memReturn[0m

      [31m✖ [0mtest failed[0m

 [101mFAIL[0m [37m› [0m[93mgenerated_state.stMemoryTest.mload16bitBoundFiller.test.mload16bitBound[0m

      [31m✖ [0mtest failed[0m

 [101mFAIL[0m [37m› [0m[93mgenerated_state.stMemoryTest.mload8bitBoundFiller.test.mload8bitBound[0m

      [31m✖ [0mtest failed[0m

 [101mFAIL[0m [37m› [0m[93mgenerated_state.stMemoryTest.mload_dejavuFiller.test.mload_dejavu[0m

      [31m✖ [0mcrashed with signal 6[0m

 [101mFAIL[0m [37m› [0m[93mgenerated_state.stMemoryTest.mstore_dejavuFiller.test.mstore_dejavu[0m

      [31m✖ [0mcrashed with signal 6[0m

 [101mFAIL[0m [37m› [0m[93mgenerated_state.stMemoryTest.mstroe8_dejavuFiller.test.mstroe8_dejavu[0m

      [31m✖ [0mcrashed with signal 6[0m

 [101mFAIL[0m [37m› [0m[93mgenerated_state.stMemoryTest.sha3_dejavuFiller.test.sha3_dejavu[0m

      [31m✖ [0mtest failed[0m

 [101mFAIL[0m [37m› [0m[93mgenerated_state.stMemoryTest.stackLimitGas_1023Filler.test.stackLimitGas_1023[0m

      [31m✖ [0mtest failed[0m

 [101mFAIL[0m [37m› [0m[93mgenerated_state.stMemoryTest.stackLimitGas_1024Filler.test.stackLimitGas_1024[0m

      [31m✖ [0mtest failed[0m

 [101mFAIL[0m [37m› [0m[93mgenerated_state.stMemoryTest.stackLimitGas_1025Filler.test.stackLimitGas_1025[0m

      [31m✖ [0mtest failed[0m

 [101mFAIL[0m [37m› [0m[93mgenerated_state.stMemoryTest.stackLimitPush31_1023Filler.test.stackLimitPush31_1023[0m

      [31m✖ [0mtest failed[0m

 [101mFAIL[0m [37m› [0m[93mgenerated_state.stMemoryTest.stackLimitPush31_1024Filler.test.stackLimitPush31_1024[0m

      [31m✖ [0mtest failed[0m

 [101mFAIL[0m [37m› [0m[93mgenerated_state.stMemoryTest.stackLimitPush31_1025Filler.test.stackLimitPush31_1025[0m

      [31m✖ [0mtest failed[0m

 [101mFAIL[0m [37m› [0m[93mgenerated_state.stMemoryTest.stackLimitPush32_1023Filler.test.stackLimitPush32_1023[0m

      [31m✖ [0mtest failed[0m

 [101mFAIL[0m [37m› [0m[93mgenerated_state.stMemoryTest.stackLimitPush32_1024Filler.test.stackLimitPush32_1024[0m

      [31m✖ [0mtest failed[0m

 [101mFAIL[0m [37m› [0m[93mgenerated_state.stMemoryTest.stackLimitPush32_1025Filler.test.stackLimitPush32_1025[0m

      [31m✖ [0mtest failed[0m

 [101mFAIL[0m [37m› [0m[93mgenerated_state.stNonZeroCallsTest.NonZeroValue_CALLCODE_ToNonNonZeroBalanceFiller.test.NonZeroValue_CALLCODE_ToNonNonZeroBalance[0m

      [31m✖ [0mtest failed[0m

 [101mFAIL[0m [37m› [0m[93mgenerated_state.stPreCompiledContracts.modexpFiller.test.modexp[0m

      [31m✖ [0mtest failed[0m

 [101mFAIL[0m [37m› [0m[93mgenerated_state.stPreCompiledContracts2.CALLCODEEcrecover0Filler.test.CALLCODEEcrecover0[0m

      [31m✖ [0mtest failed[0m

 [101mFAIL[0m [37m› [0m[93mgenerated_state.stPreCompiledContracts2.CALLCODEEcrecover0_completeReturnValueFiller.test.CALLCODEEcrecover0_completeReturnValue[0m

      [31m✖ [0mtest failed[0m

 [101mFAIL[0m [37m› [0m[93mgenerated_state.stPreCompiledContracts2.CALLCODEEcrecover0_gas3000Filler.test.CALLCODEEcrecover0_gas3000[0m

      [31m✖ [0mtest failed[0m

 [101mFAIL[0m [37m› [0m[93mgenerated_state.stPreCompiledContracts2.CALLCODEEcrecover0_overlappingInputOutputFiller.test.CALLCODEEcrecover0_overlappingInputOutput[0m

      [31m✖ [0mtest failed[0m

 [101mFAIL[0m [37m› [0m[93mgenerated_state.stPreCompiledContracts2.CALLCODEEcrecoverH_prefixed0Filler.test.CALLCODEEcrecoverH_prefixed0[0m

      [31m✖ [0mtest failed[0m

 [101mFAIL[0m [37m› [0m[93mgenerated_state.stPreCompiledContracts2.CALLCODEEcrecoverV_prefixed0Filler.test.CALLCODEEcrecoverV_prefixed0[0m

      [31m✖ [0mtest failed[0m

 [101mFAIL[0m [37m› [0m[93mgenerated_state.stPreCompiledContracts2.CallEcrecover0Filler.test.CallEcrecover0[0m

      [31m✖ [0mtest failed[0m

 [101mFAIL[0m [37m› [0m[93mgenerated_state.stPreCompiledContracts2.CallEcrecover0_completeReturnValueFiller.test.CallEcrecover0_completeReturnValue[0m

      [31m✖ [0mtest failed[0m

 [101mFAIL[0m [37m› [0m[93mgenerated_state.stPreCompiledContracts2.CallEcrecover0_gas3000Filler.test.CallEcrecover0_gas3000[0m

      [31m✖ [0mtest failed[0m

 [101mFAIL[0m [37m› [0m[93mgenerated_state.stPreCompiledContracts2.CallEcrecover0_overlappingInputOutputFiller.test.CallEcrecover0_overlappingInputOutput[0m

      [31m✖ [0mtest failed[0m

 [101mFAIL[0m [37m› [0m[93mgenerated_state.stPreCompiledContracts2.CallEcrecoverCheckLengthFiller.test.CallEcrecoverCheckLength[0m

      [31m✖ [0mtest failed[0m

 [101mFAIL[0m [37m› [0m[93mgenerated_state.stPreCompiledContracts2.CallEcrecoverCheckLengthWrongVFiller.test.CallEcrecoverCheckLengthWrongV[0m

      [31m✖ [0mtest failed[0m

 [101mFAIL[0m [37m› [0m[93mgenerated_state.stPreCompiledContracts2.CallEcrecoverH_prefixed0Filler.test.CallEcrecoverH_prefixed0[0m

      [31m✖ [0mtest failed[0m

 [101mFAIL[0m [37m› [0m[93mgenerated_state.stPreCompiledContracts2.CallEcrecoverInvalidSignatureFiller.test.CallEcrecoverInvalidSignature[0m

      [31m✖ [0mtest failed[0m

 [101mFAIL[0m [37m› [0m[93mgenerated_state.stPreCompiledContracts2.CallEcrecoverUnrecoverableKeyFiller.test.CallEcrecoverUnrecoverableKey[0m

      [31m✖ [0mtest failed[0m

 [101mFAIL[0m [37m› [0m[93mgenerated_state.stPreCompiledContracts2.CallEcrecoverV_prefixed0Filler.test.CallEcrecoverV_prefixed0[0m

      [31m✖ [0mtest failed[0m

 [101mFAIL[0m [37m› [0m[93mgenerated_state.stPreCompiledContracts2.modexp_0_0_0_20500Filler.test.modexp_0_0_0_20500[0m

      [31m✖ [0mtest failed[0m

 [101mFAIL[0m [37m› [0m[93mgenerated_state.stPreCompiledContracts2.modexp_0_0_0_22000Filler.test.modexp_0_0_0_22000[0m

      [31m✖ [0mtest failed[0m

 [101mFAIL[0m [37m› [0m[93mgenerated_state.stPreCompiledContracts2.modexp_0_0_0_25000Filler.test.modexp_0_0_0_25000[0m

      [31m✖ [0mtest failed[0m

 [101mFAIL[0m [37m› [0m[93mgenerated_state.stPreCompiledContracts2.modexp_0_0_0_35000Filler.test.modexp_0_0_0_35000[0m

      [31m✖ [0mtest failed[0m

 [101mFAIL[0m [37m› [0m[93mgenerated_state.stQuadraticComplexityTest.Call1MB1024CalldepthFiller.test.Call1MB1024Calldepth[0m

      [31m✖ [0mtest failed[0m

 [101mFAIL[0m [37m› [0m[93mgenerated_state.stQuadraticComplexityTest.Call20KbytesContract50_1Filler.test.Call20KbytesContract50_1[0m

      [31m✖ [0mtest failed[0m

 [101mFAIL[0m [37m› [0m[93mgenerated_state.stQuadraticComplexityTest.Call20KbytesContract50_2Filler.test.Call20KbytesContract50_2[0m

      [31m✖ [0mtest failed[0m

 [101mFAIL[0m [37m› [0m[93mgenerated_state.stQuadraticComplexityTest.Call20KbytesContract50_3Filler.test.Call20KbytesContract50_3[0m

      [31m✖ [0mtest failed[0m

 [101mFAIL[0m [37m› [0m[93mgenerated_state.stQuadraticComplexityTest.Call50000Filler.test.Call50000[0m

      [31m✖ [0mtest failed[0m

 [101mFAIL[0m [37m› [0m[93mgenerated_state.stQuadraticComplexityTest.Call50000_ecrecFiller.test.Call50000_ecrec[0m

      [31m✖ [0mtest failed[0m

 [101mFAIL[0m [37m› [0m[93mgenerated_state.stQuadraticComplexityTest.Call50000_identity2Filler.test.Call50000_identity2[0m

      [31m✖ [0mtest failed[0m

 [101mFAIL[0m [37m› [0m[93mgenerated_state.stQuadraticComplexityTest.Call50000_identityFiller.test.Call50000_identity[0m

      [31m✖ [0mtest failed[0m

 [101mFAIL[0m [37m› [0m[93mgenerated_state.stQuadraticComplexityTest.Call50000_rip160Filler.test.Call50000_rip160[0m

      [31m✖ [0mtest failed[0m

 [101mFAIL[0m [37m› [0m[93mgenerated_state.stQuadraticComplexityTest.Call50000_sha256Filler.test.Call50000_sha256[0m

      [31m✖ [0mtest failed[0m

 [101mFAIL[0m [37m› [0m[93mgenerated_state.stQuadraticComplexityTest.Callcode50000Filler.test.Callcode50000[0m

      [31m✖ [0mtest failed[0m

 [101mFAIL[0m [37m› [0m[93mgenerated_state.stQuadraticComplexityTest.Create1000ByzantiumFiller.test.Create1000Byzantium[0m

      [31m✖ [0mtest failed[0m

 [101mFAIL[0m [37m› [0m[93mgenerated_state.stQuadraticComplexityTest.Create1000Filler.test.Create1000[0m

      [31m✖ [0mtest failed[0m

 [101mFAIL[0m [37m› [0m[93mgenerated_state.stQuadraticComplexityTest.Create1000ShnghaiFiller.test.Create1000Shnghai[0m

      [31m✖ [0mtest failed[0m

 [101mFAIL[0m [37m› [0m[93mgenerated_state.stQuadraticComplexityTest.QuadraticComplexitySolidity_CallDataCopyFiller.test.QuadraticComplexitySolidity_CallDataCopy[0m

      [31m✖ [0mtest failed[0m

 [101mFAIL[0m [37m› [0m[93mgenerated_state.stQuadraticComplexityTest.Return50000Filler.test.Return50000[0m

      [31m✖ [0mtest failed[0m

 [101mFAIL[0m [37m› [0m[93mgenerated_state.stQuadraticComplexityTest.Return50000_2Filler.test.Return50000_2[0m

      [31m✖ [0mtest failed[0m

 [101mFAIL[0m [37m› [0m[93mgenerated_state.stRandom.randomStatetest100Filler.test.randomStatetest100[0m

      [31m✖ [0mtest failed[0m

 [101mFAIL[0m [37m› [0m[93mgenerated_state.stRandom.randomStatetest108Filler.test.randomStatetest108[0m

      [31m✖ [0mtest failed[0m

 [101mFAIL[0m [37m› [0m[93mgenerated_state.stRandom.randomStatetest116Filler.test.randomStatetest116[0m

      [31m✖ [0mtest failed[0m

 [101mFAIL[0m [37m› [0m[93mgenerated_state.stRandom.randomStatetest126Filler.test.randomStatetest126[0m

      [31m✖ [0mtest failed[0m

 [101mFAIL[0m [37m› [0m[93mgenerated_state.stRandom.randomStatetest138Filler.test.randomStatetest138[0m

      [31m✖ [0mtest failed[0m

 [101mFAIL[0m [37m› [0m[93mgenerated_state.stRandom.randomStatetest139Filler.test.randomStatetest139[0m

      [31m✖ [0mtest failed[0m

 [101mFAIL[0m [37m› [0m[93mgenerated_state.stRandom.randomStatetest143Filler.test.randomStatetest143[0m

      [31m✖ [0mtest failed[0m

 [101mFAIL[0m [37m› [0m[93mgenerated_state.stRandom.randomStatetest145Filler.test.randomStatetest145[0m

      [31m✖ [0mtest failed[0m

 [101mFAIL[0m [37m› [0m[93mgenerated_state.stRandom.randomStatetest146Filler.test.randomStatetest146[0m

      [31m✖ [0mtest failed[0m

 [101mFAIL[0m [37m› [0m[93mgenerated_state.stRandom.randomStatetest150Filler.test.randomStatetest150[0m

      [31m✖ [0mcrashed with signal 6[0m

 [101mFAIL[0m [37m› [0m[93mgenerated_state.stRandom.randomStatetest151Filler.test.randomStatetest151[0m

      [31m✖ [0mtest failed[0m

 [101mFAIL[0m [37m› [0m[93mgenerated_state.stRandom.randomStatetest153Filler.test.randomStatetest153[0m

      [31m✖ [0mtest failed[0m

 [101mFAIL[0m [37m› [0m[93mgenerated_state.stRandom.randomStatetest154Filler.test.randomStatetest154[0m

      [31m✖ [0mcrashed with signal 6[0m

 [101mFAIL[0m [37m› [0m[93mgenerated_state.stRandom.randomStatetest159Filler.test.randomStatetest159[0m

      [31m✖ [0mcrashed with signal 6[0m

 [101mFAIL[0m [37m› [0m[93mgenerated_state.stRandom.randomStatetest164Filler.test.randomStatetest164[0m

      [31m✖ [0mtest failed[0m

 [101mFAIL[0m [37m› [0m[93mgenerated_state.stRandom.randomStatetest174Filler.test.randomStatetest174[0m

      [31m✖ [0mtest failed[0m

 [101mFAIL[0m [37m› [0m[93mgenerated_state.stRandom.randomStatetest178Filler.test.randomStatetest178[0m

      [31m✖ [0mcrashed with signal 6[0m

 [101mFAIL[0m [37m› [0m[93mgenerated_state.stRandom.randomStatetest196Filler.test.randomStatetest196[0m

      [31m✖ [0mtest failed[0m

 [101mFAIL[0m [37m› [0m[93mgenerated_state.stRandom.randomStatetest199Filler.test.randomStatetest199[0m

      [31m✖ [0mtest failed[0m

 [101mFAIL[0m [37m› [0m[93mgenerated_state.stRandom.randomStatetest1Filler.test.randomStatetest1[0m

      [31m✖ [0mcrashed with signal 6[0m

 [101mFAIL[0m [37m› [0m[93mgenerated_state.stRandom.randomStatetest205Filler.test.randomStatetest205[0m

      [31m✖ [0mcrashed with signal 6[0m

 [101mFAIL[0m [37m› [0m[93mgenerated_state.stRandom.randomStatetest207Filler.test.randomStatetest207[0m

      [31m✖ [0mtest failed[0m

 [101mFAIL[0m [37m› [0m[93mgenerated_state.stRandom.randomStatetest222Filler.test.randomStatetest222[0m

      [31m✖ [0mtest failed[0m

 [101mFAIL[0m [37m› [0m[93mgenerated_state.stRandom.randomStatetest228Filler.test.randomStatetest228[0m

      [31m✖ [0mtest failed[0m

 [101mFAIL[0m [37m› [0m[93mgenerated_state.stRandom.randomStatetest236Filler.test.randomStatetest236[0m

      [31m✖ [0mtest failed[0m

 [101mFAIL[0m [37m› [0m[93mgenerated_state.stRandom.randomStatetest244Filler.test.randomStatetest244[0m

      [31m✖ [0mtest failed[0m

 [101mFAIL[0m [37m› [0m[93mgenerated_state.stRandom.randomStatetest246Filler.test.randomStatetest246[0m

      [31m✖ [0mtest failed[0m

 [101mFAIL[0m [37m› [0m[93mgenerated_state.stRandom.randomStatetest248Filler.test.randomStatetest248[0m

      [31m✖ [0mtest failed[0m

 [101mFAIL[0m [37m› [0m[93mgenerated_state.stRandom.randomStatetest249Filler.test.randomStatetest249[0m

      [31m✖ [0mtest failed[0m

 [101mFAIL[0m [37m› [0m[93mgenerated_state.stRandom.randomStatetest252Filler.test.randomStatetest252[0m

      [31m✖ [0mtest failed[0m

 [101mFAIL[0m [37m› [0m[93mgenerated_state.stRandom.randomStatetest26Filler.test.randomStatetest26[0m

      [31m✖ [0mtest failed[0m

 [101mFAIL[0m [37m› [0m[93mgenerated_state.stRandom.randomStatetest270Filler.test.randomStatetest270[0m

      [31m✖ [0mtest failed[0m

 [101mFAIL[0m [37m› [0m[93mgenerated_state.stRandom.randomStatetest273Filler.test.randomStatetest273[0m

      [31m✖ [0mtest failed[0m

 [101mFAIL[0m [37m› [0m[93mgenerated_state.stRandom.randomStatetest283Filler.test.randomStatetest283[0m

      [31m✖ [0mtest failed[0m

 [101mFAIL[0m [37m› [0m[93mgenerated_state.stRandom.randomStatetest285Filler.test.randomStatetest285[0m

      [31m✖ [0mtest failed[0m

 [101mFAIL[0m [37m› [0m[93mgenerated_state.stRandom.randomStatetest288Filler.test.randomStatetest288[0m

      [31m✖ [0mtest failed[0m

 [101mFAIL[0m [37m› [0m[93mgenerated_state.stRandom.randomStatetest28Filler.test.randomStatetest28[0m

      [31m✖ [0mtest failed[0m

 [101mFAIL[0m [37m› [0m[93mgenerated_state.stRandom.randomStatetest306Filler.test.randomStatetest306[0m

      [31m✖ [0mcrashed with signal 6[0m

 [101mFAIL[0m [37m› [0m[93mgenerated_state.stRandom.randomStatetest309Filler.test.randomStatetest309[0m

      [31m✖ [0mtest failed[0m

 [101mFAIL[0m [37m› [0m[93mgenerated_state.stRandom.randomStatetest30Filler.test.randomStatetest30[0m

      [31m✖ [0mtest failed[0m

 [101mFAIL[0m [37m› [0m[93mgenerated_state.stRandom.randomStatetest336Filler.test.randomStatetest336[0m

      [31m✖ [0mtest failed[0m

 [101mFAIL[0m [37m› [0m[93mgenerated_state.stRandom.randomStatetest347Filler.test.randomStatetest347[0m

      [31m✖ [0mcrashed with signal 6[0m

 [101mFAIL[0m [37m› [0m[93mgenerated_state.stRandom.randomStatetest352Filler.test.randomStatetest352[0m

      [31m✖ [0mcrashed with signal 6[0m

 [101mFAIL[0m [37m› [0m[93mgenerated_state.stRandom.randomStatetest367Filler.test.randomStatetest367[0m

      [31m✖ [0mtest failed[0m

 [101mFAIL[0m [37m› [0m[93mgenerated_state.stRandom.randomStatetest368Filler.test.randomStatetest368[0m

      [31m✖ [0mcrashed with signal 6[0m

 [101mFAIL[0m [37m› [0m[93mgenerated_state.stRandom.randomStatetest371Filler.test.randomStatetest371[0m

      [31m✖ [0mtest failed[0m

 [101mFAIL[0m [37m› [0m[93mgenerated_state.stRandom.randomStatetest379Filler.test.randomStatetest379[0m

      [31m✖ [0mtest failed[0m

 [101mFAIL[0m [37m› [0m[93mgenerated_state.stRandom.randomStatetest383Filler.test.randomStatetest383[0m

      [31m✖ [0mtest failed[0m

 [101mFAIL[0m [37m› [0m[93mgenerated_state.stRandom.randomStatetest48Filler.test.randomStatetest48[0m

      [31m✖ [0mcrashed with signal 6[0m

 [101mFAIL[0m [37m› [0m[93mgenerated_state.stRandom2.randomStatetest389Filler.test.randomStatetest389[0m

      [31m✖ [0mtest failed[0m

 [101mFAIL[0m [37m› [0m[93mgenerated_state.stRandom2.randomStatetest393Filler.test.randomStatetest393[0m

      [31m✖ [0mcrashed with signal 6[0m

 [101mFAIL[0m [37m› [0m[93mgenerated_state.stRandom2.randomStatetest397Filler.test.randomStatetest397[0m

      [31m✖ [0mtest failed[0m

 [101mFAIL[0m [37m› [0m[93mgenerated_state.stRandom2.randomStatetest417Filler.test.randomStatetest417[0m

      [31m✖ [0mtest failed[0m

 [101mFAIL[0m [37m› [0m[93mgenerated_state.stRandom2.randomStatetest428Filler.test.randomStatetest428[0m

      [31m✖ [0mtest failed[0m

 [101mFAIL[0m [37m› [0m[93mgenerated_state.stRandom2.randomStatetest435Filler.test.randomStatetest435[0m

      [31m✖ [0mtest failed[0m

 [101mFAIL[0m [37m› [0m[93mgenerated_state.stRandom2.randomStatetest437Filler.test.randomStatetest437[0m

      [31m✖ [0mtest failed[0m

 [101mFAIL[0m [37m› [0m[93mgenerated_state.stRandom2.randomStatetest456Filler.test.randomStatetest456[0m

      [31m✖ [0mtest failed[0m

 [101mFAIL[0m [37m› [0m[93mgenerated_state.stRandom2.randomStatetest458Filler.test.randomStatetest458[0m

      [31m✖ [0mcrashed with signal 6[0m

 [101mFAIL[0m [37m› [0m[93mgenerated_state.stRandom2.randomStatetest466Filler.test.randomStatetest466[0m

      [31m✖ [0mtest failed[0m

 [101mFAIL[0m [37m› [0m[93mgenerated_state.stRandom2.randomStatetest467Filler.test.randomStatetest467[0m

      [31m✖ [0mcrashed with signal 6[0m

 [101mFAIL[0m [37m› [0m[93mgenerated_state.stRandom2.randomStatetest508Filler.test.randomStatetest508[0m

      [31m✖ [0mtest failed[0m

 [101mFAIL[0m [37m› [0m[93mgenerated_state.stRandom2.randomStatetest509Filler.test.randomStatetest509[0m

      [31m✖ [0mtest failed[0m

 [101mFAIL[0m [37m› [0m[93mgenerated_state.stRandom2.randomStatetest521Filler.test.randomStatetest521[0m

      [31m✖ [0mtest failed[0m

 [101mFAIL[0m [37m› [0m[93mgenerated_state.stRandom2.randomStatetest531Filler.test.randomStatetest531[0m

      [31m✖ [0mtest failed[0m

 [101mFAIL[0m [37m› [0m[93mgenerated_state.stRandom2.randomStatetest539Filler.test.randomStatetest539[0m

      [31m✖ [0mtest failed[0m

 [101mFAIL[0m [37m› [0m[93mgenerated_state.stRandom2.randomStatetest542Filler.test.randomStatetest542[0m

      [31m✖ [0mtest failed[0m

 [101mFAIL[0m [37m› [0m[93mgenerated_state.stRandom2.randomStatetest554Filler.test.randomStatetest554[0m

      [31m✖ [0mcrashed with signal 6[0m

 [101mFAIL[0m [37m› [0m[93mgenerated_state.stRandom2.randomStatetest558Filler.test.randomStatetest558[0m

      [31m✖ [0mtest failed[0m

 [101mFAIL[0m [37m› [0m[93mgenerated_state.stRandom2.randomStatetest577Filler.test.randomStatetest577[0m

      [31m✖ [0mtest failed[0m

 [101mFAIL[0m [37m› [0m[93mgenerated_state.stRandom2.randomStatetest584Filler.test.randomStatetest584[0m

      [31m✖ [0mtest failed[0m

 [101mFAIL[0m [37m› [0m[93mgenerated_state.stRandom2.randomStatetest624Filler.test.randomStatetest624[0m

      [31m✖ [0mtest failed[0m

 [101mFAIL[0m [37m› [0m[93mgenerated_state.stRandom2.randomStatetest626Filler.test.randomStatetest626[0m

      [31m✖ [0mcrashed with signal 6[0m

 [101mFAIL[0m [37m› [0m[93mgenerated_state.stRandom2.randomStatetest627Filler.test.randomStatetest627[0m

      [31m✖ [0mtest failed[0m

 [101mFAIL[0m [37m› [0m[93mgenerated_state.stRandom2.randomStatetest628Filler.test.randomStatetest628[0m

      [31m✖ [0mtest failed[0m

 [101mFAIL[0m [37m› [0m[93mgenerated_state.stRandom2.randomStatetest632Filler.test.randomStatetest632[0m

      [31m✖ [0mtest failed[0m

 [101mFAIL[0m [37m› [0m[93mgenerated_state.stRandom2.randomStatetest636Filler.test.randomStatetest636[0m

      [31m✖ [0mcrashed with signal 6[0m

 [101mFAIL[0m [37m› [0m[93mgenerated_state.stRandom2.randomStatetest639Filler.test.randomStatetest639[0m

      [31m✖ [0mcrashed with signal 6[0m

 [101mFAIL[0m [37m› [0m[93mgenerated_state.stRandom2.randomStatetest650Filler.test.randomStatetest650[0m

      [31m✖ [0mcrashed with signal 6[0m

 [101mFAIL[0m [37m› [0m[93mgenerated_state.stRecursiveCreate.recursiveCreateFiller.test.recursiveCreate[0m

      [31m✖ [0mtest failed[0m

 [101mFAIL[0m [37m› [0m[93mgenerated_state.stRecursiveCreate.recursiveCreateReturnValueFiller.test.recursiveCreateReturnValue[0m

      [31m✖ [0mcrashed with signal 6[0m

 [101mFAIL[0m [37m› [0m[93mgenerated_state.stRefundTest.refund50_1Filler.test.refund50_1[0m

      [31m✖ [0mtest failed[0m

 [101mFAIL[0m [37m› [0m[93mgenerated_state.stRefundTest.refund50_2Filler.test.refund50_2[0m

      [31m✖ [0mtest failed[0m

 [101mFAIL[0m [37m› [0m[93mgenerated_state.stRefundTest.refund50percentCapFiller.test.refund50percentCap[0m

      [31m✖ [0mtest failed[0m

 [101mFAIL[0m [37m› [0m[93mgenerated_state.stRefundTest.refund600Filler.test.refund600[0m

      [31m✖ [0mtest failed[0m

 [101mFAIL[0m [37m› [0m[93mgenerated_state.stRefundTest.refundSuicide50procentCapFiller.test.refundSuicide50procentCap[0m

      [31m✖ [0mtest failed[0m

 [101mFAIL[0m [37m› [0m[93mgenerated_state.stRefundTest.refund_CallAFiller.test.refund_CallA[0m

      [31m✖ [0mtest failed[0m

 [101mFAIL[0m [37m› [0m[93mgenerated_state.stRefundTest.refund_CallA_OOGFiller.test.refund_CallA_OOG[0m

      [31m✖ [0mtest failed[0m

 [101mFAIL[0m [37m› [0m[93mgenerated_state.stRefundTest.refund_CallA_notEnoughGasInCallFiller.test.refund_CallA_notEnoughGasInCall[0m

      [31m✖ [0mtest failed[0m

 [101mFAIL[0m [37m› [0m[93mgenerated_state.stRefundTest.refund_CallToSuicideNoStorageFiller.test.refund_CallToSuicideNoStorage[0m

      [31m✖ [0mtest failed[0m

 [101mFAIL[0m [37m› [0m[93mgenerated_state.stRefundTest.refund_CallToSuicideStorageFiller.test.refund_CallToSuicideStorage[0m

      [31m✖ [0mtest failed[0m

 [101mFAIL[0m [37m› [0m[93mgenerated_state.stRefundTest.refund_CallToSuicideTwiceFiller.test.refund_CallToSuicideTwice[0m

      [31m✖ [0mtest failed[0m

 [101mFAIL[0m [37m› [0m[93mgenerated_state.stRefundTest.refund_NoOOG_1Filler.test.refund_NoOOG_1[0m

      [31m✖ [0mtest failed[0m

 [101mFAIL[0m [37m› [0m[93mgenerated_state.stRefundTest.refund_OOGFiller.test.refund_OOG[0m

      [31m✖ [0mtest failed[0m

 [101mFAIL[0m [37m› [0m[93mgenerated_state.stRefundTest.refund_TxToSuicideFiller.test.refund_TxToSuicide[0m

      [31m✖ [0mtest failed[0m

 [101mFAIL[0m [37m› [0m[93mgenerated_state.stRefundTest.refund_TxToSuicideOOGFiller.test.refund_TxToSuicideOOG[0m

      [31m✖ [0mtest failed[0m

 [101mFAIL[0m [37m› [0m[93mgenerated_state.stRefundTest.refund_changeNonZeroStorageFiller.test.refund_changeNonZeroStorage[0m

      [31m✖ [0mtest failed[0m

 [101mFAIL[0m [37m› [0m[93mgenerated_state.stRefundTest.refund_getEtherBackFiller.test.refund_getEtherBack[0m

      [31m✖ [0mtest failed[0m

 [101mFAIL[0m [37m› [0m[93mgenerated_state.stRefundTest.refund_multimpleSuicideFiller.test.refund_multimpleSuicide[0m

      [31m✖ [0mtest failed[0m

 [101mFAIL[0m [37m› [0m[93mgenerated_state.stRefundTest.refund_singleSuicideFiller.test.refund_singleSuicide[0m

      [31m✖ [0mtest failed[0m

 [101mFAIL[0m [37m› [0m[93mgenerated_state.stReturnDataTest.call_ecrec_success_empty_then_returndatasizeFiller.test.call_ecrec_success_empty_then_returndatasize[0m

      [31m✖ [0mtest failed[0m

 [101mFAIL[0m [37m› [0m[93mgenerated_state.stReturnDataTest.call_outsize_then_create_successful_then_returndatasizeFiller.test.call_outsize_then_create_successful_then_returndatasize[0m

      [31m✖ [0mtest failed[0m

 [101mFAIL[0m [37m› [0m[93mgenerated_state.stReturnDataTest.call_then_create_successful_then_returndatasizeFiller.test.call_then_create_successful_then_returndatasize[0m

      [31m✖ [0mtest failed[0m

 [101mFAIL[0m [37m› [0m[93mgenerated_state.stReturnDataTest.create_callprecompile_returndatasizeFiller.test.create_callprecompile_returndatasize[0m

      [31m✖ [0mtest failed[0m

 [101mFAIL[0m [37m› [0m[93mgenerated_state.stReturnDataTest.modexp_modsize0_returndatasizeFiller.test.modexp_modsize0_returndatasize[0m

      [31m✖ [0mtest failed[0m

 [101mFAIL[0m [37m› [0m[93mgenerated_state.stReturnDataTest.returndatacopy_0_0_following_successful_createFiller.test.returndatacopy_0_0_following_successful_create[0m

      [31m✖ [0mtest failed[0m

 [101mFAIL[0m [37m› [0m[93mgenerated_state.stReturnDataTest.returndatacopy_afterFailing_createFiller.test.returndatacopy_afterFailing_create[0m

      [31m✖ [0mtest failed[0m

 [101mFAIL[0m [37m› [0m[93mgenerated_state.stReturnDataTest.returndatacopy_after_successful_delegatecallFiller.test.returndatacopy_after_successful_delegatecall[0m

      [31m✖ [0mtest failed[0m

 [101mFAIL[0m [37m› [0m[93mgenerated_state.stReturnDataTest.returndatacopy_following_createFiller.test.returndatacopy_following_create[0m

      [31m✖ [0mtest failed[0m

 [101mFAIL[0m [37m› [0m[93mgenerated_state.stReturnDataTest.returndatacopy_following_revert_in_createFiller.test.returndatacopy_following_revert_in_create[0m

      [31m✖ [0mtest failed[0m

 [101mFAIL[0m [37m› [0m[93mgenerated_state.stReturnDataTest.returndatacopy_following_successful_createFiller.test.returndatacopy_following_successful_create[0m

      [31m✖ [0mtest failed[0m

 [101mFAIL[0m [37m› [0m[93mgenerated_state.stReturnDataTest.returndatacopy_initial_256Filler.test.returndatacopy_initial_256[0m

      [31m✖ [0mtest failed[0m

 [101mFAIL[0m [37m› [0m[93mgenerated_state.stReturnDataTest.returndatasize_after_oog_after_deeperFiller.test.returndatasize_after_oog_after_deeper[0m

      [31m✖ [0mtest failed[0m

 [101mFAIL[0m [37m› [0m[93mgenerated_state.stReturnDataTest.returndatasize_following_successful_createFiller.test.returndatasize_following_successful_create[0m

      [31m✖ [0mtest failed[0m

 [101mFAIL[0m [37m› [0m[93mgenerated_state.stRevertTest.LoopCallsDepthThenRevert2Filler.test.LoopCallsDepthThenRevert2[0m

      [31m✖ [0mtest failed[0m

 [101mFAIL[0m [37m› [0m[93mgenerated_state.stRevertTest.LoopCallsDepthThenRevert3Filler.test.LoopCallsDepthThenRevert3[0m

      [31m✖ [0mtest failed[0m

 [101mFAIL[0m [37m› [0m[93mgenerated_state.stRevertTest.LoopCallsDepthThenRevertFiller.test.LoopCallsDepthThenRevert[0m

      [31m✖ [0mtest failed[0m

 [101mFAIL[0m [37m› [0m[93mgenerated_state.stRevertTest.LoopDelegateCallsDepthThenRevertFiller.test.LoopDelegateCallsDepthThenRevert[0m

      [31m✖ [0mtest failed[0m

 [101mFAIL[0m [37m› [0m[93mgenerated_state.stRevertTest.NashatyrevSuicideRevertFiller.test.NashatyrevSuicideRevert[0m

      [31m✖ [0mtest failed[0m

 [101mFAIL[0m [37m› [0m[93mgenerated_state.stRevertTest.RevertDepth2Filler.test.RevertDepth2[0m

      [31m✖ [0mtest failed[0m

 [101mFAIL[0m [37m› [0m[93mgenerated_state.stRevertTest.RevertDepthCreateAddressCollisionFiller.test.RevertDepthCreateAddressCollision[0m

      [31m✖ [0mtest failed[0m

 [101mFAIL[0m [37m› [0m[93mgenerated_state.stRevertTest.RevertDepthCreateOOGFiller.test.RevertDepthCreateOOG[0m

      [31m✖ [0mtest failed[0m

 [101mFAIL[0m [37m› [0m[93mgenerated_state.stRevertTest.RevertInCreateInInit_ParisFiller.test.RevertInCreateInInit_Paris[0m

      [31m✖ [0mtest failed[0m

 [101mFAIL[0m [37m› [0m[93mgenerated_state.stRevertTest.RevertOpcodeCallsFiller.test.RevertOpcodeCalls[0m

      [31m✖ [0mtest failed[0m

 [101mFAIL[0m [37m› [0m[93mgenerated_state.stRevertTest.RevertOpcodeCreateFiller.test.RevertOpcodeCreate[0m

      [31m✖ [0mtest failed[0m

 [101mFAIL[0m [37m› [0m[93mgenerated_state.stRevertTest.RevertOpcodeInCallsOnNonEmptyReturnDataFiller.test.RevertOpcodeInCallsOnNonEmptyReturnData[0m

      [31m✖ [0mtest failed[0m

 [101mFAIL[0m [37m› [0m[93mgenerated_state.stRevertTest.RevertOpcodeInCreateReturnsFiller.test.RevertOpcodeInCreateReturns[0m

      [31m✖ [0mtest failed[0m

 [101mFAIL[0m [37m› [0m[93mgenerated_state.stRevertTest.RevertOpcodeMultipleSubCallsFiller.test.RevertOpcodeMultipleSubCalls[0m

      [31m✖ [0mtest failed[0m

 [101mFAIL[0m [37m› [0m[93mgenerated_state.stRevertTest.RevertOpcodeReturnFiller.test.RevertOpcodeReturn[0m

      [31m✖ [0mtest failed[0m

 [101mFAIL[0m [37m› [0m[93mgenerated_state.stRevertTest.RevertPrefoundEmptyOOG_ParisFiller.test.RevertPrefoundEmptyOOG_Paris[0m

      [31m✖ [0mtest failed[0m

 [101mFAIL[0m [37m› [0m[93mgenerated_state.stRevertTest.RevertPrefoundOOGFiller.test.RevertPrefoundOOG[0m

      [31m✖ [0mtest failed[0m

 [101mFAIL[0m [37m› [0m[93mgenerated_state.stRevertTest.RevertSubCallStorageOOG2Filler.test.RevertSubCallStorageOOG2[0m

      [31m✖ [0mtest failed[0m

 [101mFAIL[0m [37m› [0m[93mgenerated_state.stRevertTest.RevertSubCallStorageOOGFiller.test.RevertSubCallStorageOOG[0m

      [31m✖ [0mtest failed[0m

 [101mFAIL[0m [37m› [0m[93mgenerated_state.stSStoreTest.InitCollisionNonZeroNonceFiller.test.InitCollisionNonZeroNonce[0m

      [31m✖ [0mtest failed[0m

 [101mFAIL[0m [37m› [0m[93mgenerated_state.stSStoreTest.InitCollisionParisFiller.test.InitCollisionParis[0m

      [31m✖ [0mtest failed[0m

 [101mFAIL[0m [37m› [0m[93mgenerated_state.stSStoreTest.sstore_0to0Filler.test.sstore_0to0[0m

      [31m✖ [0mtest failed[0m

 [101mFAIL[0m [37m› [0m[93mgenerated_state.stSStoreTest.sstore_0to0to0Filler.test.sstore_0to0to0[0m

      [31m✖ [0mtest failed[0m

 [101mFAIL[0m [37m› [0m[93mgenerated_state.stSStoreTest.sstore_0to0toXFiller.test.sstore_0to0toX[0m

      [31m✖ [0mtest failed[0m

 [101mFAIL[0m [37m› [0m[93mgenerated_state.stSStoreTest.sstore_0toXFiller.test.sstore_0toX[0m

      [31m✖ [0mtest failed[0m

 [101mFAIL[0m [37m› [0m[93mgenerated_state.stSStoreTest.sstore_0toXto0Filler.test.sstore_0toXto0[0m

      [31m✖ [0mtest failed[0m

 [101mFAIL[0m [37m› [0m[93mgenerated_state.stSStoreTest.sstore_0toXto0toXFiller.test.sstore_0toXto0toX[0m

      [31m✖ [0mtest failed[0m

 [101mFAIL[0m [37m› [0m[93mgenerated_state.stSStoreTest.sstore_0toXtoXFiller.test.sstore_0toXtoX[0m

      [31m✖ [0mtest failed[0m

 [101mFAIL[0m [37m› [0m[93mgenerated_state.stSStoreTest.sstore_0toXtoYFiller.test.sstore_0toXtoY[0m

      [31m✖ [0mtest failed[0m

 [101mFAIL[0m [37m› [0m[93mgenerated_state.stSStoreTest.sstore_Xto0Filler.test.sstore_Xto0[0m

      [31m✖ [0mtest failed[0m

 [101mFAIL[0m [37m› [0m[93mgenerated_state.stSStoreTest.sstore_Xto0to0Filler.test.sstore_Xto0to0[0m

      [31m✖ [0mtest failed[0m

 [101mFAIL[0m [37m› [0m[93mgenerated_state.stSStoreTest.sstore_Xto0toXFiller.test.sstore_Xto0toX[0m

      [31m✖ [0mtest failed[0m

 [101mFAIL[0m [37m› [0m[93mgenerated_state.stSStoreTest.sstore_Xto0toXto0Filler.test.sstore_Xto0toXto0[0m

      [31m✖ [0mtest failed[0m

 [101mFAIL[0m [37m› [0m[93mgenerated_state.stSStoreTest.sstore_Xto0toYFiller.test.sstore_Xto0toY[0m

      [31m✖ [0mtest failed[0m

 [101mFAIL[0m [37m› [0m[93mgenerated_state.stSStoreTest.sstore_XtoXFiller.test.sstore_XtoX[0m

      [31m✖ [0mtest failed[0m

 [101mFAIL[0m [37m› [0m[93mgenerated_state.stSStoreTest.sstore_XtoXto0Filler.test.sstore_XtoXto0[0m

      [31m✖ [0mtest failed[0m

 [101mFAIL[0m [37m› [0m[93mgenerated_state.stSStoreTest.sstore_XtoXtoXFiller.test.sstore_XtoXtoX[0m

      [31m✖ [0mtest failed[0m

 [101mFAIL[0m [37m› [0m[93mgenerated_state.stSStoreTest.sstore_XtoXtoYFiller.test.sstore_XtoXtoY[0m

      [31m✖ [0mtest failed[0m

 [101mFAIL[0m [37m› [0m[93mgenerated_state.stSStoreTest.sstore_XtoYFiller.test.sstore_XtoY[0m

      [31m✖ [0mtest failed[0m

 [101mFAIL[0m [37m› [0m[93mgenerated_state.stSStoreTest.sstore_XtoYto0Filler.test.sstore_XtoYto0[0m

      [31m✖ [0mtest failed[0m

 [101mFAIL[0m [37m› [0m[93mgenerated_state.stSStoreTest.sstore_XtoYtoXFiller.test.sstore_XtoYtoX[0m

      [31m✖ [0mtest failed[0m

 [101mFAIL[0m [37m› [0m[93mgenerated_state.stSStoreTest.sstore_XtoYtoYFiller.test.sstore_XtoYtoY[0m

      [31m✖ [0mtest failed[0m

 [101mFAIL[0m [37m› [0m[93mgenerated_state.stSStoreTest.sstore_XtoYtoZFiller.test.sstore_XtoYtoZ[0m

      [31m✖ [0mtest failed[0m

 [101mFAIL[0m [37m› [0m[93mgenerated_state.stSStoreTest.sstore_changeFromExternalCallInInitCodeFiller.test.sstore_changeFromExternalCallInInitCode[0m

      [31m✖ [0mtest failed[0m

 [101mFAIL[0m [37m› [0m[93mgenerated_state.stSStoreTest.sstore_gasLeftFiller.test.sstore_gasLeft[0m

      [31m✖ [0mtest failed[0m

 [101mFAIL[0m [37m› [0m[93mgenerated_state.stSelfBalance.selfBalanceCallTypesFiller.test.selfBalanceCallTypes[0m

      [31m✖ [0mtest failed[0m

 [101mFAIL[0m [37m› [0m[93mgenerated_state.stShift.sar00Filler.test.sar00[0m

      [31m✖ [0mtest failed[0m

 [101mFAIL[0m [37m› [0m[93mgenerated_state.stShift.sar01Filler.test.sar01[0m

      [31m✖ [0mtest failed[0m

 [101mFAIL[0m [37m› [0m[93mgenerated_state.stShift.sar10Filler.test.sar10[0m

      [31m✖ [0mtest failed[0m

 [101mFAIL[0m [37m› [0m[93mgenerated_state.stShift.sar11Filler.test.sar11[0m

      [31m✖ [0mtest failed[0m

 [101mFAIL[0m [37m› [0m[93mgenerated_state.stShift.sar_0_256-1Filler.test.sar_0_256_1[0m

      [31m✖ [0mtest failed[0m

 [101mFAIL[0m [37m› [0m[93mgenerated_state.stShift.sar_2^254_254Filler.test.sar_2_254_254[0m

      [31m✖ [0mtest failed[0m

 [101mFAIL[0m [37m› [0m[93mgenerated_state.stShift.sar_2^255-1_248Filler.test.sar_2_255_1_248[0m

      [31m✖ [0mtest failed[0m

 [101mFAIL[0m [37m› [0m[93mgenerated_state.stShift.sar_2^255-1_254Filler.test.sar_2_255_1_254[0m

      [31m✖ [0mtest failed[0m

 [101mFAIL[0m [37m› [0m[93mgenerated_state.stShift.sar_2^255-1_255Filler.test.sar_2_255_1_255[0m

      [31m✖ [0mtest failed[0m

 [101mFAIL[0m [37m› [0m[93mgenerated_state.stShift.sar_2^255-1_256Filler.test.sar_2_255_1_256[0m

      [31m✖ [0mtest failed[0m

 [101mFAIL[0m [37m› [0m[93mgenerated_state.stShift.sar_2^255_1Filler.test.sar_2_255_1[0m

      [31m✖ [0mtest failed[0m

 [101mFAIL[0m [37m› [0m[93mgenerated_state.stShift.sar_2^255_255Filler.test.sar_2_255_255[0m

      [31m✖ [0mtest failed[0m

 [101mFAIL[0m [37m› [0m[93mgenerated_state.stShift.sar_2^255_256Filler.test.sar_2_255_256[0m

      [31m✖ [0mtest failed[0m

 [101mFAIL[0m [37m› [0m[93mgenerated_state.stShift.sar_2^255_257Filler.test.sar_2_255_257[0m

      [31m✖ [0mtest failed[0m

 [101mFAIL[0m [37m› [0m[93mgenerated_state.stShift.sar_2^256-1_0Filler.test.sar_2_256_1_0[0m

      [31m✖ [0mtest failed[0m

 [101mFAIL[0m [37m› [0m[93mgenerated_state.stShift.sar_2^256-1_1Filler.test.sar_2_256_1_1[0m

      [31m✖ [0mtest failed[0m

 [101mFAIL[0m [37m› [0m[93mgenerated_state.stShift.sar_2^256-1_255Filler.test.sar_2_256_1_255[0m

      [31m✖ [0mtest failed[0m

 [101mFAIL[0m [37m› [0m[93mgenerated_state.stShift.sar_2^256-1_256Filler.test.sar_2_256_1_256[0m

      [31m✖ [0mtest failed[0m

 [101mFAIL[0m [37m› [0m[93mgenerated_state.stShift.shl01-0100Filler.test.shl01_0100[0m

      [31m✖ [0mtest failed[0m

 [101mFAIL[0m [37m› [0m[93mgenerated_state.stShift.shl01-0101Filler.test.shl01_0101[0m

      [31m✖ [0mtest failed[0m

 [101mFAIL[0m [37m› [0m[93mgenerated_state.stShift.shl01-ffFiller.test.shl01_ff[0m

      [31m✖ [0mtest failed[0m

 [101mFAIL[0m [37m› [0m[93mgenerated_state.stShift.shl01Filler.test.shl01[0m

      [31m✖ [0mtest failed[0m

 [101mFAIL[0m [37m› [0m[93mgenerated_state.stShift.shl10Filler.test.shl10[0m

      [31m✖ [0mtest failed[0m

 [101mFAIL[0m [37m› [0m[93mgenerated_state.stShift.shl11Filler.test.shl11[0m

      [31m✖ [0mtest failed[0m

 [101mFAIL[0m [37m› [0m[93mgenerated_state.stShift.shl_-1_0Filler.test.shl__1_0[0m

      [31m✖ [0mtest failed[0m

 [101mFAIL[0m [37m› [0m[93mgenerated_state.stShift.shl_-1_1Filler.test.shl__1_1[0m

      [31m✖ [0mtest failed[0m

 [101mFAIL[0m [37m› [0m[93mgenerated_state.stShift.shl_-1_255Filler.test.shl__1_255[0m

      [31m✖ [0mtest failed[0m

 [101mFAIL[0m [37m› [0m[93mgenerated_state.stShift.shl_-1_256Filler.test.shl__1_256[0m

      [31m✖ [0mtest failed[0m

 [101mFAIL[0m [37m› [0m[93mgenerated_state.stShift.shl_2^255-1_1Filler.test.shl_2_255_1_1[0m

      [31m✖ [0mtest failed[0m

 [101mFAIL[0m [37m› [0m[93mgenerated_state.stShift.shr01Filler.test.shr01[0m

      [31m✖ [0mtest failed[0m

 [101mFAIL[0m [37m› [0m[93mgenerated_state.stShift.shr10Filler.test.shr10[0m

      [31m✖ [0mtest failed[0m

 [101mFAIL[0m [37m› [0m[93mgenerated_state.stShift.shr11Filler.test.shr11[0m

      [31m✖ [0mtest failed[0m

 [101mFAIL[0m [37m› [0m[93mgenerated_state.stShift.shr_-1_0Filler.test.shr__1_0[0m

      [31m✖ [0mtest failed[0m

 [101mFAIL[0m [37m› [0m[93mgenerated_state.stShift.shr_-1_1Filler.test.shr__1_1[0m

      [31m✖ [0mtest failed[0m

 [101mFAIL[0m [37m› [0m[93mgenerated_state.stShift.shr_-1_255Filler.test.shr__1_255[0m

      [31m✖ [0mtest failed[0m

 [101mFAIL[0m [37m› [0m[93mgenerated_state.stShift.shr_-1_256Filler.test.shr__1_256[0m

      [31m✖ [0mtest failed[0m

 [101mFAIL[0m [37m› [0m[93mgenerated_state.stShift.shr_2^255_1Filler.test.shr_2_255_1[0m

      [31m✖ [0mtest failed[0m

 [101mFAIL[0m [37m› [0m[93mgenerated_state.stShift.shr_2^255_255Filler.test.shr_2_255_255[0m

      [31m✖ [0mtest failed[0m

 [101mFAIL[0m [37m› [0m[93mgenerated_state.stShift.shr_2^255_256Filler.test.shr_2_255_256[0m

      [31m✖ [0mtest failed[0m

 [101mFAIL[0m [37m› [0m[93mgenerated_state.stShift.shr_2^255_257Filler.test.shr_2_255_257[0m

      [31m✖ [0mtest failed[0m

 [101mFAIL[0m [37m› [0m[93mgenerated_state.stSolidityTest.RecursiveCreateContractsCreate4ContractsFiller.test.RecursiveCreateContractsCreate4Contracts[0m

      [31m✖ [0mtest failed[0m

 [101mFAIL[0m [37m› [0m[93mgenerated_state.stSolidityTest.RecursiveCreateContractsFiller.test.RecursiveCreateContracts[0m

      [31m✖ [0mtest failed[0m

 [101mFAIL[0m [37m› [0m[93mgenerated_state.stSolidityTest.TestCryptographicFunctionsFiller.test.TestCryptographicFunctions[0m

      [31m✖ [0mtest failed[0m

 [101mFAIL[0m [37m› [0m[93mgenerated_state.stSpecialTest.FailedCreateRevertsDeletionParisFiller.test.FailedCreateRevertsDeletionParis[0m

      [31m✖ [0mtest failed[0m

 [101mFAIL[0m [37m› [0m[93mgenerated_state.stSpecialTest.JUMPDEST_AttackFiller.test.JUMPDEST_Attack[0m

      [31m✖ [0mtest failed[0m

 [101mFAIL[0m [37m› [0m[93mgenerated_state.stSpecialTest.JUMPDEST_AttackwithJumpFiller.test.JUMPDEST_AttackwithJump[0m

      [31m✖ [0mtest failed[0m

 [101mFAIL[0m [37m› [0m[93mgenerated_state.stSpecialTest.StackDepthLimitSECFiller.test.StackDepthLimitSEC[0m

      [31m✖ [0mtest failed[0m

 [101mFAIL[0m [37m› [0m[93mgenerated_state.stSpecialTest.makeMoneyFiller.test.makeMoney[0m

      [31m✖ [0mtest failed[0m

 [101mFAIL[0m [37m› [0m[93mgenerated_state.stSpecialTest.sha3_dejaFiller.test.sha3_deja[0m

      [31m✖ [0mtest failed[0m

 [101mFAIL[0m [37m› [0m[93mgenerated_state.stStackTests.stackOverflowM1DUPFiller.test.stackOverflowM1DUP[0m

      [31m✖ [0mtest failed[0m

 [101mFAIL[0m [37m› [0m[93mgenerated_state.stStackTests.stackOverflowM1Filler.test.stackOverflowM1[0m

      [31m✖ [0mtest failed[0m

 [101mFAIL[0m [37m› [0m[93mgenerated_state.stStackTests.stackOverflowM1PUSHFiller.test.stackOverflowM1PUSH[0m

      [31m✖ [0mtest failed[0m

 [101mFAIL[0m [37m› [0m[93mgenerated_state.stStackTests.stackOverflowSWAPFiller.test.stackOverflowSWAP[0m

      [31m✖ [0mtest failed[0m

 [101mFAIL[0m [37m› [0m[93mgenerated_state.stStackTests.stacksanitySWAPFiller.test.stacksanitySWAP[0m

      [31m✖ [0mtest failed[0m

 [101mFAIL[0m [37m› [0m[93mgenerated_state.stStaticCall.static_ABAcalls0Filler.test.static_ABAcalls0[0m

      [31m✖ [0mtest failed[0m

 [101mFAIL[0m [37m› [0m[93mgenerated_state.stStaticCall.static_ABAcalls1Filler.test.static_ABAcalls1[0m

      [31m✖ [0mtest failed[0m

 [101mFAIL[0m [37m› [0m[93mgenerated_state.stStaticCall.static_ABAcalls2Filler.test.static_ABAcalls2[0m

      [31m✖ [0mtest failed[0m

 [101mFAIL[0m [37m› [0m[93mgenerated_state.stStaticCall.static_ABAcalls3Filler.test.static_ABAcalls3[0m

      [31m✖ [0mtest failed[0m

 [101mFAIL[0m [37m› [0m[93mgenerated_state.stStaticCall.static_ABAcallsSuicide0Filler.test.static_ABAcallsSuicide0[0m

      [31m✖ [0mtest failed[0m

 [101mFAIL[0m [37m› [0m[93mgenerated_state.stStaticCall.static_ABAcallsSuicide1Filler.test.static_ABAcallsSuicide1[0m

      [31m✖ [0mtest failed[0m

 [101mFAIL[0m [37m› [0m[93mgenerated_state.stStaticCall.static_CREATE_ContractSuicideDuringInitFiller.test.static_CREATE_ContractSuicideDuringInit[0m

      [31m✖ [0mtest failed[0m

 [101mFAIL[0m [37m› [0m[93mgenerated_state.stStaticCall.static_CREATE_ContractSuicideDuringInit_ThenStoreThenReturnFiller.test.static_CREATE_ContractSuicideDuringInit_ThenStoreThenReturn[0m

      [31m✖ [0mtest failed[0m

 [101mFAIL[0m [37m› [0m[93mgenerated_state.stStaticCall.static_CREATE_ContractSuicideDuringInit_WithValueFiller.test.static_CREATE_ContractSuicideDuringInit_WithValue[0m

      [31m✖ [0mtest failed[0m

 [101mFAIL[0m [37m› [0m[93mgenerated_state.stStaticCall.static_CREATE_EmptyContractAndCallIt_0weiFiller.test.static_CREATE_EmptyContractAndCallIt_0wei[0m

      [31m✖ [0mtest failed[0m

 [101mFAIL[0m [37m› [0m[93mgenerated_state.stStaticCall.static_CREATE_EmptyContractWithStorageAndCallIt_0weiFiller.test.static_CREATE_EmptyContractWithStorageAndCallIt_0wei[0m

      [31m✖ [0mtest failed[0m

 [101mFAIL[0m [37m› [0m[93mgenerated_state.stStaticCall.static_Call1024BalanceTooLow2Filler.test.static_Call1024BalanceTooLow2[0m

      [31m✖ [0mtest failed[0m

 [101mFAIL[0m [37m› [0m[93mgenerated_state.stStaticCall.static_Call1024BalanceTooLowFiller.test.static_Call1024BalanceTooLow[0m

      [31m✖ [0mtest failed[0m

 [101mFAIL[0m [37m› [0m[93mgenerated_state.stStaticCall.static_Call1024OOGFiller.test.static_Call1024OOG[0m

      [31m✖ [0mtest failed[0m

 [101mFAIL[0m [37m› [0m[93mgenerated_state.stStaticCall.static_Call1024PreCalls2Filler.test.static_Call1024PreCalls2[0m

      [31m✖ [0mtest failed[0m

 [101mFAIL[0m [37m› [0m[93mgenerated_state.stStaticCall.static_Call1024PreCalls3Filler.test.static_Call1024PreCalls3[0m

      [31m✖ [0mtest failed[0m

 [101mFAIL[0m [37m› [0m[93mgenerated_state.stStaticCall.static_Call1024PreCallsFiller.test.static_Call1024PreCalls[0m

      [31m✖ [0mtest failed[0m

 [101mFAIL[0m [37m› [0m[93mgenerated_state.stStaticCall.static_Call10Filler.test.static_Call10[0m

      [31m✖ [0mtest failed[0m

 [101mFAIL[0m [37m› [0m[93mgenerated_state.stStaticCall.static_Call1MB1024CalldepthFiller.test.static_Call1MB1024Calldepth[0m

      [31m✖ [0mtest failed[0m

 [101mFAIL[0m [37m› [0m[93mgenerated_state.stStaticCall.static_Call50000Filler.test.static_Call50000[0m

      [31m✖ [0mtest failed[0m

 [101mFAIL[0m [37m› [0m[93mgenerated_state.stStaticCall.static_Call50000_ecrecFiller.test.static_Call50000_ecrec[0m

      [31m✖ [0mtest failed[0m

 [101mFAIL[0m [37m› [0m[93mgenerated_state.stStaticCall.static_Call50000_identity2Filler.test.static_Call50000_identity2[0m

      [31m✖ [0mtest failed[0m

 [101mFAIL[0m [37m› [0m[93mgenerated_state.stStaticCall.static_Call50000_identityFiller.test.static_Call50000_identity[0m

      [31m✖ [0mtest failed[0m

 [101mFAIL[0m [37m› [0m[93mgenerated_state.stStaticCall.static_Call50000_rip160Filler.test.static_Call50000_rip160[0m

      [31m✖ [0mtest failed[0m

 [101mFAIL[0m [37m› [0m[93mgenerated_state.stStaticCall.static_Call50000bytesContract50_1Filler.test.static_Call50000bytesContract50_1[0m

      [31m✖ [0mtest failed[0m

 [101mFAIL[0m [37m› [0m[93mgenerated_state.stStaticCall.static_Call50000bytesContract50_2Filler.test.static_Call50000bytesContract50_2[0m

      [31m✖ [0mtest failed[0m

 [101mFAIL[0m [37m› [0m[93mgenerated_state.stStaticCall.static_Call50000bytesContract50_3Filler.test.static_Call50000bytesContract50_3[0m

      [31m✖ [0mtest failed[0m

 [101mFAIL[0m [37m› [0m[93mgenerated_state.stStaticCall.static_CallAndCallcodeConsumeMoreGasThenTransactionHasFiller.test.static_CallAndCallcodeConsumeMoreGasThenTransactionHas[0m

      [31m✖ [0mtest failed[0m

 [101mFAIL[0m [37m› [0m[93mgenerated_state.stStaticCall.static_CallAskMoreGasOnDepth2ThenTransactionHasFiller.test.static_CallAskMoreGasOnDepth2ThenTransactionHas[0m

      [31m✖ [0mtest failed[0m

 [101mFAIL[0m [37m› [0m[93mgenerated_state.stStaticCall.static_CallContractToCreateContractAndCallItOOGFiller.test.static_CallContractToCreateContractAndCallItOOG[0m

      [31m✖ [0mtest failed[0m

 [101mFAIL[0m [37m› [0m[93mgenerated_state.stStaticCall.static_CallContractToCreateContractOOGBonusGasFiller.test.static_CallContractToCreateContractOOGBonusGas[0m

      [31m✖ [0mtest failed[0m

 [101mFAIL[0m [37m› [0m[93mgenerated_state.stStaticCall.static_CallContractToCreateContractOOGFiller.test.static_CallContractToCreateContractOOG[0m

      [31m✖ [0mtest failed[0m

 [101mFAIL[0m [37m› [0m[93mgenerated_state.stStaticCall.static_CallContractToCreateContractWhichWouldCreateContractIfCalledFiller.test.static_CallContractToCreateContractWhichWouldCreateContractIfCalled[0m

      [31m✖ [0mtest failed[0m

 [101mFAIL[0m [37m› [0m[93mgenerated_state.stStaticCall.static_CallEcrecover0Filler.test.static_CallEcrecover0[0m

      [31m✖ [0mtest failed[0m

 [101mFAIL[0m [37m› [0m[93mgenerated_state.stStaticCall.static_CallEcrecover0_0inputFiller.test.static_CallEcrecover0_0input[0m

      [31m✖ [0mtest failed[0m

 [101mFAIL[0m [37m› [0m[93mgenerated_state.stStaticCall.static_CallEcrecover0_completeReturnValueFiller.test.static_CallEcrecover0_completeReturnValue[0m

      [31m✖ [0mtest failed[0m

 [101mFAIL[0m [37m› [0m[93mgenerated_state.stStaticCall.static_CallEcrecover0_gas3000Filler.test.static_CallEcrecover0_gas3000[0m

      [31m✖ [0mtest failed[0m

 [101mFAIL[0m [37m› [0m[93mgenerated_state.stStaticCall.static_CallEcrecover0_overlappingInputOutputFiller.test.static_CallEcrecover0_overlappingInputOutput[0m

      [31m✖ [0mtest failed[0m

 [101mFAIL[0m [37m› [0m[93mgenerated_state.stStaticCall.static_CallEcrecoverCheckLengthFiller.test.static_CallEcrecoverCheckLength[0m

      [31m✖ [0mtest failed[0m

 [101mFAIL[0m [37m› [0m[93mgenerated_state.stStaticCall.static_CallEcrecoverCheckLengthWrongVFiller.test.static_CallEcrecoverCheckLengthWrongV[0m

      [31m✖ [0mtest failed[0m

 [101mFAIL[0m [37m› [0m[93mgenerated_state.stStaticCall.static_CallEcrecoverH_prefixed0Filler.test.static_CallEcrecoverH_prefixed0[0m

      [31m✖ [0mtest failed[0m

 [101mFAIL[0m [37m› [0m[93mgenerated_state.stStaticCall.static_CallEcrecoverV_prefixed0Filler.test.static_CallEcrecoverV_prefixed0[0m

      [31m✖ [0mtest failed[0m

 [101mFAIL[0m [37m› [0m[93mgenerated_state.stStaticCall.static_CallGoesOOGOnSecondLevel2Filler.test.static_CallGoesOOGOnSecondLevel2[0m

      [31m✖ [0mtest failed[0m

 [101mFAIL[0m [37m› [0m[93mgenerated_state.stStaticCall.static_CallGoesOOGOnSecondLevelFiller.test.static_CallGoesOOGOnSecondLevel[0m

      [31m✖ [0mtest failed[0m

 [101mFAIL[0m [37m› [0m[93mgenerated_state.stStaticCall.static_CallLoseGasOOGFiller.test.static_CallLoseGasOOG[0m

      [31m✖ [0mtest failed[0m

 [101mFAIL[0m [37m› [0m[93mgenerated_state.stStaticCall.static_CallRecursiveBomb0Filler.test.static_CallRecursiveBomb0[0m

      [31m✖ [0mtest failed[0m

 [101mFAIL[0m [37m› [0m[93mgenerated_state.stStaticCall.static_CallRecursiveBomb0_OOG_atMaxCallDepthFiller.test.static_CallRecursiveBomb0_OOG_atMaxCallDepth[0m

      [31m✖ [0mtest failed[0m

 [101mFAIL[0m [37m› [0m[93mgenerated_state.stStaticCall.static_CallRecursiveBomb1Filler.test.static_CallRecursiveBomb1[0m

      [31m✖ [0mtest failed[0m

 [101mFAIL[0m [37m› [0m[93mgenerated_state.stStaticCall.static_CallRecursiveBomb2Filler.test.static_CallRecursiveBomb2[0m

      [31m✖ [0mtest failed[0m

 [101mFAIL[0m [37m› [0m[93mgenerated_state.stStaticCall.static_CallRecursiveBomb3Filler.test.static_CallRecursiveBomb3[0m

      [31m✖ [0mtest failed[0m

 [101mFAIL[0m [37m› [0m[93mgenerated_state.stStaticCall.static_CallRecursiveBombLog2Filler.test.static_CallRecursiveBombLog2[0m

      [31m✖ [0mtest failed[0m

 [101mFAIL[0m [37m› [0m[93mgenerated_state.stStaticCall.static_CallRecursiveBombLogFiller.test.static_CallRecursiveBombLog[0m

      [31m✖ [0mtest failed[0m

 [101mFAIL[0m [37m› [0m[93mgenerated_state.stStaticCall.static_CallRecursiveBombPreCall2Filler.test.static_CallRecursiveBombPreCall2[0m

      [31m✖ [0mtest failed[0m

 [101mFAIL[0m [37m› [0m[93mgenerated_state.stStaticCall.static_CallRecursiveBombPreCallFiller.test.static_CallRecursiveBombPreCall[0m

      [31m✖ [0mtest failed[0m

 [101mFAIL[0m [37m› [0m[93mgenerated_state.stStaticCall.static_CallToNameRegistrator0Filler.test.static_CallToNameRegistrator0[0m

      [31m✖ [0mtest failed[0m

 [101mFAIL[0m [37m› [0m[93mgenerated_state.stStaticCall.static_CallToReturn1Filler.test.static_CallToReturn1[0m

      [31m✖ [0mtest failed[0m

 [101mFAIL[0m [37m› [0m[93mgenerated_state.stStaticCall.static_CalltoReturn2Filler.test.static_CalltoReturn2[0m

      [31m✖ [0mtest failed[0m

 [101mFAIL[0m [37m› [0m[93mgenerated_state.stStaticCall.static_CheckOpcodes2Filler.test.static_CheckOpcodes2[0m

      [31m✖ [0mtest failed[0m

 [101mFAIL[0m [37m› [0m[93mgenerated_state.stStaticCall.static_CheckOpcodes3Filler.test.static_CheckOpcodes3[0m

      [31m✖ [0mtest failed[0m

 [101mFAIL[0m [37m› [0m[93mgenerated_state.stStaticCall.static_CheckOpcodes4Filler.test.static_CheckOpcodes4[0m

      [31m✖ [0mtest failed[0m

 [101mFAIL[0m [37m› [0m[93mgenerated_state.stStaticCall.static_CheckOpcodes5Filler.test.static_CheckOpcodes5[0m

      [31m✖ [0mtest failed[0m

 [101mFAIL[0m [37m› [0m[93mgenerated_state.stStaticCall.static_CheckOpcodesFiller.test.static_CheckOpcodes[0m

      [31m✖ [0mtest failed[0m

 [101mFAIL[0m [37m› [0m[93mgenerated_state.stStaticCall.static_ExecuteCallThatAskForeGasThenTrabsactionHasFiller.test.static_ExecuteCallThatAskForeGasThenTrabsactionHas[0m

      [31m✖ [0mtest failed[0m

 [101mFAIL[0m [37m› [0m[93mgenerated_state.stStaticCall.static_InternalCallHittingGasLimit2Filler.test.static_InternalCallHittingGasLimit2[0m

      [31m✖ [0mtest failed[0m

 [101mFAIL[0m [37m› [0m[93mgenerated_state.stStaticCall.static_InternalCallHittingGasLimitFiller.test.static_InternalCallHittingGasLimit[0m

      [31m✖ [0mtest failed[0m

 [101mFAIL[0m [37m› [0m[93mgenerated_state.stStaticCall.static_LoopCallsDepthThenRevert2Filler.test.static_LoopCallsDepthThenRevert2[0m

      [31m✖ [0mcrashed with signal 6[0m

 [101mFAIL[0m [37m› [0m[93mgenerated_state.stStaticCall.static_LoopCallsDepthThenRevert3Filler.test.static_LoopCallsDepthThenRevert3[0m

      [31m✖ [0mcrashed with signal 6[0m

 [101mFAIL[0m [37m› [0m[93mgenerated_state.stStaticCall.static_LoopCallsDepthThenRevertFiller.test.static_LoopCallsDepthThenRevert[0m

      [31m✖ [0mtest failed[0m

 [101mFAIL[0m [37m› [0m[93mgenerated_state.stStaticCall.static_LoopCallsThenRevertFiller.test.static_LoopCallsThenRevert[0m

      [31m✖ [0mtest failed[0m

 [101mFAIL[0m [37m› [0m[93mgenerated_state.stStaticCall.static_RETURN_BoundsOOGFiller.test.static_RETURN_BoundsOOG[0m

      [31m✖ [0mtest failed[0m

 [101mFAIL[0m [37m› [0m[93mgenerated_state.stStaticCall.static_RawCallGasAskFiller.test.static_RawCallGasAsk[0m

      [31m✖ [0mtest failed[0m

 [101mFAIL[0m [37m› [0m[93mgenerated_state.stStaticCall.static_Return50000_2Filler.test.static_Return50000_2[0m

      [31m✖ [0mtest failed[0m

 [101mFAIL[0m [37m› [0m[93mgenerated_state.stStaticCall.static_ZeroValue_CALL_OOGRevertFiller.test.static_ZeroValue_CALL_OOGRevert[0m

      [31m✖ [0mtest failed[0m

 [101mFAIL[0m [37m› [0m[93mgenerated_state.stStaticCall.static_callBasicFiller.test.static_callBasic[0m

      [31m✖ [0mtest failed[0m

 [101mFAIL[0m [37m› [0m[93mgenerated_state.stStaticCall.static_callChangeRevertFiller.test.static_callChangeRevert[0m

      [31m✖ [0mtest failed[0m

 [101mFAIL[0m [37m› [0m[93mgenerated_state.stStaticCall.static_callCreate2Filler.test.static_callCreate2[0m

      [31m✖ [0mtest failed[0m

 [101mFAIL[0m [37m› [0m[93mgenerated_state.stStaticCall.static_callCreateFiller.test.static_callCreate[0m

      [31m✖ [0mtest failed[0m

 [101mFAIL[0m [37m› [0m[93mgenerated_state.stStaticCall.static_callToCallCodeOpCodeCheckFiller.test.static_callToCallCodeOpCodeCheck[0m

      [31m✖ [0mtest failed[0m

 [101mFAIL[0m [37m› [0m[93mgenerated_state.stStaticCall.static_callToCallOpCodeCheckFiller.test.static_callToCallOpCodeCheck[0m

      [31m✖ [0mtest failed[0m

 [101mFAIL[0m [37m› [0m[93mgenerated_state.stStaticCall.static_callToDelCallOpCodeCheckFiller.test.static_callToDelCallOpCodeCheck[0m

      [31m✖ [0mtest failed[0m

 [101mFAIL[0m [37m› [0m[93mgenerated_state.stStaticCall.static_callToStaticOpCodeCheckFiller.test.static_callToStaticOpCodeCheck[0m

      [31m✖ [0mtest failed[0m

 [101mFAIL[0m [37m› [0m[93mgenerated_state.stStaticCall.static_call_OOG_additionalGasCosts1Filler.test.static_call_OOG_additionalGasCosts1[0m

      [31m✖ [0mtest failed[0m

 [101mFAIL[0m [37m› [0m[93mgenerated_state.stStaticCall.static_callcall_00Filler.test.static_callcall_00[0m

      [31m✖ [0mtest failed[0m

 [101mFAIL[0m [37m› [0m[93mgenerated_state.stStaticCall.static_callcall_00_OOGEFiller.test.static_callcall_00_OOGE[0m

      [31m✖ [0mtest failed[0m

 [101mFAIL[0m [37m› [0m[93mgenerated_state.stStaticCall.static_callcall_00_OOGE_1Filler.test.static_callcall_00_OOGE_1[0m

      [31m✖ [0mtest failed[0m

 [101mFAIL[0m [37m› [0m[93mgenerated_state.stStaticCall.static_callcall_00_OOGE_2Filler.test.static_callcall_00_OOGE_2[0m

      [31m✖ [0mtest failed[0m

 [101mFAIL[0m [37m› [0m[93mgenerated_state.stStaticCall.static_callcall_00_SuicideEndFiller.test.static_callcall_00_SuicideEnd[0m

      [31m✖ [0mtest failed[0m

 [101mFAIL[0m [37m› [0m[93mgenerated_state.stStaticCall.static_callcallcall_000Filler.test.static_callcallcall_000[0m

      [31m✖ [0mtest failed[0m

 [101mFAIL[0m [37m› [0m[93mgenerated_state.stStaticCall.static_callcallcall_000_OOGEFiller.test.static_callcallcall_000_OOGE[0m

      [31m✖ [0mtest failed[0m

 [101mFAIL[0m [37m› [0m[93mgenerated_state.stStaticCall.static_callcallcall_000_OOGMAfter2Filler.test.static_callcallcall_000_OOGMAfter2[0m

      [31m✖ [0mtest failed[0m

 [101mFAIL[0m [37m› [0m[93mgenerated_state.stStaticCall.static_callcallcall_000_OOGMBeforeFiller.test.static_callcallcall_000_OOGMBefore[0m

      [31m✖ [0mtest failed[0m

 [101mFAIL[0m [37m› [0m[93mgenerated_state.stStaticCall.static_callcallcall_000_SuicideMiddleFiller.test.static_callcallcall_000_SuicideMiddle[0m

      [31m✖ [0mtest failed[0m

 [101mFAIL[0m [37m› [0m[93mgenerated_state.stStaticCall.static_callcallcall_ABCB_RECURSIVEFiller.test.static_callcallcall_ABCB_RECURSIVE[0m

      [31m✖ [0mcrashed with signal 6[0m

 [101mFAIL[0m [37m› [0m[93mgenerated_state.stStaticCall.static_callcallcallcode_001_OOGEFiller.test.static_callcallcallcode_001_OOGE[0m

      [31m✖ [0mtest failed[0m

 [101mFAIL[0m [37m› [0m[93mgenerated_state.stStaticCall.static_callcallcallcode_001_OOGE_2Filler.test.static_callcallcallcode_001_OOGE_2[0m

      [31m✖ [0mtest failed[0m

 [101mFAIL[0m [37m› [0m[93mgenerated_state.stStaticCall.static_callcallcallcode_001_OOGMAfter2Filler.test.static_callcallcallcode_001_OOGMAfter2[0m

      [31m✖ [0mtest failed[0m

 [101mFAIL[0m [37m› [0m[93mgenerated_state.stStaticCall.static_callcallcallcode_001_OOGMAfterFiller.test.static_callcallcallcode_001_OOGMAfter[0m

      [31m✖ [0mtest failed[0m

 [101mFAIL[0m [37m› [0m[93mgenerated_state.stStaticCall.static_callcallcallcode_001_OOGMAfter_2Filler.test.static_callcallcallcode_001_OOGMAfter_2[0m

      [31m✖ [0mtest failed[0m

 [101mFAIL[0m [37m› [0m[93mgenerated_state.stStaticCall.static_callcallcallcode_001_OOGMAfter_3Filler.test.static_callcallcallcode_001_OOGMAfter_3[0m

      [31m✖ [0mtest failed[0m

 [101mFAIL[0m [37m› [0m[93mgenerated_state.stStaticCall.static_callcallcallcode_001_OOGMBefore2Filler.test.static_callcallcallcode_001_OOGMBefore2[0m

      [31m✖ [0mtest failed[0m

 [101mFAIL[0m [37m› [0m[93mgenerated_state.stStaticCall.static_callcallcallcode_001_OOGMBeforeFiller.test.static_callcallcallcode_001_OOGMBefore[0m

      [31m✖ [0mtest failed[0m

 [101mFAIL[0m [37m› [0m[93mgenerated_state.stStaticCall.static_callcallcallcode_001_SuicideMiddle2Filler.test.static_callcallcallcode_001_SuicideMiddle2[0m

      [31m✖ [0mtest failed[0m

 [101mFAIL[0m [37m› [0m[93mgenerated_state.stStaticCall.static_callcallcallcode_001_SuicideMiddleFiller.test.static_callcallcallcode_001_SuicideMiddle[0m

      [31m✖ [0mtest failed[0m

 [101mFAIL[0m [37m› [0m[93mgenerated_state.stStaticCall.static_callcallcallcode_ABCB_RECURSIVE2Filler.test.static_callcallcallcode_ABCB_RECURSIVE2[0m

      [31m✖ [0mcrashed with signal 6[0m

 [101mFAIL[0m [37m› [0m[93mgenerated_state.stStaticCall.static_callcallcallcode_ABCB_RECURSIVEFiller.test.static_callcallcallcode_ABCB_RECURSIVE[0m

      [31m✖ [0mcrashed with signal 6[0m

 [101mFAIL[0m [37m› [0m[93mgenerated_state.stStaticCall.static_callcallcode_01_OOGE_2Filler.test.static_callcallcode_01_OOGE_2[0m

      [31m✖ [0mtest failed[0m

 [101mFAIL[0m [37m› [0m[93mgenerated_state.stStaticCall.static_callcallcode_01_SuicideEnd2Filler.test.static_callcallcode_01_SuicideEnd2[0m

      [31m✖ [0mtest failed[0m

 [101mFAIL[0m [37m› [0m[93mgenerated_state.stStaticCall.static_callcallcodecall_010_OOGEFiller.test.static_callcallcodecall_010_OOGE[0m

      [31m✖ [0mtest failed[0m

 [101mFAIL[0m [37m› [0m[93mgenerated_state.stStaticCall.static_callcallcodecall_010_OOGE_2Filler.test.static_callcallcodecall_010_OOGE_2[0m

      [31m✖ [0mtest failed[0m

 [101mFAIL[0m [37m› [0m[93mgenerated_state.stStaticCall.static_callcallcodecall_010_OOGMAfter2Filler.test.static_callcallcodecall_010_OOGMAfter2[0m

      [31m✖ [0mtest failed[0m

 [101mFAIL[0m [37m› [0m[93mgenerated_state.stStaticCall.static_callcallcodecall_010_OOGMAfterFiller.test.static_callcallcodecall_010_OOGMAfter[0m

      [31m✖ [0mtest failed[0m

 [101mFAIL[0m [37m› [0m[93mgenerated_state.stStaticCall.static_callcallcodecall_010_OOGMAfter_2Filler.test.static_callcallcodecall_010_OOGMAfter_2[0m

      [31m✖ [0mtest failed[0m

 [101mFAIL[0m [37m› [0m[93mgenerated_state.stStaticCall.static_callcallcodecall_010_OOGMAfter_3Filler.test.static_callcallcodecall_010_OOGMAfter_3[0m

      [31m✖ [0mtest failed[0m

 [101mFAIL[0m [37m› [0m[93mgenerated_state.stStaticCall.static_callcallcodecall_010_OOGMBefore2Filler.test.static_callcallcodecall_010_OOGMBefore2[0m

      [31m✖ [0mtest failed[0m

 [101mFAIL[0m [37m› [0m[93mgenerated_state.stStaticCall.static_callcallcodecall_010_OOGMBeforeFiller.test.static_callcallcodecall_010_OOGMBefore[0m

      [31m✖ [0mtest failed[0m

 [101mFAIL[0m [37m› [0m[93mgenerated_state.stStaticCall.static_callcallcodecall_ABCB_RECURSIVE2Filler.test.static_callcallcodecall_ABCB_RECURSIVE2[0m

      [31m✖ [0mcrashed with signal 6[0m

 [101mFAIL[0m [37m› [0m[93mgenerated_state.stStaticCall.static_callcallcodecall_ABCB_RECURSIVEFiller.test.static_callcallcodecall_ABCB_RECURSIVE[0m

      [31m✖ [0mcrashed with signal 6[0m

 [101mFAIL[0m [37m› [0m[93mgenerated_state.stStaticCall.static_callcallcodecallcode_011_OOGEFiller.test.static_callcallcodecallcode_011_OOGE[0m

      [31m✖ [0mtest failed[0m

 [101mFAIL[0m [37m› [0m[93mgenerated_state.stStaticCall.static_callcallcodecallcode_011_OOGMAfter2Filler.test.static_callcallcodecallcode_011_OOGMAfter2[0m

      [31m✖ [0mtest failed[0m

 [101mFAIL[0m [37m› [0m[93mgenerated_state.stStaticCall.static_callcallcodecallcode_011_OOGMAfterFiller.test.static_callcallcodecallcode_011_OOGMAfter[0m

      [31m✖ [0mtest failed[0m

 [101mFAIL[0m [37m› [0m[93mgenerated_state.stStaticCall.static_callcallcodecallcode_011_OOGMAfter_1Filler.test.static_callcallcodecallcode_011_OOGMAfter_1[0m

      [31m✖ [0mtest failed[0m

 [101mFAIL[0m [37m› [0m[93mgenerated_state.stStaticCall.static_callcallcodecallcode_011_OOGMAfter_2Filler.test.static_callcallcodecallcode_011_OOGMAfter_2[0m

      [31m✖ [0mtest failed[0m

 [101mFAIL[0m [37m› [0m[93mgenerated_state.stStaticCall.static_callcallcodecallcode_011_OOGMBefore2Filler.test.static_callcallcodecallcode_011_OOGMBefore2[0m

      [31m✖ [0mtest failed[0m

 [101mFAIL[0m [37m› [0m[93mgenerated_state.stStaticCall.static_callcallcodecallcode_011_OOGMBeforeFiller.test.static_callcallcodecallcode_011_OOGMBefore[0m

      [31m✖ [0mtest failed[0m

 [101mFAIL[0m [37m› [0m[93mgenerated_state.stStaticCall.static_callcallcodecallcode_ABCB_RECURSIVE2Filler.test.static_callcallcodecallcode_ABCB_RECURSIVE2[0m

      [31m✖ [0mcrashed with signal 6[0m

 [101mFAIL[0m [37m› [0m[93mgenerated_state.stStaticCall.static_callcallcodecallcode_ABCB_RECURSIVEFiller.test.static_callcallcodecallcode_ABCB_RECURSIVE[0m

      [31m✖ [0mcrashed with signal 6[0m

 [101mFAIL[0m [37m› [0m[93mgenerated_state.stStaticCall.static_callcode_checkPCFiller.test.static_callcode_checkPC[0m

      [31m✖ [0mtest failed[0m

 [101mFAIL[0m [37m› [0m[93mgenerated_state.stStaticCall.static_callcodecall_10_OOGEFiller.test.static_callcodecall_10_OOGE[0m

      [31m✖ [0mtest failed[0m

 [101mFAIL[0m [37m› [0m[93mgenerated_state.stStaticCall.static_callcodecall_10_OOGE_2Filler.test.static_callcodecall_10_OOGE_2[0m

      [31m✖ [0mtest failed[0m

 [101mFAIL[0m [37m› [0m[93mgenerated_state.stStaticCall.static_callcodecall_10_SuicideEnd2Filler.test.static_callcodecall_10_SuicideEnd2[0m

      [31m✖ [0mtest failed[0m

 [101mFAIL[0m [37m› [0m[93mgenerated_state.stStaticCall.static_callcodecall_10_SuicideEndFiller.test.static_callcodecall_10_SuicideEnd[0m

      [31m✖ [0mtest failed[0m

 [101mFAIL[0m [37m› [0m[93mgenerated_state.stStaticCall.static_callcodecallcall_100_OOGE2Filler.test.static_callcodecallcall_100_OOGE2[0m

      [31m✖ [0mtest failed[0m

 [101mFAIL[0m [37m› [0m[93mgenerated_state.stStaticCall.static_callcodecallcall_100_OOGEFiller.test.static_callcodecallcall_100_OOGE[0m

      [31m✖ [0mtest failed[0m

 [101mFAIL[0m [37m› [0m[93mgenerated_state.stStaticCall.static_callcodecallcall_100_OOGMAfter2Filler.test.static_callcodecallcall_100_OOGMAfter2[0m

      [31m✖ [0mtest failed[0m

 [101mFAIL[0m [37m› [0m[93mgenerated_state.stStaticCall.static_callcodecallcall_100_OOGMAfterFiller.test.static_callcodecallcall_100_OOGMAfter[0m

      [31m✖ [0mtest failed[0m

 [101mFAIL[0m [37m› [0m[93mgenerated_state.stStaticCall.static_callcodecallcall_100_OOGMAfter_2Filler.test.static_callcodecallcall_100_OOGMAfter_2[0m

      [31m✖ [0mtest failed[0m

 [101mFAIL[0m [37m› [0m[93mgenerated_state.stStaticCall.static_callcodecallcall_100_OOGMAfter_3Filler.test.static_callcodecallcall_100_OOGMAfter_3[0m

      [31m✖ [0mtest failed[0m

 [101mFAIL[0m [37m› [0m[93mgenerated_state.stStaticCall.static_callcodecallcall_100_OOGMBefore2Filler.test.static_callcodecallcall_100_OOGMBefore2[0m

      [31m✖ [0mtest failed[0m

 [101mFAIL[0m [37m› [0m[93mgenerated_state.stStaticCall.static_callcodecallcall_100_OOGMBeforeFiller.test.static_callcodecallcall_100_OOGMBefore[0m

      [31m✖ [0mtest failed[0m

 [101mFAIL[0m [37m› [0m[93mgenerated_state.stStaticCall.static_callcodecallcall_ABCB_RECURSIVE2Filler.test.static_callcodecallcall_ABCB_RECURSIVE2[0m

      [31m✖ [0mcrashed with signal 6[0m

 [101mFAIL[0m [37m› [0m[93mgenerated_state.stStaticCall.static_callcodecallcall_ABCB_RECURSIVEFiller.test.static_callcodecallcall_ABCB_RECURSIVE[0m

      [31m✖ [0mcrashed with signal 6[0m

 [101mFAIL[0m [37m› [0m[93mgenerated_state.stStaticCall.static_callcodecallcallcode_101_OOGEFiller.test.static_callcodecallcallcode_101_OOGE[0m

      [31m✖ [0mtest failed[0m

 [101mFAIL[0m [37m› [0m[93mgenerated_state.stStaticCall.static_callcodecallcallcode_101_OOGE_2Filler.test.static_callcodecallcallcode_101_OOGE_2[0m

      [31m✖ [0mtest failed[0m

 [101mFAIL[0m [37m› [0m[93mgenerated_state.stStaticCall.static_callcodecallcallcode_101_OOGMAfter2Filler.test.static_callcodecallcallcode_101_OOGMAfter2[0m

      [31m✖ [0mtest failed[0m

 [101mFAIL[0m [37m› [0m[93mgenerated_state.stStaticCall.static_callcodecallcallcode_101_OOGMAfterFiller.test.static_callcodecallcallcode_101_OOGMAfter[0m

      [31m✖ [0mtest failed[0m

 [101mFAIL[0m [37m› [0m[93mgenerated_state.stStaticCall.static_callcodecallcallcode_101_OOGMAfter_1Filler.test.static_callcodecallcallcode_101_OOGMAfter_1[0m

      [31m✖ [0mtest failed[0m

 [101mFAIL[0m [37m› [0m[93mgenerated_state.stStaticCall.static_callcodecallcallcode_101_OOGMAfter_3Filler.test.static_callcodecallcallcode_101_OOGMAfter_3[0m

      [31m✖ [0mtest failed[0m

 [101mFAIL[0m [37m› [0m[93mgenerated_state.stStaticCall.static_callcodecallcallcode_101_OOGMBefore2Filler.test.static_callcodecallcallcode_101_OOGMBefore2[0m

      [31m✖ [0mtest failed[0m

 [101mFAIL[0m [37m› [0m[93mgenerated_state.stStaticCall.static_callcodecallcallcode_101_OOGMBeforeFiller.test.static_callcodecallcallcode_101_OOGMBefore[0m

      [31m✖ [0mtest failed[0m

 [101mFAIL[0m [37m› [0m[93mgenerated_state.stStaticCall.static_callcodecallcallcode_ABCB_RECURSIVE2Filler.test.static_callcodecallcallcode_ABCB_RECURSIVE2[0m

      [31m✖ [0mcrashed with signal 6[0m

 [101mFAIL[0m [37m› [0m[93mgenerated_state.stStaticCall.static_callcodecallcallcode_ABCB_RECURSIVEFiller.test.static_callcodecallcallcode_ABCB_RECURSIVE[0m

      [31m✖ [0mcrashed with signal 6[0m

 [101mFAIL[0m [37m› [0m[93mgenerated_state.stStaticCall.static_callcodecallcodecall_1102Filler.test.static_callcodecallcodecall_1102[0m

      [31m✖ [0mtest failed[0m

 [101mFAIL[0m [37m› [0m[93mgenerated_state.stStaticCall.static_callcodecallcodecall_110_2Filler.test.static_callcodecallcodecall_110_2[0m

      [31m✖ [0mtest failed[0m

 [101mFAIL[0m [37m› [0m[93mgenerated_state.stStaticCall.static_callcodecallcodecall_110_OOGE2Filler.test.static_callcodecallcodecall_110_OOGE2[0m

      [31m✖ [0mtest failed[0m

 [101mFAIL[0m [37m› [0m[93mgenerated_state.stStaticCall.static_callcodecallcodecall_110_OOGEFiller.test.static_callcodecallcodecall_110_OOGE[0m

      [31m✖ [0mtest failed[0m

 [101mFAIL[0m [37m› [0m[93mgenerated_state.stStaticCall.static_callcodecallcodecall_110_OOGMAfter2Filler.test.static_callcodecallcodecall_110_OOGMAfter2[0m

      [31m✖ [0mtest failed[0m

 [101mFAIL[0m [37m› [0m[93mgenerated_state.stStaticCall.static_callcodecallcodecall_110_OOGMAfterFiller.test.static_callcodecallcodecall_110_OOGMAfter[0m

      [31m✖ [0mtest failed[0m

 [101mFAIL[0m [37m› [0m[93mgenerated_state.stStaticCall.static_callcodecallcodecall_110_OOGMAfter_2Filler.test.static_callcodecallcodecall_110_OOGMAfter_2[0m

      [31m✖ [0mtest failed[0m

 [101mFAIL[0m [37m› [0m[93mgenerated_state.stStaticCall.static_callcodecallcodecall_110_OOGMAfter_3Filler.test.static_callcodecallcodecall_110_OOGMAfter_3[0m

      [31m✖ [0mtest failed[0m

 [101mFAIL[0m [37m› [0m[93mgenerated_state.stStaticCall.static_callcodecallcodecall_110_OOGMBefore2Filler.test.static_callcodecallcodecall_110_OOGMBefore2[0m

      [31m✖ [0mtest failed[0m

 [101mFAIL[0m [37m› [0m[93mgenerated_state.stStaticCall.static_callcodecallcodecall_110_OOGMBeforeFiller.test.static_callcodecallcodecall_110_OOGMBefore[0m

      [31m✖ [0mtest failed[0m

 [101mFAIL[0m [37m› [0m[93mgenerated_state.stStaticCall.static_callcodecallcodecall_110_SuicideEnd2Filler.test.static_callcodecallcodecall_110_SuicideEnd2[0m

      [31m✖ [0mtest failed[0m

 [101mFAIL[0m [37m› [0m[93mgenerated_state.stStaticCall.static_callcodecallcodecall_110_SuicideEndFiller.test.static_callcodecallcodecall_110_SuicideEnd[0m

      [31m✖ [0mtest failed[0m

 [101mFAIL[0m [37m› [0m[93mgenerated_state.stStaticCall.static_callcodecallcodecall_110_SuicideMiddle2Filler.test.static_callcodecallcodecall_110_SuicideMiddle2[0m

      [31m✖ [0mtest failed[0m

 [101mFAIL[0m [37m› [0m[93mgenerated_state.stStaticCall.static_callcodecallcodecall_110_SuicideMiddleFiller.test.static_callcodecallcodecall_110_SuicideMiddle[0m

      [31m✖ [0mtest failed[0m

 [101mFAIL[0m [37m› [0m[93mgenerated_state.stStaticCall.static_callcodecallcodecall_ABCB_RECURSIVE2Filler.test.static_callcodecallcodecall_ABCB_RECURSIVE2[0m

      [31m✖ [0mcrashed with signal 6[0m

 [101mFAIL[0m [37m› [0m[93mgenerated_state.stStaticCall.static_callcodecallcodecall_ABCB_RECURSIVEFiller.test.static_callcodecallcodecall_ABCB_RECURSIVE[0m

      [31m✖ [0mcrashed with signal 6[0m

 [101mFAIL[0m [37m› [0m[93mgenerated_state.stStaticCall.static_calldelcode_01_OOGEFiller.test.static_calldelcode_01_OOGE[0m

      [31m✖ [0mtest failed[0m

 [101mFAIL[0m [37m› [0m[93mgenerated_state.stStaticCall.static_contractCreationMakeCallThatAskMoreGasThenTransactionProvidedFiller.test.static_contractCreationMakeCallThatAskMoreGasThenTransactionProvided[0m

      [31m✖ [0mtest failed[0m

 [101mFAIL[0m [37m› [0m[93mgenerated_state.stStaticCall.static_contractCreationOOGdontLeaveEmptyContractViaTransactionFiller.test.static_contractCreationOOGdontLeaveEmptyContractViaTransaction[0m

      [31m✖ [0mtest failed[0m

 [101mFAIL[0m [37m› [0m[93mgenerated_state.stStaticCall.static_makeMoneyFiller.test.static_makeMoney[0m

      [31m✖ [0mtest failed[0m

 [101mFAIL[0m [37m› [0m[93mgenerated_state.stStaticCall.static_refund_CallAFiller.test.static_refund_CallA[0m

      [31m✖ [0mtest failed[0m

 [101mFAIL[0m [37m› [0m[93mgenerated_state.stStaticCall.static_refund_CallToSuicideNoStorageFiller.test.static_refund_CallToSuicideNoStorage[0m

      [31m✖ [0mtest failed[0m

 [101mFAIL[0m [37m› [0m[93mgenerated_state.stStaticCall.static_refund_CallToSuicideTwiceFiller.test.static_refund_CallToSuicideTwice[0m

      [31m✖ [0mtest failed[0m

 [101mFAIL[0m [37m› [0m[93mgenerated_state.stSystemOperationsTest.ABAcalls0Filler.test.ABAcalls0[0m

      [31m✖ [0mtest failed[0m

 [101mFAIL[0m [37m› [0m[93mgenerated_state.stSystemOperationsTest.ABAcalls1Filler.test.ABAcalls1[0m

      [31m✖ [0mtest failed[0m

 [101mFAIL[0m [37m› [0m[93mgenerated_state.stSystemOperationsTest.ABAcalls2Filler.test.ABAcalls2[0m

      [31m✖ [0mtest failed[0m

 [101mFAIL[0m [37m› [0m[93mgenerated_state.stSystemOperationsTest.ABAcalls3Filler.test.ABAcalls3[0m

      [31m✖ [0mtest failed[0m

 [101mFAIL[0m [37m› [0m[93mgenerated_state.stSystemOperationsTest.ABAcallsSuicide0Filler.test.ABAcallsSuicide0[0m

      [31m✖ [0mtest failed[0m

 [101mFAIL[0m [37m› [0m[93mgenerated_state.stSystemOperationsTest.ABAcallsSuicide1Filler.test.ABAcallsSuicide1[0m

      [31m✖ [0mtest failed[0m

 [101mFAIL[0m [37m› [0m[93mgenerated_state.stSystemOperationsTest.Call10Filler.test.Call10[0m

      [31m✖ [0mtest failed[0m

 [101mFAIL[0m [37m› [0m[93mgenerated_state.stSystemOperationsTest.CallRecursiveBomb0Filler.test.CallRecursiveBomb0[0m

      [31m✖ [0mtest failed[0m

 [101mFAIL[0m [37m› [0m[93mgenerated_state.stSystemOperationsTest.CallRecursiveBomb0_OOG_atMaxCallDepthFiller.test.CallRecursiveBomb0_OOG_atMaxCallDepth[0m

      [31m✖ [0mtest failed[0m

 [101mFAIL[0m [37m› [0m[93mgenerated_state.stSystemOperationsTest.CallRecursiveBomb1Filler.test.CallRecursiveBomb1[0m

      [31m✖ [0mtest failed[0m

 [101mFAIL[0m [37m› [0m[93mgenerated_state.stSystemOperationsTest.CallRecursiveBomb2Filler.test.CallRecursiveBomb2[0m

      [31m✖ [0mtest failed[0m

 [101mFAIL[0m [37m› [0m[93mgenerated_state.stSystemOperationsTest.CallRecursiveBomb3Filler.test.CallRecursiveBomb3[0m

      [31m✖ [0mtest failed[0m

 [101mFAIL[0m [37m› [0m[93mgenerated_state.stSystemOperationsTest.CallRecursiveBombLog2Filler.test.CallRecursiveBombLog2[0m

      [31m✖ [0mtest failed[0m

 [101mFAIL[0m [37m› [0m[93mgenerated_state.stSystemOperationsTest.CallRecursiveBombLogFiller.test.CallRecursiveBombLog[0m

      [31m✖ [0mtest failed[0m

 [101mFAIL[0m [37m› [0m[93mgenerated_state.stSystemOperationsTest.CallToNameRegistrator0Filler.test.CallToNameRegistrator0[0m

      [31m✖ [0mtest failed[0m

 [101mFAIL[0m [37m› [0m[93mgenerated_state.stSystemOperationsTest.CallToNameRegistratorAddressTooBigLeftFiller.test.CallToNameRegistratorAddressTooBigLeft[0m

      [31m✖ [0mtest failed[0m

 [101mFAIL[0m [37m› [0m[93mgenerated_state.stSystemOperationsTest.CallToNameRegistratorAddressTooBigRightFiller.test.CallToNameRegistratorAddressTooBigRight[0m

      [31m✖ [0mtest failed[0m

 [101mFAIL[0m [37m› [0m[93mgenerated_state.stSystemOperationsTest.CallToNameRegistratorMemOOGAndInsufficientBalanceFiller.test.CallToNameRegistratorMemOOGAndInsufficientBalance[0m

      [31m✖ [0mcrashed with signal 6[0m

 [101mFAIL[0m [37m› [0m[93mgenerated_state.stSystemOperationsTest.CallToNameRegistratorNotMuchMemory0Filler.test.CallToNameRegistratorNotMuchMemory0[0m

      [31m✖ [0mtest failed[0m

 [101mFAIL[0m [37m› [0m[93mgenerated_state.stSystemOperationsTest.CallToNameRegistratorNotMuchMemory1Filler.test.CallToNameRegistratorNotMuchMemory1[0m

      [31m✖ [0mtest failed[0m

 [101mFAIL[0m [37m› [0m[93mgenerated_state.stSystemOperationsTest.CallToNameRegistratorOutOfGasFiller.test.CallToNameRegistratorOutOfGas[0m

      [31m✖ [0mtest failed[0m

 [101mFAIL[0m [37m› [0m[93mgenerated_state.stSystemOperationsTest.CallToNameRegistratorTooMuchMemory0Filler.test.CallToNameRegistratorTooMuchMemory0[0m

      [31m✖ [0mcrashed with signal 6[0m

 [101mFAIL[0m [37m› [0m[93mgenerated_state.stSystemOperationsTest.CallToNameRegistratorTooMuchMemory1Filler.test.CallToNameRegistratorTooMuchMemory1[0m

      [31m✖ [0mtest failed[0m

 [101mFAIL[0m [37m› [0m[93mgenerated_state.stSystemOperationsTest.CallToNameRegistratorTooMuchMemory2Filler.test.CallToNameRegistratorTooMuchMemory2[0m

      [31m✖ [0mtest failed[0m

 [101mFAIL[0m [37m› [0m[93mgenerated_state.stSystemOperationsTest.CallToNameRegistratorZeorSizeMemExpansionFiller.test.CallToNameRegistratorZeorSizeMemExpansion[0m

      [31m✖ [0mtest failed[0m

 [101mFAIL[0m [37m› [0m[93mgenerated_state.stSystemOperationsTest.CallToReturn1Filler.test.CallToReturn1[0m

      [31m✖ [0mtest failed[0m

 [101mFAIL[0m [37m› [0m[93mgenerated_state.stSystemOperationsTest.CallToReturn1ForDynamicJump0Filler.test.CallToReturn1ForDynamicJump0[0m

      [31m✖ [0mtest failed[0m

 [101mFAIL[0m [37m› [0m[93mgenerated_state.stSystemOperationsTest.CallToReturn1ForDynamicJump1Filler.test.CallToReturn1ForDynamicJump1[0m

      [31m✖ [0mtest failed[0m

 [101mFAIL[0m [37m› [0m[93mgenerated_state.stSystemOperationsTest.CalltoReturn2Filler.test.CalltoReturn2[0m

      [31m✖ [0mtest failed[0m

 [101mFAIL[0m [37m› [0m[93mgenerated_state.stSystemOperationsTest.CreateHashCollisionFiller.test.CreateHashCollision[0m

      [31m✖ [0mtest failed[0m

 [101mFAIL[0m [37m› [0m[93mgenerated_state.stSystemOperationsTest.balanceInputAddressTooBigFiller.test.balanceInputAddressTooBig[0m

      [31m✖ [0mtest failed[0m

 [101mFAIL[0m [37m› [0m[93mgenerated_state.stSystemOperationsTest.callcodeTo0Filler.test.callcodeTo0[0m

      [31m✖ [0mtest failed[0m

 [101mFAIL[0m [37m› [0m[93mgenerated_state.stSystemOperationsTest.callcodeToNameRegistratorAddresTooBigLeftFiller.test.callcodeToNameRegistratorAddresTooBigLeft[0m

      [31m✖ [0mtest failed[0m

 [101mFAIL[0m [37m› [0m[93mgenerated_state.stSystemOperationsTest.callcodeToNameRegistratorZeroMemExpanionFiller.test.callcodeToNameRegistratorZeroMemExpanion[0m

      [31m✖ [0mtest failed[0m

 [101mFAIL[0m [37m› [0m[93mgenerated_state.stSystemOperationsTest.callcodeToReturn1Filler.test.callcodeToReturn1[0m

      [31m✖ [0mtest failed[0m

 [101mFAIL[0m [37m› [0m[93mgenerated_state.stSystemOperationsTest.callerAccountBalanceFiller.test.callerAccountBalance[0m

      [31m✖ [0mtest failed[0m

 [101mFAIL[0m [37m› [0m[93mgenerated_state.stSystemOperationsTest.createNameRegistratorFiller.test.createNameRegistrator[0m

      [31m✖ [0mtest failed[0m

 [101mFAIL[0m [37m› [0m[93mgenerated_state.stSystemOperationsTest.createNameRegistratorOutOfMemoryBonds0Filler.test.createNameRegistratorOutOfMemoryBonds0[0m

      [31m✖ [0mtest failed[0m

 [101mFAIL[0m [37m› [0m[93mgenerated_state.stSystemOperationsTest.createNameRegistratorOutOfMemoryBonds1Filler.test.createNameRegistratorOutOfMemoryBonds1[0m

      [31m✖ [0mtest failed[0m

 [101mFAIL[0m [37m› [0m[93mgenerated_state.stSystemOperationsTest.createNameRegistratorZeroMem2Filler.test.createNameRegistratorZeroMem2[0m

      [31m✖ [0mtest failed[0m

 [101mFAIL[0m [37m› [0m[93mgenerated_state.stSystemOperationsTest.createNameRegistratorZeroMemExpansionFiller.test.createNameRegistratorZeroMemExpansion[0m

      [31m✖ [0mtest failed[0m

 [101mFAIL[0m [37m› [0m[93mgenerated_state.stSystemOperationsTest.createNameRegistratorZeroMemFiller.test.createNameRegistratorZeroMem[0m

      [31m✖ [0mtest failed[0m

 [101mFAIL[0m [37m› [0m[93mgenerated_state.stSystemOperationsTest.createWithInvalidOpcodeFiller.test.createWithInvalidOpcode[0m

      [31m✖ [0mtest failed[0m

 [101mFAIL[0m [37m› [0m[93mgenerated_state.stSystemOperationsTest.currentAccountBalanceFiller.test.currentAccountBalance[0m

      [31m✖ [0mtest failed[0m

 [101mFAIL[0m [37m› [0m[93mgenerated_state.stSystemOperationsTest.suicideAddressFiller.test.suicideAddress[0m

      [31m✖ [0mtest failed[0m

 [101mFAIL[0m [37m› [0m[93mgenerated_state.stSystemOperationsTest.suicideCallerAddresTooBigLeftFiller.test.suicideCallerAddresTooBigLeft[0m

      [31m✖ [0mtest failed[0m

 [101mFAIL[0m [37m› [0m[93mgenerated_state.stSystemOperationsTest.suicideCallerAddresTooBigRightFiller.test.suicideCallerAddresTooBigRight[0m

      [31m✖ [0mtest failed[0m

 [101mFAIL[0m [37m› [0m[93mgenerated_state.stSystemOperationsTest.suicideCallerFiller.test.suicideCaller[0m

      [31m✖ [0mtest failed[0m

 [101mFAIL[0m [37m› [0m[93mgenerated_state.stSystemOperationsTest.suicideNotExistingAccountFiller.test.suicideNotExistingAccount[0m

      [31m✖ [0mtest failed[0m

 [101mFAIL[0m [37m› [0m[93mgenerated_state.stSystemOperationsTest.suicideOriginFiller.test.suicideOrigin[0m

      [31m✖ [0mtest failed[0m

 [101mFAIL[0m [37m› [0m[93mgenerated_state.stSystemOperationsTest.suicideSendEtherPostDeathFiller.test.suicideSendEtherPostDeath[0m

      [31m✖ [0mtest failed[0m

 [101mFAIL[0m [37m› [0m[93mgenerated_state.stSystemOperationsTest.suicideSendEtherToMeFiller.test.suicideSendEtherToMe[0m

      [31m✖ [0mtest failed[0m

 [101mFAIL[0m [37m› [0m[93mgenerated_state.stSystemOperationsTest.testRandomTestFiller.test.testRandomTest[0m

      [31m✖ [0mtest failed[0m

 [101mFAIL[0m [37m› [0m[93mgenerated_state.stTimeConsuming.sstore_combinations_initial00_2_ParisFiller.test.sstore_combinations_initial00_2_Paris[0m

      [31m✖ [0mtest failed[0m

 [101mFAIL[0m [37m› [0m[93mgenerated_state.stTimeConsuming.sstore_combinations_initial00_ParisFiller.test.sstore_combinations_initial00_Paris[0m

      [31m✖ [0mtest failed[0m

 [101mFAIL[0m [37m› [0m[93mgenerated_state.stTimeConsuming.sstore_combinations_initial01_2_ParisFiller.test.sstore_combinations_initial01_2_Paris[0m

      [31m✖ [0mtest failed[0m

 [101mFAIL[0m [37m› [0m[93mgenerated_state.stTimeConsuming.sstore_combinations_initial01_ParisFiller.test.sstore_combinations_initial01_Paris[0m

      [31m✖ [0mtest failed[0m

 [101mFAIL[0m [37m› [0m[93mgenerated_state.stTimeConsuming.sstore_combinations_initial10_2_ParisFiller.test.sstore_combinations_initial10_2_Paris[0m

      [31m✖ [0mtest failed[0m

 [101mFAIL[0m [37m› [0m[93mgenerated_state.stTimeConsuming.sstore_combinations_initial10_ParisFiller.test.sstore_combinations_initial10_Paris[0m

      [31m✖ [0mtest failed[0m

 [101mFAIL[0m [37m› [0m[93mgenerated_state.stTimeConsuming.sstore_combinations_initial11_2_ParisFiller.test.sstore_combinations_initial11_2_Paris[0m

      [31m✖ [0mtest failed[0m

 [101mFAIL[0m [37m› [0m[93mgenerated_state.stTimeConsuming.sstore_combinations_initial11_ParisFiller.test.sstore_combinations_initial11_Paris[0m

      [31m✖ [0mtest failed[0m

 [101mFAIL[0m [37m› [0m[93mgenerated_state.stTimeConsuming.sstore_combinations_initial20_2_ParisFiller.test.sstore_combinations_initial20_2_Paris[0m

      [31m✖ [0mtest failed[0m

 [101mFAIL[0m [37m› [0m[93mgenerated_state.stTimeConsuming.sstore_combinations_initial20_ParisFiller.test.sstore_combinations_initial20_Paris[0m

      [31m✖ [0mtest failed[0m

 [101mFAIL[0m [37m› [0m[93mgenerated_state.stTimeConsuming.sstore_combinations_initial21_2_ParisFiller.test.sstore_combinations_initial21_2_Paris[0m

      [31m✖ [0mtest failed[0m

 [101mFAIL[0m [37m› [0m[93mgenerated_state.stTimeConsuming.sstore_combinations_initial21_ParisFiller.test.sstore_combinations_initial21_Paris[0m

      [31m✖ [0mtest failed[0m

 [101mFAIL[0m [37m› [0m[93mgenerated_state.stTransactionTest.InternalCallStoreClearsOOGFiller.test.InternalCallStoreClearsOOG[0m

      [31m✖ [0mtest failed[0m

 [101mFAIL[0m [37m› [0m[93mgenerated_state.stTransactionTest.Opcodes_TransactionInitFiller.test.Opcodes_TransactionInit[0m

      [31m✖ [0mtest failed[0m

 [101mFAIL[0m [37m› [0m[93mgenerated_state.stTransactionTest.OverflowGasRequire2Filler.test.OverflowGasRequire2[0m

      [31m✖ [0mtest failed[0m

 [101mFAIL[0m [37m› [0m[93mgenerated_state.stTransactionTest.StoreClearsAndInternalCallStoreClearsOOGFiller.test.StoreClearsAndInternalCallStoreClearsOOG[0m

      [31m✖ [0mtest failed[0m

 [101mFAIL[0m [37m› [0m[93mgenerated_state.stTransactionTest.StoreClearsAndInternalCallStoreClearsSuccessFiller.test.StoreClearsAndInternalCallStoreClearsSuccess[0m

      [31m✖ [0mtest failed[0m

 [101mFAIL[0m [37m› [0m[93mgenerated_state.stTransactionTest.StoreGasOnCreateFiller.test.StoreGasOnCreate[0m

      [31m✖ [0mtest failed[0m

 [101mFAIL[0m [37m› [0m[93mgenerated_state.stTransactionTest.SuicidesAndInternalCallSuicidesSuccessFiller.test.SuicidesAndInternalCallSuicidesSuccess[0m

      [31m✖ [0mtest failed[0m

 [101mFAIL[0m [37m› [0m[93mgenerated_state.stTransitionTest.delegatecallAfterTransitionFiller.test.delegatecallAfterTransition[0m

      [31m✖ [0mtest failed[0m

 [101mFAIL[0m [37m› [0m[93mgenerated_state.stTransitionTest.delegatecallAtTransitionFiller.test.delegatecallAtTransition[0m

      [31m✖ [0mtest failed[0m

 [101mFAIL[0m [37m› [0m[93mgenerated_state.stTransitionTest.delegatecallBeforeTransitionFiller.test.delegatecallBeforeTransition[0m

      [31m✖ [0mtest failed[0m

 [101mFAIL[0m [37m› [0m[93mgenerated_state.stWalletTest.multiOwnedConstructionNotEnoughGasPartialFiller.test.multiOwnedConstructionNotEnoughGasPartial[0m

      [31m✖ [0mtest failed[0m

 [101mFAIL[0m [37m› [0m[93mgenerated_state.stWalletTest.walletConstructionOOGFiller.test.walletConstructionOOG[0m

      [31m✖ [0mtest failed[0m

 [101mFAIL[0m [37m› [0m[93mgenerated_state.stZeroCallsRevert.ZeroValue_CALLCODE_OOGRevertFiller.test.ZeroValue_CALLCODE_OOGRevert[0m

      [31m✖ [0mtest failed[0m

 [101mFAIL[0m [37m› [0m[93mgenerated_state.stZeroCallsRevert.ZeroValue_CALLCODE_ToEmpty_OOGRevert_ParisFiller.test.ZeroValue_CALLCODE_ToEmpty_OOGRevert_Paris[0m

      [31m✖ [0mtest failed[0m

 [101mFAIL[0m [37m› [0m[93mgenerated_state.stZeroCallsRevert.ZeroValue_CALLCODE_ToNonZeroBalance_OOGRevertFiller.test.ZeroValue_CALLCODE_ToNonZeroBalance_OOGRevert[0m

      [31m✖ [0mtest failed[0m

 [101mFAIL[0m [37m› [0m[93mgenerated_state.stZeroCallsRevert.ZeroValue_CALLCODE_ToOneStorageKey_OOGRevert_ParisFiller.test.ZeroValue_CALLCODE_ToOneStorageKey_OOGRevert_Paris[0m

      [31m✖ [0mtest failed[0m

 [101mFAIL[0m [37m› [0m[93mgenerated_state.stZeroCallsRevert.ZeroValue_CALL_OOGRevertFiller.test.ZeroValue_CALL_OOGRevert[0m

      [31m✖ [0mtest failed[0m

 [101mFAIL[0m [37m› [0m[93mgenerated_state.stZeroCallsRevert.ZeroValue_CALL_ToEmpty_OOGRevert_ParisFiller.test.ZeroValue_CALL_ToEmpty_OOGRevert_Paris[0m

      [31m✖ [0mtest failed[0m

 [101mFAIL[0m [37m› [0m[93mgenerated_state.stZeroCallsRevert.ZeroValue_CALL_ToNonZeroBalance_OOGRevertFiller.test.ZeroValue_CALL_ToNonZeroBalance_OOGRevert[0m

      [31m✖ [0mtest failed[0m

 [101mFAIL[0m [37m› [0m[93mgenerated_state.stZeroCallsRevert.ZeroValue_CALL_ToOneStorageKey_OOGRevert_ParisFiller.test.ZeroValue_CALL_ToOneStorageKey_OOGRevert_Paris[0m

      [31m✖ [0mtest failed[0m

 [101mFAIL[0m [37m› [0m[93mgenerated_state.stZeroCallsRevert.ZeroValue_DELEGATECALL_OOGRevertFiller.test.ZeroValue_DELEGATECALL_OOGRevert[0m

      [31m✖ [0mtest failed[0m

 [101mFAIL[0m [37m› [0m[93mgenerated_state.stZeroCallsRevert.ZeroValue_DELEGATECALL_ToEmpty_OOGRevert_ParisFiller.test.ZeroValue_DELEGATECALL_ToEmpty_OOGRevert_Paris[0m

      [31m✖ [0mtest failed[0m

 [101mFAIL[0m [37m› [0m[93mgenerated_state.stZeroCallsRevert.ZeroValue_DELEGATECALL_ToNonZeroBalance_OOGRevertFiller.test.ZeroValue_DELEGATECALL_ToNonZeroBalance_OOGRevert[0m

      [31m✖ [0mtest failed[0m

 [101mFAIL[0m [37m› [0m[93mgenerated_state.stZeroCallsRevert.ZeroValue_DELEGATECALL_ToOneStorageKey_OOGRevert_ParisFiller.test.ZeroValue_DELEGATECALL_ToOneStorageKey_OOGRevert_Paris[0m

      [31m✖ [0mtest failed[0m

 [101mFAIL[0m [37m› [0m[93mgenerated_state.stZeroKnowledge.ecmul_1-2_2_28000_128Filler.test.ecmul_1_2_2_28000_128[0m

      [31m✖ [0mtest failed[0m

 [101mFAIL[0m [37m› [0m[93mgenerated_state.stZeroKnowledge.ecmul_1-2_2_28000_96Filler.test.ecmul_1_2_2_28000_96[0m

      [31m✖ [0mtest failed[0m

 [101mFAIL[0m [37m› [0m[93mgenerated_state.stZeroKnowledge.ecmul_1-2_340282366920938463463374607431768211456_21000_128Filler.test.ecmul_1_2_340282366920938463463374607431768211456_21000_128[0m

      [31m✖ [0mtest failed[0m

 [101mFAIL[0m [37m› [0m[93mgenerated_state.stZeroKnowledge.ecmul_1-2_340282366920938463463374607431768211456_21000_80Filler.test.ecmul_1_2_340282366920938463463374607431768211456_21000_80[0m

      [31m✖ [0mtest failed[0m

 [101mFAIL[0m [37m› [0m[93mgenerated_state.stZeroKnowledge.ecmul_1-2_340282366920938463463374607431768211456_21000_96Filler.test.ecmul_1_2_340282366920938463463374607431768211456_21000_96[0m

      [31m✖ [0mtest failed[0m

 [101mFAIL[0m [37m› [0m[93mgenerated_state.stZeroKnowledge.ecmul_1-2_340282366920938463463374607431768211456_28000_128Filler.test.ecmul_1_2_340282366920938463463374607431768211456_28000_128[0m

      [31m✖ [0mtest failed[0m

 [101mFAIL[0m [37m› [0m[93mgenerated_state.stZeroKnowledge.ecmul_1-2_340282366920938463463374607431768211456_28000_80Filler.test.ecmul_1_2_340282366920938463463374607431768211456_28000_80[0m

      [31m✖ [0mtest failed[0m

 [101mFAIL[0m [37m› [0m[93mgenerated_state.stZeroKnowledge.ecmul_1-2_340282366920938463463374607431768211456_28000_96Filler.test.ecmul_1_2_340282366920938463463374607431768211456_28000_96[0m

      [31m✖ [0mtest failed[0m

 [101mFAIL[0m [37m› [0m[93mgenerated_state.stZeroKnowledge.ecmul_1-2_5616_21000_128Filler.test.ecmul_1_2_5616_21000_128[0m

      [31m✖ [0mtest failed[0m

 [101mFAIL[0m [37m› [0m[93mgenerated_state.stZeroKnowledge.ecmul_1-2_5616_21000_96Filler.test.ecmul_1_2_5616_21000_96[0m

      [31m✖ [0mtest failed[0m

 [101mFAIL[0m [37m› [0m[93mgenerated_state.stZeroKnowledge.ecmul_1-2_5616_28000_128Filler.test.ecmul_1_2_5616_28000_128[0m

      [31m✖ [0mtest failed[0m

 [101mFAIL[0m [37m› [0m[93mgenerated_state.stZeroKnowledge.ecmul_1-2_5617_21000_128Filler.test.ecmul_1_2_5617_21000_128[0m

      [31m✖ [0mtest failed[0m

 [101mFAIL[0m [37m› [0m[93mgenerated_state.stZeroKnowledge.ecmul_1-2_5617_21000_96Filler.test.ecmul_1_2_5617_21000_96[0m

      [31m✖ [0mtest failed[0m

 [101mFAIL[0m [37m› [0m[93mgenerated_state.stZeroKnowledge.ecmul_1-2_616_28000_96Filler.test.ecmul_1_2_616_28000_96[0m

      [31m✖ [0mtest failed[0m

 [101mFAIL[0m [37m› [0m[93mgenerated_state.stZeroKnowledge.ecmul_1-2_9935_21000_128Filler.test.ecmul_1_2_9935_21000_128[0m

      [31m✖ [0mtest failed[0m

 [101mFAIL[0m [37m› [0m[93mgenerated_state.stZeroKnowledge.ecmul_1-2_9935_21000_96Filler.test.ecmul_1_2_9935_21000_96[0m

      [31m✖ [0mtest failed[0m

 [101mFAIL[0m [37m› [0m[93mgenerated_state.stZeroKnowledge.ecmul_1-2_9935_28000_128Filler.test.ecmul_1_2_9935_28000_128[0m

      [31m✖ [0mtest failed[0m

 [101mFAIL[0m [37m› [0m[93mgenerated_state.stZeroKnowledge.ecmul_1-2_9935_28000_96Filler.test.ecmul_1_2_9935_28000_96[0m

      [31m✖ [0mtest failed[0m

 [101mFAIL[0m [37m› [0m[93mgenerated_state.stZeroKnowledge.ecmul_1-2_9_21000_128Filler.test.ecmul_1_2_9_21000_128[0m

      [31m✖ [0mtest failed[0m

 [101mFAIL[0m [37m› [0m[93mgenerated_state.stZeroKnowledge.ecmul_1-2_9_21000_96Filler.test.ecmul_1_2_9_21000_96[0m

      [31m✖ [0mtest failed[0m

 [101mFAIL[0m [37m› [0m[93mgenerated_state.stZeroKnowledge.ecmul_1-2_9_28000_128Filler.test.ecmul_1_2_9_28000_128[0m

      [31m✖ [0mtest failed[0m

 [101mFAIL[0m [37m› [0m[93mgenerated_state.stZeroKnowledge.ecmul_1-2_9_28000_96Filler.test.ecmul_1_2_9_28000_96[0m

      [31m✖ [0mtest failed[0m

 [101mFAIL[0m [37m› [0m[93mgenerated_state.stZeroKnowledge.ecmul_7827-6598_0_21000_128Filler.test.ecmul_7827_6598_0_21000_128[0m

      [31m✖ [0mtest failed[0m

 [101mFAIL[0m [37m› [0m[93mgenerated_state.stZeroKnowledge.ecmul_7827-6598_0_21000_64Filler.test.ecmul_7827_6598_0_21000_64[0m

      [31m✖ [0mtest failed[0m

 [101mFAIL[0m [37m› [0m[93mgenerated_state.stZeroKnowledge.ecmul_7827-6598_0_21000_80Filler.test.ecmul_7827_6598_0_21000_80[0m

      [31m✖ [0mtest failed[0m

 [101mFAIL[0m [37m› [0m[93mgenerated_state.stZeroKnowledge.ecmul_7827-6598_0_21000_96Filler.test.ecmul_7827_6598_0_21000_96[0m

      [31m✖ [0mtest failed[0m

 [101mFAIL[0m [37m› [0m[93mgenerated_state.stZeroKnowledge.ecmul_7827-6598_1456_21000_128Filler.test.ecmul_7827_6598_1456_21000_128[0m

      [31m✖ [0mtest failed[0m

 [101mFAIL[0m [37m› [0m[93mgenerated_state.stZeroKnowledge.ecmul_7827-6598_1456_21000_80Filler.test.ecmul_7827_6598_1456_21000_80[0m

      [31m✖ [0mtest failed[0m

 [101mFAIL[0m [37m› [0m[93mgenerated_state.stZeroKnowledge.ecmul_7827-6598_1456_21000_96Filler.test.ecmul_7827_6598_1456_21000_96[0m

      [31m✖ [0mtest failed[0m

 [101mFAIL[0m [37m› [0m[93mgenerated_state.stZeroKnowledge.ecmul_7827-6598_1456_28000_128Filler.test.ecmul_7827_6598_1456_28000_128[0m

      [31m✖ [0mtest failed[0m

 [101mFAIL[0m [37m› [0m[93mgenerated_state.stZeroKnowledge.ecmul_7827-6598_1456_28000_80Filler.test.ecmul_7827_6598_1456_28000_80[0m

      [31m✖ [0mtest failed[0m

 [101mFAIL[0m [37m› [0m[93mgenerated_state.stZeroKnowledge.ecmul_7827-6598_1456_28000_96Filler.test.ecmul_7827_6598_1456_28000_96[0m

      [31m✖ [0mtest failed[0m

 [101mFAIL[0m [37m› [0m[93mgenerated_state.stZeroKnowledge.ecmul_7827-6598_1_21000_128Filler.test.ecmul_7827_6598_1_21000_128[0m

      [31m✖ [0mtest failed[0m

 [101mFAIL[0m [37m› [0m[93mgenerated_state.stZeroKnowledge.ecmul_7827-6598_1_21000_96Filler.test.ecmul_7827_6598_1_21000_96[0m

      [31m✖ [0mtest failed[0m

 [101mFAIL[0m [37m› [0m[93mgenerated_state.stZeroKnowledge.ecmul_7827-6598_1_28000_128Filler.test.ecmul_7827_6598_1_28000_128[0m

      [31m✖ [0mtest failed[0m

 [101mFAIL[0m [37m› [0m[93mgenerated_state.stZeroKnowledge.ecmul_7827-6598_1_28000_96Filler.test.ecmul_7827_6598_1_28000_96[0m

      [31m✖ [0mtest failed[0m

 [101mFAIL[0m [37m› [0m[93mgenerated_state.stZeroKnowledge.ecmul_7827-6598_2_21000_128Filler.test.ecmul_7827_6598_2_21000_128[0m

      [31m✖ [0mtest failed[0m

 [101mFAIL[0m [37m› [0m[93mgenerated_state.stZeroKnowledge.ecmul_7827-6598_2_21000_96Filler.test.ecmul_7827_6598_2_21000_96[0m

      [31m✖ [0mtest failed[0m

 [101mFAIL[0m [37m› [0m[93mgenerated_state.stZeroKnowledge.ecmul_7827-6598_2_28000_128Filler.test.ecmul_7827_6598_2_28000_128[0m

      [31m✖ [0mtest failed[0m

 [101mFAIL[0m [37m› [0m[93mgenerated_state.stZeroKnowledge.ecmul_7827-6598_2_28000_96Filler.test.ecmul_7827_6598_2_28000_96[0m

      [31m✖ [0mtest failed[0m

 [101mFAIL[0m [37m› [0m[93mgenerated_state.stZeroKnowledge.ecmul_7827-6598_5616_21000_128Filler.test.ecmul_7827_6598_5616_21000_128[0m

      [31m✖ [0mtest failed[0m

 [101mFAIL[0m [37m› [0m[93mgenerated_state.stZeroKnowledge.ecmul_7827-6598_5616_21000_96Filler.test.ecmul_7827_6598_5616_21000_96[0m

      [31m✖ [0mtest failed[0m

 [101mFAIL[0m [37m› [0m[93mgenerated_state.stZeroKnowledge.ecmul_7827-6598_5616_28000_128Filler.test.ecmul_7827_6598_5616_28000_128[0m

      [31m✖ [0mtest failed[0m

 [101mFAIL[0m [37m› [0m[93mgenerated_state.stZeroKnowledge.ecmul_7827-6598_5616_28000_96Filler.test.ecmul_7827_6598_5616_28000_96[0m

      [31m✖ [0mtest failed[0m

 [101mFAIL[0m [37m› [0m[93mgenerated_state.stZeroKnowledge.ecmul_7827-6598_5617_21000_128Filler.test.ecmul_7827_6598_5617_21000_128[0m

      [31m✖ [0mtest failed[0m

 [101mFAIL[0m [37m› [0m[93mgenerated_state.stZeroKnowledge.ecmul_7827-6598_5617_21000_96Filler.test.ecmul_7827_6598_5617_21000_96[0m

      [31m✖ [0mtest failed[0m

 [101mFAIL[0m [37m› [0m[93mgenerated_state.stZeroKnowledge.ecmul_7827-6598_9935_21000_128Filler.test.ecmul_7827_6598_9935_21000_128[0m

      [31m✖ [0mtest failed[0m

 [101mFAIL[0m [37m› [0m[93mgenerated_state.stZeroKnowledge.ecmul_7827-6598_9935_21000_96Filler.test.ecmul_7827_6598_9935_21000_96[0m

      [31m✖ [0mtest failed[0m

 [101mFAIL[0m [37m› [0m[93mgenerated_state.stZeroKnowledge.ecmul_7827-6598_9935_28000_128Filler.test.ecmul_7827_6598_9935_28000_128[0m

      [31m✖ [0mtest failed[0m

 [101mFAIL[0m [37m› [0m[93mgenerated_state.stZeroKnowledge.ecmul_7827-6598_9935_28000_96Filler.test.ecmul_7827_6598_9935_28000_96[0m

      [31m✖ [0mtest failed[0m

 [101mFAIL[0m [37m› [0m[93mgenerated_state.stZeroKnowledge.ecmul_7827-6598_9_21000_128Filler.test.ecmul_7827_6598_9_21000_128[0m

      [31m✖ [0mtest failed[0m

 [101mFAIL[0m [37m› [0m[93mgenerated_state.stZeroKnowledge.ecmul_7827-6598_9_21000_96Filler.test.ecmul_7827_6598_9_21000_96[0m

      [31m✖ [0mtest failed[0m

 [101mFAIL[0m [37m› [0m[93mgenerated_state.stZeroKnowledge.ecmul_7827-6598_9_28000_128Filler.test.ecmul_7827_6598_9_28000_128[0m

      [31m✖ [0mtest failed[0m

 [101mFAIL[0m [37m› [0m[93mgenerated_state.stZeroKnowledge.ecmul_7827-6598_9_28000_96Filler.test.ecmul_7827_6598_9_28000_96[0m

      [31m✖ [0mtest failed[0m

 [101mFAIL[0m [37m› [0m[93mgenerated_state.stZeroKnowledge.ecpairing_empty_dataFiller.test.ecpairing_empty_data[0m

      [31m✖ [0mtest failed[0m

 [101mFAIL[0m [37m› [0m[93mgenerated_state.stZeroKnowledge.ecpairing_empty_data_insufficient_gasFiller.test.ecpairing_empty_data_insufficient_gas[0m

      [31m✖ [0mtest failed[0m

 [101mFAIL[0m [37m› [0m[93mgenerated_state.stZeroKnowledge.ecpairing_one_point_failFiller.test.ecpairing_one_point_fail[0m

      [31m✖ [0mtest failed[0m

 [101mFAIL[0m [37m› [0m[93mgenerated_state.stZeroKnowledge.ecpairing_one_point_with_g1_zeroFiller.test.ecpairing_one_point_with_g1_zero[0m

      [31m✖ [0mtest failed[0m

 [101mFAIL[0m [37m› [0m[93mgenerated_state.stZeroKnowledge.ecpairing_three_point_fail_1Filler.test.ecpairing_three_point_fail_1[0m

      [31m✖ [0mtest failed[0m

 [101mFAIL[0m [37m› [0m[93mgenerated_state.stZeroKnowledge.ecpairing_two_point_fail_1Filler.test.ecpairing_two_point_fail_1[0m

      [31m✖ [0mtest failed[0m

 [101mFAIL[0m [37m› [0m[93mgenerated_state.stZeroKnowledge.ecpairing_two_point_fail_2Filler.test.ecpairing_two_point_fail_2[0m

      [31m✖ [0mtest failed[0m

 [101mFAIL[0m [37m› [0m[93mgenerated_state.stZeroKnowledge.ecpairing_two_point_match_1Filler.test.ecpairing_two_point_match_1[0m

      [31m✖ [0mtest failed[0m

 [101mFAIL[0m [37m› [0m[93mgenerated_state.stZeroKnowledge.ecpairing_two_point_match_5Filler.test.ecpairing_two_point_match_5[0m

      [31m✖ [0mtest failed[0m

 [101mFAIL[0m [37m› [0m[93mgenerated_state.stZeroKnowledge.pairingTestFiller.test.pairingTest[0m

      [31m✖ [0mtest failed[0m

 [101mFAIL[0m [37m› [0m[93mgenerated_state.stZeroKnowledge.pointAddFiller.test.pointAdd[0m

      [31m✖ [0mtest failed[0m

 [101mFAIL[0m [37m› [0m[93mgenerated_state.stZeroKnowledge.pointAddTruncFiller.test.pointAddTrunc[0m

      [31m✖ [0mtest failed[0m

 [101mFAIL[0m [37m› [0m[93mgenerated_state.stZeroKnowledge.pointMulAdd2Filler.test.pointMulAdd2[0m

      [31m✖ [0mtest failed[0m

 [101mFAIL[0m [37m› [0m[93mgenerated_state.stZeroKnowledge.pointMulAddFiller.test.pointMulAdd[0m

      [31m✖ [0mtest failed[0m

 [101mFAIL[0m [37m› [0m[93mgenerated_state.stZeroKnowledge2.ecadd_0-0_0-0_21000_0Filler.test.ecadd_0_0_0_0_21000_0[0m

      [31m✖ [0mtest failed[0m

 [101mFAIL[0m [37m› [0m[93mgenerated_state.stZeroKnowledge2.ecadd_0-0_0-0_21000_128Filler.test.ecadd_0_0_0_0_21000_128[0m

      [31m✖ [0mtest failed[0m

 [101mFAIL[0m [37m› [0m[93mgenerated_state.stZeroKnowledge2.ecadd_0-0_0-0_21000_192Filler.test.ecadd_0_0_0_0_21000_192[0m

      [31m✖ [0mtest failed[0m

 [101mFAIL[0m [37m› [0m[93mgenerated_state.stZeroKnowledge2.ecadd_0-0_0-0_21000_64Filler.test.ecadd_0_0_0_0_21000_64[0m

      [31m✖ [0mtest failed[0m

 [101mFAIL[0m [37m› [0m[93mgenerated_state.stZeroKnowledge2.ecadd_0-0_0-0_21000_80_ParisFiller.test.ecadd_0_0_0_0_21000_80_Paris[0m

      [31m✖ [0mtest failed[0m

 [101mFAIL[0m [37m› [0m[93mgenerated_state.stZeroKnowledge2.ecadd_0-0_1-2_21000_128Filler.test.ecadd_0_0_1_2_21000_128[0m

      [31m✖ [0mtest failed[0m

 [101mFAIL[0m [37m› [0m[93mgenerated_state.stZeroKnowledge2.ecadd_0-0_1-2_21000_192Filler.test.ecadd_0_0_1_2_21000_192[0m

      [31m✖ [0mtest failed[0m

 [101mFAIL[0m [37m› [0m[93mgenerated_state.stZeroKnowledge2.ecadd_0-0_1-2_25000_128Filler.test.ecadd_0_0_1_2_25000_128[0m

      [31m✖ [0mtest failed[0m

 [101mFAIL[0m [37m› [0m[93mgenerated_state.stZeroKnowledge2.ecadd_0-0_1-2_25000_192Filler.test.ecadd_0_0_1_2_25000_192[0m

      [31m✖ [0mtest failed[0m

 [101mFAIL[0m [37m› [0m[93mgenerated_state.stZeroKnowledge2.ecadd_1-2_0-0_21000_128Filler.test.ecadd_1_2_0_0_21000_128[0m

      [31m✖ [0mtest failed[0m

 [101mFAIL[0m [37m› [0m[93mgenerated_state.stZeroKnowledge2.ecadd_1-2_0-0_21000_192Filler.test.ecadd_1_2_0_0_21000_192[0m

      [31m✖ [0mtest failed[0m

 [101mFAIL[0m [37m› [0m[93mgenerated_state.stZeroKnowledge2.ecadd_1-2_0-0_21000_64Filler.test.ecadd_1_2_0_0_21000_64[0m

      [31m✖ [0mtest failed[0m

 [101mFAIL[0m [37m› [0m[93mgenerated_state.stZeroKnowledge2.ecadd_1-2_0-0_25000_128Filler.test.ecadd_1_2_0_0_25000_128[0m

      [31m✖ [0mtest failed[0m

 [101mFAIL[0m [37m› [0m[93mgenerated_state.stZeroKnowledge2.ecadd_1-2_0-0_25000_192Filler.test.ecadd_1_2_0_0_25000_192[0m

      [31m✖ [0mtest failed[0m

 [101mFAIL[0m [37m› [0m[93mgenerated_state.stZeroKnowledge2.ecadd_1-2_0-0_25000_64Filler.test.ecadd_1_2_0_0_25000_64[0m

      [31m✖ [0mtest failed[0m

 [101mFAIL[0m [37m› [0m[93mgenerated_state.stZeroKnowledge2.ecadd_1-2_1-2_21000_128Filler.test.ecadd_1_2_1_2_21000_128[0m

      [31m✖ [0mtest failed[0m

 [101mFAIL[0m [37m› [0m[93mgenerated_state.stZeroKnowledge2.ecadd_1-2_1-2_21000_192Filler.test.ecadd_1_2_1_2_21000_192[0m

      [31m✖ [0mtest failed[0m

 [101mFAIL[0m [37m› [0m[93mgenerated_state.stZeroKnowledge2.ecadd_1-2_1-2_25000_128Filler.test.ecadd_1_2_1_2_25000_128[0m

      [31m✖ [0mtest failed[0m

 [101mFAIL[0m [37m› [0m[93mgenerated_state.stZeroKnowledge2.ecadd_1-2_1-2_25000_192Filler.test.ecadd_1_2_1_2_25000_192[0m

      [31m✖ [0mtest failed[0m

 [101mFAIL[0m [37m› [0m[93mgenerated_state.stZeroKnowledge2.ecadd_1145-3932_1145-4651_21000_192Filler.test.ecadd_1145_3932_1145_4651_21000_192[0m

      [31m✖ [0mtest failed[0m

 [101mFAIL[0m [37m› [0m[93mgenerated_state.stZeroKnowledge2.ecadd_1145-3932_2969-1336_21000_128Filler.test.ecadd_1145_3932_2969_1336_21000_128[0m

      [31m✖ [0mtest failed[0m

 [101mFAIL[0m [37m› [0m[93mgenerated_state.stZeroKnowledge2.ecadd_1145-3932_2969-1336_25000_128Filler.test.ecadd_1145_3932_2969_1336_25000_128[0m

      [31m✖ [0mtest failed[0m

 [101mFAIL[0m [37m› [0m[93mgenerated_state.stZeroKnowledge2.ecmul_0-0_0_21000_0Filler.test.ecmul_0_0_0_21000_0[0m

      [31m✖ [0mtest failed[0m

 [101mFAIL[0m [37m› [0m[93mgenerated_state.stZeroKnowledge2.ecmul_0-0_0_21000_128Filler.test.ecmul_0_0_0_21000_128[0m

      [31m✖ [0mtest failed[0m

 [101mFAIL[0m [37m› [0m[93mgenerated_state.stZeroKnowledge2.ecmul_0-0_0_21000_40Filler.test.ecmul_0_0_0_21000_40[0m

      [31m✖ [0mtest failed[0m

 [101mFAIL[0m [37m› [0m[93mgenerated_state.stZeroKnowledge2.ecmul_0-0_0_21000_64Filler.test.ecmul_0_0_0_21000_64[0m

      [31m✖ [0mtest failed[0m

 [101mFAIL[0m [37m› [0m[93mgenerated_state.stZeroKnowledge2.ecmul_0-0_0_21000_80Filler.test.ecmul_0_0_0_21000_80[0m

      [31m✖ [0mtest failed[0m

 [101mFAIL[0m [37m› [0m[93mgenerated_state.stZeroKnowledge2.ecmul_0-0_0_21000_96Filler.test.ecmul_0_0_0_21000_96[0m

      [31m✖ [0mtest failed[0m

 [101mFAIL[0m [37m› [0m[93mgenerated_state.stZeroKnowledge2.ecmul_0-0_0_28000_96Filler.test.ecmul_0_0_0_28000_96[0m

      [31m✖ [0mtest failed[0m

 [101mFAIL[0m [37m› [0m[93mgenerated_state.stZeroKnowledge2.ecmul_0-0_1_21000_128Filler.test.ecmul_0_0_1_21000_128[0m

      [31m✖ [0mtest failed[0m

 [101mFAIL[0m [37m› [0m[93mgenerated_state.stZeroKnowledge2.ecmul_0-0_1_21000_96Filler.test.ecmul_0_0_1_21000_96[0m

      [31m✖ [0mtest failed[0m

 [101mFAIL[0m [37m› [0m[93mgenerated_state.stZeroKnowledge2.ecmul_0-0_2_21000_128Filler.test.ecmul_0_0_2_21000_128[0m

      [31m✖ [0mtest failed[0m

 [101mFAIL[0m [37m› [0m[93mgenerated_state.stZeroKnowledge2.ecmul_0-0_2_21000_96Filler.test.ecmul_0_0_2_21000_96[0m

      [31m✖ [0mtest failed[0m

 [101mFAIL[0m [37m› [0m[93mgenerated_state.stZeroKnowledge2.ecmul_0-0_2_28000_96Filler.test.ecmul_0_0_2_28000_96[0m

      [31m✖ [0mtest failed[0m

 [101mFAIL[0m [37m› [0m[93mgenerated_state.stZeroKnowledge2.ecmul_0-0_340282366920938463463374607431768211456_21000_128Filler.test.ecmul_0_0_340282366920938463463374607431768211456_21000_128[0m

      [31m✖ [0mtest failed[0m

 [101mFAIL[0m [37m› [0m[93mgenerated_state.stZeroKnowledge2.ecmul_0-0_340282366920938463463374607431768211456_21000_80Filler.test.ecmul_0_0_340282366920938463463374607431768211456_21000_80[0m

      [31m✖ [0mtest failed[0m

 [101mFAIL[0m [37m› [0m[93mgenerated_state.stZeroKnowledge2.ecmul_0-0_340282366920938463463374607431768211456_21000_96Filler.test.ecmul_0_0_340282366920938463463374607431768211456_21000_96[0m

      [31m✖ [0mtest failed[0m

 [101mFAIL[0m [37m› [0m[93mgenerated_state.stZeroKnowledge2.ecmul_0-0_340282366920938463463374607431768211456_28000_128Filler.test.ecmul_0_0_340282366920938463463374607431768211456_28000_128[0m

      [31m✖ [0mtest failed[0m

 [101mFAIL[0m [37m› [0m[93mgenerated_state.stZeroKnowledge2.ecmul_0-0_340282366920938463463374607431768211456_28000_80Filler.test.ecmul_0_0_340282366920938463463374607431768211456_28000_80[0m

      [31m✖ [0mtest failed[0m

 [101mFAIL[0m [37m› [0m[93mgenerated_state.stZeroKnowledge2.ecmul_0-0_340282366920938463463374607431768211456_28000_96Filler.test.ecmul_0_0_340282366920938463463374607431768211456_28000_96[0m

      [31m✖ [0mtest failed[0m

 [101mFAIL[0m [37m› [0m[93mgenerated_state.stZeroKnowledge2.ecmul_0-0_5616_21000_128Filler.test.ecmul_0_0_5616_21000_128[0m

      [31m✖ [0mtest failed[0m

 [101mFAIL[0m [37m› [0m[93mgenerated_state.stZeroKnowledge2.ecmul_0-0_5616_21000_96Filler.test.ecmul_0_0_5616_21000_96[0m

      [31m✖ [0mtest failed[0m

 [101mFAIL[0m [37m› [0m[93mgenerated_state.stZeroKnowledge2.ecmul_0-0_5616_28000_128Filler.test.ecmul_0_0_5616_28000_128[0m

      [31m✖ [0mtest failed[0m

 [101mFAIL[0m [37m› [0m[93mgenerated_state.stZeroKnowledge2.ecmul_0-0_5616_28000_96Filler.test.ecmul_0_0_5616_28000_96[0m

      [31m✖ [0mtest failed[0m

 [101mFAIL[0m [37m› [0m[93mgenerated_state.stZeroKnowledge2.ecmul_0-0_5617_21000_128Filler.test.ecmul_0_0_5617_21000_128[0m

      [31m✖ [0mtest failed[0m

 [101mFAIL[0m [37m› [0m[93mgenerated_state.stZeroKnowledge2.ecmul_0-0_5617_21000_96Filler.test.ecmul_0_0_5617_21000_96[0m

      [31m✖ [0mtest failed[0m

 [101mFAIL[0m [37m› [0m[93mgenerated_state.stZeroKnowledge2.ecmul_0-0_5617_28000_96Filler.test.ecmul_0_0_5617_28000_96[0m

      [31m✖ [0mtest failed[0m

 [101mFAIL[0m [37m› [0m[93mgenerated_state.stZeroKnowledge2.ecmul_0-0_9935_21000_128Filler.test.ecmul_0_0_9935_21000_128[0m

      [31m✖ [0mtest failed[0m

 [101mFAIL[0m [37m› [0m[93mgenerated_state.stZeroKnowledge2.ecmul_0-0_9935_21000_96Filler.test.ecmul_0_0_9935_21000_96[0m

      [31m✖ [0mtest failed[0m

 [101mFAIL[0m [37m› [0m[93mgenerated_state.stZeroKnowledge2.ecmul_0-0_9_21000_128Filler.test.ecmul_0_0_9_21000_128[0m

      [31m✖ [0mtest failed[0m

 [101mFAIL[0m [37m› [0m[93mgenerated_state.stZeroKnowledge2.ecmul_0-0_9_21000_96Filler.test.ecmul_0_0_9_21000_96[0m

      [31m✖ [0mtest failed[0m

 [101mFAIL[0m [37m› [0m[93mgenerated_state.stZeroKnowledge2.ecmul_0-0_9_28000_96Filler.test.ecmul_0_0_9_28000_96[0m

      [31m✖ [0mtest failed[0m

 [101mFAIL[0m [37m› [0m[93mgenerated_state.stZeroKnowledge2.ecmul_1-2_0_21000_128Filler.test.ecmul_1_2_0_21000_128[0m

      [31m✖ [0mtest failed[0m

 [101mFAIL[0m [37m› [0m[93mgenerated_state.stZeroKnowledge2.ecmul_1-2_0_21000_64Filler.test.ecmul_1_2_0_21000_64[0m

      [31m✖ [0mtest failed[0m

 [101mFAIL[0m [37m› [0m[93mgenerated_state.stZeroKnowledge2.ecmul_1-2_0_21000_80Filler.test.ecmul_1_2_0_21000_80[0m

      [31m✖ [0mtest failed[0m

 [101mFAIL[0m [37m› [0m[93mgenerated_state.stZeroKnowledge2.ecmul_1-2_0_21000_96Filler.test.ecmul_1_2_0_21000_96[0m

      [31m✖ [0mtest failed[0m

 [101mFAIL[0m [37m› [0m[93mgenerated_state.stZeroKnowledge2.ecmul_1-2_1_21000_128Filler.test.ecmul_1_2_1_21000_128[0m

      [31m✖ [0mtest failed[0m

 [101mFAIL[0m [37m› [0m[93mgenerated_state.stZeroKnowledge2.ecmul_1-2_1_21000_96Filler.test.ecmul_1_2_1_21000_96[0m

      [31m✖ [0mtest failed[0m

 [101mFAIL[0m [37m› [0m[93mgenerated_state.stZeroKnowledge2.ecmul_1-2_1_28000_128Filler.test.ecmul_1_2_1_28000_128[0m

      [31m✖ [0mtest failed[0m

 [101mFAIL[0m [37m› [0m[93mgenerated_state.stZeroKnowledge2.ecmul_1-2_1_28000_96Filler.test.ecmul_1_2_1_28000_96[0m

      [31m✖ [0mtest failed[0m

 [101mFAIL[0m [37m› [0m[93mgenerated_state.stZeroKnowledge2.ecmul_1-2_2_21000_128Filler.test.ecmul_1_2_2_21000_128[0m

      [31m✖ [0mtest failed[0m

 [101mFAIL[0m [37m› [0m[93mgenerated_state.stZeroKnowledge2.ecmul_1-2_2_21000_96Filler.test.ecmul_1_2_2_21000_96[0m

      [31m✖ [0mtest failed[0m

[2m─────────────────────────────────────────[0m
 [1mSummary[0m
   [1mTests:[0m  [31m995 failed[0m [2m|[0m [32m3424 passed[0m [2m(4419)[0m
[2m─────────────────────────────────────────[0m

[2m─────────────────────────────────────────[0m
 [1mSlowest Tests (10)[0m
[2m─────────────────────────────────────────[0m

 [31m✖[0m [2mgenerated_state.stAttackTest.ContractCreationSpamFiller.ContractCreationSpam[0m [33m41.19 s[0m
 [31m✖[0m [2mgenerated_state.stSpecialTest.JUMPDEST_AttackFiller.JUMPDEST_Attack[0m [33m3.39 s[0m
 [31m✖[0m [2mgenerated_state.stSpecialTest.JUMPDEST_AttackwithJumpFiller.JUMPDEST_AttackwithJump[0m [33m3.26 s[0m
 [31m✖[0m [2mgenerated_state.stCreate2.Create2RecursiveFiller.Create2Recursive[0m [33m1.01 s[0m
 [31m✖[0m [2mgenerated_state.stStaticCall.static_LoopCallsDepthThenRevert3Filler.static_LoopCallsDepthThenRevert3[0m [90m986.44 ms[0m
 [31m✖[0m [2mgenerated_state.stStaticCall.static_LoopCallsDepthThenRevert2Filler.static_LoopCallsDepthThenRevert2[0m [90m964.86 ms[0m
 [31m✖[0m [2mgenerated_state.stMemoryTest.stackLimitPush32_1023Filler.stackLimitPush32_1023[0m [90m865.79 ms[0m
 [31m✖[0m [2mgenerated_state.stMemoryTest.stackLimitPush31_1024Filler.stackLimitPush31_1024[0m [90m822.86 ms[0m
 [31m✖[0m [2mgenerated_state.stMemoryTest.stackLimitGas_1024Filler.stackLimitGas_1024[0m [90m822.12 ms[0m
 [31m✖[0m [2mgenerated_state.stMemoryTest.stackLimitPush31_1025Filler.stackLimitPush31_1025[0m [90m812.73 ms[0m
[2m⎯⎯⎯⎯⎯⎯⎯⎯⎯⎯⎯⎯⎯⎯⎯⎯⎯⎯⎯⎯⎯⎯⎯⎯⎯⎯⎯⎯⎯⎯[0m
 [1mTest Files  [0m[31m1 failed[0m [2m(4419)[0m
      [1mTests  [0m[31m995 failed[0m [2m|[0m [32m3424 passed[0m [2m(4419)[0m
  [1mStart at  [0m[90m18:41:01[0m
   [1mDuration  [0m[33m41.81 s[0m

