assembler.test.compile { } format assembly
generated.ethereum_tests.ethereum-tests.GeneralStateTests.Cancun.stEIP1153-transientStorage.10_revertUndoesStoreAfterReturn.test.GeneralStateTests_Cancun_stEIP1153_transientStorage_10_revertUndoesStoreAfterReturn_json_10_revertUndoesStoreAfterReturn_fork_Cancun_Prague_d0g0v0
generated.ethereum_tests.ethereum-tests.GeneralStateTests.Cancun.stEIP1153-transientStorage.14_revertAfterNestedStaticcall.test.GeneralStateTests_Cancun_stEIP1153_transientStorage_14_revertAfterNestedStaticcall_json_14_revertAfterNestedStaticcall_fork_Cancun_Prague_d0g0v0
generated.ethereum_tests.ethereum-tests.GeneralStateTests.Cancun.stEIP1153-transientStorage.15_tstoreCannotBeDosd.test.GeneralStateTests_Cancun_stEIP1153_transientStorage_15_tstoreCannotBeDosd_json_15_tstoreCannotBeDosd_fork_Cancun_Prague_d0g0v0
generated.ethereum_tests.ethereum-tests.GeneralStateTests.Cancun.stEIP1153-transientStorage.17_tstoreGas.test.GeneralStateTests_Cancun_stEIP1153_transientStorage_17_tstoreGas_json_17_tstoreGas_fork_Cancun_Prague_d0g0v0
generated.ethereum_tests.ethereum-tests.GeneralStateTests.Cancun.stEIP1153-transientStorage.19_oogUndoesTransientStore.test.GeneralStateTests_Cancun_stEIP1153_transientStorage_19_oogUndoesTransientStore_json_19_oogUndoesTransientStore_fork_Cancun_Prague_d0g0v0
generated.ethereum_tests.ethereum-tests.GeneralStateTests.Cancun.stEIP1153-transientStorage.21_tstoreCannotBeDosdOOO.test.GeneralStateTests_Cancun_stEIP1153_transientStorage_21_tstoreCannotBeDosdOOO_json_21_tstoreCannotBeDosdOOO_fork_Cancun_Prague_d0g0v0
generated.ethereum_tests.ethereum-tests.GeneralStateTests.Cancun.stEIP1153-transientStorage.transStorageOK.test.GeneralStateTests_Cancun_stEIP1153_transientStorage_transStorageOK_json_transStorageOK_fork_Cancun_Prague_d_0_15_g0v0
generated.ethereum_tests.ethereum-tests.GeneralStateTests.Cancun.stEIP1153-transientStorage.transStorageReset.test.GeneralStateTests_Cancun_stEIP1153_transientStorage_transStorageReset_json_transStorageReset_fork_Cancun_Prague_d_0_29_g0v0
generated.ethereum_tests.ethereum-tests.GeneralStateTests.Cancun.stEIP4844-blobtransactions.blobhashListBounds10.test.GeneralStateTests_Cancun_stEIP4844_blobtransactions_blobhashListBounds10_json_blobhashListBounds10_fork_Cancun_Prague_d0g0v0
generated.ethereum_tests.ethereum-tests.GeneralStateTests.Cancun.stEIP4844-blobtransactions.blobhashListBounds3.test.GeneralStateTests_Cancun_stEIP4844_blobtransactions_blobhashListBounds3_json_blobhashListBounds3_fork_Cancun_Prague_d0g0v0
generated.ethereum_tests.ethereum-tests.GeneralStateTests.Cancun.stEIP4844-blobtransactions.blobhashListBounds4.test.GeneralStateTests_Cancun_stEIP4844_blobtransactions_blobhashListBounds4_json_blobhashListBounds4_fork_Cancun_Prague_d0g0v0
generated.ethereum_tests.ethereum-tests.GeneralStateTests.Cancun.stEIP4844-blobtransactions.blobhashListBounds5.test.GeneralStateTests_Cancun_stEIP4844_blobtransactions_blobhashListBounds5_json_blobhashListBounds5_fork_Cancun_Prague_d0g0v0
generated.ethereum_tests.ethereum-tests.GeneralStateTests.Cancun.stEIP4844-blobtransactions.blobhashListBounds6.test.GeneralStateTests_Cancun_stEIP4844_blobtransactions_blobhashListBounds6_json_blobhashListBounds6_fork_Cancun_Prague_d0g0v0
generated.ethereum_tests.ethereum-tests.GeneralStateTests.Cancun.stEIP4844-blobtransactions.blobhashListBounds7.test.GeneralStateTests_Cancun_stEIP4844_blobtransactions_blobhashListBounds7_json_blobhashListBounds7_fork_Cancun_Prague_d0g0v0
generated.ethereum_tests.ethereum-tests.GeneralStateTests.Cancun.stEIP4844-blobtransactions.blobhashListBounds8.test.GeneralStateTests_Cancun_stEIP4844_blobtransactions_blobhashListBounds8_json_blobhashListBounds8_fork_Cancun_Prague_d0g0v0
generated.ethereum_tests.ethereum-tests.GeneralStateTests.Cancun.stEIP4844-blobtransactions.blobhashListBounds9.test.GeneralStateTests_Cancun_stEIP4844_blobtransactions_blobhashListBounds9_json_blobhashListBounds9_fork_Cancun_Prague_d0g0v0
generated.ethereum_tests.ethereum-tests.GeneralStateTests.Cancun.stEIP4844-blobtransactions.createBlobhashTx.test.GeneralStateTests_Cancun_stEIP4844_blobtransactions_createBlobhashTx_json_createBlobhashTx_fork_Cancun_Prague_d0g0v0
generated.ethereum_tests.ethereum-tests.GeneralStateTests.Cancun.stEIP4844-blobtransactions.emptyBlobhashList.test.GeneralStateTests_Cancun_stEIP4844_blobtransactions_emptyBlobhashList_json_emptyBlobhashList_fork_Cancun_Prague_d0g0v0
generated.ethereum_tests.ethereum-tests.GeneralStateTests.Cancun.stEIP4844-blobtransactions.opcodeBlobhBounds.test.GeneralStateTests_Cancun_stEIP4844_blobtransactions_opcodeBlobhBounds_json_opcodeBlobhBounds_fork_Cancun_Prague_d0g0v0
generated.ethereum_tests.ethereum-tests.GeneralStateTests.Cancun.stEIP4844-blobtransactions.opcodeBlobhashOutOfRange.test.GeneralStateTests_Cancun_stEIP4844_blobtransactions_opcodeBlobhashOutOfRange_json_opcodeBlobhashOutOfRange_fork_Cancun_Prague_d0g0v0
generated.ethereum_tests.ethereum-tests.GeneralStateTests.Cancun.stEIP4844-blobtransactions.wrongBlobhashVersion.test.GeneralStateTests_Cancun_stEIP4844_blobtransactions_wrongBlobhashVersion_json_wrongBlobhashVersion_fork_Cancun_Prague_d0g0v0
generated.ethereum_tests.ethereum-tests.GeneralStateTests.Cancun.stEIP5656-MCOPY.MCOPY.test.GeneralStateTests_Cancun_stEIP5656_MCOPY_MCOPY_json_MCOPY_fork_Cancun_Prague_d_0_19_g0v0
generated.ethereum_tests.ethereum-tests.GeneralStateTests.Cancun.stEIP5656-MCOPY.MCOPY_copy_cost.test.GeneralStateTests_Cancun_stEIP5656_MCOPY_MCOPY_copy_cost_json_MCOPY_copy_cost_fork_Cancun_Prague_d_0_31_g_0_1_v0
generated.ethereum_tests.ethereum-tests.GeneralStateTests.Cancun.stEIP5656-MCOPY.MCOPY_memory_expansion_cost.test.GeneralStateTests_Cancun_stEIP5656_MCOPY_MCOPY_memory_expansion_cost_json_MCOPY_memory_expansion_cost_fork_Cancun_Prague_d_0_21_g0v0
generated.ethereum_tests.ethereum-tests.GeneralStateTests.Cancun.stEIP5656-MCOPY.MCOPY_memory_hash.test.GeneralStateTests_Cancun_stEIP5656_MCOPY_MCOPY_memory_hash_json_MCOPY_memory_hash_fork_Cancun_Prague_d_0_5_g0v0
generated.ethereum_tests.ethereum-tests.GeneralStateTests.Shanghai.stEIP3651-warmcoinbase.coinbaseWarmAccountCallGas.test.GeneralStateTests_Shanghai_stEIP3651_warmcoinbase_coinbaseWarmAccountCallGas_json_coinbaseWarmAccountCallGas_fork_Cancun_Prague_d_0_7_g0v0
generated.ethereum_tests.ethereum-tests.GeneralStateTests.Shanghai.stEIP3651-warmcoinbase.coinbaseWarmAccountCallGasFail.test.GeneralStateTests_Shanghai_stEIP3651_warmcoinbase_coinbaseWarmAccountCallGasFail_json_coinbaseWarmAccountCallGasFail_fork_Cancun_Prague_d_0_3_g0v0
generated.ethereum_tests.ethereum-tests.GeneralStateTests.Shanghai.stEIP3855-push0.push0.test.GeneralStateTests_Shanghai_stEIP3855_push0_push0_json_push0_fork_Cancun_Prague_d_0_5_g0v0
generated.ethereum_tests.ethereum-tests.GeneralStateTests.Shanghai.stEIP3855-push0.push0Gas.test.GeneralStateTests_Shanghai_stEIP3855_push0_push0Gas_json_push0Gas_fork_Cancun_Prague_d0g0v0
generated.ethereum_tests.ethereum-tests.GeneralStateTests.Shanghai.stEIP3855-push0.push0Gas2.test.GeneralStateTests_Shanghai_stEIP3855_push0_push0Gas2_json_push0Gas2_fork_Cancun_Prague_d_0_1_g0v0
generated.ethereum_tests.ethereum-tests.GeneralStateTests.Shanghai.stEIP3860-limitmeterinitcode.create2InitCodeSizeLimit.test.GeneralStateTests_Shanghai_stEIP3860_limitmeterinitcode_create2InitCodeSizeLimit_json_create2InitCodeSizeLimit_fork_Cancun_Prague_d_0_1_g0v0
generated.ethereum_tests.ethereum-tests.GeneralStateTests.Shanghai.stEIP3860-limitmeterinitcode.createInitCodeSizeLimit.test.GeneralStateTests_Shanghai_stEIP3860_limitmeterinitcode_createInitCodeSizeLimit_json_createInitCodeSizeLimit_fork_Cancun_Prague_d_0_1_g0v0
generated.ethereum_tests.ethereum-tests.GeneralStateTests.Shanghai.stEIP3860-limitmeterinitcode.creationTxInitCodeSizeLimit.test.GeneralStateTests_Shanghai_stEIP3860_limitmeterinitcode_creationTxInitCodeSizeLimit_json_creationTxInitCodeSizeLimit_fork_Cancun_Prague_d_0_1_g0v0
generated.ethereum_tests.ethereum-tests.GeneralStateTests.VMTests.vmArithmeticTest.add.test.GeneralStateTests_VMTests_vmArithmeticTest_add_json_add_fork_Cancun_Prague_d_0_4_g0v0
generated.ethereum_tests.ethereum-tests.GeneralStateTests.VMTests.vmArithmeticTest.addmod.test.GeneralStateTests_VMTests_vmArithmeticTest_addmod_json_addmod_fork_Cancun_Prague_d_0_15_g0v0
generated.ethereum_tests.ethereum-tests.GeneralStateTests.VMTests.vmArithmeticTest.arith.test.GeneralStateTests_VMTests_vmArithmeticTest_arith_json_arith_fork_Cancun_Prague_d0g0v0
generated.ethereum_tests.ethereum-tests.GeneralStateTests.VMTests.vmArithmeticTest.div.test.GeneralStateTests_VMTests_vmArithmeticTest_div_json_div_fork_Cancun_Prague_d_0_7_g0v0
generated.ethereum_tests.ethereum-tests.GeneralStateTests.VMTests.vmArithmeticTest.divByZero.test.GeneralStateTests_VMTests_vmArithmeticTest_divByZero_json_divByZero_fork_Cancun_Prague_d_0_97_g0v0
generated.ethereum_tests.ethereum-tests.GeneralStateTests.VMTests.vmArithmeticTest.exp.test.GeneralStateTests_VMTests_vmArithmeticTest_exp_json_exp_fork_Cancun_Prague_d_0_10_g0v0
generated.ethereum_tests.ethereum-tests.GeneralStateTests.VMTests.vmArithmeticTest.expPower2.test.GeneralStateTests_VMTests_vmArithmeticTest_expPower2_json_expPower2_fork_Cancun_Prague_d0g0v0
generated.ethereum_tests.ethereum-tests.GeneralStateTests.VMTests.vmArithmeticTest.expPower256.test.GeneralStateTests_VMTests_vmArithmeticTest_expPower256_json_expPower256_fork_Cancun_Prague_d0g0v0
generated.ethereum_tests.ethereum-tests.GeneralStateTests.VMTests.vmArithmeticTest.expPower256Of256.test.GeneralStateTests_VMTests_vmArithmeticTest_expPower256Of256_json_expPower256Of256_fork_Cancun_Prague_d0g0v0
generated.ethereum_tests.ethereum-tests.GeneralStateTests.VMTests.vmArithmeticTest.fib.test.GeneralStateTests_VMTests_vmArithmeticTest_fib_json_fib_fork_Cancun_Prague_d0g0v0
generated.ethereum_tests.ethereum-tests.GeneralStateTests.VMTests.vmArithmeticTest.mod.test.GeneralStateTests_VMTests_vmArithmeticTest_mod_json_mod_fork_Cancun_Prague_d_0_5_g0v0
generated.ethereum_tests.ethereum-tests.GeneralStateTests.VMTests.vmArithmeticTest.mul.test.GeneralStateTests_VMTests_vmArithmeticTest_mul_json_mul_fork_Cancun_Prague_d_0_8_g0v0
generated.ethereum_tests.ethereum-tests.GeneralStateTests.VMTests.vmArithmeticTest.mulmod.test.GeneralStateTests_VMTests_vmArithmeticTest_mulmod_json_mulmod_fork_Cancun_Prague_d_0_15_g0v0
generated.ethereum_tests.ethereum-tests.GeneralStateTests.VMTests.vmArithmeticTest.not.test.GeneralStateTests_VMTests_vmArithmeticTest_not_json_not_fork_Cancun_Prague_d0g0v0
generated.ethereum_tests.ethereum-tests.GeneralStateTests.VMTests.vmArithmeticTest.sdiv.test.GeneralStateTests_VMTests_vmArithmeticTest_sdiv_json_sdiv_fork_Cancun_Prague_d_0_16_g0v0
generated.ethereum_tests.ethereum-tests.GeneralStateTests.VMTests.vmArithmeticTest.signextend.test.GeneralStateTests_VMTests_vmArithmeticTest_signextend_json_signextend_fork_Cancun_Prague_d_0_14_g0v0
generated.ethereum_tests.ethereum-tests.GeneralStateTests.VMTests.vmArithmeticTest.smod.test.GeneralStateTests_VMTests_vmArithmeticTest_smod_json_smod_fork_Cancun_Prague_d_0_5_g0v0
generated.ethereum_tests.ethereum-tests.GeneralStateTests.VMTests.vmArithmeticTest.sub.test.GeneralStateTests_VMTests_vmArithmeticTest_sub_json_sub_fork_Cancun_Prague_d_0_4_g0v0
generated.ethereum_tests.ethereum-tests.GeneralStateTests.VMTests.vmArithmeticTest.twoOps.test.GeneralStateTests_VMTests_vmArithmeticTest_twoOps_json_twoOps_fork_Cancun_Prague_d0g0v0
generated.ethereum_tests.ethereum-tests.GeneralStateTests.VMTests.vmBitwiseLogicOperation.and.test.GeneralStateTests_VMTests_vmBitwiseLogicOperation_and_json_and_fork_Cancun_Prague_d_0_4_g0v0
generated.ethereum_tests.ethereum-tests.GeneralStateTests.VMTests.vmBitwiseLogicOperation.byte.test.GeneralStateTests_VMTests_vmBitwiseLogicOperation_byte_json_byte_fork_Cancun_Prague_d_0_11_g0v0
generated.ethereum_tests.ethereum-tests.GeneralStateTests.VMTests.vmBitwiseLogicOperation.eq.test.GeneralStateTests_VMTests_vmBitwiseLogicOperation_eq_json_eq_fork_Cancun_Prague_d_0_2_g0v0
generated.ethereum_tests.ethereum-tests.GeneralStateTests.VMTests.vmBitwiseLogicOperation.gt.test.GeneralStateTests_VMTests_vmBitwiseLogicOperation_gt_json_gt_fork_Cancun_Prague_d_0_3_g0v0
generated.ethereum_tests.ethereum-tests.GeneralStateTests.VMTests.vmBitwiseLogicOperation.iszero.test.GeneralStateTests_VMTests_vmBitwiseLogicOperation_iszero_json_iszero_fork_Cancun_Prague_d_0_2_g0v0
generated.ethereum_tests.ethereum-tests.GeneralStateTests.VMTests.vmBitwiseLogicOperation.lt.test.GeneralStateTests_VMTests_vmBitwiseLogicOperation_lt_json_lt_fork_Cancun_Prague_d_0_3_g0v0
generated.ethereum_tests.ethereum-tests.GeneralStateTests.VMTests.vmBitwiseLogicOperation.not.test.GeneralStateTests_VMTests_vmBitwiseLogicOperation_not_json_not_fork_Cancun_Prague_d_0_5_g0v0
generated.ethereum_tests.ethereum-tests.GeneralStateTests.VMTests.vmBitwiseLogicOperation.or.test.GeneralStateTests_VMTests_vmBitwiseLogicOperation_or_json_or_fork_Cancun_Prague_d_0_5_g0v0
generated.ethereum_tests.ethereum-tests.GeneralStateTests.VMTests.vmBitwiseLogicOperation.sgt.test.GeneralStateTests_VMTests_vmBitwiseLogicOperation_sgt_json_sgt_fork_Cancun_Prague_d_0_3_g0v0
generated.ethereum_tests.ethereum-tests.GeneralStateTests.VMTests.vmBitwiseLogicOperation.slt.test.GeneralStateTests_VMTests_vmBitwiseLogicOperation_slt_json_slt_fork_Cancun_Prague_d_0_3_g0v0
generated.ethereum_tests.ethereum-tests.GeneralStateTests.VMTests.vmBitwiseLogicOperation.xor.test.GeneralStateTests_VMTests_vmBitwiseLogicOperation_xor_json_xor_fork_Cancun_Prague_d_0_5_g0v0
generated.ethereum_tests.ethereum-tests.GeneralStateTests.VMTests.vmIOandFlowOperations.codecopy.test.GeneralStateTests_VMTests_vmIOandFlowOperations_codecopy_json_codecopy_fork_Cancun_Prague_d_0_4_g0v0
generated.ethereum_tests.ethereum-tests.GeneralStateTests.VMTests.vmIOandFlowOperations.gas.test.GeneralStateTests_VMTests_vmIOandFlowOperations_gas_json_gas_fork_Cancun_Prague_d_0_1_g0v0
generated.ethereum_tests.ethereum-tests.GeneralStateTests.VMTests.vmIOandFlowOperations.jump.test.GeneralStateTests_VMTests_vmIOandFlowOperations_jump_json_jump_fork_Cancun_Prague_d_0_16_g0v0
generated.ethereum_tests.ethereum-tests.GeneralStateTests.VMTests.vmIOandFlowOperations.jumpToPush.test.GeneralStateTests_VMTests_vmIOandFlowOperations_jumpToPush_json_jumpToPush_fork_Cancun_Prague_d_0_77_g0v0
generated.ethereum_tests.ethereum-tests.GeneralStateTests.VMTests.vmIOandFlowOperations.jumpi.test.GeneralStateTests_VMTests_vmIOandFlowOperations_jumpi_json_jumpi_fork_Cancun_Prague_d_0_25_g0v0
generated.ethereum_tests.ethereum-tests.GeneralStateTests.VMTests.vmIOandFlowOperations.loop_stacklimit.test.GeneralStateTests_VMTests_vmIOandFlowOperations_loop_stacklimit_json_loop_stacklimit_fork_Cancun_Prague_d_0_1_g0v0
generated.ethereum_tests.ethereum-tests.GeneralStateTests.VMTests.vmIOandFlowOperations.loopsConditionals.test.GeneralStateTests_VMTests_vmIOandFlowOperations_loopsConditionals_json_loopsConditionals_fork_Cancun_Prague_d_0_10_g0v0
generated.ethereum_tests.ethereum-tests.GeneralStateTests.VMTests.vmIOandFlowOperations.mload.test.GeneralStateTests_VMTests_vmIOandFlowOperations_mload_json_mload_fork_Cancun_Prague_d_0_2_g0v0
generated.ethereum_tests.ethereum-tests.GeneralStateTests.VMTests.vmIOandFlowOperations.msize.test.GeneralStateTests_VMTests_vmIOandFlowOperations_msize_json_msize_fork_Cancun_Prague_d_0_5_g0v0
generated.ethereum_tests.ethereum-tests.GeneralStateTests.VMTests.vmIOandFlowOperations.mstore.test.GeneralStateTests_VMTests_vmIOandFlowOperations_mstore_json_mstore_fork_Cancun_Prague_d_0_4_g0v0
generated.ethereum_tests.ethereum-tests.GeneralStateTests.VMTests.vmIOandFlowOperations.mstore8.test.GeneralStateTests_VMTests_vmIOandFlowOperations_mstore8_json_mstore8_fork_Cancun_Prague_d_0_2_g0v0
generated.ethereum_tests.ethereum-tests.GeneralStateTests.VMTests.vmIOandFlowOperations.pc.test.GeneralStateTests_VMTests_vmIOandFlowOperations_pc_json_pc_fork_Cancun_Prague_d_0_1_g0v0
generated.ethereum_tests.ethereum-tests.GeneralStateTests.VMTests.vmIOandFlowOperations.pop.test.GeneralStateTests_VMTests_vmIOandFlowOperations_pop_json_pop_fork_Cancun_Prague_d_0_1_g0v0
generated.ethereum_tests.ethereum-tests.GeneralStateTests.VMTests.vmIOandFlowOperations.return.test.GeneralStateTests_VMTests_vmIOandFlowOperations_return_json_return_fork_Cancun_Prague_d_0_4_g0v0
generated.ethereum_tests.ethereum-tests.GeneralStateTests.VMTests.vmIOandFlowOperations.sstore_sload.test.GeneralStateTests_VMTests_vmIOandFlowOperations_sstore_sload_json_sstore_sload_fork_Cancun_Prague_d_0_2_g0v0
generated.ethereum_tests.ethereum-tests.GeneralStateTests.VMTests.vmLogTest.log0.test.GeneralStateTests_VMTests_vmLogTest_log0_json_log0_fork_Cancun_Prague_d_0_7_g0v0
generated.ethereum_tests.ethereum-tests.GeneralStateTests.VMTests.vmLogTest.log1.test.GeneralStateTests_VMTests_vmLogTest_log1_json_log1_fork_Cancun_Prague_d_0_8_g0v0
generated.ethereum_tests.ethereum-tests.GeneralStateTests.VMTests.vmLogTest.log2.test.GeneralStateTests_VMTests_vmLogTest_log2_json_log2_fork_Cancun_Prague_d_0_8_g0v0
generated.ethereum_tests.ethereum-tests.GeneralStateTests.VMTests.vmLogTest.log3.test.GeneralStateTests_VMTests_vmLogTest_log3_json_log3_fork_Cancun_Prague_d_0_9_g0v0
generated.ethereum_tests.ethereum-tests.GeneralStateTests.VMTests.vmLogTest.log4.test.GeneralStateTests_VMTests_vmLogTest_log4_json_log4_fork_Cancun_Prague_d_0_9_g0v0
generated.ethereum_tests.ethereum-tests.GeneralStateTests.VMTests.vmPerformance.loopExp.test.GeneralStateTests_VMTests_vmPerformance_loopExp_json_loopExp_fork_Cancun_Prague_d_0_14_g0v0
generated.ethereum_tests.ethereum-tests.GeneralStateTests.VMTests.vmPerformance.loopMul.test.GeneralStateTests_VMTests_vmPerformance_loopMul_json_loopMul_fork_Cancun_Prague_d_0_2_g0v0
generated.ethereum_tests.ethereum-tests.GeneralStateTests.VMTests.vmPerformance.performanceTester.test.GeneralStateTests_VMTests_vmPerformance_performanceTester_json_performanceTester_fork_Cancun_Prague_d_0_4_g0v0
generated.ethereum_tests.ethereum-tests.GeneralStateTests.VMTests.vmTests.blockInfo.test.GeneralStateTests_VMTests_vmTests_blockInfo_json_blockInfo_fork_Cancun_Prague_d_0_4_g0v0
generated.ethereum_tests.ethereum-tests.GeneralStateTests.VMTests.vmTests.calldataload.test.GeneralStateTests_VMTests_vmTests_calldataload_json_calldataload_fork_Cancun_Prague_d_0_2_g0v0
generated.ethereum_tests.ethereum-tests.GeneralStateTests.VMTests.vmTests.calldatasize.test.GeneralStateTests_VMTests_vmTests_calldatasize_json_calldatasize_fork_Cancun_Prague_d_0_19_g0v0
generated.ethereum_tests.ethereum-tests.GeneralStateTests.VMTests.vmTests.envInfo.test.GeneralStateTests_VMTests_vmTests_envInfo_json_envInfo_fork_Cancun_Prague_d_0_9_g0v0
generated.ethereum_tests.ethereum-tests.GeneralStateTests.VMTests.vmTests.random.test.GeneralStateTests_VMTests_vmTests_random_json_random_fork_Cancun_Prague_d_0_5_g0v0
generated.ethereum_tests.ethereum-tests.GeneralStateTests.VMTests.vmTests.sha3.test.GeneralStateTests_VMTests_vmTests_sha3_json_sha3_fork_Cancun_Prague_d_0_16_g0v0
generated.ethereum_tests.ethereum-tests.GeneralStateTests.VMTests.vmTests.suicide.test.GeneralStateTests_VMTests_vmTests_suicide_json_suicide_fork_Cancun_Prague_d_0_2_g0v0
generated.ethereum_tests.ethereum-tests.GeneralStateTests.VMTests.vmTests.swap.test.GeneralStateTests_VMTests_vmTests_swap_json_swap_fork_Cancun_Prague_d_0_15_g0v0
generated.ethereum_tests.ethereum-tests.GeneralStateTests.stArgsZeroOneBalance.addNonConst.test.GeneralStateTests_stArgsZeroOneBalance_addNonConst_json_addNonConst_fork_Cancun_Prague_d0g0v_0_1_
generated.ethereum_tests.ethereum-tests.GeneralStateTests.stArgsZeroOneBalance.addmodNonConst.test.GeneralStateTests_stArgsZeroOneBalance_addmodNonConst_json_addmodNonConst_fork_Cancun_Prague_d0g0v_0_1_
generated.ethereum_tests.ethereum-tests.GeneralStateTests.stArgsZeroOneBalance.andNonConst.test.GeneralStateTests_stArgsZeroOneBalance_andNonConst_json_andNonConst_fork_Cancun_Prague_d0g0v_0_1_
generated.ethereum_tests.ethereum-tests.GeneralStateTests.stArgsZeroOneBalance.balanceNonConst.test.GeneralStateTests_stArgsZeroOneBalance_balanceNonConst_json_balanceNonConst_fork_Cancun_Prague_d0g0v_0_1_
generated.ethereum_tests.ethereum-tests.GeneralStateTests.stArgsZeroOneBalance.byteNonConst.test.GeneralStateTests_stArgsZeroOneBalance_byteNonConst_json_byteNonConst_fork_Cancun_Prague_d0g0v_0_1_
generated.ethereum_tests.ethereum-tests.GeneralStateTests.stArgsZeroOneBalance.callNonConst.test.GeneralStateTests_stArgsZeroOneBalance_callNonConst_json_callNonConst_fork_Cancun_Prague_d0g0v_0_1_
generated.ethereum_tests.ethereum-tests.GeneralStateTests.stArgsZeroOneBalance.callcodeNonConst.test.GeneralStateTests_stArgsZeroOneBalance_callcodeNonConst_json_callcodeNonConst_fork_Cancun_Prague_d0g0v_0_1_
generated.ethereum_tests.ethereum-tests.GeneralStateTests.stArgsZeroOneBalance.calldatacopyNonConst.test.GeneralStateTests_stArgsZeroOneBalance_calldatacopyNonConst_json_calldatacopyNonConst_fork_Cancun_Prague_d_0_1_g0v_0_1_
generated.ethereum_tests.ethereum-tests.GeneralStateTests.stArgsZeroOneBalance.calldataloadNonConst.test.GeneralStateTests_stArgsZeroOneBalance_calldataloadNonConst_json_calldataloadNonConst_fork_Cancun_Prague_d_0_1_g0v_0_1_
generated.ethereum_tests.ethereum-tests.GeneralStateTests.stArgsZeroOneBalance.codecopyNonConst.test.GeneralStateTests_stArgsZeroOneBalance_codecopyNonConst_json_codecopyNonConst_fork_Cancun_Prague_d0g0v_0_1_
generated.ethereum_tests.ethereum-tests.GeneralStateTests.stArgsZeroOneBalance.createNonConst.test.GeneralStateTests_stArgsZeroOneBalance_createNonConst_json_createNonConst_fork_Cancun_Prague_d0g0v_0_1_
generated.ethereum_tests.ethereum-tests.GeneralStateTests.stArgsZeroOneBalance.delegatecallNonConst.test.GeneralStateTests_stArgsZeroOneBalance_delegatecallNonConst_json_delegatecallNonConst_fork_Cancun_Prague_d0g0v_0_1_
generated.ethereum_tests.ethereum-tests.GeneralStateTests.stArgsZeroOneBalance.divNonConst.test.GeneralStateTests_stArgsZeroOneBalance_divNonConst_json_divNonConst_fork_Cancun_Prague_d0g0v_0_1_      ✖ test failed
generated.ethereum_tests.ethereum-tests.GeneralStateTests.stArgsZeroOneBalance.eqNonConst.test.GeneralStateTests_stArgsZeroOneBalance_eqNonConst_json_eqNonConst_fork_Cancun_Prague_d0g0v_0_1_
generated.ethereum_tests.ethereum-tests.GeneralStateTests.stArgsZeroOneBalance.expNonConst.test.GeneralStateTests_stArgsZeroOneBalance_expNonConst_json_expNonConst_fork_Cancun_Prague_d0g0v_0_1_
generated.ethereum_tests.ethereum-tests.GeneralStateTests.stArgsZeroOneBalance.extcodecopyNonConst.test.GeneralStateTests_stArgsZeroOneBalance_extcodecopyNonConst_json_extcodecopyNonConst_fork_Cancun_Prague_d0g0v_0_1_
generated.ethereum_tests.ethereum-tests.GeneralStateTests.stArgsZeroOneBalance.extcodesizeNonConst.test.GeneralStateTests_stArgsZeroOneBalance_extcodesizeNonConst_json_extcodesizeNonConst_fork_Cancun_Prague_d0g0v_0_1_
generated.ethereum_tests.ethereum-tests.GeneralStateTests.stArgsZeroOneBalance.gtNonConst.test.GeneralStateTests_stArgsZeroOneBalance_gtNonConst_json_gtNonConst_fork_Cancun_Prague_d0g0v_0_1_
generated.ethereum_tests.ethereum-tests.GeneralStateTests.stArgsZeroOneBalance.iszeroNonConst.test.GeneralStateTests_stArgsZeroOneBalance_iszeroNonConst_json_iszeroNonConst_fork_Cancun_Prague_d0g0v_0_1_
generated.ethereum_tests.ethereum-tests.GeneralStateTests.stArgsZeroOneBalance.jumpNonConst.test.GeneralStateTests_stArgsZeroOneBalance_jumpNonConst_json_jumpNonConst_fork_Cancun_Prague_d0g0v_0_1_
generated.ethereum_tests.ethereum-tests.GeneralStateTests.stArgsZeroOneBalance.jumpiNonConst.test.GeneralStateTests_stArgsZeroOneBalance_jumpiNonConst_json_jumpiNonConst_fork_Cancun_Prague_d0g0v_0_1_
generated.ethereum_tests.ethereum-tests.GeneralStateTests.stArgsZeroOneBalance.log0NonConst.test.GeneralStateTests_stArgsZeroOneBalance_log0NonConst_json_log0NonConst_fork_Cancun_Prague_d0g0v_0_1_
generated.ethereum_tests.ethereum-tests.GeneralStateTests.stArgsZeroOneBalance.log1NonConst.test.GeneralStateTests_stArgsZeroOneBalance_log1NonConst_json_log1NonConst_fork_Cancun_Prague_d0g0v_0_1_
generated.ethereum_tests.ethereum-tests.GeneralStateTests.stArgsZeroOneBalance.log2NonConst.test.GeneralStateTests_stArgsZeroOneBalance_log2NonConst_json_log2NonConst_fork_Cancun_Prague_d0g0v_0_1_
generated.ethereum_tests.ethereum-tests.GeneralStateTests.stArgsZeroOneBalance.log3NonConst.test.GeneralStateTests_stArgsZeroOneBalance_log3NonConst_json_log3NonConst_fork_Cancun_Prague_d0g0v_0_1_
generated.ethereum_tests.ethereum-tests.GeneralStateTests.stArgsZeroOneBalance.ltNonConst.test.GeneralStateTests_stArgsZeroOneBalance_ltNonConst_json_ltNonConst_fork_Cancun_Prague_d0g0v_0_1_
generated.ethereum_tests.ethereum-tests.GeneralStateTests.stArgsZeroOneBalance.mloadNonConst.test.GeneralStateTests_stArgsZeroOneBalance_mloadNonConst_json_mloadNonConst_fork_Cancun_Prague_d0g0v_0_1_
generated.ethereum_tests.ethereum-tests.GeneralStateTests.stArgsZeroOneBalance.modNonConst.test.GeneralStateTests_stArgsZeroOneBalance_modNonConst_json_modNonConst_fork_Cancun_Prague_d0g0v_0_1_
generated.ethereum_tests.ethereum-tests.GeneralStateTests.stArgsZeroOneBalance.mstore8NonConst.test.GeneralStateTests_stArgsZeroOneBalance_mstore8NonConst_json_mstore8NonConst_fork_Cancun_Prague_d0g0v_0_1_
generated.ethereum_tests.ethereum-tests.GeneralStateTests.stArgsZeroOneBalance.mstoreNonConst.test.GeneralStateTests_stArgsZeroOneBalance_mstoreNonConst_json_mstoreNonConst_fork_Cancun_Prague_d0g0v_0_1_
generated.ethereum_tests.ethereum-tests.GeneralStateTests.stArgsZeroOneBalance.mulNonConst.test.GeneralStateTests_stArgsZeroOneBalance_mulNonConst_json_mulNonConst_fork_Cancun_Prague_d0g0v_0_1_
generated.ethereum_tests.ethereum-tests.GeneralStateTests.stArgsZeroOneBalance.mulmodNonConst.test.GeneralStateTests_stArgsZeroOneBalance_mulmodNonConst_json_mulmodNonConst_fork_Cancun_Prague_d0g0v_0_1_
generated.ethereum_tests.ethereum-tests.GeneralStateTests.stArgsZeroOneBalance.notNonConst.test.GeneralStateTests_stArgsZeroOneBalance_notNonConst_json_notNonConst_fork_Cancun_Prague_d0g0v_0_1_
generated.ethereum_tests.ethereum-tests.GeneralStateTests.stArgsZeroOneBalance.orNonConst.test.GeneralStateTests_stArgsZeroOneBalance_orNonConst_json_orNonConst_fork_Cancun_Prague_d0g0v_0_1_
generated.ethereum_tests.ethereum-tests.GeneralStateTests.stArgsZeroOneBalance.returnNonConst.test.GeneralStateTests_stArgsZeroOneBalance_returnNonConst_json_returnNonConst_fork_Cancun_Prague_d0g0v_0_1_
generated.ethereum_tests.ethereum-tests.GeneralStateTests.stArgsZeroOneBalance.sdivNonConst.test.GeneralStateTests_stArgsZeroOneBalance_sdivNonConst_json_sdivNonConst_fork_Cancun_Prague_d0g0v_0_1_
generated.ethereum_tests.ethereum-tests.GeneralStateTests.stArgsZeroOneBalance.sgtNonConst.test.GeneralStateTests_stArgsZeroOneBalance_sgtNonConst_json_sgtNonConst_fork_Cancun_Prague_d0g0v_0_1_
generated.ethereum_tests.ethereum-tests.GeneralStateTests.stArgsZeroOneBalance.sha3NonConst.test.GeneralStateTests_stArgsZeroOneBalance_sha3NonConst_json_sha3NonConst_fork_Cancun_Prague_d0g0v_0_1_
generated.ethereum_tests.ethereum-tests.GeneralStateTests.stArgsZeroOneBalance.signextNonConst.test.GeneralStateTests_stArgsZeroOneBalance_signextNonConst_json_signextNonConst_fork_Cancun_Prague_d0g0v_0_1_
generated.ethereum_tests.ethereum-tests.GeneralStateTests.stArgsZeroOneBalance.sloadNonConst.test.GeneralStateTests_stArgsZeroOneBalance_sloadNonConst_json_sloadNonConst_fork_Cancun_Prague_d0g0v_0_1_
generated.ethereum_tests.ethereum-tests.GeneralStateTests.stArgsZeroOneBalance.sltNonConst.test.GeneralStateTests_stArgsZeroOneBalance_sltNonConst_json_sltNonConst_fork_Cancun_Prague_d0g0v_0_1_
generated.ethereum_tests.ethereum-tests.GeneralStateTests.stArgsZeroOneBalance.smodNonConst.test.GeneralStateTests_stArgsZeroOneBalance_smodNonConst_json_smodNonConst_fork_Cancun_Prague_d0g0v_0_1_
generated.ethereum_tests.ethereum-tests.GeneralStateTests.stArgsZeroOneBalance.sstoreNonConst.test.GeneralStateTests_stArgsZeroOneBalance_sstoreNonConst_json_sstoreNonConst_fork_Cancun_Prague_d0g0v_0_1_
generated.ethereum_tests.ethereum-tests.GeneralStateTests.stArgsZeroOneBalance.subNonConst.test.GeneralStateTests_stArgsZeroOneBalance_subNonConst_json_subNonConst_fork_Cancun_Prague_d0g0v_0_1_
generated.ethereum_tests.ethereum-tests.GeneralStateTests.stArgsZeroOneBalance.suicideNonConst.test.GeneralStateTests_stArgsZeroOneBalance_suicideNonConst_json_suicideNonConst_fork_Cancun_Prague_d0g0v_0_1_
generated.ethereum_tests.ethereum-tests.GeneralStateTests.stArgsZeroOneBalance.xorNonConst.test.GeneralStateTests_stArgsZeroOneBalance_xorNonConst_json_xorNonConst_fork_Cancun_Prague_d0g0v_0_1_
generated.ethereum_tests.ethereum-tests.GeneralStateTests.stAttackTest.ContractCreationSpam.test.GeneralStateTests_stAttackTest_ContractCreationSpam_json_ContractCreationSpam_fork_Cancun_Prague_d0g0v0
generated.ethereum_tests.ethereum-tests.GeneralStateTests.stAttackTest.CrashingTransaction.test.GeneralStateTests_stAttackTest_CrashingTransaction_json_CrashingTransaction_fork_Cancun_Prague_d0g0v0
generated.ethereum_tests.ethereum-tests.GeneralStateTests.stBadOpcode.eip2315NotRemoved.test.GeneralStateTests_stBadOpcode_eip2315NotRemoved_json_eip2315NotRemoved_fork_Cancun_Prague_d0g0v0
generated.ethereum_tests.ethereum-tests.GeneralStateTests.stBadOpcode.invalidAddr.test.GeneralStateTests_stBadOpcode_invalidAddr_json_invalidAddr_fork_Cancun_Prague_d_0_84_g0v0
generated.ethereum_tests.ethereum-tests.GeneralStateTests.stBadOpcode.invalidDiffPlaces.test.GeneralStateTests_stBadOpcode_invalidDiffPlaces_json_invalidDiffPlaces_fork_Cancun_Prague_d_0_34_g0v0
generated.ethereum_tests.ethereum-tests.GeneralStateTests.stBadOpcode.measureGas.test.GeneralStateTests_stBadOpcode_measureGas_json_measureGas_fork_Cancun_Prague_d_0_10_g0v0
generated.ethereum_tests.ethereum-tests.GeneralStateTests.stBadOpcode.opc0CDiffPlaces.test.GeneralStateTests_stBadOpcode_opc0CDiffPlaces_json_opc0CDiffPlaces_fork_Cancun_Prague_d_0_34_g0v0
generated.ethereum_tests.ethereum-tests.GeneralStateTests.stBadOpcode.opc0DDiffPlaces.test.GeneralStateTests_stBadOpcode_opc0DDiffPlaces_json_opc0DDiffPlaces_fork_Cancun_Prague_d_0_34_g0v0
generated.ethereum_tests.ethereum-tests.GeneralStateTests.stBadOpcode.opc0EDiffPlaces.test.GeneralStateTests_stBadOpcode_opc0EDiffPlaces_json_opc0EDiffPlaces_fork_Cancun_Prague_d_0_34_g0v0
generated.ethereum_tests.ethereum-tests.GeneralStateTests.stBadOpcode.opc0FDiffPlaces.test.GeneralStateTests_stBadOpcode_opc0FDiffPlaces_json_opc0FDiffPlaces_fork_Cancun_Prague_d_0_34_g0v0
generated.ethereum_tests.ethereum-tests.GeneralStateTests.stBadOpcode.opc1EDiffPlaces.test.GeneralStateTests_stBadOpcode_opc1EDiffPlaces_json_opc1EDiffPlaces_fork_Cancun_Prague_d_0_34_g0v0
generated.ethereum_tests.ethereum-tests.GeneralStateTests.stBadOpcode.opc1FDiffPlaces.test.GeneralStateTests_stBadOpcode_opc1FDiffPlaces_json_opc1FDiffPlaces_fork_Cancun_Prague_d_0_34_g0v0
generated.ethereum_tests.ethereum-tests.GeneralStateTests.stBadOpcode.opc21DiffPlaces.test.GeneralStateTests_stBadOpcode_opc21DiffPlaces_json_opc21DiffPlaces_fork_Cancun_Prague_d_0_34_g0v0
generated.ethereum_tests.ethereum-tests.GeneralStateTests.stBadOpcode.opc22DiffPlaces.test.GeneralStateTests_stBadOpcode_opc22DiffPlaces_json_opc22DiffPlaces_fork_Cancun_Prague_d_0_34_g0v0
generated.ethereum_tests.ethereum-tests.GeneralStateTests.stBadOpcode.opc23DiffPlaces.test.GeneralStateTests_stBadOpcode_opc23DiffPlaces_json_opc23DiffPlaces_fork_Cancun_Prague_d_0_34_g0v0
generated.ethereum_tests.ethereum-tests.GeneralStateTests.stBadOpcode.opc24DiffPlaces.test.GeneralStateTests_stBadOpcode_opc24DiffPlaces_json_opc24DiffPlaces_fork_Cancun_Prague_d_0_34_g0v0
generated.ethereum_tests.ethereum-tests.GeneralStateTests.stBadOpcode.opc25DiffPlaces.test.GeneralStateTests_stBadOpcode_opc25DiffPlaces_json_opc25DiffPlaces_fork_Cancun_Prague_d_0_34_g0v0
generated.ethereum_tests.ethereum-tests.GeneralStateTests.stBadOpcode.opc26DiffPlaces.test.GeneralStateTests_stBadOpcode_opc26DiffPlaces_json_opc26DiffPlaces_fork_Cancun_Prague_d_0_34_g0v0
generated.ethereum_tests.ethereum-tests.GeneralStateTests.stBadOpcode.opc27DiffPlaces.test.GeneralStateTests_stBadOpcode_opc27DiffPlaces_json_opc27DiffPlaces_fork_Cancun_Prague_d_0_34_g0v0
generated.ethereum_tests.ethereum-tests.GeneralStateTests.stBadOpcode.opc28DiffPlaces.test.GeneralStateTests_stBadOpcode_opc28DiffPlaces_json_opc28DiffPlaces_fork_Cancun_Prague_d_0_34_g0v0
generated.ethereum_tests.ethereum-tests.GeneralStateTests.stBadOpcode.opc29DiffPlaces.test.GeneralStateTests_stBadOpcode_opc29DiffPlaces_json_opc29DiffPlaces_fork_Cancun_Prague_d_0_34_g0v0
generated.ethereum_tests.ethereum-tests.GeneralStateTests.stBadOpcode.opc2ADiffPlaces.test.GeneralStateTests_stBadOpcode_opc2ADiffPlaces_json_opc2ADiffPlaces_fork_Cancun_Prague_d_0_34_g0v0
generated.ethereum_tests.ethereum-tests.GeneralStateTests.stBadOpcode.opc2BDiffPlaces.test.GeneralStateTests_stBadOpcode_opc2BDiffPlaces_json_opc2BDiffPlaces_fork_Cancun_Prague_d_0_34_g0v0
generated.ethereum_tests.ethereum-tests.GeneralStateTests.stBadOpcode.opc2CDiffPlaces.test.GeneralStateTests_stBadOpcode_opc2CDiffPlaces_json_opc2CDiffPlaces_fork_Cancun_Prague_d_0_34_g0v0
generated.ethereum_tests.ethereum-tests.GeneralStateTests.stBadOpcode.opc2DDiffPlaces.test.GeneralStateTests_stBadOpcode_opc2DDiffPlaces_json_opc2DDiffPlaces_fork_Cancun_Prague_d_0_34_g0v0
generated.ethereum_tests.ethereum-tests.GeneralStateTests.stBadOpcode.opc2EDiffPlaces.test.GeneralStateTests_stBadOpcode_opc2EDiffPlaces_json_opc2EDiffPlaces_fork_Cancun_Prague_d_0_34_g0v0
generated.ethereum_tests.ethereum-tests.GeneralStateTests.stBadOpcode.opc2FDiffPlaces.test.GeneralStateTests_stBadOpcode_opc2FDiffPlaces_json_opc2FDiffPlaces_fork_Cancun_Prague_d_0_34_g0v0
generated.ethereum_tests.ethereum-tests.GeneralStateTests.stBadOpcode.opc49DiffPlaces.test.GeneralStateTests_stBadOpcode_opc49DiffPlaces_json_opc49DiffPlaces_fork_Cancun_Prague_d_0_34_g0v0
generated.ethereum_tests.ethereum-tests.GeneralStateTests.stBadOpcode.opc4ADiffPlaces.test.GeneralStateTests_stBadOpcode_opc4ADiffPlaces_json_opc4ADiffPlaces_fork_Cancun_Prague_d_0_34_g0v0
generated.ethereum_tests.ethereum-tests.GeneralStateTests.stBadOpcode.opc4BDiffPlaces.test.GeneralStateTests_stBadOpcode_opc4BDiffPlaces_json_opc4BDiffPlaces_fork_Cancun_Prague_d_0_34_g0v0
generated.ethereum_tests.ethereum-tests.GeneralStateTests.stBadOpcode.opc4CDiffPlaces.test.GeneralStateTests_stBadOpcode_opc4CDiffPlaces_json_opc4CDiffPlaces_fork_Cancun_Prague_d_0_34_g0v0
generated.ethereum_tests.ethereum-tests.GeneralStateTests.stBadOpcode.opc4DDiffPlaces.test.GeneralStateTests_stBadOpcode_opc4DDiffPlaces_json_opc4DDiffPlaces_fork_Cancun_Prague_d_0_34_g0v0
generated.ethereum_tests.ethereum-tests.GeneralStateTests.stBadOpcode.opc4EDiffPlaces.test.GeneralStateTests_stBadOpcode_opc4EDiffPlaces_json_opc4EDiffPlaces_fork_Cancun_Prague_d_0_34_g0v0
generated.ethereum_tests.ethereum-tests.GeneralStateTests.stBadOpcode.opc4FDiffPlaces.test.GeneralStateTests_stBadOpcode_opc4FDiffPlaces_json_opc4FDiffPlaces_fork_Cancun_Prague_d_0_34_g0v0
generated.ethereum_tests.ethereum-tests.GeneralStateTests.stBadOpcode.opc5CDiffPlaces.test.GeneralStateTests_stBadOpcode_opc5CDiffPlaces_json_opc5CDiffPlaces_fork_Cancun_Prague_d_0_34_g0v0
generated.ethereum_tests.ethereum-tests.GeneralStateTests.stBadOpcode.opc5DDiffPlaces.test.GeneralStateTests_stBadOpcode_opc5DDiffPlaces_json_opc5DDiffPlaces_fork_Cancun_Prague_d_0_34_g0v0
generated.ethereum_tests.ethereum-tests.GeneralStateTests.stBadOpcode.opc5EDiffPlaces.test.GeneralStateTests_stBadOpcode_opc5EDiffPlaces_json_opc5EDiffPlaces_fork_Cancun_Prague_d_0_34_g0v0
generated.ethereum_tests.ethereum-tests.GeneralStateTests.stBadOpcode.opc5FDiffPlaces.test.GeneralStateTests_stBadOpcode_opc5FDiffPlaces_json_opc5FDiffPlaces_fork_Cancun_Prague_d_0_34_g0v0
generated.ethereum_tests.ethereum-tests.GeneralStateTests.stBadOpcode.opcA5DiffPlaces.test.GeneralStateTests_stBadOpcode_opcA5DiffPlaces_json_opcA5DiffPlaces_fork_Cancun_Prague_d_0_34_g0v0
generated.ethereum_tests.ethereum-tests.GeneralStateTests.stBadOpcode.opcA6DiffPlaces.test.GeneralStateTests_stBadOpcode_opcA6DiffPlaces_json_opcA6DiffPlaces_fork_Cancun_Prague_d_0_34_g0v0
generated.ethereum_tests.ethereum-tests.GeneralStateTests.stBadOpcode.opcA7DiffPlaces.test.GeneralStateTests_stBadOpcode_opcA7DiffPlaces_json_opcA7DiffPlaces_fork_Cancun_Prague_d_0_34_g0v0
generated.ethereum_tests.ethereum-tests.GeneralStateTests.stBadOpcode.opcA8DiffPlaces.test.GeneralStateTests_stBadOpcode_opcA8DiffPlaces_json_opcA8DiffPlaces_fork_Cancun_Prague_d_0_34_g0v0
generated.ethereum_tests.ethereum-tests.GeneralStateTests.stBadOpcode.opcA9DiffPlaces.test.GeneralStateTests_stBadOpcode_opcA9DiffPlaces_json_opcA9DiffPlaces_fork_Cancun_Prague_d_0_34_g0v0
generated.ethereum_tests.ethereum-tests.GeneralStateTests.stBadOpcode.opcAADiffPlaces.test.GeneralStateTests_stBadOpcode_opcAADiffPlaces_json_opcAADiffPlaces_fork_Cancun_Prague_d_0_34_g0v0
generated.ethereum_tests.ethereum-tests.GeneralStateTests.stBadOpcode.opcABDiffPlaces.test.GeneralStateTests_stBadOpcode_opcABDiffPlaces_json_opcABDiffPlaces_fork_Cancun_Prague_d_0_34_g0v0
generated.ethereum_tests.ethereum-tests.GeneralStateTests.stBadOpcode.opcACDiffPlaces.test.GeneralStateTests_stBadOpcode_opcACDiffPlaces_json_opcACDiffPlaces_fork_Cancun_Prague_d_0_34_g0v0
generated.ethereum_tests.ethereum-tests.GeneralStateTests.stBadOpcode.opcADDiffPlaces.test.GeneralStateTests_stBadOpcode_opcADDiffPlaces_json_opcADDiffPlaces_fork_Cancun_Prague_d_0_34_g0v0
generated.ethereum_tests.ethereum-tests.GeneralStateTests.stBadOpcode.opcAEDiffPlaces.test.GeneralStateTests_stBadOpcode_opcAEDiffPlaces_json_opcAEDiffPlaces_fork_Cancun_Prague_d_0_34_g0v0
generated.ethereum_tests.ethereum-tests.GeneralStateTests.stBadOpcode.opcAFDiffPlaces.test.GeneralStateTests_stBadOpcode_opcAFDiffPlaces_json_opcAFDiffPlaces_fork_Cancun_Prague_d_0_34_g0v0
generated.ethereum_tests.ethereum-tests.GeneralStateTests.stBadOpcode.opcB0DiffPlaces.test.GeneralStateTests_stBadOpcode_opcB0DiffPlaces_json_opcB0DiffPlaces_fork_Cancun_Prague_d_0_34_g0v0
generated.ethereum_tests.ethereum-tests.GeneralStateTests.stBadOpcode.opcB1DiffPlaces.test.GeneralStateTests_stBadOpcode_opcB1DiffPlaces_json_opcB1DiffPlaces_fork_Cancun_Prague_d_0_34_g0v0
generated.ethereum_tests.ethereum-tests.GeneralStateTests.stBadOpcode.opcB2DiffPlaces.test.GeneralStateTests_stBadOpcode_opcB2DiffPlaces_json_opcB2DiffPlaces_fork_Cancun_Prague_d_0_34_g0v0
generated.ethereum_tests.ethereum-tests.GeneralStateTests.stBadOpcode.opcB3DiffPlaces.test.GeneralStateTests_stBadOpcode_opcB3DiffPlaces_json_opcB3DiffPlaces_fork_Cancun_Prague_d_0_34_g0v0
generated.ethereum_tests.ethereum-tests.GeneralStateTests.stBadOpcode.opcB4DiffPlaces.test.GeneralStateTests_stBadOpcode_opcB4DiffPlaces_json_opcB4DiffPlaces_fork_Cancun_Prague_d_0_34_g0v0
generated.ethereum_tests.ethereum-tests.GeneralStateTests.stBadOpcode.opcB5DiffPlaces.test.GeneralStateTests_stBadOpcode_opcB5DiffPlaces_json_opcB5DiffPlaces_fork_Cancun_Prague_d_0_34_g0v0
generated.ethereum_tests.ethereum-tests.GeneralStateTests.stBadOpcode.opcB6DiffPlaces.test.GeneralStateTests_stBadOpcode_opcB6DiffPlaces_json_opcB6DiffPlaces_fork_Cancun_Prague_d_0_34_g0v0
generated.ethereum_tests.ethereum-tests.GeneralStateTests.stBadOpcode.opcB7DiffPlaces.test.GeneralStateTests_stBadOpcode_opcB7DiffPlaces_json_opcB7DiffPlaces_fork_Cancun_Prague_d_0_34_g0v0
generated.ethereum_tests.ethereum-tests.GeneralStateTests.stBadOpcode.opcB8DiffPlaces.test.GeneralStateTests_stBadOpcode_opcB8DiffPlaces_json_opcB8DiffPlaces_fork_Cancun_Prague_d_0_34_g0v0
generated.ethereum_tests.ethereum-tests.GeneralStateTests.stBadOpcode.opcB9DiffPlaces.test.GeneralStateTests_stBadOpcode_opcB9DiffPlaces_json_opcB9DiffPlaces_fork_Cancun_Prague_d_0_34_g0v0
generated.ethereum_tests.ethereum-tests.GeneralStateTests.stBadOpcode.opcBADiffPlaces.test.GeneralStateTests_stBadOpcode_opcBADiffPlaces_json_opcBADiffPlaces_fork_Cancun_Prague_d_0_34_g0v0
generated.ethereum_tests.ethereum-tests.GeneralStateTests.stBadOpcode.opcBBDiffPlaces.test.GeneralStateTests_stBadOpcode_opcBBDiffPlaces_json_opcBBDiffPlaces_fork_Cancun_Prague_d_0_34_g0v0
generated.ethereum_tests.ethereum-tests.GeneralStateTests.stBadOpcode.opcBCDiffPlaces.test.GeneralStateTests_stBadOpcode_opcBCDiffPlaces_json_opcBCDiffPlaces_fork_Cancun_Prague_d_0_34_g0v0
generated.ethereum_tests.ethereum-tests.GeneralStateTests.stBadOpcode.opcBDDiffPlaces.test.GeneralStateTests_stBadOpcode_opcBDDiffPlaces_json_opcBDDiffPlaces_fork_Cancun_Prague_d_0_34_g0v0
generated.ethereum_tests.ethereum-tests.GeneralStateTests.stBadOpcode.opcBEDiffPlaces.test.GeneralStateTests_stBadOpcode_opcBEDiffPlaces_json_opcBEDiffPlaces_fork_Cancun_Prague_d_0_34_g0v0
generated.ethereum_tests.ethereum-tests.GeneralStateTests.stBadOpcode.opcBFDiffPlaces.test.GeneralStateTests_stBadOpcode_opcBFDiffPlaces_json_opcBFDiffPlaces_fork_Cancun_Prague_d_0_34_g0v0
generated.ethereum_tests.ethereum-tests.GeneralStateTests.stBadOpcode.opcC0DiffPlaces.test.GeneralStateTests_stBadOpcode_opcC0DiffPlaces_json_opcC0DiffPlaces_fork_Cancun_Prague_d_0_34_g0v0
generated.ethereum_tests.ethereum-tests.GeneralStateTests.stBadOpcode.opcC1DiffPlaces.test.GeneralStateTests_stBadOpcode_opcC1DiffPlaces_json_opcC1DiffPlaces_fork_Cancun_Prague_d_0_34_g0v0
generated.ethereum_tests.ethereum-tests.GeneralStateTests.stBadOpcode.opcC2DiffPlaces.test.GeneralStateTests_stBadOpcode_opcC2DiffPlaces_json_opcC2DiffPlaces_fork_Cancun_Prague_d_0_34_g0v0
generated.ethereum_tests.ethereum-tests.GeneralStateTests.stBadOpcode.opcC3DiffPlaces.test.GeneralStateTests_stBadOpcode_opcC3DiffPlaces_json_opcC3DiffPlaces_fork_Cancun_Prague_d_0_34_g0v0
generated.ethereum_tests.ethereum-tests.GeneralStateTests.stBadOpcode.opcC4DiffPlaces.test.GeneralStateTests_stBadOpcode_opcC4DiffPlaces_json_opcC4DiffPlaces_fork_Cancun_Prague_d_0_34_g0v0
generated.ethereum_tests.ethereum-tests.GeneralStateTests.stBadOpcode.opcC5DiffPlaces.test.GeneralStateTests_stBadOpcode_opcC5DiffPlaces_json_opcC5DiffPlaces_fork_Cancun_Prague_d_0_34_g0v0
generated.ethereum_tests.ethereum-tests.GeneralStateTests.stBadOpcode.opcC6DiffPlaces.test.GeneralStateTests_stBadOpcode_opcC6DiffPlaces_json_opcC6DiffPlaces_fork_Cancun_Prague_d_0_34_g0v0
generated.ethereum_tests.ethereum-tests.GeneralStateTests.stBadOpcode.opcC7DiffPlaces.test.GeneralStateTests_stBadOpcode_opcC7DiffPlaces_json_opcC7DiffPlaces_fork_Cancun_Prague_d_0_34_g0v0
generated.ethereum_tests.ethereum-tests.GeneralStateTests.stBadOpcode.opcC8DiffPlaces.test.GeneralStateTests_stBadOpcode_opcC8DiffPlaces_json_opcC8DiffPlaces_fork_Cancun_Prague_d_0_34_g0v0
generated.ethereum_tests.ethereum-tests.GeneralStateTests.stBadOpcode.opcC9DiffPlaces.test.GeneralStateTests_stBadOpcode_opcC9DiffPlaces_json_opcC9DiffPlaces_fork_Cancun_Prague_d_0_34_g0v0
generated.ethereum_tests.ethereum-tests.GeneralStateTests.stBadOpcode.opcCADiffPlaces.test.GeneralStateTests_stBadOpcode_opcCADiffPlaces_json_opcCADiffPlaces_fork_Cancun_Prague_d_0_34_g0v0
generated.ethereum_tests.ethereum-tests.GeneralStateTests.stBadOpcode.opcCBDiffPlaces.test.GeneralStateTests_stBadOpcode_opcCBDiffPlaces_json_opcCBDiffPlaces_fork_Cancun_Prague_d_0_34_g0v0
generated.ethereum_tests.ethereum-tests.GeneralStateTests.stBadOpcode.opcCCDiffPlaces.test.GeneralStateTests_stBadOpcode_opcCCDiffPlaces_json_opcCCDiffPlaces_fork_Cancun_Prague_d_0_34_g0v0
generated.ethereum_tests.ethereum-tests.GeneralStateTests.stBadOpcode.opcCDDiffPlaces.test.GeneralStateTests_stBadOpcode_opcCDDiffPlaces_json_opcCDDiffPlaces_fork_Cancun_Prague_d_0_34_g0v0
generated.ethereum_tests.ethereum-tests.GeneralStateTests.stBadOpcode.opcCEDiffPlaces.test.GeneralStateTests_stBadOpcode_opcCEDiffPlaces_json_opcCEDiffPlaces_fork_Cancun_Prague_d_0_34_g0v0
generated.ethereum_tests.ethereum-tests.GeneralStateTests.stBadOpcode.opcCFDiffPlaces.test.GeneralStateTests_stBadOpcode_opcCFDiffPlaces_json_opcCFDiffPlaces_fork_Cancun_Prague_d_0_34_g0v0
generated.ethereum_tests.ethereum-tests.GeneralStateTests.stBadOpcode.opcD0DiffPlaces.test.GeneralStateTests_stBadOpcode_opcD0DiffPlaces_json_opcD0DiffPlaces_fork_Cancun_Prague_d_0_34_g0v0
generated.ethereum_tests.ethereum-tests.GeneralStateTests.stBadOpcode.opcD1DiffPlaces.test.GeneralStateTests_stBadOpcode_opcD1DiffPlaces_json_opcD1DiffPlaces_fork_Cancun_Prague_d_0_34_g0v0
generated.ethereum_tests.ethereum-tests.GeneralStateTests.stBadOpcode.opcD2DiffPlaces.test.GeneralStateTests_stBadOpcode_opcD2DiffPlaces_json_opcD2DiffPlaces_fork_Cancun_Prague_d_0_34_g0v0
generated.ethereum_tests.ethereum-tests.GeneralStateTests.stBadOpcode.opcD3DiffPlaces.test.GeneralStateTests_stBadOpcode_opcD3DiffPlaces_json_opcD3DiffPlaces_fork_Cancun_Prague_d_0_34_g0v0
generated.ethereum_tests.ethereum-tests.GeneralStateTests.stBadOpcode.opcD4DiffPlaces.test.GeneralStateTests_stBadOpcode_opcD4DiffPlaces_json_opcD4DiffPlaces_fork_Cancun_Prague_d_0_34_g0v0
generated.ethereum_tests.ethereum-tests.GeneralStateTests.stBadOpcode.opcD5DiffPlaces.test.GeneralStateTests_stBadOpcode_opcD5DiffPlaces_json_opcD5DiffPlaces_fork_Cancun_Prague_d_0_34_g0v0
generated.ethereum_tests.ethereum-tests.GeneralStateTests.stBadOpcode.opcD6DiffPlaces.test.GeneralStateTests_stBadOpcode_opcD6DiffPlaces_json_opcD6DiffPlaces_fork_Cancun_Prague_d_0_34_g0v0
generated.ethereum_tests.ethereum-tests.GeneralStateTests.stBadOpcode.opcD7DiffPlaces.test.GeneralStateTests_stBadOpcode_opcD7DiffPlaces_json_opcD7DiffPlaces_fork_Cancun_Prague_d_0_34_g0v0
generated.ethereum_tests.ethereum-tests.GeneralStateTests.stBadOpcode.opcD8DiffPlaces.test.GeneralStateTests_stBadOpcode_opcD8DiffPlaces_json_opcD8DiffPlaces_fork_Cancun_Prague_d_0_34_g0v0
generated.ethereum_tests.ethereum-tests.GeneralStateTests.stBadOpcode.opcD9DiffPlaces.test.GeneralStateTests_stBadOpcode_opcD9DiffPlaces_json_opcD9DiffPlaces_fork_Cancun_Prague_d_0_34_g0v0
generated.ethereum_tests.ethereum-tests.GeneralStateTests.stBadOpcode.opcDADiffPlaces.test.GeneralStateTests_stBadOpcode_opcDADiffPlaces_json_opcDADiffPlaces_fork_Cancun_Prague_d_0_34_g0v0✖ test failed
generated.ethereum_tests.ethereum-tests.GeneralStateTests.stBadOpcode.opcDBDiffPlaces.test.GeneralStateTests_stBadOpcode_opcDBDiffPlaces_json_opcDBDiffPlaces_fork_Cancun_Prague_d_0_34_g0v0
generated.ethereum_tests.ethereum-tests.GeneralStateTests.stBadOpcode.opcDCDiffPlaces.test.GeneralStateTests_stBadOpcode_opcDCDiffPlaces_json_opcDCDiffPlaces_fork_Cancun_Prague_d_0_34_g0v0
generated.ethereum_tests.ethereum-tests.GeneralStateTests.stBadOpcode.opcDDDiffPlaces.test.GeneralStateTests_stBadOpcode_opcDDDiffPlaces_json_opcDDDiffPlaces_fork_Cancun_Prague_d_0_34_g0v0
generated.ethereum_tests.ethereum-tests.GeneralStateTests.stBadOpcode.opcDEDiffPlaces.test.GeneralStateTests_stBadOpcode_opcDEDiffPlaces_json_opcDEDiffPlaces_fork_Cancun_Prague_d_0_34_g0v0
generated.ethereum_tests.ethereum-tests.GeneralStateTests.stBadOpcode.opcDFDiffPlaces.test.GeneralStateTests_stBadOpcode_opcDFDiffPlaces_json_opcDFDiffPlaces_fork_Cancun_Prague_d_0_34_g0v0
generated.ethereum_tests.ethereum-tests.GeneralStateTests.stBadOpcode.opcE0DiffPlaces.test.GeneralStateTests_stBadOpcode_opcE0DiffPlaces_json_opcE0DiffPlaces_fork_Cancun_Prague_d_0_34_g0v0
generated.ethereum_tests.ethereum-tests.GeneralStateTests.stBadOpcode.opcE1DiffPlaces.test.GeneralStateTests_stBadOpcode_opcE1DiffPlaces_json_opcE1DiffPlaces_fork_Cancun_Prague_d_0_34_g0v0
generated.ethereum_tests.ethereum-tests.GeneralStateTests.stBadOpcode.opcE2DiffPlaces.test.GeneralStateTests_stBadOpcode_opcE2DiffPlaces_json_opcE2DiffPlaces_fork_Cancun_Prague_d_0_34_g0v0
generated.ethereum_tests.ethereum-tests.GeneralStateTests.stBadOpcode.opcE3DiffPlaces.test.GeneralStateTests_stBadOpcode_opcE3DiffPlaces_json_opcE3DiffPlaces_fork_Cancun_Prague_d_0_34_g0v0
generated.ethereum_tests.ethereum-tests.GeneralStateTests.stBadOpcode.opcE4DiffPlaces.test.GeneralStateTests_stBadOpcode_opcE4DiffPlaces_json_opcE4DiffPlaces_fork_Cancun_Prague_d_0_34_g0v0
generated.ethereum_tests.ethereum-tests.GeneralStateTests.stBadOpcode.opcE5DiffPlaces.test.GeneralStateTests_stBadOpcode_opcE5DiffPlaces_json_opcE5DiffPlaces_fork_Cancun_Prague_d_0_34_g0v0
generated.ethereum_tests.ethereum-tests.GeneralStateTests.stBadOpcode.opcE6DiffPlaces.test.GeneralStateTests_stBadOpcode_opcE6DiffPlaces_json_opcE6DiffPlaces_fork_Cancun_Prague_d_0_34_g0v0
generated.ethereum_tests.ethereum-tests.GeneralStateTests.stBadOpcode.opcE7DiffPlaces.test.GeneralStateTests_stBadOpcode_opcE7DiffPlaces_json_opcE7DiffPlaces_fork_Cancun_Prague_d_0_34_g0v0
generated.ethereum_tests.ethereum-tests.GeneralStateTests.stBadOpcode.opcE8DiffPlaces.test.GeneralStateTests_stBadOpcode_opcE8DiffPlaces_json_opcE8DiffPlaces_fork_Cancun_Prague_d_0_34_g0v0
generated.ethereum_tests.ethereum-tests.GeneralStateTests.stBadOpcode.opcE9DiffPlaces.test.GeneralStateTests_stBadOpcode_opcE9DiffPlaces_json_opcE9DiffPlaces_fork_Cancun_Prague_d_0_34_g0v0
generated.ethereum_tests.ethereum-tests.GeneralStateTests.stBadOpcode.opcEADiffPlaces.test.GeneralStateTests_stBadOpcode_opcEADiffPlaces_json_opcEADiffPlaces_fork_Cancun_Prague_d_0_34_g0v0
generated.ethereum_tests.ethereum-tests.GeneralStateTests.stBadOpcode.opcEBDiffPlaces.test.GeneralStateTests_stBadOpcode_opcEBDiffPlaces_json_opcEBDiffPlaces_fork_Cancun_Prague_d_0_34_g0v0
generated.ethereum_tests.ethereum-tests.GeneralStateTests.stBadOpcode.opcECDiffPlaces.test.GeneralStateTests_stBadOpcode_opcECDiffPlaces_json_opcECDiffPlaces_fork_Cancun_Prague_d_0_34_g0v0
generated.ethereum_tests.ethereum-tests.GeneralStateTests.stBadOpcode.opcEDDiffPlaces.test.GeneralStateTests_stBadOpcode_opcEDDiffPlaces_json_opcEDDiffPlaces_fork_Cancun_Prague_d_0_34_g0v0
generated.ethereum_tests.ethereum-tests.GeneralStateTests.stBadOpcode.opcEEDiffPlaces.test.GeneralStateTests_stBadOpcode_opcEEDiffPlaces_json_opcEEDiffPlaces_fork_Cancun_Prague_d_0_34_g0v0
generated.ethereum_tests.ethereum-tests.GeneralStateTests.stBadOpcode.opcEFDiffPlaces.test.GeneralStateTests_stBadOpcode_opcEFDiffPlaces_json_opcEFDiffPlaces_fork_Cancun_Prague_d_0_34_g0v0
generated.ethereum_tests.ethereum-tests.GeneralStateTests.stBadOpcode.opcF6DiffPlaces.test.GeneralStateTests_stBadOpcode_opcF6DiffPlaces_json_opcF6DiffPlaces_fork_Cancun_Prague_d_0_34_g0v0
generated.ethereum_tests.ethereum-tests.GeneralStateTests.stBadOpcode.opcF7DiffPlaces.test.GeneralStateTests_stBadOpcode_opcF7DiffPlaces_json_opcF7DiffPlaces_fork_Cancun_Prague_d_0_34_g0v0
generated.ethereum_tests.ethereum-tests.GeneralStateTests.stBadOpcode.opcF8DiffPlaces.test.GeneralStateTests_stBadOpcode_opcF8DiffPlaces_json_opcF8DiffPlaces_fork_Cancun_Prague_d_0_34_g0v0
generated.ethereum_tests.ethereum-tests.GeneralStateTests.stBadOpcode.opcF9DiffPlaces.test.GeneralStateTests_stBadOpcode_opcF9DiffPlaces_json_opcF9DiffPlaces_fork_Cancun_Prague_d_0_34_g0v0
generated.ethereum_tests.ethereum-tests.GeneralStateTests.stBadOpcode.opcFBDiffPlaces.test.GeneralStateTests_stBadOpcode_opcFBDiffPlaces_json_opcFBDiffPlaces_fork_Cancun_Prague_d_0_34_g0v0
generated.ethereum_tests.ethereum-tests.GeneralStateTests.stBadOpcode.opcFCDiffPlaces.test.GeneralStateTests_stBadOpcode_opcFCDiffPlaces_json_opcFCDiffPlaces_fork_Cancun_Prague_d_0_34_g0v0
generated.ethereum_tests.ethereum-tests.GeneralStateTests.stBadOpcode.opcFEDiffPlaces.test.GeneralStateTests_stBadOpcode_opcFEDiffPlaces_json_opcFEDiffPlaces_fork_Cancun_Prague_d_0_34_g0v0
generated.ethereum_tests.ethereum-tests.GeneralStateTests.stBadOpcode.operationDiffGas.test.GeneralStateTests_stBadOpcode_operationDiffGas_json_operationDiffGas_fork_Cancun_Prague_d_0_10_g0v0
generated.ethereum_tests.ethereum-tests.GeneralStateTests.stBadOpcode.undefinedOpcodeFirstByte.test.GeneralStateTests_stBadOpcode_undefinedOpcodeFirstByte_json_undefinedOpcodeFirstByte_fork_Cancun_Prague_d0g0v0
generated.ethereum_tests.ethereum-tests.GeneralStateTests.stBugs.randomStatetestDEFAULT-Tue_07_58_41-15153-575192.test.GeneralStateTests_stBugs_randomStatetestDEFAULT_Tue_07_58_41_15153_575192_json_randomStatetestDEFAULT_Tue_07_58_41_15153_575192_fork_Cancun_Prague_d0g0v0
generated.ethereum_tests.ethereum-tests.GeneralStateTests.stBugs.randomStatetestDEFAULT-Tue_07_58_41-15153-575192_london.test.GeneralStateTests_stBugs_randomStatetestDEFAULT_Tue_07_58_41_15153_575192_london_json_randomStatetestDEFAULT_Tue_07_58_41_15153_575192_london_fork_Cancun_Prague_d0g0v0
generated.ethereum_tests.ethereum-tests.GeneralStateTests.stBugs.returndatacopyPythonBug_Tue_03_48_41-1432.test.GeneralStateTests_stBugs_returndatacopyPythonBug_Tue_03_48_41_1432_json_returndatacopyPythonBug_Tue_03_48_41_1432_fork_Cancun_Prague_d0g_0_1_v_0_1_
generated.ethereum_tests.ethereum-tests.GeneralStateTests.stBugs.staticcall_createfails.test.GeneralStateTests_stBugs_staticcall_createfails_json_staticcall_createfails_fork_Cancun_Prague_d_0_1_g0v0
generated.ethereum_tests.ethereum-tests.GeneralStateTests.stCallCodes.call_OOG_additionalGasCosts1.test.GeneralStateTests_stCallCodes_call_OOG_additionalGasCosts1_json_call_OOG_additionalGasCosts1_fork_Cancun_Prague_d0g0v0
generated.ethereum_tests.ethereum-tests.GeneralStateTests.stCallCodes.call_OOG_additionalGasCosts2.test.GeneralStateTests_stCallCodes_call_OOG_additionalGasCosts2_json_call_OOG_additionalGasCosts2_fork_Cancun_Prague_d0g0v0
generated.ethereum_tests.ethereum-tests.GeneralStateTests.stCallCodes.callcall_00.test.GeneralStateTests_stCallCodes_callcall_00_json_callcall_00_fork_Cancun_Prague_d0g0v0
generated.ethereum_tests.ethereum-tests.GeneralStateTests.stCallCodes.callcall_00_OOGE.test.GeneralStateTests_stCallCodes_callcall_00_OOGE_json_callcall_00_OOGE_fork_Cancun_Prague_d0g0v0
generated.ethereum_tests.ethereum-tests.GeneralStateTests.stCallCodes.callcall_00_OOGE_valueTransfer.test.GeneralStateTests_stCallCodes_callcall_00_OOGE_valueTransfer_json_callcall_00_OOGE_valueTransfer_fork_Cancun_Prague_d0g0v0
generated.ethereum_tests.ethereum-tests.GeneralStateTests.stCallCodes.callcall_00_SuicideEnd.test.GeneralStateTests_stCallCodes_callcall_00_SuicideEnd_json_callcall_00_SuicideEnd_fork_Cancun_Prague_d0g0v0
generated.ethereum_tests.ethereum-tests.GeneralStateTests.stCallCodes.callcallcall_000.test.GeneralStateTests_stCallCodes_callcallcall_000_json_callcallcall_000_fork_Cancun_Prague_d0g0v0
generated.ethereum_tests.ethereum-tests.GeneralStateTests.stCallCodes.callcallcall_000_OOGE.test.GeneralStateTests_stCallCodes_callcallcall_000_OOGE_json_callcallcall_000_OOGE_fork_Cancun_Prague_d0g0v0
generated.ethereum_tests.ethereum-tests.GeneralStateTests.stCallCodes.callcallcall_000_OOGMAfter.test.GeneralStateTests_stCallCodes_callcallcall_000_OOGMAfter_json_callcallcall_000_OOGMAfter_fork_Cancun_Prague_d0g0v0
generated.ethereum_tests.ethereum-tests.GeneralStateTests.stCallCodes.callcallcall_000_OOGMBefore.test.GeneralStateTests_stCallCodes_callcallcall_000_OOGMBefore_json_callcallcall_000_OOGMBefore_fork_Cancun_Prague_d0g0v0
generated.ethereum_tests.ethereum-tests.GeneralStateTests.stCallCodes.callcallcall_000_SuicideEnd.test.GeneralStateTests_stCallCodes_callcallcall_000_SuicideEnd_json_callcallcall_000_SuicideEnd_fork_Cancun_Prague_d0g0v0
generated.ethereum_tests.ethereum-tests.GeneralStateTests.stCallCodes.callcallcall_000_SuicideMiddle.test.GeneralStateTests_stCallCodes_callcallcall_000_SuicideMiddle_json_callcallcall_000_SuicideMiddle_fork_Cancun_Prague_d0g0v0
generated.ethereum_tests.ethereum-tests.GeneralStateTests.stCallCodes.callcallcall_ABCB_RECURSIVE.test.GeneralStateTests_stCallCodes_callcallcall_ABCB_RECURSIVE_json_callcallcall_ABCB_RECURSIVE_fork_Cancun_Prague_d0g0v0
generated.ethereum_tests.ethereum-tests.GeneralStateTests.stCallCodes.callcallcallcode_001.test.GeneralStateTests_stCallCodes_callcallcallcode_001_json_callcallcallcode_001_fork_Cancun_Prague_d0g0v0
generated.ethereum_tests.ethereum-tests.GeneralStateTests.stCallCodes.callcallcallcode_001_OOGE.test.GeneralStateTests_stCallCodes_callcallcallcode_001_OOGE_json_callcallcallcode_001_OOGE_fork_Cancun_Prague_d0g0v0
generated.ethereum_tests.ethereum-tests.GeneralStateTests.stCallCodes.callcallcallcode_001_OOGMAfter.test.GeneralStateTests_stCallCodes_callcallcallcode_001_OOGMAfter_json_callcallcallcode_001_OOGMAfter_fork_Cancun_Prague_d0g0v0
generated.ethereum_tests.ethereum-tests.GeneralStateTests.stCallCodes.callcallcallcode_001_OOGMBefore.test.GeneralStateTests_stCallCodes_callcallcallcode_001_OOGMBefore_json_callcallcallcode_001_OOGMBefore_fork_Cancun_Prague_d0g0v0
generated.ethereum_tests.ethereum-tests.GeneralStateTests.stCallCodes.callcallcallcode_001_SuicideEnd.test.GeneralStateTests_stCallCodes_callcallcallcode_001_SuicideEnd_json_callcallcallcode_001_SuicideEnd_fork_Cancun_Prague_d0g0v0
generated.ethereum_tests.ethereum-tests.GeneralStateTests.stCallCodes.callcallcallcode_001_SuicideMiddle.test.GeneralStateTests_stCallCodes_callcallcallcode_001_SuicideMiddle_json_callcallcallcode_001_SuicideMiddle_fork_Cancun_Prague_d0g0v0
generated.ethereum_tests.ethereum-tests.GeneralStateTests.stCallCodes.callcallcallcode_ABCB_RECURSIVE.test.GeneralStateTests_stCallCodes_callcallcallcode_ABCB_RECURSIVE_json_callcallcallcode_ABCB_RECURSIVE_fork_Cancun_Prague_d0g0v0
generated.ethereum_tests.ethereum-tests.GeneralStateTests.stCallCodes.callcallcode_01.test.GeneralStateTests_stCallCodes_callcallcode_01_json_callcallcode_01_fork_Cancun_Prague_d0g0v0
generated.ethereum_tests.ethereum-tests.GeneralStateTests.stCallCodes.callcallcode_01_OOGE.test.GeneralStateTests_stCallCodes_callcallcode_01_OOGE_json_callcallcode_01_OOGE_fork_Cancun_Prague_d0g0v0
generated.ethereum_tests.ethereum-tests.GeneralStateTests.stCallCodes.callcallcode_01_SuicideEnd.test.GeneralStateTests_stCallCodes_callcallcode_01_SuicideEnd_json_callcallcode_01_SuicideEnd_fork_Cancun_Prague_d0g0v0
generated.ethereum_tests.ethereum-tests.GeneralStateTests.stCallCodes.callcallcodecall_010.test.GeneralStateTests_stCallCodes_callcallcodecall_010_json_callcallcodecall_010_fork_Cancun_Prague_d0g0v0
generated.ethereum_tests.ethereum-tests.GeneralStateTests.stCallCodes.callcallcodecall_010_OOGE.test.GeneralStateTests_stCallCodes_callcallcodecall_010_OOGE_json_callcallcodecall_010_OOGE_fork_Cancun_Prague_d0g0v0
generated.ethereum_tests.ethereum-tests.GeneralStateTests.stCallCodes.callcallcodecall_010_OOGMAfter.test.GeneralStateTests_stCallCodes_callcallcodecall_010_OOGMAfter_json_callcallcodecall_010_OOGMAfter_fork_Cancun_Prague_d0g0v0
generated.ethereum_tests.ethereum-tests.GeneralStateTests.stCallCodes.callcallcodecall_010_OOGMBefore.test.GeneralStateTests_stCallCodes_callcallcodecall_010_OOGMBefore_json_callcallcodecall_010_OOGMBefore_fork_Cancun_Prague_d0g0v0
generated.ethereum_tests.ethereum-tests.GeneralStateTests.stCallCodes.callcallcodecall_010_SuicideEnd.test.GeneralStateTests_stCallCodes_callcallcodecall_010_SuicideEnd_json_callcallcodecall_010_SuicideEnd_fork_Cancun_Prague_d0g0v0
generated.ethereum_tests.ethereum-tests.GeneralStateTests.stCallCodes.callcallcodecall_010_SuicideMiddle.test.GeneralStateTests_stCallCodes_callcallcodecall_010_SuicideMiddle_json_callcallcodecall_010_SuicideMiddle_fork_Cancun_Prague_d0g0v0
generated.ethereum_tests.ethereum-tests.GeneralStateTests.stCallCodes.callcallcodecall_ABCB_RECURSIVE.test.GeneralStateTests_stCallCodes_callcallcodecall_ABCB_RECURSIVE_json_callcallcodecall_ABCB_RECURSIVE_fork_Cancun_Prague_d0g0v0
generated.ethereum_tests.ethereum-tests.GeneralStateTests.stCallCodes.callcallcodecallcode_011.test.GeneralStateTests_stCallCodes_callcallcodecallcode_011_json_callcallcodecallcode_011_fork_Cancun_Prague_d0g0v0
generated.ethereum_tests.ethereum-tests.GeneralStateTests.stCallCodes.callcallcodecallcode_011_OOGE.test.GeneralStateTests_stCallCodes_callcallcodecallcode_011_OOGE_json_callcallcodecallcode_011_OOGE_fork_Cancun_Prague_d0g0v0
generated.ethereum_tests.ethereum-tests.GeneralStateTests.stCallCodes.callcallcodecallcode_011_OOGMAfter.test.GeneralStateTests_stCallCodes_callcallcodecallcode_011_OOGMAfter_json_callcallcodecallcode_011_OOGMAfter_fork_Cancun_Prague_d0g0v0
generated.ethereum_tests.ethereum-tests.GeneralStateTests.stCallCodes.callcallcodecallcode_011_OOGMBefore.test.GeneralStateTests_stCallCodes_callcallcodecallcode_011_OOGMBefore_json_callcallcodecallcode_011_OOGMBefore_fork_Cancun_Prague_d0g0v0
generated.ethereum_tests.ethereum-tests.GeneralStateTests.stCallCodes.callcallcodecallcode_011_SuicideEnd.test.GeneralStateTests_stCallCodes_callcallcodecallcode_011_SuicideEnd_json_callcallcodecallcode_011_SuicideEnd_fork_Cancun_Prague_d0g0v0
generated.ethereum_tests.ethereum-tests.GeneralStateTests.stCallCodes.callcallcodecallcode_011_SuicideMiddle.test.GeneralStateTests_stCallCodes_callcallcodecallcode_011_SuicideMiddle_json_callcallcodecallcode_011_SuicideMiddle_fork_Cancun_Prague_d0g0v0
generated.ethereum_tests.ethereum-tests.GeneralStateTests.stCallCodes.callcallcodecallcode_ABCB_RECURSIVE.test.GeneralStateTests_stCallCodes_callcallcodecallcode_ABCB_RECURSIVE_json_callcallcodecallcode_ABCB_RECURSIVE_fork_Cancun_Prague_d0g0v0
generated.ethereum_tests.ethereum-tests.GeneralStateTests.stCallCodes.callcodeDynamicCode.test.GeneralStateTests_stCallCodes_callcodeDynamicCode_json_callcodeDynamicCode_fork_Cancun_Prague_d_0_3_g0v0
generated.ethereum_tests.ethereum-tests.GeneralStateTests.stCallCodes.callcodeDynamicCode2SelfCall.test.GeneralStateTests_stCallCodes_callcodeDynamicCode2SelfCall_json_callcodeDynamicCode2SelfCall_fork_Cancun_Prague_d_0_1_g0v0
generated.ethereum_tests.ethereum-tests.GeneralStateTests.stCallCodes.callcodeEmptycontract.test.GeneralStateTests_stCallCodes_callcodeEmptycontract_json_callcodeEmptycontract_fork_Cancun_Prague_d0g0v0
generated.ethereum_tests.ethereum-tests.GeneralStateTests.stCallCodes.callcodeInInitcodeToEmptyContract.test.GeneralStateTests_stCallCodes_callcodeInInitcodeToEmptyContract_json_callcodeInInitcodeToEmptyContract_fork_Cancun_Prague_d_0_1_g0v0
generated.ethereum_tests.ethereum-tests.GeneralStateTests.stCallCodes.callcodeInInitcodeToExisContractWithVTransferNEMoney.test.GeneralStateTests_stCallCodes_callcodeInInitcodeToExisContractWithVTransferNEMoney_json_callcodeInInitcodeToExisContractWithVTransferNEMoney_fork_Cancun_Prague_d_0_1_g0v0
generated.ethereum_tests.ethereum-tests.GeneralStateTests.stCallCodes.callcodeInInitcodeToExistingContract.test.GeneralStateTests_stCallCodes_callcodeInInitcodeToExistingContract_json_callcodeInInitcodeToExistingContract_fork_Cancun_Prague_d_0_1_g0v0
generated.ethereum_tests.ethereum-tests.GeneralStateTests.stCallCodes.callcodeInInitcodeToExistingContractWithValueTransfer.test.GeneralStateTests_stCallCodes_callcodeInInitcodeToExistingContractWithValueTransfer_json_callcodeInInitcodeToExistingContractWithValueTransfer_fork_Cancun_Prague_d0g0v0
generated.ethereum_tests.ethereum-tests.GeneralStateTests.stCallCodes.callcode_checkPC.test.GeneralStateTests_stCallCodes_callcode_checkPC_json_callcode_checkPC_fork_Cancun_Prague_d0g0v0
generated.ethereum_tests.ethereum-tests.GeneralStateTests.stCallCodes.callcodecall_10.test.GeneralStateTests_stCallCodes_callcodecall_10_json_callcodecall_10_fork_Cancun_Prague_d0g0v0
generated.ethereum_tests.ethereum-tests.GeneralStateTests.stCallCodes.callcodecall_10_OOGE.test.GeneralStateTests_stCallCodes_callcodecall_10_OOGE_json_callcodecall_10_OOGE_fork_Cancun_Prague_d0g0v0
generated.ethereum_tests.ethereum-tests.GeneralStateTests.stCallCodes.callcodecall_10_SuicideEnd.test.GeneralStateTests_stCallCodes_callcodecall_10_SuicideEnd_json_callcodecall_10_SuicideEnd_fork_Cancun_Prague_d0g0v0
generated.ethereum_tests.ethereum-tests.GeneralStateTests.stCallCodes.callcodecallcall_100.test.GeneralStateTests_stCallCodes_callcodecallcall_100_json_callcodecallcall_100_fork_Cancun_Prague_d0g0v0
generated.ethereum_tests.ethereum-tests.GeneralStateTests.stCallCodes.callcodecallcall_100_OOGE.test.GeneralStateTests_stCallCodes_callcodecallcall_100_OOGE_json_callcodecallcall_100_OOGE_fork_Cancun_Prague_d0g0v0
generated.ethereum_tests.ethereum-tests.GeneralStateTests.stCallCodes.callcodecallcall_100_OOGMAfter.test.GeneralStateTests_stCallCodes_callcodecallcall_100_OOGMAfter_json_callcodecallcall_100_OOGMAfter_fork_Cancun_Prague_d0g0v0
generated.ethereum_tests.ethereum-tests.GeneralStateTests.stCallCodes.callcodecallcall_100_OOGMBefore.test.GeneralStateTests_stCallCodes_callcodecallcall_100_OOGMBefore_json_callcodecallcall_100_OOGMBefore_fork_Cancun_Prague_d0g0v0
generated.ethereum_tests.ethereum-tests.GeneralStateTests.stCallCodes.callcodecallcall_100_SuicideEnd.test.GeneralStateTests_stCallCodes_callcodecallcall_100_SuicideEnd_json_callcodecallcall_100_SuicideEnd_fork_Cancun_Prague_d0g0v0
generated.ethereum_tests.ethereum-tests.GeneralStateTests.stCallCodes.callcodecallcall_100_SuicideMiddle.test.GeneralStateTests_stCallCodes_callcodecallcall_100_SuicideMiddle_json_callcodecallcall_100_SuicideMiddle_fork_Cancun_Prague_d0g0v0
generated.ethereum_tests.ethereum-tests.GeneralStateTests.stCallCodes.callcodecallcall_ABCB_RECURSIVE.test.GeneralStateTests_stCallCodes_callcodecallcall_ABCB_RECURSIVE_json_callcodecallcall_ABCB_RECURSIVE_fork_Cancun_Prague_d0g0v0
generated.ethereum_tests.ethereum-tests.GeneralStateTests.stCallCodes.callcodecallcallcode_101.test.GeneralStateTests_stCallCodes_callcodecallcallcode_101_json_callcodecallcallcode_101_fork_Cancun_Prague_d0g0v0
generated.ethereum_tests.ethereum-tests.GeneralStateTests.stCallCodes.callcodecallcallcode_101_OOGE.test.GeneralStateTests_stCallCodes_callcodecallcallcode_101_OOGE_json_callcodecallcallcode_101_OOGE_fork_Cancun_Prague_d0g0v0
generated.ethereum_tests.ethereum-tests.GeneralStateTests.stCallCodes.callcodecallcallcode_101_OOGMAfter.test.GeneralStateTests_stCallCodes_callcodecallcallcode_101_OOGMAfter_json_callcodecallcallcode_101_OOGMAfter_fork_Cancun_Prague_d0g0v0
generated.ethereum_tests.ethereum-tests.GeneralStateTests.stCallCodes.callcodecallcallcode_101_OOGMBefore.test.GeneralStateTests_stCallCodes_callcodecallcallcode_101_OOGMBefore_json_callcodecallcallcode_101_OOGMBefore_fork_Cancun_Prague_d0g0v0
generated.ethereum_tests.ethereum-tests.GeneralStateTests.stCallCodes.callcodecallcallcode_101_SuicideEnd.test.GeneralStateTests_stCallCodes_callcodecallcallcode_101_SuicideEnd_json_callcodecallcallcode_101_SuicideEnd_fork_Cancun_Prague_d0g0v0
generated.ethereum_tests.ethereum-tests.GeneralStateTests.stCallCodes.callcodecallcallcode_101_SuicideMiddle.test.GeneralStateTests_stCallCodes_callcodecallcallcode_101_SuicideMiddle_json_callcodecallcallcode_101_SuicideMiddle_fork_Cancun_Prague_d0g0v0
generated.ethereum_tests.ethereum-tests.GeneralStateTests.stCallCodes.callcodecallcallcode_ABCB_RECURSIVE.test.GeneralStateTests_stCallCodes_callcodecallcallcode_ABCB_RECURSIVE_json_callcodecallcallcode_ABCB_RECURSIVE_fork_Cancun_Prague_d0g0v0
generated.ethereum_tests.ethereum-tests.GeneralStateTests.stCallCodes.callcodecallcode_11.test.GeneralStateTests_stCallCodes_callcodecallcode_11_json_callcodecallcode_11_fork_Cancun_Prague_d0g0v0
generated.ethereum_tests.ethereum-tests.GeneralStateTests.stCallCodes.callcodecallcode_11_OOGE.test.GeneralStateTests_stCallCodes_callcodecallcode_11_OOGE_json_callcodecallcode_11_OOGE_fork_Cancun_Prague_d0g0v0
generated.ethereum_tests.ethereum-tests.GeneralStateTests.stCallCodes.callcodecallcode_11_SuicideEnd.test.GeneralStateTests_stCallCodes_callcodecallcode_11_SuicideEnd_json_callcodecallcode_11_SuicideEnd_fork_Cancun_Prague_d0g0v0
generated.ethereum_tests.ethereum-tests.GeneralStateTests.stCallCodes.callcodecallcodecall_110.test.GeneralStateTests_stCallCodes_callcodecallcodecall_110_json_callcodecallcodecall_110_fork_Cancun_Prague_d0g0v0
generated.ethereum_tests.ethereum-tests.GeneralStateTests.stCallCodes.callcodecallcodecall_110_OOGE.test.GeneralStateTests_stCallCodes_callcodecallcodecall_110_OOGE_json_callcodecallcodecall_110_OOGE_fork_Cancun_Prague_d0g0v0
generated.ethereum_tests.ethereum-tests.GeneralStateTests.stCallCodes.callcodecallcodecall_110_OOGMAfter.test.GeneralStateTests_stCallCodes_callcodecallcodecall_110_OOGMAfter_json_callcodecallcodecall_110_OOGMAfter_fork_Cancun_Prague_d0g0v0
generated.ethereum_tests.ethereum-tests.GeneralStateTests.stCallCodes.callcodecallcodecall_110_OOGMBefore.test.GeneralStateTests_stCallCodes_callcodecallcodecall_110_OOGMBefore_json_callcodecallcodecall_110_OOGMBefore_fork_Cancun_Prague_d0g0v0
generated.ethereum_tests.ethereum-tests.GeneralStateTests.stCallCodes.callcodecallcodecall_110_SuicideEnd.test.GeneralStateTests_stCallCodes_callcodecallcodecall_110_SuicideEnd_json_callcodecallcodecall_110_SuicideEnd_fork_Cancun_Prague_d0g0v0
generated.ethereum_tests.ethereum-tests.GeneralStateTests.stCallCodes.callcodecallcodecall_110_SuicideMiddle.test.GeneralStateTests_stCallCodes_callcodecallcodecall_110_SuicideMiddle_json_callcodecallcodecall_110_SuicideMiddle_fork_Cancun_Prague_d0g0v0
generated.ethereum_tests.ethereum-tests.GeneralStateTests.stCallCodes.callcodecallcodecall_ABCB_RECURSIVE.test.GeneralStateTests_stCallCodes_callcodecallcodecall_ABCB_RECURSIVE_json_callcodecallcodecall_ABCB_RECURSIVE_fork_Cancun_Prague_d0g0v0
generated.ethereum_tests.ethereum-tests.GeneralStateTests.stCallCodes.callcodecallcodecallcode_111.test.GeneralStateTests_stCallCodes_callcodecallcodecallcode_111_json_callcodecallcodecallcode_111_fork_Cancun_Prague_d0g0v0
generated.ethereum_tests.ethereum-tests.GeneralStateTests.stCallCodes.callcodecallcodecallcode_111_OOGE.test.GeneralStateTests_stCallCodes_callcodecallcodecallcode_111_OOGE_json_callcodecallcodecallcode_111_OOGE_fork_Cancun_Prague_d0g0v0
generated.ethereum_tests.ethereum-tests.GeneralStateTests.stCallCodes.callcodecallcodecallcode_111_OOGMAfter.test.GeneralStateTests_stCallCodes_callcodecallcodecallcode_111_OOGMAfter_json_callcodecallcodecallcode_111_OOGMAfter_fork_Cancun_Prague_d0g0v0
generated.ethereum_tests.ethereum-tests.GeneralStateTests.stCallCodes.callcodecallcodecallcode_111_OOGMBefore.test.GeneralStateTests_stCallCodes_callcodecallcodecallcode_111_OOGMBefore_json_callcodecallcodecallcode_111_OOGMBefore_fork_Cancun_Prague_d0g0v0
generated.ethereum_tests.ethereum-tests.GeneralStateTests.stCallCodes.callcodecallcodecallcode_111_SuicideEnd.test.GeneralStateTests_stCallCodes_callcodecallcodecallcode_111_SuicideEnd_json_callcodecallcodecallcode_111_SuicideEnd_fork_Cancun_Prague_d0g0v0
generated.ethereum_tests.ethereum-tests.GeneralStateTests.stCallCodes.callcodecallcodecallcode_111_SuicideMiddle.test.GeneralStateTests_stCallCodes_callcodecallcodecallcode_111_SuicideMiddle_json_callcodecallcodecallcode_111_SuicideMiddle_fork_Cancun_Prague_d0g0v0
generated.ethereum_tests.ethereum-tests.GeneralStateTests.stCallCodes.callcodecallcodecallcode_ABCB_RECURSIVE.test.GeneralStateTests_stCallCodes_callcodecallcodecallcode_ABCB_RECURSIVE_json_callcodecallcodecallcode_ABCB_RECURSIVE_fork_Cancun_Prague_d0g0v0
generated.ethereum_tests.ethereum-tests.GeneralStateTests.stCallCreateCallCodeTest.Call1024BalanceTooLow.test.GeneralStateTests_stCallCreateCallCodeTest_Call1024BalanceTooLow_json_Call1024BalanceTooLow_fork_Cancun_Prague_d0g0v0✖ test failed
generated.ethereum_tests.ethereum-tests.GeneralStateTests.stCallCreateCallCodeTest.Call1024OOG.test.GeneralStateTests_stCallCreateCallCodeTest_Call1024OOG_json_Call1024OOG_fork_Cancun_Prague_d0g_0_3_v0
generated.ethereum_tests.ethereum-tests.GeneralStateTests.stCallCreateCallCodeTest.Call1024PreCalls.test.GeneralStateTests_stCallCreateCallCodeTest_Call1024PreCalls_json_Call1024PreCalls_fork_Cancun_Prague_d0g_0_1_v0
generated.ethereum_tests.ethereum-tests.GeneralStateTests.stCallCreateCallCodeTest.CallLoseGasOOG.test.GeneralStateTests_stCallCreateCallCodeTest_CallLoseGasOOG_json_CallLoseGasOOG_fork_Cancun_Prague_d0g0v0
generated.ethereum_tests.ethereum-tests.GeneralStateTests.stCallCreateCallCodeTest.CallRecursiveBombPreCall.test.GeneralStateTests_stCallCreateCallCodeTest_CallRecursiveBombPreCall_json_CallRecursiveBombPreCall_fork_Cancun_Prague_d0g0v0
generated.ethereum_tests.ethereum-tests.GeneralStateTests.stCallCreateCallCodeTest.Callcode1024BalanceTooLow.test.GeneralStateTests_stCallCreateCallCodeTest_Callcode1024BalanceTooLow_json_Callcode1024BalanceTooLow_fork_Cancun_Prague_d0g0v0
generated.ethereum_tests.ethereum-tests.GeneralStateTests.stCallCreateCallCodeTest.Callcode1024OOG.test.GeneralStateTests_stCallCreateCallCodeTest_Callcode1024OOG_json_Callcode1024OOG_fork_Cancun_Prague_d0g_0_1_v0
generated.ethereum_tests.ethereum-tests.GeneralStateTests.stCallCreateCallCodeTest.CallcodeLoseGasOOG.test.GeneralStateTests_stCallCreateCallCodeTest_CallcodeLoseGasOOG_json_CallcodeLoseGasOOG_fork_Cancun_Prague_d0g_0_2_v0
generated.ethereum_tests.ethereum-tests.GeneralStateTests.stCallCreateCallCodeTest.callOutput1.test.GeneralStateTests_stCallCreateCallCodeTest_callOutput1_json_callOutput1_fork_Cancun_Prague_d0g0v0
generated.ethereum_tests.ethereum-tests.GeneralStateTests.stCallCreateCallCodeTest.callOutput2.test.GeneralStateTests_stCallCreateCallCodeTest_callOutput2_json_callOutput2_fork_Cancun_Prague_d0g0v0
generated.ethereum_tests.ethereum-tests.GeneralStateTests.stCallCreateCallCodeTest.callOutput3.test.GeneralStateTests_stCallCreateCallCodeTest_callOutput3_json_callOutput3_fork_Cancun_Prague_d0g0v0
generated.ethereum_tests.ethereum-tests.GeneralStateTests.stCallCreateCallCodeTest.callOutput3Fail.test.GeneralStateTests_stCallCreateCallCodeTest_callOutput3Fail_json_callOutput3Fail_fork_Cancun_Prague_d0g0v0
generated.ethereum_tests.ethereum-tests.GeneralStateTests.stCallCreateCallCodeTest.callOutput3partial.test.GeneralStateTests_stCallCreateCallCodeTest_callOutput3partial_json_callOutput3partial_fork_Cancun_Prague_d0g0v0
generated.ethereum_tests.ethereum-tests.GeneralStateTests.stCallCreateCallCodeTest.callOutput3partialFail.test.GeneralStateTests_stCallCreateCallCodeTest_callOutput3partialFail_json_callOutput3partialFail_fork_Cancun_Prague_d0g0v0
generated.ethereum_tests.ethereum-tests.GeneralStateTests.stCallCreateCallCodeTest.callWithHighValue.test.GeneralStateTests_stCallCreateCallCodeTest_callWithHighValue_json_callWithHighValue_fork_Cancun_Prague_d0g0v0
generated.ethereum_tests.ethereum-tests.GeneralStateTests.stCallCreateCallCodeTest.callWithHighValueAndGasOOG.test.GeneralStateTests_stCallCreateCallCodeTest_callWithHighValueAndGasOOG_json_callWithHighValueAndGasOOG_fork_Cancun_Prague_d0g0v_0_1_
generated.ethereum_tests.ethereum-tests.GeneralStateTests.stCallCreateCallCodeTest.callWithHighValueAndOOGatTxLevel.test.GeneralStateTests_stCallCreateCallCodeTest_callWithHighValueAndOOGatTxLevel_json_callWithHighValueAndOOGatTxLevel_fork_Cancun_Prague_d0g0v_0_1_
generated.ethereum_tests.ethereum-tests.GeneralStateTests.stCallCreateCallCodeTest.callWithHighValueOOGinCall.test.GeneralStateTests_stCallCreateCallCodeTest_callWithHighValueOOGinCall_json_callWithHighValueOOGinCall_fork_Cancun_Prague_d0g0v0
generated.ethereum_tests.ethereum-tests.GeneralStateTests.stCallCreateCallCodeTest.callcodeOutput1.test.GeneralStateTests_stCallCreateCallCodeTest_callcodeOutput1_json_callcodeOutput1_fork_Cancun_Prague_d0g0v0
generated.ethereum_tests.ethereum-tests.GeneralStateTests.stCallCreateCallCodeTest.callcodeOutput2.test.GeneralStateTests_stCallCreateCallCodeTest_callcodeOutput2_json_callcodeOutput2_fork_Cancun_Prague_d0g0v0
generated.ethereum_tests.ethereum-tests.GeneralStateTests.stCallCreateCallCodeTest.callcodeOutput3.test.GeneralStateTests_stCallCreateCallCodeTest_callcodeOutput3_json_callcodeOutput3_fork_Cancun_Prague_d0g0v0
generated.ethereum_tests.ethereum-tests.GeneralStateTests.stCallCreateCallCodeTest.callcodeOutput3Fail.test.GeneralStateTests_stCallCreateCallCodeTest_callcodeOutput3Fail_json_callcodeOutput3Fail_fork_Cancun_Prague_d0g0v0
generated.ethereum_tests.ethereum-tests.GeneralStateTests.stCallCreateCallCodeTest.callcodeOutput3partial.test.GeneralStateTests_stCallCreateCallCodeTest_callcodeOutput3partial_json_callcodeOutput3partial_fork_Cancun_Prague_d0g0v0
generated.ethereum_tests.ethereum-tests.GeneralStateTests.stCallCreateCallCodeTest.callcodeOutput3partialFail.test.GeneralStateTests_stCallCreateCallCodeTest_callcodeOutput3partialFail_json_callcodeOutput3partialFail_fork_Cancun_Prague_d0g0v0
generated.ethereum_tests.ethereum-tests.GeneralStateTests.stCallCreateCallCodeTest.callcodeWithHighValue.test.GeneralStateTests_stCallCreateCallCodeTest_callcodeWithHighValue_json_callcodeWithHighValue_fork_Cancun_Prague_d0g0v0
generated.ethereum_tests.ethereum-tests.GeneralStateTests.stCallCreateCallCodeTest.callcodeWithHighValueAndGasOOG.test.GeneralStateTests_stCallCreateCallCodeTest_callcodeWithHighValueAndGasOOG_json_callcodeWithHighValueAndGasOOG_fork_Cancun_Prague_d0g0v0
generated.ethereum_tests.ethereum-tests.GeneralStateTests.stCallCreateCallCodeTest.contractCreationMakeCallThatAskMoreGasThenTransactionProvided.test.GeneralStateTests_stCallCreateCallCodeTest_contractCreationMakeCallThatAskMoreGasThenTransactionProvided_json_contractCreationMakeCallThatAskMoreGasThenTransactionProvided_fork_Cancun_Prague_d0g_0_1_v0
generated.ethereum_tests.ethereum-tests.GeneralStateTests.stCallCreateCallCodeTest.createFailBalanceTooLow.test.GeneralStateTests_stCallCreateCallCodeTest_createFailBalanceTooLow_json_createFailBalanceTooLow_fork_Cancun_Prague_d0g0v_0_1_
generated.ethereum_tests.ethereum-tests.GeneralStateTests.stCallCreateCallCodeTest.createInitFailBadJumpDestination.test.GeneralStateTests_stCallCreateCallCodeTest_createInitFailBadJumpDestination_json_createInitFailBadJumpDestination_fork_Cancun_Prague_d0g0v0
generated.ethereum_tests.ethereum-tests.GeneralStateTests.stCallCreateCallCodeTest.createInitFailBadJumpDestination2.test.GeneralStateTests_stCallCreateCallCodeTest_createInitFailBadJumpDestination2_json_createInitFailBadJumpDestination2_fork_Cancun_Prague_d0g0v0
generated.ethereum_tests.ethereum-tests.GeneralStateTests.stCallCreateCallCodeTest.createInitFailStackSizeLargerThan1024.test.GeneralStateTests_stCallCreateCallCodeTest_createInitFailStackSizeLargerThan1024_json_createInitFailStackSizeLargerThan1024_fork_Cancun_Prague_d0g0v0
generated.ethereum_tests.ethereum-tests.GeneralStateTests.stCallCreateCallCodeTest.createInitFailStackUnderflow.test.GeneralStateTests_stCallCreateCallCodeTest_createInitFailStackUnderflow_json_createInitFailStackUnderflow_fork_Cancun_Prague_d0g0v0
generated.ethereum_tests.ethereum-tests.GeneralStateTests.stCallCreateCallCodeTest.createInitFailUndefinedInstruction.test.GeneralStateTests_stCallCreateCallCodeTest_createInitFailUndefinedInstruction_json_createInitFailUndefinedInstruction_fork_Cancun_Prague_d0g0v0
generated.ethereum_tests.ethereum-tests.GeneralStateTests.stCallCreateCallCodeTest.createInitFailUndefinedInstruction2.test.GeneralStateTests_stCallCreateCallCodeTest_createInitFailUndefinedInstruction2_json_createInitFailUndefinedInstruction2_fork_Cancun_Prague_d0g0v0
generated.ethereum_tests.ethereum-tests.GeneralStateTests.stCallCreateCallCodeTest.createInitFail_OOGduringInit.test.GeneralStateTests_stCallCreateCallCodeTest_createInitFail_OOGduringInit_json_createInitFail_OOGduringInit_fork_Cancun_Prague_d0g0v0
generated.ethereum_tests.ethereum-tests.GeneralStateTests.stCallCreateCallCodeTest.createInitFail_OOGduringInit2.test.GeneralStateTests_stCallCreateCallCodeTest_createInitFail_OOGduringInit2_json_createInitFail_OOGduringInit2_fork_Cancun_Prague_d0g0v0
generated.ethereum_tests.ethereum-tests.GeneralStateTests.stCallCreateCallCodeTest.createInitOOGforCREATE.test.GeneralStateTests_stCallCreateCallCodeTest_createInitOOGforCREATE_json_createInitOOGforCREATE_fork_Cancun_Prague_d0g_0_1_v0
generated.ethereum_tests.ethereum-tests.GeneralStateTests.stCallCreateCallCodeTest.createJS_ExampleContract.test.GeneralStateTests_stCallCreateCallCodeTest_createJS_ExampleContract_json_createJS_ExampleContract_fork_Cancun_Prague_d0g0v0
generated.ethereum_tests.ethereum-tests.GeneralStateTests.stCallCreateCallCodeTest.createJS_NoCollision.test.GeneralStateTests_stCallCreateCallCodeTest_createJS_NoCollision_json_createJS_NoCollision_fork_Cancun_Prague_d0g0v0
generated.ethereum_tests.ethereum-tests.GeneralStateTests.stCallCreateCallCodeTest.createNameRegistratorPerTxs.test.GeneralStateTests_stCallCreateCallCodeTest_createNameRegistratorPerTxs_json_createNameRegistratorPerTxs_fork_Cancun_Prague_d0g0v0
generated.ethereum_tests.ethereum-tests.GeneralStateTests.stCallCreateCallCodeTest.createNameRegistratorPerTxsNotEnoughGas.test.GeneralStateTests_stCallCreateCallCodeTest_createNameRegistratorPerTxsNotEnoughGas_json_createNameRegistratorPerTxsNotEnoughGas_fork_Cancun_Prague_d0g_0_1_v0
generated.ethereum_tests.ethereum-tests.GeneralStateTests.stCallCreateCallCodeTest.createNameRegistratorPreStore1NotEnoughGas.test.GeneralStateTests_stCallCreateCallCodeTest_createNameRegistratorPreStore1NotEnoughGas_json_createNameRegistratorPreStore1NotEnoughGas_fork_Cancun_Prague_d0g0v0
generated.ethereum_tests.ethereum-tests.GeneralStateTests.stCallCreateCallCodeTest.createNameRegistratorendowmentTooHigh.test.GeneralStateTests_stCallCreateCallCodeTest_createNameRegistratorendowmentTooHigh_json_createNameRegistratorendowmentTooHigh_fork_Cancun_Prague_d0g0v0
generated.ethereum_tests.ethereum-tests.GeneralStateTests.stCallDelegateCodesCallCodeHomestead.callcallcallcode_001.test.GeneralStateTests_stCallDelegateCodesCallCodeHomestead_callcallcallcode_001_json_callcallcallcode_001_fork_Cancun_Prague_d0g0v0
generated.ethereum_tests.ethereum-tests.GeneralStateTests.stCallDelegateCodesCallCodeHomestead.callcallcallcode_001_OOGE.test.GeneralStateTests_stCallDelegateCodesCallCodeHomestead_callcallcallcode_001_OOGE_json_callcallcallcode_001_OOGE_fork_Cancun_Prague_d0g0v0
generated.ethereum_tests.ethereum-tests.GeneralStateTests.stCallDelegateCodesCallCodeHomestead.callcallcallcode_001_OOGMAfter.test.GeneralStateTests_stCallDelegateCodesCallCodeHomestead_callcallcallcode_001_OOGMAfter_json_callcallcallcode_001_OOGMAfter_fork_Cancun_Prague_d0g0v0
generated.ethereum_tests.ethereum-tests.GeneralStateTests.stCallDelegateCodesCallCodeHomestead.callcallcallcode_001_OOGMBefore.test.GeneralStateTests_stCallDelegateCodesCallCodeHomestead_callcallcallcode_001_OOGMBefore_json_callcallcallcode_001_OOGMBefore_fork_Cancun_Prague_d0g0v0
generated.ethereum_tests.ethereum-tests.GeneralStateTests.stCallDelegateCodesCallCodeHomestead.callcallcallcode_001_SuicideEnd.test.GeneralStateTests_stCallDelegateCodesCallCodeHomestead_callcallcallcode_001_SuicideEnd_json_callcallcallcode_001_SuicideEnd_fork_Cancun_Prague_d0g0v0
generated.ethereum_tests.ethereum-tests.GeneralStateTests.stCallDelegateCodesCallCodeHomestead.callcallcallcode_001_SuicideMiddle.test.GeneralStateTests_stCallDelegateCodesCallCodeHomestead_callcallcallcode_001_SuicideMiddle_json_callcallcallcode_001_SuicideMiddle_fork_Cancun_Prague_d0g0v0
generated.ethereum_tests.ethereum-tests.GeneralStateTests.stCallDelegateCodesCallCodeHomestead.callcallcallcode_ABCB_RECURSIVE.test.GeneralStateTests_stCallDelegateCodesCallCodeHomestead_callcallcallcode_ABCB_RECURSIVE_json_callcallcallcode_ABCB_RECURSIVE_fork_Cancun_Prague_d0g0v0
generated.ethereum_tests.ethereum-tests.GeneralStateTests.stCallDelegateCodesCallCodeHomestead.callcallcode_01.test.GeneralStateTests_stCallDelegateCodesCallCodeHomestead_callcallcode_01_json_callcallcode_01_fork_Cancun_Prague_d0g0v0
generated.ethereum_tests.ethereum-tests.GeneralStateTests.stCallDelegateCodesCallCodeHomestead.callcallcode_01_OOGE.test.GeneralStateTests_stCallDelegateCodesCallCodeHomestead_callcallcode_01_OOGE_json_callcallcode_01_OOGE_fork_Cancun_Prague_d0g0v0
generated.ethereum_tests.ethereum-tests.GeneralStateTests.stCallDelegateCodesCallCodeHomestead.callcallcode_01_SuicideEnd.test.GeneralStateTests_stCallDelegateCodesCallCodeHomestead_callcallcode_01_SuicideEnd_json_callcallcode_01_SuicideEnd_fork_Cancun_Prague_d0g0v0
generated.ethereum_tests.ethereum-tests.GeneralStateTests.stCallDelegateCodesCallCodeHomestead.callcallcodecall_010.test.GeneralStateTests_stCallDelegateCodesCallCodeHomestead_callcallcodecall_010_json_callcallcodecall_010_fork_Cancun_Prague_d0g0v0
generated.ethereum_tests.ethereum-tests.GeneralStateTests.stCallDelegateCodesCallCodeHomestead.callcallcodecall_010_OOGE.test.GeneralStateTests_stCallDelegateCodesCallCodeHomestead_callcallcodecall_010_OOGE_json_callcallcodecall_010_OOGE_fork_Cancun_Prague_d0g0v0
generated.ethereum_tests.ethereum-tests.GeneralStateTests.stCallDelegateCodesCallCodeHomestead.callcallcodecall_010_OOGMAfter.test.GeneralStateTests_stCallDelegateCodesCallCodeHomestead_callcallcodecall_010_OOGMAfter_json_callcallcodecall_010_OOGMAfter_fork_Cancun_Prague_d0g0v0
generated.ethereum_tests.ethereum-tests.GeneralStateTests.stCallDelegateCodesCallCodeHomestead.callcallcodecall_010_OOGMBefore.test.GeneralStateTests_stCallDelegateCodesCallCodeHomestead_callcallcodecall_010_OOGMBefore_json_callcallcodecall_010_OOGMBefore_fork_Cancun_Prague_d0g0v0
generated.ethereum_tests.ethereum-tests.GeneralStateTests.stCallDelegateCodesCallCodeHomestead.callcallcodecall_010_SuicideEnd.test.GeneralStateTests_stCallDelegateCodesCallCodeHomestead_callcallcodecall_010_SuicideEnd_json_callcallcodecall_010_SuicideEnd_fork_Cancun_Prague_d0g0v0
generated.ethereum_tests.ethereum-tests.GeneralStateTests.stCallDelegateCodesCallCodeHomestead.callcallcodecall_010_SuicideMiddle.test.GeneralStateTests_stCallDelegateCodesCallCodeHomestead_callcallcodecall_010_SuicideMiddle_json_callcallcodecall_010_SuicideMiddle_fork_Cancun_Prague_d0g0v0
generated.ethereum_tests.ethereum-tests.GeneralStateTests.stCallDelegateCodesCallCodeHomestead.callcallcodecall_ABCB_RECURSIVE.test.GeneralStateTests_stCallDelegateCodesCallCodeHomestead_callcallcodecall_ABCB_RECURSIVE_json_callcallcodecall_ABCB_RECURSIVE_fork_Cancun_Prague_d0g0v0
generated.ethereum_tests.ethereum-tests.GeneralStateTests.stCallDelegateCodesCallCodeHomestead.callcallcodecallcode_011.test.GeneralStateTests_stCallDelegateCodesCallCodeHomestead_callcallcodecallcode_011_json_callcallcodecallcode_011_fork_Cancun_Prague_d0g0v0
generated.ethereum_tests.ethereum-tests.GeneralStateTests.stCallDelegateCodesCallCodeHomestead.callcallcodecallcode_011_OOGE.test.GeneralStateTests_stCallDelegateCodesCallCodeHomestead_callcallcodecallcode_011_OOGE_json_callcallcodecallcode_011_OOGE_fork_Cancun_Prague_d0g0v0
generated.ethereum_tests.ethereum-tests.GeneralStateTests.stCallDelegateCodesCallCodeHomestead.callcallcodecallcode_011_OOGMAfter.test.GeneralStateTests_stCallDelegateCodesCallCodeHomestead_callcallcodecallcode_011_OOGMAfter_json_callcallcodecallcode_011_OOGMAfter_fork_Cancun_Prague_d0g0v0
generated.ethereum_tests.ethereum-tests.GeneralStateTests.stCallDelegateCodesCallCodeHomestead.callcallcodecallcode_011_OOGMBefore.test.GeneralStateTests_stCallDelegateCodesCallCodeHomestead_callcallcodecallcode_011_OOGMBefore_json_callcallcodecallcode_011_OOGMBefore_fork_Cancun_Prague_d0g0v0
generated.ethereum_tests.ethereum-tests.GeneralStateTests.stCallDelegateCodesCallCodeHomestead.callcallcodecallcode_011_SuicideEnd.test.GeneralStateTests_stCallDelegateCodesCallCodeHomestead_callcallcodecallcode_011_SuicideEnd_json_callcallcodecallcode_011_SuicideEnd_fork_Cancun_Prague_d0g0v0
generated.ethereum_tests.ethereum-tests.GeneralStateTests.stCallDelegateCodesCallCodeHomestead.callcallcodecallcode_011_SuicideMiddle.test.GeneralStateTests_stCallDelegateCodesCallCodeHomestead_callcallcodecallcode_011_SuicideMiddle_json_callcallcodecallcode_011_SuicideMiddle_fork_Cancun_Prague_d0g0v0
generated.ethereum_tests.ethereum-tests.GeneralStateTests.stCallDelegateCodesCallCodeHomestead.callcallcodecallcode_ABCB_RECURSIVE.test.GeneralStateTests_stCallDelegateCodesCallCodeHomestead_callcallcodecallcode_ABCB_RECURSIVE_json_callcallcodecallcode_ABCB_RECURSIVE_fork_Cancun_Prague_d0g0v0
generated.ethereum_tests.ethereum-tests.GeneralStateTests.stCallDelegateCodesCallCodeHomestead.callcodecall_10.test.GeneralStateTests_stCallDelegateCodesCallCodeHomestead_callcodecall_10_json_callcodecall_10_fork_Cancun_Prague_d0g0v0
generated.ethereum_tests.ethereum-tests.GeneralStateTests.stCallDelegateCodesCallCodeHomestead.callcodecall_10_OOGE.test.GeneralStateTests_stCallDelegateCodesCallCodeHomestead_callcodecall_10_OOGE_json_callcodecall_10_OOGE_fork_Cancun_Prague_d0g0v0
generated.ethereum_tests.ethereum-tests.GeneralStateTests.stCallDelegateCodesCallCodeHomestead.callcodecall_10_SuicideEnd.test.GeneralStateTests_stCallDelegateCodesCallCodeHomestead_callcodecall_10_SuicideEnd_json_callcodecall_10_SuicideEnd_fork_Cancun_Prague_d0g0v0
generated.ethereum_tests.ethereum-tests.GeneralStateTests.stCallDelegateCodesCallCodeHomestead.callcodecallcall_100.test.GeneralStateTests_stCallDelegateCodesCallCodeHomestead_callcodecallcall_100_json_callcodecallcall_100_fork_Cancun_Prague_d0g0v0
generated.ethereum_tests.ethereum-tests.GeneralStateTests.stCallDelegateCodesCallCodeHomestead.callcodecallcall_100_OOGE.test.GeneralStateTests_stCallDelegateCodesCallCodeHomestead_callcodecallcall_100_OOGE_json_callcodecallcall_100_OOGE_fork_Cancun_Prague_d0g0v0
generated.ethereum_tests.ethereum-tests.GeneralStateTests.stCallDelegateCodesCallCodeHomestead.callcodecallcall_100_OOGMAfter.test.GeneralStateTests_stCallDelegateCodesCallCodeHomestead_callcodecallcall_100_OOGMAfter_json_callcodecallcall_100_OOGMAfter_fork_Cancun_Prague_d0g0v0
generated.ethereum_tests.ethereum-tests.GeneralStateTests.stCallDelegateCodesCallCodeHomestead.callcodecallcall_100_OOGMBefore.test.GeneralStateTests_stCallDelegateCodesCallCodeHomestead_callcodecallcall_100_OOGMBefore_json_callcodecallcall_100_OOGMBefore_fork_Cancun_Prague_d0g0v0
generated.ethereum_tests.ethereum-tests.GeneralStateTests.stCallDelegateCodesCallCodeHomestead.callcodecallcall_100_SuicideEnd.test.GeneralStateTests_stCallDelegateCodesCallCodeHomestead_callcodecallcall_100_SuicideEnd_json_callcodecallcall_100_SuicideEnd_fork_Cancun_Prague_d0g0v0
generated.ethereum_tests.ethereum-tests.GeneralStateTests.stCallDelegateCodesCallCodeHomestead.callcodecallcall_100_SuicideMiddle.test.GeneralStateTests_stCallDelegateCodesCallCodeHomestead_callcodecallcall_100_SuicideMiddle_json_callcodecallcall_100_SuicideMiddle_fork_Cancun_Prague_d0g0v0
generated.ethereum_tests.ethereum-tests.GeneralStateTests.stCallDelegateCodesCallCodeHomestead.callcodecallcall_ABCB_RECURSIVE.test.GeneralStateTests_stCallDelegateCodesCallCodeHomestead_callcodecallcall_ABCB_RECURSIVE_json_callcodecallcall_ABCB_RECURSIVE_fork_Cancun_Prague_d0g0v0
generated.ethereum_tests.ethereum-tests.GeneralStateTests.stCallDelegateCodesCallCodeHomestead.callcodecallcallcode_101.test.GeneralStateTests_stCallDelegateCodesCallCodeHomestead_callcodecallcallcode_101_json_callcodecallcallcode_101_fork_Cancun_Prague_d0g0v0
generated.ethereum_tests.ethereum-tests.GeneralStateTests.stCallDelegateCodesCallCodeHomestead.callcodecallcallcode_101_OOGE.test.GeneralStateTests_stCallDelegateCodesCallCodeHomestead_callcodecallcallcode_101_OOGE_json_callcodecallcallcode_101_OOGE_fork_Cancun_Prague_d0g0v0
generated.ethereum_tests.ethereum-tests.GeneralStateTests.stCallDelegateCodesCallCodeHomestead.callcodecallcallcode_101_OOGMAfter.test.GeneralStateTests_stCallDelegateCodesCallCodeHomestead_callcodecallcallcode_101_OOGMAfter_json_callcodecallcallcode_101_OOGMAfter_fork_Cancun_Prague_d0g0v0
generated.ethereum_tests.ethereum-tests.GeneralStateTests.stCallDelegateCodesCallCodeHomestead.callcodecallcallcode_101_OOGMBefore.test.GeneralStateTests_stCallDelegateCodesCallCodeHomestead_callcodecallcallcode_101_OOGMBefore_json_callcodecallcallcode_101_OOGMBefore_fork_Cancun_Prague_d0g0v0
generated.ethereum_tests.ethereum-tests.GeneralStateTests.stCallDelegateCodesCallCodeHomestead.callcodecallcallcode_101_SuicideEnd.test.GeneralStateTests_stCallDelegateCodesCallCodeHomestead_callcodecallcallcode_101_SuicideEnd_json_callcodecallcallcode_101_SuicideEnd_fork_Cancun_Prague_d0g0v0
generated.ethereum_tests.ethereum-tests.GeneralStateTests.stCallDelegateCodesCallCodeHomestead.callcodecallcallcode_101_SuicideMiddle.test.GeneralStateTests_stCallDelegateCodesCallCodeHomestead_callcodecallcallcode_101_SuicideMiddle_json_callcodecallcallcode_101_SuicideMiddle_fork_Cancun_Prague_d0g0v0
generated.ethereum_tests.ethereum-tests.GeneralStateTests.stCallDelegateCodesCallCodeHomestead.callcodecallcallcode_ABCB_RECURSIVE.test.GeneralStateTests_stCallDelegateCodesCallCodeHomestead_callcodecallcallcode_ABCB_RECURSIVE_json_callcodecallcallcode_ABCB_RECURSIVE_fork_Cancun_Prague_d0g0v0
generated.ethereum_tests.ethereum-tests.GeneralStateTests.stCallDelegateCodesCallCodeHomestead.callcodecallcode_11.test.GeneralStateTests_stCallDelegateCodesCallCodeHomestead_callcodecallcode_11_json_callcodecallcode_11_fork_Cancun_Prague_d0g0v0
generated.ethereum_tests.ethereum-tests.GeneralStateTests.stCallDelegateCodesCallCodeHomestead.callcodecallcode_11_OOGE.test.GeneralStateTests_stCallDelegateCodesCallCodeHomestead_callcodecallcode_11_OOGE_json_callcodecallcode_11_OOGE_fork_Cancun_Prague_d0g0v0
generated.ethereum_tests.ethereum-tests.GeneralStateTests.stCallDelegateCodesCallCodeHomestead.callcodecallcode_11_SuicideEnd.test.GeneralStateTests_stCallDelegateCodesCallCodeHomestead_callcodecallcode_11_SuicideEnd_json_callcodecallcode_11_SuicideEnd_fork_Cancun_Prague_d0g0v0
generated.ethereum_tests.ethereum-tests.GeneralStateTests.stCallDelegateCodesCallCodeHomestead.callcodecallcodecall_110.test.GeneralStateTests_stCallDelegateCodesCallCodeHomestead_callcodecallcodecall_110_json_callcodecallcodecall_110_fork_Cancun_Prague_d0g0v0
generated.ethereum_tests.ethereum-tests.GeneralStateTests.stCallDelegateCodesCallCodeHomestead.callcodecallcodecall_110_OOGE.test.GeneralStateTests_stCallDelegateCodesCallCodeHomestead_callcodecallcodecall_110_OOGE_json_callcodecallcodecall_110_OOGE_fork_Cancun_Prague_d0g0v0
generated.ethereum_tests.ethereum-tests.GeneralStateTests.stCallDelegateCodesCallCodeHomestead.callcodecallcodecall_110_OOGMAfter.test.GeneralStateTests_stCallDelegateCodesCallCodeHomestead_callcodecallcodecall_110_OOGMAfter_json_callcodecallcodecall_110_OOGMAfter_fork_Cancun_Prague_d0g0v0
generated.ethereum_tests.ethereum-tests.GeneralStateTests.stCallDelegateCodesCallCodeHomestead.callcodecallcodecall_110_OOGMBefore.test.GeneralStateTests_stCallDelegateCodesCallCodeHomestead_callcodecallcodecall_110_OOGMBefore_json_callcodecallcodecall_110_OOGMBefore_fork_Cancun_Prague_d0g0v0
generated.ethereum_tests.ethereum-tests.GeneralStateTests.stCallDelegateCodesCallCodeHomestead.callcodecallcodecall_110_SuicideEnd.test.GeneralStateTests_stCallDelegateCodesCallCodeHomestead_callcodecallcodecall_110_SuicideEnd_json_callcodecallcodecall_110_SuicideEnd_fork_Cancun_Prague_d0g0v0
generated.ethereum_tests.ethereum-tests.GeneralStateTests.stCallDelegateCodesCallCodeHomestead.callcodecallcodecall_110_SuicideMiddle.test.GeneralStateTests_stCallDelegateCodesCallCodeHomestead_callcodecallcodecall_110_SuicideMiddle_json_callcodecallcodecall_110_SuicideMiddle_fork_Cancun_Prague_d0g0v0
generated.ethereum_tests.ethereum-tests.GeneralStateTests.stCallDelegateCodesCallCodeHomestead.callcodecallcodecall_ABCB_RECURSIVE.test.GeneralStateTests_stCallDelegateCodesCallCodeHomestead_callcodecallcodecall_ABCB_RECURSIVE_json_callcodecallcodecall_ABCB_RECURSIVE_fork_Cancun_Prague_d0g0v0
generated.ethereum_tests.ethereum-tests.GeneralStateTests.stCallDelegateCodesCallCodeHomestead.callcodecallcodecallcode_111.test.GeneralStateTests_stCallDelegateCodesCallCodeHomestead_callcodecallcodecallcode_111_json_callcodecallcodecallcode_111_fork_Cancun_Prague_d0g0v0
generated.ethereum_tests.ethereum-tests.GeneralStateTests.stCallDelegateCodesCallCodeHomestead.callcodecallcodecallcode_111_OOGE.test.GeneralStateTests_stCallDelegateCodesCallCodeHomestead_callcodecallcodecallcode_111_OOGE_json_callcodecallcodecallcode_111_OOGE_fork_Cancun_Prague_d0g0v0
generated.ethereum_tests.ethereum-tests.GeneralStateTests.stCallDelegateCodesCallCodeHomestead.callcodecallcodecallcode_111_OOGMAfter.test.GeneralStateTests_stCallDelegateCodesCallCodeHomestead_callcodecallcodecallcode_111_OOGMAfter_json_callcodecallcodecallcode_111_OOGMAfter_fork_Cancun_Prague_d0g0v0
generated.ethereum_tests.ethereum-tests.GeneralStateTests.stCallDelegateCodesCallCodeHomestead.callcodecallcodecallcode_111_OOGMBefore.test.GeneralStateTests_stCallDelegateCodesCallCodeHomestead_callcodecallcodecallcode_111_OOGMBefore_json_callcodecallcodecallcode_111_OOGMBefore_fork_Cancun_Prague_d0g0v0
generated.ethereum_tests.ethereum-tests.GeneralStateTests.stCallDelegateCodesCallCodeHomestead.callcodecallcodecallcode_111_SuicideEnd.test.GeneralStateTests_stCallDelegateCodesCallCodeHomestead_callcodecallcodecallcode_111_SuicideEnd_json_callcodecallcodecallcode_111_SuicideEnd_fork_Cancun_Prague_d0g0v0
generated.ethereum_tests.ethereum-tests.GeneralStateTests.stCallDelegateCodesCallCodeHomestead.callcodecallcodecallcode_111_SuicideMiddle.test.GeneralStateTests_stCallDelegateCodesCallCodeHomestead_callcodecallcodecallcode_111_SuicideMiddle_json_callcodecallcodecallcode_111_SuicideMiddle_fork_Cancun_Prague_d0g0v0
generated.ethereum_tests.ethereum-tests.GeneralStateTests.stCallDelegateCodesCallCodeHomestead.callcodecallcodecallcode_ABCB_RECURSIVE.test.GeneralStateTests_stCallDelegateCodesCallCodeHomestead_callcodecallcodecallcode_ABCB_RECURSIVE_json_callcodecallcodecallcode_ABCB_RECURSIVE_fork_Cancun_Prague_d0g0v0
generated.ethereum_tests.ethereum-tests.GeneralStateTests.stCallDelegateCodesHomestead.callcallcallcode_001.test.GeneralStateTests_stCallDelegateCodesHomestead_callcallcallcode_001_json_callcallcallcode_001_fork_Cancun_Prague_d0g0v0
generated.ethereum_tests.ethereum-tests.GeneralStateTests.stCallDelegateCodesHomestead.callcallcallcode_001_OOGE.test.GeneralStateTests_stCallDelegateCodesHomestead_callcallcallcode_001_OOGE_json_callcallcallcode_001_OOGE_fork_Cancun_Prague_d0g0v0
generated.ethereum_tests.ethereum-tests.GeneralStateTests.stCallDelegateCodesHomestead.callcallcallcode_001_OOGMAfter.test.GeneralStateTests_stCallDelegateCodesHomestead_callcallcallcode_001_OOGMAfter_json_callcallcallcode_001_OOGMAfter_fork_Cancun_Prague_d0g0v0
generated.ethereum_tests.ethereum-tests.GeneralStateTests.stCallDelegateCodesHomestead.callcallcallcode_001_OOGMBefore.test.GeneralStateTests_stCallDelegateCodesHomestead_callcallcallcode_001_OOGMBefore_json_callcallcallcode_001_OOGMBefore_fork_Cancun_Prague_d0g0v0
generated.ethereum_tests.ethereum-tests.GeneralStateTests.stCallDelegateCodesHomestead.callcallcallcode_001_SuicideEnd.test.GeneralStateTests_stCallDelegateCodesHomestead_callcallcallcode_001_SuicideEnd_json_callcallcallcode_001_SuicideEnd_fork_Cancun_Prague_d0g0v0
generated.ethereum_tests.ethereum-tests.GeneralStateTests.stCallDelegateCodesHomestead.callcallcallcode_001_SuicideMiddle.test.GeneralStateTests_stCallDelegateCodesHomestead_callcallcallcode_001_SuicideMiddle_json_callcallcallcode_001_SuicideMiddle_fork_Cancun_Prague_d0g0v0
generated.ethereum_tests.ethereum-tests.GeneralStateTests.stCallDelegateCodesHomestead.callcallcallcode_ABCB_RECURSIVE.test.GeneralStateTests_stCallDelegateCodesHomestead_callcallcallcode_ABCB_RECURSIVE_json_callcallcallcode_ABCB_RECURSIVE_fork_Cancun_Prague_d0g0v0
generated.ethereum_tests.ethereum-tests.GeneralStateTests.stCallDelegateCodesHomestead.callcallcode_01.test.GeneralStateTests_stCallDelegateCodesHomestead_callcallcode_01_json_callcallcode_01_fork_Cancun_Prague_d0g0v0
generated.ethereum_tests.ethereum-tests.GeneralStateTests.stCallDelegateCodesHomestead.callcallcode_01_OOGE.test.GeneralStateTests_stCallDelegateCodesHomestead_callcallcode_01_OOGE_json_callcallcode_01_OOGE_fork_Cancun_Prague_d0g0v0
generated.ethereum_tests.ethereum-tests.GeneralStateTests.stCallDelegateCodesHomestead.callcallcode_01_SuicideEnd.test.GeneralStateTests_stCallDelegateCodesHomestead_callcallcode_01_SuicideEnd_json_callcallcode_01_SuicideEnd_fork_Cancun_Prague_d0g0v0
generated.ethereum_tests.ethereum-tests.GeneralStateTests.stCallDelegateCodesHomestead.callcallcodecall_010.test.GeneralStateTests_stCallDelegateCodesHomestead_callcallcodecall_010_json_callcallcodecall_010_fork_Cancun_Prague_d0g0v0
generated.ethereum_tests.ethereum-tests.GeneralStateTests.stCallDelegateCodesHomestead.callcallcodecall_010_OOGE.test.GeneralStateTests_stCallDelegateCodesHomestead_callcallcodecall_010_OOGE_json_callcallcodecall_010_OOGE_fork_Cancun_Prague_d0g0v0
generated.ethereum_tests.ethereum-tests.GeneralStateTests.stCallDelegateCodesHomestead.callcallcodecall_010_OOGMAfter.test.GeneralStateTests_stCallDelegateCodesHomestead_callcallcodecall_010_OOGMAfter_json_callcallcodecall_010_OOGMAfter_fork_Cancun_Prague_d0g0v0
generated.ethereum_tests.ethereum-tests.GeneralStateTests.stCallDelegateCodesHomestead.callcallcodecall_010_OOGMBefore.test.GeneralStateTests_stCallDelegateCodesHomestead_callcallcodecall_010_OOGMBefore_json_callcallcodecall_010_OOGMBefore_fork_Cancun_Prague_d0g0v0
generated.ethereum_tests.ethereum-tests.GeneralStateTests.stCallDelegateCodesHomestead.callcallcodecall_010_SuicideEnd.test.GeneralStateTests_stCallDelegateCodesHomestead_callcallcodecall_010_SuicideEnd_json_callcallcodecall_010_SuicideEnd_fork_Cancun_Prague_d0g0v0
generated.ethereum_tests.ethereum-tests.GeneralStateTests.stCallDelegateCodesHomestead.callcallcodecall_010_SuicideMiddle.test.GeneralStateTests_stCallDelegateCodesHomestead_callcallcodecall_010_SuicideMiddle_json_callcallcodecall_010_SuicideMiddle_fork_Cancun_Prague_d0g0v0
generated.ethereum_tests.ethereum-tests.GeneralStateTests.stCallDelegateCodesHomestead.callcallcodecall_ABCB_RECURSIVE.test.GeneralStateTests_stCallDelegateCodesHomestead_callcallcodecall_ABCB_RECURSIVE_json_callcallcodecall_ABCB_RECURSIVE_fork_Cancun_Prague_d0g0v0
generated.ethereum_tests.ethereum-tests.GeneralStateTests.stCallDelegateCodesHomestead.callcallcodecallcode_011.test.GeneralStateTests_stCallDelegateCodesHomestead_callcallcodecallcode_011_json_callcallcodecallcode_011_fork_Cancun_Prague_d0g0v0
generated.ethereum_tests.ethereum-tests.GeneralStateTests.stCallDelegateCodesHomestead.callcallcodecallcode_011_OOGE.test.GeneralStateTests_stCallDelegateCodesHomestead_callcallcodecallcode_011_OOGE_json_callcallcodecallcode_011_OOGE_fork_Cancun_Prague_d0g0v0
generated.ethereum_tests.ethereum-tests.GeneralStateTests.stCallDelegateCodesHomestead.callcallcodecallcode_011_OOGMAfter.test.GeneralStateTests_stCallDelegateCodesHomestead_callcallcodecallcode_011_OOGMAfter_json_callcallcodecallcode_011_OOGMAfter_fork_Cancun_Prague_d0g0v0
generated.ethereum_tests.ethereum-tests.GeneralStateTests.stCallDelegateCodesHomestead.callcallcodecallcode_011_OOGMBefore.test.GeneralStateTests_stCallDelegateCodesHomestead_callcallcodecallcode_011_OOGMBefore_json_callcallcodecallcode_011_OOGMBefore_fork_Cancun_Prague_d0g0v0
generated.ethereum_tests.ethereum-tests.GeneralStateTests.stCallDelegateCodesHomestead.callcallcodecallcode_011_SuicideEnd.test.GeneralStateTests_stCallDelegateCodesHomestead_callcallcodecallcode_011_SuicideEnd_json_callcallcodecallcode_011_SuicideEnd_fork_Cancun_Prague_d0g0v0
generated.ethereum_tests.ethereum-tests.GeneralStateTests.stCallDelegateCodesHomestead.callcallcodecallcode_011_SuicideMiddle.test.GeneralStateTests_stCallDelegateCodesHomestead_callcallcodecallcode_011_SuicideMiddle_json_callcallcodecallcode_011_SuicideMiddle_fork_Cancun_Prague_d0g0v0
generated.ethereum_tests.ethereum-tests.GeneralStateTests.stCallDelegateCodesHomestead.callcallcodecallcode_ABCB_RECURSIVE.test.GeneralStateTests_stCallDelegateCodesHomestead_callcallcodecallcode_ABCB_RECURSIVE_json_callcallcodecallcode_ABCB_RECURSIVE_fork_Cancun_Prague_d0g0v0
generated.ethereum_tests.ethereum-tests.GeneralStateTests.stCallDelegateCodesHomestead.callcodecall_10.test.GeneralStateTests_stCallDelegateCodesHomestead_callcodecall_10_json_callcodecall_10_fork_Cancun_Prague_d0g0v0
generated.ethereum_tests.ethereum-tests.GeneralStateTests.stCallDelegateCodesHomestead.callcodecall_10_OOGE.test.GeneralStateTests_stCallDelegateCodesHomestead_callcodecall_10_OOGE_json_callcodecall_10_OOGE_fork_Cancun_Prague_d0g0v0
generated.ethereum_tests.ethereum-tests.GeneralStateTests.stCallDelegateCodesHomestead.callcodecall_10_SuicideEnd.test.GeneralStateTests_stCallDelegateCodesHomestead_callcodecall_10_SuicideEnd_json_callcodecall_10_SuicideEnd_fork_Cancun_Prague_d0g0v0
generated.ethereum_tests.ethereum-tests.GeneralStateTests.stCallDelegateCodesHomestead.callcodecallcall_100.test.GeneralStateTests_stCallDelegateCodesHomestead_callcodecallcall_100_json_callcodecallcall_100_fork_Cancun_Prague_d0g0v0
generated.ethereum_tests.ethereum-tests.GeneralStateTests.stCallDelegateCodesHomestead.callcodecallcall_100_OOGE.test.GeneralStateTests_stCallDelegateCodesHomestead_callcodecallcall_100_OOGE_json_callcodecallcall_100_OOGE_fork_Cancun_Prague_d0g0v0
generated.ethereum_tests.ethereum-tests.GeneralStateTests.stCallDelegateCodesHomestead.callcodecallcall_100_OOGMAfter.test.GeneralStateTests_stCallDelegateCodesHomestead_callcodecallcall_100_OOGMAfter_json_callcodecallcall_100_OOGMAfter_fork_Cancun_Prague_d0g0v0
generated.ethereum_tests.ethereum-tests.GeneralStateTests.stCallDelegateCodesHomestead.callcodecallcall_100_OOGMBefore.test.GeneralStateTests_stCallDelegateCodesHomestead_callcodecallcall_100_OOGMBefore_json_callcodecallcall_100_OOGMBefore_fork_Cancun_Prague_d0g0v0
generated.ethereum_tests.ethereum-tests.GeneralStateTests.stCallDelegateCodesHomestead.callcodecallcall_100_SuicideEnd.test.GeneralStateTests_stCallDelegateCodesHomestead_callcodecallcall_100_SuicideEnd_json_callcodecallcall_100_SuicideEnd_fork_Cancun_Prague_d0g0v0
generated.ethereum_tests.ethereum-tests.GeneralStateTests.stCallDelegateCodesHomestead.callcodecallcall_100_SuicideMiddle.test.GeneralStateTests_stCallDelegateCodesHomestead_callcodecallcall_100_SuicideMiddle_json_callcodecallcall_100_SuicideMiddle_fork_Cancun_Prague_d0g0v0
generated.ethereum_tests.ethereum-tests.GeneralStateTests.stCallDelegateCodesHomestead.callcodecallcall_ABCB_RECURSIVE.test.GeneralStateTests_stCallDelegateCodesHomestead_callcodecallcall_ABCB_RECURSIVE_json_callcodecallcall_ABCB_RECURSIVE_fork_Cancun_Prague_d0g0v0
generated.ethereum_tests.ethereum-tests.GeneralStateTests.stCallDelegateCodesHomestead.callcodecallcallcode_101.test.GeneralStateTests_stCallDelegateCodesHomestead_callcodecallcallcode_101_json_callcodecallcallcode_101_fork_Cancun_Prague_d0g0v0
generated.ethereum_tests.ethereum-tests.GeneralStateTests.stCallDelegateCodesHomestead.callcodecallcallcode_101_OOGE.test.GeneralStateTests_stCallDelegateCodesHomestead_callcodecallcallcode_101_OOGE_json_callcodecallcallcode_101_OOGE_fork_Cancun_Prague_d0g0v0
generated.ethereum_tests.ethereum-tests.GeneralStateTests.stCallDelegateCodesHomestead.callcodecallcallcode_101_OOGMAfter.test.GeneralStateTests_stCallDelegateCodesHomestead_callcodecallcallcode_101_OOGMAfter_json_callcodecallcallcode_101_OOGMAfter_fork_Cancun_Prague_d0g0v0
generated.ethereum_tests.ethereum-tests.GeneralStateTests.stCallDelegateCodesHomestead.callcodecallcallcode_101_OOGMBefore.test.GeneralStateTests_stCallDelegateCodesHomestead_callcodecallcallcode_101_OOGMBefore_json_callcodecallcallcode_101_OOGMBefore_fork_Cancun_Prague_d0g0v0
generated.ethereum_tests.ethereum-tests.GeneralStateTests.stCallDelegateCodesHomestead.callcodecallcallcode_101_SuicideEnd.test.GeneralStateTests_stCallDelegateCodesHomestead_callcodecallcallcode_101_SuicideEnd_json_callcodecallcallcode_101_SuicideEnd_fork_Cancun_Prague_d0g0v0
generated.ethereum_tests.ethereum-tests.GeneralStateTests.stCallDelegateCodesHomestead.callcodecallcallcode_101_SuicideMiddle.test.GeneralStateTests_stCallDelegateCodesHomestead_callcodecallcallcode_101_SuicideMiddle_json_callcodecallcallcode_101_SuicideMiddle_fork_Cancun_Prague_d0g0v0
generated.ethereum_tests.ethereum-tests.GeneralStateTests.stCallDelegateCodesHomestead.callcodecallcallcode_ABCB_RECURSIVE.test.GeneralStateTests_stCallDelegateCodesHomestead_callcodecallcallcode_ABCB_RECURSIVE_json_callcodecallcallcode_ABCB_RECURSIVE_fork_Cancun_Prague_d0g0v0
generated.ethereum_tests.ethereum-tests.GeneralStateTests.stCallDelegateCodesHomestead.callcodecallcode_11.test.GeneralStateTests_stCallDelegateCodesHomestead_callcodecallcode_11_json_callcodecallcode_11_fork_Cancun_Prague_d0g0v0
generated.ethereum_tests.ethereum-tests.GeneralStateTests.stCallDelegateCodesHomestead.callcodecallcode_11_OOGE.test.GeneralStateTests_stCallDelegateCodesHomestead_callcodecallcode_11_OOGE_json_callcodecallcode_11_OOGE_fork_Cancun_Prague_d0g0v0
generated.ethereum_tests.ethereum-tests.GeneralStateTests.stCallDelegateCodesHomestead.callcodecallcode_11_SuicideEnd.test.GeneralStateTests_stCallDelegateCodesHomestead_callcodecallcode_11_SuicideEnd_json_callcodecallcode_11_SuicideEnd_fork_Cancun_Prague_d0g0v0
generated.ethereum_tests.ethereum-tests.GeneralStateTests.stCallDelegateCodesHomestead.callcodecallcodecall_110.test.GeneralStateTests_stCallDelegateCodesHomestead_callcodecallcodecall_110_json_callcodecallcodecall_110_fork_Cancun_Prague_d0g0v0
generated.ethereum_tests.ethereum-tests.GeneralStateTests.stCallDelegateCodesHomestead.callcodecallcodecall_110_OOGE.test.GeneralStateTests_stCallDelegateCodesHomestead_callcodecallcodecall_110_OOGE_json_callcodecallcodecall_110_OOGE_fork_Cancun_Prague_d0g0v0
generated.ethereum_tests.ethereum-tests.GeneralStateTests.stCallDelegateCodesHomestead.callcodecallcodecall_110_OOGMAfter.test.GeneralStateTests_stCallDelegateCodesHomestead_callcodecallcodecall_110_OOGMAfter_json_callcodecallcodecall_110_OOGMAfter_fork_Cancun_Prague_d0g0v0
generated.ethereum_tests.ethereum-tests.GeneralStateTests.stCallDelegateCodesHomestead.callcodecallcodecall_110_OOGMBefore.test.GeneralStateTests_stCallDelegateCodesHomestead_callcodecallcodecall_110_OOGMBefore_json_callcodecallcodecall_110_OOGMBefore_fork_Cancun_Prague_d0g0v0
generated.ethereum_tests.ethereum-tests.GeneralStateTests.stCallDelegateCodesHomestead.callcodecallcodecall_110_SuicideEnd.test.GeneralStateTests_stCallDelegateCodesHomestead_callcodecallcodecall_110_SuicideEnd_json_callcodecallcodecall_110_SuicideEnd_fork_Cancun_Prague_d0g0v0
generated.ethereum_tests.ethereum-tests.GeneralStateTests.stCallDelegateCodesHomestead.callcodecallcodecall_110_SuicideMiddle.test.GeneralStateTests_stCallDelegateCodesHomestead_callcodecallcodecall_110_SuicideMiddle_json_callcodecallcodecall_110_SuicideMiddle_fork_Cancun_Prague_d0g0v0
generated.ethereum_tests.ethereum-tests.GeneralStateTests.stCallDelegateCodesHomestead.callcodecallcodecall_ABCB_RECURSIVE.test.GeneralStateTests_stCallDelegateCodesHomestead_callcodecallcodecall_ABCB_RECURSIVE_json_callcodecallcodecall_ABCB_RECURSIVE_fork_Cancun_Prague_d0g0v0
generated.ethereum_tests.ethereum-tests.GeneralStateTests.stCallDelegateCodesHomestead.callcodecallcodecallcode_111.test.GeneralStateTests_stCallDelegateCodesHomestead_callcodecallcodecallcode_111_json_callcodecallcodecallcode_111_fork_Cancun_Prague_d0g0v0
generated.ethereum_tests.ethereum-tests.GeneralStateTests.stCallDelegateCodesHomestead.callcodecallcodecallcode_111_OOGE.test.GeneralStateTests_stCallDelegateCodesHomestead_callcodecallcodecallcode_111_OOGE_json_callcodecallcodecallcode_111_OOGE_fork_Cancun_Prague_d0g0v0
generated.ethereum_tests.ethereum-tests.GeneralStateTests.stCallDelegateCodesHomestead.callcodecallcodecallcode_111_OOGMAfter.test.GeneralStateTests_stCallDelegateCodesHomestead_callcodecallcodecallcode_111_OOGMAfter_json_callcodecallcodecallcode_111_OOGMAfter_fork_Cancun_Prague_d0g0v0
generated.ethereum_tests.ethereum-tests.GeneralStateTests.stCallDelegateCodesHomestead.callcodecallcodecallcode_111_OOGMBefore.test.GeneralStateTests_stCallDelegateCodesHomestead_callcodecallcodecallcode_111_OOGMBefore_json_callcodecallcodecallcode_111_OOGMBefore_fork_Cancun_Prague_d0g0v0
generated.ethereum_tests.ethereum-tests.GeneralStateTests.stCallDelegateCodesHomestead.callcodecallcodecallcode_111_SuicideEnd.test.GeneralStateTests_stCallDelegateCodesHomestead_callcodecallcodecallcode_111_SuicideEnd_json_callcodecallcodecallcode_111_SuicideEnd_fork_Cancun_Prague_d0g0v0
generated.ethereum_tests.ethereum-tests.GeneralStateTests.stCallDelegateCodesHomestead.callcodecallcodecallcode_111_SuicideMiddle.test.GeneralStateTests_stCallDelegateCodesHomestead_callcodecallcodecallcode_111_SuicideMiddle_json_callcodecallcodecallcode_111_SuicideMiddle_fork_Cancun_Prague_d0g0v0
generated.ethereum_tests.ethereum-tests.GeneralStateTests.stCallDelegateCodesHomestead.callcodecallcodecallcode_ABCB_RECURSIVE.test.GeneralStateTests_stCallDelegateCodesHomestead_callcodecallcodecallcode_ABCB_RECURSIVE_json_callcodecallcodecallcode_ABCB_RECURSIVE_fork_Cancun_Prague_d0g0v0
generated.ethereum_tests.ethereum-tests.GeneralStateTests.stChainId.chainId.test.GeneralStateTests_stChainId_chainId_json_chainId_fork_Cancun_Prague_d0g0v0
generated.ethereum_tests.ethereum-tests.GeneralStateTests.stChainId.chainIdGasCost.test.GeneralStateTests_stChainId_chainIdGasCost_json_chainIdGasCost_fork_Cancun_Prague_d0g0v0
generated.ethereum_tests.ethereum-tests.GeneralStateTests.stCodeCopyTest.ExtCodeCopyTargetRangeLongerThanCodeTests.test.GeneralStateTests_stCodeCopyTest_ExtCodeCopyTargetRangeLongerThanCodeTests_json_ExtCodeCopyTargetRangeLongerThanCodeTests_fork_Cancun_Prague_d0g0v0
generated.ethereum_tests.ethereum-tests.GeneralStateTests.stCodeCopyTest.ExtCodeCopyTestsParis.test.GeneralStateTests_stCodeCopyTest_ExtCodeCopyTestsParis_json_ExtCodeCopyTestsParis_fork_Cancun_Prague_d0g0v0
generated.ethereum_tests.ethereum-tests.GeneralStateTests.stCodeSizeLimit.codesizeInit.test.GeneralStateTests_stCodeSizeLimit_codesizeInit_json_codesizeInit_fork_Cancun_Prague_d0g0v0
generated.ethereum_tests.ethereum-tests.GeneralStateTests.stCodeSizeLimit.codesizeOOGInvalidSize.test.GeneralStateTests_stCodeSizeLimit_codesizeOOGInvalidSize_json_codesizeOOGInvalidSize_fork_Cancun_Prague_d_0_1_g0v0
generated.ethereum_tests.ethereum-tests.GeneralStateTests.stCodeSizeLimit.codesizeValid.test.GeneralStateTests_stCodeSizeLimit_codesizeValid_json_codesizeValid_fork_Cancun_Prague_d_0_1_g0v0
generated.ethereum_tests.ethereum-tests.GeneralStateTests.stCodeSizeLimit.create2CodeSizeLimit.test.GeneralStateTests_stCodeSizeLimit_create2CodeSizeLimit_json_create2CodeSizeLimit_fork_Cancun_Prague_d_0_1_g0v0
generated.ethereum_tests.ethereum-tests.GeneralStateTests.stCodeSizeLimit.createCodeSizeLimit.test.GeneralStateTests_stCodeSizeLimit_createCodeSizeLimit_json_createCodeSizeLimit_fork_Cancun_Prague_d_0_1_g0v0
generated.ethereum_tests.ethereum-tests.GeneralStateTests.stCreate2.CREATE2_Bounds.test.GeneralStateTests_stCreate2_CREATE2_Bounds_json_CREATE2_Bounds_fork_Cancun_Prague_d0g_0_1_v0
generated.ethereum_tests.ethereum-tests.GeneralStateTests.stCreate2.CREATE2_Bounds2.test.GeneralStateTests_stCreate2_CREATE2_Bounds2_json_CREATE2_Bounds2_fork_Cancun_Prague_d0g_0_1_v0
generated.ethereum_tests.ethereum-tests.GeneralStateTests.stCreate2.CREATE2_Bounds3.test.GeneralStateTests_stCreate2_CREATE2_Bounds3_json_CREATE2_Bounds3_fork_Cancun_Prague_d0g_0_2_v0
generated.ethereum_tests.ethereum-tests.GeneralStateTests.stCreate2.CREATE2_ContractSuicideDuringInit_ThenStoreThenReturn.test.GeneralStateTests_stCreate2_CREATE2_ContractSuicideDuringInit_ThenStoreThenReturn_json_CREATE2_ContractSuicideDuringInit_ThenStoreThenReturn_fork_Cancun_Prague_d0g0v0
generated.ethereum_tests.ethereum-tests.GeneralStateTests.stCreate2.CREATE2_FirstByte_loop.test.GeneralStateTests_stCreate2_CREATE2_FirstByte_loop_json_CREATE2_FirstByte_loop_fork_Cancun_Prague_d0g0v0
generated.ethereum_tests.ethereum-tests.GeneralStateTests.stCreate2.CREATE2_HighNonce.test.GeneralStateTests_stCreate2_CREATE2_HighNonce_json_CREATE2_HighNonce_fork_Cancun_Prague_d0g0v0
generated.ethereum_tests.ethereum-tests.GeneralStateTests.stCreate2.CREATE2_HighNonceDelegatecall.test.GeneralStateTests_stCreate2_CREATE2_HighNonceDelegatecall_json_CREATE2_HighNonceDelegatecall_fork_Cancun_Prague_d_0_23_g0v0
generated.ethereum_tests.ethereum-tests.GeneralStateTests.stCreate2.CREATE2_HighNonceMinus1.test.GeneralStateTests_stCreate2_CREATE2_HighNonceMinus1_json_CREATE2_HighNonceMinus1_fork_Cancun_Prague_d0g0v0
generated.ethereum_tests.ethereum-tests.GeneralStateTests.stCreate2.CREATE2_Suicide.test.GeneralStateTests_stCreate2_CREATE2_Suicide_json_CREATE2_Suicide_fork_Cancun_Prague_d_0_11_g0v0
generated.ethereum_tests.ethereum-tests.GeneralStateTests.stCreate2.Create2OOGFromCallRefunds.test.GeneralStateTests_stCreate2_Create2OOGFromCallRefunds_json_Create2OOGFromCallRefunds_fork_Cancun_Prague_d_0_23_g0v0
generated.ethereum_tests.ethereum-tests.GeneralStateTests.stCreate2.Create2OOGafterInitCode.test.GeneralStateTests_stCreate2_Create2OOGafterInitCode_json_Create2OOGafterInitCode_fork_Cancun_Prague_d0g_0_1_v0
generated.ethereum_tests.ethereum-tests.GeneralStateTests.stCreate2.Create2OOGafterInitCodeReturndata.test.GeneralStateTests_stCreate2_Create2OOGafterInitCodeReturndata_json_Create2OOGafterInitCodeReturndata_fork_Cancun_Prague_d0g_0_1_v0
generated.ethereum_tests.ethereum-tests.GeneralStateTests.stCreate2.Create2OOGafterInitCodeReturndata2.test.GeneralStateTests_stCreate2_Create2OOGafterInitCodeReturndata2_json_Create2OOGafterInitCodeReturndata2_fork_Cancun_Prague_d0g_0_1_v0
generated.ethereum_tests.ethereum-tests.GeneralStateTests.stCreate2.Create2OOGafterInitCodeReturndata3.test.GeneralStateTests_stCreate2_Create2OOGafterInitCodeReturndata3_json_Create2OOGafterInitCodeReturndata3_fork_Cancun_Prague_d0g0v0
generated.ethereum_tests.ethereum-tests.GeneralStateTests.stCreate2.Create2OOGafterInitCodeReturndataSize.test.GeneralStateTests_stCreate2_Create2OOGafterInitCodeReturndataSize_json_Create2OOGafterInitCodeReturndataSize_fork_Cancun_Prague_d0g0v0
generated.ethereum_tests.ethereum-tests.GeneralStateTests.stCreate2.Create2OOGafterInitCodeRevert.test.GeneralStateTests_stCreate2_Create2OOGafterInitCodeRevert_json_Create2OOGafterInitCodeRevert_fork_Cancun_Prague_d0g0v0
generated.ethereum_tests.ethereum-tests.GeneralStateTests.stCreate2.Create2OOGafterInitCodeRevert2.test.GeneralStateTests_stCreate2_Create2OOGafterInitCodeRevert2_json_Create2OOGafterInitCodeRevert2_fork_Cancun_Prague_d0g0v0
generated.ethereum_tests.ethereum-tests.GeneralStateTests.stCreate2.Create2OnDepth1023.test.GeneralStateTests_stCreate2_Create2OnDepth1023_json_Create2OnDepth1023_fork_Cancun_Prague_d0g0v0
generated.ethereum_tests.ethereum-tests.GeneralStateTests.stCreate2.Create2OnDepth1024.test.GeneralStateTests_stCreate2_Create2OnDepth1024_json_Create2OnDepth1024_fork_Cancun_Prague_d0g0v0
generated.ethereum_tests.ethereum-tests.GeneralStateTests.stCreate2.Create2Recursive.test.GeneralStateTests_stCreate2_Create2Recursive_json_Create2Recursive_fork_Cancun_Prague_d0g_0_2_v0
generated.ethereum_tests.ethereum-tests.GeneralStateTests.stCreate2.CreateMessageReverted.test.GeneralStateTests_stCreate2_CreateMessageReverted_json_CreateMessageReverted_fork_Cancun_Prague_d0g_0_1_v0
generated.ethereum_tests.ethereum-tests.GeneralStateTests.stCreate2.CreateMessageRevertedOOGInInit2.test.GeneralStateTests_stCreate2_CreateMessageRevertedOOGInInit2_json_CreateMessageRevertedOOGInInit2_fork_Cancun_Prague_d0g_0_1_v0
generated.ethereum_tests.ethereum-tests.GeneralStateTests.stCreate2.RevertDepthCreate2OOG.test.GeneralStateTests_stCreate2_RevertDepthCreate2OOG_json_RevertDepthCreate2OOG_fork_Cancun_Prague_d_0_1_g_0_1_v_0_1_
generated.ethereum_tests.ethereum-tests.GeneralStateTests.stCreate2.RevertDepthCreate2OOGBerlin.test.GeneralStateTests_stCreate2_RevertDepthCreate2OOGBerlin_json_RevertDepthCreate2OOGBerlin_fork_Cancun_Prague_d_0_1_g_0_1_v_0_1_
generated.ethereum_tests.ethereum-tests.GeneralStateTests.stCreate2.RevertDepthCreateAddressCollision.test.GeneralStateTests_stCreate2_RevertDepthCreateAddressCollision_json_RevertDepthCreateAddressCollision_fork_Cancun_Prague_d_0_1_g_0_1_v_0_1_
generated.ethereum_tests.ethereum-tests.GeneralStateTests.stCreate2.RevertDepthCreateAddressCollisionBerlin.test.GeneralStateTests_stCreate2_RevertDepthCreateAddressCollisionBerlin_json_RevertDepthCreateAddressCollisionBerlin_fork_Cancun_Prague_d_0_1_g_0_1_v_0_1_
generated.ethereum_tests.ethereum-tests.GeneralStateTests.stCreate2.RevertInCreateInInitCreate2Paris.test.GeneralStateTests_stCreate2_RevertInCreateInInitCreate2Paris_json_RevertInCreateInInitCreate2Paris_fork_Cancun_Prague_d0g0v0
generated.ethereum_tests.ethereum-tests.GeneralStateTests.stCreate2.RevertOpcodeCreate.test.GeneralStateTests_stCreate2_RevertOpcodeCreate_json_RevertOpcodeCreate_fork_Cancun_Prague_d0g_0_1_v0
generated.ethereum_tests.ethereum-tests.GeneralStateTests.stCreate2.RevertOpcodeInCreateReturnsCreate2.test.GeneralStateTests_stCreate2_RevertOpcodeInCreateReturnsCreate2_json_RevertOpcodeInCreateReturnsCreate2_fork_Cancun_Prague_d0g0v0
generated.ethereum_tests.ethereum-tests.GeneralStateTests.stCreate2.call_outsize_then_create2_successful_then_returndatasize.test.GeneralStateTests_stCreate2_call_outsize_then_create2_successful_then_returndatasize_json_call_outsize_then_create2_successful_then_returndatasize_fork_Cancun_Prague_d0g0v0
generated.ethereum_tests.ethereum-tests.GeneralStateTests.stCreate2.call_then_create2_successful_then_returndatasize.test.GeneralStateTests_stCreate2_call_then_create2_successful_then_returndatasize_json_call_then_create2_successful_then_returndatasize_fork_Cancun_Prague_d0g0v0
generated.ethereum_tests.ethereum-tests.GeneralStateTests.stCreate2.create2InitCodes.test.GeneralStateTests_stCreate2_create2InitCodes_json_create2InitCodes_fork_Cancun_Prague_d_0_8_g0v0
generated.ethereum_tests.ethereum-tests.GeneralStateTests.stCreate2.create2SmartInitCode.test.GeneralStateTests_stCreate2_create2SmartInitCode_json_create2SmartInitCode_fork_Cancun_Prague_d_0_1_g0v0
generated.ethereum_tests.ethereum-tests.GeneralStateTests.stCreate2.create2callPrecompiles.test.GeneralStateTests_stCreate2_create2callPrecompiles_json_create2callPrecompiles_fork_Cancun_Prague_d_0_7_g0v0
generated.ethereum_tests.ethereum-tests.GeneralStateTests.stCreate2.create2checkFieldsInInitcode.test.GeneralStateTests_stCreate2_create2checkFieldsInInitcode_json_create2checkFieldsInInitcode_fork_Cancun_Prague_d_0_7_g0v0
generated.ethereum_tests.ethereum-tests.GeneralStateTests.stCreate2.create2collisionBalance.test.GeneralStateTests_stCreate2_create2collisionBalance_json_create2collisionBalance_fork_Cancun_Prague_d_0_3_g0v0
generated.ethereum_tests.ethereum-tests.GeneralStateTests.stCreate2.create2collisionCode.test.GeneralStateTests_stCreate2_create2collisionCode_json_create2collisionCode_fork_Cancun_Prague_d_0_2_g0v0
generated.ethereum_tests.ethereum-tests.GeneralStateTests.stCreate2.create2collisionCode2.test.GeneralStateTests_stCreate2_create2collisionCode2_json_create2collisionCode2_fork_Cancun_Prague_d_0_1_g0v0
generated.ethereum_tests.ethereum-tests.GeneralStateTests.stCreate2.create2collisionNonce.test.GeneralStateTests_stCreate2_create2collisionNonce_json_create2collisionNonce_fork_Cancun_Prague_d_0_2_g0v0
generated.ethereum_tests.ethereum-tests.GeneralStateTests.stCreate2.create2collisionSelfdestructed.test.GeneralStateTests_stCreate2_create2collisionSelfdestructed_json_create2collisionSelfdestructed_fork_Cancun_Prague_d_0_2_g0v0
generated.ethereum_tests.ethereum-tests.GeneralStateTests.stCreate2.create2collisionSelfdestructed2.test.GeneralStateTests_stCreate2_create2collisionSelfdestructed2_json_create2collisionSelfdestructed2_fork_Cancun_Prague_d_0_1_g0v0
generated.ethereum_tests.ethereum-tests.GeneralStateTests.stCreate2.create2collisionSelfdestructedOOG.test.GeneralStateTests_stCreate2_create2collisionSelfdestructedOOG_json_create2collisionSelfdestructedOOG_fork_Cancun_Prague_d_0_2_g0v0
generated.ethereum_tests.ethereum-tests.GeneralStateTests.stCreate2.create2collisionSelfdestructedRevert.test.GeneralStateTests_stCreate2_create2collisionSelfdestructedRevert_json_create2collisionSelfdestructedRevert_fork_Cancun_Prague_d_0_2_g0v0
generated.ethereum_tests.ethereum-tests.GeneralStateTests.stCreate2.create2collisionStorageParis.test.GeneralStateTests_stCreate2_create2collisionStorageParis_json_create2collisionStorageParis_fork_Cancun_Prague_d_0_2_g0v0
generated.ethereum_tests.ethereum-tests.GeneralStateTests.stCreate2.create2noCash.test.GeneralStateTests_stCreate2_create2noCash_json_create2noCash_fork_Cancun_Prague_d_0_2_g0v0
generated.ethereum_tests.ethereum-tests.GeneralStateTests.stCreate2.returndatacopy_0_0_following_successful_create.test.GeneralStateTests_stCreate2_returndatacopy_0_0_following_successful_create_json_returndatacopy_0_0_following_successful_create_fork_Cancun_Prague_d0g0v0
generated.ethereum_tests.ethereum-tests.GeneralStateTests.stCreate2.returndatacopy_afterFailing_create.test.GeneralStateTests_stCreate2_returndatacopy_afterFailing_create_json_returndatacopy_afterFailing_create_fork_Cancun_Prague_d0g0v0
generated.ethereum_tests.ethereum-tests.GeneralStateTests.stCreate2.returndatacopy_following_create.test.GeneralStateTests_stCreate2_returndatacopy_following_create_json_returndatacopy_following_create_fork_Cancun_Prague_d_0_1_g0v0
generated.ethereum_tests.ethereum-tests.GeneralStateTests.stCreate2.returndatacopy_following_revert_in_create.test.GeneralStateTests_stCreate2_returndatacopy_following_revert_in_create_json_returndatacopy_following_revert_in_create_fork_Cancun_Prague_d0g0v0
generated.ethereum_tests.ethereum-tests.GeneralStateTests.stCreate2.returndatacopy_following_successful_create.test.GeneralStateTests_stCreate2_returndatacopy_following_successful_create_json_returndatacopy_following_successful_create_fork_Cancun_Prague_d0g0v0
generated.ethereum_tests.ethereum-tests.GeneralStateTests.stCreate2.returndatasize_following_successful_create.test.GeneralStateTests_stCreate2_returndatasize_following_successful_create_json_returndatasize_following_successful_create_fork_Cancun_Prague_d0g0v0
generated.ethereum_tests.ethereum-tests.GeneralStateTests.stCreateTest.CREATE2_CallData.test.GeneralStateTests_stCreateTest_CREATE2_CallData_json_CREATE2_CallData_fork_Cancun_Prague_d0g0v0
generated.ethereum_tests.ethereum-tests.GeneralStateTests.stCreateTest.CREATE2_RefundEF.test.GeneralStateTests_stCreateTest_CREATE2_RefundEF_json_CREATE2_RefundEF_fork_Cancun_Prague_d0g0v0
generated.ethereum_tests.ethereum-tests.GeneralStateTests.stCreateTest.CREATE_AcreateB_BSuicide_BStore.test.GeneralStateTests_stCreateTest_CREATE_AcreateB_BSuicide_BStore_json_CREATE_AcreateB_BSuicide_BStore_fork_Cancun_Prague_d0g0v0
generated.ethereum_tests.ethereum-tests.GeneralStateTests.stCreateTest.CREATE_ContractRETURNBigOffset.test.GeneralStateTests_stCreateTest_CREATE_ContractRETURNBigOffset_json_CREATE_ContractRETURNBigOffset_fork_Cancun_Prague_d_0_3_g0v0
generated.ethereum_tests.ethereum-tests.GeneralStateTests.stCreateTest.CREATE_ContractSSTOREDuringInit.test.GeneralStateTests_stCreateTest_CREATE_ContractSSTOREDuringInit_json_CREATE_ContractSSTOREDuringInit_fork_Cancun_Prague_d0g0v0
generated.ethereum_tests.ethereum-tests.GeneralStateTests.stCreateTest.CREATE_ContractSuicideDuringInit.test.GeneralStateTests_stCreateTest_CREATE_ContractSuicideDuringInit_json_CREATE_ContractSuicideDuringInit_fork_Cancun_Prague_d0g0v0
generated.ethereum_tests.ethereum-tests.GeneralStateTests.stCreateTest.CREATE_ContractSuicideDuringInit_ThenStoreThenReturn.test.GeneralStateTests_stCreateTest_CREATE_ContractSuicideDuringInit_ThenStoreThenReturn_json_CREATE_ContractSuicideDuringInit_ThenStoreThenReturn_fork_Cancun_Prague_d0g0v0
generated.ethereum_tests.ethereum-tests.GeneralStateTests.stCreateTest.CREATE_ContractSuicideDuringInit_WithValue.test.GeneralStateTests_stCreateTest_CREATE_ContractSuicideDuringInit_WithValue_json_CREATE_ContractSuicideDuringInit_WithValue_fork_Cancun_Prague_d0g0v0
generated.ethereum_tests.ethereum-tests.GeneralStateTests.stCreateTest.CREATE_ContractSuicideDuringInit_WithValueToItself.test.GeneralStateTests_stCreateTest_CREATE_ContractSuicideDuringInit_WithValueToItself_json_CREATE_ContractSuicideDuringInit_WithValueToItself_fork_Cancun_Prague_d0g0v0
generated.ethereum_tests.ethereum-tests.GeneralStateTests.stCreateTest.CREATE_EContractCreateEContractInInit_Tr.test.GeneralStateTests_stCreateTest_CREATE_EContractCreateEContractInInit_Tr_json_CREATE_EContractCreateEContractInInit_Tr_fork_Cancun_Prague_d0g0v0
generated.ethereum_tests.ethereum-tests.GeneralStateTests.stCreateTest.CREATE_EContractCreateNEContractInInitOOG_Tr.test.GeneralStateTests_stCreateTest_CREATE_EContractCreateNEContractInInitOOG_Tr_json_CREATE_EContractCreateNEContractInInitOOG_Tr_fork_Cancun_Prague_d0g_0_1_v0
generated.ethereum_tests.ethereum-tests.GeneralStateTests.stCreateTest.CREATE_EContractCreateNEContractInInit_Tr.test.GeneralStateTests_stCreateTest_CREATE_EContractCreateNEContractInInit_Tr_json_CREATE_EContractCreateNEContractInInit_Tr_fork_Cancun_Prague_d0g0v0
generated.ethereum_tests.ethereum-tests.GeneralStateTests.stCreateTest.CREATE_EContract_ThenCALLToNonExistentAcc.test.GeneralStateTests_stCreateTest_CREATE_EContract_ThenCALLToNonExistentAcc_json_CREATE_EContract_ThenCALLToNonExistentAcc_fork_Cancun_Prague_d0g0v0
generated.ethereum_tests.ethereum-tests.GeneralStateTests.stCreateTest.CREATE_EmptyContract.test.GeneralStateTests_stCreateTest_CREATE_EmptyContract_json_CREATE_EmptyContract_fork_Cancun_Prague_d0g0v0
generated.ethereum_tests.ethereum-tests.GeneralStateTests.stCreateTest.CREATE_EmptyContractAndCallIt_0wei.test.GeneralStateTests_stCreateTest_CREATE_EmptyContractAndCallIt_0wei_json_CREATE_EmptyContractAndCallIt_0wei_fork_Cancun_Prague_d0g0v0
generated.ethereum_tests.ethereum-tests.GeneralStateTests.stCreateTest.CREATE_EmptyContractAndCallIt_1wei.test.GeneralStateTests_stCreateTest_CREATE_EmptyContractAndCallIt_1wei_json_CREATE_EmptyContractAndCallIt_1wei_fork_Cancun_Prague_d0g0v0
generated.ethereum_tests.ethereum-tests.GeneralStateTests.stCreateTest.CREATE_EmptyContractWithBalance.test.GeneralStateTests_stCreateTest_CREATE_EmptyContractWithBalance_json_CREATE_EmptyContractWithBalance_fork_Cancun_Prague_d0g0v0
generated.ethereum_tests.ethereum-tests.GeneralStateTests.stCreateTest.CREATE_EmptyContractWithStorage.test.GeneralStateTests_stCreateTest_CREATE_EmptyContractWithStorage_json_CREATE_EmptyContractWithStorage_fork_Cancun_Prague_d0g0v0
generated.ethereum_tests.ethereum-tests.GeneralStateTests.stCreateTest.CREATE_EmptyContractWithStorageAndCallIt_0wei.test.GeneralStateTests_stCreateTest_CREATE_EmptyContractWithStorageAndCallIt_0wei_json_CREATE_EmptyContractWithStorageAndCallIt_0wei_fork_Cancun_Prague_d0g0v0
generated.ethereum_tests.ethereum-tests.GeneralStateTests.stCreateTest.CREATE_EmptyContractWithStorageAndCallIt_1wei.test.GeneralStateTests_stCreateTest_CREATE_EmptyContractWithStorageAndCallIt_1wei_json_CREATE_EmptyContractWithStorageAndCallIt_1wei_fork_Cancun_Prague_d0g0v0
generated.ethereum_tests.ethereum-tests.GeneralStateTests.stCreateTest.CREATE_FirstByte_loop.test.GeneralStateTests_stCreateTest_CREATE_FirstByte_loop_json_CREATE_FirstByte_loop_fork_Cancun_Prague_d0g0v0
generated.ethereum_tests.ethereum-tests.GeneralStateTests.stCreateTest.CREATE_HighNonce.test.GeneralStateTests_stCreateTest_CREATE_HighNonce_json_CREATE_HighNonce_fork_Cancun_Prague_d0g0v0
generated.ethereum_tests.ethereum-tests.GeneralStateTests.stCreateTest.CREATE_HighNonceMinus1.test.GeneralStateTests_stCreateTest_CREATE_HighNonceMinus1_json_CREATE_HighNonceMinus1_fork_Cancun_Prague_d0g0v0
generated.ethereum_tests.ethereum-tests.GeneralStateTests.stCreateTest.CREATE_empty000CreateinInitCode_Transaction.test.GeneralStateTests_stCreateTest_CREATE_empty000CreateinInitCode_Transaction_json_CREATE_empty000CreateinInitCode_Transaction_fork_Cancun_Prague_d0g0v0
generated.ethereum_tests.ethereum-tests.GeneralStateTests.stCreateTest.CodeInConstructor.test.GeneralStateTests_stCreateTest_CodeInConstructor_json_CodeInConstructor_fork_Cancun_Prague_d_0_1_g0v0
generated.ethereum_tests.ethereum-tests.GeneralStateTests.stCreateTest.CreateAddressWarmAfterFail.test.GeneralStateTests_stCreateTest_CreateAddressWarmAfterFail_json_CreateAddressWarmAfterFail_fork_Cancun_Prague_d_0_14_g0v_0_1_
generated.ethereum_tests.ethereum-tests.GeneralStateTests.stCreateTest.CreateCollisionResults.test.GeneralStateTests_stCreateTest_CreateCollisionResults_json_CreateCollisionResults_fork_Cancun_Prague_d_0_1_g0v0
generated.ethereum_tests.ethereum-tests.GeneralStateTests.stCreateTest.CreateCollisionToEmpty2.test.GeneralStateTests_stCreateTest_CreateCollisionToEmpty2_json_CreateCollisionToEmpty2_fork_Cancun_Prague_d_0_2_g_0_1_v_0_1_
generated.ethereum_tests.ethereum-tests.GeneralStateTests.stCreateTest.CreateOOGFromCallRefunds.test.GeneralStateTests_stCreateTest_CreateOOGFromCallRefunds_json_CreateOOGFromCallRefunds_fork_Cancun_Prague_d_0_23_g0v0
generated.ethereum_tests.ethereum-tests.GeneralStateTests.stCreateTest.CreateOOGFromEOARefunds.test.GeneralStateTests_stCreateTest_CreateOOGFromEOARefunds_json_CreateOOGFromEOARefunds_fork_Cancun_Prague_d_0_23_g0v0
generated.ethereum_tests.ethereum-tests.GeneralStateTests.stCreateTest.CreateOOGafterInitCode.test.GeneralStateTests_stCreateTest_CreateOOGafterInitCode_json_CreateOOGafterInitCode_fork_Cancun_Prague_d0g_0_1_v0
generated.ethereum_tests.ethereum-tests.GeneralStateTests.stCreateTest.CreateOOGafterInitCodeReturndata.test.GeneralStateTests_stCreateTest_CreateOOGafterInitCodeReturndata_json_CreateOOGafterInitCodeReturndata_fork_Cancun_Prague_d0g_0_1_v0
generated.ethereum_tests.ethereum-tests.GeneralStateTests.stCreateTest.CreateOOGafterInitCodeReturndata2.test.GeneralStateTests_stCreateTest_CreateOOGafterInitCodeReturndata2_json_CreateOOGafterInitCodeReturndata2_fork_Cancun_Prague_d0g_0_1_v0
generated.ethereum_tests.ethereum-tests.GeneralStateTests.stCreateTest.CreateOOGafterInitCodeReturndata3.test.GeneralStateTests_stCreateTest_CreateOOGafterInitCodeReturndata3_json_CreateOOGafterInitCodeReturndata3_fork_Cancun_Prague_d0g0v0
generated.ethereum_tests.ethereum-tests.GeneralStateTests.stCreateTest.CreateOOGafterInitCodeReturndataSize.test.GeneralStateTests_stCreateTest_CreateOOGafterInitCodeReturndataSize_json_CreateOOGafterInitCodeReturndataSize_fork_Cancun_Prague_d0g0v0
generated.ethereum_tests.ethereum-tests.GeneralStateTests.stCreateTest.CreateOOGafterInitCodeRevert.test.GeneralStateTests_stCreateTest_CreateOOGafterInitCodeRevert_json_CreateOOGafterInitCodeRevert_fork_Cancun_Prague_d0g0v0
generated.ethereum_tests.ethereum-tests.GeneralStateTests.stCreateTest.CreateOOGafterInitCodeRevert2.test.GeneralStateTests_stCreateTest_CreateOOGafterInitCodeRevert2_json_CreateOOGafterInitCodeRevert2_fork_Cancun_Prague_d_0_1_g0v0
generated.ethereum_tests.ethereum-tests.GeneralStateTests.stCreateTest.CreateOOGafterMaxCodesize.test.GeneralStateTests_stCreateTest_CreateOOGafterMaxCodesize_json_CreateOOGafterMaxCodesize_fork_Cancun_Prague_d_0_5_g0v0
generated.ethereum_tests.ethereum-tests.GeneralStateTests.stCreateTest.CreateResults.test.GeneralStateTests_stCreateTest_CreateResults_json_CreateResults_fork_Cancun_Prague_d_0_25_g0v0
generated.ethereum_tests.ethereum-tests.GeneralStateTests.stCreateTest.CreateTransactionCallData.test.GeneralStateTests_stCreateTest_CreateTransactionCallData_json_CreateTransactionCallData_fork_Cancun_Prague_d_0_2_g0v0
generated.ethereum_tests.ethereum-tests.GeneralStateTests.stCreateTest.CreateTransactionHighNonce.test.GeneralStateTests_stCreateTest_CreateTransactionHighNonce_json_CreateTransactionHighNonce_fork_Cancun_Prague_d0g0v_0_1_
generated.ethereum_tests.ethereum-tests.GeneralStateTests.stCreateTest.CreateTransactionRefundEF.test.GeneralStateTests_stCreateTest_CreateTransactionRefundEF_json_CreateTransactionRefundEF_fork_Cancun_Prague_d0g0v0
generated.ethereum_tests.ethereum-tests.GeneralStateTests.stCreateTest.TransactionCollisionToEmpty2.test.GeneralStateTests_stCreateTest_TransactionCollisionToEmpty2_json_TransactionCollisionToEmpty2_fork_Cancun_Prague_d0g_0_1_v_0_1_
generated.ethereum_tests.ethereum-tests.GeneralStateTests.stCreateTest.TransactionCollisionToEmptyButCode.test.GeneralStateTests_stCreateTest_TransactionCollisionToEmptyButCode_json_TransactionCollisionToEmptyButCode_fork_Cancun_Prague_d0g_0_1_v_0_1_
generated.ethereum_tests.ethereum-tests.GeneralStateTests.stCreateTest.TransactionCollisionToEmptyButNonce.test.GeneralStateTests_stCreateTest_TransactionCollisionToEmptyButNonce_json_TransactionCollisionToEmptyButNonce_fork_Cancun_Prague_d0g_0_1_v_0_1_
generated.ethereum_tests.ethereum-tests.GeneralStateTests.stCreateTest.createFailResult.test.GeneralStateTests_stCreateTest_createFailResult_json_createFailResult_fork_Cancun_Prague_d_0_9_g0v0
generated.ethereum_tests.ethereum-tests.GeneralStateTests.stCreateTest.createLargeResult.test.GeneralStateTests_stCreateTest_createLargeResult_json_createLargeResult_fork_Cancun_Prague_d_0_15_g0v0
generated.ethereum_tests.ethereum-tests.GeneralStateTests.stDelegatecallTestHomestead.Call1024BalanceTooLow.test.GeneralStateTests_stDelegatecallTestHomestead_Call1024BalanceTooLow_json_Call1024BalanceTooLow_fork_Cancun_Prague_d0g0v0
generated.ethereum_tests.ethereum-tests.GeneralStateTests.stDelegatecallTestHomestead.Call1024OOG.test.GeneralStateTests_stDelegatecallTestHomestead_Call1024OOG_json_Call1024OOG_fork_Cancun_Prague_d0g_0_1_v0
generated.ethereum_tests.ethereum-tests.GeneralStateTests.stDelegatecallTestHomestead.Call1024PreCalls.test.GeneralStateTests_stDelegatecallTestHomestead_Call1024PreCalls_json_Call1024PreCalls_fork_Cancun_Prague_d0g_0_2_v0
generated.ethereum_tests.ethereum-tests.GeneralStateTests.stDelegatecallTestHomestead.CallLoseGasOOG.test.GeneralStateTests_stDelegatecallTestHomestead_CallLoseGasOOG_json_CallLoseGasOOG_fork_Cancun_Prague_d0g0v0
generated.ethereum_tests.ethereum-tests.GeneralStateTests.stDelegatecallTestHomestead.CallRecursiveBombPreCall.test.GeneralStateTests_stDelegatecallTestHomestead_CallRecursiveBombPreCall_json_CallRecursiveBombPreCall_fork_Cancun_Prague_d0g0v0
generated.ethereum_tests.ethereum-tests.GeneralStateTests.stDelegatecallTestHomestead.CallcodeLoseGasOOG.test.GeneralStateTests_stDelegatecallTestHomestead_CallcodeLoseGasOOG_json_CallcodeLoseGasOOG_fork_Cancun_Prague_d0g_0_2_v0
generated.ethereum_tests.ethereum-tests.GeneralStateTests.stDelegatecallTestHomestead.Delegatecall1024.test.GeneralStateTests_stDelegatecallTestHomestead_Delegatecall1024_json_Delegatecall1024_fork_Cancun_Prague_d0g0v0
generated.ethereum_tests.ethereum-tests.GeneralStateTests.stDelegatecallTestHomestead.Delegatecall1024OOG.test.GeneralStateTests_stDelegatecallTestHomestead_Delegatecall1024OOG_json_Delegatecall1024OOG_fork_Cancun_Prague_d0g0v0
generated.ethereum_tests.ethereum-tests.GeneralStateTests.stDelegatecallTestHomestead.callOutput1.test.GeneralStateTests_stDelegatecallTestHomestead_callOutput1_json_callOutput1_fork_Cancun_Prague_d0g0v0
generated.ethereum_tests.ethereum-tests.GeneralStateTests.stDelegatecallTestHomestead.callOutput2.test.GeneralStateTests_stDelegatecallTestHomestead_callOutput2_json_callOutput2_fork_Cancun_Prague_d0g0v0
generated.ethereum_tests.ethereum-tests.GeneralStateTests.stDelegatecallTestHomestead.callOutput3.test.GeneralStateTests_stDelegatecallTestHomestead_callOutput3_json_callOutput3_fork_Cancun_Prague_d0g0v0
generated.ethereum_tests.ethereum-tests.GeneralStateTests.stDelegatecallTestHomestead.callOutput3partial.test.GeneralStateTests_stDelegatecallTestHomestead_callOutput3partial_json_callOutput3partial_fork_Cancun_Prague_d0g0v0
generated.ethereum_tests.ethereum-tests.GeneralStateTests.stDelegatecallTestHomestead.callOutput3partialFail.test.GeneralStateTests_stDelegatecallTestHomestead_callOutput3partialFail_json_callOutput3partialFail_fork_Cancun_Prague_d0g0v0
generated.ethereum_tests.ethereum-tests.GeneralStateTests.stDelegatecallTestHomestead.callWithHighValueAndGasOOG.test.GeneralStateTests_stDelegatecallTestHomestead_callWithHighValueAndGasOOG_json_callWithHighValueAndGasOOG_fork_Cancun_Prague_d0g0v0
generated.ethereum_tests.ethereum-tests.GeneralStateTests.stDelegatecallTestHomestead.callcodeOutput3.test.GeneralStateTests_stDelegatecallTestHomestead_callcodeOutput3_json_callcodeOutput3_fork_Cancun_Prague_d0g0v0
generated.ethereum_tests.ethereum-tests.GeneralStateTests.stDelegatecallTestHomestead.callcodeWithHighValueAndGasOOG.test.GeneralStateTests_stDelegatecallTestHomestead_callcodeWithHighValueAndGasOOG_json_callcodeWithHighValueAndGasOOG_fork_Cancun_Prague_d0g0v0
generated.ethereum_tests.ethereum-tests.GeneralStateTests.stDelegatecallTestHomestead.deleagateCallAfterValueTransfer.test.GeneralStateTests_stDelegatecallTestHomestead_deleagateCallAfterValueTransfer_json_deleagateCallAfterValueTransfer_fork_Cancun_Prague_d0g0v0
generated.ethereum_tests.ethereum-tests.GeneralStateTests.stDelegatecallTestHomestead.delegatecallAndOOGatTxLevel.test.GeneralStateTests_stDelegatecallTestHomestead_delegatecallAndOOGatTxLevel_json_delegatecallAndOOGatTxLevel_fork_Cancun_Prague_d0g0v0
generated.ethereum_tests.ethereum-tests.GeneralStateTests.stDelegatecallTestHomestead.delegatecallBasic.test.GeneralStateTests_stDelegatecallTestHomestead_delegatecallBasic_json_delegatecallBasic_fork_Cancun_Prague_d0g0v0
generated.ethereum_tests.ethereum-tests.GeneralStateTests.stDelegatecallTestHomestead.delegatecallEmptycontract.test.GeneralStateTests_stDelegatecallTestHomestead_delegatecallEmptycontract_json_delegatecallEmptycontract_fork_Cancun_Prague_d0g0v0
generated.ethereum_tests.ethereum-tests.GeneralStateTests.stDelegatecallTestHomestead.delegatecallInInitcodeToEmptyContract.test.GeneralStateTests_stDelegatecallTestHomestead_delegatecallInInitcodeToEmptyContract_json_delegatecallInInitcodeToEmptyContract_fork_Cancun_Prague_d0g0v0
generated.ethereum_tests.ethereum-tests.GeneralStateTests.stDelegatecallTestHomestead.delegatecallInInitcodeToExistingContract.test.GeneralStateTests_stDelegatecallTestHomestead_delegatecallInInitcodeToExistingContract_json_delegatecallInInitcodeToExistingContract_fork_Cancun_Prague_d0g0v0
generated.ethereum_tests.ethereum-tests.GeneralStateTests.stDelegatecallTestHomestead.delegatecallInInitcodeToExistingContractOOG.test.GeneralStateTests_stDelegatecallTestHomestead_delegatecallInInitcodeToExistingContractOOG_json_delegatecallInInitcodeToExistingContractOOG_fork_Cancun_Prague_d0g0v0
generated.ethereum_tests.ethereum-tests.GeneralStateTests.stDelegatecallTestHomestead.delegatecallOOGinCall.test.GeneralStateTests_stDelegatecallTestHomestead_delegatecallOOGinCall_json_delegatecallOOGinCall_fork_Cancun_Prague_d0g0v0
generated.ethereum_tests.ethereum-tests.GeneralStateTests.stDelegatecallTestHomestead.delegatecallSenderCheck.test.GeneralStateTests_stDelegatecallTestHomestead_delegatecallSenderCheck_json_delegatecallSenderCheck_fork_Cancun_Prague_d0g0v0
generated.ethereum_tests.ethereum-tests.GeneralStateTests.stDelegatecallTestHomestead.delegatecallValueCheck.test.GeneralStateTests_stDelegatecallTestHomestead_delegatecallValueCheck_json_delegatecallValueCheck_fork_Cancun_Prague_d0g0v0
generated.ethereum_tests.ethereum-tests.GeneralStateTests.stDelegatecallTestHomestead.delegatecodeDynamicCode.test.GeneralStateTests_stDelegatecallTestHomestead_delegatecodeDynamicCode_json_delegatecodeDynamicCode_fork_Cancun_Prague_d0g0v0
generated.ethereum_tests.ethereum-tests.GeneralStateTests.stDelegatecallTestHomestead.delegatecodeDynamicCode2SelfCall.test.GeneralStateTests_stDelegatecallTestHomestead_delegatecodeDynamicCode2SelfCall_json_delegatecodeDynamicCode2SelfCall_fork_Cancun_Prague_d0g0v0
generated.ethereum_tests.ethereum-tests.GeneralStateTests.stEIP150Specific.CallAndCallcodeConsumeMoreGasThenTransactionHas.test.GeneralStateTests_stEIP150Specific_CallAndCallcodeConsumeMoreGasThenTransactionHas_json_CallAndCallcodeConsumeMoreGasThenTransactionHas_fork_Cancun_Prague_d0g0v0
generated.ethereum_tests.ethereum-tests.GeneralStateTests.stEIP150Specific.CallAskMoreGasOnDepth2ThenTransactionHas.test.GeneralStateTests_stEIP150Specific_CallAskMoreGasOnDepth2ThenTransactionHas_json_CallAskMoreGasOnDepth2ThenTransactionHas_fork_Cancun_Prague_d0g0v0
generated.ethereum_tests.ethereum-tests.GeneralStateTests.stEIP150Specific.CallGoesOOGOnSecondLevel.test.GeneralStateTests_stEIP150Specific_CallGoesOOGOnSecondLevel_json_CallGoesOOGOnSecondLevel_fork_Cancun_Prague_d0g0v0
generated.ethereum_tests.ethereum-tests.GeneralStateTests.stEIP150Specific.CallGoesOOGOnSecondLevel2.test.GeneralStateTests_stEIP150Specific_CallGoesOOGOnSecondLevel2_json_CallGoesOOGOnSecondLevel2_fork_Cancun_Prague_d0g0v0
generated.ethereum_tests.ethereum-tests.GeneralStateTests.stEIP150Specific.CreateAndGasInsideCreate.test.GeneralStateTests_stEIP150Specific_CreateAndGasInsideCreate_json_CreateAndGasInsideCreate_fork_Cancun_Prague_d0g0v0
generated.ethereum_tests.ethereum-tests.GeneralStateTests.stEIP150Specific.DelegateCallOnEIP.test.GeneralStateTests_stEIP150Specific_DelegateCallOnEIP_json_DelegateCallOnEIP_fork_Cancun_Prague_d0g0v0
generated.ethereum_tests.ethereum-tests.GeneralStateTests.stEIP150Specific.ExecuteCallThatAskForeGasThenTrabsactionHas.test.GeneralStateTests_stEIP150Specific_ExecuteCallThatAskForeGasThenTrabsactionHas_json_ExecuteCallThatAskForeGasThenTrabsactionHas_fork_Cancun_Prague_d0g0v0
generated.ethereum_tests.ethereum-tests.GeneralStateTests.stEIP150Specific.NewGasPriceForCodes.test.GeneralStateTests_stEIP150Specific_NewGasPriceForCodes_json_NewGasPriceForCodes_fork_Cancun_Prague_d0g0v0
generated.ethereum_tests.ethereum-tests.GeneralStateTests.stEIP150Specific.SuicideToExistingContract.test.GeneralStateTests_stEIP150Specific_SuicideToExistingContract_json_SuicideToExistingContract_fork_Cancun_Prague_d0g0v0
generated.ethereum_tests.ethereum-tests.GeneralStateTests.stEIP150Specific.SuicideToNotExistingContract.test.GeneralStateTests_stEIP150Specific_SuicideToNotExistingContract_json_SuicideToNotExistingContract_fork_Cancun_Prague_d0g0v0
generated.ethereum_tests.ethereum-tests.GeneralStateTests.stEIP150Specific.Transaction64Rule_d64e0.test.GeneralStateTests_stEIP150Specific_Transaction64Rule_d64e0_json_Transaction64Rule_d64e0_fork_Cancun_Prague_d0g0v0
generated.ethereum_tests.ethereum-tests.GeneralStateTests.stEIP150Specific.Transaction64Rule_d64m1.test.GeneralStateTests_stEIP150Specific_Transaction64Rule_d64m1_json_Transaction64Rule_d64m1_fork_Cancun_Prague_d0g0v0
generated.ethereum_tests.ethereum-tests.GeneralStateTests.stEIP150Specific.Transaction64Rule_d64p1.test.GeneralStateTests_stEIP150Specific_Transaction64Rule_d64p1_json_Transaction64Rule_d64p1_fork_Cancun_Prague_d0g0v0
generated.ethereum_tests.ethereum-tests.GeneralStateTests.stEIP150Specific.Transaction64Rule_integerBoundaries.test.GeneralStateTests_stEIP150Specific_Transaction64Rule_integerBoundaries_json_Transaction64Rule_integerBoundaries_fork_Cancun_Prague_d_0_11_g0v0
generated.ethereum_tests.ethereum-tests.GeneralStateTests.stEIP150singleCodeGasPrices.RawBalanceGas.test.GeneralStateTests_stEIP150singleCodeGasPrices_RawBalanceGas_json_RawBalanceGas_fork_Cancun_Prague_d0g0v0
generated.ethereum_tests.ethereum-tests.GeneralStateTests.stEIP150singleCodeGasPrices.RawCallCodeGas.test.GeneralStateTests_stEIP150singleCodeGasPrices_RawCallCodeGas_json_RawCallCodeGas_fork_Cancun_Prague_d0g0v0
generated.ethereum_tests.ethereum-tests.GeneralStateTests.stEIP150singleCodeGasPrices.RawCallCodeGasAsk.test.GeneralStateTests_stEIP150singleCodeGasPrices_RawCallCodeGasAsk_json_RawCallCodeGasAsk_fork_Cancun_Prague_d0g0v0
generated.ethereum_tests.ethereum-tests.GeneralStateTests.stEIP150singleCodeGasPrices.RawCallCodeGasMemory.test.GeneralStateTests_stEIP150singleCodeGasPrices_RawCallCodeGasMemory_json_RawCallCodeGasMemory_fork_Cancun_Prague_d0g0v0
generated.ethereum_tests.ethereum-tests.GeneralStateTests.stEIP150singleCodeGasPrices.RawCallCodeGasMemoryAsk.test.GeneralStateTests_stEIP150singleCodeGasPrices_RawCallCodeGasMemoryAsk_json_RawCallCodeGasMemoryAsk_fork_Cancun_Prague_d0g0v0
generated.ethereum_tests.ethereum-tests.GeneralStateTests.stEIP150singleCodeGasPrices.RawCallCodeGasValueTransfer.test.GeneralStateTests_stEIP150singleCodeGasPrices_RawCallCodeGasValueTransfer_json_RawCallCodeGasValueTransfer_fork_Cancun_Prague_d0g0v0
generated.ethereum_tests.ethereum-tests.GeneralStateTests.stEIP150singleCodeGasPrices.RawCallCodeGasValueTransferAsk.test.GeneralStateTests_stEIP150singleCodeGasPrices_RawCallCodeGasValueTransferAsk_json_RawCallCodeGasValueTransferAsk_fork_Cancun_Prague_d0g0v0
generated.ethereum_tests.ethereum-tests.GeneralStateTests.stEIP150singleCodeGasPrices.RawCallCodeGasValueTransferMemory.test.GeneralStateTests_stEIP150singleCodeGasPrices_RawCallCodeGasValueTransferMemory_json_RawCallCodeGasValueTransferMemory_fork_Cancun_Prague_d0g0v0
generated.ethereum_tests.ethereum-tests.GeneralStateTests.stEIP150singleCodeGasPrices.RawCallCodeGasValueTransferMemoryAsk.test.GeneralStateTests_stEIP150singleCodeGasPrices_RawCallCodeGasValueTransferMemoryAsk_json_RawCallCodeGasValueTransferMemoryAsk_fork_Cancun_Prague_d0g0v0
generated.ethereum_tests.ethereum-tests.GeneralStateTests.stEIP150singleCodeGasPrices.RawCallGas.test.GeneralStateTests_stEIP150singleCodeGasPrices_RawCallGas_json_RawCallGas_fork_Cancun_Prague_d0g0v0
generated.ethereum_tests.ethereum-tests.GeneralStateTests.stEIP150singleCodeGasPrices.RawCallGasAsk.test.GeneralStateTests_stEIP150singleCodeGasPrices_RawCallGasAsk_json_RawCallGasAsk_fork_Cancun_Prague_d0g0v0
generated.ethereum_tests.ethereum-tests.GeneralStateTests.stEIP150singleCodeGasPrices.RawCallGasValueTransfer.test.GeneralStateTests_stEIP150singleCodeGasPrices_RawCallGasValueTransfer_json_RawCallGasValueTransfer_fork_Cancun_Prague_d0g0v0
generated.ethereum_tests.ethereum-tests.GeneralStateTests.stEIP150singleCodeGasPrices.RawCallGasValueTransferAsk.test.GeneralStateTests_stEIP150singleCodeGasPrices_RawCallGasValueTransferAsk_json_RawCallGasValueTransferAsk_fork_Cancun_Prague_d0g0v0
generated.ethereum_tests.ethereum-tests.GeneralStateTests.stEIP150singleCodeGasPrices.RawCallGasValueTransferMemory.test.GeneralStateTests_stEIP150singleCodeGasPrices_RawCallGasValueTransferMemory_json_RawCallGasValueTransferMemory_fork_Cancun_Prague_d0g0v0
generated.ethereum_tests.ethereum-tests.GeneralStateTests.stEIP150singleCodeGasPrices.RawCallGasValueTransferMemoryAsk.test.GeneralStateTests_stEIP150singleCodeGasPrices_RawCallGasValueTransferMemoryAsk_json_RawCallGasValueTransferMemoryAsk_fork_Cancun_Prague_d0g0v0
generated.ethereum_tests.ethereum-tests.GeneralStateTests.stEIP150singleCodeGasPrices.RawCallMemoryGas.test.GeneralStateTests_stEIP150singleCodeGasPrices_RawCallMemoryGas_json_RawCallMemoryGas_fork_Cancun_Prague_d0g0v0
generated.ethereum_tests.ethereum-tests.GeneralStateTests.stEIP150singleCodeGasPrices.RawCallMemoryGasAsk.test.GeneralStateTests_stEIP150singleCodeGasPrices_RawCallMemoryGasAsk_json_RawCallMemoryGasAsk_fork_Cancun_Prague_d0g0v0
generated.ethereum_tests.ethereum-tests.GeneralStateTests.stEIP150singleCodeGasPrices.RawCreateFailGasValueTransfer.test.GeneralStateTests_stEIP150singleCodeGasPrices_RawCreateFailGasValueTransfer_json_RawCreateFailGasValueTransfer_fork_Cancun_Prague_d0g0v0
generated.ethereum_tests.ethereum-tests.GeneralStateTests.stEIP150singleCodeGasPrices.RawCreateFailGasValueTransfer2.test.GeneralStateTests_stEIP150singleCodeGasPrices_RawCreateFailGasValueTransfer2_json_RawCreateFailGasValueTransfer2_fork_Cancun_Prague_d0g0v0
generated.ethereum_tests.ethereum-tests.GeneralStateTests.stEIP150singleCodeGasPrices.RawCreateGas.test.GeneralStateTests_stEIP150singleCodeGasPrices_RawCreateGas_json_RawCreateGas_fork_Cancun_Prague_d0g0v0
generated.ethereum_tests.ethereum-tests.GeneralStateTests.stEIP150singleCodeGasPrices.RawCreateGasMemory.test.GeneralStateTests_stEIP150singleCodeGasPrices_RawCreateGasMemory_json_RawCreateGasMemory_fork_Cancun_Prague_d0g0v0
generated.ethereum_tests.ethereum-tests.GeneralStateTests.stEIP150singleCodeGasPrices.RawCreateGasValueTransfer.test.GeneralStateTests_stEIP150singleCodeGasPrices_RawCreateGasValueTransfer_json_RawCreateGasValueTransfer_fork_Cancun_Prague_d0g0v0
generated.ethereum_tests.ethereum-tests.GeneralStateTests.stEIP150singleCodeGasPrices.RawCreateGasValueTransferMemory.test.GeneralStateTests_stEIP150singleCodeGasPrices_RawCreateGasValueTransferMemory_json_RawCreateGasValueTransferMemory_fork_Cancun_Prague_d0g0v0
generated.ethereum_tests.ethereum-tests.GeneralStateTests.stEIP150singleCodeGasPrices.RawDelegateCallGas.test.GeneralStateTests_stEIP150singleCodeGasPrices_RawDelegateCallGas_json_RawDelegateCallGas_fork_Cancun_Prague_d0g0v0
generated.ethereum_tests.ethereum-tests.GeneralStateTests.stEIP150singleCodeGasPrices.RawDelegateCallGasAsk.test.GeneralStateTests_stEIP150singleCodeGasPrices_RawDelegateCallGasAsk_json_RawDelegateCallGasAsk_fork_Cancun_Prague_d0g0v0
generated.ethereum_tests.ethereum-tests.GeneralStateTests.stEIP150singleCodeGasPrices.RawDelegateCallGasMemory.test.GeneralStateTests_stEIP150singleCodeGasPrices_RawDelegateCallGasMemory_json_RawDelegateCallGasMemory_fork_Cancun_Prague_d0g0v0
generated.ethereum_tests.ethereum-tests.GeneralStateTests.stEIP150singleCodeGasPrices.RawDelegateCallGasMemoryAsk.test.GeneralStateTests_stEIP150singleCodeGasPrices_RawDelegateCallGasMemoryAsk_json_RawDelegateCallGasMemoryAsk_fork_Cancun_Prague_d0g0v0
generated.ethereum_tests.ethereum-tests.GeneralStateTests.stEIP150singleCodeGasPrices.RawExtCodeCopyGas.test.GeneralStateTests_stEIP150singleCodeGasPrices_RawExtCodeCopyGas_json_RawExtCodeCopyGas_fork_Cancun_Prague_d0g0v0
generated.ethereum_tests.ethereum-tests.GeneralStateTests.stEIP150singleCodeGasPrices.RawExtCodeCopyMemoryGas.test.GeneralStateTests_stEIP150singleCodeGasPrices_RawExtCodeCopyMemoryGas_json_RawExtCodeCopyMemoryGas_fork_Cancun_Prague_d0g0v0
generated.ethereum_tests.ethereum-tests.GeneralStateTests.stEIP150singleCodeGasPrices.RawExtCodeSizeGas.test.GeneralStateTests_stEIP150singleCodeGasPrices_RawExtCodeSizeGas_json_RawExtCodeSizeGas_fork_Cancun_Prague_d0g0v0
generated.ethereum_tests.ethereum-tests.GeneralStateTests.stEIP150singleCodeGasPrices.eip2929-ff.test.GeneralStateTests_stEIP150singleCodeGasPrices_eip2929_ff_json_eip2929_ff_fork_Cancun_Prague_d_0_8_g0v0
generated.ethereum_tests.ethereum-tests.GeneralStateTests.stEIP150singleCodeGasPrices.eip2929.test.GeneralStateTests_stEIP150singleCodeGasPrices_eip2929_json_eip2929_fork_Cancun_Prague_d_0_37_g0v0
generated.ethereum_tests.ethereum-tests.GeneralStateTests.stEIP150singleCodeGasPrices.eip2929OOG.test.GeneralStateTests_stEIP150singleCodeGasPrices_eip2929OOG_json_eip2929OOG_fork_Cancun_Prague_d_0_9_g0v0
generated.ethereum_tests.ethereum-tests.GeneralStateTests.stEIP150singleCodeGasPrices.gasCost.test.GeneralStateTests_stEIP150singleCodeGasPrices_gasCost_json_gasCost_fork_Cancun_Prague_d_0_109_g0v0
generated.ethereum_tests.ethereum-tests.GeneralStateTests.stEIP150singleCodeGasPrices.gasCostBerlin.test.GeneralStateTests_stEIP150singleCodeGasPrices_gasCostBerlin_json_gasCostBerlin_fork_Cancun_Prague_d_0_109_g0v0
generated.ethereum_tests.ethereum-tests.GeneralStateTests.stEIP150singleCodeGasPrices.gasCostExp.test.GeneralStateTests_stEIP150singleCodeGasPrices_gasCostExp_json_gasCostExp_fork_Cancun_Prague_d_0_8_g0v0
generated.ethereum_tests.ethereum-tests.GeneralStateTests.stEIP150singleCodeGasPrices.gasCostJump.test.GeneralStateTests_stEIP150singleCodeGasPrices_gasCostJump_json_gasCostJump_fork_Cancun_Prague_d_0_2_g0v0
generated.ethereum_tests.ethereum-tests.GeneralStateTests.stEIP150singleCodeGasPrices.gasCostMemSeg.test.GeneralStateTests_stEIP150singleCodeGasPrices_gasCostMemSeg_json_gasCostMemSeg_fork_Cancun_Prague_d_0_54_g0v0
generated.ethereum_tests.ethereum-tests.GeneralStateTests.stEIP150singleCodeGasPrices.gasCostMemory.test.GeneralStateTests_stEIP150singleCodeGasPrices_gasCostMemory_json_gasCostMemory_fork_Cancun_Prague_d_0_74_g0v0
generated.ethereum_tests.ethereum-tests.GeneralStateTests.stEIP150singleCodeGasPrices.gasCostReturn.test.GeneralStateTests_stEIP150singleCodeGasPrices_gasCostReturn_json_gasCostReturn_fork_Cancun_Prague_d0g0v0
generated.ethereum_tests.ethereum-tests.GeneralStateTests.stEIP1559.baseFeeDiffPlaces.test.GeneralStateTests_stEIP1559_baseFeeDiffPlaces_json_baseFeeDiffPlaces_fork_Cancun_Prague_d_0_34_g0v0
generated.ethereum_tests.ethereum-tests.GeneralStateTests.stEIP1559.gasPriceDiffPlaces.test.GeneralStateTests_stEIP1559_gasPriceDiffPlaces_json_gasPriceDiffPlaces_fork_Cancun_Prague_d_0_34_g0v0
generated.ethereum_tests.ethereum-tests.GeneralStateTests.stEIP1559.intrinsicCancun.test.GeneralStateTests_stEIP1559_intrinsicCancun_json_intrinsicCancun_fork_Cancun_d_0_29_g_0_57_v0
generated.ethereum_tests.ethereum-tests.GeneralStateTests.stEIP1559.lowFeeCap.test.GeneralStateTests_stEIP1559_lowFeeCap_json_lowFeeCap_fork_Cancun_Prague_d0g0v0
generated.ethereum_tests.ethereum-tests.GeneralStateTests.stEIP1559.lowGasLimit.test.GeneralStateTests_stEIP1559_lowGasLimit_json_lowGasLimit_fork_Cancun_Prague_d0g_0_3_v0
generated.ethereum_tests.ethereum-tests.GeneralStateTests.stEIP1559.lowGasPriceOldTypes.test.GeneralStateTests_stEIP1559_lowGasPriceOldTypes_json_lowGasPriceOldTypes_fork_Cancun_Prague_d_0_1_g0v0
generated.ethereum_tests.ethereum-tests.GeneralStateTests.stEIP1559.outOfFunds.test.GeneralStateTests_stEIP1559_outOfFunds_json_outOfFunds_fork_Cancun_Prague_d0g_0_1_v_0_1_
generated.ethereum_tests.ethereum-tests.GeneralStateTests.stEIP1559.outOfFundsOldTypes.test.GeneralStateTests_stEIP1559_outOfFundsOldTypes_json_outOfFundsOldTypes_fork_Cancun_Prague_d_0_1_g_0_1_v_0_1_
generated.ethereum_tests.ethereum-tests.GeneralStateTests.stEIP1559.senderBalance.test.GeneralStateTests_stEIP1559_senderBalance_json_senderBalance_fork_Cancun_Prague_d0g0v0
generated.ethereum_tests.ethereum-tests.GeneralStateTests.stEIP1559.tipTooHigh.test.GeneralStateTests_stEIP1559_tipTooHigh_json_tipTooHigh_fork_Cancun_Prague_d0g0v0
generated.ethereum_tests.ethereum-tests.GeneralStateTests.stEIP1559.transactionIntinsicBug_Paris.test.GeneralStateTests_stEIP1559_transactionIntinsicBug_Paris_json_transactionIntinsicBug_Paris_fork_Cancun_Prague_d0g0v0
generated.ethereum_tests.ethereum-tests.GeneralStateTests.stEIP1559.typeTwoBerlin.test.GeneralStateTests_stEIP1559_typeTwoBerlin_json_typeTwoBerlin_fork_Cancun_Prague_d0g0v0
generated.ethereum_tests.ethereum-tests.GeneralStateTests.stEIP1559.valCausesOOF.test.GeneralStateTests_stEIP1559_valCausesOOF_json_valCausesOOF_fork_Cancun_Prague_d_0_1_g_0_2_v_0_1_
generated.ethereum_tests.ethereum-tests.GeneralStateTests.stEIP158Specific.CALL_OneVCallSuicide.test.GeneralStateTests_stEIP158Specific_CALL_OneVCallSuicide_json_CALL_OneVCallSuicide_fork_Cancun_Prague_d0g0v0
generated.ethereum_tests.ethereum-tests.GeneralStateTests.stEIP158Specific.CALL_OneVCallSuicide2.test.GeneralStateTests_stEIP158Specific_CALL_OneVCallSuicide2_json_CALL_OneVCallSuicide2_fork_Cancun_Prague_d0g0v0
generated.ethereum_tests.ethereum-tests.GeneralStateTests.stEIP158Specific.CALL_ZeroVCallSuicide.test.GeneralStateTests_stEIP158Specific_CALL_ZeroVCallSuicide_json_CALL_ZeroVCallSuicide_fork_Cancun_Prague_d0g0v0
generated.ethereum_tests.ethereum-tests.GeneralStateTests.stEIP158Specific.EXP_Empty.test.GeneralStateTests_stEIP158Specific_EXP_Empty_json_EXP_Empty_fork_Cancun_Prague_d0g0v0
generated.ethereum_tests.ethereum-tests.GeneralStateTests.stEIP158Specific.EXTCODESIZE_toEpmtyParis.test.GeneralStateTests_stEIP158Specific_EXTCODESIZE_toEpmtyParis_json_EXTCODESIZE_toEpmtyParis_fork_Cancun_Prague_d0g0v0
generated.ethereum_tests.ethereum-tests.GeneralStateTests.stEIP158Specific.EXTCODESIZE_toNonExistent.test.GeneralStateTests_stEIP158Specific_EXTCODESIZE_toNonExistent_json_EXTCODESIZE_toNonExistent_fork_Cancun_Prague_d0g0v0
generated.ethereum_tests.ethereum-tests.GeneralStateTests.stEIP158Specific.callToEmptyThenCallErrorParis.test.GeneralStateTests_stEIP158Specific_callToEmptyThenCallErrorParis_json_callToEmptyThenCallErrorParis_fork_Cancun_Prague_d0g0v0
generated.ethereum_tests.ethereum-tests.GeneralStateTests.stEIP158Specific.vitalikTransactionTestParis.test.GeneralStateTests_stEIP158Specific_vitalikTransactionTestParis_json_vitalikTransactionTestParis_fork_Cancun_Prague_d0g0v0
generated.ethereum_tests.ethereum-tests.GeneralStateTests.stEIP2930.addressOpcodes.test.GeneralStateTests_stEIP2930_addressOpcodes_json_addressOpcodes_fork_Cancun_Prague_d_0_47_g0v0
generated.ethereum_tests.ethereum-tests.GeneralStateTests.stEIP2930.coinbaseT01.test.GeneralStateTests_stEIP2930_coinbaseT01_json_coinbaseT01_fork_Cancun_Prague_d_0_2_g0v0
generated.ethereum_tests.ethereum-tests.GeneralStateTests.stEIP2930.coinbaseT2.test.GeneralStateTests_stEIP2930_coinbaseT2_json_coinbaseT2_fork_Cancun_Prague_d_0_1_g0v0
generated.ethereum_tests.ethereum-tests.GeneralStateTests.stEIP2930.manualCreate.test.GeneralStateTests_stEIP2930_manualCreate_json_manualCreate_fork_Cancun_Prague_d_0_2_g0v0
generated.ethereum_tests.ethereum-tests.GeneralStateTests.stEIP2930.storageCosts.test.GeneralStateTests_stEIP2930_storageCosts_json_storageCosts_fork_Cancun_Prague_d_0_35_g0v0
generated.ethereum_tests.ethereum-tests.GeneralStateTests.stEIP2930.transactionCosts.test.GeneralStateTests_stEIP2930_transactionCosts_json_transactionCosts_fork_Cancun_Prague_d_0_11_g0v0
generated.ethereum_tests.ethereum-tests.GeneralStateTests.stEIP2930.variedContext.test.GeneralStateTests_stEIP2930_variedContext_json_variedContext_fork_Cancun_Prague_d_0_35_g0v0
generated.ethereum_tests.ethereum-tests.GeneralStateTests.stEIP3607.initCollidingWithNonEmptyAccount.test.GeneralStateTests_stEIP3607_initCollidingWithNonEmptyAccount_json_initCollidingWithNonEmptyAccount_fork_Cancun_Prague_d_0_4_g0v0
generated.ethereum_tests.ethereum-tests.GeneralStateTests.stEIP3607.transactionCollidingWithNonEmptyAccount_calls.test.GeneralStateTests_stEIP3607_transactionCollidingWithNonEmptyAccount_calls_json_transactionCollidingWithNonEmptyAccount_calls_fork_Cancun_Prague_d0g0v0
generated.ethereum_tests.ethereum-tests.GeneralStateTests.stEIP3607.transactionCollidingWithNonEmptyAccount_callsItself.test.GeneralStateTests_stEIP3607_transactionCollidingWithNonEmptyAccount_callsItself_json_transactionCollidingWithNonEmptyAccount_callsItself_fork_Cancun_Prague_d0g0v0
generated.ethereum_tests.ethereum-tests.GeneralStateTests.stEIP3607.transactionCollidingWithNonEmptyAccount_init_Paris.test.GeneralStateTests_stEIP3607_transactionCollidingWithNonEmptyAccount_init_Paris_json_transactionCollidingWithNonEmptyAccount_init_Paris_fork_Cancun_Prague_d_0_3_g0v0
generated.ethereum_tests.ethereum-tests.GeneralStateTests.stEIP3607.transactionCollidingWithNonEmptyAccount_send_Paris.test.GeneralStateTests_stEIP3607_transactionCollidingWithNonEmptyAccount_send_Paris_json_transactionCollidingWithNonEmptyAccount_send_Paris_fork_Cancun_Prague_d0g0v0
generated.ethereum_tests.ethereum-tests.GeneralStateTests.stExample.accessListExample.test.GeneralStateTests_stExample_accessListExample_json_accessListExample_fork_Cancun_Prague_d_0_1_g0v0
generated.ethereum_tests.ethereum-tests.GeneralStateTests.stExample.add11.test.GeneralStateTests_stExample_add11_json_add11_fork_Cancun_Prague_d0g0v0
generated.ethereum_tests.ethereum-tests.GeneralStateTests.stExample.add11_yml.test.GeneralStateTests_stExample_add11_yml_json_add11_yml_fork_Cancun_Prague_d0g0v0
generated.ethereum_tests.ethereum-tests.GeneralStateTests.stExample.basefeeExample.test.GeneralStateTests_stExample_basefeeExample_json_basefeeExample_fork_Cancun_Prague_d0g0v0
generated.ethereum_tests.ethereum-tests.GeneralStateTests.stExample.eip1559.test.GeneralStateTests_stExample_eip1559_json_eip1559_fork_Cancun_Prague_d0g0v0
generated.ethereum_tests.ethereum-tests.GeneralStateTests.stExample.indexesOmitExample.test.GeneralStateTests_stExample_indexesOmitExample_json_indexesOmitExample_fork_Cancun_Prague_d0g0v0
generated.ethereum_tests.ethereum-tests.GeneralStateTests.stExample.invalidTr.test.GeneralStateTests_stExample_invalidTr_json_invalidTr_fork_Cancun_Prague_d0g0v0
generated.ethereum_tests.ethereum-tests.GeneralStateTests.stExample.labelsExample.test.GeneralStateTests_stExample_labelsExample_json_labelsExample_fork_Cancun_Prague_d_0_3_g0v0
generated.ethereum_tests.ethereum-tests.GeneralStateTests.stExample.mergeTest.test.GeneralStateTests_stExample_mergeTest_json_mergeTest_fork_Cancun_Prague_d0g0v0
generated.ethereum_tests.ethereum-tests.GeneralStateTests.stExample.rangesExample.test.GeneralStateTests_stExample_rangesExample_json_rangesExample_fork_Cancun_Prague_d_0_3_g_0_2_v_0_1_
generated.ethereum_tests.ethereum-tests.GeneralStateTests.stExample.solidityExample.test.GeneralStateTests_stExample_solidityExample_json_solidityExample_fork_Cancun_Prague_d0g0v0
generated.ethereum_tests.ethereum-tests.GeneralStateTests.stExample.yulExample.test.GeneralStateTests_stExample_yulExample_json_yulExample_fork_Cancun_Prague_d0g0v0
generated.ethereum_tests.ethereum-tests.GeneralStateTests.stExpectSection.expectsectionWithoutTransaction.test.GeneralStateTests_stExpectSection_expectsectionWithoutTransaction_json_expectsectionWithoutTransaction_fork_London_Prague_d0g0v0
generated.ethereum_tests.ethereum-tests.GeneralStateTests.stExpectSection.result_cancunEnvConvertion.test.GeneralStateTests_stExpectSection_result_cancunEnvConvertion_json_result_cancunEnvConvertion_fork_Cancun_Prague_d0g0v0
generated.ethereum_tests.ethereum-tests.GeneralStateTests.stExpectSection.result_eip1559EnvConvertion.test.GeneralStateTests_stExpectSection_result_eip1559EnvConvertion_json_result_eip1559EnvConvertion_fork_Cancun_Prague_d0g0v0
generated.ethereum_tests.ethereum-tests.GeneralStateTests.stExpectSection.result_legacyEnvConvertion.test.GeneralStateTests_stExpectSection_result_legacyEnvConvertion_json_result_legacyEnvConvertion_fork_Cancun_Prague_d0g0v0
generated.ethereum_tests.ethereum-tests.GeneralStateTests.stExpectSection.result_mergeEnvConvertion.test.GeneralStateTests_stExpectSection_result_mergeEnvConvertion_json_result_mergeEnvConvertion_fork_Cancun_Prague_d0g0v0
generated.ethereum_tests.ethereum-tests.GeneralStateTests.stExpectSection.result_pragueEnvConvertion.test.GeneralStateTests_stExpectSection_result_pragueEnvConvertion_json_result_pragueEnvConvertion_fork_Cancun_Prague_d0g0v0
generated.ethereum_tests.ethereum-tests.GeneralStateTests.stExpectSection.transactionMissingExpectsection.test.GeneralStateTests_stExpectSection_transactionMissingExpectsection_json_transactionMissingExpectsection_fork_Cancun_Prague_d_0_1_g0v0
generated.ethereum_tests.ethereum-tests.GeneralStateTests.stExpectSection.transactionRedundantExpectsection.test.GeneralStateTests_stExpectSection_transactionRedundantExpectsection_json_transactionRedundantExpectsection_fork_Cancun_Prague_d_0_1_g0v0
generated.ethereum_tests.ethereum-tests.GeneralStateTests.stExtCodeHash.callToNonExistent.test.GeneralStateTests_stExtCodeHash_callToNonExistent_json_callToNonExistent_fork_Cancun_Prague_d_0_3_g0v0
generated.ethereum_tests.ethereum-tests.GeneralStateTests.stExtCodeHash.callToSuicideThenExtcodehash.test.GeneralStateTests_stExtCodeHash_callToSuicideThenExtcodehash_json_callToSuicideThenExtcodehash_fork_Cancun_Prague_d_0_3_g0v0
generated.ethereum_tests.ethereum-tests.GeneralStateTests.stExtCodeHash.codeCopyZero_Paris.test.GeneralStateTests_stExtCodeHash_codeCopyZero_Paris_json_codeCopyZero_Paris_fork_Cancun_Prague_d0g0v0
generated.ethereum_tests.ethereum-tests.GeneralStateTests.stExtCodeHash.createEmptyThenExtcodehash.test.GeneralStateTests_stExtCodeHash_createEmptyThenExtcodehash_json_createEmptyThenExtcodehash_fork_Cancun_Prague_d0g0v0
generated.ethereum_tests.ethereum-tests.GeneralStateTests.stExtCodeHash.dynamicAccountOverwriteEmpty_Paris.test.GeneralStateTests_stExtCodeHash_dynamicAccountOverwriteEmpty_Paris_json_dynamicAccountOverwriteEmpty_Paris_fork_Cancun_Prague_d0g0v0
generated.ethereum_tests.ethereum-tests.GeneralStateTests.stExtCodeHash.extCodeCopyBounds.test.GeneralStateTests_stExtCodeHash_extCodeCopyBounds_json_extCodeCopyBounds_fork_Cancun_Prague_d0g0v0
generated.ethereum_tests.ethereum-tests.GeneralStateTests.stExtCodeHash.extCodeHashAccountWithoutCode.test.GeneralStateTests_stExtCodeHash_extCodeHashAccountWithoutCode_json_extCodeHashAccountWithoutCode_fork_Cancun_Prague_d0g0v0
generated.ethereum_tests.ethereum-tests.GeneralStateTests.stExtCodeHash.extCodeHashCALL.test.GeneralStateTests_stExtCodeHash_extCodeHashCALL_json_extCodeHashCALL_fork_Cancun_Prague_d0g0v0
generated.ethereum_tests.ethereum-tests.GeneralStateTests.stExtCodeHash.extCodeHashCALLCODE.test.GeneralStateTests_stExtCodeHash_extCodeHashCALLCODE_json_extCodeHashCALLCODE_fork_Cancun_Prague_d0g0v0
generated.ethereum_tests.ethereum-tests.GeneralStateTests.stExtCodeHash.extCodeHashChangedAccount.test.GeneralStateTests_stExtCodeHash_extCodeHashChangedAccount_json_extCodeHashChangedAccount_fork_Cancun_Prague_d0g0v0
generated.ethereum_tests.ethereum-tests.GeneralStateTests.stExtCodeHash.extCodeHashCreatedAndDeletedAccount.test.GeneralStateTests_stExtCodeHash_extCodeHashCreatedAndDeletedAccount_json_extCodeHashCreatedAndDeletedAccount_fork_Cancun_Prague_d0g0v0
generated.ethereum_tests.ethereum-tests.GeneralStateTests.stExtCodeHash.extCodeHashCreatedAndDeletedAccountCall.test.GeneralStateTests_stExtCodeHash_extCodeHashCreatedAndDeletedAccountCall_json_extCodeHashCreatedAndDeletedAccountCall_fork_Cancun_Prague_d0g0v0
generated.ethereum_tests.ethereum-tests.GeneralStateTests.stExtCodeHash.extCodeHashCreatedAndDeletedAccountRecheckInOuterCall.test.GeneralStateTests_stExtCodeHash_extCodeHashCreatedAndDeletedAccountRecheckInOuterCall_json_extCodeHashCreatedAndDeletedAccountRecheckInOuterCall_fork_Cancun_Prague_d0g0v0
generated.ethereum_tests.ethereum-tests.GeneralStateTests.stExtCodeHash.extCodeHashCreatedAndDeletedAccountStaticCall.test.GeneralStateTests_stExtCodeHash_extCodeHashCreatedAndDeletedAccountStaticCall_json_extCodeHashCreatedAndDeletedAccountStaticCall_fork_Cancun_Prague_d0g0v0
generated.ethereum_tests.ethereum-tests.GeneralStateTests.stExtCodeHash.extCodeHashDELEGATECALL.test.GeneralStateTests_stExtCodeHash_extCodeHashDELEGATECALL_json_extCodeHashDELEGATECALL_fork_Cancun_Prague_d0g0v0
generated.ethereum_tests.ethereum-tests.GeneralStateTests.stExtCodeHash.extCodeHashDeletedAccount.test.GeneralStateTests_stExtCodeHash_extCodeHashDeletedAccount_json_extCodeHashDeletedAccount_fork_Cancun_Prague_d0g0v0
generated.ethereum_tests.ethereum-tests.GeneralStateTests.stExtCodeHash.extCodeHashDeletedAccount1.test.GeneralStateTests_stExtCodeHash_extCodeHashDeletedAccount1_json_extCodeHashDeletedAccount1_fork_Cancun_Prague_d0g0v0
generated.ethereum_tests.ethereum-tests.GeneralStateTests.stExtCodeHash.extCodeHashDeletedAccount1Cancun.test.GeneralStateTests_stExtCodeHash_extCodeHashDeletedAccount1Cancun_json_extCodeHashDeletedAccount1Cancun_fork_Cancun_Prague_d0g0v0
generated.ethereum_tests.ethereum-tests.GeneralStateTests.stExtCodeHash.extCodeHashDeletedAccount2.test.GeneralStateTests_stExtCodeHash_extCodeHashDeletedAccount2_json_extCodeHashDeletedAccount2_fork_Cancun_Prague_d0g0v0
generated.ethereum_tests.ethereum-tests.GeneralStateTests.stExtCodeHash.extCodeHashDeletedAccount2Cancun.test.GeneralStateTests_stExtCodeHash_extCodeHashDeletedAccount2Cancun_json_extCodeHashDeletedAccount2Cancun_fork_Cancun_Prague_d0g0v0
generated.ethereum_tests.ethereum-tests.GeneralStateTests.stExtCodeHash.extCodeHashDeletedAccount3.test.GeneralStateTests_stExtCodeHash_extCodeHashDeletedAccount3_json_extCodeHashDeletedAccount3_fork_Cancun_Prague_d0g0v0
generated.ethereum_tests.ethereum-tests.GeneralStateTests.stExtCodeHash.extCodeHashDeletedAccount4.test.GeneralStateTests_stExtCodeHash_extCodeHashDeletedAccount4_json_extCodeHashDeletedAccount4_fork_Cancun_Prague_d0g0v0
generated.ethereum_tests.ethereum-tests.GeneralStateTests.stExtCodeHash.extCodeHashDeletedAccountCancun.test.GeneralStateTests_stExtCodeHash_extCodeHashDeletedAccountCancun_json_extCodeHashDeletedAccountCancun_fork_Cancun_Prague_d0g0v0
generated.ethereum_tests.ethereum-tests.GeneralStateTests.stExtCodeHash.extCodeHashDynamicArgument.test.GeneralStateTests_stExtCodeHash_extCodeHashDynamicArgument_json_extCodeHashDynamicArgument_fork_Cancun_Prague_d_0_4_g0v0
generated.ethereum_tests.ethereum-tests.GeneralStateTests.stExtCodeHash.extCodeHashInInitCode.test.GeneralStateTests_stExtCodeHash_extCodeHashInInitCode_json_extCodeHashInInitCode_fork_Cancun_Prague_d_0_1_g0v0
generated.ethereum_tests.ethereum-tests.GeneralStateTests.stExtCodeHash.extCodeHashMaxCodeSize.test.GeneralStateTests_stExtCodeHash_extCodeHashMaxCodeSize_json_extCodeHashMaxCodeSize_fork_Cancun_Prague_d0g0v0
generated.ethereum_tests.ethereum-tests.GeneralStateTests.stExtCodeHash.extCodeHashNewAccount.test.GeneralStateTests_stExtCodeHash_extCodeHashNewAccount_json_extCodeHashNewAccount_fork_Cancun_Prague_d0g0v0
generated.ethereum_tests.ethereum-tests.GeneralStateTests.stExtCodeHash.extCodeHashNonExistingAccount.test.GeneralStateTests_stExtCodeHash_extCodeHashNonExistingAccount_json_extCodeHashNonExistingAccount_fork_Cancun_Prague_d0g0v0
generated.ethereum_tests.ethereum-tests.GeneralStateTests.stExtCodeHash.extCodeHashPrecompiles.test.GeneralStateTests_stExtCodeHash_extCodeHashPrecompiles_json_extCodeHashPrecompiles_fork_Cancun_Prague_d_0_8_g0v0
generated.ethereum_tests.ethereum-tests.GeneralStateTests.stExtCodeHash.extCodeHashSTATICCALL.test.GeneralStateTests_stExtCodeHash_extCodeHashSTATICCALL_json_extCodeHashSTATICCALL_fork_Cancun_Prague_d0g0v0
generated.ethereum_tests.ethereum-tests.GeneralStateTests.stExtCodeHash.extCodeHashSelf.test.GeneralStateTests_stExtCodeHash_extCodeHashSelf_json_extCodeHashSelf_fork_Cancun_Prague_d0g0v0
generated.ethereum_tests.ethereum-tests.GeneralStateTests.stExtCodeHash.extCodeHashSelfInInit.test.GeneralStateTests_stExtCodeHash_extCodeHashSelfInInit_json_extCodeHashSelfInInit_fork_Cancun_Prague_d0g0v0
generated.ethereum_tests.ethereum-tests.GeneralStateTests.stExtCodeHash.extCodeHashSubcallOOG.test.GeneralStateTests_stExtCodeHash_extCodeHashSubcallOOG_json_extCodeHashSubcallOOG_fork_Cancun_Prague_d_0_5_g0v0
generated.ethereum_tests.ethereum-tests.GeneralStateTests.stExtCodeHash.extCodeHashSubcallSuicide.test.GeneralStateTests_stExtCodeHash_extCodeHashSubcallSuicide_json_extCodeHashSubcallSuicide_fork_Cancun_Prague_d0g0v0
generated.ethereum_tests.ethereum-tests.GeneralStateTests.stExtCodeHash.extCodeHashSubcallSuicideCancun.test.GeneralStateTests_stExtCodeHash_extCodeHashSubcallSuicideCancun_json_extCodeHashSubcallSuicideCancun_fork_Cancun_Prague_d0g0v0
generated.ethereum_tests.ethereum-tests.GeneralStateTests.stExtCodeHash.extcodehashEmpty_Paris.test.GeneralStateTests_stExtCodeHash_extcodehashEmpty_Paris_json_extcodehashEmpty_Paris_fork_Cancun_Prague_d_0_9_g0v0
generated.ethereum_tests.ethereum-tests.GeneralStateTests.stHomesteadSpecific.contractCreationOOGdontLeaveEmptyContract.test.GeneralStateTests_stHomesteadSpecific_contractCreationOOGdontLeaveEmptyContract_json_contractCreationOOGdontLeaveEmptyContract_fork_Cancun_Prague_d0g0v0
generated.ethereum_tests.ethereum-tests.GeneralStateTests.stHomesteadSpecific.contractCreationOOGdontLeaveEmptyContractViaTransaction.test.GeneralStateTests_stHomesteadSpecific_contractCreationOOGdontLeaveEmptyContractViaTransaction_json_contractCreationOOGdontLeaveEmptyContractViaTransaction_fork_Cancun_Prague_d0g0v0
generated.ethereum_tests.ethereum-tests.GeneralStateTests.stHomesteadSpecific.createContractViaContract.test.GeneralStateTests_stHomesteadSpecific_createContractViaContract_json_createContractViaContract_fork_Cancun_Prague_d0g0v0
generated.ethereum_tests.ethereum-tests.GeneralStateTests.stHomesteadSpecific.createContractViaContractOOGInitCode.test.GeneralStateTests_stHomesteadSpecific_createContractViaContractOOGInitCode_json_createContractViaContractOOGInitCode_fork_Cancun_Prague_d0g0v0
generated.ethereum_tests.ethereum-tests.GeneralStateTests.stHomesteadSpecific.createContractViaTransactionCost53000.test.GeneralStateTests_stHomesteadSpecific_createContractViaTransactionCost53000_json_createContractViaTransactionCost53000_fork_Cancun_Prague_d0g0v0
generated.ethereum_tests.ethereum-tests.GeneralStateTests.stInitCodeTest.CallContractToCreateContractAndCallItOOG.test.GeneralStateTests_stInitCodeTest_CallContractToCreateContractAndCallItOOG_json_CallContractToCreateContractAndCallItOOG_fork_Cancun_Prague_d0g0v0
generated.ethereum_tests.ethereum-tests.GeneralStateTests.stInitCodeTest.CallContractToCreateContractNoCash.test.GeneralStateTests_stInitCodeTest_CallContractToCreateContractNoCash_json_CallContractToCreateContractNoCash_fork_Cancun_Prague_d0g0v0
generated.ethereum_tests.ethereum-tests.GeneralStateTests.stInitCodeTest.CallContractToCreateContractOOG.test.GeneralStateTests_stInitCodeTest_CallContractToCreateContractOOG_json_CallContractToCreateContractOOG_fork_Cancun_Prague_d0g0v0
generated.ethereum_tests.ethereum-tests.GeneralStateTests.stInitCodeTest.CallContractToCreateContractOOGBonusGas.test.GeneralStateTests_stInitCodeTest_CallContractToCreateContractOOGBonusGas_json_CallContractToCreateContractOOGBonusGas_fork_Cancun_Prague_d0g0v0
generated.ethereum_tests.ethereum-tests.GeneralStateTests.stInitCodeTest.CallContractToCreateContractWhichWouldCreateContractIfCalled.test.GeneralStateTests_stInitCodeTest_CallContractToCreateContractWhichWouldCreateContractIfCalled_json_CallContractToCreateContractWhichWouldCreateContractIfCalled_fork_Cancun_Prague_d0g0v0
generated.ethereum_tests.ethereum-tests.GeneralStateTests.stInitCodeTest.CallContractToCreateContractWhichWouldCreateContractInInitCode.test.GeneralStateTests_stInitCodeTest_CallContractToCreateContractWhichWouldCreateContractInInitCode_json_CallContractToCreateContractWhichWouldCreateContractInInitCode_fork_Cancun_Prague_d0g0v0
generated.ethereum_tests.ethereum-tests.GeneralStateTests.stInitCodeTest.CallRecursiveContract.test.GeneralStateTests_stInitCodeTest_CallRecursiveContract_json_CallRecursiveContract_fork_Cancun_Prague_d0g0v0
generated.ethereum_tests.ethereum-tests.GeneralStateTests.stInitCodeTest.CallTheContractToCreateEmptyContract.test.GeneralStateTests_stInitCodeTest_CallTheContractToCreateEmptyContract_json_CallTheContractToCreateEmptyContract_fork_Cancun_Prague_d0g0v0
generated.ethereum_tests.ethereum-tests.GeneralStateTests.stInitCodeTest.OutOfGasContractCreation.test.GeneralStateTests_stInitCodeTest_OutOfGasContractCreation_json_OutOfGasContractCreation_fork_Cancun_Prague_d_0_1_g_0_1_v0
generated.ethereum_tests.ethereum-tests.GeneralStateTests.stInitCodeTest.OutOfGasPrefundedContractCreation.test.GeneralStateTests_stInitCodeTest_OutOfGasPrefundedContractCreation_json_OutOfGasPrefundedContractCreation_fork_Cancun_Prague_d0g_0_2_v0
generated.ethereum_tests.ethereum-tests.GeneralStateTests.stInitCodeTest.ReturnTest.test.GeneralStateTests_stInitCodeTest_ReturnTest_json_ReturnTest_fork_Cancun_Prague_d0g0v0
generated.ethereum_tests.ethereum-tests.GeneralStateTests.stInitCodeTest.ReturnTest2.test.GeneralStateTests_stInitCodeTest_ReturnTest2_json_ReturnTest2_fork_Cancun_Prague_d0g0v0
generated.ethereum_tests.ethereum-tests.GeneralStateTests.stInitCodeTest.StackUnderFlowContractCreation.test.GeneralStateTests_stInitCodeTest_StackUnderFlowContractCreation_json_StackUnderFlowContractCreation_fork_Cancun_Prague_d0g0v0
generated.ethereum_tests.ethereum-tests.GeneralStateTests.stInitCodeTest.TransactionCreateAutoSuicideContract.test.GeneralStateTests_stInitCodeTest_TransactionCreateAutoSuicideContract_json_TransactionCreateAutoSuicideContract_fork_Cancun_Prague_d0g0v0
generated.ethereum_tests.ethereum-tests.GeneralStateTests.stInitCodeTest.TransactionCreateRandomInitCode.test.GeneralStateTests_stInitCodeTest_TransactionCreateRandomInitCode_json_TransactionCreateRandomInitCode_fork_Cancun_Prague_d0g0v0
generated.ethereum_tests.ethereum-tests.GeneralStateTests.stInitCodeTest.TransactionCreateStopInInitcode.test.GeneralStateTests_stInitCodeTest_TransactionCreateStopInInitcode_json_TransactionCreateStopInInitcode_fork_Cancun_Prague_d0g0v0
generated.ethereum_tests.ethereum-tests.GeneralStateTests.stInitCodeTest.TransactionCreateSuicideInInitcode.test.GeneralStateTests_stInitCodeTest_TransactionCreateSuicideInInitcode_json_TransactionCreateSuicideInInitcode_fork_Cancun_Prague_d0g0v0
generated.ethereum_tests.ethereum-tests.GeneralStateTests.stLogTests.log0_emptyMem.test.GeneralStateTests_stLogTests_log0_emptyMem_json_log0_emptyMem_fork_Cancun_Prague_d0g0v0
generated.ethereum_tests.ethereum-tests.GeneralStateTests.stLogTests.log0_logMemStartTooHigh.test.GeneralStateTests_stLogTests_log0_logMemStartTooHigh_json_log0_logMemStartTooHigh_fork_Cancun_Prague_d0g0v0
generated.ethereum_tests.ethereum-tests.GeneralStateTests.stLogTests.log0_logMemsizeTooHigh.test.GeneralStateTests_stLogTests_log0_logMemsizeTooHigh_json_log0_logMemsizeTooHigh_fork_Cancun_Prague_d0g0v0
generated.ethereum_tests.ethereum-tests.GeneralStateTests.stLogTests.log0_logMemsizeZero.test.GeneralStateTests_stLogTests_log0_logMemsizeZero_json_log0_logMemsizeZero_fork_Cancun_Prague_d0g0v0
generated.ethereum_tests.ethereum-tests.GeneralStateTests.stLogTests.log0_nonEmptyMem.test.GeneralStateTests_stLogTests_log0_nonEmptyMem_json_log0_nonEmptyMem_fork_Cancun_Prague_d0g0v0
generated.ethereum_tests.ethereum-tests.GeneralStateTests.stLogTests.log0_nonEmptyMem_logMemSize1.test.GeneralStateTests_stLogTests_log0_nonEmptyMem_logMemSize1_json_log0_nonEmptyMem_logMemSize1_fork_Cancun_Prague_d0g0v0
generated.ethereum_tests.ethereum-tests.GeneralStateTests.stLogTests.log0_nonEmptyMem_logMemSize1_logMemStart31.test.GeneralStateTests_stLogTests_log0_nonEmptyMem_logMemSize1_logMemStart31_json_log0_nonEmptyMem_logMemSize1_logMemStart31_fork_Cancun_Prague_d0g0v0
generated.ethereum_tests.ethereum-tests.GeneralStateTests.stLogTests.log1_Caller.test.GeneralStateTests_stLogTests_log1_Caller_json_log1_Caller_fork_Cancun_Prague_d0g0v0
generated.ethereum_tests.ethereum-tests.GeneralStateTests.stLogTests.log1_MaxTopic.test.GeneralStateTests_stLogTests_log1_MaxTopic_json_log1_MaxTopic_fork_Cancun_Prague_d0g0v0
generated.ethereum_tests.ethereum-tests.GeneralStateTests.stLogTests.log1_emptyMem.test.GeneralStateTests_stLogTests_log1_emptyMem_json_log1_emptyMem_fork_Cancun_Prague_d0g0v0
generated.ethereum_tests.ethereum-tests.GeneralStateTests.stLogTests.log1_logMemStartTooHigh.test.GeneralStateTests_stLogTests_log1_logMemStartTooHigh_json_log1_logMemStartTooHigh_fork_Cancun_Prague_d0g0v0
generated.ethereum_tests.ethereum-tests.GeneralStateTests.stLogTests.log1_logMemsizeTooHigh.test.GeneralStateTests_stLogTests_log1_logMemsizeTooHigh_json_log1_logMemsizeTooHigh_fork_Cancun_Prague_d0g0v0
generated.ethereum_tests.ethereum-tests.GeneralStateTests.stLogTests.log1_logMemsizeZero.test.GeneralStateTests_stLogTests_log1_logMemsizeZero_json_log1_logMemsizeZero_fork_Cancun_Prague_d0g0v0
generated.ethereum_tests.ethereum-tests.GeneralStateTests.stLogTests.log1_nonEmptyMem.test.GeneralStateTests_stLogTests_log1_nonEmptyMem_json_log1_nonEmptyMem_fork_Cancun_Prague_d0g0v0
generated.ethereum_tests.ethereum-tests.GeneralStateTests.stLogTests.log1_nonEmptyMem_logMemSize1.test.GeneralStateTests_stLogTests_log1_nonEmptyMem_logMemSize1_json_log1_nonEmptyMem_logMemSize1_fork_Cancun_Prague_d0g0v0
generated.ethereum_tests.ethereum-tests.GeneralStateTests.stLogTests.log1_nonEmptyMem_logMemSize1_logMemStart31.test.GeneralStateTests_stLogTests_log1_nonEmptyMem_logMemSize1_logMemStart31_json_log1_nonEmptyMem_logMemSize1_logMemStart31_fork_Cancun_Prague_d0g0v0
generated.ethereum_tests.ethereum-tests.GeneralStateTests.stLogTests.log2_Caller.test.GeneralStateTests_stLogTests_log2_Caller_json_log2_Caller_fork_Cancun_Prague_d0g0v0
generated.ethereum_tests.ethereum-tests.GeneralStateTests.stLogTests.log2_MaxTopic.test.GeneralStateTests_stLogTests_log2_MaxTopic_json_log2_MaxTopic_fork_Cancun_Prague_d0g0v0
generated.ethereum_tests.ethereum-tests.GeneralStateTests.stLogTests.log2_emptyMem.test.GeneralStateTests_stLogTests_log2_emptyMem_json_log2_emptyMem_fork_Cancun_Prague_d0g0v0
generated.ethereum_tests.ethereum-tests.GeneralStateTests.stLogTests.log2_logMemStartTooHigh.test.GeneralStateTests_stLogTests_log2_logMemStartTooHigh_json_log2_logMemStartTooHigh_fork_Cancun_Prague_d0g0v0
generated.ethereum_tests.ethereum-tests.GeneralStateTests.stLogTests.log2_logMemsizeTooHigh.test.GeneralStateTests_stLogTests_log2_logMemsizeTooHigh_json_log2_logMemsizeTooHigh_fork_Cancun_Prague_d0g0v0
generated.ethereum_tests.ethereum-tests.GeneralStateTests.stLogTests.log2_logMemsizeZero.test.GeneralStateTests_stLogTests_log2_logMemsizeZero_json_log2_logMemsizeZero_fork_Cancun_Prague_d0g0v0
generated.ethereum_tests.ethereum-tests.GeneralStateTests.stLogTests.log2_nonEmptyMem.test.GeneralStateTests_stLogTests_log2_nonEmptyMem_json_log2_nonEmptyMem_fork_Cancun_Prague_d0g0v0
generated.ethereum_tests.ethereum-tests.GeneralStateTests.stLogTests.log2_nonEmptyMem_logMemSize1.test.GeneralStateTests_stLogTests_log2_nonEmptyMem_logMemSize1_json_log2_nonEmptyMem_logMemSize1_fork_Cancun_Prague_d0g0v0
generated.ethereum_tests.ethereum-tests.GeneralStateTests.stLogTests.log2_nonEmptyMem_logMemSize1_logMemStart31.test.GeneralStateTests_stLogTests_log2_nonEmptyMem_logMemSize1_logMemStart31_json_log2_nonEmptyMem_logMemSize1_logMemStart31_fork_Cancun_Prague_d0g0v0
generated.ethereum_tests.ethereum-tests.GeneralStateTests.stLogTests.log3_Caller.test.GeneralStateTests_stLogTests_log3_Caller_json_log3_Caller_fork_Cancun_Prague_d0g0v0
generated.ethereum_tests.ethereum-tests.GeneralStateTests.stLogTests.log3_MaxTopic.test.GeneralStateTests_stLogTests_log3_MaxTopic_json_log3_MaxTopic_fork_Cancun_Prague_d0g0v0
generated.ethereum_tests.ethereum-tests.GeneralStateTests.stLogTests.log3_PC.test.GeneralStateTests_stLogTests_log3_PC_json_log3_PC_fork_Cancun_Prague_d0g0v0
generated.ethereum_tests.ethereum-tests.GeneralStateTests.stLogTests.log3_emptyMem.test.GeneralStateTests_stLogTests_log3_emptyMem_json_log3_emptyMem_fork_Cancun_Prague_d0g0v0
generated.ethereum_tests.ethereum-tests.GeneralStateTests.stLogTests.log3_logMemStartTooHigh.test.GeneralStateTests_stLogTests_log3_logMemStartTooHigh_json_log3_logMemStartTooHigh_fork_Cancun_Prague_d0g0v0
generated.ethereum_tests.ethereum-tests.GeneralStateTests.stLogTests.log3_logMemsizeTooHigh.test.GeneralStateTests_stLogTests_log3_logMemsizeTooHigh_json_log3_logMemsizeTooHigh_fork_Cancun_Prague_d0g0v0
generated.ethereum_tests.ethereum-tests.GeneralStateTests.stLogTests.log3_logMemsizeZero.test.GeneralStateTests_stLogTests_log3_logMemsizeZero_json_log3_logMemsizeZero_fork_Cancun_Prague_d0g0v0
generated.ethereum_tests.ethereum-tests.GeneralStateTests.stLogTests.log3_nonEmptyMem.test.GeneralStateTests_stLogTests_log3_nonEmptyMem_json_log3_nonEmptyMem_fork_Cancun_Prague_d0g0v0
generated.ethereum_tests.ethereum-tests.GeneralStateTests.stLogTests.log3_nonEmptyMem_logMemSize1.test.GeneralStateTests_stLogTests_log3_nonEmptyMem_logMemSize1_json_log3_nonEmptyMem_logMemSize1_fork_Cancun_Prague_d0g0v0
generated.ethereum_tests.ethereum-tests.GeneralStateTests.stLogTests.log3_nonEmptyMem_logMemSize1_logMemStart31.test.GeneralStateTests_stLogTests_log3_nonEmptyMem_logMemSize1_logMemStart31_json_log3_nonEmptyMem_logMemSize1_logMemStart31_fork_Cancun_Prague_d0g0v0
generated.ethereum_tests.ethereum-tests.GeneralStateTests.stLogTests.log4_Caller.test.GeneralStateTests_stLogTests_log4_Caller_json_log4_Caller_fork_Cancun_Prague_d0g0v0
generated.ethereum_tests.ethereum-tests.GeneralStateTests.stLogTests.log4_MaxTopic.test.GeneralStateTests_stLogTests_log4_MaxTopic_json_log4_MaxTopic_fork_Cancun_Prague_d0g0v0
generated.ethereum_tests.ethereum-tests.GeneralStateTests.stLogTests.log4_PC.test.GeneralStateTests_stLogTests_log4_PC_json_log4_PC_fork_Cancun_Prague_d0g0v0
generated.ethereum_tests.ethereum-tests.GeneralStateTests.stLogTests.log4_emptyMem.test.GeneralStateTests_stLogTests_log4_emptyMem_json_log4_emptyMem_fork_Cancun_Prague_d0g0v0
generated.ethereum_tests.ethereum-tests.GeneralStateTests.stLogTests.log4_logMemStartTooHigh.test.GeneralStateTests_stLogTests_log4_logMemStartTooHigh_json_log4_logMemStartTooHigh_fork_Cancun_Prague_d0g0v0
generated.ethereum_tests.ethereum-tests.GeneralStateTests.stLogTests.log4_logMemsizeTooHigh.test.GeneralStateTests_stLogTests_log4_logMemsizeTooHigh_json_log4_logMemsizeTooHigh_fork_Cancun_Prague_d0g0v0
generated.ethereum_tests.ethereum-tests.GeneralStateTests.stLogTests.log4_logMemsizeZero.test.GeneralStateTests_stLogTests_log4_logMemsizeZero_json_log4_logMemsizeZero_fork_Cancun_Prague_d0g0v0
generated.ethereum_tests.ethereum-tests.GeneralStateTests.stLogTests.log4_nonEmptyMem.test.GeneralStateTests_stLogTests_log4_nonEmptyMem_json_log4_nonEmptyMem_fork_Cancun_Prague_d0g0v0
generated.ethereum_tests.ethereum-tests.GeneralStateTests.stLogTests.log4_nonEmptyMem_logMemSize1.test.GeneralStateTests_stLogTests_log4_nonEmptyMem_logMemSize1_json_log4_nonEmptyMem_logMemSize1_fork_Cancun_Prague_d0g0v0
generated.ethereum_tests.ethereum-tests.GeneralStateTests.stLogTests.log4_nonEmptyMem_logMemSize1_logMemStart31.test.GeneralStateTests_stLogTests_log4_nonEmptyMem_logMemSize1_logMemStart31_json_log4_nonEmptyMem_logMemSize1_logMemStart31_fork_Cancun_Prague_d0g0v0
generated.ethereum_tests.ethereum-tests.GeneralStateTests.stLogTests.logInOOG_Call.test.GeneralStateTests_stLogTests_logInOOG_Call_json_logInOOG_Call_fork_Cancun_Prague_d0g0v0
generated.ethereum_tests.ethereum-tests.GeneralStateTests.stMemExpandingEIP150Calls.CallAndCallcodeConsumeMoreGasThenTransactionHasWithMemExpandingCalls.test.GeneralStateTests_stMemExpandingEIP150Calls_CallAndCallcodeConsumeMoreGasThenTransactionHasWithMemExpandingCalls_json_CallAndCallcodeConsumeMoreGasThenTransactionHasWithMemExpandingCalls_fork_Cancun_Prague_d0g0v0
generated.ethereum_tests.ethereum-tests.GeneralStateTests.stMemExpandingEIP150Calls.CallAskMoreGasOnDepth2ThenTransactionHasWithMemExpandingCalls.test.GeneralStateTests_stMemExpandingEIP150Calls_CallAskMoreGasOnDepth2ThenTransactionHasWithMemExpandingCalls_json_CallAskMoreGasOnDepth2ThenTransactionHasWithMemExpandingCalls_fork_Cancun_Prague_d0g0v0
generated.ethereum_tests.ethereum-tests.GeneralStateTests.stMemExpandingEIP150Calls.CallGoesOOGOnSecondLevel2WithMemExpandingCalls.test.GeneralStateTests_stMemExpandingEIP150Calls_CallGoesOOGOnSecondLevel2WithMemExpandingCalls_json_CallGoesOOGOnSecondLevel2WithMemExpandingCalls_fork_Cancun_Prague_d0g0v0
generated.ethereum_tests.ethereum-tests.GeneralStateTests.stMemExpandingEIP150Calls.CallGoesOOGOnSecondLevelWithMemExpandingCalls.test.GeneralStateTests_stMemExpandingEIP150Calls_CallGoesOOGOnSecondLevelWithMemExpandingCalls_json_CallGoesOOGOnSecondLevelWithMemExpandingCalls_fork_Cancun_Prague_d0g0v0
generated.ethereum_tests.ethereum-tests.GeneralStateTests.stMemExpandingEIP150Calls.CreateAndGasInsideCreateWithMemExpandingCalls.test.GeneralStateTests_stMemExpandingEIP150Calls_CreateAndGasInsideCreateWithMemExpandingCalls_json_CreateAndGasInsideCreateWithMemExpandingCalls_fork_Cancun_Prague_d0g0v0
generated.ethereum_tests.ethereum-tests.GeneralStateTests.stMemExpandingEIP150Calls.DelegateCallOnEIPWithMemExpandingCalls.test.GeneralStateTests_stMemExpandingEIP150Calls_DelegateCallOnEIPWithMemExpandingCalls_json_DelegateCallOnEIPWithMemExpandingCalls_fork_Cancun_Prague_d0g0v0
generated.ethereum_tests.ethereum-tests.GeneralStateTests.stMemExpandingEIP150Calls.ExecuteCallThatAskMoreGasThenTransactionHasWithMemExpandingCalls.test.GeneralStateTests_stMemExpandingEIP150Calls_ExecuteCallThatAskMoreGasThenTransactionHasWithMemExpandingCalls_json_ExecuteCallThatAskMoreGasThenTransactionHasWithMemExpandingCalls_fork_Cancun_Prague_d0g0v0
generated.ethereum_tests.ethereum-tests.GeneralStateTests.stMemExpandingEIP150Calls.NewGasPriceForCodesWithMemExpandingCalls.test.GeneralStateTests_stMemExpandingEIP150Calls_NewGasPriceForCodesWithMemExpandingCalls_json_NewGasPriceForCodesWithMemExpandingCalls_fork_Cancun_Prague_d0g0v0
generated.ethereum_tests.ethereum-tests.GeneralStateTests.stMemExpandingEIP150Calls.OOGinReturn.test.GeneralStateTests_stMemExpandingEIP150Calls_OOGinReturn_json_OOGinReturn_fork_Cancun_Prague_d_0_5_g0v0
generated.ethereum_tests.ethereum-tests.GeneralStateTests.stMemoryStressTest.CALLCODE_Bounds.test.GeneralStateTests_stMemoryStressTest_CALLCODE_Bounds_json_CALLCODE_Bounds_fork_Cancun_Prague_d0g_0_1_v0
generated.ethereum_tests.ethereum-tests.GeneralStateTests.stMemoryStressTest.CALLCODE_Bounds2.test.GeneralStateTests_stMemoryStressTest_CALLCODE_Bounds2_json_CALLCODE_Bounds2_fork_Cancun_Prague_d0g_0_1_v0
generated.ethereum_tests.ethereum-tests.GeneralStateTests.stMemoryStressTest.CALLCODE_Bounds3.test.GeneralStateTests_stMemoryStressTest_CALLCODE_Bounds3_json_CALLCODE_Bounds3_fork_Cancun_Prague_d0g_0_1_v0
generated.ethereum_tests.ethereum-tests.GeneralStateTests.stMemoryStressTest.CALLCODE_Bounds4.test.GeneralStateTests_stMemoryStressTest_CALLCODE_Bounds4_json_CALLCODE_Bounds4_fork_Cancun_Prague_d0g_0_2_v0
generated.ethereum_tests.ethereum-tests.GeneralStateTests.stMemoryStressTest.CALL_Bounds.test.GeneralStateTests_stMemoryStressTest_CALL_Bounds_json_CALL_Bounds_fork_Cancun_Prague_d0g_0_1_v0
generated.ethereum_tests.ethereum-tests.GeneralStateTests.stMemoryStressTest.CALL_Bounds2.test.GeneralStateTests_stMemoryStressTest_CALL_Bounds2_json_CALL_Bounds2_fork_Cancun_Prague_d0g_0_1_v0
generated.ethereum_tests.ethereum-tests.GeneralStateTests.stMemoryStressTest.CALL_Bounds2a.test.GeneralStateTests_stMemoryStressTest_CALL_Bounds2a_json_CALL_Bounds2a_fork_Cancun_Prague_d0g_0_1_v0
generated.ethereum_tests.ethereum-tests.GeneralStateTests.stMemoryStressTest.CALL_Bounds3.test.GeneralStateTests_stMemoryStressTest_CALL_Bounds3_json_CALL_Bounds3_fork_Cancun_Prague_d0g_0_2_v0
generated.ethereum_tests.ethereum-tests.GeneralStateTests.stMemoryStressTest.CREATE_Bounds.test.GeneralStateTests_stMemoryStressTest_CREATE_Bounds_json_CREATE_Bounds_fork_Cancun_Prague_d0g_0_1_v0
generated.ethereum_tests.ethereum-tests.GeneralStateTests.stMemoryStressTest.CREATE_Bounds2.test.GeneralStateTests_stMemoryStressTest_CREATE_Bounds2_json_CREATE_Bounds2_fork_Cancun_Prague_d0g_0_1_v0
generated.ethereum_tests.ethereum-tests.GeneralStateTests.stMemoryStressTest.CREATE_Bounds3.test.GeneralStateTests_stMemoryStressTest_CREATE_Bounds3_json_CREATE_Bounds3_fork_Cancun_Prague_d0g_0_2_v0
generated.ethereum_tests.ethereum-tests.GeneralStateTests.stMemoryStressTest.DELEGATECALL_Bounds.test.GeneralStateTests_stMemoryStressTest_DELEGATECALL_Bounds_json_DELEGATECALL_Bounds_fork_Cancun_Prague_d0g_0_1_v0
generated.ethereum_tests.ethereum-tests.GeneralStateTests.stMemoryStressTest.DELEGATECALL_Bounds2.test.GeneralStateTests_stMemoryStressTest_DELEGATECALL_Bounds2_json_DELEGATECALL_Bounds2_fork_Cancun_Prague_d0g_0_1_v0
generated.ethereum_tests.ethereum-tests.GeneralStateTests.stMemoryStressTest.DELEGATECALL_Bounds3.test.GeneralStateTests_stMemoryStressTest_DELEGATECALL_Bounds3_json_DELEGATECALL_Bounds3_fork_Cancun_Prague_d0g_0_2_v0
generated.ethereum_tests.ethereum-tests.GeneralStateTests.stMemoryStressTest.DUP_Bounds.test.GeneralStateTests_stMemoryStressTest_DUP_Bounds_json_DUP_Bounds_fork_Cancun_Prague_d0g_0_2_v0
generated.ethereum_tests.ethereum-tests.GeneralStateTests.stMemoryStressTest.FillStack.test.GeneralStateTests_stMemoryStressTest_FillStack_json_FillStack_fork_Cancun_Prague_d0g_0_1_v0
generated.ethereum_tests.ethereum-tests.GeneralStateTests.stMemoryStressTest.JUMPI_Bounds.test.GeneralStateTests_stMemoryStressTest_JUMPI_Bounds_json_JUMPI_Bounds_fork_Cancun_Prague_d0g_0_1_v0
generated.ethereum_tests.ethereum-tests.GeneralStateTests.stMemoryStressTest.JUMP_Bounds.test.GeneralStateTests_stMemoryStressTest_JUMP_Bounds_json_JUMP_Bounds_fork_Cancun_Prague_d0g_0_1_v0
generated.ethereum_tests.ethereum-tests.GeneralStateTests.stMemoryStressTest.JUMP_Bounds2.test.GeneralStateTests_stMemoryStressTest_JUMP_Bounds2_json_JUMP_Bounds2_fork_Cancun_Prague_d0g_0_1_v0
generated.ethereum_tests.ethereum-tests.GeneralStateTests.stMemoryStressTest.MLOAD_Bounds.test.GeneralStateTests_stMemoryStressTest_MLOAD_Bounds_json_MLOAD_Bounds_fork_Cancun_Prague_d0g_0_1_v0
generated.ethereum_tests.ethereum-tests.GeneralStateTests.stMemoryStressTest.MLOAD_Bounds2.test.GeneralStateTests_stMemoryStressTest_MLOAD_Bounds2_json_MLOAD_Bounds2_fork_Cancun_Prague_d0g_0_1_v0
generated.ethereum_tests.ethereum-tests.GeneralStateTests.stMemoryStressTest.MLOAD_Bounds3.test.GeneralStateTests_stMemoryStressTest_MLOAD_Bounds3_json_MLOAD_Bounds3_fork_Cancun_Prague_d0g_0_1_v0
generated.ethereum_tests.ethereum-tests.GeneralStateTests.stMemoryStressTest.MSTORE_Bounds.test.GeneralStateTests_stMemoryStressTest_MSTORE_Bounds_json_MSTORE_Bounds_fork_Cancun_Prague_d0g_0_1_v0
generated.ethereum_tests.ethereum-tests.GeneralStateTests.stMemoryStressTest.MSTORE_Bounds2.test.GeneralStateTests_stMemoryStressTest_MSTORE_Bounds2_json_MSTORE_Bounds2_fork_Cancun_Prague_d0g_0_1_v0
generated.ethereum_tests.ethereum-tests.GeneralStateTests.stMemoryStressTest.MSTORE_Bounds2a.test.GeneralStateTests_stMemoryStressTest_MSTORE_Bounds2a_json_MSTORE_Bounds2a_fork_Cancun_Prague_d0g_0_1_v0
generated.ethereum_tests.ethereum-tests.GeneralStateTests.stMemoryStressTest.POP_Bounds.test.GeneralStateTests_stMemoryStressTest_POP_Bounds_json_POP_Bounds_fork_Cancun_Prague_d0g_0_1_v0
generated.ethereum_tests.ethereum-tests.GeneralStateTests.stMemoryStressTest.RETURN_Bounds.test.GeneralStateTests_stMemoryStressTest_RETURN_Bounds_json_RETURN_Bounds_fork_Cancun_Prague_d0g_0_2_v0
generated.ethereum_tests.ethereum-tests.GeneralStateTests.stMemoryStressTest.SLOAD_Bounds.test.GeneralStateTests_stMemoryStressTest_SLOAD_Bounds_json_SLOAD_Bounds_fork_Cancun_Prague_d0g_0_1_v0
generated.ethereum_tests.ethereum-tests.GeneralStateTests.stMemoryStressTest.SSTORE_Bounds.test.GeneralStateTests_stMemoryStressTest_SSTORE_Bounds_json_SSTORE_Bounds_fork_Cancun_Prague_d0g_0_1_v0
generated.ethereum_tests.ethereum-tests.GeneralStateTests.stMemoryStressTest.mload32bitBound.test.GeneralStateTests_stMemoryStressTest_mload32bitBound_json_mload32bitBound_fork_Cancun_Prague_d0g_0_1_v0
generated.ethereum_tests.ethereum-tests.GeneralStateTests.stMemoryStressTest.mload32bitBound2.test.GeneralStateTests_stMemoryStressTest_mload32bitBound2_json_mload32bitBound2_fork_Cancun_Prague_d0g_0_1_v0
generated.ethereum_tests.ethereum-tests.GeneralStateTests.stMemoryStressTest.mload32bitBound_Msize.test.GeneralStateTests_stMemoryStressTest_mload32bitBound_Msize_json_mload32bitBound_Msize_fork_Cancun_Prague_d0g_0_1_v0
generated.ethereum_tests.ethereum-tests.GeneralStateTests.stMemoryStressTest.mload32bitBound_return.test.GeneralStateTests_stMemoryStressTest_mload32bitBound_return_json_mload32bitBound_return_fork_Cancun_Prague_d0g_0_1_v0
generated.ethereum_tests.ethereum-tests.GeneralStateTests.stMemoryStressTest.mload32bitBound_return2.test.GeneralStateTests_stMemoryStressTest_mload32bitBound_return2_json_mload32bitBound_return2_fork_Cancun_Prague_d0g_0_1_v0
generated.ethereum_tests.ethereum-tests.GeneralStateTests.stMemoryStressTest.static_CALL_Bounds.test.GeneralStateTests_stMemoryStressTest_static_CALL_Bounds_json_static_CALL_Bounds_fork_Cancun_Prague_d0g_0_1_v0
generated.ethereum_tests.ethereum-tests.GeneralStateTests.stMemoryStressTest.static_CALL_Bounds2.test.GeneralStateTests_stMemoryStressTest_static_CALL_Bounds2_json_static_CALL_Bounds2_fork_Cancun_Prague_d0g_0_1_v0
generated.ethereum_tests.ethereum-tests.GeneralStateTests.stMemoryStressTest.static_CALL_Bounds2a.test.GeneralStateTests_stMemoryStressTest_static_CALL_Bounds2a_json_static_CALL_Bounds2a_fork_Cancun_Prague_d0g_0_1_v0
generated.ethereum_tests.ethereum-tests.GeneralStateTests.stMemoryStressTest.static_CALL_Bounds3.test.GeneralStateTests_stMemoryStressTest_static_CALL_Bounds3_json_static_CALL_Bounds3_fork_Cancun_Prague_d0g_0_1_v0
generated.ethereum_tests.ethereum-tests.GeneralStateTests.stMemoryTest.buffer.test.GeneralStateTests_stMemoryTest_buffer_json_buffer_fork_Cancun_Prague_d_0_347_g0v0
generated.ethereum_tests.ethereum-tests.GeneralStateTests.stMemoryTest.bufferSrcOffset.test.GeneralStateTests_stMemoryTest_bufferSrcOffset_json_bufferSrcOffset_fork_Cancun_Prague_d_0_119_g0v0
generated.ethereum_tests.ethereum-tests.GeneralStateTests.stMemoryTest.callDataCopyOffset.test.GeneralStateTests_stMemoryTest_callDataCopyOffset_json_callDataCopyOffset_fork_Cancun_Prague_d0g0v0
generated.ethereum_tests.ethereum-tests.GeneralStateTests.stMemoryTest.calldatacopy_dejavu.test.GeneralStateTests_stMemoryTest_calldatacopy_dejavu_json_calldatacopy_dejavu_fork_Cancun_Prague_d0g0v0
generated.ethereum_tests.ethereum-tests.GeneralStateTests.stMemoryTest.calldatacopy_dejavu2.test.GeneralStateTests_stMemoryTest_calldatacopy_dejavu2_json_calldatacopy_dejavu2_fork_Cancun_Prague_d0g0v0
generated.ethereum_tests.ethereum-tests.GeneralStateTests.stMemoryTest.codeCopyOffset.test.GeneralStateTests_stMemoryTest_codeCopyOffset_json_codeCopyOffset_fork_Cancun_Prague_d0g0v0
generated.ethereum_tests.ethereum-tests.GeneralStateTests.stMemoryTest.codecopy_dejavu.test.GeneralStateTests_stMemoryTest_codecopy_dejavu_json_codecopy_dejavu_fork_Cancun_Prague_d0g0v0
generated.ethereum_tests.ethereum-tests.GeneralStateTests.stMemoryTest.codecopy_dejavu2.test.GeneralStateTests_stMemoryTest_codecopy_dejavu2_json_codecopy_dejavu2_fork_Cancun_Prague_d0g0v0
generated.ethereum_tests.ethereum-tests.GeneralStateTests.stMemoryTest.extcodecopy_dejavu.test.GeneralStateTests_stMemoryTest_extcodecopy_dejavu_json_extcodecopy_dejavu_fork_Cancun_Prague_d0g0v0
generated.ethereum_tests.ethereum-tests.GeneralStateTests.stMemoryTest.log1_dejavu.test.GeneralStateTests_stMemoryTest_log1_dejavu_json_log1_dejavu_fork_Cancun_Prague_d0g0v0
generated.ethereum_tests.ethereum-tests.GeneralStateTests.stMemoryTest.log2_dejavu.test.GeneralStateTests_stMemoryTest_log2_dejavu_json_log2_dejavu_fork_Cancun_Prague_d0g0v0
generated.ethereum_tests.ethereum-tests.GeneralStateTests.stMemoryTest.log3_dejavu.test.GeneralStateTests_stMemoryTest_log3_dejavu_json_log3_dejavu_fork_Cancun_Prague_d0g0v0
generated.ethereum_tests.ethereum-tests.GeneralStateTests.stMemoryTest.log4_dejavu.test.GeneralStateTests_stMemoryTest_log4_dejavu_json_log4_dejavu_fork_Cancun_Prague_d0g0v0
generated.ethereum_tests.ethereum-tests.GeneralStateTests.stMemoryTest.mem0b_singleByte.test.GeneralStateTests_stMemoryTest_mem0b_singleByte_json_mem0b_singleByte_fork_Cancun_Prague_d0g0v0
generated.ethereum_tests.ethereum-tests.GeneralStateTests.stMemoryTest.mem31b_singleByte.test.GeneralStateTests_stMemoryTest_mem31b_singleByte_json_mem31b_singleByte_fork_Cancun_Prague_d0g0v0
generated.ethereum_tests.ethereum-tests.GeneralStateTests.stMemoryTest.mem32b_singleByte.test.GeneralStateTests_stMemoryTest_mem32b_singleByte_json_mem32b_singleByte_fork_Cancun_Prague_d0g0v0
generated.ethereum_tests.ethereum-tests.GeneralStateTests.stMemoryTest.mem32kb+1.test.GeneralStateTests_stMemoryTest_mem32kb_1_json_mem32kb_1_fork_Cancun_Prague_d0g0v0
generated.ethereum_tests.ethereum-tests.GeneralStateTests.stMemoryTest.mem32kb+31.test.GeneralStateTests_stMemoryTest_mem32kb_31_json_mem32kb_31_fork_Cancun_Prague_d0g0v0
generated.ethereum_tests.ethereum-tests.GeneralStateTests.stMemoryTest.mem32kb+32.test.GeneralStateTests_stMemoryTest_mem32kb_32_json_mem32kb_32_fork_Cancun_Prague_d0g0v0
generated.ethereum_tests.ethereum-tests.GeneralStateTests.stMemoryTest.mem32kb+33.test.GeneralStateTests_stMemoryTest_mem32kb_33_json_mem32kb_33_fork_Cancun_Prague_d0g0v0
generated.ethereum_tests.ethereum-tests.GeneralStateTests.stMemoryTest.mem32kb-1.test.GeneralStateTests_stMemoryTest_mem32kb_1_json_mem32kb_1_fork_Cancun_Prague_d0g0v0
generated.ethereum_tests.ethereum-tests.GeneralStateTests.stMemoryTest.mem32kb-31.test.GeneralStateTests_stMemoryTest_mem32kb_31_json_mem32kb_31_fork_Cancun_Prague_d0g0v0
generated.ethereum_tests.ethereum-tests.GeneralStateTests.stMemoryTest.mem32kb-32.test.GeneralStateTests_stMemoryTest_mem32kb_32_json_mem32kb_32_fork_Cancun_Prague_d0g0v0
generated.ethereum_tests.ethereum-tests.GeneralStateTests.stMemoryTest.mem32kb-33.test.GeneralStateTests_stMemoryTest_mem32kb_33_json_mem32kb_33_fork_Cancun_Prague_d0g0v0
generated.ethereum_tests.ethereum-tests.GeneralStateTests.stMemoryTest.mem32kb.test.GeneralStateTests_stMemoryTest_mem32kb_json_mem32kb_fork_Cancun_Prague_d0g0v0
generated.ethereum_tests.ethereum-tests.GeneralStateTests.stMemoryTest.mem32kb_singleByte+1.test.GeneralStateTests_stMemoryTest_mem32kb_singleByte_1_json_mem32kb_singleByte_1_fork_Cancun_Prague_d0g0v0
generated.ethereum_tests.ethereum-tests.GeneralStateTests.stMemoryTest.mem32kb_singleByte+31.test.GeneralStateTests_stMemoryTest_mem32kb_singleByte_31_json_mem32kb_singleByte_31_fork_Cancun_Prague_d0g0v0
generated.ethereum_tests.ethereum-tests.GeneralStateTests.stMemoryTest.mem32kb_singleByte+32.test.GeneralStateTests_stMemoryTest_mem32kb_singleByte_32_json_mem32kb_singleByte_32_fork_Cancun_Prague_d0g0v0
generated.ethereum_tests.ethereum-tests.GeneralStateTests.stMemoryTest.mem32kb_singleByte+33.test.GeneralStateTests_stMemoryTest_mem32kb_singleByte_33_json_mem32kb_singleByte_33_fork_Cancun_Prague_d0g0v0
generated.ethereum_tests.ethereum-tests.GeneralStateTests.stMemoryTest.mem32kb_singleByte-1.test.GeneralStateTests_stMemoryTest_mem32kb_singleByte_1_json_mem32kb_singleByte_1_fork_Cancun_Prague_d0g0v0
generated.ethereum_tests.ethereum-tests.GeneralStateTests.stMemoryTest.mem32kb_singleByte-31.test.GeneralStateTests_stMemoryTest_mem32kb_singleByte_31_json_mem32kb_singleByte_31_fork_Cancun_Prague_d0g0v0
generated.ethereum_tests.ethereum-tests.GeneralStateTests.stMemoryTest.mem32kb_singleByte-32.test.GeneralStateTests_stMemoryTest_mem32kb_singleByte_32_json_mem32kb_singleByte_32_fork_Cancun_Prague_d0g0v0
generated.ethereum_tests.ethereum-tests.GeneralStateTests.stMemoryTest.mem32kb_singleByte-33.test.GeneralStateTests_stMemoryTest_mem32kb_singleByte_33_json_mem32kb_singleByte_33_fork_Cancun_Prague_d0g0v0
generated.ethereum_tests.ethereum-tests.GeneralStateTests.stMemoryTest.mem32kb_singleByte.test.GeneralStateTests_stMemoryTest_mem32kb_singleByte_json_mem32kb_singleByte_fork_Cancun_Prague_d0g0v0
generated.ethereum_tests.ethereum-tests.GeneralStateTests.stMemoryTest.mem33b_singleByte.test.GeneralStateTests_stMemoryTest_mem33b_singleByte_json_mem33b_singleByte_fork_Cancun_Prague_d0g0v0
generated.ethereum_tests.ethereum-tests.GeneralStateTests.stMemoryTest.mem64kb+1.test.GeneralStateTests_stMemoryTest_mem64kb_1_json_mem64kb_1_fork_Cancun_Prague_d0g0v0
generated.ethereum_tests.ethereum-tests.GeneralStateTests.stMemoryTest.mem64kb+31.test.GeneralStateTests_stMemoryTest_mem64kb_31_json_mem64kb_31_fork_Cancun_Prague_d0g0v0
generated.ethereum_tests.ethereum-tests.GeneralStateTests.stMemoryTest.mem64kb+32.test.GeneralStateTests_stMemoryTest_mem64kb_32_json_mem64kb_32_fork_Cancun_Prague_d0g0v0
generated.ethereum_tests.ethereum-tests.GeneralStateTests.stMemoryTest.mem64kb+33.test.GeneralStateTests_stMemoryTest_mem64kb_33_json_mem64kb_33_fork_Cancun_Prague_d0g0v0
generated.ethereum_tests.ethereum-tests.GeneralStateTests.stMemoryTest.mem64kb-1.test.GeneralStateTests_stMemoryTest_mem64kb_1_json_mem64kb_1_fork_Cancun_Prague_d0g0v0
generated.ethereum_tests.ethereum-tests.GeneralStateTests.stMemoryTest.mem64kb-31.test.GeneralStateTests_stMemoryTest_mem64kb_31_json_mem64kb_31_fork_Cancun_Prague_d0g0v0
generated.ethereum_tests.ethereum-tests.GeneralStateTests.stMemoryTest.mem64kb-32.test.GeneralStateTests_stMemoryTest_mem64kb_32_json_mem64kb_32_fork_Cancun_Prague_d0g0v0
generated.ethereum_tests.ethereum-tests.GeneralStateTests.stMemoryTest.mem64kb-33.test.GeneralStateTests_stMemoryTest_mem64kb_33_json_mem64kb_33_fork_Cancun_Prague_d0g0v0
generated.ethereum_tests.ethereum-tests.GeneralStateTests.stMemoryTest.mem64kb.test.GeneralStateTests_stMemoryTest_mem64kb_json_mem64kb_fork_Cancun_Prague_d0g0v0
generated.ethereum_tests.ethereum-tests.GeneralStateTests.stMemoryTest.mem64kb_singleByte+1.test.GeneralStateTests_stMemoryTest_mem64kb_singleByte_1_json_mem64kb_singleByte_1_fork_Cancun_Prague_d0g0v0
generated.ethereum_tests.ethereum-tests.GeneralStateTests.stMemoryTest.mem64kb_singleByte+31.test.GeneralStateTests_stMemoryTest_mem64kb_singleByte_31_json_mem64kb_singleByte_31_fork_Cancun_Prague_d0g0v0
generated.ethereum_tests.ethereum-tests.GeneralStateTests.stMemoryTest.mem64kb_singleByte+32.test.GeneralStateTests_stMemoryTest_mem64kb_singleByte_32_json_mem64kb_singleByte_32_fork_Cancun_Prague_d0g0v0
generated.ethereum_tests.ethereum-tests.GeneralStateTests.stMemoryTest.mem64kb_singleByte+33.test.GeneralStateTests_stMemoryTest_mem64kb_singleByte_33_json_mem64kb_singleByte_33_fork_Cancun_Prague_d0g0v0
generated.ethereum_tests.ethereum-tests.GeneralStateTests.stMemoryTest.mem64kb_singleByte-1.test.GeneralStateTests_stMemoryTest_mem64kb_singleByte_1_json_mem64kb_singleByte_1_fork_Cancun_Prague_d0g0v0
generated.ethereum_tests.ethereum-tests.GeneralStateTests.stMemoryTest.mem64kb_singleByte-31.test.GeneralStateTests_stMemoryTest_mem64kb_singleByte_31_json_mem64kb_singleByte_31_fork_Cancun_Prague_d0g0v0
generated.ethereum_tests.ethereum-tests.GeneralStateTests.stMemoryTest.mem64kb_singleByte-32.test.GeneralStateTests_stMemoryTest_mem64kb_singleByte_32_json_mem64kb_singleByte_32_fork_Cancun_Prague_d0g0v0
generated.ethereum_tests.ethereum-tests.GeneralStateTests.stMemoryTest.mem64kb_singleByte-33.test.GeneralStateTests_stMemoryTest_mem64kb_singleByte_33_json_mem64kb_singleByte_33_fork_Cancun_Prague_d0g0v0
generated.ethereum_tests.ethereum-tests.GeneralStateTests.stMemoryTest.mem64kb_singleByte.test.GeneralStateTests_stMemoryTest_mem64kb_singleByte_json_mem64kb_singleByte_fork_Cancun_Prague_d0g0v0
generated.ethereum_tests.ethereum-tests.GeneralStateTests.stMemoryTest.memCopySelf.test.GeneralStateTests_stMemoryTest_memCopySelf_json_memCopySelf_fork_Cancun_Prague_d0g0v0
generated.ethereum_tests.ethereum-tests.GeneralStateTests.stMemoryTest.memReturn.test.GeneralStateTests_stMemoryTest_memReturn_json_memReturn_fork_Cancun_Prague_d0g0v0
generated.ethereum_tests.ethereum-tests.GeneralStateTests.stMemoryTest.mload16bitBound.test.GeneralStateTests_stMemoryTest_mload16bitBound_json_mload16bitBound_fork_Cancun_Prague_d0g0v0
generated.ethereum_tests.ethereum-tests.GeneralStateTests.stMemoryTest.mload8bitBound.test.GeneralStateTests_stMemoryTest_mload8bitBound_json_mload8bitBound_fork_Cancun_Prague_d0g0v0
generated.ethereum_tests.ethereum-tests.GeneralStateTests.stMemoryTest.mload_dejavu.test.GeneralStateTests_stMemoryTest_mload_dejavu_json_mload_dejavu_fork_Cancun_Prague_d0g0v0
generated.ethereum_tests.ethereum-tests.GeneralStateTests.stMemoryTest.mstore_dejavu.test.GeneralStateTests_stMemoryTest_mstore_dejavu_json_mstore_dejavu_fork_Cancun_Prague_d0g0v0
generated.ethereum_tests.ethereum-tests.GeneralStateTests.stMemoryTest.mstroe8_dejavu.test.GeneralStateTests_stMemoryTest_mstroe8_dejavu_json_mstroe8_dejavu_fork_Cancun_Prague_d0g0v0
generated.ethereum_tests.ethereum-tests.GeneralStateTests.stMemoryTest.oog.test.GeneralStateTests_stMemoryTest_oog_json_oog_fork_Cancun_Prague_d_0_41_g0v0
generated.ethereum_tests.ethereum-tests.GeneralStateTests.stMemoryTest.sha3_dejavu.test.GeneralStateTests_stMemoryTest_sha3_dejavu_json_sha3_dejavu_fork_Cancun_Prague_d0g0v0
generated.ethereum_tests.ethereum-tests.GeneralStateTests.stMemoryTest.stackLimitGas_1023.test.GeneralStateTests_stMemoryTest_stackLimitGas_1023_json_stackLimitGas_1023_fork_Cancun_Prague_d0g0v0
generated.ethereum_tests.ethereum-tests.GeneralStateTests.stMemoryTest.stackLimitGas_1024.test.GeneralStateTests_stMemoryTest_stackLimitGas_1024_json_stackLimitGas_1024_fork_Cancun_Prague_d0g0v0
generated.ethereum_tests.ethereum-tests.GeneralStateTests.stMemoryTest.stackLimitGas_1025.test.GeneralStateTests_stMemoryTest_stackLimitGas_1025_json_stackLimitGas_1025_fork_Cancun_Prague_d0g0v0
generated.ethereum_tests.ethereum-tests.GeneralStateTests.stMemoryTest.stackLimitPush31_1023.test.GeneralStateTests_stMemoryTest_stackLimitPush31_1023_json_stackLimitPush31_1023_fork_Cancun_Prague_d0g0v0
generated.ethereum_tests.ethereum-tests.GeneralStateTests.stMemoryTest.stackLimitPush31_1024.test.GeneralStateTests_stMemoryTest_stackLimitPush31_1024_json_stackLimitPush31_1024_fork_Cancun_Prague_d0g0v0
generated.ethereum_tests.ethereum-tests.GeneralStateTests.stMemoryTest.stackLimitPush31_1025.test.GeneralStateTests_stMemoryTest_stackLimitPush31_1025_json_stackLimitPush31_1025_fork_Cancun_Prague_d0g0v0
generated.ethereum_tests.ethereum-tests.GeneralStateTests.stMemoryTest.stackLimitPush32_1023.test.GeneralStateTests_stMemoryTest_stackLimitPush32_1023_json_stackLimitPush32_1023_fork_Cancun_Prague_d0g0v0
generated.ethereum_tests.ethereum-tests.GeneralStateTests.stMemoryTest.stackLimitPush32_1024.test.GeneralStateTests_stMemoryTest_stackLimitPush32_1024_json_stackLimitPush32_1024_fork_Cancun_Prague_d0g0v0
generated.ethereum_tests.ethereum-tests.GeneralStateTests.stMemoryTest.stackLimitPush32_1025.test.GeneralStateTests_stMemoryTest_stackLimitPush32_1025_json_stackLimitPush32_1025_fork_Cancun_Prague_d0g0v0
generated.ethereum_tests.ethereum-tests.GeneralStateTests.stNonZeroCallsTest.NonZeroValue_CALL.test.GeneralStateTests_stNonZeroCallsTest_NonZeroValue_CALL_json_NonZeroValue_CALL_fork_Cancun_Prague_d0g0v0
generated.ethereum_tests.ethereum-tests.GeneralStateTests.stNonZeroCallsTest.NonZeroValue_CALLCODE.test.GeneralStateTests_stNonZeroCallsTest_NonZeroValue_CALLCODE_json_NonZeroValue_CALLCODE_fork_Cancun_Prague_d0g0v0
generated.ethereum_tests.ethereum-tests.GeneralStateTests.stNonZeroCallsTest.NonZeroValue_CALLCODE_ToEmpty_Paris.test.GeneralStateTests_stNonZeroCallsTest_NonZeroValue_CALLCODE_ToEmpty_Paris_json_NonZeroValue_CALLCODE_ToEmpty_Paris_fork_Cancun_Prague_d0g0v0
generated.ethereum_tests.ethereum-tests.GeneralStateTests.stNonZeroCallsTest.NonZeroValue_CALLCODE_ToNonNonZeroBalance.test.GeneralStateTests_stNonZeroCallsTest_NonZeroValue_CALLCODE_ToNonNonZeroBalance_json_NonZeroValue_CALLCODE_ToNonNonZeroBalance_fork_Cancun_Prague_d0g0v0
generated.ethereum_tests.ethereum-tests.GeneralStateTests.stNonZeroCallsTest.NonZeroValue_CALLCODE_ToOneStorageKey_Paris.test.GeneralStateTests_stNonZeroCallsTest_NonZeroValue_CALLCODE_ToOneStorageKey_Paris_json_NonZeroValue_CALLCODE_ToOneStorageKey_Paris_fork_Cancun_Prague_d0g0v0
generated.ethereum_tests.ethereum-tests.GeneralStateTests.stNonZeroCallsTest.NonZeroValue_CALL_ToEmpty_Paris.test.GeneralStateTests_stNonZeroCallsTest_NonZeroValue_CALL_ToEmpty_Paris_json_NonZeroValue_CALL_ToEmpty_Paris_fork_Cancun_Prague_d0g0v0
generated.ethereum_tests.ethereum-tests.GeneralStateTests.stNonZeroCallsTest.NonZeroValue_CALL_ToNonNonZeroBalance.test.GeneralStateTests_stNonZeroCallsTest_NonZeroValue_CALL_ToNonNonZeroBalance_json_NonZeroValue_CALL_ToNonNonZeroBalance_fork_Cancun_Prague_d0g0v0
generated.ethereum_tests.ethereum-tests.GeneralStateTests.stNonZeroCallsTest.NonZeroValue_CALL_ToOneStorageKey_Paris.test.GeneralStateTests_stNonZeroCallsTest_NonZeroValue_CALL_ToOneStorageKey_Paris_json_NonZeroValue_CALL_ToOneStorageKey_Paris_fork_Cancun_Prague_d0g0v0
generated.ethereum_tests.ethereum-tests.GeneralStateTests.stNonZeroCallsTest.NonZeroValue_DELEGATECALL.test.GeneralStateTests_stNonZeroCallsTest_NonZeroValue_DELEGATECALL_json_NonZeroValue_DELEGATECALL_fork_Cancun_Prague_d0g0v0
generated.ethereum_tests.ethereum-tests.GeneralStateTests.stNonZeroCallsTest.NonZeroValue_DELEGATECALL_ToEmpty_Paris.test.GeneralStateTests_stNonZeroCallsTest_NonZeroValue_DELEGATECALL_ToEmpty_Paris_json_NonZeroValue_DELEGATECALL_ToEmpty_Paris_fork_Cancun_Prague_d0g0v0
generated.ethereum_tests.ethereum-tests.GeneralStateTests.stNonZeroCallsTest.NonZeroValue_DELEGATECALL_ToNonNonZeroBalance.test.GeneralStateTests_stNonZeroCallsTest_NonZeroValue_DELEGATECALL_ToNonNonZeroBalance_json_NonZeroValue_DELEGATECALL_ToNonNonZeroBalance_fork_Cancun_Prague_d0g0v0
generated.ethereum_tests.ethereum-tests.GeneralStateTests.stNonZeroCallsTest.NonZeroValue_DELEGATECALL_ToOneStorageKey_Paris.test.GeneralStateTests_stNonZeroCallsTest_NonZeroValue_DELEGATECALL_ToOneStorageKey_Paris_json_NonZeroValue_DELEGATECALL_ToOneStorageKey_Paris_fork_Cancun_Prague_d0g0v0
generated.ethereum_tests.ethereum-tests.GeneralStateTests.stNonZeroCallsTest.NonZeroValue_SUICIDE.test.GeneralStateTests_stNonZeroCallsTest_NonZeroValue_SUICIDE_json_NonZeroValue_SUICIDE_fork_Cancun_Prague_d0g0v0
generated.ethereum_tests.ethereum-tests.GeneralStateTests.stNonZeroCallsTest.NonZeroValue_SUICIDE_ToEmpty_Paris.test.GeneralStateTests_stNonZeroCallsTest_NonZeroValue_SUICIDE_ToEmpty_Paris_json_NonZeroValue_SUICIDE_ToEmpty_Paris_fork_Cancun_Prague_d0g0v0
generated.ethereum_tests.ethereum-tests.GeneralStateTests.stNonZeroCallsTest.NonZeroValue_SUICIDE_ToNonNonZeroBalance.test.GeneralStateTests_stNonZeroCallsTest_NonZeroValue_SUICIDE_ToNonNonZeroBalance_json_NonZeroValue_SUICIDE_ToNonNonZeroBalance_fork_Cancun_Prague_d0g0v0
generated.ethereum_tests.ethereum-tests.GeneralStateTests.stNonZeroCallsTest.NonZeroValue_SUICIDE_ToOneStorageKey_Paris.test.GeneralStateTests_stNonZeroCallsTest_NonZeroValue_SUICIDE_ToOneStorageKey_Paris_json_NonZeroValue_SUICIDE_ToOneStorageKey_Paris_fork_Cancun_Prague_d0g0v0
generated.ethereum_tests.ethereum-tests.GeneralStateTests.stNonZeroCallsTest.NonZeroValue_TransactionCALL.test.GeneralStateTests_stNonZeroCallsTest_NonZeroValue_TransactionCALL_json_NonZeroValue_TransactionCALL_fork_Cancun_Prague_d0g0v0
generated.ethereum_tests.ethereum-tests.GeneralStateTests.stNonZeroCallsTest.NonZeroValue_TransactionCALL_ToEmpty_Paris.test.GeneralStateTests_stNonZeroCallsTest_NonZeroValue_TransactionCALL_ToEmpty_Paris_json_NonZeroValue_TransactionCALL_ToEmpty_Paris_fork_Cancun_Prague_d0g0v0
generated.ethereum_tests.ethereum-tests.GeneralStateTests.stNonZeroCallsTest.NonZeroValue_TransactionCALL_ToNonNonZeroBalance.test.GeneralStateTests_stNonZeroCallsTest_NonZeroValue_TransactionCALL_ToNonNonZeroBalance_json_NonZeroValue_TransactionCALL_ToNonNonZeroBalance_fork_Cancun_Prague_d0g0v0
generated.ethereum_tests.ethereum-tests.GeneralStateTests.stNonZeroCallsTest.NonZeroValue_TransactionCALL_ToOneStorageKey_Paris.test.GeneralStateTests_stNonZeroCallsTest_NonZeroValue_TransactionCALL_ToOneStorageKey_Paris_json_NonZeroValue_TransactionCALL_ToOneStorageKey_Paris_fork_Cancun_Prague_d0g0v0
generated.ethereum_tests.ethereum-tests.GeneralStateTests.stNonZeroCallsTest.NonZeroValue_TransactionCALLwithData.test.GeneralStateTests_stNonZeroCallsTest_NonZeroValue_TransactionCALLwithData_json_NonZeroValue_TransactionCALLwithData_fork_Cancun_Prague_d0g0v0
generated.ethereum_tests.ethereum-tests.GeneralStateTests.stNonZeroCallsTest.NonZeroValue_TransactionCALLwithData_ToEmpty_Paris.test.GeneralStateTests_stNonZeroCallsTest_NonZeroValue_TransactionCALLwithData_ToEmpty_Paris_json_NonZeroValue_TransactionCALLwithData_ToEmpty_Paris_fork_Cancun_Prague_d0g0v0
generated.ethereum_tests.ethereum-tests.GeneralStateTests.stNonZeroCallsTest.NonZeroValue_TransactionCALLwithData_ToNonNonZeroBalance.test.GeneralStateTests_stNonZeroCallsTest_NonZeroValue_TransactionCALLwithData_ToNonNonZeroBalance_json_NonZeroValue_TransactionCALLwithData_ToNonNonZeroBalance_fork_Cancun_Prague_d0g0v0
generated.ethereum_tests.ethereum-tests.GeneralStateTests.stNonZeroCallsTest.NonZeroValue_TransactionCALLwithData_ToOneStorageKey_Paris.test.GeneralStateTests_stNonZeroCallsTest_NonZeroValue_TransactionCALLwithData_ToOneStorageKey_Paris_json_NonZeroValue_TransactionCALLwithData_ToOneStorageKey_Paris_fork_Cancun_Prague_d0g0v0
generated.ethereum_tests.ethereum-tests.GeneralStateTests.stPreCompiledContracts.identity_to_bigger.test.GeneralStateTests_stPreCompiledContracts_identity_to_bigger_json_identity_to_bigger_fork_Cancun_Prague_d0g0v0
generated.ethereum_tests.ethereum-tests.GeneralStateTests.stPreCompiledContracts.identity_to_smaller.test.GeneralStateTests_stPreCompiledContracts_identity_to_smaller_json_identity_to_smaller_fork_Cancun_Prague_d0g0v0
generated.ethereum_tests.ethereum-tests.GeneralStateTests.stPreCompiledContracts.modexp.test.GeneralStateTests_stPreCompiledContracts_modexp_json_modexp_fork_Cancun_Prague_d_0_37_g_0_3_v0
generated.ethereum_tests.ethereum-tests.GeneralStateTests.stPreCompiledContracts.modexpTests.test.GeneralStateTests_stPreCompiledContracts_modexpTests_json_modexpTests_fork_Cancun_Prague_d_0_126_g0v0
generated.ethereum_tests.ethereum-tests.GeneralStateTests.stPreCompiledContracts.precompsEIP2929Cancun.test.GeneralStateTests_stPreCompiledContracts_precompsEIP2929Cancun_json_precompsEIP2929Cancun_fork_Cancun_Prague_d_0_461_g0v0
generated.ethereum_tests.ethereum-tests.GeneralStateTests.stPreCompiledContracts.sec80.test.GeneralStateTests_stPreCompiledContracts_sec80_json_sec80_fork_Cancun_Prague_d0g0v0
generated.ethereum_tests.ethereum-tests.GeneralStateTests.stPreCompiledContracts2.CALLCODEEcrecover0.test.GeneralStateTests_stPreCompiledContracts2_CALLCODEEcrecover0_json_CALLCODEEcrecover0_fork_Cancun_Prague_d0g0v0
generated.ethereum_tests.ethereum-tests.GeneralStateTests.stPreCompiledContracts2.CALLCODEEcrecover0_0input.test.GeneralStateTests_stPreCompiledContracts2_CALLCODEEcrecover0_0input_json_CALLCODEEcrecover0_0input_fork_Cancun_Prague_d0g0v0
generated.ethereum_tests.ethereum-tests.GeneralStateTests.stPreCompiledContracts2.CALLCODEEcrecover0_Gas2999.test.GeneralStateTests_stPreCompiledContracts2_CALLCODEEcrecover0_Gas2999_json_CALLCODEEcrecover0_Gas2999_fork_Cancun_Prague_d0g0v0
generated.ethereum_tests.ethereum-tests.GeneralStateTests.stPreCompiledContracts2.CALLCODEEcrecover0_NoGas.test.GeneralStateTests_stPreCompiledContracts2_CALLCODEEcrecover0_NoGas_json_CALLCODEEcrecover0_NoGas_fork_Cancun_Prague_d0g0v0
generated.ethereum_tests.ethereum-tests.GeneralStateTests.stPreCompiledContracts2.CALLCODEEcrecover0_completeReturnValue.test.GeneralStateTests_stPreCompiledContracts2_CALLCODEEcrecover0_completeReturnValue_json_CALLCODEEcrecover0_completeReturnValue_fork_Cancun_Prague_d0g0v0
generated.ethereum_tests.ethereum-tests.GeneralStateTests.stPreCompiledContracts2.CALLCODEEcrecover0_gas3000.test.GeneralStateTests_stPreCompiledContracts2_CALLCODEEcrecover0_gas3000_json_CALLCODEEcrecover0_gas3000_fork_Cancun_Prague_d0g0v0
generated.ethereum_tests.ethereum-tests.GeneralStateTests.stPreCompiledContracts2.CALLCODEEcrecover0_overlappingInputOutput.test.GeneralStateTests_stPreCompiledContracts2_CALLCODEEcrecover0_overlappingInputOutput_json_CALLCODEEcrecover0_overlappingInputOutput_fork_Cancun_Prague_d0g0v0
generated.ethereum_tests.ethereum-tests.GeneralStateTests.stPreCompiledContracts2.CALLCODEEcrecover1.test.GeneralStateTests_stPreCompiledContracts2_CALLCODEEcrecover1_json_CALLCODEEcrecover1_fork_Cancun_Prague_d0g0v0
generated.ethereum_tests.ethereum-tests.GeneralStateTests.stPreCompiledContracts2.CALLCODEEcrecover2.test.GeneralStateTests_stPreCompiledContracts2_CALLCODEEcrecover2_json_CALLCODEEcrecover2_fork_Cancun_Prague_d0g0v0
generated.ethereum_tests.ethereum-tests.GeneralStateTests.stPreCompiledContracts2.CALLCODEEcrecover3.test.GeneralStateTests_stPreCompiledContracts2_CALLCODEEcrecover3_json_CALLCODEEcrecover3_fork_Cancun_Prague_d0g0v0
generated.ethereum_tests.ethereum-tests.GeneralStateTests.stPreCompiledContracts2.CALLCODEEcrecover80.test.GeneralStateTests_stPreCompiledContracts2_CALLCODEEcrecover80_json_CALLCODEEcrecover80_fork_Cancun_Prague_d0g0v0
generated.ethereum_tests.ethereum-tests.GeneralStateTests.stPreCompiledContracts2.CALLCODEEcrecoverH_prefixed0.test.GeneralStateTests_stPreCompiledContracts2_CALLCODEEcrecoverH_prefixed0_json_CALLCODEEcrecoverH_prefixed0_fork_Cancun_Prague_d0g0v0
generated.ethereum_tests.ethereum-tests.GeneralStateTests.stPreCompiledContracts2.CALLCODEEcrecoverR_prefixed0.test.GeneralStateTests_stPreCompiledContracts2_CALLCODEEcrecoverR_prefixed0_json_CALLCODEEcrecoverR_prefixed0_fork_Cancun_Prague_d0g0v0
generated.ethereum_tests.ethereum-tests.GeneralStateTests.stPreCompiledContracts2.CALLCODEEcrecoverS_prefixed0.test.GeneralStateTests_stPreCompiledContracts2_CALLCODEEcrecoverS_prefixed0_json_CALLCODEEcrecoverS_prefixed0_fork_Cancun_Prague_d0g0v0
generated.ethereum_tests.ethereum-tests.GeneralStateTests.stPreCompiledContracts2.CALLCODEEcrecoverV_prefixed0.test.GeneralStateTests_stPreCompiledContracts2_CALLCODEEcrecoverV_prefixed0_json_CALLCODEEcrecoverV_prefixed0_fork_Cancun_Prague_d0g0v0
generated.ethereum_tests.ethereum-tests.GeneralStateTests.stPreCompiledContracts2.CALLCODEEcrecoverV_prefixedf0.test.GeneralStateTests_stPreCompiledContracts2_CALLCODEEcrecoverV_prefixedf0_json_CALLCODEEcrecoverV_prefixedf0_fork_Cancun_Prague_d_0_1_g0v0
generated.ethereum_tests.ethereum-tests.GeneralStateTests.stPreCompiledContracts2.CALLCODEIdentitiy_0.test.GeneralStateTests_stPreCompiledContracts2_CALLCODEIdentitiy_0_json_CALLCODEIdentitiy_0_fork_Cancun_Prague_d0g0v0
generated.ethereum_tests.ethereum-tests.GeneralStateTests.stPreCompiledContracts2.CALLCODEIdentitiy_1.test.GeneralStateTests_stPreCompiledContracts2_CALLCODEIdentitiy_1_json_CALLCODEIdentitiy_1_fork_Cancun_Prague_d0g0v0
generated.ethereum_tests.ethereum-tests.GeneralStateTests.stPreCompiledContracts2.CALLCODEIdentity_1_nonzeroValue.test.GeneralStateTests_stPreCompiledContracts2_CALLCODEIdentity_1_nonzeroValue_json_CALLCODEIdentity_1_nonzeroValue_fork_Cancun_Prague_d0g0v0
generated.ethereum_tests.ethereum-tests.GeneralStateTests.stPreCompiledContracts2.CALLCODEIdentity_2.test.GeneralStateTests_stPreCompiledContracts2_CALLCODEIdentity_2_json_CALLCODEIdentity_2_fork_Cancun_Prague_d0g0v0
generated.ethereum_tests.ethereum-tests.GeneralStateTests.stPreCompiledContracts2.CALLCODEIdentity_3.test.GeneralStateTests_stPreCompiledContracts2_CALLCODEIdentity_3_json_CALLCODEIdentity_3_fork_Cancun_Prague_d0g0v0
generated.ethereum_tests.ethereum-tests.GeneralStateTests.stPreCompiledContracts2.CALLCODEIdentity_4.test.GeneralStateTests_stPreCompiledContracts2_CALLCODEIdentity_4_json_CALLCODEIdentity_4_fork_Cancun_Prague_d0g0v0
generated.ethereum_tests.ethereum-tests.GeneralStateTests.stPreCompiledContracts2.CALLCODEIdentity_4_gas17.test.GeneralStateTests_stPreCompiledContracts2_CALLCODEIdentity_4_gas17_json_CALLCODEIdentity_4_gas17_fork_Cancun_Prague_d0g0v0
generated.ethereum_tests.ethereum-tests.GeneralStateTests.stPreCompiledContracts2.CALLCODEIdentity_4_gas18.test.GeneralStateTests_stPreCompiledContracts2_CALLCODEIdentity_4_gas18_json_CALLCODEIdentity_4_gas18_fork_Cancun_Prague_d0g0v0
generated.ethereum_tests.ethereum-tests.GeneralStateTests.stPreCompiledContracts2.CALLCODEIdentity_5.test.GeneralStateTests_stPreCompiledContracts2_CALLCODEIdentity_5_json_CALLCODEIdentity_5_fork_Cancun_Prague_d0g0v0
generated.ethereum_tests.ethereum-tests.GeneralStateTests.stPreCompiledContracts2.CALLCODERipemd160_0.test.GeneralStateTests_stPreCompiledContracts2_CALLCODERipemd160_0_json_CALLCODERipemd160_0_fork_Cancun_Prague_d0g0v0
generated.ethereum_tests.ethereum-tests.GeneralStateTests.stPreCompiledContracts2.CALLCODERipemd160_1.test.GeneralStateTests_stPreCompiledContracts2_CALLCODERipemd160_1_json_CALLCODERipemd160_1_fork_Cancun_Prague_d0g0v0
generated.ethereum_tests.ethereum-tests.GeneralStateTests.stPreCompiledContracts2.CALLCODERipemd160_2.test.GeneralStateTests_stPreCompiledContracts2_CALLCODERipemd160_2_json_CALLCODERipemd160_2_fork_Cancun_Prague_d0g0v0
generated.ethereum_tests.ethereum-tests.GeneralStateTests.stPreCompiledContracts2.CALLCODERipemd160_3.test.GeneralStateTests_stPreCompiledContracts2_CALLCODERipemd160_3_json_CALLCODERipemd160_3_fork_Cancun_Prague_d0g0v0
generated.ethereum_tests.ethereum-tests.GeneralStateTests.stPreCompiledContracts2.CALLCODERipemd160_3_postfixed0.test.GeneralStateTests_stPreCompiledContracts2_CALLCODERipemd160_3_postfixed0_json_CALLCODERipemd160_3_postfixed0_fork_Cancun_Prague_d0g0v0
generated.ethereum_tests.ethereum-tests.GeneralStateTests.stPreCompiledContracts2.CALLCODERipemd160_3_prefixed0.test.GeneralStateTests_stPreCompiledContracts2_CALLCODERipemd160_3_prefixed0_json_CALLCODERipemd160_3_prefixed0_fork_Cancun_Prague_d0g0v0
generated.ethereum_tests.ethereum-tests.GeneralStateTests.stPreCompiledContracts2.CALLCODERipemd160_4.test.GeneralStateTests_stPreCompiledContracts2_CALLCODERipemd160_4_json_CALLCODERipemd160_4_fork_Cancun_Prague_d0g0v0
generated.ethereum_tests.ethereum-tests.GeneralStateTests.stPreCompiledContracts2.CALLCODERipemd160_4_gas719.test.GeneralStateTests_stPreCompiledContracts2_CALLCODERipemd160_4_gas719_json_CALLCODERipemd160_4_gas719_fork_Cancun_Prague_d0g0v0
generated.ethereum_tests.ethereum-tests.GeneralStateTests.stPreCompiledContracts2.CALLCODERipemd160_5.test.GeneralStateTests_stPreCompiledContracts2_CALLCODERipemd160_5_json_CALLCODERipemd160_5_fork_Cancun_Prague_d0g0v0
generated.ethereum_tests.ethereum-tests.GeneralStateTests.stPreCompiledContracts2.CALLCODESha256_0.test.GeneralStateTests_stPreCompiledContracts2_CALLCODESha256_0_json_CALLCODESha256_0_fork_Cancun_Prague_d0g0v0
generated.ethereum_tests.ethereum-tests.GeneralStateTests.stPreCompiledContracts2.CALLCODESha256_1.test.GeneralStateTests_stPreCompiledContracts2_CALLCODESha256_1_json_CALLCODESha256_1_fork_Cancun_Prague_d0g0v0
generated.ethereum_tests.ethereum-tests.GeneralStateTests.stPreCompiledContracts2.CALLCODESha256_1_nonzeroValue.test.GeneralStateTests_stPreCompiledContracts2_CALLCODESha256_1_nonzeroValue_json_CALLCODESha256_1_nonzeroValue_fork_Cancun_Prague_d0g0v0
generated.ethereum_tests.ethereum-tests.GeneralStateTests.stPreCompiledContracts2.CALLCODESha256_2.test.GeneralStateTests_stPreCompiledContracts2_CALLCODESha256_2_json_CALLCODESha256_2_fork_Cancun_Prague_d0g0v0
generated.ethereum_tests.ethereum-tests.GeneralStateTests.stPreCompiledContracts2.CALLCODESha256_3.test.GeneralStateTests_stPreCompiledContracts2_CALLCODESha256_3_json_CALLCODESha256_3_fork_Cancun_Prague_d0g0v0
generated.ethereum_tests.ethereum-tests.GeneralStateTests.stPreCompiledContracts2.CALLCODESha256_3_postfix0.test.GeneralStateTests_stPreCompiledContracts2_CALLCODESha256_3_postfix0_json_CALLCODESha256_3_postfix0_fork_Cancun_Prague_d0g0v0
generated.ethereum_tests.ethereum-tests.GeneralStateTests.stPreCompiledContracts2.CALLCODESha256_3_prefix0.test.GeneralStateTests_stPreCompiledContracts2_CALLCODESha256_3_prefix0_json_CALLCODESha256_3_prefix0_fork_Cancun_Prague_d0g0v0
generated.ethereum_tests.ethereum-tests.GeneralStateTests.stPreCompiledContracts2.CALLCODESha256_4.test.GeneralStateTests_stPreCompiledContracts2_CALLCODESha256_4_json_CALLCODESha256_4_fork_Cancun_Prague_d0g0v0
generated.ethereum_tests.ethereum-tests.GeneralStateTests.stPreCompiledContracts2.CALLCODESha256_4_gas99.test.GeneralStateTests_stPreCompiledContracts2_CALLCODESha256_4_gas99_json_CALLCODESha256_4_gas99_fork_Cancun_Prague_d0g0v0
generated.ethereum_tests.ethereum-tests.GeneralStateTests.stPreCompiledContracts2.CALLCODESha256_5.test.GeneralStateTests_stPreCompiledContracts2_CALLCODESha256_5_json_CALLCODESha256_5_fork_Cancun_Prague_d0g0v0
generated.ethereum_tests.ethereum-tests.GeneralStateTests.stPreCompiledContracts2.CallEcrecover0.test.GeneralStateTests_stPreCompiledContracts2_CallEcrecover0_json_CallEcrecover0_fork_Cancun_Prague_d0g0v0
generated.ethereum_tests.ethereum-tests.GeneralStateTests.stPreCompiledContracts2.CallEcrecover0_0input.test.GeneralStateTests_stPreCompiledContracts2_CallEcrecover0_0input_json_CallEcrecover0_0input_fork_Cancun_Prague_d0g0v0
generated.ethereum_tests.ethereum-tests.GeneralStateTests.stPreCompiledContracts2.CallEcrecover0_Gas2999.test.GeneralStateTests_stPreCompiledContracts2_CallEcrecover0_Gas2999_json_CallEcrecover0_Gas2999_fork_Cancun_Prague_d0g0v0
generated.ethereum_tests.ethereum-tests.GeneralStateTests.stPreCompiledContracts2.CallEcrecover0_NoGas.test.GeneralStateTests_stPreCompiledContracts2_CallEcrecover0_NoGas_json_CallEcrecover0_NoGas_fork_Cancun_Prague_d0g0v0
generated.ethereum_tests.ethereum-tests.GeneralStateTests.stPreCompiledContracts2.CallEcrecover0_completeReturnValue.test.GeneralStateTests_stPreCompiledContracts2_CallEcrecover0_completeReturnValue_json_CallEcrecover0_completeReturnValue_fork_Cancun_Prague_d0g0v0
generated.ethereum_tests.ethereum-tests.GeneralStateTests.stPreCompiledContracts2.CallEcrecover0_gas3000.test.GeneralStateTests_stPreCompiledContracts2_CallEcrecover0_gas3000_json_CallEcrecover0_gas3000_fork_Cancun_Prague_d0g0v0
generated.ethereum_tests.ethereum-tests.GeneralStateTests.stPreCompiledContracts2.CallEcrecover0_overlappingInputOutput.test.GeneralStateTests_stPreCompiledContracts2_CallEcrecover0_overlappingInputOutput_json_CallEcrecover0_overlappingInputOutput_fork_Cancun_Prague_d0g0v0
generated.ethereum_tests.ethereum-tests.GeneralStateTests.stPreCompiledContracts2.CallEcrecover1.test.GeneralStateTests_stPreCompiledContracts2_CallEcrecover1_json_CallEcrecover1_fork_Cancun_Prague_d0g0v0✖ test failed
generated.ethereum_tests.ethereum-tests.GeneralStateTests.stPreCompiledContracts2.CallEcrecover2.test.GeneralStateTests_stPreCompiledContracts2_CallEcrecover2_json_CallEcrecover2_fork_Cancun_Prague_d0g0v0
generated.ethereum_tests.ethereum-tests.GeneralStateTests.stPreCompiledContracts2.CallEcrecover3.test.GeneralStateTests_stPreCompiledContracts2_CallEcrecover3_json_CallEcrecover3_fork_Cancun_Prague_d0g0v0
generated.ethereum_tests.ethereum-tests.GeneralStateTests.stPreCompiledContracts2.CallEcrecover80.test.GeneralStateTests_stPreCompiledContracts2_CallEcrecover80_json_CallEcrecover80_fork_Cancun_Prague_d0g0v0
generated.ethereum_tests.ethereum-tests.GeneralStateTests.stPreCompiledContracts2.CallEcrecoverCheckLength.test.GeneralStateTests_stPreCompiledContracts2_CallEcrecoverCheckLength_json_CallEcrecoverCheckLength_fork_Cancun_Prague_d0g0v0
generated.ethereum_tests.ethereum-tests.GeneralStateTests.stPreCompiledContracts2.CallEcrecoverCheckLengthWrongV.test.GeneralStateTests_stPreCompiledContracts2_CallEcrecoverCheckLengthWrongV_json_CallEcrecoverCheckLengthWrongV_fork_Cancun_Prague_d0g0v0
generated.ethereum_tests.ethereum-tests.GeneralStateTests.stPreCompiledContracts2.CallEcrecoverH_prefixed0.test.GeneralStateTests_stPreCompiledContracts2_CallEcrecoverH_prefixed0_json_CallEcrecoverH_prefixed0_fork_Cancun_Prague_d0g0v0
generated.ethereum_tests.ethereum-tests.GeneralStateTests.stPreCompiledContracts2.CallEcrecoverInvalidSignature.test.GeneralStateTests_stPreCompiledContracts2_CallEcrecoverInvalidSignature_json_CallEcrecoverInvalidSignature_fork_Cancun_Prague_d0g0v0
generated.ethereum_tests.ethereum-tests.GeneralStateTests.stPreCompiledContracts2.CallEcrecoverR_prefixed0.test.GeneralStateTests_stPreCompiledContracts2_CallEcrecoverR_prefixed0_json_CallEcrecoverR_prefixed0_fork_Cancun_Prague_d0g0v0
generated.ethereum_tests.ethereum-tests.GeneralStateTests.stPreCompiledContracts2.CallEcrecoverS_prefixed0.test.GeneralStateTests_stPreCompiledContracts2_CallEcrecoverS_prefixed0_json_CallEcrecoverS_prefixed0_fork_Cancun_Prague_d0g0v0
generated.ethereum_tests.ethereum-tests.GeneralStateTests.stPreCompiledContracts2.CallEcrecoverUnrecoverableKey.test.GeneralStateTests_stPreCompiledContracts2_CallEcrecoverUnrecoverableKey_json_CallEcrecoverUnrecoverableKey_fork_Cancun_Prague_d0g0v0
generated.ethereum_tests.ethereum-tests.GeneralStateTests.stPreCompiledContracts2.CallEcrecoverV_prefixed0.test.GeneralStateTests_stPreCompiledContracts2_CallEcrecoverV_prefixed0_json_CallEcrecoverV_prefixed0_fork_Cancun_Prague_d0g0v0
generated.ethereum_tests.ethereum-tests.GeneralStateTests.stPreCompiledContracts2.CallEcrecover_Overflow.test.GeneralStateTests_stPreCompiledContracts2_CallEcrecover_Overflow_json_CallEcrecover_Overflow_fork_Cancun_Prague_d_0_7_g0v0
generated.ethereum_tests.ethereum-tests.GeneralStateTests.stPreCompiledContracts2.CallIdentitiy_0.test.GeneralStateTests_stPreCompiledContracts2_CallIdentitiy_0_json_CallIdentitiy_0_fork_Cancun_Prague_d0g0v0
generated.ethereum_tests.ethereum-tests.GeneralStateTests.stPreCompiledContracts2.CallIdentitiy_1.test.GeneralStateTests_stPreCompiledContracts2_CallIdentitiy_1_json_CallIdentitiy_1_fork_Cancun_Prague_d0g0v0
generated.ethereum_tests.ethereum-tests.GeneralStateTests.stPreCompiledContracts2.CallIdentity_1_nonzeroValue.test.GeneralStateTests_stPreCompiledContracts2_CallIdentity_1_nonzeroValue_json_CallIdentity_1_nonzeroValue_fork_Cancun_Prague_d0g0v0
generated.ethereum_tests.ethereum-tests.GeneralStateTests.stPreCompiledContracts2.CallIdentity_2.test.GeneralStateTests_stPreCompiledContracts2_CallIdentity_2_json_CallIdentity_2_fork_Cancun_Prague_d0g0v0
generated.ethereum_tests.ethereum-tests.GeneralStateTests.stPreCompiledContracts2.CallIdentity_3.test.GeneralStateTests_stPreCompiledContracts2_CallIdentity_3_json_CallIdentity_3_fork_Cancun_Prague_d0g0v0
generated.ethereum_tests.ethereum-tests.GeneralStateTests.stPreCompiledContracts2.CallIdentity_4.test.GeneralStateTests_stPreCompiledContracts2_CallIdentity_4_json_CallIdentity_4_fork_Cancun_Prague_d0g0v0
generated.ethereum_tests.ethereum-tests.GeneralStateTests.stPreCompiledContracts2.CallIdentity_4_gas17.test.GeneralStateTests_stPreCompiledContracts2_CallIdentity_4_gas17_json_CallIdentity_4_gas17_fork_Cancun_Prague_d0g0v0
generated.ethereum_tests.ethereum-tests.GeneralStateTests.stPreCompiledContracts2.CallIdentity_4_gas18.test.GeneralStateTests_stPreCompiledContracts2_CallIdentity_4_gas18_json_CallIdentity_4_gas18_fork_Cancun_Prague_d0g0v0
generated.ethereum_tests.ethereum-tests.GeneralStateTests.stPreCompiledContracts2.CallIdentity_5.test.GeneralStateTests_stPreCompiledContracts2_CallIdentity_5_json_CallIdentity_5_fork_Cancun_Prague_d0g0v0
generated.ethereum_tests.ethereum-tests.GeneralStateTests.stPreCompiledContracts2.CallIdentity_6_inputShorterThanOutput.test.GeneralStateTests_stPreCompiledContracts2_CallIdentity_6_inputShorterThanOutput_json_CallIdentity_6_inputShorterThanOutput_fork_Cancun_Prague_d0g0v0
generated.ethereum_tests.ethereum-tests.GeneralStateTests.stPreCompiledContracts2.CallRipemd160_0.test.GeneralStateTests_stPreCompiledContracts2_CallRipemd160_0_json_CallRipemd160_0_fork_Cancun_Prague_d0g0v0
generated.ethereum_tests.ethereum-tests.GeneralStateTests.stPreCompiledContracts2.CallRipemd160_1.test.GeneralStateTests_stPreCompiledContracts2_CallRipemd160_1_json_CallRipemd160_1_fork_Cancun_Prague_d0g0v0
generated.ethereum_tests.ethereum-tests.GeneralStateTests.stPreCompiledContracts2.CallRipemd160_2.test.GeneralStateTests_stPreCompiledContracts2_CallRipemd160_2_json_CallRipemd160_2_fork_Cancun_Prague_d0g0v0
generated.ethereum_tests.ethereum-tests.GeneralStateTests.stPreCompiledContracts2.CallRipemd160_3.test.GeneralStateTests_stPreCompiledContracts2_CallRipemd160_3_json_CallRipemd160_3_fork_Cancun_Prague_d0g0v0
generated.ethereum_tests.ethereum-tests.GeneralStateTests.stPreCompiledContracts2.CallRipemd160_3_postfixed0.test.GeneralStateTests_stPreCompiledContracts2_CallRipemd160_3_postfixed0_json_CallRipemd160_3_postfixed0_fork_Cancun_Prague_d0g0v0
generated.ethereum_tests.ethereum-tests.GeneralStateTests.stPreCompiledContracts2.CallRipemd160_3_prefixed0.test.GeneralStateTests_stPreCompiledContracts2_CallRipemd160_3_prefixed0_json_CallRipemd160_3_prefixed0_fork_Cancun_Prague_d0g0v0
generated.ethereum_tests.ethereum-tests.GeneralStateTests.stPreCompiledContracts2.CallRipemd160_4.test.GeneralStateTests_stPreCompiledContracts2_CallRipemd160_4_json_CallRipemd160_4_fork_Cancun_Prague_d0g0v0
generated.ethereum_tests.ethereum-tests.GeneralStateTests.stPreCompiledContracts2.CallRipemd160_4_gas719.test.GeneralStateTests_stPreCompiledContracts2_CallRipemd160_4_gas719_json_CallRipemd160_4_gas719_fork_Cancun_Prague_d0g0v0
generated.ethereum_tests.ethereum-tests.GeneralStateTests.stPreCompiledContracts2.CallRipemd160_5.test.GeneralStateTests_stPreCompiledContracts2_CallRipemd160_5_json_CallRipemd160_5_fork_Cancun_Prague_d0g0v0
generated.ethereum_tests.ethereum-tests.GeneralStateTests.stPreCompiledContracts2.CallSha256_0.test.GeneralStateTests_stPreCompiledContracts2_CallSha256_0_json_CallSha256_0_fork_Cancun_Prague_d0g0v0
generated.ethereum_tests.ethereum-tests.GeneralStateTests.stPreCompiledContracts2.CallSha256_1.test.GeneralStateTests_stPreCompiledContracts2_CallSha256_1_json_CallSha256_1_fork_Cancun_Prague_d0g0v0
generated.ethereum_tests.ethereum-tests.GeneralStateTests.stPreCompiledContracts2.CallSha256_1_nonzeroValue.test.GeneralStateTests_stPreCompiledContracts2_CallSha256_1_nonzeroValue_json_CallSha256_1_nonzeroValue_fork_Cancun_Prague_d0g0v0
generated.ethereum_tests.ethereum-tests.GeneralStateTests.stPreCompiledContracts2.CallSha256_2.test.GeneralStateTests_stPreCompiledContracts2_CallSha256_2_json_CallSha256_2_fork_Cancun_Prague_d0g0v0
generated.ethereum_tests.ethereum-tests.GeneralStateTests.stPreCompiledContracts2.CallSha256_3.test.GeneralStateTests_stPreCompiledContracts2_CallSha256_3_json_CallSha256_3_fork_Cancun_Prague_d0g0v0
generated.ethereum_tests.ethereum-tests.GeneralStateTests.stPreCompiledContracts2.CallSha256_3_postfix0.test.GeneralStateTests_stPreCompiledContracts2_CallSha256_3_postfix0_json_CallSha256_3_postfix0_fork_Cancun_Prague_d0g0v0
generated.ethereum_tests.ethereum-tests.GeneralStateTests.stPreCompiledContracts2.CallSha256_3_prefix0.test.GeneralStateTests_stPreCompiledContracts2_CallSha256_3_prefix0_json_CallSha256_3_prefix0_fork_Cancun_Prague_d0g0v0
generated.ethereum_tests.ethereum-tests.GeneralStateTests.stPreCompiledContracts2.CallSha256_4.test.GeneralStateTests_stPreCompiledContracts2_CallSha256_4_json_CallSha256_4_fork_Cancun_Prague_d0g0v0
generated.ethereum_tests.ethereum-tests.GeneralStateTests.stPreCompiledContracts2.CallSha256_4_gas99.test.GeneralStateTests_stPreCompiledContracts2_CallSha256_4_gas99_json_CallSha256_4_gas99_fork_Cancun_Prague_d0g0v0
generated.ethereum_tests.ethereum-tests.GeneralStateTests.stPreCompiledContracts2.CallSha256_5.test.GeneralStateTests_stPreCompiledContracts2_CallSha256_5_json_CallSha256_5_fork_Cancun_Prague_d0g0v0
generated.ethereum_tests.ethereum-tests.GeneralStateTests.stPreCompiledContracts2.ecrecoverShortBuff.test.GeneralStateTests_stPreCompiledContracts2_ecrecoverShortBuff_json_ecrecoverShortBuff_fork_Cancun_Prague_d0g0v0
generated.ethereum_tests.ethereum-tests.GeneralStateTests.stPreCompiledContracts2.ecrecoverWeirdV.test.GeneralStateTests_stPreCompiledContracts2_ecrecoverWeirdV_json_ecrecoverWeirdV_fork_Cancun_Prague_d_0_35_g0v0
generated.ethereum_tests.ethereum-tests.GeneralStateTests.stPreCompiledContracts2.modexpRandomInput.test.GeneralStateTests_stPreCompiledContracts2_modexpRandomInput_json_modexpRandomInput_fork_Cancun_Prague_d_0_2_g_0_1_v0
generated.ethereum_tests.ethereum-tests.GeneralStateTests.stPreCompiledContracts2.modexp_0_0_0_20500.test.GeneralStateTests_stPreCompiledContracts2_modexp_0_0_0_20500_json_modexp_0_0_0_20500_fork_Cancun_Prague_d0g_0_3_v0
generated.ethereum_tests.ethereum-tests.GeneralStateTests.stPreCompiledContracts2.modexp_0_0_0_22000.test.GeneralStateTests_stPreCompiledContracts2_modexp_0_0_0_22000_json_modexp_0_0_0_22000_fork_Cancun_Prague_d0g_0_3_v0
generated.ethereum_tests.ethereum-tests.GeneralStateTests.stPreCompiledContracts2.modexp_0_0_0_25000.test.GeneralStateTests_stPreCompiledContracts2_modexp_0_0_0_25000_json_modexp_0_0_0_25000_fork_Cancun_Prague_d0g_0_3_v0
generated.ethereum_tests.ethereum-tests.GeneralStateTests.stPreCompiledContracts2.modexp_0_0_0_35000.test.GeneralStateTests_stPreCompiledContracts2_modexp_0_0_0_35000_json_modexp_0_0_0_35000_fork_Cancun_Prague_d0g_0_3_v0
generated.ethereum_tests.ethereum-tests.GeneralStateTests.stQuadraticComplexityTest.Call1MB1024Calldepth.test.GeneralStateTests_stQuadraticComplexityTest_Call1MB1024Calldepth_json_Call1MB1024Calldepth_fork_Cancun_Prague_d0g_0_1_v0
generated.ethereum_tests.ethereum-tests.GeneralStateTests.stQuadraticComplexityTest.Call20KbytesContract50_1.test.GeneralStateTests_stQuadraticComplexityTest_Call20KbytesContract50_1_json_Call20KbytesContract50_1_fork_Cancun_Prague_d0g_0_1_v0
generated.ethereum_tests.ethereum-tests.GeneralStateTests.stQuadraticComplexityTest.Call20KbytesContract50_2.test.GeneralStateTests_stQuadraticComplexityTest_Call20KbytesContract50_2_json_Call20KbytesContract50_2_fork_Cancun_Prague_d0g_0_1_v0
generated.ethereum_tests.ethereum-tests.GeneralStateTests.stQuadraticComplexityTest.Call20KbytesContract50_3.test.GeneralStateTests_stQuadraticComplexityTest_Call20KbytesContract50_3_json_Call20KbytesContract50_3_fork_Cancun_Prague_d0g_0_1_v0
generated.ethereum_tests.ethereum-tests.GeneralStateTests.stQuadraticComplexityTest.Call50000.test.GeneralStateTests_stQuadraticComplexityTest_Call50000_json_Call50000_fork_Cancun_Prague_d0g_0_1_v0
generated.ethereum_tests.ethereum-tests.GeneralStateTests.stQuadraticComplexityTest.Call50000_ecrec.test.GeneralStateTests_stQuadraticComplexityTest_Call50000_ecrec_json_Call50000_ecrec_fork_Cancun_Prague_d0g_0_1_v0
generated.ethereum_tests.ethereum-tests.GeneralStateTests.stQuadraticComplexityTest.Call50000_identity.test.GeneralStateTests_stQuadraticComplexityTest_Call50000_identity_json_Call50000_identity_fork_Cancun_Prague_d0g_0_1_v0
generated.ethereum_tests.ethereum-tests.GeneralStateTests.stQuadraticComplexityTest.Call50000_identity2.test.GeneralStateTests_stQuadraticComplexityTest_Call50000_identity2_json_Call50000_identity2_fork_Cancun_Prague_d0g_0_1_v0
generated.ethereum_tests.ethereum-tests.GeneralStateTests.stQuadraticComplexityTest.Call50000_rip160.test.GeneralStateTests_stQuadraticComplexityTest_Call50000_rip160_json_Call50000_rip160_fork_Cancun_Prague_d0g_0_1_v0
generated.ethereum_tests.ethereum-tests.GeneralStateTests.stQuadraticComplexityTest.Call50000_sha256.test.GeneralStateTests_stQuadraticComplexityTest_Call50000_sha256_json_Call50000_sha256_fork_Cancun_Prague_d0g_0_1_v0
generated.ethereum_tests.ethereum-tests.GeneralStateTests.stQuadraticComplexityTest.Callcode50000.test.GeneralStateTests_stQuadraticComplexityTest_Callcode50000_json_Callcode50000_fork_Cancun_Prague_d0g_0_1_v0
generated.ethereum_tests.ethereum-tests.GeneralStateTests.stQuadraticComplexityTest.Create1000.test.GeneralStateTests_stQuadraticComplexityTest_Create1000_json_Create1000_fork_Cancun_Prague_d0g_0_1_v0
generated.ethereum_tests.ethereum-tests.GeneralStateTests.stQuadraticComplexityTest.Create1000Byzantium.test.GeneralStateTests_stQuadraticComplexityTest_Create1000Byzantium_json_Create1000Byzantium_fork_Cancun_Prague_d0g_0_1_v0
generated.ethereum_tests.ethereum-tests.GeneralStateTests.stQuadraticComplexityTest.Create1000Shnghai.test.GeneralStateTests_stQuadraticComplexityTest_Create1000Shnghai_json_Create1000Shnghai_fork_Cancun_Prague_d0g_0_1_v0
generated.ethereum_tests.ethereum-tests.GeneralStateTests.stQuadraticComplexityTest.QuadraticComplexitySolidity_CallDataCopy.test.GeneralStateTests_stQuadraticComplexityTest_QuadraticComplexitySolidity_CallDataCopy_json_QuadraticComplexitySolidity_CallDataCopy_fork_Cancun_Prague_d0g_0_1_v0
generated.ethereum_tests.ethereum-tests.GeneralStateTests.stQuadraticComplexityTest.Return50000.test.GeneralStateTests_stQuadraticComplexityTest_Return50000_json_Return50000_fork_Cancun_Prague_d0g_0_1_v0
generated.ethereum_tests.ethereum-tests.GeneralStateTests.stQuadraticComplexityTest.Return50000_2.test.GeneralStateTests_stQuadraticComplexityTest_Return50000_2_json_Return50000_2_fork_Cancun_Prague_d0g_0_1_v0
generated.ethereum_tests.ethereum-tests.GeneralStateTests.stRandom.randomStatetest0.test.GeneralStateTests_stRandom_randomStatetest0_json_randomStatetest0_fork_Cancun_Prague_d0g0v0
generated.ethereum_tests.ethereum-tests.GeneralStateTests.stRandom.randomStatetest1.test.GeneralStateTests_stRandom_randomStatetest1_json_randomStatetest1_fork_Cancun_Prague_d0g0v0
generated.ethereum_tests.ethereum-tests.GeneralStateTests.stRandom.randomStatetest10.test.GeneralStateTests_stRandom_randomStatetest10_json_randomStatetest10_fork_Cancun_Prague_d0g0v0
generated.ethereum_tests.ethereum-tests.GeneralStateTests.stRandom.randomStatetest100.test.GeneralStateTests_stRandom_randomStatetest100_json_randomStatetest100_fork_Cancun_Prague_d0g0v0
generated.ethereum_tests.ethereum-tests.GeneralStateTests.stRandom.randomStatetest102.test.GeneralStateTests_stRandom_randomStatetest102_json_randomStatetest102_fork_Cancun_Prague_d0g0v0
generated.ethereum_tests.ethereum-tests.GeneralStateTests.stRandom.randomStatetest103.test.GeneralStateTests_stRandom_randomStatetest103_json_randomStatetest103_fork_Cancun_Prague_d0g0v0
generated.ethereum_tests.ethereum-tests.GeneralStateTests.stRandom.randomStatetest104.test.GeneralStateTests_stRandom_randomStatetest104_json_randomStatetest104_fork_Cancun_Prague_d0g0v0
generated.ethereum_tests.ethereum-tests.GeneralStateTests.stRandom.randomStatetest105.test.GeneralStateTests_stRandom_randomStatetest105_json_randomStatetest105_fork_Cancun_Prague_d0g0v0
generated.ethereum_tests.ethereum-tests.GeneralStateTests.stRandom.randomStatetest106.test.GeneralStateTests_stRandom_randomStatetest106_json_randomStatetest106_fork_Cancun_Prague_d0g0v0
generated.ethereum_tests.ethereum-tests.GeneralStateTests.stRandom.randomStatetest107.test.GeneralStateTests_stRandom_randomStatetest107_json_randomStatetest107_fork_Cancun_Prague_d0g0v0
generated.ethereum_tests.ethereum-tests.GeneralStateTests.stRandom.randomStatetest108.test.GeneralStateTests_stRandom_randomStatetest108_json_randomStatetest108_fork_Cancun_Prague_d0g0v0
generated.ethereum_tests.ethereum-tests.GeneralStateTests.stRandom.randomStatetest11.test.GeneralStateTests_stRandom_randomStatetest11_json_randomStatetest11_fork_Cancun_Prague_d0g0v0
generated.ethereum_tests.ethereum-tests.GeneralStateTests.stRandom.randomStatetest110.test.GeneralStateTests_stRandom_randomStatetest110_json_randomStatetest110_fork_Cancun_Prague_d0g0v0
generated.ethereum_tests.ethereum-tests.GeneralStateTests.stRandom.randomStatetest111.test.GeneralStateTests_stRandom_randomStatetest111_json_randomStatetest111_fork_Cancun_Prague_d0g0v0
generated.ethereum_tests.ethereum-tests.GeneralStateTests.stRandom.randomStatetest112.test.GeneralStateTests_stRandom_randomStatetest112_json_randomStatetest112_fork_Cancun_Prague_d0g0v0
generated.ethereum_tests.ethereum-tests.GeneralStateTests.stRandom.randomStatetest114.test.GeneralStateTests_stRandom_randomStatetest114_json_randomStatetest114_fork_Cancun_Prague_d0g0v0
generated.ethereum_tests.ethereum-tests.GeneralStateTests.stRandom.randomStatetest115.test.GeneralStateTests_stRandom_randomStatetest115_json_randomStatetest115_fork_Cancun_Prague_d0g0v0
generated.ethereum_tests.ethereum-tests.GeneralStateTests.stRandom.randomStatetest116.test.GeneralStateTests_stRandom_randomStatetest116_json_randomStatetest116_fork_Cancun_Prague_d0g0v0
generated.ethereum_tests.ethereum-tests.GeneralStateTests.stRandom.randomStatetest117.test.GeneralStateTests_stRandom_randomStatetest117_json_randomStatetest117_fork_Cancun_Prague_d0g0v0
generated.ethereum_tests.ethereum-tests.GeneralStateTests.stRandom.randomStatetest118.test.GeneralStateTests_stRandom_randomStatetest118_json_randomStatetest118_fork_Cancun_Prague_d0g0v0
generated.ethereum_tests.ethereum-tests.GeneralStateTests.stRandom.randomStatetest119.test.GeneralStateTests_stRandom_randomStatetest119_json_randomStatetest119_fork_Cancun_Prague_d0g0v0
generated.ethereum_tests.ethereum-tests.GeneralStateTests.stRandom.randomStatetest12.test.GeneralStateTests_stRandom_randomStatetest12_json_randomStatetest12_fork_Cancun_Prague_d0g0v0
generated.ethereum_tests.ethereum-tests.GeneralStateTests.stRandom.randomStatetest120.test.GeneralStateTests_stRandom_randomStatetest120_json_randomStatetest120_fork_Cancun_Prague_d0g0v0
generated.ethereum_tests.ethereum-tests.GeneralStateTests.stRandom.randomStatetest121.test.GeneralStateTests_stRandom_randomStatetest121_json_randomStatetest121_fork_Cancun_Prague_d0g0v0
generated.ethereum_tests.ethereum-tests.GeneralStateTests.stRandom.randomStatetest122.test.GeneralStateTests_stRandom_randomStatetest122_json_randomStatetest122_fork_Cancun_Prague_d0g0v0
generated.ethereum_tests.ethereum-tests.GeneralStateTests.stRandom.randomStatetest124.test.GeneralStateTests_stRandom_randomStatetest124_json_randomStatetest124_fork_Cancun_Prague_d0g0v0
generated.ethereum_tests.ethereum-tests.GeneralStateTests.stRandom.randomStatetest125.test.GeneralStateTests_stRandom_randomStatetest125_json_randomStatetest125_fork_Cancun_Prague_d0g0v0
generated.ethereum_tests.ethereum-tests.GeneralStateTests.stRandom.randomStatetest126.test.GeneralStateTests_stRandom_randomStatetest126_json_randomStatetest126_fork_Cancun_Prague_d0g0v0
generated.ethereum_tests.ethereum-tests.GeneralStateTests.stRandom.randomStatetest129.test.GeneralStateTests_stRandom_randomStatetest129_json_randomStatetest129_fork_Cancun_Prague_d0g0v0
generated.ethereum_tests.ethereum-tests.GeneralStateTests.stRandom.randomStatetest13.test.GeneralStateTests_stRandom_randomStatetest13_json_randomStatetest13_fork_Cancun_Prague_d0g0v0
generated.ethereum_tests.ethereum-tests.GeneralStateTests.stRandom.randomStatetest130.test.GeneralStateTests_stRandom_randomStatetest130_json_randomStatetest130_fork_Cancun_Prague_d0g0v0
generated.ethereum_tests.ethereum-tests.GeneralStateTests.stRandom.randomStatetest131.test.GeneralStateTests_stRandom_randomStatetest131_json_randomStatetest131_fork_Cancun_Prague_d0g0v0
generated.ethereum_tests.ethereum-tests.GeneralStateTests.stRandom.randomStatetest133.test.GeneralStateTests_stRandom_randomStatetest133_json_randomStatetest133_fork_Cancun_Prague_d0g0v0
generated.ethereum_tests.ethereum-tests.GeneralStateTests.stRandom.randomStatetest134.test.GeneralStateTests_stRandom_randomStatetest134_json_randomStatetest134_fork_Cancun_Prague_d0g0v0
generated.ethereum_tests.ethereum-tests.GeneralStateTests.stRandom.randomStatetest135.test.GeneralStateTests_stRandom_randomStatetest135_json_randomStatetest135_fork_Cancun_Prague_d0g0v0
generated.ethereum_tests.ethereum-tests.GeneralStateTests.stRandom.randomStatetest138.test.GeneralStateTests_stRandom_randomStatetest138_json_randomStatetest138_fork_Cancun_Prague_d0g0v0
generated.ethereum_tests.ethereum-tests.GeneralStateTests.stRandom.randomStatetest139.test.GeneralStateTests_stRandom_randomStatetest139_json_randomStatetest139_fork_Cancun_Prague_d0g0v0
generated.ethereum_tests.ethereum-tests.GeneralStateTests.stRandom.randomStatetest14.test.GeneralStateTests_stRandom_randomStatetest14_json_randomStatetest14_fork_Cancun_Prague_d0g0v0
generated.ethereum_tests.ethereum-tests.GeneralStateTests.stRandom.randomStatetest142.test.GeneralStateTests_stRandom_randomStatetest142_json_randomStatetest142_fork_Cancun_Prague_d0g0v0
generated.ethereum_tests.ethereum-tests.GeneralStateTests.stRandom.randomStatetest143.test.GeneralStateTests_stRandom_randomStatetest143_json_randomStatetest143_fork_Cancun_Prague_d0g0v0
generated.ethereum_tests.ethereum-tests.GeneralStateTests.stRandom.randomStatetest144.test.GeneralStateTests_stRandom_randomStatetest144_json_randomStatetest144_fork_Cancun_Prague_d0g0v0
generated.ethereum_tests.ethereum-tests.GeneralStateTests.stRandom.randomStatetest145.test.GeneralStateTests_stRandom_randomStatetest145_json_randomStatetest145_fork_Cancun_Prague_d0g0v0
generated.ethereum_tests.ethereum-tests.GeneralStateTests.stRandom.randomStatetest146.test.GeneralStateTests_stRandom_randomStatetest146_json_randomStatetest146_fork_Cancun_Prague_d0g0v0
generated.ethereum_tests.ethereum-tests.GeneralStateTests.stRandom.randomStatetest147.test.GeneralStateTests_stRandom_randomStatetest147_json_randomStatetest147_fork_Cancun_Prague_d0g0v0
generated.ethereum_tests.ethereum-tests.GeneralStateTests.stRandom.randomStatetest148.test.GeneralStateTests_stRandom_randomStatetest148_json_randomStatetest148_fork_Cancun_Prague_d0g0v0
generated.ethereum_tests.ethereum-tests.GeneralStateTests.stRandom.randomStatetest149.test.GeneralStateTests_stRandom_randomStatetest149_json_randomStatetest149_fork_Cancun_Prague_d0g0v0
generated.ethereum_tests.ethereum-tests.GeneralStateTests.stRandom.randomStatetest15.test.GeneralStateTests_stRandom_randomStatetest15_json_randomStatetest15_fork_Cancun_Prague_d0g0v0
generated.ethereum_tests.ethereum-tests.GeneralStateTests.stRandom.randomStatetest150.test.GeneralStateTests_stRandom_randomStatetest150_json_randomStatetest150_fork_Cancun_Prague_d0g0v0
generated.ethereum_tests.ethereum-tests.GeneralStateTests.stRandom.randomStatetest151.test.GeneralStateTests_stRandom_randomStatetest151_json_randomStatetest151_fork_Cancun_Prague_d0g0v0
generated.ethereum_tests.ethereum-tests.GeneralStateTests.stRandom.randomStatetest153.test.GeneralStateTests_stRandom_randomStatetest153_json_randomStatetest153_fork_Cancun_Prague_d0g0v0
generated.ethereum_tests.ethereum-tests.GeneralStateTests.stRandom.randomStatetest154.test.GeneralStateTests_stRandom_randomStatetest154_json_randomStatetest154_fork_Cancun_Prague_d0g0v0
generated.ethereum_tests.ethereum-tests.GeneralStateTests.stRandom.randomStatetest155.test.GeneralStateTests_stRandom_randomStatetest155_json_randomStatetest155_fork_Cancun_Prague_d0g0v0
generated.ethereum_tests.ethereum-tests.GeneralStateTests.stRandom.randomStatetest156.test.GeneralStateTests_stRandom_randomStatetest156_json_randomStatetest156_fork_Cancun_Prague_d0g0v0
generated.ethereum_tests.ethereum-tests.GeneralStateTests.stRandom.randomStatetest157.test.GeneralStateTests_stRandom_randomStatetest157_json_randomStatetest157_fork_Cancun_Prague_d0g0v0
generated.ethereum_tests.ethereum-tests.GeneralStateTests.stRandom.randomStatetest158.test.GeneralStateTests_stRandom_randomStatetest158_json_randomStatetest158_fork_Cancun_Prague_d0g0v0
generated.ethereum_tests.ethereum-tests.GeneralStateTests.stRandom.randomStatetest159.test.GeneralStateTests_stRandom_randomStatetest159_json_randomStatetest159_fork_Cancun_Prague_d0g0v0
generated.ethereum_tests.ethereum-tests.GeneralStateTests.stRandom.randomStatetest16.test.GeneralStateTests_stRandom_randomStatetest16_json_randomStatetest16_fork_Cancun_Prague_d0g0v0
generated.ethereum_tests.ethereum-tests.GeneralStateTests.stRandom.randomStatetest161.test.GeneralStateTests_stRandom_randomStatetest161_json_randomStatetest161_fork_Cancun_Prague_d0g0v0
generated.ethereum_tests.ethereum-tests.GeneralStateTests.stRandom.randomStatetest162.test.GeneralStateTests_stRandom_randomStatetest162_json_randomStatetest162_fork_Cancun_Prague_d0g0v0
generated.ethereum_tests.ethereum-tests.GeneralStateTests.stRandom.randomStatetest163.test.GeneralStateTests_stRandom_randomStatetest163_json_randomStatetest163_fork_Cancun_Prague_d0g0v0
generated.ethereum_tests.ethereum-tests.GeneralStateTests.stRandom.randomStatetest164.test.GeneralStateTests_stRandom_randomStatetest164_json_randomStatetest164_fork_Cancun_Prague_d0g0v0
generated.ethereum_tests.ethereum-tests.GeneralStateTests.stRandom.randomStatetest166.test.GeneralStateTests_stRandom_randomStatetest166_json_randomStatetest166_fork_Cancun_Prague_d0g0v0
generated.ethereum_tests.ethereum-tests.GeneralStateTests.stRandom.randomStatetest167.test.GeneralStateTests_stRandom_randomStatetest167_json_randomStatetest167_fork_Cancun_Prague_d0g0v0
generated.ethereum_tests.ethereum-tests.GeneralStateTests.stRandom.randomStatetest169.test.GeneralStateTests_stRandom_randomStatetest169_json_randomStatetest169_fork_Cancun_Prague_d0g0v0
generated.ethereum_tests.ethereum-tests.GeneralStateTests.stRandom.randomStatetest17.test.GeneralStateTests_stRandom_randomStatetest17_json_randomStatetest17_fork_Cancun_Prague_d0g0v0
generated.ethereum_tests.ethereum-tests.GeneralStateTests.stRandom.randomStatetest171.test.GeneralStateTests_stRandom_randomStatetest171_json_randomStatetest171_fork_Cancun_Prague_d0g0v0
generated.ethereum_tests.ethereum-tests.GeneralStateTests.stRandom.randomStatetest172.test.GeneralStateTests_stRandom_randomStatetest172_json_randomStatetest172_fork_Cancun_Prague_d0g0v0
generated.ethereum_tests.ethereum-tests.GeneralStateTests.stRandom.randomStatetest173.test.GeneralStateTests_stRandom_randomStatetest173_json_randomStatetest173_fork_Cancun_Prague_d0g0v0
generated.ethereum_tests.ethereum-tests.GeneralStateTests.stRandom.randomStatetest174.test.GeneralStateTests_stRandom_randomStatetest174_json_randomStatetest174_fork_Cancun_Prague_d0g0v0
generated.ethereum_tests.ethereum-tests.GeneralStateTests.stRandom.randomStatetest175.test.GeneralStateTests_stRandom_randomStatetest175_json_randomStatetest175_fork_Cancun_Prague_d0g0v0
generated.ethereum_tests.ethereum-tests.GeneralStateTests.stRandom.randomStatetest176.test.GeneralStateTests_stRandom_randomStatetest176_json_randomStatetest176_fork_Cancun_Prague_d0g0v0
generated.ethereum_tests.ethereum-tests.GeneralStateTests.stRandom.randomStatetest177.test.GeneralStateTests_stRandom_randomStatetest177_json_randomStatetest177_fork_Cancun_Prague_d0g0v0
generated.ethereum_tests.ethereum-tests.GeneralStateTests.stRandom.randomStatetest178.test.GeneralStateTests_stRandom_randomStatetest178_json_randomStatetest178_fork_Cancun_Prague_d0g0v0
generated.ethereum_tests.ethereum-tests.GeneralStateTests.stRandom.randomStatetest179.test.GeneralStateTests_stRandom_randomStatetest179_json_randomStatetest179_fork_Cancun_Prague_d0g0v0
generated.ethereum_tests.ethereum-tests.GeneralStateTests.stRandom.randomStatetest18.test.GeneralStateTests_stRandom_randomStatetest18_json_randomStatetest18_fork_Cancun_Prague_d0g0v0
generated.ethereum_tests.ethereum-tests.GeneralStateTests.stRandom.randomStatetest180.test.GeneralStateTests_stRandom_randomStatetest180_json_randomStatetest180_fork_Cancun_Prague_d0g0v0
generated.ethereum_tests.ethereum-tests.GeneralStateTests.stRandom.randomStatetest183.test.GeneralStateTests_stRandom_randomStatetest183_json_randomStatetest183_fork_Cancun_Prague_d0g0v0
generated.ethereum_tests.ethereum-tests.GeneralStateTests.stRandom.randomStatetest184.test.GeneralStateTests_stRandom_randomStatetest184_json_randomStatetest184_fork_Cancun_Prague_d0g0v0
generated.ethereum_tests.ethereum-tests.GeneralStateTests.stRandom.randomStatetest185.test.GeneralStateTests_stRandom_randomStatetest185_json_randomStatetest185_fork_Cancun_Prague_d0g0v0
generated.ethereum_tests.ethereum-tests.GeneralStateTests.stRandom.randomStatetest187.test.GeneralStateTests_stRandom_randomStatetest187_json_randomStatetest187_fork_Cancun_Prague_d0g0v0
generated.ethereum_tests.ethereum-tests.GeneralStateTests.stRandom.randomStatetest188.test.GeneralStateTests_stRandom_randomStatetest188_json_randomStatetest188_fork_Cancun_Prague_d0g0v0
generated.ethereum_tests.ethereum-tests.GeneralStateTests.stRandom.randomStatetest189.test.GeneralStateTests_stRandom_randomStatetest189_json_randomStatetest189_fork_Cancun_Prague_d0g0v0
generated.ethereum_tests.ethereum-tests.GeneralStateTests.stRandom.randomStatetest19.test.GeneralStateTests_stRandom_randomStatetest19_json_randomStatetest19_fork_Cancun_Prague_d0g0v0
generated.ethereum_tests.ethereum-tests.GeneralStateTests.stRandom.randomStatetest190.test.GeneralStateTests_stRandom_randomStatetest190_json_randomStatetest190_fork_Cancun_Prague_d0g0v0
generated.ethereum_tests.ethereum-tests.GeneralStateTests.stRandom.randomStatetest191.test.GeneralStateTests_stRandom_randomStatetest191_json_randomStatetest191_fork_Cancun_Prague_d0g0v0
generated.ethereum_tests.ethereum-tests.GeneralStateTests.stRandom.randomStatetest192.test.GeneralStateTests_stRandom_randomStatetest192_json_randomStatetest192_fork_Cancun_Prague_d0g0v0
generated.ethereum_tests.ethereum-tests.GeneralStateTests.stRandom.randomStatetest194.test.GeneralStateTests_stRandom_randomStatetest194_json_randomStatetest194_fork_Cancun_Prague_d0g0v0
generated.ethereum_tests.ethereum-tests.GeneralStateTests.stRandom.randomStatetest195.test.GeneralStateTests_stRandom_randomStatetest195_json_randomStatetest195_fork_Cancun_Prague_d0g0v0
generated.ethereum_tests.ethereum-tests.GeneralStateTests.stRandom.randomStatetest196.test.GeneralStateTests_stRandom_randomStatetest196_json_randomStatetest196_fork_Cancun_Prague_d0g0v0
generated.ethereum_tests.ethereum-tests.GeneralStateTests.stRandom.randomStatetest197.test.GeneralStateTests_stRandom_randomStatetest197_json_randomStatetest197_fork_Cancun_Prague_d0g0v0
generated.ethereum_tests.ethereum-tests.GeneralStateTests.stRandom.randomStatetest198.test.GeneralStateTests_stRandom_randomStatetest198_json_randomStatetest198_fork_Cancun_Prague_d0g0v0
generated.ethereum_tests.ethereum-tests.GeneralStateTests.stRandom.randomStatetest199.test.GeneralStateTests_stRandom_randomStatetest199_json_randomStatetest199_fork_Cancun_Prague_d0g0v0
generated.ethereum_tests.ethereum-tests.GeneralStateTests.stRandom.randomStatetest2.test.GeneralStateTests_stRandom_randomStatetest2_json_randomStatetest2_fork_Cancun_Prague_d0g0v0
generated.ethereum_tests.ethereum-tests.GeneralStateTests.stRandom.randomStatetest20.test.GeneralStateTests_stRandom_randomStatetest20_json_randomStatetest20_fork_Cancun_Prague_d0g0v0
generated.ethereum_tests.ethereum-tests.GeneralStateTests.stRandom.randomStatetest200.test.GeneralStateTests_stRandom_randomStatetest200_json_randomStatetest200_fork_Cancun_Prague_d0g0v0
generated.ethereum_tests.ethereum-tests.GeneralStateTests.stRandom.randomStatetest201.test.GeneralStateTests_stRandom_randomStatetest201_json_randomStatetest201_fork_Cancun_Prague_d0g0v0
generated.ethereum_tests.ethereum-tests.GeneralStateTests.stRandom.randomStatetest202.test.GeneralStateTests_stRandom_randomStatetest202_json_randomStatetest202_fork_Cancun_Prague_d0g0v0
generated.ethereum_tests.ethereum-tests.GeneralStateTests.stRandom.randomStatetest204.test.GeneralStateTests_stRandom_randomStatetest204_json_randomStatetest204_fork_Cancun_Prague_d0g0v0
generated.ethereum_tests.ethereum-tests.GeneralStateTests.stRandom.randomStatetest205.test.GeneralStateTests_stRandom_randomStatetest205_json_randomStatetest205_fork_Cancun_Prague_d0g0v0
generated.ethereum_tests.ethereum-tests.GeneralStateTests.stRandom.randomStatetest206.test.GeneralStateTests_stRandom_randomStatetest206_json_randomStatetest206_fork_Cancun_Prague_d0g0v0
generated.ethereum_tests.ethereum-tests.GeneralStateTests.stRandom.randomStatetest207.test.GeneralStateTests_stRandom_randomStatetest207_json_randomStatetest207_fork_Cancun_Prague_d0g0v0
generated.ethereum_tests.ethereum-tests.GeneralStateTests.stRandom.randomStatetest208.test.GeneralStateTests_stRandom_randomStatetest208_json_randomStatetest208_fork_Cancun_Prague_d0g0v0
generated.ethereum_tests.ethereum-tests.GeneralStateTests.stRandom.randomStatetest209.test.GeneralStateTests_stRandom_randomStatetest209_json_randomStatetest209_fork_Cancun_Prague_d0g0v0
generated.ethereum_tests.ethereum-tests.GeneralStateTests.stRandom.randomStatetest210.test.GeneralStateTests_stRandom_randomStatetest210_json_randomStatetest210_fork_Cancun_Prague_d0g0v0
generated.ethereum_tests.ethereum-tests.GeneralStateTests.stRandom.randomStatetest211.test.GeneralStateTests_stRandom_randomStatetest211_json_randomStatetest211_fork_Cancun_Prague_d0g0v0
generated.ethereum_tests.ethereum-tests.GeneralStateTests.stRandom.randomStatetest212.test.GeneralStateTests_stRandom_randomStatetest212_json_randomStatetest212_fork_Cancun_Prague_d0g0v0
generated.ethereum_tests.ethereum-tests.GeneralStateTests.stRandom.randomStatetest214.test.GeneralStateTests_stRandom_randomStatetest214_json_randomStatetest214_fork_Cancun_Prague_d0g0v0
generated.ethereum_tests.ethereum-tests.GeneralStateTests.stRandom.randomStatetest215.test.GeneralStateTests_stRandom_randomStatetest215_json_randomStatetest215_fork_Cancun_Prague_d0g0v0
generated.ethereum_tests.ethereum-tests.GeneralStateTests.stRandom.randomStatetest216.test.GeneralStateTests_stRandom_randomStatetest216_json_randomStatetest216_fork_Cancun_Prague_d0g0v0
generated.ethereum_tests.ethereum-tests.GeneralStateTests.stRandom.randomStatetest217.test.GeneralStateTests_stRandom_randomStatetest217_json_randomStatetest217_fork_Cancun_Prague_d0g0v0
generated.ethereum_tests.ethereum-tests.GeneralStateTests.stRandom.randomStatetest219.test.GeneralStateTests_stRandom_randomStatetest219_json_randomStatetest219_fork_Cancun_Prague_d0g0v0
generated.ethereum_tests.ethereum-tests.GeneralStateTests.stRandom.randomStatetest22.test.GeneralStateTests_stRandom_randomStatetest22_json_randomStatetest22_fork_Cancun_Prague_d0g0v0
generated.ethereum_tests.ethereum-tests.GeneralStateTests.stRandom.randomStatetest220.test.GeneralStateTests_stRandom_randomStatetest220_json_randomStatetest220_fork_Cancun_Prague_d0g0v0
generated.ethereum_tests.ethereum-tests.GeneralStateTests.stRandom.randomStatetest221.test.GeneralStateTests_stRandom_randomStatetest221_json_randomStatetest221_fork_Cancun_Prague_d0g0v0
generated.ethereum_tests.ethereum-tests.GeneralStateTests.stRandom.randomStatetest222.test.GeneralStateTests_stRandom_randomStatetest222_json_randomStatetest222_fork_Cancun_Prague_d0g0v0
generated.ethereum_tests.ethereum-tests.GeneralStateTests.stRandom.randomStatetest225.test.GeneralStateTests_stRandom_randomStatetest225_json_randomStatetest225_fork_Cancun_Prague_d0g0v0
generated.ethereum_tests.ethereum-tests.GeneralStateTests.stRandom.randomStatetest226.test.GeneralStateTests_stRandom_randomStatetest226_json_randomStatetest226_fork_Cancun_Prague_d0g0v0
generated.ethereum_tests.ethereum-tests.GeneralStateTests.stRandom.randomStatetest227.test.GeneralStateTests_stRandom_randomStatetest227_json_randomStatetest227_fork_Cancun_Prague_d0g0v0
generated.ethereum_tests.ethereum-tests.GeneralStateTests.stRandom.randomStatetest228.test.GeneralStateTests_stRandom_randomStatetest228_json_randomStatetest228_fork_Cancun_Prague_d0g0v0
generated.ethereum_tests.ethereum-tests.GeneralStateTests.stRandom.randomStatetest23.test.GeneralStateTests_stRandom_randomStatetest23_json_randomStatetest23_fork_Cancun_Prague_d0g0v0
generated.ethereum_tests.ethereum-tests.GeneralStateTests.stRandom.randomStatetest230.test.GeneralStateTests_stRandom_randomStatetest230_json_randomStatetest230_fork_Cancun_Prague_d0g0v0
generated.ethereum_tests.ethereum-tests.GeneralStateTests.stRandom.randomStatetest231.test.GeneralStateTests_stRandom_randomStatetest231_json_randomStatetest231_fork_Cancun_Prague_d0g0v0
generated.ethereum_tests.ethereum-tests.GeneralStateTests.stRandom.randomStatetest232.test.GeneralStateTests_stRandom_randomStatetest232_json_randomStatetest232_fork_Cancun_Prague_d0g0v0
generated.ethereum_tests.ethereum-tests.GeneralStateTests.stRandom.randomStatetest233.test.GeneralStateTests_stRandom_randomStatetest233_json_randomStatetest233_fork_Cancun_Prague_d0g0v0
generated.ethereum_tests.ethereum-tests.GeneralStateTests.stRandom.randomStatetest236.test.GeneralStateTests_stRandom_randomStatetest236_json_randomStatetest236_fork_Cancun_Prague_d0g0v0
generated.ethereum_tests.ethereum-tests.GeneralStateTests.stRandom.randomStatetest237.test.GeneralStateTests_stRandom_randomStatetest237_json_randomStatetest237_fork_Cancun_Prague_d0g0v0
generated.ethereum_tests.ethereum-tests.GeneralStateTests.stRandom.randomStatetest238.test.GeneralStateTests_stRandom_randomStatetest238_json_randomStatetest238_fork_Cancun_Prague_d0g0v0
generated.ethereum_tests.ethereum-tests.GeneralStateTests.stRandom.randomStatetest24.test.GeneralStateTests_stRandom_randomStatetest24_json_randomStatetest24_fork_Cancun_Prague_d0g0v0
generated.ethereum_tests.ethereum-tests.GeneralStateTests.stRandom.randomStatetest242.test.GeneralStateTests_stRandom_randomStatetest242_json_randomStatetest242_fork_Cancun_Prague_d0g0v0
generated.ethereum_tests.ethereum-tests.GeneralStateTests.stRandom.randomStatetest243.test.GeneralStateTests_stRandom_randomStatetest243_json_randomStatetest243_fork_Cancun_Prague_d0g0v0
generated.ethereum_tests.ethereum-tests.GeneralStateTests.stRandom.randomStatetest244.test.GeneralStateTests_stRandom_randomStatetest244_json_randomStatetest244_fork_Cancun_Prague_d0g0v0
generated.ethereum_tests.ethereum-tests.GeneralStateTests.stRandom.randomStatetest245.test.GeneralStateTests_stRandom_randomStatetest245_json_randomStatetest245_fork_Cancun_Prague_d0g0v0
generated.ethereum_tests.ethereum-tests.GeneralStateTests.stRandom.randomStatetest246.test.GeneralStateTests_stRandom_randomStatetest246_json_randomStatetest246_fork_Cancun_Prague_d0g0v0
generated.ethereum_tests.ethereum-tests.GeneralStateTests.stRandom.randomStatetest247.test.GeneralStateTests_stRandom_randomStatetest247_json_randomStatetest247_fork_Cancun_Prague_d0g0v0
generated.ethereum_tests.ethereum-tests.GeneralStateTests.stRandom.randomStatetest248.test.GeneralStateTests_stRandom_randomStatetest248_json_randomStatetest248_fork_Cancun_Prague_d0g0v0
generated.ethereum_tests.ethereum-tests.GeneralStateTests.stRandom.randomStatetest249.test.GeneralStateTests_stRandom_randomStatetest249_json_randomStatetest249_fork_Cancun_Prague_d0g0v0
generated.ethereum_tests.ethereum-tests.GeneralStateTests.stRandom.randomStatetest25.test.GeneralStateTests_stRandom_randomStatetest25_json_randomStatetest25_fork_Cancun_Prague_d0g0v0
generated.ethereum_tests.ethereum-tests.GeneralStateTests.stRandom.randomStatetest250.test.GeneralStateTests_stRandom_randomStatetest250_json_randomStatetest250_fork_Cancun_Prague_d0g0v0
generated.ethereum_tests.ethereum-tests.GeneralStateTests.stRandom.randomStatetest251.test.GeneralStateTests_stRandom_randomStatetest251_json_randomStatetest251_fork_Cancun_Prague_d0g0v0
generated.ethereum_tests.ethereum-tests.GeneralStateTests.stRandom.randomStatetest252.test.GeneralStateTests_stRandom_randomStatetest252_json_randomStatetest252_fork_Cancun_Prague_d0g0v0
generated.ethereum_tests.ethereum-tests.GeneralStateTests.stRandom.randomStatetest254.test.GeneralStateTests_stRandom_randomStatetest254_json_randomStatetest254_fork_Cancun_Prague_d0g0v0
generated.ethereum_tests.ethereum-tests.GeneralStateTests.stRandom.randomStatetest257.test.GeneralStateTests_stRandom_randomStatetest257_json_randomStatetest257_fork_Cancun_Prague_d0g0v0
generated.ethereum_tests.ethereum-tests.GeneralStateTests.stRandom.randomStatetest259.test.GeneralStateTests_stRandom_randomStatetest259_json_randomStatetest259_fork_Cancun_Prague_d0g0v0
generated.ethereum_tests.ethereum-tests.GeneralStateTests.stRandom.randomStatetest26.test.GeneralStateTests_stRandom_randomStatetest26_json_randomStatetest26_fork_Cancun_Prague_d0g0v0
generated.ethereum_tests.ethereum-tests.GeneralStateTests.stRandom.randomStatetest260.test.GeneralStateTests_stRandom_randomStatetest260_json_randomStatetest260_fork_Cancun_Prague_d0g0v0
generated.ethereum_tests.ethereum-tests.GeneralStateTests.stRandom.randomStatetest261.test.GeneralStateTests_stRandom_randomStatetest261_json_randomStatetest261_fork_Cancun_Prague_d0g0v0
generated.ethereum_tests.ethereum-tests.GeneralStateTests.stRandom.randomStatetest263.test.GeneralStateTests_stRandom_randomStatetest263_json_randomStatetest263_fork_Cancun_Prague_d0g0v0
generated.ethereum_tests.ethereum-tests.GeneralStateTests.stRandom.randomStatetest264.test.GeneralStateTests_stRandom_randomStatetest264_json_randomStatetest264_fork_Cancun_Prague_d0g0v0
generated.ethereum_tests.ethereum-tests.GeneralStateTests.stRandom.randomStatetest265.test.GeneralStateTests_stRandom_randomStatetest265_json_randomStatetest265_fork_Cancun_Prague_d0g0v0
generated.ethereum_tests.ethereum-tests.GeneralStateTests.stRandom.randomStatetest266.test.GeneralStateTests_stRandom_randomStatetest266_json_randomStatetest266_fork_Cancun_Prague_d0g0v0
generated.ethereum_tests.ethereum-tests.GeneralStateTests.stRandom.randomStatetest267.test.GeneralStateTests_stRandom_randomStatetest267_json_randomStatetest267_fork_Cancun_Prague_d0g0v0
generated.ethereum_tests.ethereum-tests.GeneralStateTests.stRandom.randomStatetest268.test.GeneralStateTests_stRandom_randomStatetest268_json_randomStatetest268_fork_Cancun_Prague_d0g0v0
generated.ethereum_tests.ethereum-tests.GeneralStateTests.stRandom.randomStatetest269.test.GeneralStateTests_stRandom_randomStatetest269_json_randomStatetest269_fork_Cancun_Prague_d0g0v0
generated.ethereum_tests.ethereum-tests.GeneralStateTests.stRandom.randomStatetest27.test.GeneralStateTests_stRandom_randomStatetest27_json_randomStatetest27_fork_Cancun_Prague_d0g0v0
generated.ethereum_tests.ethereum-tests.GeneralStateTests.stRandom.randomStatetest270.test.GeneralStateTests_stRandom_randomStatetest270_json_randomStatetest270_fork_Cancun_Prague_d0g0v0
generated.ethereum_tests.ethereum-tests.GeneralStateTests.stRandom.randomStatetest271.test.GeneralStateTests_stRandom_randomStatetest271_json_randomStatetest271_fork_Cancun_Prague_d0g0v0
generated.ethereum_tests.ethereum-tests.GeneralStateTests.stRandom.randomStatetest273.test.GeneralStateTests_stRandom_randomStatetest273_json_randomStatetest273_fork_Cancun_Prague_d0g0v0
generated.ethereum_tests.ethereum-tests.GeneralStateTests.stRandom.randomStatetest274.test.GeneralStateTests_stRandom_randomStatetest274_json_randomStatetest274_fork_Cancun_Prague_d0g0v0
generated.ethereum_tests.ethereum-tests.GeneralStateTests.stRandom.randomStatetest275.test.GeneralStateTests_stRandom_randomStatetest275_json_randomStatetest275_fork_Cancun_Prague_d0g0v0
generated.ethereum_tests.ethereum-tests.GeneralStateTests.stRandom.randomStatetest276.test.GeneralStateTests_stRandom_randomStatetest276_json_randomStatetest276_fork_Cancun_Prague_d0g0v0
generated.ethereum_tests.ethereum-tests.GeneralStateTests.stRandom.randomStatetest278.test.GeneralStateTests_stRandom_randomStatetest278_json_randomStatetest278_fork_Cancun_Prague_d0g0v0
generated.ethereum_tests.ethereum-tests.GeneralStateTests.stRandom.randomStatetest279.test.GeneralStateTests_stRandom_randomStatetest279_json_randomStatetest279_fork_Cancun_Prague_d0g0v0
generated.ethereum_tests.ethereum-tests.GeneralStateTests.stRandom.randomStatetest280.test.GeneralStateTests_stRandom_randomStatetest280_json_randomStatetest280_fork_Cancun_Prague_d0g0v0
generated.ethereum_tests.ethereum-tests.GeneralStateTests.stRandom.randomStatetest281.test.GeneralStateTests_stRandom_randomStatetest281_json_randomStatetest281_fork_Cancun_Prague_d0g0v0
generated.ethereum_tests.ethereum-tests.GeneralStateTests.stRandom.randomStatetest282.test.GeneralStateTests_stRandom_randomStatetest282_json_randomStatetest282_fork_Cancun_Prague_d0g0v0
generated.ethereum_tests.ethereum-tests.GeneralStateTests.stRandom.randomStatetest283.test.GeneralStateTests_stRandom_randomStatetest283_json_randomStatetest283_fork_Cancun_Prague_d0g0v0
generated.ethereum_tests.ethereum-tests.GeneralStateTests.stRandom.randomStatetest285.test.GeneralStateTests_stRandom_randomStatetest285_json_randomStatetest285_fork_Cancun_Prague_d0g0v0
generated.ethereum_tests.ethereum-tests.GeneralStateTests.stRandom.randomStatetest286.test.GeneralStateTests_stRandom_randomStatetest286_json_randomStatetest286_fork_Cancun_Prague_d0g0v0
generated.ethereum_tests.ethereum-tests.GeneralStateTests.stRandom.randomStatetest287.test.GeneralStateTests_stRandom_randomStatetest287_json_randomStatetest287_fork_Cancun_Prague_d0g0v0
generated.ethereum_tests.ethereum-tests.GeneralStateTests.stRandom.randomStatetest288.test.GeneralStateTests_stRandom_randomStatetest288_json_randomStatetest288_fork_Cancun_Prague_d0g0v0
generated.ethereum_tests.ethereum-tests.GeneralStateTests.stRandom.randomStatetest29.test.GeneralStateTests_stRandom_randomStatetest29_json_randomStatetest29_fork_Cancun_Prague_d0g0v0
generated.ethereum_tests.ethereum-tests.GeneralStateTests.stRandom.randomStatetest290.test.GeneralStateTests_stRandom_randomStatetest290_json_randomStatetest290_fork_Cancun_Prague_d0g0v0
generated.ethereum_tests.ethereum-tests.GeneralStateTests.stRandom.randomStatetest291.test.GeneralStateTests_stRandom_randomStatetest291_json_randomStatetest291_fork_Cancun_Prague_d0g0v0
generated.ethereum_tests.ethereum-tests.GeneralStateTests.stRandom.randomStatetest292.test.GeneralStateTests_stRandom_randomStatetest292_json_randomStatetest292_fork_Cancun_Prague_d0g0v0
generated.ethereum_tests.ethereum-tests.GeneralStateTests.stRandom.randomStatetest293.test.GeneralStateTests_stRandom_randomStatetest293_json_randomStatetest293_fork_Cancun_Prague_d0g0v0
generated.ethereum_tests.ethereum-tests.GeneralStateTests.stRandom.randomStatetest294.test.GeneralStateTests_stRandom_randomStatetest294_json_randomStatetest294_fork_Cancun_Prague_d0g0v0
generated.ethereum_tests.ethereum-tests.GeneralStateTests.stRandom.randomStatetest295.test.GeneralStateTests_stRandom_randomStatetest295_json_randomStatetest295_fork_Cancun_Prague_d0g0v0
generated.ethereum_tests.ethereum-tests.GeneralStateTests.stRandom.randomStatetest296.test.GeneralStateTests_stRandom_randomStatetest296_json_randomStatetest296_fork_Cancun_Prague_d0g0v0
generated.ethereum_tests.ethereum-tests.GeneralStateTests.stRandom.randomStatetest297.test.GeneralStateTests_stRandom_randomStatetest297_json_randomStatetest297_fork_Cancun_Prague_d0g0v0
generated.ethereum_tests.ethereum-tests.GeneralStateTests.stRandom.randomStatetest298.test.GeneralStateTests_stRandom_randomStatetest298_json_randomStatetest298_fork_Cancun_Prague_d0g0v0
generated.ethereum_tests.ethereum-tests.GeneralStateTests.stRandom.randomStatetest299.test.GeneralStateTests_stRandom_randomStatetest299_json_randomStatetest299_fork_Cancun_Prague_d0g0v0
generated.ethereum_tests.ethereum-tests.GeneralStateTests.stRandom.randomStatetest3.test.GeneralStateTests_stRandom_randomStatetest3_json_randomStatetest3_fork_Cancun_Prague_d0g0v0
generated.ethereum_tests.ethereum-tests.GeneralStateTests.stRandom.randomStatetest30.test.GeneralStateTests_stRandom_randomStatetest30_json_randomStatetest30_fork_Cancun_Prague_d0g0v0
generated.ethereum_tests.ethereum-tests.GeneralStateTests.stRandom.randomStatetest300.test.GeneralStateTests_stRandom_randomStatetest300_json_randomStatetest300_fork_Cancun_Prague_d0g0v0
generated.ethereum_tests.ethereum-tests.GeneralStateTests.stRandom.randomStatetest301.test.GeneralStateTests_stRandom_randomStatetest301_json_randomStatetest301_fork_Cancun_Prague_d0g0v0
generated.ethereum_tests.ethereum-tests.GeneralStateTests.stRandom.randomStatetest302.test.GeneralStateTests_stRandom_randomStatetest302_json_randomStatetest302_fork_Cancun_Prague_d0g0v0
generated.ethereum_tests.ethereum-tests.GeneralStateTests.stRandom.randomStatetest303.test.GeneralStateTests_stRandom_randomStatetest303_json_randomStatetest303_fork_Cancun_Prague_d0g0v0
generated.ethereum_tests.ethereum-tests.GeneralStateTests.stRandom.randomStatetest304.test.GeneralStateTests_stRandom_randomStatetest304_json_randomStatetest304_fork_Cancun_Prague_d0g0v0
generated.ethereum_tests.ethereum-tests.GeneralStateTests.stRandom.randomStatetest305.test.GeneralStateTests_stRandom_randomStatetest305_json_randomStatetest305_fork_Cancun_Prague_d0g0v0
generated.ethereum_tests.ethereum-tests.GeneralStateTests.stRandom.randomStatetest306.test.GeneralStateTests_stRandom_randomStatetest306_json_randomStatetest306_fork_Cancun_Prague_d0g0v0
generated.ethereum_tests.ethereum-tests.GeneralStateTests.stRandom.randomStatetest307.test.GeneralStateTests_stRandom_randomStatetest307_json_randomStatetest307_fork_Cancun_Prague_d0g0v0
generated.ethereum_tests.ethereum-tests.GeneralStateTests.stRandom.randomStatetest308.test.GeneralStateTests_stRandom_randomStatetest308_json_randomStatetest308_fork_Cancun_Prague_d0g0v0
generated.ethereum_tests.ethereum-tests.GeneralStateTests.stRandom.randomStatetest309.test.GeneralStateTests_stRandom_randomStatetest309_json_randomStatetest309_fork_Cancun_Prague_d0g0v0
generated.ethereum_tests.ethereum-tests.GeneralStateTests.stRandom.randomStatetest31.test.GeneralStateTests_stRandom_randomStatetest31_json_randomStatetest31_fork_Cancun_Prague_d0g0v0
generated.ethereum_tests.ethereum-tests.GeneralStateTests.stRandom.randomStatetest310.test.GeneralStateTests_stRandom_randomStatetest310_json_randomStatetest310_fork_Cancun_Prague_d0g0v0
generated.ethereum_tests.ethereum-tests.GeneralStateTests.stRandom.randomStatetest311.test.GeneralStateTests_stRandom_randomStatetest311_json_randomStatetest311_fork_Cancun_Prague_d0g0v0
generated.ethereum_tests.ethereum-tests.GeneralStateTests.stRandom.randomStatetest312.test.GeneralStateTests_stRandom_randomStatetest312_json_randomStatetest312_fork_Cancun_Prague_d0g0v0
generated.ethereum_tests.ethereum-tests.GeneralStateTests.stRandom.randomStatetest313.test.GeneralStateTests_stRandom_randomStatetest313_json_randomStatetest313_fork_Cancun_Prague_d0g0v0
generated.ethereum_tests.ethereum-tests.GeneralStateTests.stRandom.randomStatetest315.test.GeneralStateTests_stRandom_randomStatetest315_json_randomStatetest315_fork_Cancun_Prague_d0g0v0
generated.ethereum_tests.ethereum-tests.GeneralStateTests.stRandom.randomStatetest316.test.GeneralStateTests_stRandom_randomStatetest316_json_randomStatetest316_fork_Cancun_Prague_d0g0v0
generated.ethereum_tests.ethereum-tests.GeneralStateTests.stRandom.randomStatetest318.test.GeneralStateTests_stRandom_randomStatetest318_json_randomStatetest318_fork_Cancun_Prague_d0g0v0
generated.ethereum_tests.ethereum-tests.GeneralStateTests.stRandom.randomStatetest320.test.GeneralStateTests_stRandom_randomStatetest320_json_randomStatetest320_fork_Cancun_Prague_d0g0v0
generated.ethereum_tests.ethereum-tests.GeneralStateTests.stRandom.randomStatetest321.test.GeneralStateTests_stRandom_randomStatetest321_json_randomStatetest321_fork_Cancun_Prague_d0g0v0
generated.ethereum_tests.ethereum-tests.GeneralStateTests.stRandom.randomStatetest322.test.GeneralStateTests_stRandom_randomStatetest322_json_randomStatetest322_fork_Cancun_Prague_d0g0v0
generated.ethereum_tests.ethereum-tests.GeneralStateTests.stRandom.randomStatetest323.test.GeneralStateTests_stRandom_randomStatetest323_json_randomStatetest323_fork_Cancun_Prague_d0g0v0
generated.ethereum_tests.ethereum-tests.GeneralStateTests.stRandom.randomStatetest325.test.GeneralStateTests_stRandom_randomStatetest325_json_randomStatetest325_fork_Cancun_Prague_d0g0v0
generated.ethereum_tests.ethereum-tests.GeneralStateTests.stRandom.randomStatetest326.test.GeneralStateTests_stRandom_randomStatetest326_json_randomStatetest326_fork_Cancun_Prague_d0g0v0
generated.ethereum_tests.ethereum-tests.GeneralStateTests.stRandom.randomStatetest327.test.GeneralStateTests_stRandom_randomStatetest327_json_randomStatetest327_fork_Cancun_Prague_d0g0v0
generated.ethereum_tests.ethereum-tests.GeneralStateTests.stRandom.randomStatetest329.test.GeneralStateTests_stRandom_randomStatetest329_json_randomStatetest329_fork_Cancun_Prague_d0g0v0
generated.ethereum_tests.ethereum-tests.GeneralStateTests.stRandom.randomStatetest33.test.GeneralStateTests_stRandom_randomStatetest33_json_randomStatetest33_fork_Cancun_Prague_d0g0v0
generated.ethereum_tests.ethereum-tests.GeneralStateTests.stRandom.randomStatetest332.test.GeneralStateTests_stRandom_randomStatetest332_json_randomStatetest332_fork_Cancun_Prague_d0g0v0
generated.ethereum_tests.ethereum-tests.GeneralStateTests.stRandom.randomStatetest333.test.GeneralStateTests_stRandom_randomStatetest333_json_randomStatetest333_fork_Cancun_Prague_d0g0v0
generated.ethereum_tests.ethereum-tests.GeneralStateTests.stRandom.randomStatetest334.test.GeneralStateTests_stRandom_randomStatetest334_json_randomStatetest334_fork_Cancun_Prague_d0g0v0
generated.ethereum_tests.ethereum-tests.GeneralStateTests.stRandom.randomStatetest335.test.GeneralStateTests_stRandom_randomStatetest335_json_randomStatetest335_fork_Cancun_Prague_d0g0v0
generated.ethereum_tests.ethereum-tests.GeneralStateTests.stRandom.randomStatetest336.test.GeneralStateTests_stRandom_randomStatetest336_json_randomStatetest336_fork_Cancun_Prague_d0g0v0
generated.ethereum_tests.ethereum-tests.GeneralStateTests.stRandom.randomStatetest337.test.GeneralStateTests_stRandom_randomStatetest337_json_randomStatetest337_fork_Cancun_Prague_d0g0v0
generated.ethereum_tests.ethereum-tests.GeneralStateTests.stRandom.randomStatetest338.test.GeneralStateTests_stRandom_randomStatetest338_json_randomStatetest338_fork_Cancun_Prague_d0g0v0
generated.ethereum_tests.ethereum-tests.GeneralStateTests.stRandom.randomStatetest339.test.GeneralStateTests_stRandom_randomStatetest339_json_randomStatetest339_fork_Cancun_Prague_d0g0v0
generated.ethereum_tests.ethereum-tests.GeneralStateTests.stRandom.randomStatetest340.test.GeneralStateTests_stRandom_randomStatetest340_json_randomStatetest340_fork_Cancun_Prague_d0g0v0
generated.ethereum_tests.ethereum-tests.GeneralStateTests.stRandom.randomStatetest341.test.GeneralStateTests_stRandom_randomStatetest341_json_randomStatetest341_fork_Cancun_Prague_d0g0v0
generated.ethereum_tests.ethereum-tests.GeneralStateTests.stRandom.randomStatetest342.test.GeneralStateTests_stRandom_randomStatetest342_json_randomStatetest342_fork_Cancun_Prague_d0g0v0
generated.ethereum_tests.ethereum-tests.GeneralStateTests.stRandom.randomStatetest343.test.GeneralStateTests_stRandom_randomStatetest343_json_randomStatetest343_fork_Cancun_Prague_d0g0v0
generated.ethereum_tests.ethereum-tests.GeneralStateTests.stRandom.randomStatetest345.test.GeneralStateTests_stRandom_randomStatetest345_json_randomStatetest345_fork_Cancun_Prague_d0g0v0
generated.ethereum_tests.ethereum-tests.GeneralStateTests.stRandom.randomStatetest346.test.GeneralStateTests_stRandom_randomStatetest346_json_randomStatetest346_fork_Cancun_Prague_d0g0v0
generated.ethereum_tests.ethereum-tests.GeneralStateTests.stRandom.randomStatetest347.test.GeneralStateTests_stRandom_randomStatetest347_json_randomStatetest347_fork_Cancun_Prague_d0g0v0
generated.ethereum_tests.ethereum-tests.GeneralStateTests.stRandom.randomStatetest348.test.GeneralStateTests_stRandom_randomStatetest348_json_randomStatetest348_fork_Cancun_Prague_d0g0v0
generated.ethereum_tests.ethereum-tests.GeneralStateTests.stRandom.randomStatetest349.test.GeneralStateTests_stRandom_randomStatetest349_json_randomStatetest349_fork_Cancun_Prague_d0g0v0
generated.ethereum_tests.ethereum-tests.GeneralStateTests.stRandom.randomStatetest350.test.GeneralStateTests_stRandom_randomStatetest350_json_randomStatetest350_fork_Cancun_Prague_d0g0v0
generated.ethereum_tests.ethereum-tests.GeneralStateTests.stRandom.randomStatetest351.test.GeneralStateTests_stRandom_randomStatetest351_json_randomStatetest351_fork_Cancun_Prague_d0g0v0
generated.ethereum_tests.ethereum-tests.GeneralStateTests.stRandom.randomStatetest352.test.GeneralStateTests_stRandom_randomStatetest352_json_randomStatetest352_fork_Cancun_Prague_d0g0v0
generated.ethereum_tests.ethereum-tests.GeneralStateTests.stRandom.randomStatetest353.test.GeneralStateTests_stRandom_randomStatetest353_json_randomStatetest353_fork_Cancun_Prague_d0g0v0
generated.ethereum_tests.ethereum-tests.GeneralStateTests.stRandom.randomStatetest354.test.GeneralStateTests_stRandom_randomStatetest354_json_randomStatetest354_fork_Cancun_Prague_d0g0v0
generated.ethereum_tests.ethereum-tests.GeneralStateTests.stRandom.randomStatetest355.test.GeneralStateTests_stRandom_randomStatetest355_json_randomStatetest355_fork_Cancun_Prague_d0g0v0
generated.ethereum_tests.ethereum-tests.GeneralStateTests.stRandom.randomStatetest356.test.GeneralStateTests_stRandom_randomStatetest356_json_randomStatetest356_fork_Cancun_Prague_d0g0v0
generated.ethereum_tests.ethereum-tests.GeneralStateTests.stRandom.randomStatetest357.test.GeneralStateTests_stRandom_randomStatetest357_json_randomStatetest357_fork_Cancun_Prague_d0g0v0
generated.ethereum_tests.ethereum-tests.GeneralStateTests.stRandom.randomStatetest358.test.GeneralStateTests_stRandom_randomStatetest358_json_randomStatetest358_fork_Cancun_Prague_d0g0v0
generated.ethereum_tests.ethereum-tests.GeneralStateTests.stRandom.randomStatetest359.test.GeneralStateTests_stRandom_randomStatetest359_json_randomStatetest359_fork_Cancun_Prague_d0g0v0
generated.ethereum_tests.ethereum-tests.GeneralStateTests.stRandom.randomStatetest36.test.GeneralStateTests_stRandom_randomStatetest36_json_randomStatetest36_fork_Cancun_Prague_d0g0v0
generated.ethereum_tests.ethereum-tests.GeneralStateTests.stRandom.randomStatetest360.test.GeneralStateTests_stRandom_randomStatetest360_json_randomStatetest360_fork_Cancun_Prague_d0g0v0
generated.ethereum_tests.ethereum-tests.GeneralStateTests.stRandom.randomStatetest361.test.GeneralStateTests_stRandom_randomStatetest361_json_randomStatetest361_fork_Cancun_Prague_d0g0v0
generated.ethereum_tests.ethereum-tests.GeneralStateTests.stRandom.randomStatetest362.test.GeneralStateTests_stRandom_randomStatetest362_json_randomStatetest362_fork_Cancun_Prague_d0g0v0
generated.ethereum_tests.ethereum-tests.GeneralStateTests.stRandom.randomStatetest363.test.GeneralStateTests_stRandom_randomStatetest363_json_randomStatetest363_fork_Cancun_Prague_d0g0v0
generated.ethereum_tests.ethereum-tests.GeneralStateTests.stRandom.randomStatetest364.test.GeneralStateTests_stRandom_randomStatetest364_json_randomStatetest364_fork_Cancun_Prague_d0g0v0
generated.ethereum_tests.ethereum-tests.GeneralStateTests.stRandom.randomStatetest365.test.GeneralStateTests_stRandom_randomStatetest365_json_randomStatetest365_fork_Cancun_Prague_d0g0v0
generated.ethereum_tests.ethereum-tests.GeneralStateTests.stRandom.randomStatetest366.test.GeneralStateTests_stRandom_randomStatetest366_json_randomStatetest366_fork_Cancun_Prague_d0g0v0
generated.ethereum_tests.ethereum-tests.GeneralStateTests.stRandom.randomStatetest367.test.GeneralStateTests_stRandom_randomStatetest367_json_randomStatetest367_fork_Cancun_Prague_d0g0v0
generated.ethereum_tests.ethereum-tests.GeneralStateTests.stRandom.randomStatetest368.test.GeneralStateTests_stRandom_randomStatetest368_json_randomStatetest368_fork_Cancun_Prague_d0g0v0
generated.ethereum_tests.ethereum-tests.GeneralStateTests.stRandom.randomStatetest369.test.GeneralStateTests_stRandom_randomStatetest369_json_randomStatetest369_fork_Cancun_Prague_d0g0v0
generated.ethereum_tests.ethereum-tests.GeneralStateTests.stRandom.randomStatetest37.test.GeneralStateTests_stRandom_randomStatetest37_json_randomStatetest37_fork_Cancun_Prague_d0g0v0
generated.ethereum_tests.ethereum-tests.GeneralStateTests.stRandom.randomStatetest370.test.GeneralStateTests_stRandom_randomStatetest370_json_randomStatetest370_fork_Cancun_Prague_d0g0v0
generated.ethereum_tests.ethereum-tests.GeneralStateTests.stRandom.randomStatetest371.test.GeneralStateTests_stRandom_randomStatetest371_json_randomStatetest371_fork_Cancun_Prague_d0g0v0
generated.ethereum_tests.ethereum-tests.GeneralStateTests.stRandom.randomStatetest372.test.GeneralStateTests_stRandom_randomStatetest372_json_randomStatetest372_fork_Cancun_Prague_d0g0v0
generated.ethereum_tests.ethereum-tests.GeneralStateTests.stRandom.randomStatetest376.test.GeneralStateTests_stRandom_randomStatetest376_json_randomStatetest376_fork_Cancun_Prague_d0g0v0
generated.ethereum_tests.ethereum-tests.GeneralStateTests.stRandom.randomStatetest378.test.GeneralStateTests_stRandom_randomStatetest378_json_randomStatetest378_fork_Cancun_Prague_d0g0v0
generated.ethereum_tests.ethereum-tests.GeneralStateTests.stRandom.randomStatetest379.test.GeneralStateTests_stRandom_randomStatetest379_json_randomStatetest379_fork_Cancun_Prague_d0g0v0
generated.ethereum_tests.ethereum-tests.GeneralStateTests.stRandom.randomStatetest380.test.GeneralStateTests_stRandom_randomStatetest380_json_randomStatetest380_fork_Cancun_Prague_d0g0v0
generated.ethereum_tests.ethereum-tests.GeneralStateTests.stRandom.randomStatetest381.test.GeneralStateTests_stRandom_randomStatetest381_json_randomStatetest381_fork_Cancun_Prague_d0g0v0
generated.ethereum_tests.ethereum-tests.GeneralStateTests.stRandom.randomStatetest382.test.GeneralStateTests_stRandom_randomStatetest382_json_randomStatetest382_fork_Cancun_Prague_d0g0v0
generated.ethereum_tests.ethereum-tests.GeneralStateTests.stRandom.randomStatetest383.test.GeneralStateTests_stRandom_randomStatetest383_json_randomStatetest383_fork_Cancun_Prague_d0g0v0
generated.ethereum_tests.ethereum-tests.GeneralStateTests.stRandom.randomStatetest384.test.GeneralStateTests_stRandom_randomStatetest384_json_randomStatetest384_fork_Cancun_Prague_d0g0v0
generated.ethereum_tests.ethereum-tests.GeneralStateTests.stRandom.randomStatetest39.test.GeneralStateTests_stRandom_randomStatetest39_json_randomStatetest39_fork_Cancun_Prague_d0g0v0
generated.ethereum_tests.ethereum-tests.GeneralStateTests.stRandom.randomStatetest4.test.GeneralStateTests_stRandom_randomStatetest4_json_randomStatetest4_fork_Cancun_Prague_d0g0v0
generated.ethereum_tests.ethereum-tests.GeneralStateTests.stRandom.randomStatetest41.test.GeneralStateTests_stRandom_randomStatetest41_json_randomStatetest41_fork_Cancun_Prague_d0g0v0
generated.ethereum_tests.ethereum-tests.GeneralStateTests.stRandom.randomStatetest42.test.GeneralStateTests_stRandom_randomStatetest42_json_randomStatetest42_fork_Cancun_Prague_d0g0v0
generated.ethereum_tests.ethereum-tests.GeneralStateTests.stRandom.randomStatetest43.test.GeneralStateTests_stRandom_randomStatetest43_json_randomStatetest43_fork_Cancun_Prague_d0g0v0
generated.ethereum_tests.ethereum-tests.GeneralStateTests.stRandom.randomStatetest45.test.GeneralStateTests_stRandom_randomStatetest45_json_randomStatetest45_fork_Cancun_Prague_d0g0v0
generated.ethereum_tests.ethereum-tests.GeneralStateTests.stRandom.randomStatetest47.test.GeneralStateTests_stRandom_randomStatetest47_json_randomStatetest47_fork_Cancun_Prague_d0g0v0
generated.ethereum_tests.ethereum-tests.GeneralStateTests.stRandom.randomStatetest48.test.GeneralStateTests_stRandom_randomStatetest48_json_randomStatetest48_fork_Cancun_Prague_d0g0v0
generated.ethereum_tests.ethereum-tests.GeneralStateTests.stRandom.randomStatetest49.test.GeneralStateTests_stRandom_randomStatetest49_json_randomStatetest49_fork_Cancun_Prague_d0g0v0
generated.ethereum_tests.ethereum-tests.GeneralStateTests.stRandom.randomStatetest5.test.GeneralStateTests_stRandom_randomStatetest5_json_randomStatetest5_fork_Cancun_Prague_d0g0v0
generated.ethereum_tests.ethereum-tests.GeneralStateTests.stRandom.randomStatetest51.test.GeneralStateTests_stRandom_randomStatetest51_json_randomStatetest51_fork_Cancun_Prague_d0g0v0
generated.ethereum_tests.ethereum-tests.GeneralStateTests.stRandom.randomStatetest52.test.GeneralStateTests_stRandom_randomStatetest52_json_randomStatetest52_fork_Cancun_Prague_d0g0v0✖ test failed
generated.ethereum_tests.ethereum-tests.GeneralStateTests.stRandom.randomStatetest53.test.GeneralStateTests_stRandom_randomStatetest53_json_randomStatetest53_fork_Cancun_Prague_d0g0v0
generated.ethereum_tests.ethereum-tests.GeneralStateTests.stRandom.randomStatetest54.test.GeneralStateTests_stRandom_randomStatetest54_json_randomStatetest54_fork_Cancun_Prague_d0g0v0
generated.ethereum_tests.ethereum-tests.GeneralStateTests.stRandom.randomStatetest55.test.GeneralStateTests_stRandom_randomStatetest55_json_randomStatetest55_fork_Cancun_Prague_d0g0v0
generated.ethereum_tests.ethereum-tests.GeneralStateTests.stRandom.randomStatetest57.test.GeneralStateTests_stRandom_randomStatetest57_json_randomStatetest57_fork_Cancun_Prague_d0g0v0
generated.ethereum_tests.ethereum-tests.GeneralStateTests.stRandom.randomStatetest58.test.GeneralStateTests_stRandom_randomStatetest58_json_randomStatetest58_fork_Cancun_Prague_d0g0v0
generated.ethereum_tests.ethereum-tests.GeneralStateTests.stRandom.randomStatetest59.test.GeneralStateTests_stRandom_randomStatetest59_json_randomStatetest59_fork_Cancun_Prague_d0g0v0
generated.ethereum_tests.ethereum-tests.GeneralStateTests.stRandom.randomStatetest6.test.GeneralStateTests_stRandom_randomStatetest6_json_randomStatetest6_fork_Cancun_Prague_d0g0v0
generated.ethereum_tests.ethereum-tests.GeneralStateTests.stRandom.randomStatetest60.test.GeneralStateTests_stRandom_randomStatetest60_json_randomStatetest60_fork_Cancun_Prague_d0g0v0
generated.ethereum_tests.ethereum-tests.GeneralStateTests.stRandom.randomStatetest62.test.GeneralStateTests_stRandom_randomStatetest62_json_randomStatetest62_fork_Cancun_Prague_d0g0v0
generated.ethereum_tests.ethereum-tests.GeneralStateTests.stRandom.randomStatetest63.test.GeneralStateTests_stRandom_randomStatetest63_json_randomStatetest63_fork_Cancun_Prague_d0g0v0
generated.ethereum_tests.ethereum-tests.GeneralStateTests.stRandom.randomStatetest64.test.GeneralStateTests_stRandom_randomStatetest64_json_randomStatetest64_fork_Cancun_Prague_d0g0v0
generated.ethereum_tests.ethereum-tests.GeneralStateTests.stRandom.randomStatetest66.test.GeneralStateTests_stRandom_randomStatetest66_json_randomStatetest66_fork_Cancun_Prague_d0g0v0
generated.ethereum_tests.ethereum-tests.GeneralStateTests.stRandom.randomStatetest67.test.GeneralStateTests_stRandom_randomStatetest67_json_randomStatetest67_fork_Cancun_Prague_d0g0v0
generated.ethereum_tests.ethereum-tests.GeneralStateTests.stRandom.randomStatetest69.test.GeneralStateTests_stRandom_randomStatetest69_json_randomStatetest69_fork_Cancun_Prague_d0g0v0
generated.ethereum_tests.ethereum-tests.GeneralStateTests.stRandom.randomStatetest72.test.GeneralStateTests_stRandom_randomStatetest72_json_randomStatetest72_fork_Cancun_Prague_d0g0v0
generated.ethereum_tests.ethereum-tests.GeneralStateTests.stRandom.randomStatetest73.test.GeneralStateTests_stRandom_randomStatetest73_json_randomStatetest73_fork_Cancun_Prague_d0g0v0
generated.ethereum_tests.ethereum-tests.GeneralStateTests.stRandom.randomStatetest74.test.GeneralStateTests_stRandom_randomStatetest74_json_randomStatetest74_fork_Cancun_Prague_d0g0v0
generated.ethereum_tests.ethereum-tests.GeneralStateTests.stRandom.randomStatetest75.test.GeneralStateTests_stRandom_randomStatetest75_json_randomStatetest75_fork_Cancun_Prague_d0g0v0
generated.ethereum_tests.ethereum-tests.GeneralStateTests.stRandom.randomStatetest77.test.GeneralStateTests_stRandom_randomStatetest77_json_randomStatetest77_fork_Cancun_Prague_d0g0v0
generated.ethereum_tests.ethereum-tests.GeneralStateTests.stRandom.randomStatetest78.test.GeneralStateTests_stRandom_randomStatetest78_json_randomStatetest78_fork_Cancun_Prague_d0g0v0
generated.ethereum_tests.ethereum-tests.GeneralStateTests.stRandom.randomStatetest80.test.GeneralStateTests_stRandom_randomStatetest80_json_randomStatetest80_fork_Cancun_Prague_d0g0v0
generated.ethereum_tests.ethereum-tests.GeneralStateTests.stRandom.randomStatetest81.test.GeneralStateTests_stRandom_randomStatetest81_json_randomStatetest81_fork_Cancun_Prague_d0g0v0
generated.ethereum_tests.ethereum-tests.GeneralStateTests.stRandom.randomStatetest82.test.GeneralStateTests_stRandom_randomStatetest82_json_randomStatetest82_fork_Cancun_Prague_d0g0v0
generated.ethereum_tests.ethereum-tests.GeneralStateTests.stRandom.randomStatetest83.test.GeneralStateTests_stRandom_randomStatetest83_json_randomStatetest83_fork_Cancun_Prague_d0g0v0
generated.ethereum_tests.ethereum-tests.GeneralStateTests.stRandom.randomStatetest84.test.GeneralStateTests_stRandom_randomStatetest84_json_randomStatetest84_fork_Cancun_Prague_d0g0v0
generated.ethereum_tests.ethereum-tests.GeneralStateTests.stRandom.randomStatetest85.test.GeneralStateTests_stRandom_randomStatetest85_json_randomStatetest85_fork_Cancun_Prague_d0g0v0
generated.ethereum_tests.ethereum-tests.GeneralStateTests.stRandom.randomStatetest87.test.GeneralStateTests_stRandom_randomStatetest87_json_randomStatetest87_fork_Cancun_Prague_d0g0v0
generated.ethereum_tests.ethereum-tests.GeneralStateTests.stRandom.randomStatetest88.test.GeneralStateTests_stRandom_randomStatetest88_json_randomStatetest88_fork_Cancun_Prague_d0g0v0
generated.ethereum_tests.ethereum-tests.GeneralStateTests.stRandom.randomStatetest89.test.GeneralStateTests_stRandom_randomStatetest89_json_randomStatetest89_fork_Cancun_Prague_d0g0v0
generated.ethereum_tests.ethereum-tests.GeneralStateTests.stRandom.randomStatetest9.test.GeneralStateTests_stRandom_randomStatetest9_json_randomStatetest9_fork_Cancun_Prague_d0g0v0
generated.ethereum_tests.ethereum-tests.GeneralStateTests.stRandom.randomStatetest90.test.GeneralStateTests_stRandom_randomStatetest90_json_randomStatetest90_fork_Cancun_Prague_d0g0v0
generated.ethereum_tests.ethereum-tests.GeneralStateTests.stRandom.randomStatetest92.test.GeneralStateTests_stRandom_randomStatetest92_json_randomStatetest92_fork_Cancun_Prague_d0g0v0
generated.ethereum_tests.ethereum-tests.GeneralStateTests.stRandom.randomStatetest95.test.GeneralStateTests_stRandom_randomStatetest95_json_randomStatetest95_fork_Cancun_Prague_d0g0v0
generated.ethereum_tests.ethereum-tests.GeneralStateTests.stRandom.randomStatetest96.test.GeneralStateTests_stRandom_randomStatetest96_json_randomStatetest96_fork_Cancun_Prague_d0g0v0
generated.ethereum_tests.ethereum-tests.GeneralStateTests.stRandom.randomStatetest97.test.GeneralStateTests_stRandom_randomStatetest97_json_randomStatetest97_fork_Cancun_Prague_d0g0v0
generated.ethereum_tests.ethereum-tests.GeneralStateTests.stRandom.randomStatetest98.test.GeneralStateTests_stRandom_randomStatetest98_json_randomStatetest98_fork_Cancun_Prague_d0g0v0
generated.ethereum_tests.ethereum-tests.GeneralStateTests.stRandom2.randomStatetest.test.GeneralStateTests_stRandom2_randomStatetest_json_randomStatetest_fork_Cancun_Prague_d0g0v0
generated.ethereum_tests.ethereum-tests.GeneralStateTests.stRandom2.randomStatetest384.test.GeneralStateTests_stRandom2_randomStatetest384_json_randomStatetest384_fork_Cancun_Prague_d0g0v0
generated.ethereum_tests.ethereum-tests.GeneralStateTests.stRandom2.randomStatetest385.test.GeneralStateTests_stRandom2_randomStatetest385_json_randomStatetest385_fork_Cancun_Prague_d0g0v0
generated.ethereum_tests.ethereum-tests.GeneralStateTests.stRandom2.randomStatetest386.test.GeneralStateTests_stRandom2_randomStatetest386_json_randomStatetest386_fork_Cancun_Prague_d0g0v0
generated.ethereum_tests.ethereum-tests.GeneralStateTests.stRandom2.randomStatetest387.test.GeneralStateTests_stRandom2_randomStatetest387_json_randomStatetest387_fork_Cancun_Prague_d0g0v0
generated.ethereum_tests.ethereum-tests.GeneralStateTests.stRandom2.randomStatetest388.test.GeneralStateTests_stRandom2_randomStatetest388_json_randomStatetest388_fork_Cancun_Prague_d0g0v0
generated.ethereum_tests.ethereum-tests.GeneralStateTests.stRandom2.randomStatetest389.test.GeneralStateTests_stRandom2_randomStatetest389_json_randomStatetest389_fork_Cancun_Prague_d0g0v0
generated.ethereum_tests.ethereum-tests.GeneralStateTests.stRandom2.randomStatetest393.test.GeneralStateTests_stRandom2_randomStatetest393_json_randomStatetest393_fork_Cancun_Prague_d0g0v0
generated.ethereum_tests.ethereum-tests.GeneralStateTests.stRandom2.randomStatetest395.test.GeneralStateTests_stRandom2_randomStatetest395_json_randomStatetest395_fork_Cancun_Prague_d0g0v0
generated.ethereum_tests.ethereum-tests.GeneralStateTests.stRandom2.randomStatetest396.test.GeneralStateTests_stRandom2_randomStatetest396_json_randomStatetest396_fork_Cancun_Prague_d0g0v0
generated.ethereum_tests.ethereum-tests.GeneralStateTests.stRandom2.randomStatetest397.test.GeneralStateTests_stRandom2_randomStatetest397_json_randomStatetest397_fork_Cancun_Prague_d0g0v0
generated.ethereum_tests.ethereum-tests.GeneralStateTests.stRandom2.randomStatetest398.test.GeneralStateTests_stRandom2_randomStatetest398_json_randomStatetest398_fork_Cancun_Prague_d0g0v0
generated.ethereum_tests.ethereum-tests.GeneralStateTests.stRandom2.randomStatetest399.test.GeneralStateTests_stRandom2_randomStatetest399_json_randomStatetest399_fork_Cancun_Prague_d0g0v0
generated.ethereum_tests.ethereum-tests.GeneralStateTests.stRandom2.randomStatetest401.test.GeneralStateTests_stRandom2_randomStatetest401_json_randomStatetest401_fork_Cancun_Prague_d0g0v0
generated.ethereum_tests.ethereum-tests.GeneralStateTests.stRandom2.randomStatetest402.test.GeneralStateTests_stRandom2_randomStatetest402_json_randomStatetest402_fork_Cancun_Prague_d0g0v0
generated.ethereum_tests.ethereum-tests.GeneralStateTests.stRandom2.randomStatetest404.test.GeneralStateTests_stRandom2_randomStatetest404_json_randomStatetest404_fork_Cancun_Prague_d0g0v0
generated.ethereum_tests.ethereum-tests.GeneralStateTests.stRandom2.randomStatetest405.test.GeneralStateTests_stRandom2_randomStatetest405_json_randomStatetest405_fork_Cancun_Prague_d0g0v0
generated.ethereum_tests.ethereum-tests.GeneralStateTests.stRandom2.randomStatetest406.test.GeneralStateTests_stRandom2_randomStatetest406_json_randomStatetest406_fork_Cancun_Prague_d0g0v0
generated.ethereum_tests.ethereum-tests.GeneralStateTests.stRandom2.randomStatetest407.test.GeneralStateTests_stRandom2_randomStatetest407_json_randomStatetest407_fork_Cancun_Prague_d0g0v0
generated.ethereum_tests.ethereum-tests.GeneralStateTests.stRandom2.randomStatetest408.test.GeneralStateTests_stRandom2_randomStatetest408_json_randomStatetest408_fork_Cancun_Prague_d0g0v0
generated.ethereum_tests.ethereum-tests.GeneralStateTests.stRandom2.randomStatetest409.test.GeneralStateTests_stRandom2_randomStatetest409_json_randomStatetest409_fork_Cancun_Prague_d0g0v0
generated.ethereum_tests.ethereum-tests.GeneralStateTests.stRandom2.randomStatetest410.test.GeneralStateTests_stRandom2_randomStatetest410_json_randomStatetest410_fork_Cancun_Prague_d0g0v0
generated.ethereum_tests.ethereum-tests.GeneralStateTests.stRandom2.randomStatetest411.test.GeneralStateTests_stRandom2_randomStatetest411_json_randomStatetest411_fork_Cancun_Prague_d0g0v0
generated.ethereum_tests.ethereum-tests.GeneralStateTests.stRandom2.randomStatetest412.test.GeneralStateTests_stRandom2_randomStatetest412_json_randomStatetest412_fork_Cancun_Prague_d0g0v0
generated.ethereum_tests.ethereum-tests.GeneralStateTests.stRandom2.randomStatetest413.test.GeneralStateTests_stRandom2_randomStatetest413_json_randomStatetest413_fork_Cancun_Prague_d0g0v0
generated.ethereum_tests.ethereum-tests.GeneralStateTests.stRandom2.randomStatetest414.test.GeneralStateTests_stRandom2_randomStatetest414_json_randomStatetest414_fork_Cancun_Prague_d0g0v0
generated.ethereum_tests.ethereum-tests.GeneralStateTests.stRandom2.randomStatetest415.test.GeneralStateTests_stRandom2_randomStatetest415_json_randomStatetest415_fork_Cancun_Prague_d0g0v0
generated.ethereum_tests.ethereum-tests.GeneralStateTests.stRandom2.randomStatetest416.test.GeneralStateTests_stRandom2_randomStatetest416_json_randomStatetest416_fork_Cancun_Prague_d0g0v0
generated.ethereum_tests.ethereum-tests.GeneralStateTests.stRandom2.randomStatetest417.test.GeneralStateTests_stRandom2_randomStatetest417_json_randomStatetest417_fork_Cancun_Prague_d0g0v0
generated.ethereum_tests.ethereum-tests.GeneralStateTests.stRandom2.randomStatetest418.test.GeneralStateTests_stRandom2_randomStatetest418_json_randomStatetest418_fork_Cancun_Prague_d0g0v0
generated.ethereum_tests.ethereum-tests.GeneralStateTests.stRandom2.randomStatetest419.test.GeneralStateTests_stRandom2_randomStatetest419_json_randomStatetest419_fork_Cancun_Prague_d0g0v0
generated.ethereum_tests.ethereum-tests.GeneralStateTests.stRandom2.randomStatetest420.test.GeneralStateTests_stRandom2_randomStatetest420_json_randomStatetest420_fork_Cancun_Prague_d0g0v0
generated.ethereum_tests.ethereum-tests.GeneralStateTests.stRandom2.randomStatetest421.test.GeneralStateTests_stRandom2_randomStatetest421_json_randomStatetest421_fork_Cancun_Prague_d0g0v0
generated.ethereum_tests.ethereum-tests.GeneralStateTests.stRandom2.randomStatetest422.test.GeneralStateTests_stRandom2_randomStatetest422_json_randomStatetest422_fork_Cancun_Prague_d0g0v0
generated.ethereum_tests.ethereum-tests.GeneralStateTests.stRandom2.randomStatetest424.test.GeneralStateTests_stRandom2_randomStatetest424_json_randomStatetest424_fork_Cancun_Prague_d0g0v0
generated.ethereum_tests.ethereum-tests.GeneralStateTests.stRandom2.randomStatetest425.test.GeneralStateTests_stRandom2_randomStatetest425_json_randomStatetest425_fork_Cancun_Prague_d0g0v0
generated.ethereum_tests.ethereum-tests.GeneralStateTests.stRandom2.randomStatetest426.test.GeneralStateTests_stRandom2_randomStatetest426_json_randomStatetest426_fork_Cancun_Prague_d0g0v0
generated.ethereum_tests.ethereum-tests.GeneralStateTests.stRandom2.randomStatetest428.test.GeneralStateTests_stRandom2_randomStatetest428_json_randomStatetest428_fork_Cancun_Prague_d0g0v0
generated.ethereum_tests.ethereum-tests.GeneralStateTests.stRandom2.randomStatetest429.test.GeneralStateTests_stRandom2_randomStatetest429_json_randomStatetest429_fork_Cancun_Prague_d0g0v0
generated.ethereum_tests.ethereum-tests.GeneralStateTests.stRandom2.randomStatetest430.test.GeneralStateTests_stRandom2_randomStatetest430_json_randomStatetest430_fork_Cancun_Prague_d0g0v0
generated.ethereum_tests.ethereum-tests.GeneralStateTests.stRandom2.randomStatetest433.test.GeneralStateTests_stRandom2_randomStatetest433_json_randomStatetest433_fork_Cancun_Prague_d0g0v0
generated.ethereum_tests.ethereum-tests.GeneralStateTests.stRandom2.randomStatetest435.test.GeneralStateTests_stRandom2_randomStatetest435_json_randomStatetest435_fork_Cancun_Prague_d0g0v0
generated.ethereum_tests.ethereum-tests.GeneralStateTests.stRandom2.randomStatetest436.test.GeneralStateTests_stRandom2_randomStatetest436_json_randomStatetest436_fork_Cancun_Prague_d0g0v0
generated.ethereum_tests.ethereum-tests.GeneralStateTests.stRandom2.randomStatetest437.test.GeneralStateTests_stRandom2_randomStatetest437_json_randomStatetest437_fork_Cancun_Prague_d0g0v0
generated.ethereum_tests.ethereum-tests.GeneralStateTests.stRandom2.randomStatetest438.test.GeneralStateTests_stRandom2_randomStatetest438_json_randomStatetest438_fork_Cancun_Prague_d0g0v0
generated.ethereum_tests.ethereum-tests.GeneralStateTests.stRandom2.randomStatetest439.test.GeneralStateTests_stRandom2_randomStatetest439_json_randomStatetest439_fork_Cancun_Prague_d0g0v0
generated.ethereum_tests.ethereum-tests.GeneralStateTests.stRandom2.randomStatetest440.test.GeneralStateTests_stRandom2_randomStatetest440_json_randomStatetest440_fork_Cancun_Prague_d0g0v0
generated.ethereum_tests.ethereum-tests.GeneralStateTests.stRandom2.randomStatetest442.test.GeneralStateTests_stRandom2_randomStatetest442_json_randomStatetest442_fork_Cancun_Prague_d0g0v0
generated.ethereum_tests.ethereum-tests.GeneralStateTests.stRandom2.randomStatetest443.test.GeneralStateTests_stRandom2_randomStatetest443_json_randomStatetest443_fork_Cancun_Prague_d0g0v0
generated.ethereum_tests.ethereum-tests.GeneralStateTests.stRandom2.randomStatetest444.test.GeneralStateTests_stRandom2_randomStatetest444_json_randomStatetest444_fork_Cancun_Prague_d0g0v0
generated.ethereum_tests.ethereum-tests.GeneralStateTests.stRandom2.randomStatetest445.test.GeneralStateTests_stRandom2_randomStatetest445_json_randomStatetest445_fork_Cancun_Prague_d0g0v0
generated.ethereum_tests.ethereum-tests.GeneralStateTests.stRandom2.randomStatetest446.test.GeneralStateTests_stRandom2_randomStatetest446_json_randomStatetest446_fork_Cancun_Prague_d0g0v0
generated.ethereum_tests.ethereum-tests.GeneralStateTests.stRandom2.randomStatetest447.test.GeneralStateTests_stRandom2_randomStatetest447_json_randomStatetest447_fork_Cancun_Prague_d0g0v0
generated.ethereum_tests.ethereum-tests.GeneralStateTests.stRandom2.randomStatetest448.test.GeneralStateTests_stRandom2_randomStatetest448_json_randomStatetest448_fork_Cancun_Prague_d0g0v0
generated.ethereum_tests.ethereum-tests.GeneralStateTests.stRandom2.randomStatetest449.test.GeneralStateTests_stRandom2_randomStatetest449_json_randomStatetest449_fork_Cancun_Prague_d0g0v0
generated.ethereum_tests.ethereum-tests.GeneralStateTests.stRandom2.randomStatetest450.test.GeneralStateTests_stRandom2_randomStatetest450_json_randomStatetest450_fork_Cancun_Prague_d0g0v0
generated.ethereum_tests.ethereum-tests.GeneralStateTests.stRandom2.randomStatetest451.test.GeneralStateTests_stRandom2_randomStatetest451_json_randomStatetest451_fork_Cancun_Prague_d0g0v0
generated.ethereum_tests.ethereum-tests.GeneralStateTests.stRandom2.randomStatetest452.test.GeneralStateTests_stRandom2_randomStatetest452_json_randomStatetest452_fork_Cancun_Prague_d0g0v0
generated.ethereum_tests.ethereum-tests.GeneralStateTests.stRandom2.randomStatetest454.test.GeneralStateTests_stRandom2_randomStatetest454_json_randomStatetest454_fork_Cancun_Prague_d0g0v0
generated.ethereum_tests.ethereum-tests.GeneralStateTests.stRandom2.randomStatetest455.test.GeneralStateTests_stRandom2_randomStatetest455_json_randomStatetest455_fork_Cancun_Prague_d0g0v0
generated.ethereum_tests.ethereum-tests.GeneralStateTests.stRandom2.randomStatetest456.test.GeneralStateTests_stRandom2_randomStatetest456_json_randomStatetest456_fork_Cancun_Prague_d0g0v0
generated.ethereum_tests.ethereum-tests.GeneralStateTests.stRandom2.randomStatetest457.test.GeneralStateTests_stRandom2_randomStatetest457_json_randomStatetest457_fork_Cancun_Prague_d0g0v0
generated.ethereum_tests.ethereum-tests.GeneralStateTests.stRandom2.randomStatetest458.test.GeneralStateTests_stRandom2_randomStatetest458_json_randomStatetest458_fork_Cancun_Prague_d0g0v0
generated.ethereum_tests.ethereum-tests.GeneralStateTests.stRandom2.randomStatetest460.test.GeneralStateTests_stRandom2_randomStatetest460_json_randomStatetest460_fork_Cancun_Prague_d0g0v0
generated.ethereum_tests.ethereum-tests.GeneralStateTests.stRandom2.randomStatetest461.test.GeneralStateTests_stRandom2_randomStatetest461_json_randomStatetest461_fork_Cancun_Prague_d0g0v0
generated.ethereum_tests.ethereum-tests.GeneralStateTests.stRandom2.randomStatetest462.test.GeneralStateTests_stRandom2_randomStatetest462_json_randomStatetest462_fork_Cancun_Prague_d0g0v0
generated.ethereum_tests.ethereum-tests.GeneralStateTests.stRandom2.randomStatetest464.test.GeneralStateTests_stRandom2_randomStatetest464_json_randomStatetest464_fork_Cancun_Prague_d0g0v0
generated.ethereum_tests.ethereum-tests.GeneralStateTests.stRandom2.randomStatetest465.test.GeneralStateTests_stRandom2_randomStatetest465_json_randomStatetest465_fork_Cancun_Prague_d0g0v0
generated.ethereum_tests.ethereum-tests.GeneralStateTests.stRandom2.randomStatetest466.test.GeneralStateTests_stRandom2_randomStatetest466_json_randomStatetest466_fork_Cancun_Prague_d0g0v0
generated.ethereum_tests.ethereum-tests.GeneralStateTests.stRandom2.randomStatetest467.test.GeneralStateTests_stRandom2_randomStatetest467_json_randomStatetest467_fork_Cancun_Prague_d0g0v0
generated.ethereum_tests.ethereum-tests.GeneralStateTests.stRandom2.randomStatetest469.test.GeneralStateTests_stRandom2_randomStatetest469_json_randomStatetest469_fork_Cancun_Prague_d0g0v0
generated.ethereum_tests.ethereum-tests.GeneralStateTests.stRandom2.randomStatetest470.test.GeneralStateTests_stRandom2_randomStatetest470_json_randomStatetest470_fork_Cancun_Prague_d0g0v0
generated.ethereum_tests.ethereum-tests.GeneralStateTests.stRandom2.randomStatetest471.test.GeneralStateTests_stRandom2_randomStatetest471_json_randomStatetest471_fork_Cancun_Prague_d0g0v0
generated.ethereum_tests.ethereum-tests.GeneralStateTests.stRandom2.randomStatetest472.test.GeneralStateTests_stRandom2_randomStatetest472_json_randomStatetest472_fork_Cancun_Prague_d0g0v0
generated.ethereum_tests.ethereum-tests.GeneralStateTests.stRandom2.randomStatetest473.test.GeneralStateTests_stRandom2_randomStatetest473_json_randomStatetest473_fork_Cancun_Prague_d0g0v0
generated.ethereum_tests.ethereum-tests.GeneralStateTests.stRandom2.randomStatetest474.test.GeneralStateTests_stRandom2_randomStatetest474_json_randomStatetest474_fork_Cancun_Prague_d0g0v0
generated.ethereum_tests.ethereum-tests.GeneralStateTests.stRandom2.randomStatetest475.test.GeneralStateTests_stRandom2_randomStatetest475_json_randomStatetest475_fork_Cancun_Prague_d0g0v0
generated.ethereum_tests.ethereum-tests.GeneralStateTests.stRandom2.randomStatetest476.test.GeneralStateTests_stRandom2_randomStatetest476_json_randomStatetest476_fork_Cancun_Prague_d0g0v0
generated.ethereum_tests.ethereum-tests.GeneralStateTests.stRandom2.randomStatetest477.test.GeneralStateTests_stRandom2_randomStatetest477_json_randomStatetest477_fork_Cancun_Prague_d0g0v0
generated.ethereum_tests.ethereum-tests.GeneralStateTests.stRandom2.randomStatetest478.test.GeneralStateTests_stRandom2_randomStatetest478_json_randomStatetest478_fork_Cancun_Prague_d0g0v0
generated.ethereum_tests.ethereum-tests.GeneralStateTests.stRandom2.randomStatetest480.test.GeneralStateTests_stRandom2_randomStatetest480_json_randomStatetest480_fork_Cancun_Prague_d0g0v0
generated.ethereum_tests.ethereum-tests.GeneralStateTests.stRandom2.randomStatetest481.test.GeneralStateTests_stRandom2_randomStatetest481_json_randomStatetest481_fork_Cancun_Prague_d0g0v0
generated.ethereum_tests.ethereum-tests.GeneralStateTests.stRandom2.randomStatetest482.test.GeneralStateTests_stRandom2_randomStatetest482_json_randomStatetest482_fork_Cancun_Prague_d0g0v0
generated.ethereum_tests.ethereum-tests.GeneralStateTests.stRandom2.randomStatetest483.test.GeneralStateTests_stRandom2_randomStatetest483_json_randomStatetest483_fork_Cancun_Prague_d0g0v0
generated.ethereum_tests.ethereum-tests.GeneralStateTests.stRandom2.randomStatetest484.test.GeneralStateTests_stRandom2_randomStatetest484_json_randomStatetest484_fork_Cancun_Prague_d0g0v0
generated.ethereum_tests.ethereum-tests.GeneralStateTests.stRandom2.randomStatetest485.test.GeneralStateTests_stRandom2_randomStatetest485_json_randomStatetest485_fork_Cancun_Prague_d0g0v0
generated.ethereum_tests.ethereum-tests.GeneralStateTests.stRandom2.randomStatetest487.test.GeneralStateTests_stRandom2_randomStatetest487_json_randomStatetest487_fork_Cancun_Prague_d0g0v0
generated.ethereum_tests.ethereum-tests.GeneralStateTests.stRandom2.randomStatetest488.test.GeneralStateTests_stRandom2_randomStatetest488_json_randomStatetest488_fork_Cancun_Prague_d0g0v0
generated.ethereum_tests.ethereum-tests.GeneralStateTests.stRandom2.randomStatetest489.test.GeneralStateTests_stRandom2_randomStatetest489_json_randomStatetest489_fork_Cancun_Prague_d0g0v0
generated.ethereum_tests.ethereum-tests.GeneralStateTests.stRandom2.randomStatetest491.test.GeneralStateTests_stRandom2_randomStatetest491_json_randomStatetest491_fork_Cancun_Prague_d0g0v0
generated.ethereum_tests.ethereum-tests.GeneralStateTests.stRandom2.randomStatetest493.test.GeneralStateTests_stRandom2_randomStatetest493_json_randomStatetest493_fork_Cancun_Prague_d0g0v0
generated.ethereum_tests.ethereum-tests.GeneralStateTests.stRandom2.randomStatetest494.test.GeneralStateTests_stRandom2_randomStatetest494_json_randomStatetest494_fork_Cancun_Prague_d0g0v0
generated.ethereum_tests.ethereum-tests.GeneralStateTests.stRandom2.randomStatetest495.test.GeneralStateTests_stRandom2_randomStatetest495_json_randomStatetest495_fork_Cancun_Prague_d0g0v0
generated.ethereum_tests.ethereum-tests.GeneralStateTests.stRandom2.randomStatetest496.test.GeneralStateTests_stRandom2_randomStatetest496_json_randomStatetest496_fork_Cancun_Prague_d0g0v0
generated.ethereum_tests.ethereum-tests.GeneralStateTests.stRandom2.randomStatetest497.test.GeneralStateTests_stRandom2_randomStatetest497_json_randomStatetest497_fork_Cancun_Prague_d0g0v0
generated.ethereum_tests.ethereum-tests.GeneralStateTests.stRandom2.randomStatetest498.test.GeneralStateTests_stRandom2_randomStatetest498_json_randomStatetest498_fork_Cancun_Prague_d0g0v0
generated.ethereum_tests.ethereum-tests.GeneralStateTests.stRandom2.randomStatetest499.test.GeneralStateTests_stRandom2_randomStatetest499_json_randomStatetest499_fork_Cancun_Prague_d0g0v0
generated.ethereum_tests.ethereum-tests.GeneralStateTests.stRandom2.randomStatetest500.test.GeneralStateTests_stRandom2_randomStatetest500_json_randomStatetest500_fork_Cancun_Prague_d0g0v0
generated.ethereum_tests.ethereum-tests.GeneralStateTests.stRandom2.randomStatetest501.test.GeneralStateTests_stRandom2_randomStatetest501_json_randomStatetest501_fork_Cancun_Prague_d0g0v0
generated.ethereum_tests.ethereum-tests.GeneralStateTests.stRandom2.randomStatetest502.test.GeneralStateTests_stRandom2_randomStatetest502_json_randomStatetest502_fork_Cancun_Prague_d0g0v0
generated.ethereum_tests.ethereum-tests.GeneralStateTests.stRandom2.randomStatetest503.test.GeneralStateTests_stRandom2_randomStatetest503_json_randomStatetest503_fork_Cancun_Prague_d0g0v0
generated.ethereum_tests.ethereum-tests.GeneralStateTests.stRandom2.randomStatetest504.test.GeneralStateTests_stRandom2_randomStatetest504_json_randomStatetest504_fork_Cancun_Prague_d0g0v0
generated.ethereum_tests.ethereum-tests.GeneralStateTests.stRandom2.randomStatetest505.test.GeneralStateTests_stRandom2_randomStatetest505_json_randomStatetest505_fork_Cancun_Prague_d0g0v0
generated.ethereum_tests.ethereum-tests.GeneralStateTests.stRandom2.randomStatetest506.test.GeneralStateTests_stRandom2_randomStatetest506_json_randomStatetest506_fork_Cancun_Prague_d0g0v0
generated.ethereum_tests.ethereum-tests.GeneralStateTests.stRandom2.randomStatetest507.test.GeneralStateTests_stRandom2_randomStatetest507_json_randomStatetest507_fork_Cancun_Prague_d0g0v0
generated.ethereum_tests.ethereum-tests.GeneralStateTests.stRandom2.randomStatetest508.test.GeneralStateTests_stRandom2_randomStatetest508_json_randomStatetest508_fork_Cancun_Prague_d0g0v0
generated.ethereum_tests.ethereum-tests.GeneralStateTests.stRandom2.randomStatetest509.test.GeneralStateTests_stRandom2_randomStatetest509_json_randomStatetest509_fork_Cancun_Prague_d0g0v0
generated.ethereum_tests.ethereum-tests.GeneralStateTests.stRandom2.randomStatetest510.test.GeneralStateTests_stRandom2_randomStatetest510_json_randomStatetest510_fork_Cancun_Prague_d0g0v0
generated.ethereum_tests.ethereum-tests.GeneralStateTests.stRandom2.randomStatetest511.test.GeneralStateTests_stRandom2_randomStatetest511_json_randomStatetest511_fork_Cancun_Prague_d0g0v0
generated.ethereum_tests.ethereum-tests.GeneralStateTests.stRandom2.randomStatetest512.test.GeneralStateTests_stRandom2_randomStatetest512_json_randomStatetest512_fork_Cancun_Prague_d0g0v0
generated.ethereum_tests.ethereum-tests.GeneralStateTests.stRandom2.randomStatetest513.test.GeneralStateTests_stRandom2_randomStatetest513_json_randomStatetest513_fork_Cancun_Prague_d0g0v0
generated.ethereum_tests.ethereum-tests.GeneralStateTests.stRandom2.randomStatetest514.test.GeneralStateTests_stRandom2_randomStatetest514_json_randomStatetest514_fork_Cancun_Prague_d0g0v0
generated.ethereum_tests.ethereum-tests.GeneralStateTests.stRandom2.randomStatetest516.test.GeneralStateTests_stRandom2_randomStatetest516_json_randomStatetest516_fork_Cancun_Prague_d0g0v0
generated.ethereum_tests.ethereum-tests.GeneralStateTests.stRandom2.randomStatetest517.test.GeneralStateTests_stRandom2_randomStatetest517_json_randomStatetest517_fork_Cancun_Prague_d0g0v0
generated.ethereum_tests.ethereum-tests.GeneralStateTests.stRandom2.randomStatetest518.test.GeneralStateTests_stRandom2_randomStatetest518_json_randomStatetest518_fork_Cancun_Prague_d0g0v0
generated.ethereum_tests.ethereum-tests.GeneralStateTests.stRandom2.randomStatetest519.test.GeneralStateTests_stRandom2_randomStatetest519_json_randomStatetest519_fork_Cancun_Prague_d0g0v0
generated.ethereum_tests.ethereum-tests.GeneralStateTests.stRandom2.randomStatetest520.test.GeneralStateTests_stRandom2_randomStatetest520_json_randomStatetest520_fork_Cancun_Prague_d0g0v0
generated.ethereum_tests.ethereum-tests.GeneralStateTests.stRandom2.randomStatetest521.test.GeneralStateTests_stRandom2_randomStatetest521_json_randomStatetest521_fork_Cancun_Prague_d0g0v0
generated.ethereum_tests.ethereum-tests.GeneralStateTests.stRandom2.randomStatetest523.test.GeneralStateTests_stRandom2_randomStatetest523_json_randomStatetest523_fork_Cancun_Prague_d0g0v0
generated.ethereum_tests.ethereum-tests.GeneralStateTests.stRandom2.randomStatetest524.test.GeneralStateTests_stRandom2_randomStatetest524_json_randomStatetest524_fork_Cancun_Prague_d0g0v0
generated.ethereum_tests.ethereum-tests.GeneralStateTests.stRandom2.randomStatetest525.test.GeneralStateTests_stRandom2_randomStatetest525_json_randomStatetest525_fork_Cancun_Prague_d0g0v0
generated.ethereum_tests.ethereum-tests.GeneralStateTests.stRandom2.randomStatetest526.test.GeneralStateTests_stRandom2_randomStatetest526_json_randomStatetest526_fork_Cancun_Prague_d0g0v0
generated.ethereum_tests.ethereum-tests.GeneralStateTests.stRandom2.randomStatetest527.test.GeneralStateTests_stRandom2_randomStatetest527_json_randomStatetest527_fork_Cancun_Prague_d0g0v0
generated.ethereum_tests.ethereum-tests.GeneralStateTests.stRandom2.randomStatetest528.test.GeneralStateTests_stRandom2_randomStatetest528_json_randomStatetest528_fork_Cancun_Prague_d0g0v0
generated.ethereum_tests.ethereum-tests.GeneralStateTests.stRandom2.randomStatetest531.test.GeneralStateTests_stRandom2_randomStatetest531_json_randomStatetest531_fork_Cancun_Prague_d0g0v0
generated.ethereum_tests.ethereum-tests.GeneralStateTests.stRandom2.randomStatetest532.test.GeneralStateTests_stRandom2_randomStatetest532_json_randomStatetest532_fork_Cancun_Prague_d0g0v0
generated.ethereum_tests.ethereum-tests.GeneralStateTests.stRandom2.randomStatetest533.test.GeneralStateTests_stRandom2_randomStatetest533_json_randomStatetest533_fork_Cancun_Prague_d0g0v0
generated.ethereum_tests.ethereum-tests.GeneralStateTests.stRandom2.randomStatetest534.test.GeneralStateTests_stRandom2_randomStatetest534_json_randomStatetest534_fork_Cancun_Prague_d0g0v0
generated.ethereum_tests.ethereum-tests.GeneralStateTests.stRandom2.randomStatetest535.test.GeneralStateTests_stRandom2_randomStatetest535_json_randomStatetest535_fork_Cancun_Prague_d0g0v0
generated.ethereum_tests.ethereum-tests.GeneralStateTests.stRandom2.randomStatetest536.test.GeneralStateTests_stRandom2_randomStatetest536_json_randomStatetest536_fork_Cancun_Prague_d0g0v0
generated.ethereum_tests.ethereum-tests.GeneralStateTests.stRandom2.randomStatetest537.test.GeneralStateTests_stRandom2_randomStatetest537_json_randomStatetest537_fork_Cancun_Prague_d0g0v0
generated.ethereum_tests.ethereum-tests.GeneralStateTests.stRandom2.randomStatetest539.test.GeneralStateTests_stRandom2_randomStatetest539_json_randomStatetest539_fork_Cancun_Prague_d0g0v0
generated.ethereum_tests.ethereum-tests.GeneralStateTests.stRandom2.randomStatetest541.test.GeneralStateTests_stRandom2_randomStatetest541_json_randomStatetest541_fork_Cancun_Prague_d0g0v0
generated.ethereum_tests.ethereum-tests.GeneralStateTests.stRandom2.randomStatetest542.test.GeneralStateTests_stRandom2_randomStatetest542_json_randomStatetest542_fork_Cancun_Prague_d0g0v0
generated.ethereum_tests.ethereum-tests.GeneralStateTests.stRandom2.randomStatetest543.test.GeneralStateTests_stRandom2_randomStatetest543_json_randomStatetest543_fork_Cancun_Prague_d0g0v0
generated.ethereum_tests.ethereum-tests.GeneralStateTests.stRandom2.randomStatetest544.test.GeneralStateTests_stRandom2_randomStatetest544_json_randomStatetest544_fork_Cancun_Prague_d0g0v0
generated.ethereum_tests.ethereum-tests.GeneralStateTests.stRandom2.randomStatetest545.test.GeneralStateTests_stRandom2_randomStatetest545_json_randomStatetest545_fork_Cancun_Prague_d0g0v0
generated.ethereum_tests.ethereum-tests.GeneralStateTests.stRandom2.randomStatetest546.test.GeneralStateTests_stRandom2_randomStatetest546_json_randomStatetest546_fork_Cancun_Prague_d0g0v0
generated.ethereum_tests.ethereum-tests.GeneralStateTests.stRandom2.randomStatetest547.test.GeneralStateTests_stRandom2_randomStatetest547_json_randomStatetest547_fork_Cancun_Prague_d0g0v0
generated.ethereum_tests.ethereum-tests.GeneralStateTests.stRandom2.randomStatetest548.test.GeneralStateTests_stRandom2_randomStatetest548_json_randomStatetest548_fork_Cancun_Prague_d0g0v0
generated.ethereum_tests.ethereum-tests.GeneralStateTests.stRandom2.randomStatetest550.test.GeneralStateTests_stRandom2_randomStatetest550_json_randomStatetest550_fork_Cancun_Prague_d0g0v0
generated.ethereum_tests.ethereum-tests.GeneralStateTests.stRandom2.randomStatetest552.test.GeneralStateTests_stRandom2_randomStatetest552_json_randomStatetest552_fork_Cancun_Prague_d0g0v0
generated.ethereum_tests.ethereum-tests.GeneralStateTests.stRandom2.randomStatetest553.test.GeneralStateTests_stRandom2_randomStatetest553_json_randomStatetest553_fork_Cancun_Prague_d0g0v0
generated.ethereum_tests.ethereum-tests.GeneralStateTests.stRandom2.randomStatetest554.test.GeneralStateTests_stRandom2_randomStatetest554_json_randomStatetest554_fork_Cancun_Prague_d0g0v0
generated.ethereum_tests.ethereum-tests.GeneralStateTests.stRandom2.randomStatetest555.test.GeneralStateTests_stRandom2_randomStatetest555_json_randomStatetest555_fork_Cancun_Prague_d0g0v0
generated.ethereum_tests.ethereum-tests.GeneralStateTests.stRandom2.randomStatetest556.test.GeneralStateTests_stRandom2_randomStatetest556_json_randomStatetest556_fork_Cancun_Prague_d0g0v0
generated.ethereum_tests.ethereum-tests.GeneralStateTests.stRandom2.randomStatetest558.test.GeneralStateTests_stRandom2_randomStatetest558_json_randomStatetest558_fork_Cancun_Prague_d0g0v0
generated.ethereum_tests.ethereum-tests.GeneralStateTests.stRandom2.randomStatetest559.test.GeneralStateTests_stRandom2_randomStatetest559_json_randomStatetest559_fork_Cancun_Prague_d0g0v0
generated.ethereum_tests.ethereum-tests.GeneralStateTests.stRandom2.randomStatetest560.test.GeneralStateTests_stRandom2_randomStatetest560_json_randomStatetest560_fork_Cancun_Prague_d0g0v0
generated.ethereum_tests.ethereum-tests.GeneralStateTests.stRandom2.randomStatetest562.test.GeneralStateTests_stRandom2_randomStatetest562_json_randomStatetest562_fork_Cancun_Prague_d0g0v0
generated.ethereum_tests.ethereum-tests.GeneralStateTests.stRandom2.randomStatetest563.test.GeneralStateTests_stRandom2_randomStatetest563_json_randomStatetest563_fork_Cancun_Prague_d0g0v0
generated.ethereum_tests.ethereum-tests.GeneralStateTests.stRandom2.randomStatetest564.test.GeneralStateTests_stRandom2_randomStatetest564_json_randomStatetest564_fork_Cancun_Prague_d0g0v0
generated.ethereum_tests.ethereum-tests.GeneralStateTests.stRandom2.randomStatetest565.test.GeneralStateTests_stRandom2_randomStatetest565_json_randomStatetest565_fork_Cancun_Prague_d0g0v0
generated.ethereum_tests.ethereum-tests.GeneralStateTests.stRandom2.randomStatetest566.test.GeneralStateTests_stRandom2_randomStatetest566_json_randomStatetest566_fork_Cancun_Prague_d0g0v0
generated.ethereum_tests.ethereum-tests.GeneralStateTests.stRandom2.randomStatetest567.test.GeneralStateTests_stRandom2_randomStatetest567_json_randomStatetest567_fork_Cancun_Prague_d0g0v0
generated.ethereum_tests.ethereum-tests.GeneralStateTests.stRandom2.randomStatetest569.test.GeneralStateTests_stRandom2_randomStatetest569_json_randomStatetest569_fork_Cancun_Prague_d0g0v0
generated.ethereum_tests.ethereum-tests.GeneralStateTests.stRandom2.randomStatetest571.test.GeneralStateTests_stRandom2_randomStatetest571_json_randomStatetest571_fork_Cancun_Prague_d0g0v0
generated.ethereum_tests.ethereum-tests.GeneralStateTests.stRandom2.randomStatetest572.test.GeneralStateTests_stRandom2_randomStatetest572_json_randomStatetest572_fork_Cancun_Prague_d0g0v0
generated.ethereum_tests.ethereum-tests.GeneralStateTests.stRandom2.randomStatetest574.test.GeneralStateTests_stRandom2_randomStatetest574_json_randomStatetest574_fork_Cancun_Prague_d0g0v0
generated.ethereum_tests.ethereum-tests.GeneralStateTests.stRandom2.randomStatetest575.test.GeneralStateTests_stRandom2_randomStatetest575_json_randomStatetest575_fork_Cancun_Prague_d0g0v0
generated.ethereum_tests.ethereum-tests.GeneralStateTests.stRandom2.randomStatetest576.test.GeneralStateTests_stRandom2_randomStatetest576_json_randomStatetest576_fork_Cancun_Prague_d0g0v0
generated.ethereum_tests.ethereum-tests.GeneralStateTests.stRandom2.randomStatetest577.test.GeneralStateTests_stRandom2_randomStatetest577_json_randomStatetest577_fork_Cancun_Prague_d0g0v0
generated.ethereum_tests.ethereum-tests.GeneralStateTests.stRandom2.randomStatetest578.test.GeneralStateTests_stRandom2_randomStatetest578_json_randomStatetest578_fork_Cancun_Prague_d0g0v0
generated.ethereum_tests.ethereum-tests.GeneralStateTests.stRandom2.randomStatetest579.test.GeneralStateTests_stRandom2_randomStatetest579_json_randomStatetest579_fork_Cancun_Prague_d0g0v0
generated.ethereum_tests.ethereum-tests.GeneralStateTests.stRandom2.randomStatetest580.test.GeneralStateTests_stRandom2_randomStatetest580_json_randomStatetest580_fork_Cancun_Prague_d0g0v0
generated.ethereum_tests.ethereum-tests.GeneralStateTests.stRandom2.randomStatetest581.test.GeneralStateTests_stRandom2_randomStatetest581_json_randomStatetest581_fork_Cancun_Prague_d0g0v0
generated.ethereum_tests.ethereum-tests.GeneralStateTests.stRandom2.randomStatetest582.test.GeneralStateTests_stRandom2_randomStatetest582_json_randomStatetest582_fork_Cancun_Prague_d0g0v0
generated.ethereum_tests.ethereum-tests.GeneralStateTests.stRandom2.randomStatetest583.test.GeneralStateTests_stRandom2_randomStatetest583_json_randomStatetest583_fork_Cancun_Prague_d0g0v0
generated.ethereum_tests.ethereum-tests.GeneralStateTests.stRandom2.randomStatetest584.test.GeneralStateTests_stRandom2_randomStatetest584_json_randomStatetest584_fork_Cancun_Prague_d0g0v0
generated.ethereum_tests.ethereum-tests.GeneralStateTests.stRandom2.randomStatetest585.test.GeneralStateTests_stRandom2_randomStatetest585_json_randomStatetest585_fork_Cancun_Prague_d0g0v0
generated.ethereum_tests.ethereum-tests.GeneralStateTests.stRandom2.randomStatetest586.test.GeneralStateTests_stRandom2_randomStatetest586_json_randomStatetest586_fork_Cancun_Prague_d0g0v0
generated.ethereum_tests.ethereum-tests.GeneralStateTests.stRandom2.randomStatetest587.test.GeneralStateTests_stRandom2_randomStatetest587_json_randomStatetest587_fork_Cancun_Prague_d0g0v0
generated.ethereum_tests.ethereum-tests.GeneralStateTests.stRandom2.randomStatetest588.test.GeneralStateTests_stRandom2_randomStatetest588_json_randomStatetest588_fork_Cancun_Prague_d0g0v0
generated.ethereum_tests.ethereum-tests.GeneralStateTests.stRandom2.randomStatetest589.test.GeneralStateTests_stRandom2_randomStatetest589_json_randomStatetest589_fork_Cancun_Prague_d0g0v0
generated.ethereum_tests.ethereum-tests.GeneralStateTests.stRandom2.randomStatetest592.test.GeneralStateTests_stRandom2_randomStatetest592_json_randomStatetest592_fork_Cancun_Prague_d0g0v0
generated.ethereum_tests.ethereum-tests.GeneralStateTests.stRandom2.randomStatetest596.test.GeneralStateTests_stRandom2_randomStatetest596_json_randomStatetest596_fork_Cancun_Prague_d0g0v0
generated.ethereum_tests.ethereum-tests.GeneralStateTests.stRandom2.randomStatetest597.test.GeneralStateTests_stRandom2_randomStatetest597_json_randomStatetest597_fork_Cancun_Prague_d0g0v0
generated.ethereum_tests.ethereum-tests.GeneralStateTests.stRandom2.randomStatetest599.test.GeneralStateTests_stRandom2_randomStatetest599_json_randomStatetest599_fork_Cancun_Prague_d0g0v0
generated.ethereum_tests.ethereum-tests.GeneralStateTests.stRandom2.randomStatetest600.test.GeneralStateTests_stRandom2_randomStatetest600_json_randomStatetest600_fork_Cancun_Prague_d0g0v0
generated.ethereum_tests.ethereum-tests.GeneralStateTests.stRandom2.randomStatetest601.test.GeneralStateTests_stRandom2_randomStatetest601_json_randomStatetest601_fork_Cancun_Prague_d0g0v0
generated.ethereum_tests.ethereum-tests.GeneralStateTests.stRandom2.randomStatetest602.test.GeneralStateTests_stRandom2_randomStatetest602_json_randomStatetest602_fork_Cancun_Prague_d0g0v0
generated.ethereum_tests.ethereum-tests.GeneralStateTests.stRandom2.randomStatetest603.test.GeneralStateTests_stRandom2_randomStatetest603_json_randomStatetest603_fork_Cancun_Prague_d0g0v0
generated.ethereum_tests.ethereum-tests.GeneralStateTests.stRandom2.randomStatetest604.test.GeneralStateTests_stRandom2_randomStatetest604_json_randomStatetest604_fork_Cancun_Prague_d0g0v0
generated.ethereum_tests.ethereum-tests.GeneralStateTests.stRandom2.randomStatetest605.test.GeneralStateTests_stRandom2_randomStatetest605_json_randomStatetest605_fork_Cancun_Prague_d0g0v0
generated.ethereum_tests.ethereum-tests.GeneralStateTests.stRandom2.randomStatetest607.test.GeneralStateTests_stRandom2_randomStatetest607_json_randomStatetest607_fork_Cancun_Prague_d0g0v0
generated.ethereum_tests.ethereum-tests.GeneralStateTests.stRandom2.randomStatetest608.test.GeneralStateTests_stRandom2_randomStatetest608_json_randomStatetest608_fork_Cancun_Prague_d0g0v0
generated.ethereum_tests.ethereum-tests.GeneralStateTests.stRandom2.randomStatetest609.test.GeneralStateTests_stRandom2_randomStatetest609_json_randomStatetest609_fork_Cancun_Prague_d0g0v0
generated.ethereum_tests.ethereum-tests.GeneralStateTests.stRandom2.randomStatetest610.test.GeneralStateTests_stRandom2_randomStatetest610_json_randomStatetest610_fork_Cancun_Prague_d0g0v0
generated.ethereum_tests.ethereum-tests.GeneralStateTests.stRandom2.randomStatetest611.test.GeneralStateTests_stRandom2_randomStatetest611_json_randomStatetest611_fork_Cancun_Prague_d0g0v0
generated.ethereum_tests.ethereum-tests.GeneralStateTests.stRandom2.randomStatetest612.test.GeneralStateTests_stRandom2_randomStatetest612_json_randomStatetest612_fork_Cancun_Prague_d0g0v0
generated.ethereum_tests.ethereum-tests.GeneralStateTests.stRandom2.randomStatetest615.test.GeneralStateTests_stRandom2_randomStatetest615_json_randomStatetest615_fork_Cancun_Prague_d0g0v0
generated.ethereum_tests.ethereum-tests.GeneralStateTests.stRandom2.randomStatetest616.test.GeneralStateTests_stRandom2_randomStatetest616_json_randomStatetest616_fork_Cancun_Prague_d0g0v0
generated.ethereum_tests.ethereum-tests.GeneralStateTests.stRandom2.randomStatetest618.test.GeneralStateTests_stRandom2_randomStatetest618_json_randomStatetest618_fork_Cancun_Prague_d0g0v0
generated.ethereum_tests.ethereum-tests.GeneralStateTests.stRandom2.randomStatetest620.test.GeneralStateTests_stRandom2_randomStatetest620_json_randomStatetest620_fork_Cancun_Prague_d0g0v0
generated.ethereum_tests.ethereum-tests.GeneralStateTests.stRandom2.randomStatetest621.test.GeneralStateTests_stRandom2_randomStatetest621_json_randomStatetest621_fork_Cancun_Prague_d0g0v0
generated.ethereum_tests.ethereum-tests.GeneralStateTests.stRandom2.randomStatetest624.test.GeneralStateTests_stRandom2_randomStatetest624_json_randomStatetest624_fork_Cancun_Prague_d0g0v0
generated.ethereum_tests.ethereum-tests.GeneralStateTests.stRandom2.randomStatetest625.test.GeneralStateTests_stRandom2_randomStatetest625_json_randomStatetest625_fork_Cancun_Prague_d0g0v0
generated.ethereum_tests.ethereum-tests.GeneralStateTests.stRandom2.randomStatetest626.test.GeneralStateTests_stRandom2_randomStatetest626_json_randomStatetest626_fork_Cancun_Prague_d0g0v0
generated.ethereum_tests.ethereum-tests.GeneralStateTests.stRandom2.randomStatetest627.test.GeneralStateTests_stRandom2_randomStatetest627_json_randomStatetest627_fork_Cancun_Prague_d0g0v0
generated.ethereum_tests.ethereum-tests.GeneralStateTests.stRandom2.randomStatetest628.test.GeneralStateTests_stRandom2_randomStatetest628_json_randomStatetest628_fork_Cancun_Prague_d0g0v0✖ test failed
generated.ethereum_tests.ethereum-tests.GeneralStateTests.stRandom2.randomStatetest629.test.GeneralStateTests_stRandom2_randomStatetest629_json_randomStatetest629_fork_Cancun_Prague_d0g0v0
generated.ethereum_tests.ethereum-tests.GeneralStateTests.stRandom2.randomStatetest630.test.GeneralStateTests_stRandom2_randomStatetest630_json_randomStatetest630_fork_Cancun_Prague_d0g0v0
generated.ethereum_tests.ethereum-tests.GeneralStateTests.stRandom2.randomStatetest632.test.GeneralStateTests_stRandom2_randomStatetest632_json_randomStatetest632_fork_Cancun_Prague_d0g0v0
generated.ethereum_tests.ethereum-tests.GeneralStateTests.stRandom2.randomStatetest633.test.GeneralStateTests_stRandom2_randomStatetest633_json_randomStatetest633_fork_Cancun_Prague_d0g0v0
generated.ethereum_tests.ethereum-tests.GeneralStateTests.stRandom2.randomStatetest635.test.GeneralStateTests_stRandom2_randomStatetest635_json_randomStatetest635_fork_Cancun_Prague_d0g0v0
generated.ethereum_tests.ethereum-tests.GeneralStateTests.stRandom2.randomStatetest636.test.GeneralStateTests_stRandom2_randomStatetest636_json_randomStatetest636_fork_Cancun_Prague_d0g0v0
generated.ethereum_tests.ethereum-tests.GeneralStateTests.stRandom2.randomStatetest637.test.GeneralStateTests_stRandom2_randomStatetest637_json_randomStatetest637_fork_Cancun_Prague_d0g0v0
generated.ethereum_tests.ethereum-tests.GeneralStateTests.stRandom2.randomStatetest638.test.GeneralStateTests_stRandom2_randomStatetest638_json_randomStatetest638_fork_Cancun_Prague_d0g0v0
generated.ethereum_tests.ethereum-tests.GeneralStateTests.stRandom2.randomStatetest639.test.GeneralStateTests_stRandom2_randomStatetest639_json_randomStatetest639_fork_Cancun_Prague_d0g0v0
generated.ethereum_tests.ethereum-tests.GeneralStateTests.stRandom2.randomStatetest640.test.GeneralStateTests_stRandom2_randomStatetest640_json_randomStatetest640_fork_Cancun_Prague_d0g0v0
generated.ethereum_tests.ethereum-tests.GeneralStateTests.stRandom2.randomStatetest641.test.GeneralStateTests_stRandom2_randomStatetest641_json_randomStatetest641_fork_Cancun_Prague_d0g0v0
generated.ethereum_tests.ethereum-tests.GeneralStateTests.stRandom2.randomStatetest642.test.GeneralStateTests_stRandom2_randomStatetest642_json_randomStatetest642_fork_Cancun_Prague_d0g0v0
generated.ethereum_tests.ethereum-tests.GeneralStateTests.stRandom2.randomStatetest643.test.GeneralStateTests_stRandom2_randomStatetest643_json_randomStatetest643_fork_Cancun_Prague_d0g0v0
generated.ethereum_tests.ethereum-tests.GeneralStateTests.stRandom2.randomStatetest644.test.GeneralStateTests_stRandom2_randomStatetest644_json_randomStatetest644_fork_Cancun_Prague_d0g0v0
generated.ethereum_tests.ethereum-tests.GeneralStateTests.stRandom2.randomStatetest645.test.GeneralStateTests_stRandom2_randomStatetest645_json_randomStatetest645_fork_Cancun_Prague_d0g0v_0_1_
generated.ethereum_tests.ethereum-tests.GeneralStateTests.stRandom2.randomStatetest646.test.GeneralStateTests_stRandom2_randomStatetest646_json_randomStatetest646_fork_Cancun_Prague_d0g0v0
generated.ethereum_tests.ethereum-tests.GeneralStateTests.stRandom2.randomStatetest647.test.GeneralStateTests_stRandom2_randomStatetest647_json_randomStatetest647_fork_Cancun_Prague_d0g0v0
generated.ethereum_tests.ethereum-tests.GeneralStateTests.stRandom2.randomStatetest648.test.GeneralStateTests_stRandom2_randomStatetest648_json_randomStatetest648_fork_Cancun_Prague_d0g0v0
generated.ethereum_tests.ethereum-tests.GeneralStateTests.stRandom2.randomStatetest649.test.GeneralStateTests_stRandom2_randomStatetest649_json_randomStatetest649_fork_Cancun_Prague_d0g0v0
generated.ethereum_tests.ethereum-tests.GeneralStateTests.stRandom2.randomStatetest650.test.GeneralStateTests_stRandom2_randomStatetest650_json_randomStatetest650_fork_Cancun_Prague_d0g0v0
generated.ethereum_tests.ethereum-tests.GeneralStateTests.stRecursiveCreate.recursiveCreate.test.GeneralStateTests_stRecursiveCreate_recursiveCreate_json_recursiveCreate_fork_Cancun_Prague_d0g0v0
generated.ethereum_tests.ethereum-tests.GeneralStateTests.stRecursiveCreate.recursiveCreateReturnValue.test.GeneralStateTests_stRecursiveCreate_recursiveCreateReturnValue_json_recursiveCreateReturnValue_fork_Cancun_Prague_d0g0v0
generated.ethereum_tests.ethereum-tests.GeneralStateTests.stRefundTest.refund50_1.test.GeneralStateTests_stRefundTest_refund50_1_json_refund50_1_fork_Cancun_Prague_d0g0v0
generated.ethereum_tests.ethereum-tests.GeneralStateTests.stRefundTest.refund50_2.test.GeneralStateTests_stRefundTest_refund50_2_json_refund50_2_fork_Cancun_Prague_d0g0v0
generated.ethereum_tests.ethereum-tests.GeneralStateTests.stRefundTest.refund50percentCap.test.GeneralStateTests_stRefundTest_refund50percentCap_json_refund50percentCap_fork_Cancun_Prague_d0g0v0
generated.ethereum_tests.ethereum-tests.GeneralStateTests.stRefundTest.refund600.test.GeneralStateTests_stRefundTest_refund600_json_refund600_fork_Cancun_Prague_d0g0v0
generated.ethereum_tests.ethereum-tests.GeneralStateTests.stRefundTest.refundFF.test.GeneralStateTests_stRefundTest_refundFF_json_refundFF_fork_Cancun_Prague_d0g0v0
generated.ethereum_tests.ethereum-tests.GeneralStateTests.stRefundTest.refundMax.test.GeneralStateTests_stRefundTest_refundMax_json_refundMax_fork_Cancun_Prague_d0g0v0
generated.ethereum_tests.ethereum-tests.GeneralStateTests.stRefundTest.refundSSTORE.test.GeneralStateTests_stRefundTest_refundSSTORE_json_refundSSTORE_fork_Cancun_Prague_d0g0v0
generated.ethereum_tests.ethereum-tests.GeneralStateTests.stRefundTest.refundSuicide50procentCap.test.GeneralStateTests_stRefundTest_refundSuicide50procentCap_json_refundSuicide50procentCap_fork_Cancun_Prague_d_0_1_g0v0
generated.ethereum_tests.ethereum-tests.GeneralStateTests.stRefundTest.refund_CallA.test.GeneralStateTests_stRefundTest_refund_CallA_json_refund_CallA_fork_Cancun_Prague_d0g0v0
generated.ethereum_tests.ethereum-tests.GeneralStateTests.stRefundTest.refund_CallA_OOG.test.GeneralStateTests_stRefundTest_refund_CallA_OOG_json_refund_CallA_OOG_fork_Cancun_Prague_d0g0v0
generated.ethereum_tests.ethereum-tests.GeneralStateTests.stRefundTest.refund_CallA_notEnoughGasInCall.test.GeneralStateTests_stRefundTest_refund_CallA_notEnoughGasInCall_json_refund_CallA_notEnoughGasInCall_fork_Cancun_Prague_d0g0v0
generated.ethereum_tests.ethereum-tests.GeneralStateTests.stRefundTest.refund_CallToSuicideNoStorage.test.GeneralStateTests_stRefundTest_refund_CallToSuicideNoStorage_json_refund_CallToSuicideNoStorage_fork_Cancun_Prague_d_0_1_g0v0
generated.ethereum_tests.ethereum-tests.GeneralStateTests.stRefundTest.refund_CallToSuicideStorage.test.GeneralStateTests_stRefundTest_refund_CallToSuicideStorage_json_refund_CallToSuicideStorage_fork_Cancun_Prague_d_0_1_g0v0
generated.ethereum_tests.ethereum-tests.GeneralStateTests.stRefundTest.refund_CallToSuicideTwice.test.GeneralStateTests_stRefundTest_refund_CallToSuicideTwice_json_refund_CallToSuicideTwice_fork_Cancun_Prague_d_0_1_g0v0
generated.ethereum_tests.ethereum-tests.GeneralStateTests.stRefundTest.refund_NoOOG_1.test.GeneralStateTests_stRefundTest_refund_NoOOG_1_json_refund_NoOOG_1_fork_Cancun_Prague_d0g0v0
generated.ethereum_tests.ethereum-tests.GeneralStateTests.stRefundTest.refund_OOG.test.GeneralStateTests_stRefundTest_refund_OOG_json_refund_OOG_fork_Cancun_Prague_d0g0v0
generated.ethereum_tests.ethereum-tests.GeneralStateTests.stRefundTest.refund_TxToSuicide.test.GeneralStateTests_stRefundTest_refund_TxToSuicide_json_refund_TxToSuicide_fork_Cancun_Prague_d0g0v0
generated.ethereum_tests.ethereum-tests.GeneralStateTests.stRefundTest.refund_TxToSuicideOOG.test.GeneralStateTests_stRefundTest_refund_TxToSuicideOOG_json_refund_TxToSuicideOOG_fork_Cancun_Prague_d0g0v0
generated.ethereum_tests.ethereum-tests.GeneralStateTests.stRefundTest.refund_changeNonZeroStorage.test.GeneralStateTests_stRefundTest_refund_changeNonZeroStorage_json_refund_changeNonZeroStorage_fork_Cancun_Prague_d0g0v0
generated.ethereum_tests.ethereum-tests.GeneralStateTests.stRefundTest.refund_getEtherBack.test.GeneralStateTests_stRefundTest_refund_getEtherBack_json_refund_getEtherBack_fork_Cancun_Prague_d0g0v0
generated.ethereum_tests.ethereum-tests.GeneralStateTests.stRefundTest.refund_multimpleSuicide.test.GeneralStateTests_stRefundTest_refund_multimpleSuicide_json_refund_multimpleSuicide_fork_Cancun_Prague_d0g0v0
generated.ethereum_tests.ethereum-tests.GeneralStateTests.stRefundTest.refund_singleSuicide.test.GeneralStateTests_stRefundTest_refund_singleSuicide_json_refund_singleSuicide_fork_Cancun_Prague_d0g0v0
generated.ethereum_tests.ethereum-tests.GeneralStateTests.stReturnDataTest.call_ecrec_success_empty_then_returndatasize.test.GeneralStateTests_stReturnDataTest_call_ecrec_success_empty_then_returndatasize_json_call_ecrec_success_empty_then_returndatasize_fork_Cancun_Prague_d0g0v0
generated.ethereum_tests.ethereum-tests.GeneralStateTests.stReturnDataTest.call_outsize_then_create_successful_then_returndatasize.test.GeneralStateTests_stReturnDataTest_call_outsize_then_create_successful_then_returndatasize_json_call_outsize_then_create_successful_then_returndatasize_fork_Cancun_Prague_d0g0v0
generated.ethereum_tests.ethereum-tests.GeneralStateTests.stReturnDataTest.call_then_call_value_fail_then_returndatasize.test.GeneralStateTests_stReturnDataTest_call_then_call_value_fail_then_returndatasize_json_call_then_call_value_fail_then_returndatasize_fork_Cancun_Prague_d0g0v0
generated.ethereum_tests.ethereum-tests.GeneralStateTests.stReturnDataTest.call_then_create_successful_then_returndatasize.test.GeneralStateTests_stReturnDataTest_call_then_create_successful_then_returndatasize_json_call_then_create_successful_then_returndatasize_fork_Cancun_Prague_d0g0v0
generated.ethereum_tests.ethereum-tests.GeneralStateTests.stReturnDataTest.clearReturnBuffer.test.GeneralStateTests_stReturnDataTest_clearReturnBuffer_json_clearReturnBuffer_fork_Cancun_Prague_d_0_167_g0v0
generated.ethereum_tests.ethereum-tests.GeneralStateTests.stReturnDataTest.create_callprecompile_returndatasize.test.GeneralStateTests_stReturnDataTest_create_callprecompile_returndatasize_json_create_callprecompile_returndatasize_fork_Cancun_Prague_d0g0v0
generated.ethereum_tests.ethereum-tests.GeneralStateTests.stReturnDataTest.modexp_modsize0_returndatasize.test.GeneralStateTests_stReturnDataTest_modexp_modsize0_returndatasize_json_modexp_modsize0_returndatasize_fork_Cancun_Prague_d_0_4_g0v0
generated.ethereum_tests.ethereum-tests.GeneralStateTests.stReturnDataTest.returndatacopy_0_0_following_successful_create.test.GeneralStateTests_stReturnDataTest_returndatacopy_0_0_following_successful_create_json_returndatacopy_0_0_following_successful_create_fork_Cancun_Prague_d0g0v0
generated.ethereum_tests.ethereum-tests.GeneralStateTests.stReturnDataTest.returndatacopy_afterFailing_create.test.GeneralStateTests_stReturnDataTest_returndatacopy_afterFailing_create_json_returndatacopy_afterFailing_create_fork_Cancun_Prague_d0g0v0
generated.ethereum_tests.ethereum-tests.GeneralStateTests.stReturnDataTest.returndatacopy_after_failing_callcode.test.GeneralStateTests_stReturnDataTest_returndatacopy_after_failing_callcode_json_returndatacopy_after_failing_callcode_fork_Cancun_Prague_d0g0v0
generated.ethereum_tests.ethereum-tests.GeneralStateTests.stReturnDataTest.returndatacopy_after_failing_delegatecall.test.GeneralStateTests_stReturnDataTest_returndatacopy_after_failing_delegatecall_json_returndatacopy_after_failing_delegatecall_fork_Cancun_Prague_d0g0v0
generated.ethereum_tests.ethereum-tests.GeneralStateTests.stReturnDataTest.returndatacopy_after_failing_staticcall.test.GeneralStateTests_stReturnDataTest_returndatacopy_after_failing_staticcall_json_returndatacopy_after_failing_staticcall_fork_Cancun_Prague_d0g0v0
generated.ethereum_tests.ethereum-tests.GeneralStateTests.stReturnDataTest.returndatacopy_after_revert_in_staticcall.test.GeneralStateTests_stReturnDataTest_returndatacopy_after_revert_in_staticcall_json_returndatacopy_after_revert_in_staticcall_fork_Cancun_Prague_d0g0v0
generated.ethereum_tests.ethereum-tests.GeneralStateTests.stReturnDataTest.returndatacopy_after_successful_callcode.test.GeneralStateTests_stReturnDataTest_returndatacopy_after_successful_callcode_json_returndatacopy_after_successful_callcode_fork_Cancun_Prague_d0g0v0
generated.ethereum_tests.ethereum-tests.GeneralStateTests.stReturnDataTest.returndatacopy_after_successful_delegatecall.test.GeneralStateTests_stReturnDataTest_returndatacopy_after_successful_delegatecall_json_returndatacopy_after_successful_delegatecall_fork_Cancun_Prague_d0g0v0
generated.ethereum_tests.ethereum-tests.GeneralStateTests.stReturnDataTest.returndatacopy_after_successful_staticcall.test.GeneralStateTests_stReturnDataTest_returndatacopy_after_successful_staticcall_json_returndatacopy_after_successful_staticcall_fork_Cancun_Prague_d0g0v0
generated.ethereum_tests.ethereum-tests.GeneralStateTests.stReturnDataTest.returndatacopy_following_call.test.GeneralStateTests_stReturnDataTest_returndatacopy_following_call_json_returndatacopy_following_call_fork_Cancun_Prague_d0g0v0
generated.ethereum_tests.ethereum-tests.GeneralStateTests.stReturnDataTest.returndatacopy_following_create.test.GeneralStateTests_stReturnDataTest_returndatacopy_following_create_json_returndatacopy_following_create_fork_Cancun_Prague_d0g0v0
generated.ethereum_tests.ethereum-tests.GeneralStateTests.stReturnDataTest.returndatacopy_following_failing_call.test.GeneralStateTests_stReturnDataTest_returndatacopy_following_failing_call_json_returndatacopy_following_failing_call_fork_Cancun_Prague_d0g0v0
generated.ethereum_tests.ethereum-tests.GeneralStateTests.stReturnDataTest.returndatacopy_following_revert.test.GeneralStateTests_stReturnDataTest_returndatacopy_following_revert_json_returndatacopy_following_revert_fork_Cancun_Prague_d0g0v0
generated.ethereum_tests.ethereum-tests.GeneralStateTests.stReturnDataTest.returndatacopy_following_revert_in_create.test.GeneralStateTests_stReturnDataTest_returndatacopy_following_revert_in_create_json_returndatacopy_following_revert_in_create_fork_Cancun_Prague_d0g0v0
generated.ethereum_tests.ethereum-tests.GeneralStateTests.stReturnDataTest.returndatacopy_following_successful_create.test.GeneralStateTests_stReturnDataTest_returndatacopy_following_successful_create_json_returndatacopy_following_successful_create_fork_Cancun_Prague_d0g0v0
generated.ethereum_tests.ethereum-tests.GeneralStateTests.stReturnDataTest.returndatacopy_following_too_big_transfer.test.GeneralStateTests_stReturnDataTest_returndatacopy_following_too_big_transfer_json_returndatacopy_following_too_big_transfer_fork_Cancun_Prague_d0g0v0
generated.ethereum_tests.ethereum-tests.GeneralStateTests.stReturnDataTest.returndatacopy_initial.test.GeneralStateTests_stReturnDataTest_returndatacopy_initial_json_returndatacopy_initial_fork_Cancun_Prague_d0g0v0
generated.ethereum_tests.ethereum-tests.GeneralStateTests.stReturnDataTest.returndatacopy_initial_256.test.GeneralStateTests_stReturnDataTest_returndatacopy_initial_256_json_returndatacopy_initial_256_fork_Cancun_Prague_d_0_2_g0v0
generated.ethereum_tests.ethereum-tests.GeneralStateTests.stReturnDataTest.returndatacopy_initial_big_sum.test.GeneralStateTests_stReturnDataTest_returndatacopy_initial_big_sum_json_returndatacopy_initial_big_sum_fork_Cancun_Prague_d0g0v0
generated.ethereum_tests.ethereum-tests.GeneralStateTests.stReturnDataTest.returndatacopy_overrun.test.GeneralStateTests_stReturnDataTest_returndatacopy_overrun_json_returndatacopy_overrun_fork_Cancun_Prague_d0g0v0
generated.ethereum_tests.ethereum-tests.GeneralStateTests.stReturnDataTest.returndatasize_after_failing_callcode.test.GeneralStateTests_stReturnDataTest_returndatasize_after_failing_callcode_json_returndatasize_after_failing_callcode_fork_Cancun_Prague_d0g0v0
generated.ethereum_tests.ethereum-tests.GeneralStateTests.stReturnDataTest.returndatasize_after_failing_delegatecall.test.GeneralStateTests_stReturnDataTest_returndatasize_after_failing_delegatecall_json_returndatasize_after_failing_delegatecall_fork_Cancun_Prague_d0g0v0
generated.ethereum_tests.ethereum-tests.GeneralStateTests.stReturnDataTest.returndatasize_after_failing_staticcall.test.GeneralStateTests_stReturnDataTest_returndatasize_after_failing_staticcall_json_returndatasize_after_failing_staticcall_fork_Cancun_Prague_d0g0v0
generated.ethereum_tests.ethereum-tests.GeneralStateTests.stReturnDataTest.returndatasize_after_oog_after_deeper.test.GeneralStateTests_stReturnDataTest_returndatasize_after_oog_after_deeper_json_returndatasize_after_oog_after_deeper_fork_Cancun_Prague_d0g0v0
generated.ethereum_tests.ethereum-tests.GeneralStateTests.stReturnDataTest.returndatasize_after_successful_callcode.test.GeneralStateTests_stReturnDataTest_returndatasize_after_successful_callcode_json_returndatasize_after_successful_callcode_fork_Cancun_Prague_d0g0v0
generated.ethereum_tests.ethereum-tests.GeneralStateTests.stReturnDataTest.returndatasize_after_successful_delegatecall.test.GeneralStateTests_stReturnDataTest_returndatasize_after_successful_delegatecall_json_returndatasize_after_successful_delegatecall_fork_Cancun_Prague_d0g0v0
generated.ethereum_tests.ethereum-tests.GeneralStateTests.stReturnDataTest.returndatasize_after_successful_staticcall.test.GeneralStateTests_stReturnDataTest_returndatasize_after_successful_staticcall_json_returndatasize_after_successful_staticcall_fork_Cancun_Prague_d0g0v0
generated.ethereum_tests.ethereum-tests.GeneralStateTests.stReturnDataTest.returndatasize_bug.test.GeneralStateTests_stReturnDataTest_returndatasize_bug_json_returndatasize_bug_fork_Cancun_Prague_d0g0v0
generated.ethereum_tests.ethereum-tests.GeneralStateTests.stReturnDataTest.returndatasize_following_successful_create.test.GeneralStateTests_stReturnDataTest_returndatasize_following_successful_create_json_returndatasize_following_successful_create_fork_Cancun_Prague_d0g0v0
generated.ethereum_tests.ethereum-tests.GeneralStateTests.stReturnDataTest.returndatasize_initial.test.GeneralStateTests_stReturnDataTest_returndatasize_initial_json_returndatasize_initial_fork_Cancun_Prague_d0g0v0
generated.ethereum_tests.ethereum-tests.GeneralStateTests.stReturnDataTest.returndatasize_initial_zero_read.test.GeneralStateTests_stReturnDataTest_returndatasize_initial_zero_read_json_returndatasize_initial_zero_read_fork_Cancun_Prague_d_0_1_g0v0
generated.ethereum_tests.ethereum-tests.GeneralStateTests.stReturnDataTest.revertRetDataSize.test.GeneralStateTests_stReturnDataTest_revertRetDataSize_json_revertRetDataSize_fork_Cancun_Prague_d_0_35_g0v0
generated.ethereum_tests.ethereum-tests.GeneralStateTests.stReturnDataTest.subcallReturnMoreThenExpected.test.GeneralStateTests_stReturnDataTest_subcallReturnMoreThenExpected_json_subcallReturnMoreThenExpected_fork_Cancun_Prague_d0g0v0
generated.ethereum_tests.ethereum-tests.GeneralStateTests.stReturnDataTest.tooLongReturnDataCopy.test.GeneralStateTests_stReturnDataTest_tooLongReturnDataCopy_json_tooLongReturnDataCopy_fork_Cancun_Prague_d_0_23_g0v0
generated.ethereum_tests.ethereum-tests.GeneralStateTests.stRevertTest.LoopCallsDepthThenRevert.test.GeneralStateTests_stRevertTest_LoopCallsDepthThenRevert_json_LoopCallsDepthThenRevert_fork_Cancun_Prague_d0g0v0
generated.ethereum_tests.ethereum-tests.GeneralStateTests.stRevertTest.LoopCallsDepthThenRevert2.test.GeneralStateTests_stRevertTest_LoopCallsDepthThenRevert2_json_LoopCallsDepthThenRevert2_fork_Cancun_Prague_d0g0v0
generated.ethereum_tests.ethereum-tests.GeneralStateTests.stRevertTest.LoopCallsDepthThenRevert3.test.GeneralStateTests_stRevertTest_LoopCallsDepthThenRevert3_json_LoopCallsDepthThenRevert3_fork_Cancun_Prague_d0g0v0
generated.ethereum_tests.ethereum-tests.GeneralStateTests.stRevertTest.LoopCallsThenRevert.test.GeneralStateTests_stRevertTest_LoopCallsThenRevert_json_LoopCallsThenRevert_fork_Cancun_Prague_d0g0v0
generated.ethereum_tests.ethereum-tests.GeneralStateTests.stRevertTest.LoopDelegateCallsDepthThenRevert.test.GeneralStateTests_stRevertTest_LoopDelegateCallsDepthThenRevert_json_LoopDelegateCallsDepthThenRevert_fork_Cancun_Prague_d0g0v0
generated.ethereum_tests.ethereum-tests.GeneralStateTests.stRevertTest.NashatyrevSuicideRevert.test.GeneralStateTests_stRevertTest_NashatyrevSuicideRevert_json_NashatyrevSuicideRevert_fork_Cancun_Prague_d0g0v0
generated.ethereum_tests.ethereum-tests.GeneralStateTests.stRevertTest.PythonRevertTestTue201814-1430.test.GeneralStateTests_stRevertTest_PythonRevertTestTue201814_1430_json_PythonRevertTestTue201814_1430_fork_Cancun_Prague_d0g0v0
generated.ethereum_tests.ethereum-tests.GeneralStateTests.stRevertTest.RevertDepth2.test.GeneralStateTests_stRevertTest_RevertDepth2_json_RevertDepth2_fork_Cancun_Prague_d0g_0_1_v0
generated.ethereum_tests.ethereum-tests.GeneralStateTests.stRevertTest.RevertDepthCreateAddressCollision.test.GeneralStateTests_stRevertTest_RevertDepthCreateAddressCollision_json_RevertDepthCreateAddressCollision_fork_Cancun_Prague_d_0_1_g_0_1_v_0_1_
generated.ethereum_tests.ethereum-tests.GeneralStateTests.stRevertTest.RevertDepthCreateOOG.test.GeneralStateTests_stRevertTest_RevertDepthCreateOOG_json_RevertDepthCreateOOG_fork_Cancun_Prague_d_0_1_g_0_1_v_0_1_
generated.ethereum_tests.ethereum-tests.GeneralStateTests.stRevertTest.RevertInCallCode.test.GeneralStateTests_stRevertTest_RevertInCallCode_json_RevertInCallCode_fork_Cancun_Prague_d0g0v0
generated.ethereum_tests.ethereum-tests.GeneralStateTests.stRevertTest.RevertInCreateInInit_Paris.test.GeneralStateTests_stRevertTest_RevertInCreateInInit_Paris_json_RevertInCreateInInit_Paris_fork_Cancun_Prague_d0g0v0
generated.ethereum_tests.ethereum-tests.GeneralStateTests.stRevertTest.RevertInDelegateCall.test.GeneralStateTests_stRevertTest_RevertInDelegateCall_json_RevertInDelegateCall_fork_Cancun_Prague_d0g0v0
generated.ethereum_tests.ethereum-tests.GeneralStateTests.stRevertTest.RevertInStaticCall.test.GeneralStateTests_stRevertTest_RevertInStaticCall_json_RevertInStaticCall_fork_Cancun_Prague_d0g0v0
generated.ethereum_tests.ethereum-tests.GeneralStateTests.stRevertTest.RevertOnEmptyStack.test.GeneralStateTests_stRevertTest_RevertOnEmptyStack_json_RevertOnEmptyStack_fork_Cancun_Prague_d0g0v0
generated.ethereum_tests.ethereum-tests.GeneralStateTests.stRevertTest.RevertOpcode.test.GeneralStateTests_stRevertTest_RevertOpcode_json_RevertOpcode_fork_Cancun_Prague_d0g_0_1_v_0_1_
generated.ethereum_tests.ethereum-tests.GeneralStateTests.stRevertTest.RevertOpcodeCalls.test.GeneralStateTests_stRevertTest_RevertOpcodeCalls_json_RevertOpcodeCalls_fork_Cancun_Prague_d_0_3_g_0_1_v0
generated.ethereum_tests.ethereum-tests.GeneralStateTests.stRevertTest.RevertOpcodeCreate.test.GeneralStateTests_stRevertTest_RevertOpcodeCreate_json_RevertOpcodeCreate_fork_Cancun_Prague_d0g_0_1_v0
generated.ethereum_tests.ethereum-tests.GeneralStateTests.stRevertTest.RevertOpcodeDirectCall.test.GeneralStateTests_stRevertTest_RevertOpcodeDirectCall_json_RevertOpcodeDirectCall_fork_Cancun_Prague_d0g_0_1_v0
generated.ethereum_tests.ethereum-tests.GeneralStateTests.stRevertTest.RevertOpcodeInCallsOnNonEmptyReturnData.test.GeneralStateTests_stRevertTest_RevertOpcodeInCallsOnNonEmptyReturnData_json_RevertOpcodeInCallsOnNonEmptyReturnData_fork_Cancun_Prague_d_0_3_g_0_1_v0
generated.ethereum_tests.ethereum-tests.GeneralStateTests.stRevertTest.RevertOpcodeInCreateReturns.test.GeneralStateTests_stRevertTest_RevertOpcodeInCreateReturns_json_RevertOpcodeInCreateReturns_fork_Cancun_Prague_d0g0v0
generated.ethereum_tests.ethereum-tests.GeneralStateTests.stRevertTest.RevertOpcodeInInit.test.GeneralStateTests_stRevertTest_RevertOpcodeInInit_json_RevertOpcodeInInit_fork_Cancun_Prague_d0g0v_0_1_
generated.ethereum_tests.ethereum-tests.GeneralStateTests.stRevertTest.RevertOpcodeMultipleSubCalls.test.GeneralStateTests_stRevertTest_RevertOpcodeMultipleSubCalls_json_RevertOpcodeMultipleSubCalls_fork_Cancun_Prague_d_0_3_g_0_3_v_0_1_
generated.ethereum_tests.ethereum-tests.GeneralStateTests.stRevertTest.RevertOpcodeReturn.test.GeneralStateTests_stRevertTest_RevertOpcodeReturn_json_RevertOpcodeReturn_fork_Cancun_Prague_d_0_5_g_0_1_v0
generated.ethereum_tests.ethereum-tests.GeneralStateTests.stRevertTest.RevertOpcodeWithBigOutputInInit.test.GeneralStateTests_stRevertTest_RevertOpcodeWithBigOutputInInit_json_RevertOpcodeWithBigOutputInInit_fork_Cancun_Prague_d0g0v_0_1_
generated.ethereum_tests.ethereum-tests.GeneralStateTests.stRevertTest.RevertPrecompiledTouchExactOOG_Paris.test.GeneralStateTests_stRevertTest_RevertPrecompiledTouchExactOOG_Paris_json_RevertPrecompiledTouchExactOOG_Paris_fork_Cancun_Prague_d_0_31_g_0_2_v0
generated.ethereum_tests.ethereum-tests.GeneralStateTests.stRevertTest.RevertPrecompiledTouch_nonce.test.GeneralStateTests_stRevertTest_RevertPrecompiledTouch_nonce_json_RevertPrecompiledTouch_nonce_fork_Cancun_Prague_d_0_3_g0v0
generated.ethereum_tests.ethereum-tests.GeneralStateTests.stRevertTest.RevertPrecompiledTouch_noncestorage.test.GeneralStateTests_stRevertTest_RevertPrecompiledTouch_noncestorage_json_RevertPrecompiledTouch_noncestorage_fork_Cancun_Prague_d_0_3_g0v0
generated.ethereum_tests.ethereum-tests.GeneralStateTests.stRevertTest.RevertPrecompiledTouch_storage_Paris.test.GeneralStateTests_stRevertTest_RevertPrecompiledTouch_storage_Paris_json_RevertPrecompiledTouch_storage_Paris_fork_Cancun_Prague_d_0_3_g0v0
generated.ethereum_tests.ethereum-tests.GeneralStateTests.stRevertTest.RevertPrefound.test.GeneralStateTests_stRevertTest_RevertPrefound_json_RevertPrefound_fork_Cancun_Prague_d0g0v0
generated.ethereum_tests.ethereum-tests.GeneralStateTests.stRevertTest.RevertPrefoundCall.test.GeneralStateTests_stRevertTest_RevertPrefoundCall_json_RevertPrefoundCall_fork_Cancun_Prague_d0g0v0
generated.ethereum_tests.ethereum-tests.GeneralStateTests.stRevertTest.RevertPrefoundCallOOG.test.GeneralStateTests_stRevertTest_RevertPrefoundCallOOG_json_RevertPrefoundCallOOG_fork_Cancun_Prague_d0g0v0
generated.ethereum_tests.ethereum-tests.GeneralStateTests.stRevertTest.RevertPrefoundEmptyCallOOG_Paris.test.GeneralStateTests_stRevertTest_RevertPrefoundEmptyCallOOG_Paris_json_RevertPrefoundEmptyCallOOG_Paris_fork_Cancun_Prague_d0g0v0
generated.ethereum_tests.ethereum-tests.GeneralStateTests.stRevertTest.RevertPrefoundEmptyCall_Paris.test.GeneralStateTests_stRevertTest_RevertPrefoundEmptyCall_Paris_json_RevertPrefoundEmptyCall_Paris_fork_Cancun_Prague_d0g0v0
generated.ethereum_tests.ethereum-tests.GeneralStateTests.stRevertTest.RevertPrefoundEmptyOOG_Paris.test.GeneralStateTests_stRevertTest_RevertPrefoundEmptyOOG_Paris_json_RevertPrefoundEmptyOOG_Paris_fork_Cancun_Prague_d0g0v0
generated.ethereum_tests.ethereum-tests.GeneralStateTests.stRevertTest.RevertPrefoundEmpty_Paris.test.GeneralStateTests_stRevertTest_RevertPrefoundEmpty_Paris_json_RevertPrefoundEmpty_Paris_fork_Cancun_Prague_d0g0v0
generated.ethereum_tests.ethereum-tests.GeneralStateTests.stRevertTest.RevertPrefoundOOG.test.GeneralStateTests_stRevertTest_RevertPrefoundOOG_json_RevertPrefoundOOG_fork_Cancun_Prague_d0g0v0
generated.ethereum_tests.ethereum-tests.GeneralStateTests.stRevertTest.RevertRemoteSubCallStorageOOG.test.GeneralStateTests_stRevertTest_RevertRemoteSubCallStorageOOG_json_RevertRemoteSubCallStorageOOG_fork_Cancun_Prague_d_0_1_g0v0
generated.ethereum_tests.ethereum-tests.GeneralStateTests.stRevertTest.RevertSubCallStorageOOG.test.GeneralStateTests_stRevertTest_RevertSubCallStorageOOG_json_RevertSubCallStorageOOG_fork_Cancun_Prague_d0g_0_1_v_0_1_
generated.ethereum_tests.ethereum-tests.GeneralStateTests.stRevertTest.RevertSubCallStorageOOG2.test.GeneralStateTests_stRevertTest_RevertSubCallStorageOOG2_json_RevertSubCallStorageOOG2_fork_Cancun_Prague_d0g_0_1_v_0_1_
generated.ethereum_tests.ethereum-tests.GeneralStateTests.stRevertTest.TouchToEmptyAccountRevert2_Paris.test.GeneralStateTests_stRevertTest_TouchToEmptyAccountRevert2_Paris_json_TouchToEmptyAccountRevert2_Paris_fork_Cancun_Prague_d0g0v0
generated.ethereum_tests.ethereum-tests.GeneralStateTests.stRevertTest.TouchToEmptyAccountRevert3_Paris.test.GeneralStateTests_stRevertTest_TouchToEmptyAccountRevert3_Paris_json_TouchToEmptyAccountRevert3_Paris_fork_Cancun_Prague_d0g0v0
generated.ethereum_tests.ethereum-tests.GeneralStateTests.stRevertTest.TouchToEmptyAccountRevert_Paris.test.GeneralStateTests_stRevertTest_TouchToEmptyAccountRevert_Paris_json_TouchToEmptyAccountRevert_Paris_fork_Cancun_Prague_d0g0v0
generated.ethereum_tests.ethereum-tests.GeneralStateTests.stRevertTest.costRevert.test.GeneralStateTests_stRevertTest_costRevert_json_costRevert_fork_Cancun_Prague_d_0_27_g0v0
generated.ethereum_tests.ethereum-tests.GeneralStateTests.stRevertTest.stateRevert.test.GeneralStateTests_stRevertTest_stateRevert_json_stateRevert_fork_Cancun_Prague_d_0_6_g0v0
generated.ethereum_tests.ethereum-tests.GeneralStateTests.stSLoadTest.sloadGasCost.test.GeneralStateTests_stSLoadTest_sloadGasCost_json_sloadGasCost_fork_Cancun_Prague_d0g0v0
generated.ethereum_tests.ethereum-tests.GeneralStateTests.stSStoreTest.InitCollisionNonZeroNonce.test.GeneralStateTests_stSStoreTest_InitCollisionNonZeroNonce_json_InitCollisionNonZeroNonce_fork_Cancun_Prague_d_0_3_g0v0
generated.ethereum_tests.ethereum-tests.GeneralStateTests.stSStoreTest.InitCollisionParis.test.GeneralStateTests_stSStoreTest_InitCollisionParis_json_InitCollisionParis_fork_Cancun_Prague_d_0_3_g0v0
generated.ethereum_tests.ethereum-tests.GeneralStateTests.stSStoreTest.SstoreCallToSelfSubRefundBelowZero.test.GeneralStateTests_stSStoreTest_SstoreCallToSelfSubRefundBelowZero_json_SstoreCallToSelfSubRefundBelowZero_fork_Cancun_Prague_d0g0v0
generated.ethereum_tests.ethereum-tests.GeneralStateTests.stSStoreTest.sstoreGas.test.GeneralStateTests_stSStoreTest_sstoreGas_json_sstoreGas_fork_Cancun_Prague_d0g0v0
generated.ethereum_tests.ethereum-tests.GeneralStateTests.stSStoreTest.sstore_0to0.test.GeneralStateTests_stSStoreTest_sstore_0to0_json_sstore_0to0_fork_Cancun_Prague_d_0_9_g_0_1_v0
generated.ethereum_tests.ethereum-tests.GeneralStateTests.stSStoreTest.sstore_0to0to0.test.GeneralStateTests_stSStoreTest_sstore_0to0to0_json_sstore_0to0to0_fork_Cancun_Prague_d_0_9_g_0_1_v0
generated.ethereum_tests.ethereum-tests.GeneralStateTests.stSStoreTest.sstore_0to0toX.test.GeneralStateTests_stSStoreTest_sstore_0to0toX_json_sstore_0to0toX_fork_Cancun_Prague_d_0_9_g_0_1_v0
generated.ethereum_tests.ethereum-tests.GeneralStateTests.stSStoreTest.sstore_0toX.test.GeneralStateTests_stSStoreTest_sstore_0toX_json_sstore_0toX_fork_Cancun_Prague_d_0_9_g_0_1_v0
generated.ethereum_tests.ethereum-tests.GeneralStateTests.stSStoreTest.sstore_0toXto0.test.GeneralStateTests_stSStoreTest_sstore_0toXto0_json_sstore_0toXto0_fork_Cancun_Prague_d_0_9_g_0_1_v0
generated.ethereum_tests.ethereum-tests.GeneralStateTests.stSStoreTest.sstore_0toXto0toX.test.GeneralStateTests_stSStoreTest_sstore_0toXto0toX_json_sstore_0toXto0toX_fork_Cancun_Prague_d_0_9_g_0_1_v0
generated.ethereum_tests.ethereum-tests.GeneralStateTests.stSStoreTest.sstore_0toXtoX.test.GeneralStateTests_stSStoreTest_sstore_0toXtoX_json_sstore_0toXtoX_fork_Cancun_Prague_d_0_9_g_0_1_v0
generated.ethereum_tests.ethereum-tests.GeneralStateTests.stSStoreTest.sstore_0toXtoY.test.GeneralStateTests_stSStoreTest_sstore_0toXtoY_json_sstore_0toXtoY_fork_Cancun_Prague_d_0_9_g_0_1_v0
generated.ethereum_tests.ethereum-tests.GeneralStateTests.stSStoreTest.sstore_Xto0.test.GeneralStateTests_stSStoreTest_sstore_Xto0_json_sstore_Xto0_fork_Cancun_Prague_d_0_9_g_0_1_v0
generated.ethereum_tests.ethereum-tests.GeneralStateTests.stSStoreTest.sstore_Xto0to0.test.GeneralStateTests_stSStoreTest_sstore_Xto0to0_json_sstore_Xto0to0_fork_Cancun_Prague_d_0_9_g_0_1_v0
generated.ethereum_tests.ethereum-tests.GeneralStateTests.stSStoreTest.sstore_Xto0toX.test.GeneralStateTests_stSStoreTest_sstore_Xto0toX_json_sstore_Xto0toX_fork_Cancun_Prague_d_0_9_g_0_1_v0
generated.ethereum_tests.ethereum-tests.GeneralStateTests.stSStoreTest.sstore_Xto0toXto0.test.GeneralStateTests_stSStoreTest_sstore_Xto0toXto0_json_sstore_Xto0toXto0_fork_Cancun_Prague_d_0_9_g_0_1_v0
generated.ethereum_tests.ethereum-tests.GeneralStateTests.stSStoreTest.sstore_Xto0toY.test.GeneralStateTests_stSStoreTest_sstore_Xto0toY_json_sstore_Xto0toY_fork_Cancun_Prague_d_0_9_g_0_1_v0
generated.ethereum_tests.ethereum-tests.GeneralStateTests.stSStoreTest.sstore_XtoX.test.GeneralStateTests_stSStoreTest_sstore_XtoX_json_sstore_XtoX_fork_Cancun_Prague_d_0_9_g_0_1_v0
generated.ethereum_tests.ethereum-tests.GeneralStateTests.stSStoreTest.sstore_XtoXto0.test.GeneralStateTests_stSStoreTest_sstore_XtoXto0_json_sstore_XtoXto0_fork_Cancun_Prague_d_0_9_g_0_1_v0
generated.ethereum_tests.ethereum-tests.GeneralStateTests.stSStoreTest.sstore_XtoXtoX.test.GeneralStateTests_stSStoreTest_sstore_XtoXtoX_json_sstore_XtoXtoX_fork_Cancun_Prague_d_0_9_g_0_1_v0
generated.ethereum_tests.ethereum-tests.GeneralStateTests.stSStoreTest.sstore_XtoXtoY.test.GeneralStateTests_stSStoreTest_sstore_XtoXtoY_json_sstore_XtoXtoY_fork_Cancun_Prague_d_0_9_g_0_1_v0
generated.ethereum_tests.ethereum-tests.GeneralStateTests.stSStoreTest.sstore_XtoY.test.GeneralStateTests_stSStoreTest_sstore_XtoY_json_sstore_XtoY_fork_Cancun_Prague_d_0_9_g_0_1_v0
generated.ethereum_tests.ethereum-tests.GeneralStateTests.stSStoreTest.sstore_XtoYto0.test.GeneralStateTests_stSStoreTest_sstore_XtoYto0_json_sstore_XtoYto0_fork_Cancun_Prague_d_0_9_g_0_1_v0
generated.ethereum_tests.ethereum-tests.GeneralStateTests.stSStoreTest.sstore_XtoYtoX.test.GeneralStateTests_stSStoreTest_sstore_XtoYtoX_json_sstore_XtoYtoX_fork_Cancun_Prague_d_0_9_g_0_1_v0
generated.ethereum_tests.ethereum-tests.GeneralStateTests.stSStoreTest.sstore_XtoYtoY.test.GeneralStateTests_stSStoreTest_sstore_XtoYtoY_json_sstore_XtoYtoY_fork_Cancun_Prague_d_0_9_g_0_1_v0
generated.ethereum_tests.ethereum-tests.GeneralStateTests.stSStoreTest.sstore_XtoYtoZ.test.GeneralStateTests_stSStoreTest_sstore_XtoYtoZ_json_sstore_XtoYtoZ_fork_Cancun_Prague_d_0_9_g_0_1_v0
generated.ethereum_tests.ethereum-tests.GeneralStateTests.stSStoreTest.sstore_changeFromExternalCallInInitCode.test.GeneralStateTests_stSStoreTest_sstore_changeFromExternalCallInInitCode_json_sstore_changeFromExternalCallInInitCode_fork_Cancun_Prague_d_0_15_g0v0
generated.ethereum_tests.ethereum-tests.GeneralStateTests.stSStoreTest.sstore_gasLeft.test.GeneralStateTests_stSStoreTest_sstore_gasLeft_json_sstore_gasLeft_fork_Cancun_Prague_d_0_8_g0v0
generated.ethereum_tests.ethereum-tests.GeneralStateTests.stSelfBalance.diffPlaces.test.GeneralStateTests_stSelfBalance_diffPlaces_json_diffPlaces_fork_Cancun_Prague_d_0_34_g0v0
generated.ethereum_tests.ethereum-tests.GeneralStateTests.stSelfBalance.selfBalance.test.GeneralStateTests_stSelfBalance_selfBalance_json_selfBalance_fork_Cancun_Prague_d0g0v0
generated.ethereum_tests.ethereum-tests.GeneralStateTests.stSelfBalance.selfBalanceCallTypes.test.GeneralStateTests_stSelfBalance_selfBalanceCallTypes_json_selfBalanceCallTypes_fork_Cancun_Prague_d_0_2_g0v0
generated.ethereum_tests.ethereum-tests.GeneralStateTests.stSelfBalance.selfBalanceEqualsBalance.test.GeneralStateTests_stSelfBalance_selfBalanceEqualsBalance_json_selfBalanceEqualsBalance_fork_Cancun_Prague_d0g0v0
generated.ethereum_tests.ethereum-tests.GeneralStateTests.stSelfBalance.selfBalanceGasCost.test.GeneralStateTests_stSelfBalance_selfBalanceGasCost_json_selfBalanceGasCost_fork_Cancun_Prague_d0g0v0
generated.ethereum_tests.ethereum-tests.GeneralStateTests.stSelfBalance.selfBalanceUpdate.test.GeneralStateTests_stSelfBalance_selfBalanceUpdate_json_selfBalanceUpdate_fork_Cancun_Prague_d0g0v0
generated.ethereum_tests.ethereum-tests.GeneralStateTests.stShift.sar00.test.GeneralStateTests_stShift_sar00_json_sar00_fork_Cancun_Prague_d0g0v0
generated.ethereum_tests.ethereum-tests.GeneralStateTests.stShift.sar01.test.GeneralStateTests_stShift_sar01_json_sar01_fork_Cancun_Prague_d0g0v0
generated.ethereum_tests.ethereum-tests.GeneralStateTests.stShift.sar10.test.GeneralStateTests_stShift_sar10_json_sar10_fork_Cancun_Prague_d0g0v0
generated.ethereum_tests.ethereum-tests.GeneralStateTests.stShift.sar11.test.GeneralStateTests_stShift_sar11_json_sar11_fork_Cancun_Prague_d0g0v0
generated.ethereum_tests.ethereum-tests.GeneralStateTests.stShift.sar_0_256-1.test.GeneralStateTests_stShift_sar_0_256_1_json_sar_0_256_1_fork_Cancun_Prague_d0g0v0
generated.ethereum_tests.ethereum-tests.GeneralStateTests.stShift.sar_2^254_254.test.GeneralStateTests_stShift_sar_2_254_254_json_sar_2_254_254_fork_Cancun_Prague_d0g0v0
generated.ethereum_tests.ethereum-tests.GeneralStateTests.stShift.sar_2^255-1_248.test.GeneralStateTests_stShift_sar_2_255_1_248_json_sar_2_255_1_248_fork_Cancun_Prague_d0g0v0
generated.ethereum_tests.ethereum-tests.GeneralStateTests.stShift.sar_2^255-1_254.test.GeneralStateTests_stShift_sar_2_255_1_254_json_sar_2_255_1_254_fork_Cancun_Prague_d0g0v0
generated.ethereum_tests.ethereum-tests.GeneralStateTests.stShift.sar_2^255-1_255.test.GeneralStateTests_stShift_sar_2_255_1_255_json_sar_2_255_1_255_fork_Cancun_Prague_d0g0v0
generated.ethereum_tests.ethereum-tests.GeneralStateTests.stShift.sar_2^255-1_256.test.GeneralStateTests_stShift_sar_2_255_1_256_json_sar_2_255_1_256_fork_Cancun_Prague_d0g0v0
generated.ethereum_tests.ethereum-tests.GeneralStateTests.stShift.sar_2^255_1.test.GeneralStateTests_stShift_sar_2_255_1_json_sar_2_255_1_fork_Cancun_Prague_d0g0v0
generated.ethereum_tests.ethereum-tests.GeneralStateTests.stShift.sar_2^255_255.test.GeneralStateTests_stShift_sar_2_255_255_json_sar_2_255_255_fork_Cancun_Prague_d0g0v0
generated.ethereum_tests.ethereum-tests.GeneralStateTests.stShift.sar_2^255_256.test.GeneralStateTests_stShift_sar_2_255_256_json_sar_2_255_256_fork_Cancun_Prague_d0g0v0
generated.ethereum_tests.ethereum-tests.GeneralStateTests.stShift.sar_2^255_257.test.GeneralStateTests_stShift_sar_2_255_257_json_sar_2_255_257_fork_Cancun_Prague_d0g0v0
generated.ethereum_tests.ethereum-tests.GeneralStateTests.stShift.sar_2^256-1_0.test.GeneralStateTests_stShift_sar_2_256_1_0_json_sar_2_256_1_0_fork_Cancun_Prague_d0g0v0
generated.ethereum_tests.ethereum-tests.GeneralStateTests.stShift.sar_2^256-1_1.test.GeneralStateTests_stShift_sar_2_256_1_1_json_sar_2_256_1_1_fork_Cancun_Prague_d0g0v0
generated.ethereum_tests.ethereum-tests.GeneralStateTests.stShift.sar_2^256-1_255.test.GeneralStateTests_stShift_sar_2_256_1_255_json_sar_2_256_1_255_fork_Cancun_Prague_d0g0v0
generated.ethereum_tests.ethereum-tests.GeneralStateTests.stShift.sar_2^256-1_256.test.GeneralStateTests_stShift_sar_2_256_1_256_json_sar_2_256_1_256_fork_Cancun_Prague_d0g0v0
generated.ethereum_tests.ethereum-tests.GeneralStateTests.stShift.shiftCombinations.test.GeneralStateTests_stShift_shiftCombinations_json_shiftCombinations_fork_Cancun_Prague_d0g0v0
generated.ethereum_tests.ethereum-tests.GeneralStateTests.stShift.shiftSignedCombinations.test.GeneralStateTests_stShift_shiftSignedCombinations_json_shiftSignedCombinations_fork_Cancun_Prague_d0g0v0
generated.ethereum_tests.ethereum-tests.GeneralStateTests.stShift.shl01-0100.test.GeneralStateTests_stShift_shl01_0100_json_shl01_0100_fork_Cancun_Prague_d0g0v0
generated.ethereum_tests.ethereum-tests.GeneralStateTests.stShift.shl01-0101.test.GeneralStateTests_stShift_shl01_0101_json_shl01_0101_fork_Cancun_Prague_d0g0v0
generated.ethereum_tests.ethereum-tests.GeneralStateTests.stShift.shl01-ff.test.GeneralStateTests_stShift_shl01_ff_json_shl01_ff_fork_Cancun_Prague_d0g0v0
generated.ethereum_tests.ethereum-tests.GeneralStateTests.stShift.shl01.test.GeneralStateTests_stShift_shl01_json_shl01_fork_Cancun_Prague_d0g0v0
generated.ethereum_tests.ethereum-tests.GeneralStateTests.stShift.shl10.test.GeneralStateTests_stShift_shl10_json_shl10_fork_Cancun_Prague_d0g0v0
generated.ethereum_tests.ethereum-tests.GeneralStateTests.stShift.shl11.test.GeneralStateTests_stShift_shl11_json_shl11_fork_Cancun_Prague_d0g0v0
generated.ethereum_tests.ethereum-tests.GeneralStateTests.stShift.shl_-1_0.test.GeneralStateTests_stShift_shl_1_0_json_shl_1_0_fork_Cancun_Prague_d0g0v0
generated.ethereum_tests.ethereum-tests.GeneralStateTests.stShift.shl_-1_1.test.GeneralStateTests_stShift_shl_1_1_json_shl_1_1_fork_Cancun_Prague_d0g0v0
generated.ethereum_tests.ethereum-tests.GeneralStateTests.stShift.shl_-1_255.test.GeneralStateTests_stShift_shl_1_255_json_shl_1_255_fork_Cancun_Prague_d0g0v0
generated.ethereum_tests.ethereum-tests.GeneralStateTests.stShift.shl_-1_256.test.GeneralStateTests_stShift_shl_1_256_json_shl_1_256_fork_Cancun_Prague_d0g0v0
generated.ethereum_tests.ethereum-tests.GeneralStateTests.stShift.shl_2^255-1_1.test.GeneralStateTests_stShift_shl_2_255_1_1_json_shl_2_255_1_1_fork_Cancun_Prague_d0g0v0
generated.ethereum_tests.ethereum-tests.GeneralStateTests.stShift.shr01.test.GeneralStateTests_stShift_shr01_json_shr01_fork_Cancun_Prague_d0g0v0
generated.ethereum_tests.ethereum-tests.GeneralStateTests.stShift.shr10.test.GeneralStateTests_stShift_shr10_json_shr10_fork_Cancun_Prague_d0g0v0
generated.ethereum_tests.ethereum-tests.GeneralStateTests.stShift.shr11.test.GeneralStateTests_stShift_shr11_json_shr11_fork_Cancun_Prague_d0g0v0
generated.ethereum_tests.ethereum-tests.GeneralStateTests.stShift.shr_-1_0.test.GeneralStateTests_stShift_shr_1_0_json_shr_1_0_fork_Cancun_Prague_d0g0v0
generated.ethereum_tests.ethereum-tests.GeneralStateTests.stShift.shr_-1_1.test.GeneralStateTests_stShift_shr_1_1_json_shr_1_1_fork_Cancun_Prague_d0g0v0
generated.ethereum_tests.ethereum-tests.GeneralStateTests.stShift.shr_-1_255.test.GeneralStateTests_stShift_shr_1_255_json_shr_1_255_fork_Cancun_Prague_d0g0v0
generated.ethereum_tests.ethereum-tests.GeneralStateTests.stShift.shr_-1_256.test.GeneralStateTests_stShift_shr_1_256_json_shr_1_256_fork_Cancun_Prague_d0g0v0
generated.ethereum_tests.ethereum-tests.GeneralStateTests.stShift.shr_2^255_1.test.GeneralStateTests_stShift_shr_2_255_1_json_shr_2_255_1_fork_Cancun_Prague_d0g0v0
generated.ethereum_tests.ethereum-tests.GeneralStateTests.stShift.shr_2^255_255.test.GeneralStateTests_stShift_shr_2_255_255_json_shr_2_255_255_fork_Cancun_Prague_d0g0v0
generated.ethereum_tests.ethereum-tests.GeneralStateTests.stShift.shr_2^255_256.test.GeneralStateTests_stShift_shr_2_255_256_json_shr_2_255_256_fork_Cancun_Prague_d0g0v0
generated.ethereum_tests.ethereum-tests.GeneralStateTests.stShift.shr_2^255_257.test.GeneralStateTests_stShift_shr_2_255_257_json_shr_2_255_257_fork_Cancun_Prague_d0g0v0
generated.ethereum_tests.ethereum-tests.GeneralStateTests.stSolidityTest.AmbiguousMethod.test.GeneralStateTests_stSolidityTest_AmbiguousMethod_json_AmbiguousMethod_fork_Cancun_Prague_d0g0v0
generated.ethereum_tests.ethereum-tests.GeneralStateTests.stSolidityTest.ByZero.test.GeneralStateTests_stSolidityTest_ByZero_json_ByZero_fork_Cancun_Prague_d_0_3_g0v0
generated.ethereum_tests.ethereum-tests.GeneralStateTests.stSolidityTest.CallInfiniteLoop.test.GeneralStateTests_stSolidityTest_CallInfiniteLoop_json_CallInfiniteLoop_fork_Cancun_Prague_d0g0v0
generated.ethereum_tests.ethereum-tests.GeneralStateTests.stSolidityTest.CallLowLevelCreatesSolidity.test.GeneralStateTests_stSolidityTest_CallLowLevelCreatesSolidity_json_CallLowLevelCreatesSolidity_fork_Cancun_Prague_d0g0v0
generated.ethereum_tests.ethereum-tests.GeneralStateTests.stSolidityTest.CallRecursiveMethods.test.GeneralStateTests_stSolidityTest_CallRecursiveMethods_json_CallRecursiveMethods_fork_Cancun_Prague_d0g0v0
generated.ethereum_tests.ethereum-tests.GeneralStateTests.stSolidityTest.ContractInheritance.test.GeneralStateTests_stSolidityTest_ContractInheritance_json_ContractInheritance_fork_Cancun_Prague_d0g0v0
generated.ethereum_tests.ethereum-tests.GeneralStateTests.stSolidityTest.CreateContractFromMethod.test.GeneralStateTests_stSolidityTest_CreateContractFromMethod_json_CreateContractFromMethod_fork_Cancun_Prague_d0g0v0
generated.ethereum_tests.ethereum-tests.GeneralStateTests.stSolidityTest.RecursiveCreateContracts.test.GeneralStateTests_stSolidityTest_RecursiveCreateContracts_json_RecursiveCreateContracts_fork_Cancun_Prague_d0g0v0
generated.ethereum_tests.ethereum-tests.GeneralStateTests.stSolidityTest.RecursiveCreateContractsCreate4Contracts.test.GeneralStateTests_stSolidityTest_RecursiveCreateContractsCreate4Contracts_json_RecursiveCreateContractsCreate4Contracts_fork_Cancun_Prague_d0g0v0
generated.ethereum_tests.ethereum-tests.GeneralStateTests.stSolidityTest.SelfDestruct.test.GeneralStateTests_stSolidityTest_SelfDestruct_json_SelfDestruct_fork_Cancun_Prague_d_0_2_g0v0
generated.ethereum_tests.ethereum-tests.GeneralStateTests.stSolidityTest.TestBlockAndTransactionProperties.test.GeneralStateTests_stSolidityTest_TestBlockAndTransactionProperties_json_TestBlockAndTransactionProperties_fork_Cancun_Prague_d0g0v0
generated.ethereum_tests.ethereum-tests.GeneralStateTests.stSolidityTest.TestContractInteraction.test.GeneralStateTests_stSolidityTest_TestContractInteraction_json_TestContractInteraction_fork_Cancun_Prague_d0g0v0
generated.ethereum_tests.ethereum-tests.GeneralStateTests.stSolidityTest.TestContractSuicide.test.GeneralStateTests_stSolidityTest_TestContractSuicide_json_TestContractSuicide_fork_Cancun_Prague_d0g0v0
generated.ethereum_tests.ethereum-tests.GeneralStateTests.stSolidityTest.TestCryptographicFunctions.test.GeneralStateTests_stSolidityTest_TestCryptographicFunctions_json_TestCryptographicFunctions_fork_Cancun_Prague_d0g0v0
generated.ethereum_tests.ethereum-tests.GeneralStateTests.stSolidityTest.TestKeywords.test.GeneralStateTests_stSolidityTest_TestKeywords_json_TestKeywords_fork_Cancun_Prague_d0g0v0
generated.ethereum_tests.ethereum-tests.GeneralStateTests.stSolidityTest.TestOverflow.test.GeneralStateTests_stSolidityTest_TestOverflow_json_TestOverflow_fork_Cancun_Prague_d0g0v0
generated.ethereum_tests.ethereum-tests.GeneralStateTests.stSolidityTest.TestStoreGasPrices.test.GeneralStateTests_stSolidityTest_TestStoreGasPrices_json_TestStoreGasPrices_fork_Cancun_Prague_d0g0v0
generated.ethereum_tests.ethereum-tests.GeneralStateTests.stSolidityTest.TestStructuresAndVariabless.test.GeneralStateTests_stSolidityTest_TestStructuresAndVariabless_json_TestStructuresAndVariabless_fork_Cancun_Prague_d0g0v0
generated.ethereum_tests.ethereum-tests.GeneralStateTests.stSpecialTest.FailedCreateRevertsDeletionParis.test.GeneralStateTests_stSpecialTest_FailedCreateRevertsDeletionParis_json_FailedCreateRevertsDeletionParis_fork_Cancun_Prague_d0g0v0
generated.ethereum_tests.ethereum-tests.GeneralStateTests.stSpecialTest.JUMPDEST_Attack.test.GeneralStateTests_stSpecialTest_JUMPDEST_Attack_json_JUMPDEST_Attack_fork_Cancun_Prague_d0g0v0
generated.ethereum_tests.ethereum-tests.GeneralStateTests.stSpecialTest.JUMPDEST_AttackwithJump.test.GeneralStateTests_stSpecialTest_JUMPDEST_AttackwithJump_json_JUMPDEST_AttackwithJump_fork_Cancun_Prague_d0g0v0
generated.ethereum_tests.ethereum-tests.GeneralStateTests.stSpecialTest.OverflowGasMakeMoney.test.GeneralStateTests_stSpecialTest_OverflowGasMakeMoney_json_OverflowGasMakeMoney_fork_Cancun_Prague_d0g0v0
generated.ethereum_tests.ethereum-tests.GeneralStateTests.stSpecialTest.StackDepthLimitSEC.test.GeneralStateTests_stSpecialTest_StackDepthLimitSEC_json_StackDepthLimitSEC_fork_Cancun_Prague_d0g0v0
generated.ethereum_tests.ethereum-tests.GeneralStateTests.stSpecialTest.block504980.test.GeneralStateTests_stSpecialTest_block504980_json_block504980_fork_Cancun_Prague_d0g0v0
generated.ethereum_tests.ethereum-tests.GeneralStateTests.stSpecialTest.deploymentError.test.GeneralStateTests_stSpecialTest_deploymentError_json_deploymentError_fork_Cancun_Prague_d0g0v0
generated.ethereum_tests.ethereum-tests.GeneralStateTests.stSpecialTest.eoaEmptyParis.test.GeneralStateTests_stSpecialTest_eoaEmptyParis_json_eoaEmptyParis_fork_Cancun_Prague_d_0_1_g_0_1_v_0_1_
generated.ethereum_tests.ethereum-tests.GeneralStateTests.stSpecialTest.failed_tx_xcf416c53_Paris.test.GeneralStateTests_stSpecialTest_failed_tx_xcf416c53_Paris_json_failed_tx_xcf416c53_Paris_fork_Cancun_Prague_d0g0v0
generated.ethereum_tests.ethereum-tests.GeneralStateTests.stSpecialTest.gasPrice0.test.GeneralStateTests_stSpecialTest_gasPrice0_json_gasPrice0_fork_Cancun_Prague_d0g0v0
generated.ethereum_tests.ethereum-tests.GeneralStateTests.stSpecialTest.makeMoney.test.GeneralStateTests_stSpecialTest_makeMoney_json_makeMoney_fork_Cancun_Prague_d0g0v0
generated.ethereum_tests.ethereum-tests.GeneralStateTests.stSpecialTest.push32withoutByte.test.GeneralStateTests_stSpecialTest_push32withoutByte_json_push32withoutByte_fork_Cancun_Prague_d0g0v0
generated.ethereum_tests.ethereum-tests.GeneralStateTests.stSpecialTest.selfdestructEIP2929.test.GeneralStateTests_stSpecialTest_selfdestructEIP2929_json_selfdestructEIP2929_fork_Cancun_Prague_d0g0v0
generated.ethereum_tests.ethereum-tests.GeneralStateTests.stSpecialTest.sha3_deja.test.GeneralStateTests_stSpecialTest_sha3_deja_json_sha3_deja_fork_Cancun_Prague_d0g0v0
generated.ethereum_tests.ethereum-tests.GeneralStateTests.stSpecialTest.tx_e1c174e2.test.GeneralStateTests_stSpecialTest_tx_e1c174e2_json_tx_e1c174e2_fork_Cancun_Prague_d0g0v0
generated.ethereum_tests.ethereum-tests.GeneralStateTests.stStackTests.shallowStack.test.GeneralStateTests_stStackTests_shallowStack_json_shallowStack_fork_Cancun_Prague_d_0_80_g0v0
generated.ethereum_tests.ethereum-tests.GeneralStateTests.stStackTests.stackOverflow.test.GeneralStateTests_stStackTests_stackOverflow_json_stackOverflow_fork_Cancun_Prague_d_0_15_g0v0
generated.ethereum_tests.ethereum-tests.GeneralStateTests.stStackTests.stackOverflowDUP.test.GeneralStateTests_stStackTests_stackOverflowDUP_json_stackOverflowDUP_fork_Cancun_Prague_d_0_15_g0v0
generated.ethereum_tests.ethereum-tests.GeneralStateTests.stStackTests.stackOverflowM1.test.GeneralStateTests_stStackTests_stackOverflowM1_json_stackOverflowM1_fork_Cancun_Prague_d_0_15_g0v0
generated.ethereum_tests.ethereum-tests.GeneralStateTests.stStackTests.stackOverflowM1DUP.test.GeneralStateTests_stStackTests_stackOverflowM1DUP_json_stackOverflowM1DUP_fork_Cancun_Prague_d_0_15_g0v0
generated.ethereum_tests.ethereum-tests.GeneralStateTests.stStackTests.stackOverflowM1PUSH.test.GeneralStateTests_stStackTests_stackOverflowM1PUSH_json_stackOverflowM1PUSH_fork_Cancun_Prague_d_0_30_g0v0
generated.ethereum_tests.ethereum-tests.GeneralStateTests.stStackTests.stackOverflowPUSH.test.GeneralStateTests_stStackTests_stackOverflowPUSH_json_stackOverflowPUSH_fork_Cancun_Prague_d_0_30_g0v0
generated.ethereum_tests.ethereum-tests.GeneralStateTests.stStackTests.stackOverflowSWAP.test.GeneralStateTests_stStackTests_stackOverflowSWAP_json_stackOverflowSWAP_fork_Cancun_Prague_d0g0v0
generated.ethereum_tests.ethereum-tests.GeneralStateTests.stStackTests.stacksanitySWAP.test.GeneralStateTests_stStackTests_stacksanitySWAP_json_stacksanitySWAP_fork_Cancun_Prague_d0g0v0
generated.ethereum_tests.ethereum-tests.GeneralStateTests.stStackTests.underflowTest.test.GeneralStateTests_stStackTests_underflowTest_json_underflowTest_fork_Cancun_Prague_d_0_165_g0v0
generated.ethereum_tests.ethereum-tests.GeneralStateTests.stStaticCall.StaticcallToPrecompileFromCalledContract.test.GeneralStateTests_stStaticCall_StaticcallToPrecompileFromCalledContract_json_StaticcallToPrecompileFromCalledContract_fork_Cancun_Prague_d0g0v0
generated.ethereum_tests.ethereum-tests.GeneralStateTests.stStaticCall.StaticcallToPrecompileFromContractInitialization.test.GeneralStateTests_stStaticCall_StaticcallToPrecompileFromContractInitialization_json_StaticcallToPrecompileFromContractInitialization_fork_Cancun_Prague_d0g0v0
generated.ethereum_tests.ethereum-tests.GeneralStateTests.stStaticCall.StaticcallToPrecompileFromTransaction.test.GeneralStateTests_stStaticCall_StaticcallToPrecompileFromTransaction_json_StaticcallToPrecompileFromTransaction_fork_Cancun_Prague_d0g0v0
generated.ethereum_tests.ethereum-tests.GeneralStateTests.stStaticCall.static_ABAcalls0.test.GeneralStateTests_stStaticCall_static_ABAcalls0_json_static_ABAcalls0_fork_Cancun_Prague_d_0_1_g0v0
generated.ethereum_tests.ethereum-tests.GeneralStateTests.stStaticCall.static_ABAcalls1.test.GeneralStateTests_stStaticCall_static_ABAcalls1_json_static_ABAcalls1_fork_Cancun_Prague_d_0_1_g0v0
generated.ethereum_tests.ethereum-tests.GeneralStateTests.stStaticCall.static_ABAcalls2.test.GeneralStateTests_stStaticCall_static_ABAcalls2_json_static_ABAcalls2_fork_Cancun_Prague_d_0_1_g0v0
generated.ethereum_tests.ethereum-tests.GeneralStateTests.stStaticCall.static_ABAcalls3.test.GeneralStateTests_stStaticCall_static_ABAcalls3_json_static_ABAcalls3_fork_Cancun_Prague_d_0_1_g0v0
generated.ethereum_tests.ethereum-tests.GeneralStateTests.stStaticCall.static_ABAcallsSuicide0.test.GeneralStateTests_stStaticCall_static_ABAcallsSuicide0_json_static_ABAcallsSuicide0_fork_Cancun_Prague_d_0_1_g0v0
generated.ethereum_tests.ethereum-tests.GeneralStateTests.stStaticCall.static_ABAcallsSuicide1.test.GeneralStateTests_stStaticCall_static_ABAcallsSuicide1_json_static_ABAcallsSuicide1_fork_Cancun_Prague_d_0_1_g0v0
generated.ethereum_tests.ethereum-tests.GeneralStateTests.stStaticCall.static_CALL_OneVCallSuicide.test.GeneralStateTests_stStaticCall_static_CALL_OneVCallSuicide_json_static_CALL_OneVCallSuicide_fork_Cancun_Prague_d0g0v0
generated.ethereum_tests.ethereum-tests.GeneralStateTests.stStaticCall.static_CALL_ZeroVCallSuicide.test.GeneralStateTests_stStaticCall_static_CALL_ZeroVCallSuicide_json_static_CALL_ZeroVCallSuicide_fork_Cancun_Prague_d0g0v0
generated.ethereum_tests.ethereum-tests.GeneralStateTests.stStaticCall.static_CREATE_ContractSuicideDuringInit.test.GeneralStateTests_stStaticCall_static_CREATE_ContractSuicideDuringInit_json_static_CREATE_ContractSuicideDuringInit_fork_Cancun_Prague_d_0_3_g0v0
generated.ethereum_tests.ethereum-tests.GeneralStateTests.stStaticCall.static_CREATE_ContractSuicideDuringInit_ThenStoreThenReturn.test.GeneralStateTests_stStaticCall_static_CREATE_ContractSuicideDuringInit_ThenStoreThenReturn_json_static_CREATE_ContractSuicideDuringInit_ThenStoreThenReturn_fork_Cancun_Prague_d_0_1_g0v0
generated.ethereum_tests.ethereum-tests.GeneralStateTests.stStaticCall.static_CREATE_ContractSuicideDuringInit_WithValue.test.GeneralStateTests_stStaticCall_static_CREATE_ContractSuicideDuringInit_WithValue_json_static_CREATE_ContractSuicideDuringInit_WithValue_fork_Cancun_Prague_d_0_1_g0v0
generated.ethereum_tests.ethereum-tests.GeneralStateTests.stStaticCall.static_CREATE_EmptyContractAndCallIt_0wei.test.GeneralStateTests_stStaticCall_static_CREATE_EmptyContractAndCallIt_0wei_json_static_CREATE_EmptyContractAndCallIt_0wei_fork_Cancun_Prague_d0g0v0
generated.ethereum_tests.ethereum-tests.GeneralStateTests.stStaticCall.static_CREATE_EmptyContractWithStorageAndCallIt_0wei.test.GeneralStateTests_stStaticCall_static_CREATE_EmptyContractWithStorageAndCallIt_0wei_json_static_CREATE_EmptyContractWithStorageAndCallIt_0wei_fork_Cancun_Prague_d0g0v0
generated.ethereum_tests.ethereum-tests.GeneralStateTests.stStaticCall.static_Call10.test.GeneralStateTests_stStaticCall_static_Call10_json_static_Call10_fork_Cancun_Prague_d_0_1_g0v0
generated.ethereum_tests.ethereum-tests.GeneralStateTests.stStaticCall.static_Call1024BalanceTooLow.test.GeneralStateTests_stStaticCall_static_Call1024BalanceTooLow_json_static_Call1024BalanceTooLow_fork_Cancun_Prague_d_0_1_g0v0
generated.ethereum_tests.ethereum-tests.GeneralStateTests.stStaticCall.static_Call1024BalanceTooLow2.test.GeneralStateTests_stStaticCall_static_Call1024BalanceTooLow2_json_static_Call1024BalanceTooLow2_fork_Cancun_Prague_d_0_1_g0v0
generated.ethereum_tests.ethereum-tests.GeneralStateTests.stStaticCall.static_Call1024OOG.test.GeneralStateTests_stStaticCall_static_Call1024OOG_json_static_Call1024OOG_fork_Cancun_Prague_d_0_1_g0v0
generated.ethereum_tests.ethereum-tests.GeneralStateTests.stStaticCall.static_Call1024PreCalls.test.GeneralStateTests_stStaticCall_static_Call1024PreCalls_json_static_Call1024PreCalls_fork_Cancun_Prague_d_0_1_g0v0
generated.ethereum_tests.ethereum-tests.GeneralStateTests.stStaticCall.static_Call1024PreCalls2.test.GeneralStateTests_stStaticCall_static_Call1024PreCalls2_json_static_Call1024PreCalls2_fork_Cancun_Prague_d_0_1_g0v0
generated.ethereum_tests.ethereum-tests.GeneralStateTests.stStaticCall.static_Call1024PreCalls3.test.GeneralStateTests_stStaticCall_static_Call1024PreCalls3_json_static_Call1024PreCalls3_fork_Cancun_Prague_d_0_1_g0v0
generated.ethereum_tests.ethereum-tests.GeneralStateTests.stStaticCall.static_Call1MB1024Calldepth.test.GeneralStateTests_stStaticCall_static_Call1MB1024Calldepth_json_static_Call1MB1024Calldepth_fork_Cancun_Prague_d_0_1_g0v0
generated.ethereum_tests.ethereum-tests.GeneralStateTests.stStaticCall.static_Call50000.test.GeneralStateTests_stStaticCall_static_Call50000_json_static_Call50000_fork_Cancun_Prague_d_0_1_g0v0
generated.ethereum_tests.ethereum-tests.GeneralStateTests.stStaticCall.static_Call50000_ecrec.test.GeneralStateTests_stStaticCall_static_Call50000_ecrec_json_static_Call50000_ecrec_fork_Cancun_Prague_d_0_1_g0v0
generated.ethereum_tests.ethereum-tests.GeneralStateTests.stStaticCall.static_Call50000_identity.test.GeneralStateTests_stStaticCall_static_Call50000_identity_json_static_Call50000_identity_fork_Cancun_Prague_d_0_1_g0v0
generated.ethereum_tests.ethereum-tests.GeneralStateTests.stStaticCall.static_Call50000_identity2.test.GeneralStateTests_stStaticCall_static_Call50000_identity2_json_static_Call50000_identity2_fork_Cancun_Prague_d_0_1_g0v0
generated.ethereum_tests.ethereum-tests.GeneralStateTests.stStaticCall.static_Call50000_rip160.test.GeneralStateTests_stStaticCall_static_Call50000_rip160_json_static_Call50000_rip160_fork_Cancun_Prague_d_0_1_g0v0
generated.ethereum_tests.ethereum-tests.GeneralStateTests.stStaticCall.static_Call50000bytesContract50_1.test.GeneralStateTests_stStaticCall_static_Call50000bytesContract50_1_json_static_Call50000bytesContract50_1_fork_Cancun_Prague_d_0_1_g0v0
generated.ethereum_tests.ethereum-tests.GeneralStateTests.stStaticCall.static_Call50000bytesContract50_2.test.GeneralStateTests_stStaticCall_static_Call50000bytesContract50_2_json_static_Call50000bytesContract50_2_fork_Cancun_Prague_d_0_1_g0v0
generated.ethereum_tests.ethereum-tests.GeneralStateTests.stStaticCall.static_Call50000bytesContract50_3.test.GeneralStateTests_stStaticCall_static_Call50000bytesContract50_3_json_static_Call50000bytesContract50_3_fork_Cancun_Prague_d_0_1_g0v0
generated.ethereum_tests.ethereum-tests.GeneralStateTests.stStaticCall.static_CallAndCallcodeConsumeMoreGasThenTransactionHas.test.GeneralStateTests_stStaticCall_static_CallAndCallcodeConsumeMoreGasThenTransactionHas_json_static_CallAndCallcodeConsumeMoreGasThenTransactionHas_fork_Cancun_Prague_d_0_1_g0v0
generated.ethereum_tests.ethereum-tests.GeneralStateTests.stStaticCall.static_CallAskMoreGasOnDepth2ThenTransactionHas.test.GeneralStateTests_stStaticCall_static_CallAskMoreGasOnDepth2ThenTransactionHas_json_static_CallAskMoreGasOnDepth2ThenTransactionHas_fork_Cancun_Prague_d_0_1_g0v0
generated.ethereum_tests.ethereum-tests.GeneralStateTests.stStaticCall.static_CallContractToCreateContractAndCallItOOG.test.GeneralStateTests_stStaticCall_static_CallContractToCreateContractAndCallItOOG_json_static_CallContractToCreateContractAndCallItOOG_fork_Cancun_Prague_d_0_1_g0v0
generated.ethereum_tests.ethereum-tests.GeneralStateTests.stStaticCall.static_CallContractToCreateContractOOG.test.GeneralStateTests_stStaticCall_static_CallContractToCreateContractOOG_json_static_CallContractToCreateContractOOG_fork_Cancun_Prague_d0g0v_0_1_
generated.ethereum_tests.ethereum-tests.GeneralStateTests.stStaticCall.static_CallContractToCreateContractOOGBonusGas.test.GeneralStateTests_stStaticCall_static_CallContractToCreateContractOOGBonusGas_json_static_CallContractToCreateContractOOGBonusGas_fork_Cancun_Prague_d0g_0_1_v0
generated.ethereum_tests.ethereum-tests.GeneralStateTests.stStaticCall.static_CallContractToCreateContractWhichWouldCreateContractIfCalled.test.GeneralStateTests_stStaticCall_static_CallContractToCreateContractWhichWouldCreateContractIfCalled_json_static_CallContractToCreateContractWhichWouldCreateContractIfCalled_fork_Cancun_Prague_d0g0v0
generated.ethereum_tests.ethereum-tests.GeneralStateTests.stStaticCall.static_CallEcrecover0.test.GeneralStateTests_stStaticCall_static_CallEcrecover0_json_static_CallEcrecover0_fork_Cancun_Prague_d0g0v0
generated.ethereum_tests.ethereum-tests.GeneralStateTests.stStaticCall.static_CallEcrecover0_0input.test.GeneralStateTests_stStaticCall_static_CallEcrecover0_0input_json_static_CallEcrecover0_0input_fork_Cancun_Prague_d_0_8_g0v0
generated.ethereum_tests.ethereum-tests.GeneralStateTests.stStaticCall.static_CallEcrecover0_Gas2999.test.GeneralStateTests_stStaticCall_static_CallEcrecover0_Gas2999_json_static_CallEcrecover0_Gas2999_fork_Cancun_Prague_d0g0v0
generated.ethereum_tests.ethereum-tests.GeneralStateTests.stStaticCall.static_CallEcrecover0_NoGas.test.GeneralStateTests_stStaticCall_static_CallEcrecover0_NoGas_json_static_CallEcrecover0_NoGas_fork_Cancun_Prague_d0g0v0
generated.ethereum_tests.ethereum-tests.GeneralStateTests.stStaticCall.static_CallEcrecover0_completeReturnValue.test.GeneralStateTests_stStaticCall_static_CallEcrecover0_completeReturnValue_json_static_CallEcrecover0_completeReturnValue_fork_Cancun_Prague_d0g0v0
generated.ethereum_tests.ethereum-tests.GeneralStateTests.stStaticCall.static_CallEcrecover0_gas3000.test.GeneralStateTests_stStaticCall_static_CallEcrecover0_gas3000_json_static_CallEcrecover0_gas3000_fork_Cancun_Prague_d0g0v0
generated.ethereum_tests.ethereum-tests.GeneralStateTests.stStaticCall.static_CallEcrecover0_overlappingInputOutput.test.GeneralStateTests_stStaticCall_static_CallEcrecover0_overlappingInputOutput_json_static_CallEcrecover0_overlappingInputOutput_fork_Cancun_Prague_d0g0v0
generated.ethereum_tests.ethereum-tests.GeneralStateTests.stStaticCall.static_CallEcrecover1.test.GeneralStateTests_stStaticCall_static_CallEcrecover1_json_static_CallEcrecover1_fork_Cancun_Prague_d0g0v0
generated.ethereum_tests.ethereum-tests.GeneralStateTests.stStaticCall.static_CallEcrecover2.test.GeneralStateTests_stStaticCall_static_CallEcrecover2_json_static_CallEcrecover2_fork_Cancun_Prague_d0g0v0
generated.ethereum_tests.ethereum-tests.GeneralStateTests.stStaticCall.static_CallEcrecover3.test.GeneralStateTests_stStaticCall_static_CallEcrecover3_json_static_CallEcrecover3_fork_Cancun_Prague_d0g0v0
generated.ethereum_tests.ethereum-tests.GeneralStateTests.stStaticCall.static_CallEcrecover80.test.GeneralStateTests_stStaticCall_static_CallEcrecover80_json_static_CallEcrecover80_fork_Cancun_Prague_d0g0v0
generated.ethereum_tests.ethereum-tests.GeneralStateTests.stStaticCall.static_CallEcrecoverCheckLength.test.GeneralStateTests_stStaticCall_static_CallEcrecoverCheckLength_json_static_CallEcrecoverCheckLength_fork_Cancun_Prague_d0g0v0
generated.ethereum_tests.ethereum-tests.GeneralStateTests.stStaticCall.static_CallEcrecoverCheckLengthWrongV.test.GeneralStateTests_stStaticCall_static_CallEcrecoverCheckLengthWrongV_json_static_CallEcrecoverCheckLengthWrongV_fork_Cancun_Prague_d0g0v0
generated.ethereum_tests.ethereum-tests.GeneralStateTests.stStaticCall.static_CallEcrecoverH_prefixed0.test.GeneralStateTests_stStaticCall_static_CallEcrecoverH_prefixed0_json_static_CallEcrecoverH_prefixed0_fork_Cancun_Prague_d0g0v0
generated.ethereum_tests.ethereum-tests.GeneralStateTests.stStaticCall.static_CallEcrecoverR_prefixed0.test.GeneralStateTests_stStaticCall_static_CallEcrecoverR_prefixed0_json_static_CallEcrecoverR_prefixed0_fork_Cancun_Prague_d0g0v0
generated.ethereum_tests.ethereum-tests.GeneralStateTests.stStaticCall.static_CallEcrecoverS_prefixed0.test.GeneralStateTests_stStaticCall_static_CallEcrecoverS_prefixed0_json_static_CallEcrecoverS_prefixed0_fork_Cancun_Prague_d0g0v0
generated.ethereum_tests.ethereum-tests.GeneralStateTests.stStaticCall.static_CallEcrecoverV_prefixed0.test.GeneralStateTests_stStaticCall_static_CallEcrecoverV_prefixed0_json_static_CallEcrecoverV_prefixed0_fork_Cancun_Prague_d0g0v0
generated.ethereum_tests.ethereum-tests.GeneralStateTests.stStaticCall.static_CallGoesOOGOnSecondLevel.test.GeneralStateTests_stStaticCall_static_CallGoesOOGOnSecondLevel_json_static_CallGoesOOGOnSecondLevel_fork_Cancun_Prague_d0g0v0
generated.ethereum_tests.ethereum-tests.GeneralStateTests.stStaticCall.static_CallGoesOOGOnSecondLevel2.test.GeneralStateTests_stStaticCall_static_CallGoesOOGOnSecondLevel2_json_static_CallGoesOOGOnSecondLevel2_fork_Cancun_Prague_d_0_1_g0v0
generated.ethereum_tests.ethereum-tests.GeneralStateTests.stStaticCall.static_CallIdentitiy_1.test.GeneralStateTests_stStaticCall_static_CallIdentitiy_1_json_static_CallIdentitiy_1_fork_Cancun_Prague_d0g0v0
generated.ethereum_tests.ethereum-tests.GeneralStateTests.stStaticCall.static_CallIdentity_1_nonzeroValue.test.GeneralStateTests_stStaticCall_static_CallIdentity_1_nonzeroValue_json_static_CallIdentity_1_nonzeroValue_fork_Cancun_Prague_d0g0v0
generated.ethereum_tests.ethereum-tests.GeneralStateTests.stStaticCall.static_CallIdentity_2.test.GeneralStateTests_stStaticCall_static_CallIdentity_2_json_static_CallIdentity_2_fork_Cancun_Prague_d0g0v0
generated.ethereum_tests.ethereum-tests.GeneralStateTests.stStaticCall.static_CallIdentity_3.test.GeneralStateTests_stStaticCall_static_CallIdentity_3_json_static_CallIdentity_3_fork_Cancun_Prague_d0g0v0
generated.ethereum_tests.ethereum-tests.GeneralStateTests.stStaticCall.static_CallIdentity_4.test.GeneralStateTests_stStaticCall_static_CallIdentity_4_json_static_CallIdentity_4_fork_Cancun_Prague_d0g0v0
generated.ethereum_tests.ethereum-tests.GeneralStateTests.stStaticCall.static_CallIdentity_4_gas17.test.GeneralStateTests_stStaticCall_static_CallIdentity_4_gas17_json_static_CallIdentity_4_gas17_fork_Cancun_Prague_d0g0v0
generated.ethereum_tests.ethereum-tests.GeneralStateTests.stStaticCall.static_CallIdentity_4_gas18.test.GeneralStateTests_stStaticCall_static_CallIdentity_4_gas18_json_static_CallIdentity_4_gas18_fork_Cancun_Prague_d0g0v0
generated.ethereum_tests.ethereum-tests.GeneralStateTests.stStaticCall.static_CallIdentity_5.test.GeneralStateTests_stStaticCall_static_CallIdentity_5_json_static_CallIdentity_5_fork_Cancun_Prague_d0g0v0
generated.ethereum_tests.ethereum-tests.GeneralStateTests.stStaticCall.static_CallLoseGasOOG.test.GeneralStateTests_stStaticCall_static_CallLoseGasOOG_json_static_CallLoseGasOOG_fork_Cancun_Prague_d0g0v0
generated.ethereum_tests.ethereum-tests.GeneralStateTests.stStaticCall.static_CallRecursiveBomb0.test.GeneralStateTests_stStaticCall_static_CallRecursiveBomb0_json_static_CallRecursiveBomb0_fork_Cancun_Prague_d0g0v0
generated.ethereum_tests.ethereum-tests.GeneralStateTests.stStaticCall.static_CallRecursiveBomb0_OOG_atMaxCallDepth.test.GeneralStateTests_stStaticCall_static_CallRecursiveBomb0_OOG_atMaxCallDepth_json_static_CallRecursiveBomb0_OOG_atMaxCallDepth_fork_Cancun_Prague_d0g0v0
generated.ethereum_tests.ethereum-tests.GeneralStateTests.stStaticCall.static_CallRecursiveBomb1.test.GeneralStateTests_stStaticCall_static_CallRecursiveBomb1_json_static_CallRecursiveBomb1_fork_Cancun_Prague_d0g0v0
generated.ethereum_tests.ethereum-tests.GeneralStateTests.stStaticCall.static_CallRecursiveBomb2.test.GeneralStateTests_stStaticCall_static_CallRecursiveBomb2_json_static_CallRecursiveBomb2_fork_Cancun_Prague_d0g0v0
generated.ethereum_tests.ethereum-tests.GeneralStateTests.stStaticCall.static_CallRecursiveBomb3.test.GeneralStateTests_stStaticCall_static_CallRecursiveBomb3_json_static_CallRecursiveBomb3_fork_Cancun_Prague_d0g0v0
generated.ethereum_tests.ethereum-tests.GeneralStateTests.stStaticCall.static_CallRecursiveBombLog.test.GeneralStateTests_stStaticCall_static_CallRecursiveBombLog_json_static_CallRecursiveBombLog_fork_Cancun_Prague_d0g0v0
generated.ethereum_tests.ethereum-tests.GeneralStateTests.stStaticCall.static_CallRecursiveBombLog2.test.GeneralStateTests_stStaticCall_static_CallRecursiveBombLog2_json_static_CallRecursiveBombLog2_fork_Cancun_Prague_d0g0v0
generated.ethereum_tests.ethereum-tests.GeneralStateTests.stStaticCall.static_CallRecursiveBombPreCall.test.GeneralStateTests_stStaticCall_static_CallRecursiveBombPreCall_json_static_CallRecursiveBombPreCall_fork_Cancun_Prague_d0g0v0
generated.ethereum_tests.ethereum-tests.GeneralStateTests.stStaticCall.static_CallRecursiveBombPreCall2.test.GeneralStateTests_stStaticCall_static_CallRecursiveBombPreCall2_json_static_CallRecursiveBombPreCall2_fork_Cancun_Prague_d0g0v0
generated.ethereum_tests.ethereum-tests.GeneralStateTests.stStaticCall.static_CallRipemd160_1.test.GeneralStateTests_stStaticCall_static_CallRipemd160_1_json_static_CallRipemd160_1_fork_Cancun_Prague_d0g0v0
generated.ethereum_tests.ethereum-tests.GeneralStateTests.stStaticCall.static_CallRipemd160_2.test.GeneralStateTests_stStaticCall_static_CallRipemd160_2_json_static_CallRipemd160_2_fork_Cancun_Prague_d0g0v0
generated.ethereum_tests.ethereum-tests.GeneralStateTests.stStaticCall.static_CallRipemd160_3.test.GeneralStateTests_stStaticCall_static_CallRipemd160_3_json_static_CallRipemd160_3_fork_Cancun_Prague_d0g0v0
generated.ethereum_tests.ethereum-tests.GeneralStateTests.stStaticCall.static_CallRipemd160_3_postfixed0.test.GeneralStateTests_stStaticCall_static_CallRipemd160_3_postfixed0_json_static_CallRipemd160_3_postfixed0_fork_Cancun_Prague_d0g0v0
generated.ethereum_tests.ethereum-tests.GeneralStateTests.stStaticCall.static_CallRipemd160_3_prefixed0.test.GeneralStateTests_stStaticCall_static_CallRipemd160_3_prefixed0_json_static_CallRipemd160_3_prefixed0_fork_Cancun_Prague_d0g0v0
generated.ethereum_tests.ethereum-tests.GeneralStateTests.stStaticCall.static_CallRipemd160_4.test.GeneralStateTests_stStaticCall_static_CallRipemd160_4_json_static_CallRipemd160_4_fork_Cancun_Prague_d0g0v0
generated.ethereum_tests.ethereum-tests.GeneralStateTests.stStaticCall.static_CallRipemd160_4_gas719.test.GeneralStateTests_stStaticCall_static_CallRipemd160_4_gas719_json_static_CallRipemd160_4_gas719_fork_Cancun_Prague_d0g0v0
generated.ethereum_tests.ethereum-tests.GeneralStateTests.stStaticCall.static_CallRipemd160_5.test.GeneralStateTests_stStaticCall_static_CallRipemd160_5_json_static_CallRipemd160_5_fork_Cancun_Prague_d0g0v0
generated.ethereum_tests.ethereum-tests.GeneralStateTests.stStaticCall.static_CallSha256_1.test.GeneralStateTests_stStaticCall_static_CallSha256_1_json_static_CallSha256_1_fork_Cancun_Prague_d0g0v0
generated.ethereum_tests.ethereum-tests.GeneralStateTests.stStaticCall.static_CallSha256_1_nonzeroValue.test.GeneralStateTests_stStaticCall_static_CallSha256_1_nonzeroValue_json_static_CallSha256_1_nonzeroValue_fork_Cancun_Prague_d0g0v0
generated.ethereum_tests.ethereum-tests.GeneralStateTests.stStaticCall.static_CallSha256_2.test.GeneralStateTests_stStaticCall_static_CallSha256_2_json_static_CallSha256_2_fork_Cancun_Prague_d0g0v0
generated.ethereum_tests.ethereum-tests.GeneralStateTests.stStaticCall.static_CallSha256_3.test.GeneralStateTests_stStaticCall_static_CallSha256_3_json_static_CallSha256_3_fork_Cancun_Prague_d0g0v0
generated.ethereum_tests.ethereum-tests.GeneralStateTests.stStaticCall.static_CallSha256_3_postfix0.test.GeneralStateTests_stStaticCall_static_CallSha256_3_postfix0_json_static_CallSha256_3_postfix0_fork_Cancun_Prague_d0g0v0
generated.ethereum_tests.ethereum-tests.GeneralStateTests.stStaticCall.static_CallSha256_3_prefix0.test.GeneralStateTests_stStaticCall_static_CallSha256_3_prefix0_json_static_CallSha256_3_prefix0_fork_Cancun_Prague_d0g0v0
generated.ethereum_tests.ethereum-tests.GeneralStateTests.stStaticCall.static_CallSha256_4.test.GeneralStateTests_stStaticCall_static_CallSha256_4_json_static_CallSha256_4_fork_Cancun_Prague_d0g0v0
generated.ethereum_tests.ethereum-tests.GeneralStateTests.stStaticCall.static_CallSha256_4_gas99.test.GeneralStateTests_stStaticCall_static_CallSha256_4_gas99_json_static_CallSha256_4_gas99_fork_Cancun_Prague_d0g0v0
generated.ethereum_tests.ethereum-tests.GeneralStateTests.stStaticCall.static_CallSha256_5.test.GeneralStateTests_stStaticCall_static_CallSha256_5_json_static_CallSha256_5_fork_Cancun_Prague_d0g0v0
generated.ethereum_tests.ethereum-tests.GeneralStateTests.stStaticCall.static_CallToNameRegistrator0.test.GeneralStateTests_stStaticCall_static_CallToNameRegistrator0_json_static_CallToNameRegistrator0_fork_Cancun_Prague_d0g0v0
generated.ethereum_tests.ethereum-tests.GeneralStateTests.stStaticCall.static_CallToReturn1.test.GeneralStateTests_stStaticCall_static_CallToReturn1_json_static_CallToReturn1_fork_Cancun_Prague_d0g0v0
generated.ethereum_tests.ethereum-tests.GeneralStateTests.stStaticCall.static_CalltoReturn2.test.GeneralStateTests_stStaticCall_static_CalltoReturn2_json_static_CalltoReturn2_fork_Cancun_Prague_d0g0v0
generated.ethereum_tests.ethereum-tests.GeneralStateTests.stStaticCall.static_CheckCallCostOOG.test.GeneralStateTests_stStaticCall_static_CheckCallCostOOG_json_static_CheckCallCostOOG_fork_Cancun_Prague_d0g_0_1_v0
generated.ethereum_tests.ethereum-tests.GeneralStateTests.stStaticCall.static_CheckOpcodes.test.GeneralStateTests_stStaticCall_static_CheckOpcodes_json_static_CheckOpcodes_fork_Cancun_Prague_d_0_1_g_0_1_v_0_1_
generated.ethereum_tests.ethereum-tests.GeneralStateTests.stStaticCall.static_CheckOpcodes2.test.GeneralStateTests_stStaticCall_static_CheckOpcodes2_json_static_CheckOpcodes2_fork_Cancun_Prague_d_0_4_g0v_0_1_
generated.ethereum_tests.ethereum-tests.GeneralStateTests.stStaticCall.static_CheckOpcodes3.test.GeneralStateTests_stStaticCall_static_CheckOpcodes3_json_static_CheckOpcodes3_fork_Cancun_Prague_d_0_4_g0v_0_1_
generated.ethereum_tests.ethereum-tests.GeneralStateTests.stStaticCall.static_CheckOpcodes4.test.GeneralStateTests_stStaticCall_static_CheckOpcodes4_json_static_CheckOpcodes4_fork_Cancun_Prague_d0g_0_1_v_0_1_
generated.ethereum_tests.ethereum-tests.GeneralStateTests.stStaticCall.static_CheckOpcodes5.test.GeneralStateTests_stStaticCall_static_CheckOpcodes5_json_static_CheckOpcodes5_fork_Cancun_Prague_d_0_4_g_0_1_v_0_1_
generated.ethereum_tests.ethereum-tests.GeneralStateTests.stStaticCall.static_ExecuteCallThatAskForeGasThenTrabsactionHas.test.GeneralStateTests_stStaticCall_static_ExecuteCallThatAskForeGasThenTrabsactionHas_json_static_ExecuteCallThatAskForeGasThenTrabsactionHas_fork_Cancun_Prague_d_0_2_g0v0
generated.ethereum_tests.ethereum-tests.GeneralStateTests.stStaticCall.static_InternalCallHittingGasLimit.test.GeneralStateTests_stStaticCall_static_InternalCallHittingGasLimit_json_static_InternalCallHittingGasLimit_fork_Cancun_Prague_d0g0v0
generated.ethereum_tests.ethereum-tests.GeneralStateTests.stStaticCall.static_InternalCallHittingGasLimit2.test.GeneralStateTests_stStaticCall_static_InternalCallHittingGasLimit2_json_static_InternalCallHittingGasLimit2_fork_Cancun_Prague_d0g0v0
generated.ethereum_tests.ethereum-tests.GeneralStateTests.stStaticCall.static_InternalCallStoreClearsOOG.test.GeneralStateTests_stStaticCall_static_InternalCallStoreClearsOOG_json_static_InternalCallStoreClearsOOG_fork_Cancun_Prague_d0g0v0
generated.ethereum_tests.ethereum-tests.GeneralStateTests.stStaticCall.static_LoopCallsDepthThenRevert.test.GeneralStateTests_stStaticCall_static_LoopCallsDepthThenRevert_json_static_LoopCallsDepthThenRevert_fork_Cancun_Prague_d0g0v0
generated.ethereum_tests.ethereum-tests.GeneralStateTests.stStaticCall.static_LoopCallsDepthThenRevert2.test.GeneralStateTests_stStaticCall_static_LoopCallsDepthThenRevert2_json_static_LoopCallsDepthThenRevert2_fork_Cancun_Prague_d0g0v0
generated.ethereum_tests.ethereum-tests.GeneralStateTests.stStaticCall.static_LoopCallsDepthThenRevert3.test.GeneralStateTests_stStaticCall_static_LoopCallsDepthThenRevert3_json_static_LoopCallsDepthThenRevert3_fork_Cancun_Prague_d0g0v0
generated.ethereum_tests.ethereum-tests.GeneralStateTests.stStaticCall.static_LoopCallsThenRevert.test.GeneralStateTests_stStaticCall_static_LoopCallsThenRevert_json_static_LoopCallsThenRevert_fork_Cancun_Prague_d0g_0_1_v0
generated.ethereum_tests.ethereum-tests.GeneralStateTests.stStaticCall.static_PostToReturn1.test.GeneralStateTests_stStaticCall_static_PostToReturn1_json_static_PostToReturn1_fork_Cancun_Prague_d0g0v0
generated.ethereum_tests.ethereum-tests.GeneralStateTests.stStaticCall.static_RETURN_Bounds.test.GeneralStateTests_stStaticCall_static_RETURN_Bounds_json_static_RETURN_Bounds_fork_Cancun_Prague_d0g0v0
generated.ethereum_tests.ethereum-tests.GeneralStateTests.stStaticCall.static_RETURN_BoundsOOG.test.GeneralStateTests_stStaticCall_static_RETURN_BoundsOOG_json_static_RETURN_BoundsOOG_fork_Cancun_Prague_d_0_1_g0v0
generated.ethereum_tests.ethereum-tests.GeneralStateTests.stStaticCall.static_RawCallGasAsk.test.GeneralStateTests_stStaticCall_static_RawCallGasAsk_json_static_RawCallGasAsk_fork_Cancun_Prague_d_0_3_g0v0
generated.ethereum_tests.ethereum-tests.GeneralStateTests.stStaticCall.static_Return50000_2.test.GeneralStateTests_stStaticCall_static_Return50000_2_json_static_Return50000_2_fork_Cancun_Prague_d0g0v0
generated.ethereum_tests.ethereum-tests.GeneralStateTests.stStaticCall.static_ReturnTest.test.GeneralStateTests_stStaticCall_static_ReturnTest_json_static_ReturnTest_fork_Cancun_Prague_d0g0v0
generated.ethereum_tests.ethereum-tests.GeneralStateTests.stStaticCall.static_ReturnTest2.test.GeneralStateTests_stStaticCall_static_ReturnTest2_json_static_ReturnTest2_fork_Cancun_Prague_d0g0v0
generated.ethereum_tests.ethereum-tests.GeneralStateTests.stStaticCall.static_RevertDepth2.test.GeneralStateTests_stStaticCall_static_RevertDepth2_json_static_RevertDepth2_fork_Cancun_Prague_d0g0v0
generated.ethereum_tests.ethereum-tests.GeneralStateTests.stStaticCall.static_RevertOpcodeCalls.test.GeneralStateTests_stStaticCall_static_RevertOpcodeCalls_json_static_RevertOpcodeCalls_fork_Cancun_Prague_d0g_0_1_v0
generated.ethereum_tests.ethereum-tests.GeneralStateTests.stStaticCall.static_ZeroValue_CALL_OOGRevert.test.GeneralStateTests_stStaticCall_static_ZeroValue_CALL_OOGRevert_json_static_ZeroValue_CALL_OOGRevert_fork_Cancun_Prague_d0g0v0
generated.ethereum_tests.ethereum-tests.GeneralStateTests.stStaticCall.static_ZeroValue_SUICIDE_OOGRevert.test.GeneralStateTests_stStaticCall_static_ZeroValue_SUICIDE_OOGRevert_json_static_ZeroValue_SUICIDE_OOGRevert_fork_Cancun_Prague_d0g0v0
generated.ethereum_tests.ethereum-tests.GeneralStateTests.stStaticCall.static_callBasic.test.GeneralStateTests_stStaticCall_static_callBasic_json_static_callBasic_fork_Cancun_Prague_d_0_3_g0v0
generated.ethereum_tests.ethereum-tests.GeneralStateTests.stStaticCall.static_callChangeRevert.test.GeneralStateTests_stStaticCall_static_callChangeRevert_json_static_callChangeRevert_fork_Cancun_Prague_d_0_2_g0v0
generated.ethereum_tests.ethereum-tests.GeneralStateTests.stStaticCall.static_callCreate.test.GeneralStateTests_stStaticCall_static_callCreate_json_static_callCreate_fork_Cancun_Prague_d_0_3_g0v0
generated.ethereum_tests.ethereum-tests.GeneralStateTests.stStaticCall.static_callCreate2.test.GeneralStateTests_stStaticCall_static_callCreate2_json_static_callCreate2_fork_Cancun_Prague_d_0_2_g0v0
generated.ethereum_tests.ethereum-tests.GeneralStateTests.stStaticCall.static_callCreate3.test.GeneralStateTests_stStaticCall_static_callCreate3_json_static_callCreate3_fork_Cancun_Prague_d0g0v0
generated.ethereum_tests.ethereum-tests.GeneralStateTests.stStaticCall.static_callOutput1.test.GeneralStateTests_stStaticCall_static_callOutput1_json_static_callOutput1_fork_Cancun_Prague_d0g0v0
generated.ethereum_tests.ethereum-tests.GeneralStateTests.stStaticCall.static_callOutput2.test.GeneralStateTests_stStaticCall_static_callOutput2_json_static_callOutput2_fork_Cancun_Prague_d0g0v0
generated.ethereum_tests.ethereum-tests.GeneralStateTests.stStaticCall.static_callOutput3.test.GeneralStateTests_stStaticCall_static_callOutput3_json_static_callOutput3_fork_Cancun_Prague_d0g0v0
generated.ethereum_tests.ethereum-tests.GeneralStateTests.stStaticCall.static_callOutput3Fail.test.GeneralStateTests_stStaticCall_static_callOutput3Fail_json_static_callOutput3Fail_fork_Cancun_Prague_d0g0v0
generated.ethereum_tests.ethereum-tests.GeneralStateTests.stStaticCall.static_callOutput3partial.test.GeneralStateTests_stStaticCall_static_callOutput3partial_json_static_callOutput3partial_fork_Cancun_Prague_d0g0v0
generated.ethereum_tests.ethereum-tests.GeneralStateTests.stStaticCall.static_callOutput3partialFail.test.GeneralStateTests_stStaticCall_static_callOutput3partialFail_json_static_callOutput3partialFail_fork_Cancun_Prague_d0g0v0
generated.ethereum_tests.ethereum-tests.GeneralStateTests.stStaticCall.static_callToCallCodeOpCodeCheck.test.GeneralStateTests_stStaticCall_static_callToCallCodeOpCodeCheck_json_static_callToCallCodeOpCodeCheck_fork_Cancun_Prague_d0g0v0
generated.ethereum_tests.ethereum-tests.GeneralStateTests.stStaticCall.static_callToCallOpCodeCheck.test.GeneralStateTests_stStaticCall_static_callToCallOpCodeCheck_json_static_callToCallOpCodeCheck_fork_Cancun_Prague_d0g0v0
generated.ethereum_tests.ethereum-tests.GeneralStateTests.stStaticCall.static_callToDelCallOpCodeCheck.test.GeneralStateTests_stStaticCall_static_callToDelCallOpCodeCheck_json_static_callToDelCallOpCodeCheck_fork_Cancun_Prague_d0g0v0
generated.ethereum_tests.ethereum-tests.GeneralStateTests.stStaticCall.static_callToStaticOpCodeCheck.test.GeneralStateTests_stStaticCall_static_callToStaticOpCodeCheck_json_static_callToStaticOpCodeCheck_fork_Cancun_Prague_d0g0v0
generated.ethereum_tests.ethereum-tests.GeneralStateTests.stStaticCall.static_callWithHighValue.test.GeneralStateTests_stStaticCall_static_callWithHighValue_json_static_callWithHighValue_fork_Cancun_Prague_d0g0v0
generated.ethereum_tests.ethereum-tests.GeneralStateTests.stStaticCall.static_callWithHighValueAndGasOOG.test.GeneralStateTests_stStaticCall_static_callWithHighValueAndGasOOG_json_static_callWithHighValueAndGasOOG_fork_Cancun_Prague_d_0_1_g0v0
generated.ethereum_tests.ethereum-tests.GeneralStateTests.stStaticCall.static_callWithHighValueAndOOGatTxLevel.test.GeneralStateTests_stStaticCall_static_callWithHighValueAndOOGatTxLevel_json_static_callWithHighValueAndOOGatTxLevel_fork_Cancun_Prague_d0g0v0
generated.ethereum_tests.ethereum-tests.GeneralStateTests.stStaticCall.static_callWithHighValueOOGinCall.test.GeneralStateTests_stStaticCall_static_callWithHighValueOOGinCall_json_static_callWithHighValueOOGinCall_fork_Cancun_Prague_d0g0v0
generated.ethereum_tests.ethereum-tests.GeneralStateTests.stStaticCall.static_call_OOG_additionalGasCosts1.test.GeneralStateTests_stStaticCall_static_call_OOG_additionalGasCosts1_json_static_call_OOG_additionalGasCosts1_fork_Cancun_Prague_d0g0v0
generated.ethereum_tests.ethereum-tests.GeneralStateTests.stStaticCall.static_call_OOG_additionalGasCosts2_Paris.test.GeneralStateTests_stStaticCall_static_call_OOG_additionalGasCosts2_Paris_json_static_call_OOG_additionalGasCosts2_Paris_fork_Cancun_Prague_d0g0v0
generated.ethereum_tests.ethereum-tests.GeneralStateTests.stStaticCall.static_call_value_inherit.test.GeneralStateTests_stStaticCall_static_call_value_inherit_json_static_call_value_inherit_fork_Cancun_Prague_d0g0v0
generated.ethereum_tests.ethereum-tests.GeneralStateTests.stStaticCall.static_call_value_inherit_from_call.test.GeneralStateTests_stStaticCall_static_call_value_inherit_from_call_json_static_call_value_inherit_from_call_fork_Cancun_Prague_d0g0v0
generated.ethereum_tests.ethereum-tests.GeneralStateTests.stStaticCall.static_callcall_00.test.GeneralStateTests_stStaticCall_static_callcall_00_json_static_callcall_00_fork_Cancun_Prague_d_0_1_g0v0
generated.ethereum_tests.ethereum-tests.GeneralStateTests.stStaticCall.static_callcall_00_OOGE.test.GeneralStateTests_stStaticCall_static_callcall_00_OOGE_json_static_callcall_00_OOGE_fork_Cancun_Prague_d_0_1_g0v0
generated.ethereum_tests.ethereum-tests.GeneralStateTests.stStaticCall.static_callcall_00_OOGE_1.test.GeneralStateTests_stStaticCall_static_callcall_00_OOGE_1_json_static_callcall_00_OOGE_1_fork_Cancun_Prague_d_0_1_g0v0
generated.ethereum_tests.ethereum-tests.GeneralStateTests.stStaticCall.static_callcall_00_OOGE_2.test.GeneralStateTests_stStaticCall_static_callcall_00_OOGE_2_json_static_callcall_00_OOGE_2_fork_Cancun_Prague_d_0_1_g0v0
generated.ethereum_tests.ethereum-tests.GeneralStateTests.stStaticCall.static_callcall_00_SuicideEnd.test.GeneralStateTests_stStaticCall_static_callcall_00_SuicideEnd_json_static_callcall_00_SuicideEnd_fork_Cancun_Prague_d0g0v0
generated.ethereum_tests.ethereum-tests.GeneralStateTests.stStaticCall.static_callcallcall_000.test.GeneralStateTests_stStaticCall_static_callcallcall_000_json_static_callcallcall_000_fork_Cancun_Prague_d_0_1_g0v0
generated.ethereum_tests.ethereum-tests.GeneralStateTests.stStaticCall.static_callcallcall_000_OOGE.test.GeneralStateTests_stStaticCall_static_callcallcall_000_OOGE_json_static_callcallcall_000_OOGE_fork_Cancun_Prague_d_0_1_g0v0
generated.ethereum_tests.ethereum-tests.GeneralStateTests.stStaticCall.static_callcallcall_000_OOGMAfter.test.GeneralStateTests_stStaticCall_static_callcallcall_000_OOGMAfter_json_static_callcallcall_000_OOGMAfter_fork_Cancun_Prague_d0g0v0
generated.ethereum_tests.ethereum-tests.GeneralStateTests.stStaticCall.static_callcallcall_000_OOGMAfter2.test.GeneralStateTests_stStaticCall_static_callcallcall_000_OOGMAfter2_json_static_callcallcall_000_OOGMAfter2_fork_Cancun_Prague_d0g0v0
generated.ethereum_tests.ethereum-tests.GeneralStateTests.stStaticCall.static_callcallcall_000_OOGMBefore.test.GeneralStateTests_stStaticCall_static_callcallcall_000_OOGMBefore_json_static_callcallcall_000_OOGMBefore_fork_Cancun_Prague_d0g0v0
generated.ethereum_tests.ethereum-tests.GeneralStateTests.stStaticCall.static_callcallcall_000_SuicideEnd.test.GeneralStateTests_stStaticCall_static_callcallcall_000_SuicideEnd_json_static_callcallcall_000_SuicideEnd_fork_Cancun_Prague_d0g0v0
generated.ethereum_tests.ethereum-tests.GeneralStateTests.stStaticCall.static_callcallcall_000_SuicideMiddle.test.GeneralStateTests_stStaticCall_static_callcallcall_000_SuicideMiddle_json_static_callcallcall_000_SuicideMiddle_fork_Cancun_Prague_d0g0v0
generated.ethereum_tests.ethereum-tests.GeneralStateTests.stStaticCall.static_callcallcall_ABCB_RECURSIVE.test.GeneralStateTests_stStaticCall_static_callcallcall_ABCB_RECURSIVE_json_static_callcallcall_ABCB_RECURSIVE_fork_Cancun_Prague_d0g0v0
generated.ethereum_tests.ethereum-tests.GeneralStateTests.stStaticCall.static_callcallcallcode_001.test.GeneralStateTests_stStaticCall_static_callcallcallcode_001_json_static_callcallcallcode_001_fork_Cancun_Prague_d_0_1_g0v0
generated.ethereum_tests.ethereum-tests.GeneralStateTests.stStaticCall.static_callcallcallcode_001_2.test.GeneralStateTests_stStaticCall_static_callcallcallcode_001_2_json_static_callcallcallcode_001_2_fork_Cancun_Prague_d_0_1_g0v0
generated.ethereum_tests.ethereum-tests.GeneralStateTests.stStaticCall.static_callcallcallcode_001_OOGE.test.GeneralStateTests_stStaticCall_static_callcallcallcode_001_OOGE_json_static_callcallcallcode_001_OOGE_fork_Cancun_Prague_d0g0v0
generated.ethereum_tests.ethereum-tests.GeneralStateTests.stStaticCall.static_callcallcallcode_001_OOGE_2.test.GeneralStateTests_stStaticCall_static_callcallcallcode_001_OOGE_2_json_static_callcallcallcode_001_OOGE_2_fork_Cancun_Prague_d_0_1_g0v0
generated.ethereum_tests.ethereum-tests.GeneralStateTests.stStaticCall.static_callcallcallcode_001_OOGMAfter.test.GeneralStateTests_stStaticCall_static_callcallcallcode_001_OOGMAfter_json_static_callcallcallcode_001_OOGMAfter_fork_Cancun_Prague_d_0_1_g0v0
generated.ethereum_tests.ethereum-tests.GeneralStateTests.stStaticCall.static_callcallcallcode_001_OOGMAfter2.test.GeneralStateTests_stStaticCall_static_callcallcallcode_001_OOGMAfter2_json_static_callcallcallcode_001_OOGMAfter2_fork_Cancun_Prague_d_0_1_g0v0
generated.ethereum_tests.ethereum-tests.GeneralStateTests.stStaticCall.static_callcallcallcode_001_OOGMAfter_2.test.GeneralStateTests_stStaticCall_static_callcallcallcode_001_OOGMAfter_2_json_static_callcallcallcode_001_OOGMAfter_2_fork_Cancun_Prague_d_0_1_g0v0
generated.ethereum_tests.ethereum-tests.GeneralStateTests.stStaticCall.static_callcallcallcode_001_OOGMAfter_3.test.GeneralStateTests_stStaticCall_static_callcallcallcode_001_OOGMAfter_3_json_static_callcallcallcode_001_OOGMAfter_3_fork_Cancun_Prague_d_0_1_g0v0
generated.ethereum_tests.ethereum-tests.GeneralStateTests.stStaticCall.static_callcallcallcode_001_OOGMBefore.test.GeneralStateTests_stStaticCall_static_callcallcallcode_001_OOGMBefore_json_static_callcallcallcode_001_OOGMBefore_fork_Cancun_Prague_d_0_1_g0v0
generated.ethereum_tests.ethereum-tests.GeneralStateTests.stStaticCall.static_callcallcallcode_001_OOGMBefore2.test.GeneralStateTests_stStaticCall_static_callcallcallcode_001_OOGMBefore2_json_static_callcallcallcode_001_OOGMBefore2_fork_Cancun_Prague_d_0_1_g0v0
generated.ethereum_tests.ethereum-tests.GeneralStateTests.stStaticCall.static_callcallcallcode_001_SuicideEnd.test.GeneralStateTests_stStaticCall_static_callcallcallcode_001_SuicideEnd_json_static_callcallcallcode_001_SuicideEnd_fork_Cancun_Prague_d0g0v0
generated.ethereum_tests.ethereum-tests.GeneralStateTests.stStaticCall.static_callcallcallcode_001_SuicideEnd2.test.GeneralStateTests_stStaticCall_static_callcallcallcode_001_SuicideEnd2_json_static_callcallcallcode_001_SuicideEnd2_fork_Cancun_Prague_d0g0v0
generated.ethereum_tests.ethereum-tests.GeneralStateTests.stStaticCall.static_callcallcallcode_001_SuicideMiddle.test.GeneralStateTests_stStaticCall_static_callcallcallcode_001_SuicideMiddle_json_static_callcallcallcode_001_SuicideMiddle_fork_Cancun_Prague_d0g0v0
generated.ethereum_tests.ethereum-tests.GeneralStateTests.stStaticCall.static_callcallcallcode_001_SuicideMiddle2.test.GeneralStateTests_stStaticCall_static_callcallcallcode_001_SuicideMiddle2_json_static_callcallcallcode_001_SuicideMiddle2_fork_Cancun_Prague_d0g0v0
generated.ethereum_tests.ethereum-tests.GeneralStateTests.stStaticCall.static_callcallcallcode_ABCB_RECURSIVE.test.GeneralStateTests_stStaticCall_static_callcallcallcode_ABCB_RECURSIVE_json_static_callcallcallcode_ABCB_RECURSIVE_fork_Cancun_Prague_d0g0v0
generated.ethereum_tests.ethereum-tests.GeneralStateTests.stStaticCall.static_callcallcallcode_ABCB_RECURSIVE2.test.GeneralStateTests_stStaticCall_static_callcallcallcode_ABCB_RECURSIVE2_json_static_callcallcallcode_ABCB_RECURSIVE2_fork_Cancun_Prague_d0g0v0
generated.ethereum_tests.ethereum-tests.GeneralStateTests.stStaticCall.static_callcallcode_01_2.test.GeneralStateTests_stStaticCall_static_callcallcode_01_2_json_static_callcallcode_01_2_fork_Cancun_Prague_d_0_1_g0v0
generated.ethereum_tests.ethereum-tests.GeneralStateTests.stStaticCall.static_callcallcode_01_OOGE_2.test.GeneralStateTests_stStaticCall_static_callcallcode_01_OOGE_2_json_static_callcallcode_01_OOGE_2_fork_Cancun_Prague_d_0_1_g0v0
generated.ethereum_tests.ethereum-tests.GeneralStateTests.stStaticCall.static_callcallcode_01_SuicideEnd.test.GeneralStateTests_stStaticCall_static_callcallcode_01_SuicideEnd_json_static_callcallcode_01_SuicideEnd_fork_Cancun_Prague_d0g0v0
generated.ethereum_tests.ethereum-tests.GeneralStateTests.stStaticCall.static_callcallcode_01_SuicideEnd2.test.GeneralStateTests_stStaticCall_static_callcallcode_01_SuicideEnd2_json_static_callcallcode_01_SuicideEnd2_fork_Cancun_Prague_d0g0v0
generated.ethereum_tests.ethereum-tests.GeneralStateTests.stStaticCall.static_callcallcodecall_010.test.GeneralStateTests_stStaticCall_static_callcallcodecall_010_json_static_callcallcodecall_010_fork_Cancun_Prague_d0g0v0
generated.ethereum_tests.ethereum-tests.GeneralStateTests.stStaticCall.static_callcallcodecall_010_2.test.GeneralStateTests_stStaticCall_static_callcallcodecall_010_2_json_static_callcallcodecall_010_2_fork_Cancun_Prague_d_0_1_g0v0
generated.ethereum_tests.ethereum-tests.GeneralStateTests.stStaticCall.static_callcallcodecall_010_OOGE.test.GeneralStateTests_stStaticCall_static_callcallcodecall_010_OOGE_json_static_callcallcodecall_010_OOGE_fork_Cancun_Prague_d_0_1_g0v0
generated.ethereum_tests.ethereum-tests.GeneralStateTests.stStaticCall.static_callcallcodecall_010_OOGE_2.test.GeneralStateTests_stStaticCall_static_callcallcodecall_010_OOGE_2_json_static_callcallcodecall_010_OOGE_2_fork_Cancun_Prague_d_0_1_g0v0
generated.ethereum_tests.ethereum-tests.GeneralStateTests.stStaticCall.static_callcallcodecall_010_OOGMAfter.test.GeneralStateTests_stStaticCall_static_callcallcodecall_010_OOGMAfter_json_static_callcallcodecall_010_OOGMAfter_fork_Cancun_Prague_d_0_1_g0v0
generated.ethereum_tests.ethereum-tests.GeneralStateTests.stStaticCall.static_callcallcodecall_010_OOGMAfter2.test.GeneralStateTests_stStaticCall_static_callcallcodecall_010_OOGMAfter2_json_static_callcallcodecall_010_OOGMAfter2_fork_Cancun_Prague_d_0_1_g0v0
generated.ethereum_tests.ethereum-tests.GeneralStateTests.stStaticCall.static_callcallcodecall_010_OOGMAfter_2.test.GeneralStateTests_stStaticCall_static_callcallcodecall_010_OOGMAfter_2_json_static_callcallcodecall_010_OOGMAfter_2_fork_Cancun_Prague_d_0_1_g0v0
generated.ethereum_tests.ethereum-tests.GeneralStateTests.stStaticCall.static_callcallcodecall_010_OOGMAfter_3.test.GeneralStateTests_stStaticCall_static_callcallcodecall_010_OOGMAfter_3_json_static_callcallcodecall_010_OOGMAfter_3_fork_Cancun_Prague_d_0_1_g0v0
generated.ethereum_tests.ethereum-tests.GeneralStateTests.stStaticCall.static_callcallcodecall_010_OOGMBefore.test.GeneralStateTests_stStaticCall_static_callcallcodecall_010_OOGMBefore_json_static_callcallcodecall_010_OOGMBefore_fork_Cancun_Prague_d_0_1_g0v0
generated.ethereum_tests.ethereum-tests.GeneralStateTests.stStaticCall.static_callcallcodecall_010_OOGMBefore2.test.GeneralStateTests_stStaticCall_static_callcallcodecall_010_OOGMBefore2_json_static_callcallcodecall_010_OOGMBefore2_fork_Cancun_Prague_d_0_1_g0v0
generated.ethereum_tests.ethereum-tests.GeneralStateTests.stStaticCall.static_callcallcodecall_010_SuicideEnd.test.GeneralStateTests_stStaticCall_static_callcallcodecall_010_SuicideEnd_json_static_callcallcodecall_010_SuicideEnd_fork_Cancun_Prague_d0g0v0
generated.ethereum_tests.ethereum-tests.GeneralStateTests.stStaticCall.static_callcallcodecall_010_SuicideEnd2.test.GeneralStateTests_stStaticCall_static_callcallcodecall_010_SuicideEnd2_json_static_callcallcodecall_010_SuicideEnd2_fork_Cancun_Prague_d0g0v0
generated.ethereum_tests.ethereum-tests.GeneralStateTests.stStaticCall.static_callcallcodecall_010_SuicideMiddle.test.GeneralStateTests_stStaticCall_static_callcallcodecall_010_SuicideMiddle_json_static_callcallcodecall_010_SuicideMiddle_fork_Cancun_Prague_d0g0v0
generated.ethereum_tests.ethereum-tests.GeneralStateTests.stStaticCall.static_callcallcodecall_010_SuicideMiddle2.test.GeneralStateTests_stStaticCall_static_callcallcodecall_010_SuicideMiddle2_json_static_callcallcodecall_010_SuicideMiddle2_fork_Cancun_Prague_d0g0v0
generated.ethereum_tests.ethereum-tests.GeneralStateTests.stStaticCall.static_callcallcodecall_ABCB_RECURSIVE.test.GeneralStateTests_stStaticCall_static_callcallcodecall_ABCB_RECURSIVE_json_static_callcallcodecall_ABCB_RECURSIVE_fork_Cancun_Prague_d0g0v0
generated.ethereum_tests.ethereum-tests.GeneralStateTests.stStaticCall.static_callcallcodecall_ABCB_RECURSIVE2.test.GeneralStateTests_stStaticCall_static_callcallcodecall_ABCB_RECURSIVE2_json_static_callcallcodecall_ABCB_RECURSIVE2_fork_Cancun_Prague_d0g0v0
generated.ethereum_tests.ethereum-tests.GeneralStateTests.stStaticCall.static_callcallcodecallcode_011.test.GeneralStateTests_stStaticCall_static_callcallcodecallcode_011_json_static_callcallcodecallcode_011_fork_Cancun_Prague_d0g0v0
generated.ethereum_tests.ethereum-tests.GeneralStateTests.stStaticCall.static_callcallcodecallcode_011_2.test.GeneralStateTests_stStaticCall_static_callcallcodecallcode_011_2_json_static_callcallcodecallcode_011_2_fork_Cancun_Prague_d_0_1_g0v0
generated.ethereum_tests.ethereum-tests.GeneralStateTests.stStaticCall.static_callcallcodecallcode_011_OOGE.test.GeneralStateTests_stStaticCall_static_callcallcodecallcode_011_OOGE_json_static_callcallcodecallcode_011_OOGE_fork_Cancun_Prague_d_0_1_g0v0
generated.ethereum_tests.ethereum-tests.GeneralStateTests.stStaticCall.static_callcallcodecallcode_011_OOGE_2.test.GeneralStateTests_stStaticCall_static_callcallcodecallcode_011_OOGE_2_json_static_callcallcodecallcode_011_OOGE_2_fork_Cancun_Prague_d_0_1_g0v0
generated.ethereum_tests.ethereum-tests.GeneralStateTests.stStaticCall.static_callcallcodecallcode_011_OOGMAfter.test.GeneralStateTests_stStaticCall_static_callcallcodecallcode_011_OOGMAfter_json_static_callcallcodecallcode_011_OOGMAfter_fork_Cancun_Prague_d_0_1_g0v0
generated.ethereum_tests.ethereum-tests.GeneralStateTests.stStaticCall.static_callcallcodecallcode_011_OOGMAfter2.test.GeneralStateTests_stStaticCall_static_callcallcodecallcode_011_OOGMAfter2_json_static_callcallcodecallcode_011_OOGMAfter2_fork_Cancun_Prague_d_0_1_g0v0
generated.ethereum_tests.ethereum-tests.GeneralStateTests.stStaticCall.static_callcallcodecallcode_011_OOGMAfter_1.test.GeneralStateTests_stStaticCall_static_callcallcodecallcode_011_OOGMAfter_1_json_static_callcallcodecallcode_011_OOGMAfter_1_fork_Cancun_Prague_d_0_1_g0v0
generated.ethereum_tests.ethereum-tests.GeneralStateTests.stStaticCall.static_callcallcodecallcode_011_OOGMAfter_2.test.GeneralStateTests_stStaticCall_static_callcallcodecallcode_011_OOGMAfter_2_json_static_callcallcodecallcode_011_OOGMAfter_2_fork_Cancun_Prague_d_0_1_g0v0
generated.ethereum_tests.ethereum-tests.GeneralStateTests.stStaticCall.static_callcallcodecallcode_011_OOGMBefore.test.GeneralStateTests_stStaticCall_static_callcallcodecallcode_011_OOGMBefore_json_static_callcallcodecallcode_011_OOGMBefore_fork_Cancun_Prague_d_0_1_g0v0
generated.ethereum_tests.ethereum-tests.GeneralStateTests.stStaticCall.static_callcallcodecallcode_011_OOGMBefore2.test.GeneralStateTests_stStaticCall_static_callcallcodecallcode_011_OOGMBefore2_json_static_callcallcodecallcode_011_OOGMBefore2_fork_Cancun_Prague_d_0_2_g0v0
generated.ethereum_tests.ethereum-tests.GeneralStateTests.stStaticCall.static_callcallcodecallcode_011_SuicideEnd.test.GeneralStateTests_stStaticCall_static_callcallcodecallcode_011_SuicideEnd_json_static_callcallcodecallcode_011_SuicideEnd_fork_Cancun_Prague_d0g0v0
generated.ethereum_tests.ethereum-tests.GeneralStateTests.stStaticCall.static_callcallcodecallcode_011_SuicideEnd2.test.GeneralStateTests_stStaticCall_static_callcallcodecallcode_011_SuicideEnd2_json_static_callcallcodecallcode_011_SuicideEnd2_fork_Cancun_Prague_d0g0v0
generated.ethereum_tests.ethereum-tests.GeneralStateTests.stStaticCall.static_callcallcodecallcode_011_SuicideMiddle.test.GeneralStateTests_stStaticCall_static_callcallcodecallcode_011_SuicideMiddle_json_static_callcallcodecallcode_011_SuicideMiddle_fork_Cancun_Prague_d0g0v0
generated.ethereum_tests.ethereum-tests.GeneralStateTests.stStaticCall.static_callcallcodecallcode_011_SuicideMiddle2.test.GeneralStateTests_stStaticCall_static_callcallcodecallcode_011_SuicideMiddle2_json_static_callcallcodecallcode_011_SuicideMiddle2_fork_Cancun_Prague_d0g0v0
generated.ethereum_tests.ethereum-tests.GeneralStateTests.stStaticCall.static_callcallcodecallcode_ABCB_RECURSIVE.test.GeneralStateTests_stStaticCall_static_callcallcodecallcode_ABCB_RECURSIVE_json_static_callcallcodecallcode_ABCB_RECURSIVE_fork_Cancun_Prague_d0g0v0
generated.ethereum_tests.ethereum-tests.GeneralStateTests.stStaticCall.static_callcallcodecallcode_ABCB_RECURSIVE2.test.GeneralStateTests_stStaticCall_static_callcallcodecallcode_ABCB_RECURSIVE2_json_static_callcallcodecallcode_ABCB_RECURSIVE2_fork_Cancun_Prague_d0g0v0
generated.ethereum_tests.ethereum-tests.GeneralStateTests.stStaticCall.static_callcode_checkPC.test.GeneralStateTests_stStaticCall_static_callcode_checkPC_json_static_callcode_checkPC_fork_Cancun_Prague_d0g0v0
generated.ethereum_tests.ethereum-tests.GeneralStateTests.stStaticCall.static_callcodecall_10.test.GeneralStateTests_stStaticCall_static_callcodecall_10_json_static_callcodecall_10_fork_Cancun_Prague_d0g0v0
generated.ethereum_tests.ethereum-tests.GeneralStateTests.stStaticCall.static_callcodecall_10_2.test.GeneralStateTests_stStaticCall_static_callcodecall_10_2_json_static_callcodecall_10_2_fork_Cancun_Prague_d0g0v0
generated.ethereum_tests.ethereum-tests.GeneralStateTests.stStaticCall.static_callcodecall_10_OOGE.test.GeneralStateTests_stStaticCall_static_callcodecall_10_OOGE_json_static_callcodecall_10_OOGE_fork_Cancun_Prague_d_0_1_g0v0
generated.ethereum_tests.ethereum-tests.GeneralStateTests.stStaticCall.static_callcodecall_10_OOGE_2.test.GeneralStateTests_stStaticCall_static_callcodecall_10_OOGE_2_json_static_callcodecall_10_OOGE_2_fork_Cancun_Prague_d_0_1_g0v0
generated.ethereum_tests.ethereum-tests.GeneralStateTests.stStaticCall.static_callcodecall_10_SuicideEnd.test.GeneralStateTests_stStaticCall_static_callcodecall_10_SuicideEnd_json_static_callcodecall_10_SuicideEnd_fork_Cancun_Prague_d_0_1_g0v0
generated.ethereum_tests.ethereum-tests.GeneralStateTests.stStaticCall.static_callcodecall_10_SuicideEnd2.test.GeneralStateTests_stStaticCall_static_callcodecall_10_SuicideEnd2_json_static_callcodecall_10_SuicideEnd2_fork_Cancun_Prague_d0g0v_0_1_
generated.ethereum_tests.ethereum-tests.GeneralStateTests.stStaticCall.static_callcodecallcall_100.test.GeneralStateTests_stStaticCall_static_callcodecallcall_100_json_static_callcodecallcall_100_fork_Cancun_Prague_d0g0v0
generated.ethereum_tests.ethereum-tests.GeneralStateTests.stStaticCall.static_callcodecallcall_100_2.test.GeneralStateTests_stStaticCall_static_callcodecallcall_100_2_json_static_callcodecallcall_100_2_fork_Cancun_Prague_d0g0v_0_1_
generated.ethereum_tests.ethereum-tests.GeneralStateTests.stStaticCall.static_callcodecallcall_100_OOGE.test.GeneralStateTests_stStaticCall_static_callcodecallcall_100_OOGE_json_static_callcodecallcall_100_OOGE_fork_Cancun_Prague_d_0_1_g0v0
generated.ethereum_tests.ethereum-tests.GeneralStateTests.stStaticCall.static_callcodecallcall_100_OOGE2.test.GeneralStateTests_stStaticCall_static_callcodecallcall_100_OOGE2_json_static_callcodecallcall_100_OOGE2_fork_Cancun_Prague_d_0_1_g0v0
generated.ethereum_tests.ethereum-tests.GeneralStateTests.stStaticCall.static_callcodecallcall_100_OOGMAfter.test.GeneralStateTests_stStaticCall_static_callcodecallcall_100_OOGMAfter_json_static_callcodecallcall_100_OOGMAfter_fork_Cancun_Prague_d0g0v0
generated.ethereum_tests.ethereum-tests.GeneralStateTests.stStaticCall.static_callcodecallcall_100_OOGMAfter2.test.GeneralStateTests_stStaticCall_static_callcodecallcall_100_OOGMAfter2_json_static_callcodecallcall_100_OOGMAfter2_fork_Cancun_Prague_d0g0v_0_1_
generated.ethereum_tests.ethereum-tests.GeneralStateTests.stStaticCall.static_callcodecallcall_100_OOGMAfter_2.test.GeneralStateTests_stStaticCall_static_callcodecallcall_100_OOGMAfter_2_json_static_callcodecallcall_100_OOGMAfter_2_fork_Cancun_Prague_d0g0v0
generated.ethereum_tests.ethereum-tests.GeneralStateTests.stStaticCall.static_callcodecallcall_100_OOGMAfter_3.test.GeneralStateTests_stStaticCall_static_callcodecallcall_100_OOGMAfter_3_json_static_callcodecallcall_100_OOGMAfter_3_fork_Cancun_Prague_d0g0v_0_1_
generated.ethereum_tests.ethereum-tests.GeneralStateTests.stStaticCall.static_callcodecallcall_100_OOGMBefore.test.GeneralStateTests_stStaticCall_static_callcodecallcall_100_OOGMBefore_json_static_callcodecallcall_100_OOGMBefore_fork_Cancun_Prague_d_0_1_g0v0
generated.ethereum_tests.ethereum-tests.GeneralStateTests.stStaticCall.static_callcodecallcall_100_OOGMBefore2.test.GeneralStateTests_stStaticCall_static_callcodecallcall_100_OOGMBefore2_json_static_callcodecallcall_100_OOGMBefore2_fork_Cancun_Prague_d_0_1_g0v_0_1_
generated.ethereum_tests.ethereum-tests.GeneralStateTests.stStaticCall.static_callcodecallcall_100_SuicideEnd.test.GeneralStateTests_stStaticCall_static_callcodecallcall_100_SuicideEnd_json_static_callcodecallcall_100_SuicideEnd_fork_Cancun_Prague_d0g0v0
generated.ethereum_tests.ethereum-tests.GeneralStateTests.stStaticCall.static_callcodecallcall_100_SuicideEnd2.test.GeneralStateTests_stStaticCall_static_callcodecallcall_100_SuicideEnd2_json_static_callcodecallcall_100_SuicideEnd2_fork_Cancun_Prague_d0g0v0
generated.ethereum_tests.ethereum-tests.GeneralStateTests.stStaticCall.static_callcodecallcall_100_SuicideMiddle.test.GeneralStateTests_stStaticCall_static_callcodecallcall_100_SuicideMiddle_json_static_callcodecallcall_100_SuicideMiddle_fork_Cancun_Prague_d0g0v0
generated.ethereum_tests.ethereum-tests.GeneralStateTests.stStaticCall.static_callcodecallcall_100_SuicideMiddle2.test.GeneralStateTests_stStaticCall_static_callcodecallcall_100_SuicideMiddle2_json_static_callcodecallcall_100_SuicideMiddle2_fork_Cancun_Prague_d0g0v_0_1_
generated.ethereum_tests.ethereum-tests.GeneralStateTests.stStaticCall.static_callcodecallcall_ABCB_RECURSIVE.test.GeneralStateTests_stStaticCall_static_callcodecallcall_ABCB_RECURSIVE_json_static_callcodecallcall_ABCB_RECURSIVE_fork_Cancun_Prague_d0g0v0
generated.ethereum_tests.ethereum-tests.GeneralStateTests.stStaticCall.static_callcodecallcall_ABCB_RECURSIVE2.test.GeneralStateTests_stStaticCall_static_callcodecallcall_ABCB_RECURSIVE2_json_static_callcodecallcall_ABCB_RECURSIVE2_fork_Cancun_Prague_d0g0v_0_1_
generated.ethereum_tests.ethereum-tests.GeneralStateTests.stStaticCall.static_callcodecallcallcode_101.test.GeneralStateTests_stStaticCall_static_callcodecallcallcode_101_json_static_callcodecallcallcode_101_fork_Cancun_Prague_d0g0v0
generated.ethereum_tests.ethereum-tests.GeneralStateTests.stStaticCall.static_callcodecallcallcode_101_2.test.GeneralStateTests_stStaticCall_static_callcodecallcallcode_101_2_json_static_callcodecallcallcode_101_2_fork_Cancun_Prague_d_0_1_g0v0
generated.ethereum_tests.ethereum-tests.GeneralStateTests.stStaticCall.static_callcodecallcallcode_101_OOGE.test.GeneralStateTests_stStaticCall_static_callcodecallcallcode_101_OOGE_json_static_callcodecallcallcode_101_OOGE_fork_Cancun_Prague_d0g0v0
generated.ethereum_tests.ethereum-tests.GeneralStateTests.stStaticCall.static_callcodecallcallcode_101_OOGE_2.test.GeneralStateTests_stStaticCall_static_callcodecallcallcode_101_OOGE_2_json_static_callcodecallcallcode_101_OOGE_2_fork_Cancun_Prague_d0g0v0
generated.ethereum_tests.ethereum-tests.GeneralStateTests.stStaticCall.static_callcodecallcallcode_101_OOGMAfter.test.GeneralStateTests_stStaticCall_static_callcodecallcallcode_101_OOGMAfter_json_static_callcodecallcallcode_101_OOGMAfter_fork_Cancun_Prague_d0g0v0
generated.ethereum_tests.ethereum-tests.GeneralStateTests.stStaticCall.static_callcodecallcallcode_101_OOGMAfter2.test.GeneralStateTests_stStaticCall_static_callcodecallcallcode_101_OOGMAfter2_json_static_callcodecallcallcode_101_OOGMAfter2_fork_Cancun_Prague_d0g0v_0_1_
generated.ethereum_tests.ethereum-tests.GeneralStateTests.stStaticCall.static_callcodecallcallcode_101_OOGMAfter_1.test.GeneralStateTests_stStaticCall_static_callcodecallcallcode_101_OOGMAfter_1_json_static_callcodecallcallcode_101_OOGMAfter_1_fork_Cancun_Prague_d_0_1_g0v0
generated.ethereum_tests.ethereum-tests.GeneralStateTests.stStaticCall.static_callcodecallcallcode_101_OOGMAfter_3.test.GeneralStateTests_stStaticCall_static_callcodecallcallcode_101_OOGMAfter_3_json_static_callcodecallcallcode_101_OOGMAfter_3_fork_Cancun_Prague_d_0_1_g0v0
generated.ethereum_tests.ethereum-tests.GeneralStateTests.stStaticCall.static_callcodecallcallcode_101_OOGMBefore.test.GeneralStateTests_stStaticCall_static_callcodecallcallcode_101_OOGMBefore_json_static_callcodecallcallcode_101_OOGMBefore_fork_Cancun_Prague_d0g0v0
generated.ethereum_tests.ethereum-tests.GeneralStateTests.stStaticCall.static_callcodecallcallcode_101_OOGMBefore2.test.GeneralStateTests_stStaticCall_static_callcodecallcallcode_101_OOGMBefore2_json_static_callcodecallcallcode_101_OOGMBefore2_fork_Cancun_Prague_d0g0v_0_1_
generated.ethereum_tests.ethereum-tests.GeneralStateTests.stStaticCall.static_callcodecallcallcode_101_SuicideEnd.test.GeneralStateTests_stStaticCall_static_callcodecallcallcode_101_SuicideEnd_json_static_callcodecallcallcode_101_SuicideEnd_fork_Cancun_Prague_d0g0v0
generated.ethereum_tests.ethereum-tests.GeneralStateTests.stStaticCall.static_callcodecallcallcode_101_SuicideEnd2.test.GeneralStateTests_stStaticCall_static_callcodecallcallcode_101_SuicideEnd2_json_static_callcodecallcallcode_101_SuicideEnd2_fork_Cancun_Prague_d0g0v_0_1_
generated.ethereum_tests.ethereum-tests.GeneralStateTests.stStaticCall.static_callcodecallcallcode_101_SuicideMiddle.test.GeneralStateTests_stStaticCall_static_callcodecallcallcode_101_SuicideMiddle_json_static_callcodecallcallcode_101_SuicideMiddle_fork_Cancun_Prague_d0g0v0
generated.ethereum_tests.ethereum-tests.GeneralStateTests.stStaticCall.static_callcodecallcallcode_101_SuicideMiddle2.test.GeneralStateTests_stStaticCall_static_callcodecallcallcode_101_SuicideMiddle2_json_static_callcodecallcallcode_101_SuicideMiddle2_fork_Cancun_Prague_d0g0v_0_1_
generated.ethereum_tests.ethereum-tests.GeneralStateTests.stStaticCall.static_callcodecallcallcode_ABCB_RECURSIVE.test.GeneralStateTests_stStaticCall_static_callcodecallcallcode_ABCB_RECURSIVE_json_static_callcodecallcallcode_ABCB_RECURSIVE_fork_Cancun_Prague_d0g0v0
generated.ethereum_tests.ethereum-tests.GeneralStateTests.stStaticCall.static_callcodecallcallcode_ABCB_RECURSIVE2.test.GeneralStateTests_stStaticCall_static_callcodecallcallcode_ABCB_RECURSIVE2_json_static_callcodecallcallcode_ABCB_RECURSIVE2_fork_Cancun_Prague_d_0_1_g0v_0_1_
generated.ethereum_tests.ethereum-tests.GeneralStateTests.stStaticCall.static_callcodecallcodecall_110.test.GeneralStateTests_stStaticCall_static_callcodecallcodecall_110_json_static_callcodecallcodecall_110_fork_Cancun_Prague_d0g0v0
generated.ethereum_tests.ethereum-tests.GeneralStateTests.stStaticCall.static_callcodecallcodecall_1102.test.GeneralStateTests_stStaticCall_static_callcodecallcodecall_1102_json_static_callcodecallcodecall_1102_fork_Cancun_Prague_d0g0v_0_2_
generated.ethereum_tests.ethereum-tests.GeneralStateTests.stStaticCall.static_callcodecallcodecall_110_2.test.GeneralStateTests_stStaticCall_static_callcodecallcodecall_110_2_json_static_callcodecallcodecall_110_2_fork_Cancun_Prague_d0g0v_0_2_
generated.ethereum_tests.ethereum-tests.GeneralStateTests.stStaticCall.static_callcodecallcodecall_110_OOGE.test.GeneralStateTests_stStaticCall_static_callcodecallcodecall_110_OOGE_json_static_callcodecallcodecall_110_OOGE_fork_Cancun_Prague_d0g0v0
generated.ethereum_tests.ethereum-tests.GeneralStateTests.stStaticCall.static_callcodecallcodecall_110_OOGE2.test.GeneralStateTests_stStaticCall_static_callcodecallcodecall_110_OOGE2_json_static_callcodecallcodecall_110_OOGE2_fork_Cancun_Prague_d0g0v_0_2_
generated.ethereum_tests.ethereum-tests.GeneralStateTests.stStaticCall.static_callcodecallcodecall_110_OOGMAfter.test.GeneralStateTests_stStaticCall_static_callcodecallcodecall_110_OOGMAfter_json_static_callcodecallcodecall_110_OOGMAfter_fork_Cancun_Prague_d0g0v0
generated.ethereum_tests.ethereum-tests.GeneralStateTests.stStaticCall.static_callcodecallcodecall_110_OOGMAfter2.test.GeneralStateTests_stStaticCall_static_callcodecallcodecall_110_OOGMAfter2_json_static_callcodecallcodecall_110_OOGMAfter2_fork_Cancun_Prague_d0g0v_0_2_
generated.ethereum_tests.ethereum-tests.GeneralStateTests.stStaticCall.static_callcodecallcodecall_110_OOGMAfter_2.test.GeneralStateTests_stStaticCall_static_callcodecallcodecall_110_OOGMAfter_2_json_static_callcodecallcodecall_110_OOGMAfter_2_fork_Cancun_Prague_d0g0v0
generated.ethereum_tests.ethereum-tests.GeneralStateTests.stStaticCall.static_callcodecallcodecall_110_OOGMAfter_3.test.GeneralStateTests_stStaticCall_static_callcodecallcodecall_110_OOGMAfter_3_json_static_callcodecallcodecall_110_OOGMAfter_3_fork_Cancun_Prague_d0g0v0
generated.ethereum_tests.ethereum-tests.GeneralStateTests.stStaticCall.static_callcodecallcodecall_110_OOGMBefore.test.GeneralStateTests_stStaticCall_static_callcodecallcodecall_110_OOGMBefore_json_static_callcodecallcodecall_110_OOGMBefore_fork_Cancun_Prague_d0g0v0
generated.ethereum_tests.ethereum-tests.GeneralStateTests.stStaticCall.static_callcodecallcodecall_110_OOGMBefore2.test.GeneralStateTests_stStaticCall_static_callcodecallcodecall_110_OOGMBefore2_json_static_callcodecallcodecall_110_OOGMBefore2_fork_Cancun_Prague_d0g0v_0_2_
generated.ethereum_tests.ethereum-tests.GeneralStateTests.stStaticCall.static_callcodecallcodecall_110_SuicideEnd.test.GeneralStateTests_stStaticCall_static_callcodecallcodecall_110_SuicideEnd_json_static_callcodecallcodecall_110_SuicideEnd_fork_Cancun_Prague_d0g0v_0_1_
generated.ethereum_tests.ethereum-tests.GeneralStateTests.stStaticCall.static_callcodecallcodecall_110_SuicideEnd2.test.GeneralStateTests_stStaticCall_static_callcodecallcodecall_110_SuicideEnd2_json_static_callcodecallcodecall_110_SuicideEnd2_fork_Cancun_Prague_d0g0v_0_1_
generated.ethereum_tests.ethereum-tests.GeneralStateTests.stStaticCall.static_callcodecallcodecall_110_SuicideMiddle.test.GeneralStateTests_stStaticCall_static_callcodecallcodecall_110_SuicideMiddle_json_static_callcodecallcodecall_110_SuicideMiddle_fork_Cancun_Prague_d0g0v0
generated.ethereum_tests.ethereum-tests.GeneralStateTests.stStaticCall.static_callcodecallcodecall_110_SuicideMiddle2.test.GeneralStateTests_stStaticCall_static_callcodecallcodecall_110_SuicideMiddle2_json_static_callcodecallcodecall_110_SuicideMiddle2_fork_Cancun_Prague_d0g0v0
generated.ethereum_tests.ethereum-tests.GeneralStateTests.stStaticCall.static_callcodecallcodecall_ABCB_RECURSIVE.test.GeneralStateTests_stStaticCall_static_callcodecallcodecall_ABCB_RECURSIVE_json_static_callcodecallcodecall_ABCB_RECURSIVE_fork_Cancun_Prague_d0g0v0
generated.ethereum_tests.ethereum-tests.GeneralStateTests.stStaticCall.static_callcodecallcodecall_ABCB_RECURSIVE2.test.GeneralStateTests_stStaticCall_static_callcodecallcodecall_ABCB_RECURSIVE2_json_static_callcodecallcodecall_ABCB_RECURSIVE2_fork_Cancun_Prague_d0g0v_0_1_
generated.ethereum_tests.ethereum-tests.GeneralStateTests.stStaticCall.static_callcodecallcodecallcode_111_SuicideEnd.test.GeneralStateTests_stStaticCall_static_callcodecallcodecallcode_111_SuicideEnd_json_static_callcodecallcodecallcode_111_SuicideEnd_fork_Cancun_Prague_d0g0v0
generated.ethereum_tests.ethereum-tests.GeneralStateTests.stStaticCall.static_calldelcode_01.test.GeneralStateTests_stStaticCall_static_calldelcode_01_json_static_calldelcode_01_fork_Cancun_Prague_d0g0v0
generated.ethereum_tests.ethereum-tests.GeneralStateTests.stStaticCall.static_calldelcode_01_OOGE.test.GeneralStateTests_stStaticCall_static_calldelcode_01_OOGE_json_static_calldelcode_01_OOGE_fork_Cancun_Prague_d_0_1_g0v0
generated.ethereum_tests.ethereum-tests.GeneralStateTests.stStaticCall.static_contractCreationMakeCallThatAskMoreGasThenTransactionProvided.test.GeneralStateTests_stStaticCall_static_contractCreationMakeCallThatAskMoreGasThenTransactionProvided_json_static_contractCreationMakeCallThatAskMoreGasThenTransactionProvided_fork_Cancun_Prague_d_0_3_g0v0
generated.ethereum_tests.ethereum-tests.GeneralStateTests.stStaticCall.static_contractCreationOOGdontLeaveEmptyContractViaTransaction.test.GeneralStateTests_stStaticCall_static_contractCreationOOGdontLeaveEmptyContractViaTransaction_json_static_contractCreationOOGdontLeaveEmptyContractViaTransaction_fork_Cancun_Prague_d0g0v0
generated.ethereum_tests.ethereum-tests.GeneralStateTests.stStaticCall.static_log0_emptyMem.test.GeneralStateTests_stStaticCall_static_log0_emptyMem_json_static_log0_emptyMem_fork_Cancun_Prague_d0g0v0
generated.ethereum_tests.ethereum-tests.GeneralStateTests.stStaticCall.static_log0_logMemStartTooHigh.test.GeneralStateTests_stStaticCall_static_log0_logMemStartTooHigh_json_static_log0_logMemStartTooHigh_fork_Cancun_Prague_d0g0v0
generated.ethereum_tests.ethereum-tests.GeneralStateTests.stStaticCall.static_log0_logMemsizeTooHigh.test.GeneralStateTests_stStaticCall_static_log0_logMemsizeTooHigh_json_static_log0_logMemsizeTooHigh_fork_Cancun_Prague_d0g0v0
generated.ethereum_tests.ethereum-tests.GeneralStateTests.stStaticCall.static_log0_logMemsizeZero.test.GeneralStateTests_stStaticCall_static_log0_logMemsizeZero_json_static_log0_logMemsizeZero_fork_Cancun_Prague_d0g0v0
generated.ethereum_tests.ethereum-tests.GeneralStateTests.stStaticCall.static_log0_nonEmptyMem.test.GeneralStateTests_stStaticCall_static_log0_nonEmptyMem_json_static_log0_nonEmptyMem_fork_Cancun_Prague_d0g0v0
generated.ethereum_tests.ethereum-tests.GeneralStateTests.stStaticCall.static_log0_nonEmptyMem_logMemSize1.test.GeneralStateTests_stStaticCall_static_log0_nonEmptyMem_logMemSize1_json_static_log0_nonEmptyMem_logMemSize1_fork_Cancun_Prague_d0g0v0
generated.ethereum_tests.ethereum-tests.GeneralStateTests.stStaticCall.static_log0_nonEmptyMem_logMemSize1_logMemStart31.test.GeneralStateTests_stStaticCall_static_log0_nonEmptyMem_logMemSize1_logMemStart31_json_static_log0_nonEmptyMem_logMemSize1_logMemStart31_fork_Cancun_Prague_d0g0v0
generated.ethereum_tests.ethereum-tests.GeneralStateTests.stStaticCall.static_log1_MaxTopic.test.GeneralStateTests_stStaticCall_static_log1_MaxTopic_json_static_log1_MaxTopic_fork_Cancun_Prague_d0g0v0
generated.ethereum_tests.ethereum-tests.GeneralStateTests.stStaticCall.static_log1_emptyMem.test.GeneralStateTests_stStaticCall_static_log1_emptyMem_json_static_log1_emptyMem_fork_Cancun_Prague_d0g0v0
generated.ethereum_tests.ethereum-tests.GeneralStateTests.stStaticCall.static_log1_logMemStartTooHigh.test.GeneralStateTests_stStaticCall_static_log1_logMemStartTooHigh_json_static_log1_logMemStartTooHigh_fork_Cancun_Prague_d0g0v0
generated.ethereum_tests.ethereum-tests.GeneralStateTests.stStaticCall.static_log1_logMemsizeTooHigh.test.GeneralStateTests_stStaticCall_static_log1_logMemsizeTooHigh_json_static_log1_logMemsizeTooHigh_fork_Cancun_Prague_d0g0v0
generated.ethereum_tests.ethereum-tests.GeneralStateTests.stStaticCall.static_log1_logMemsizeZero.test.GeneralStateTests_stStaticCall_static_log1_logMemsizeZero_json_static_log1_logMemsizeZero_fork_Cancun_Prague_d0g0v0
generated.ethereum_tests.ethereum-tests.GeneralStateTests.stStaticCall.static_log_Caller.test.GeneralStateTests_stStaticCall_static_log_Caller_json_static_log_Caller_fork_Cancun_Prague_d_0_4_g0v0
generated.ethereum_tests.ethereum-tests.GeneralStateTests.stStaticCall.static_makeMoney.test.GeneralStateTests_stStaticCall_static_makeMoney_json_static_makeMoney_fork_Cancun_Prague_d0g0v0
generated.ethereum_tests.ethereum-tests.GeneralStateTests.stStaticCall.static_refund_CallA.test.GeneralStateTests_stStaticCall_static_refund_CallA_json_static_refund_CallA_fork_Cancun_Prague_d0g0v0
generated.ethereum_tests.ethereum-tests.GeneralStateTests.stStaticCall.static_refund_CallToSuicideNoStorage.test.GeneralStateTests_stStaticCall_static_refund_CallToSuicideNoStorage_json_static_refund_CallToSuicideNoStorage_fork_Cancun_Prague_d_0_1_g0v0
generated.ethereum_tests.ethereum-tests.GeneralStateTests.stStaticCall.static_refund_CallToSuicideTwice.test.GeneralStateTests_stStaticCall_static_refund_CallToSuicideTwice_json_static_refund_CallToSuicideTwice_fork_Cancun_Prague_d_0_1_g0v0
generated.ethereum_tests.ethereum-tests.GeneralStateTests.stStaticFlagEnabled.CallWithNOTZeroValueToPrecompileFromCalledContract.test.GeneralStateTests_stStaticFlagEnabled_CallWithNOTZeroValueToPrecompileFromCalledContract_json_CallWithNOTZeroValueToPrecompileFromCalledContract_fork_Cancun_Prague_d_0_7_g0v0
generated.ethereum_tests.ethereum-tests.GeneralStateTests.stStaticFlagEnabled.CallWithNOTZeroValueToPrecompileFromContractInitialization.test.GeneralStateTests_stStaticFlagEnabled_CallWithNOTZeroValueToPrecompileFromContractInitialization_json_CallWithNOTZeroValueToPrecompileFromContractInitialization_fork_Cancun_Prague_d_0_7_g0v0
generated.ethereum_tests.ethereum-tests.GeneralStateTests.stStaticFlagEnabled.CallWithNOTZeroValueToPrecompileFromTransaction.test.GeneralStateTests_stStaticFlagEnabled_CallWithNOTZeroValueToPrecompileFromTransaction_json_CallWithNOTZeroValueToPrecompileFromTransaction_fork_Cancun_Prague_d_0_7_g0v0
generated.ethereum_tests.ethereum-tests.GeneralStateTests.stStaticFlagEnabled.CallWithZeroValueToPrecompileFromCalledContract.test.GeneralStateTests_stStaticFlagEnabled_CallWithZeroValueToPrecompileFromCalledContract_json_CallWithZeroValueToPrecompileFromCalledContract_fork_Cancun_Prague_d0g0v0
generated.ethereum_tests.ethereum-tests.GeneralStateTests.stStaticFlagEnabled.CallWithZeroValueToPrecompileFromContractInitialization.test.GeneralStateTests_stStaticFlagEnabled_CallWithZeroValueToPrecompileFromContractInitialization_json_CallWithZeroValueToPrecompileFromContractInitialization_fork_Cancun_Prague_d0g0v0
generated.ethereum_tests.ethereum-tests.GeneralStateTests.stStaticFlagEnabled.CallWithZeroValueToPrecompileFromTransaction.test.GeneralStateTests_stStaticFlagEnabled_CallWithZeroValueToPrecompileFromTransaction_json_CallWithZeroValueToPrecompileFromTransaction_fork_Cancun_Prague_d0g0v0
generated.ethereum_tests.ethereum-tests.GeneralStateTests.stStaticFlagEnabled.CallcodeToPrecompileFromCalledContract.test.GeneralStateTests_stStaticFlagEnabled_CallcodeToPrecompileFromCalledContract_json_CallcodeToPrecompileFromCalledContract_fork_Cancun_Prague_d0g0v0
generated.ethereum_tests.ethereum-tests.GeneralStateTests.stStaticFlagEnabled.CallcodeToPrecompileFromContractInitialization.test.GeneralStateTests_stStaticFlagEnabled_CallcodeToPrecompileFromContractInitialization_json_CallcodeToPrecompileFromContractInitialization_fork_Cancun_Prague_d0g0v0
generated.ethereum_tests.ethereum-tests.GeneralStateTests.stStaticFlagEnabled.CallcodeToPrecompileFromTransaction.test.GeneralStateTests_stStaticFlagEnabled_CallcodeToPrecompileFromTransaction_json_CallcodeToPrecompileFromTransaction_fork_Cancun_Prague_d0g0v0
generated.ethereum_tests.ethereum-tests.GeneralStateTests.stStaticFlagEnabled.DelegatecallToPrecompileFromCalledContract.test.GeneralStateTests_stStaticFlagEnabled_DelegatecallToPrecompileFromCalledContract_json_DelegatecallToPrecompileFromCalledContract_fork_Cancun_Prague_d0g0v0
generated.ethereum_tests.ethereum-tests.GeneralStateTests.stStaticFlagEnabled.DelegatecallToPrecompileFromContractInitialization.test.GeneralStateTests_stStaticFlagEnabled_DelegatecallToPrecompileFromContractInitialization_json_DelegatecallToPrecompileFromContractInitialization_fork_Cancun_Prague_d0g0v0
generated.ethereum_tests.ethereum-tests.GeneralStateTests.stStaticFlagEnabled.DelegatecallToPrecompileFromTransaction.test.GeneralStateTests_stStaticFlagEnabled_DelegatecallToPrecompileFromTransaction_json_DelegatecallToPrecompileFromTransaction_fork_Cancun_Prague_d0g0v0
generated.ethereum_tests.ethereum-tests.GeneralStateTests.stStaticFlagEnabled.StaticcallForPrecompilesIssue683.test.GeneralStateTests_stStaticFlagEnabled_StaticcallForPrecompilesIssue683_json_StaticcallForPrecompilesIssue683_fork_Cancun_Prague_d0g0v0
generated.ethereum_tests.ethereum-tests.GeneralStateTests.stSystemOperationsTest.ABAcalls0.test.GeneralStateTests_stSystemOperationsTest_ABAcalls0_json_ABAcalls0_fork_Cancun_Prague_d0g0v0
generated.ethereum_tests.ethereum-tests.GeneralStateTests.stSystemOperationsTest.ABAcalls1.test.GeneralStateTests_stSystemOperationsTest_ABAcalls1_json_ABAcalls1_fork_Cancun_Prague_d0g0v0
generated.ethereum_tests.ethereum-tests.GeneralStateTests.stSystemOperationsTest.ABAcalls2.test.GeneralStateTests_stSystemOperationsTest_ABAcalls2_json_ABAcalls2_fork_Cancun_Prague_d0g0v0
generated.ethereum_tests.ethereum-tests.GeneralStateTests.stSystemOperationsTest.ABAcalls3.test.GeneralStateTests_stSystemOperationsTest_ABAcalls3_json_ABAcalls3_fork_Cancun_Prague_d0g0v0
generated.ethereum_tests.ethereum-tests.GeneralStateTests.stSystemOperationsTest.ABAcallsSuicide0.test.GeneralStateTests_stSystemOperationsTest_ABAcallsSuicide0_json_ABAcallsSuicide0_fork_Cancun_Prague_d0g0v0
generated.ethereum_tests.ethereum-tests.GeneralStateTests.stSystemOperationsTest.ABAcallsSuicide1.test.GeneralStateTests_stSystemOperationsTest_ABAcallsSuicide1_json_ABAcallsSuicide1_fork_Cancun_Prague_d_0_1_g0v0
generated.ethereum_tests.ethereum-tests.GeneralStateTests.stSystemOperationsTest.Call10.test.GeneralStateTests_stSystemOperationsTest_Call10_json_Call10_fork_Cancun_Prague_d0g0v0
generated.ethereum_tests.ethereum-tests.GeneralStateTests.stSystemOperationsTest.CallRecursiveBomb0.test.GeneralStateTests_stSystemOperationsTest_CallRecursiveBomb0_json_CallRecursiveBomb0_fork_Cancun_Prague_d0g0v0
generated.ethereum_tests.ethereum-tests.GeneralStateTests.stSystemOperationsTest.CallRecursiveBomb0_OOG_atMaxCallDepth.test.GeneralStateTests_stSystemOperationsTest_CallRecursiveBomb0_OOG_atMaxCallDepth_json_CallRecursiveBomb0_OOG_atMaxCallDepth_fork_Cancun_Prague_d0g0v0
generated.ethereum_tests.ethereum-tests.GeneralStateTests.stSystemOperationsTest.CallRecursiveBomb1.test.GeneralStateTests_stSystemOperationsTest_CallRecursiveBomb1_json_CallRecursiveBomb1_fork_Cancun_Prague_d0g0v0
generated.ethereum_tests.ethereum-tests.GeneralStateTests.stSystemOperationsTest.CallRecursiveBomb2.test.GeneralStateTests_stSystemOperationsTest_CallRecursiveBomb2_json_CallRecursiveBomb2_fork_Cancun_Prague_d0g0v0
generated.ethereum_tests.ethereum-tests.GeneralStateTests.stSystemOperationsTest.CallRecursiveBomb3.test.GeneralStateTests_stSystemOperationsTest_CallRecursiveBomb3_json_CallRecursiveBomb3_fork_Cancun_Prague_d0g0v0
generated.ethereum_tests.ethereum-tests.GeneralStateTests.stSystemOperationsTest.CallRecursiveBombLog.test.GeneralStateTests_stSystemOperationsTest_CallRecursiveBombLog_json_CallRecursiveBombLog_fork_Cancun_Prague_d0g0v0
generated.ethereum_tests.ethereum-tests.GeneralStateTests.stSystemOperationsTest.CallRecursiveBombLog2.test.GeneralStateTests_stSystemOperationsTest_CallRecursiveBombLog2_json_CallRecursiveBombLog2_fork_Cancun_Prague_d0g0v0
generated.ethereum_tests.ethereum-tests.GeneralStateTests.stSystemOperationsTest.CallToNameRegistrator0.test.GeneralStateTests_stSystemOperationsTest_CallToNameRegistrator0_json_CallToNameRegistrator0_fork_Cancun_Prague_d0g0v0
generated.ethereum_tests.ethereum-tests.GeneralStateTests.stSystemOperationsTest.CallToNameRegistratorAddressTooBigLeft.test.GeneralStateTests_stSystemOperationsTest_CallToNameRegistratorAddressTooBigLeft_json_CallToNameRegistratorAddressTooBigLeft_fork_Cancun_Prague_d0g0v0
generated.ethereum_tests.ethereum-tests.GeneralStateTests.stSystemOperationsTest.CallToNameRegistratorAddressTooBigRight.test.GeneralStateTests_stSystemOperationsTest_CallToNameRegistratorAddressTooBigRight_json_CallToNameRegistratorAddressTooBigRight_fork_Cancun_Prague_d0g0v0
generated.ethereum_tests.ethereum-tests.GeneralStateTests.stSystemOperationsTest.CallToNameRegistratorMemOOGAndInsufficientBalance.test.GeneralStateTests_stSystemOperationsTest_CallToNameRegistratorMemOOGAndInsufficientBalance_json_CallToNameRegistratorMemOOGAndInsufficientBalance_fork_Cancun_Prague_d0g0v0
generated.ethereum_tests.ethereum-tests.GeneralStateTests.stSystemOperationsTest.CallToNameRegistratorNotMuchMemory0.test.GeneralStateTests_stSystemOperationsTest_CallToNameRegistratorNotMuchMemory0_json_CallToNameRegistratorNotMuchMemory0_fork_Cancun_Prague_d0g0v0
generated.ethereum_tests.ethereum-tests.GeneralStateTests.stSystemOperationsTest.CallToNameRegistratorNotMuchMemory1.test.GeneralStateTests_stSystemOperationsTest_CallToNameRegistratorNotMuchMemory1_json_CallToNameRegistratorNotMuchMemory1_fork_Cancun_Prague_d0g0v0✖ test failed
generated.ethereum_tests.ethereum-tests.GeneralStateTests.stSystemOperationsTest.CallToNameRegistratorOutOfGas.test.GeneralStateTests_stSystemOperationsTest_CallToNameRegistratorOutOfGas_json_CallToNameRegistratorOutOfGas_fork_Cancun_Prague_d0g0v0
generated.ethereum_tests.ethereum-tests.GeneralStateTests.stSystemOperationsTest.CallToNameRegistratorTooMuchMemory0.test.GeneralStateTests_stSystemOperationsTest_CallToNameRegistratorTooMuchMemory0_json_CallToNameRegistratorTooMuchMemory0_fork_Cancun_Prague_d0g0v0
generated.ethereum_tests.ethereum-tests.GeneralStateTests.stSystemOperationsTest.CallToNameRegistratorTooMuchMemory1.test.GeneralStateTests_stSystemOperationsTest_CallToNameRegistratorTooMuchMemory1_json_CallToNameRegistratorTooMuchMemory1_fork_Cancun_Prague_d0g0v0
generated.ethereum_tests.ethereum-tests.GeneralStateTests.stSystemOperationsTest.CallToNameRegistratorTooMuchMemory2.test.GeneralStateTests_stSystemOperationsTest_CallToNameRegistratorTooMuchMemory2_json_CallToNameRegistratorTooMuchMemory2_fork_Cancun_Prague_d0g0v0
generated.ethereum_tests.ethereum-tests.GeneralStateTests.stSystemOperationsTest.CallToNameRegistratorZeorSizeMemExpansion.test.GeneralStateTests_stSystemOperationsTest_CallToNameRegistratorZeorSizeMemExpansion_json_CallToNameRegistratorZeorSizeMemExpansion_fork_Cancun_Prague_d0g_0_1_v0
generated.ethereum_tests.ethereum-tests.GeneralStateTests.stSystemOperationsTest.CallToReturn1.test.GeneralStateTests_stSystemOperationsTest_CallToReturn1_json_CallToReturn1_fork_Cancun_Prague_d0g0v0
generated.ethereum_tests.ethereum-tests.GeneralStateTests.stSystemOperationsTest.CallToReturn1ForDynamicJump0.test.GeneralStateTests_stSystemOperationsTest_CallToReturn1ForDynamicJump0_json_CallToReturn1ForDynamicJump0_fork_Cancun_Prague_d0g0v0
generated.ethereum_tests.ethereum-tests.GeneralStateTests.stSystemOperationsTest.CallToReturn1ForDynamicJump1.test.GeneralStateTests_stSystemOperationsTest_CallToReturn1ForDynamicJump1_json_CallToReturn1ForDynamicJump1_fork_Cancun_Prague_d0g0v0
generated.ethereum_tests.ethereum-tests.GeneralStateTests.stSystemOperationsTest.CalltoReturn2.test.GeneralStateTests_stSystemOperationsTest_CalltoReturn2_json_CalltoReturn2_fork_Cancun_Prague_d0g0v0
generated.ethereum_tests.ethereum-tests.GeneralStateTests.stSystemOperationsTest.CreateHashCollision.test.GeneralStateTests_stSystemOperationsTest_CreateHashCollision_json_CreateHashCollision_fork_Cancun_Prague_d0g0v0
generated.ethereum_tests.ethereum-tests.GeneralStateTests.stSystemOperationsTest.PostToReturn1.test.GeneralStateTests_stSystemOperationsTest_PostToReturn1_json_PostToReturn1_fork_Cancun_Prague_d0g0v0
generated.ethereum_tests.ethereum-tests.GeneralStateTests.stSystemOperationsTest.TestNameRegistrator.test.GeneralStateTests_stSystemOperationsTest_TestNameRegistrator_json_TestNameRegistrator_fork_Cancun_Prague_d0g0v0
generated.ethereum_tests.ethereum-tests.GeneralStateTests.stSystemOperationsTest.balanceInputAddressTooBig.test.GeneralStateTests_stSystemOperationsTest_balanceInputAddressTooBig_json_balanceInputAddressTooBig_fork_Cancun_Prague_d0g0v0
generated.ethereum_tests.ethereum-tests.GeneralStateTests.stSystemOperationsTest.callValue.test.GeneralStateTests_stSystemOperationsTest_callValue_json_callValue_fork_Cancun_Prague_d0g0v0
generated.ethereum_tests.ethereum-tests.GeneralStateTests.stSystemOperationsTest.callcodeTo0.test.GeneralStateTests_stSystemOperationsTest_callcodeTo0_json_callcodeTo0_fork_Cancun_Prague_d0g0v0
generated.ethereum_tests.ethereum-tests.GeneralStateTests.stSystemOperationsTest.callcodeToNameRegistrator0.test.GeneralStateTests_stSystemOperationsTest_callcodeToNameRegistrator0_json_callcodeToNameRegistrator0_fork_Cancun_Prague_d0g0v0
generated.ethereum_tests.ethereum-tests.GeneralStateTests.stSystemOperationsTest.callcodeToNameRegistratorAddresTooBigLeft.test.GeneralStateTests_stSystemOperationsTest_callcodeToNameRegistratorAddresTooBigLeft_json_callcodeToNameRegistratorAddresTooBigLeft_fork_Cancun_Prague_d0g0v0
generated.ethereum_tests.ethereum-tests.GeneralStateTests.stSystemOperationsTest.callcodeToNameRegistratorAddresTooBigRight.test.GeneralStateTests_stSystemOperationsTest_callcodeToNameRegistratorAddresTooBigRight_json_callcodeToNameRegistratorAddresTooBigRight_fork_Cancun_Prague_d0g0v0
generated.ethereum_tests.ethereum-tests.GeneralStateTests.stSystemOperationsTest.callcodeToNameRegistratorZeroMemExpanion.test.GeneralStateTests_stSystemOperationsTest_callcodeToNameRegistratorZeroMemExpanion_json_callcodeToNameRegistratorZeroMemExpanion_fork_Cancun_Prague_d0g_0_1_v0
generated.ethereum_tests.ethereum-tests.GeneralStateTests.stSystemOperationsTest.callcodeToReturn1.test.GeneralStateTests_stSystemOperationsTest_callcodeToReturn1_json_callcodeToReturn1_fork_Cancun_Prague_d0g0v0
generated.ethereum_tests.ethereum-tests.GeneralStateTests.stSystemOperationsTest.callerAccountBalance.test.GeneralStateTests_stSystemOperationsTest_callerAccountBalance_json_callerAccountBalance_fork_Cancun_Prague_d0g0v0
generated.ethereum_tests.ethereum-tests.GeneralStateTests.stSystemOperationsTest.createNameRegistrator.test.GeneralStateTests_stSystemOperationsTest_createNameRegistrator_json_createNameRegistrator_fork_Cancun_Prague_d0g0v0
generated.ethereum_tests.ethereum-tests.GeneralStateTests.stSystemOperationsTest.createNameRegistratorOOG_MemExpansionOOV.test.GeneralStateTests_stSystemOperationsTest_createNameRegistratorOOG_MemExpansionOOV_json_createNameRegistratorOOG_MemExpansionOOV_fork_Cancun_Prague_d0g0v0
generated.ethereum_tests.ethereum-tests.GeneralStateTests.stSystemOperationsTest.createNameRegistratorOutOfMemoryBonds0.test.GeneralStateTests_stSystemOperationsTest_createNameRegistratorOutOfMemoryBonds0_json_createNameRegistratorOutOfMemoryBonds0_fork_Cancun_Prague_d0g0v0
generated.ethereum_tests.ethereum-tests.GeneralStateTests.stSystemOperationsTest.createNameRegistratorOutOfMemoryBonds1.test.GeneralStateTests_stSystemOperationsTest_createNameRegistratorOutOfMemoryBonds1_json_createNameRegistratorOutOfMemoryBonds1_fork_Cancun_Prague_d0g0v0
generated.ethereum_tests.ethereum-tests.GeneralStateTests.stSystemOperationsTest.createNameRegistratorValueTooHigh.test.GeneralStateTests_stSystemOperationsTest_createNameRegistratorValueTooHigh_json_createNameRegistratorValueTooHigh_fork_Cancun_Prague_d0g0v0
generated.ethereum_tests.ethereum-tests.GeneralStateTests.stSystemOperationsTest.createNameRegistratorZeroMem.test.GeneralStateTests_stSystemOperationsTest_createNameRegistratorZeroMem_json_createNameRegistratorZeroMem_fork_Cancun_Prague_d0g0v0
generated.ethereum_tests.ethereum-tests.GeneralStateTests.stSystemOperationsTest.createNameRegistratorZeroMem2.test.GeneralStateTests_stSystemOperationsTest_createNameRegistratorZeroMem2_json_createNameRegistratorZeroMem2_fork_Cancun_Prague_d0g0v0
generated.ethereum_tests.ethereum-tests.GeneralStateTests.stSystemOperationsTest.createNameRegistratorZeroMemExpansion.test.GeneralStateTests_stSystemOperationsTest_createNameRegistratorZeroMemExpansion_json_createNameRegistratorZeroMemExpansion_fork_Cancun_Prague_d0g0v0
generated.ethereum_tests.ethereum-tests.GeneralStateTests.stSystemOperationsTest.createWithInvalidOpcode.test.GeneralStateTests_stSystemOperationsTest_createWithInvalidOpcode_json_createWithInvalidOpcode_fork_Cancun_Prague_d0g0v0
generated.ethereum_tests.ethereum-tests.GeneralStateTests.stSystemOperationsTest.currentAccountBalance.test.GeneralStateTests_stSystemOperationsTest_currentAccountBalance_json_currentAccountBalance_fork_Cancun_Prague_d0g0v0
generated.ethereum_tests.ethereum-tests.GeneralStateTests.stSystemOperationsTest.doubleSelfdestructTest.test.GeneralStateTests_stSystemOperationsTest_doubleSelfdestructTest_json_doubleSelfdestructTest_fork_Cancun_Prague_d_0_7_g0v0
generated.ethereum_tests.ethereum-tests.GeneralStateTests.stSystemOperationsTest.doubleSelfdestructTouch_Paris.test.GeneralStateTests_stSystemOperationsTest_doubleSelfdestructTouch_Paris_json_doubleSelfdestructTouch_Paris_fork_Cancun_Prague_d0g0v_0_2_
generated.ethereum_tests.ethereum-tests.GeneralStateTests.stSystemOperationsTest.extcodecopy.test.GeneralStateTests_stSystemOperationsTest_extcodecopy_json_extcodecopy_fork_Cancun_Prague_d0g0v0
generated.ethereum_tests.ethereum-tests.GeneralStateTests.stSystemOperationsTest.multiSelfdestruct.test.GeneralStateTests_stSystemOperationsTest_multiSelfdestruct_json_multiSelfdestruct_fork_Cancun_Prague_d_0_4_g0v0
generated.ethereum_tests.ethereum-tests.GeneralStateTests.stSystemOperationsTest.return0.test.GeneralStateTests_stSystemOperationsTest_return0_json_return0_fork_Cancun_Prague_d0g0v0
generated.ethereum_tests.ethereum-tests.GeneralStateTests.stSystemOperationsTest.return1.test.GeneralStateTests_stSystemOperationsTest_return1_json_return1_fork_Cancun_Prague_d0g0v0
generated.ethereum_tests.ethereum-tests.GeneralStateTests.stSystemOperationsTest.return2.test.GeneralStateTests_stSystemOperationsTest_return2_json_return2_fork_Cancun_Prague_d0g0v0
generated.ethereum_tests.ethereum-tests.GeneralStateTests.stSystemOperationsTest.suicideAddress.test.GeneralStateTests_stSystemOperationsTest_suicideAddress_json_suicideAddress_fork_Cancun_Prague_d0g0v0
generated.ethereum_tests.ethereum-tests.GeneralStateTests.stSystemOperationsTest.suicideCaller.test.GeneralStateTests_stSystemOperationsTest_suicideCaller_json_suicideCaller_fork_Cancun_Prague_d0g0v0
generated.ethereum_tests.ethereum-tests.GeneralStateTests.stSystemOperationsTest.suicideCallerAddresTooBigLeft.test.GeneralStateTests_stSystemOperationsTest_suicideCallerAddresTooBigLeft_json_suicideCallerAddresTooBigLeft_fork_Cancun_Prague_d0g0v0
generated.ethereum_tests.ethereum-tests.GeneralStateTests.stSystemOperationsTest.suicideCallerAddresTooBigRight.test.GeneralStateTests_stSystemOperationsTest_suicideCallerAddresTooBigRight_json_suicideCallerAddresTooBigRight_fork_Cancun_Prague_d0g0v0
generated.ethereum_tests.ethereum-tests.GeneralStateTests.stSystemOperationsTest.suicideNotExistingAccount.test.GeneralStateTests_stSystemOperationsTest_suicideNotExistingAccount_json_suicideNotExistingAccount_fork_Cancun_Prague_d0g0v0
generated.ethereum_tests.ethereum-tests.GeneralStateTests.stSystemOperationsTest.suicideOrigin.test.GeneralStateTests_stSystemOperationsTest_suicideOrigin_json_suicideOrigin_fork_Cancun_Prague_d0g0v0
generated.ethereum_tests.ethereum-tests.GeneralStateTests.stSystemOperationsTest.suicideSendEtherPostDeath.test.GeneralStateTests_stSystemOperationsTest_suicideSendEtherPostDeath_json_suicideSendEtherPostDeath_fork_Cancun_Prague_d0g0v0
generated.ethereum_tests.ethereum-tests.GeneralStateTests.stSystemOperationsTest.suicideSendEtherToMe.test.GeneralStateTests_stSystemOperationsTest_suicideSendEtherToMe_json_suicideSendEtherToMe_fork_Cancun_Prague_d0g0v0
generated.ethereum_tests.ethereum-tests.GeneralStateTests.stSystemOperationsTest.testRandomTest.test.GeneralStateTests_stSystemOperationsTest_testRandomTest_json_testRandomTest_fork_Cancun_Prague_d0g0v0
generated.ethereum_tests.ethereum-tests.GeneralStateTests.stTimeConsuming.CALLBlake2f_MaxRounds.test.GeneralStateTests_stTimeConsuming_CALLBlake2f_MaxRounds_json_CALLBlake2f_MaxRounds_fork_Cancun_Prague_d0g0v0
generated.ethereum_tests.ethereum-tests.GeneralStateTests.stTimeConsuming.sstore_combinations_initial00_2_Paris.test.GeneralStateTests_stTimeConsuming_sstore_combinations_initial00_2_Paris_json_sstore_combinations_initial00_2_Paris_fork_Cancun_Prague_d_0_423_g0v0
generated.ethereum_tests.ethereum-tests.GeneralStateTests.stTimeConsuming.sstore_combinations_initial00_Paris.test.GeneralStateTests_stTimeConsuming_sstore_combinations_initial00_Paris_json_sstore_combinations_initial00_Paris_fork_Cancun_Prague_d_0_425_g0v0
generated.ethereum_tests.ethereum-tests.GeneralStateTests.stTimeConsuming.sstore_combinations_initial01_2_Paris.test.GeneralStateTests_stTimeConsuming_sstore_combinations_initial01_2_Paris_json_sstore_combinations_initial01_2_Paris_fork_Cancun_Prague_d_0_452_g0v0
generated.ethereum_tests.ethereum-tests.GeneralStateTests.stTimeConsuming.sstore_combinations_initial01_Paris.test.GeneralStateTests_stTimeConsuming_sstore_combinations_initial01_Paris_json_sstore_combinations_initial01_Paris_fork_Cancun_Prague_d_0_425_g0v0
generated.ethereum_tests.ethereum-tests.GeneralStateTests.stTimeConsuming.sstore_combinations_initial10_2_Paris.test.GeneralStateTests_stTimeConsuming_sstore_combinations_initial10_2_Paris_json_sstore_combinations_initial10_2_Paris_fork_Cancun_Prague_d_0_423_g0v0
generated.ethereum_tests.ethereum-tests.GeneralStateTests.stTimeConsuming.sstore_combinations_initial10_Paris.test.GeneralStateTests_stTimeConsuming_sstore_combinations_initial10_Paris_json_sstore_combinations_initial10_Paris_fork_Cancun_Prague_d_0_425_g0v0
generated.ethereum_tests.ethereum-tests.GeneralStateTests.stTimeConsuming.sstore_combinations_initial11_2_Paris.test.GeneralStateTests_stTimeConsuming_sstore_combinations_initial11_2_Paris_json_sstore_combinations_initial11_2_Paris_fork_Cancun_Prague_d_0_452_g0v0
generated.ethereum_tests.ethereum-tests.GeneralStateTests.stTimeConsuming.sstore_combinations_initial11_Paris.test.GeneralStateTests_stTimeConsuming_sstore_combinations_initial11_Paris_json_sstore_combinations_initial11_Paris_fork_Cancun_Prague_d_0_425_g0v0
generated.ethereum_tests.ethereum-tests.GeneralStateTests.stTimeConsuming.sstore_combinations_initial20_2_Paris.test.GeneralStateTests_stTimeConsuming_sstore_combinations_initial20_2_Paris_json_sstore_combinations_initial20_2_Paris_fork_Cancun_Prague_d_0_423_g0v0
generated.ethereum_tests.ethereum-tests.GeneralStateTests.stTimeConsuming.sstore_combinations_initial20_Paris.test.GeneralStateTests_stTimeConsuming_sstore_combinations_initial20_Paris_json_sstore_combinations_initial20_Paris_fork_Cancun_Prague_d_0_425_g0v0
generated.ethereum_tests.ethereum-tests.GeneralStateTests.stTimeConsuming.sstore_combinations_initial21_2_Paris.test.GeneralStateTests_stTimeConsuming_sstore_combinations_initial21_2_Paris_json_sstore_combinations_initial21_2_Paris_fork_Cancun_Prague_d_0_452_g0v0
generated.ethereum_tests.ethereum-tests.GeneralStateTests.stTimeConsuming.sstore_combinations_initial21_Paris.test.GeneralStateTests_stTimeConsuming_sstore_combinations_initial21_Paris_json_sstore_combinations_initial21_Paris_fork_Cancun_Prague_d_0_425_g0v0
generated.ethereum_tests.ethereum-tests.GeneralStateTests.stTimeConsuming.static_Call50000_sha256.test.GeneralStateTests_stTimeConsuming_static_Call50000_sha256_json_static_Call50000_sha256_fork_Cancun_Prague_d_0_1_g0v0
generated.ethereum_tests.ethereum-tests.GeneralStateTests.stTransactionTest.ContractStoreClearsOOG.test.GeneralStateTests_stTransactionTest_ContractStoreClearsOOG_json_ContractStoreClearsOOG_fork_Cancun_Prague_d0g0v0
generated.ethereum_tests.ethereum-tests.GeneralStateTests.stTransactionTest.ContractStoreClearsSuccess.test.GeneralStateTests_stTransactionTest_ContractStoreClearsSuccess_json_ContractStoreClearsSuccess_fork_Cancun_Prague_d0g0v0
generated.ethereum_tests.ethereum-tests.GeneralStateTests.stTransactionTest.CreateMessageReverted.test.GeneralStateTests_stTransactionTest_CreateMessageReverted_json_CreateMessageReverted_fork_Cancun_Prague_d0g0v0
generated.ethereum_tests.ethereum-tests.GeneralStateTests.stTransactionTest.CreateMessageSuccess.test.GeneralStateTests_stTransactionTest_CreateMessageSuccess_json_CreateMessageSuccess_fork_Cancun_Prague_d0g0v0
generated.ethereum_tests.ethereum-tests.GeneralStateTests.stTransactionTest.CreateTransactionSuccess.test.GeneralStateTests_stTransactionTest_CreateTransactionSuccess_json_CreateTransactionSuccess_fork_Cancun_Prague_d0g0v0
generated.ethereum_tests.ethereum-tests.GeneralStateTests.stTransactionTest.EmptyTransaction3.test.GeneralStateTests_stTransactionTest_EmptyTransaction3_json_EmptyTransaction3_fork_Cancun_Prague_d0g0v0
generated.ethereum_tests.ethereum-tests.GeneralStateTests.stTransactionTest.HighGasLimit.test.GeneralStateTests_stTransactionTest_HighGasLimit_json_HighGasLimit_fork_Cancun_Prague_d0g0v0
generated.ethereum_tests.ethereum-tests.GeneralStateTests.stTransactionTest.HighGasPriceParis.test.GeneralStateTests_stTransactionTest_HighGasPriceParis_json_HighGasPriceParis_fork_Cancun_Prague_d0g0v0
generated.ethereum_tests.ethereum-tests.GeneralStateTests.stTransactionTest.InternalCallHittingGasLimit.test.GeneralStateTests_stTransactionTest_InternalCallHittingGasLimit_json_InternalCallHittingGasLimit_fork_Cancun_Prague_d0g0v0
generated.ethereum_tests.ethereum-tests.GeneralStateTests.stTransactionTest.InternalCallHittingGasLimit2.test.GeneralStateTests_stTransactionTest_InternalCallHittingGasLimit2_json_InternalCallHittingGasLimit2_fork_Cancun_Prague_d0g0v0
generated.ethereum_tests.ethereum-tests.GeneralStateTests.stTransactionTest.InternalCallHittingGasLimitSuccess.test.GeneralStateTests_stTransactionTest_InternalCallHittingGasLimitSuccess_json_InternalCallHittingGasLimitSuccess_fork_Cancun_Prague_d0g0v0
generated.ethereum_tests.ethereum-tests.GeneralStateTests.stTransactionTest.InternalCallStoreClearsOOG.test.GeneralStateTests_stTransactionTest_InternalCallStoreClearsOOG_json_InternalCallStoreClearsOOG_fork_Cancun_Prague_d0g0v0
generated.ethereum_tests.ethereum-tests.GeneralStateTests.stTransactionTest.InternalCallStoreClearsSuccess.test.GeneralStateTests_stTransactionTest_InternalCallStoreClearsSuccess_json_InternalCallStoreClearsSuccess_fork_Cancun_Prague_d0g0v0
generated.ethereum_tests.ethereum-tests.GeneralStateTests.stTransactionTest.NoSrcAccount.test.GeneralStateTests_stTransactionTest_NoSrcAccount_json_NoSrcAccount_fork_Cancun_Prague_d_0_4_g_0_2_v_0_1_
generated.ethereum_tests.ethereum-tests.GeneralStateTests.stTransactionTest.NoSrcAccount1559.test.GeneralStateTests_stTransactionTest_NoSrcAccount1559_json_NoSrcAccount1559_fork_Cancun_Prague_d_0_2_g_0_2_v_0_1_
generated.ethereum_tests.ethereum-tests.GeneralStateTests.stTransactionTest.NoSrcAccountCreate.test.GeneralStateTests_stTransactionTest_NoSrcAccountCreate_json_NoSrcAccountCreate_fork_Cancun_Prague_d_0_4_g_0_2_v_0_1_
generated.ethereum_tests.ethereum-tests.GeneralStateTests.stTransactionTest.NoSrcAccountCreate1559.test.GeneralStateTests_stTransactionTest_NoSrcAccountCreate1559_json_NoSrcAccountCreate1559_fork_Cancun_Prague_d_0_2_g_0_2_v_0_1_
generated.ethereum_tests.ethereum-tests.GeneralStateTests.stTransactionTest.Opcodes_TransactionInit.test.GeneralStateTests_stTransactionTest_Opcodes_TransactionInit_json_Opcodes_TransactionInit_fork_Cancun_Prague_d_0_131_g0v0
generated.ethereum_tests.ethereum-tests.GeneralStateTests.stTransactionTest.OverflowGasRequire2.test.GeneralStateTests_stTransactionTest_OverflowGasRequire2_json_OverflowGasRequire2_fork_Cancun_Prague_d0g0v0
generated.ethereum_tests.ethereum-tests.GeneralStateTests.stTransactionTest.PointAtInfinityECRecover.test.GeneralStateTests_stTransactionTest_PointAtInfinityECRecover_json_PointAtInfinityECRecover_fork_Cancun_Prague_d0g0v0
generated.ethereum_tests.ethereum-tests.GeneralStateTests.stTransactionTest.StoreClearsAndInternalCallStoreClearsOOG.test.GeneralStateTests_stTransactionTest_StoreClearsAndInternalCallStoreClearsOOG_json_StoreClearsAndInternalCallStoreClearsOOG_fork_Cancun_Prague_d0g0v0
generated.ethereum_tests.ethereum-tests.GeneralStateTests.stTransactionTest.StoreClearsAndInternalCallStoreClearsSuccess.test.GeneralStateTests_stTransactionTest_StoreClearsAndInternalCallStoreClearsSuccess_json_StoreClearsAndInternalCallStoreClearsSuccess_fork_Cancun_Prague_d0g0v0
generated.ethereum_tests.ethereum-tests.GeneralStateTests.stTransactionTest.StoreGasOnCreate.test.GeneralStateTests_stTransactionTest_StoreGasOnCreate_json_StoreGasOnCreate_fork_Cancun_Prague_d0g0v0
generated.ethereum_tests.ethereum-tests.GeneralStateTests.stTransactionTest.SuicidesAndInternalCallSuicidesBonusGasAtCall.test.GeneralStateTests_stTransactionTest_SuicidesAndInternalCallSuicidesBonusGasAtCall_json_SuicidesAndInternalCallSuicidesBonusGasAtCall_fork_Cancun_Prague_d0g0v0
generated.ethereum_tests.ethereum-tests.GeneralStateTests.stTransactionTest.SuicidesAndInternalCallSuicidesBonusGasAtCallFailed.test.GeneralStateTests_stTransactionTest_SuicidesAndInternalCallSuicidesBonusGasAtCallFailed_json_SuicidesAndInternalCallSuicidesBonusGasAtCallFailed_fork_Cancun_Prague_d0g0v0
generated.ethereum_tests.ethereum-tests.GeneralStateTests.stTransactionTest.SuicidesAndInternalCallSuicidesOOG.test.GeneralStateTests_stTransactionTest_SuicidesAndInternalCallSuicidesOOG_json_SuicidesAndInternalCallSuicidesOOG_fork_Cancun_Prague_d0g0v0
generated.ethereum_tests.ethereum-tests.GeneralStateTests.stTransactionTest.SuicidesAndInternalCallSuicidesSuccess.test.GeneralStateTests_stTransactionTest_SuicidesAndInternalCallSuicidesSuccess_json_SuicidesAndInternalCallSuicidesSuccess_fork_Cancun_Prague_d_0_1_g0v0
generated.ethereum_tests.ethereum-tests.GeneralStateTests.stTransactionTest.SuicidesAndSendMoneyToItselfEtherDestroyed.test.GeneralStateTests_stTransactionTest_SuicidesAndSendMoneyToItselfEtherDestroyed_json_SuicidesAndSendMoneyToItselfEtherDestroyed_fork_Cancun_Prague_d0g0v0
generated.ethereum_tests.ethereum-tests.GeneralStateTests.stTransactionTest.SuicidesStopAfterSuicide.test.GeneralStateTests_stTransactionTest_SuicidesStopAfterSuicide_json_SuicidesStopAfterSuicide_fork_Cancun_Prague_d0g0v0
generated.ethereum_tests.ethereum-tests.GeneralStateTests.stTransactionTest.TransactionDataCosts652.test.GeneralStateTests_stTransactionTest_TransactionDataCosts652_json_TransactionDataCosts652_fork_Cancun_Prague_d0g_0_1_v0
generated.ethereum_tests.ethereum-tests.GeneralStateTests.stTransactionTest.TransactionSendingToEmpty.test.GeneralStateTests_stTransactionTest_TransactionSendingToEmpty_json_TransactionSendingToEmpty_fork_Cancun_Prague_d0g0v0
generated.ethereum_tests.ethereum-tests.GeneralStateTests.stTransactionTest.TransactionSendingToZero.test.GeneralStateTests_stTransactionTest_TransactionSendingToZero_json_TransactionSendingToZero_fork_Cancun_Prague_d0g0v0
generated.ethereum_tests.ethereum-tests.GeneralStateTests.stTransactionTest.TransactionToAddressh160minusOne.test.GeneralStateTests_stTransactionTest_TransactionToAddressh160minusOne_json_TransactionToAddressh160minusOne_fork_Cancun_Prague_d0g0v0
generated.ethereum_tests.ethereum-tests.GeneralStateTests.stTransactionTest.TransactionToItself.test.GeneralStateTests_stTransactionTest_TransactionToItself_json_TransactionToItself_fork_Cancun_Prague_d0g0v0
generated.ethereum_tests.ethereum-tests.GeneralStateTests.stTransitionTest.createNameRegistratorPerTxsAfter.test.GeneralStateTests_stTransitionTest_createNameRegistratorPerTxsAfter_json_createNameRegistratorPerTxsAfter_fork_Cancun_Prague_d0g0v0
generated.ethereum_tests.ethereum-tests.GeneralStateTests.stTransitionTest.createNameRegistratorPerTxsAt.test.GeneralStateTests_stTransitionTest_createNameRegistratorPerTxsAt_json_createNameRegistratorPerTxsAt_fork_Cancun_Prague_d0g0v0
generated.ethereum_tests.ethereum-tests.GeneralStateTests.stTransitionTest.createNameRegistratorPerTxsBefore.test.GeneralStateTests_stTransitionTest_createNameRegistratorPerTxsBefore_json_createNameRegistratorPerTxsBefore_fork_Cancun_Prague_d0g0v0
generated.ethereum_tests.ethereum-tests.GeneralStateTests.stTransitionTest.delegatecallAfterTransition.test.GeneralStateTests_stTransitionTest_delegatecallAfterTransition_json_delegatecallAfterTransition_fork_Cancun_Prague_d0g0v0
generated.ethereum_tests.ethereum-tests.GeneralStateTests.stTransitionTest.delegatecallAtTransition.test.GeneralStateTests_stTransitionTest_delegatecallAtTransition_json_delegatecallAtTransition_fork_Cancun_Prague_d0g0v0
generated.ethereum_tests.ethereum-tests.GeneralStateTests.stTransitionTest.delegatecallBeforeTransition.test.GeneralStateTests_stTransitionTest_delegatecallBeforeTransition_json_delegatecallBeforeTransition_fork_Cancun_Prague_d0g0v0
generated.ethereum_tests.ethereum-tests.GeneralStateTests.stWalletTest.dayLimitConstruction.test.GeneralStateTests_stWalletTest_dayLimitConstruction_json_dayLimitConstruction_fork_Cancun_Prague_d0g_0_1_v0
generated.ethereum_tests.ethereum-tests.GeneralStateTests.stWalletTest.dayLimitConstructionOOG.test.GeneralStateTests_stWalletTest_dayLimitConstructionOOG_json_dayLimitConstructionOOG_fork_Cancun_Prague_d0g0v0
generated.ethereum_tests.ethereum-tests.GeneralStateTests.stWalletTest.dayLimitConstructionPartial.test.GeneralStateTests_stWalletTest_dayLimitConstructionPartial_json_dayLimitConstructionPartial_fork_Cancun_Prague_d0g0v0
generated.ethereum_tests.ethereum-tests.GeneralStateTests.stWalletTest.dayLimitResetSpentToday.test.GeneralStateTests_stWalletTest_dayLimitResetSpentToday_json_dayLimitResetSpentToday_fork_Cancun_Prague_d0g0v0
generated.ethereum_tests.ethereum-tests.GeneralStateTests.stWalletTest.dayLimitSetDailyLimit.test.GeneralStateTests_stWalletTest_dayLimitSetDailyLimit_json_dayLimitSetDailyLimit_fork_Cancun_Prague_d0g0v0
generated.ethereum_tests.ethereum-tests.GeneralStateTests.stWalletTest.dayLimitSetDailyLimitNoData.test.GeneralStateTests_stWalletTest_dayLimitSetDailyLimitNoData_json_dayLimitSetDailyLimitNoData_fork_Cancun_Prague_d0g0v0
generated.ethereum_tests.ethereum-tests.GeneralStateTests.stWalletTest.multiOwnedAddOwner.test.GeneralStateTests_stWalletTest_multiOwnedAddOwner_json_multiOwnedAddOwner_fork_Cancun_Prague_d0g0v0
generated.ethereum_tests.ethereum-tests.GeneralStateTests.stWalletTest.multiOwnedAddOwnerAddMyself.test.GeneralStateTests_stWalletTest_multiOwnedAddOwnerAddMyself_json_multiOwnedAddOwnerAddMyself_fork_Cancun_Prague_d0g0v0
generated.ethereum_tests.ethereum-tests.GeneralStateTests.stWalletTest.multiOwnedChangeOwner.test.GeneralStateTests_stWalletTest_multiOwnedChangeOwner_json_multiOwnedChangeOwner_fork_Cancun_Prague_d0g0v0
generated.ethereum_tests.ethereum-tests.GeneralStateTests.stWalletTest.multiOwnedChangeOwnerNoArgument.test.GeneralStateTests_stWalletTest_multiOwnedChangeOwnerNoArgument_json_multiOwnedChangeOwnerNoArgument_fork_Cancun_Prague_d0g0v0
generated.ethereum_tests.ethereum-tests.GeneralStateTests.stWalletTest.multiOwnedChangeOwner_fromNotOwner.test.GeneralStateTests_stWalletTest_multiOwnedChangeOwner_fromNotOwner_json_multiOwnedChangeOwner_fromNotOwner_fork_Cancun_Prague_d0g0v0
generated.ethereum_tests.ethereum-tests.GeneralStateTests.stWalletTest.multiOwnedChangeOwner_toIsOwner.test.GeneralStateTests_stWalletTest_multiOwnedChangeOwner_toIsOwner_json_multiOwnedChangeOwner_toIsOwner_fork_Cancun_Prague_d0g0v0
generated.ethereum_tests.ethereum-tests.GeneralStateTests.stWalletTest.multiOwnedChangeRequirementTo0.test.GeneralStateTests_stWalletTest_multiOwnedChangeRequirementTo0_json_multiOwnedChangeRequirementTo0_fork_Cancun_Prague_d0g0v0
generated.ethereum_tests.ethereum-tests.GeneralStateTests.stWalletTest.multiOwnedChangeRequirementTo1.test.GeneralStateTests_stWalletTest_multiOwnedChangeRequirementTo1_json_multiOwnedChangeRequirementTo1_fork_Cancun_Prague_d0g0v0
generated.ethereum_tests.ethereum-tests.GeneralStateTests.stWalletTest.multiOwnedChangeRequirementTo2.test.GeneralStateTests_stWalletTest_multiOwnedChangeRequirementTo2_json_multiOwnedChangeRequirementTo2_fork_Cancun_Prague_d0g0v0
generated.ethereum_tests.ethereum-tests.GeneralStateTests.stWalletTest.multiOwnedConstructionCorrect.test.GeneralStateTests_stWalletTest_multiOwnedConstructionCorrect_json_multiOwnedConstructionCorrect_fork_Cancun_Prague_d0g0v0
generated.ethereum_tests.ethereum-tests.GeneralStateTests.stWalletTest.multiOwnedConstructionNotEnoughGas.test.GeneralStateTests_stWalletTest_multiOwnedConstructionNotEnoughGas_json_multiOwnedConstructionNotEnoughGas_fork_Cancun_Prague_d0g0v0
generated.ethereum_tests.ethereum-tests.GeneralStateTests.stWalletTest.multiOwnedConstructionNotEnoughGasPartial.test.GeneralStateTests_stWalletTest_multiOwnedConstructionNotEnoughGasPartial_json_multiOwnedConstructionNotEnoughGasPartial_fork_Cancun_Prague_d0g_0_1_v0
generated.ethereum_tests.ethereum-tests.GeneralStateTests.stWalletTest.multiOwnedIsOwnerFalse.test.GeneralStateTests_stWalletTest_multiOwnedIsOwnerFalse_json_multiOwnedIsOwnerFalse_fork_Cancun_Prague_d0g0v0
generated.ethereum_tests.ethereum-tests.GeneralStateTests.stWalletTest.multiOwnedIsOwnerTrue.test.GeneralStateTests_stWalletTest_multiOwnedIsOwnerTrue_json_multiOwnedIsOwnerTrue_fork_Cancun_Prague_d0g0v0
generated.ethereum_tests.ethereum-tests.GeneralStateTests.stWalletTest.multiOwnedRemoveOwner.test.GeneralStateTests_stWalletTest_multiOwnedRemoveOwner_json_multiOwnedRemoveOwner_fork_Cancun_Prague_d0g0v0
generated.ethereum_tests.ethereum-tests.GeneralStateTests.stWalletTest.multiOwnedRemoveOwnerByNonOwner.test.GeneralStateTests_stWalletTest_multiOwnedRemoveOwnerByNonOwner_json_multiOwnedRemoveOwnerByNonOwner_fork_Cancun_Prague_d0g0v0
generated.ethereum_tests.ethereum-tests.GeneralStateTests.stWalletTest.multiOwnedRemoveOwner_mySelf.test.GeneralStateTests_stWalletTest_multiOwnedRemoveOwner_mySelf_json_multiOwnedRemoveOwner_mySelf_fork_Cancun_Prague_d0g0v0
generated.ethereum_tests.ethereum-tests.GeneralStateTests.stWalletTest.multiOwnedRemoveOwner_ownerIsNotOwner.test.GeneralStateTests_stWalletTest_multiOwnedRemoveOwner_ownerIsNotOwner_json_multiOwnedRemoveOwner_ownerIsNotOwner_fork_Cancun_Prague_d0g0v0
generated.ethereum_tests.ethereum-tests.GeneralStateTests.stWalletTest.multiOwnedRevokeNothing.test.GeneralStateTests_stWalletTest_multiOwnedRevokeNothing_json_multiOwnedRevokeNothing_fork_Cancun_Prague_d0g0v0
generated.ethereum_tests.ethereum-tests.GeneralStateTests.stWalletTest.walletAddOwnerRemovePendingTransaction.test.GeneralStateTests_stWalletTest_walletAddOwnerRemovePendingTransaction_json_walletAddOwnerRemovePendingTransaction_fork_Cancun_Prague_d0g0v0
generated.ethereum_tests.ethereum-tests.GeneralStateTests.stWalletTest.walletChangeOwnerRemovePendingTransaction.test.GeneralStateTests_stWalletTest_walletChangeOwnerRemovePendingTransaction_json_walletChangeOwnerRemovePendingTransaction_fork_Cancun_Prague_d0g0v0
generated.ethereum_tests.ethereum-tests.GeneralStateTests.stWalletTest.walletChangeRequirementRemovePendingTransaction.test.GeneralStateTests_stWalletTest_walletChangeRequirementRemovePendingTransaction_json_walletChangeRequirementRemovePendingTransaction_fork_Cancun_Prague_d0g0v0
generated.ethereum_tests.ethereum-tests.GeneralStateTests.stWalletTest.walletConfirm.test.GeneralStateTests_stWalletTest_walletConfirm_json_walletConfirm_fork_Cancun_Prague_d0g0v0
generated.ethereum_tests.ethereum-tests.GeneralStateTests.stWalletTest.walletConstruction.test.GeneralStateTests_stWalletTest_walletConstruction_json_walletConstruction_fork_Cancun_Prague_d0g_0_1_v0
generated.ethereum_tests.ethereum-tests.GeneralStateTests.stWalletTest.walletConstructionOOG.test.GeneralStateTests_stWalletTest_walletConstructionOOG_json_walletConstructionOOG_fork_Cancun_Prague_d0g_0_1_v0
generated.ethereum_tests.ethereum-tests.GeneralStateTests.stWalletTest.walletConstructionPartial.test.GeneralStateTests_stWalletTest_walletConstructionPartial_json_walletConstructionPartial_fork_Cancun_Prague_d0g0v0
generated.ethereum_tests.ethereum-tests.GeneralStateTests.stWalletTest.walletDefault.test.GeneralStateTests_stWalletTest_walletDefault_json_walletDefault_fork_Cancun_Prague_d0g0v0
generated.ethereum_tests.ethereum-tests.GeneralStateTests.stWalletTest.walletDefaultWithOutValue.test.GeneralStateTests_stWalletTest_walletDefaultWithOutValue_json_walletDefaultWithOutValue_fork_Cancun_Prague_d0g0v0
generated.ethereum_tests.ethereum-tests.GeneralStateTests.stWalletTest.walletExecuteOverDailyLimitMultiOwner.test.GeneralStateTests_stWalletTest_walletExecuteOverDailyLimitMultiOwner_json_walletExecuteOverDailyLimitMultiOwner_fork_Cancun_Prague_d0g0v0
generated.ethereum_tests.ethereum-tests.GeneralStateTests.stWalletTest.walletExecuteOverDailyLimitOnlyOneOwner.test.GeneralStateTests_stWalletTest_walletExecuteOverDailyLimitOnlyOneOwner_json_walletExecuteOverDailyLimitOnlyOneOwner_fork_Cancun_Prague_d0g0v0
generated.ethereum_tests.ethereum-tests.GeneralStateTests.stWalletTest.walletExecuteOverDailyLimitOnlyOneOwnerNew.test.GeneralStateTests_stWalletTest_walletExecuteOverDailyLimitOnlyOneOwnerNew_json_walletExecuteOverDailyLimitOnlyOneOwnerNew_fork_Cancun_Prague_d0g0v0
generated.ethereum_tests.ethereum-tests.GeneralStateTests.stWalletTest.walletExecuteUnderDailyLimit.test.GeneralStateTests_stWalletTest_walletExecuteUnderDailyLimit_json_walletExecuteUnderDailyLimit_fork_Cancun_Prague_d0g0v0
generated.ethereum_tests.ethereum-tests.GeneralStateTests.stWalletTest.walletKill.test.GeneralStateTests_stWalletTest_walletKill_json_walletKill_fork_Cancun_Prague_d0g0v0
generated.ethereum_tests.ethereum-tests.GeneralStateTests.stWalletTest.walletKillNotByOwner.test.GeneralStateTests_stWalletTest_walletKillNotByOwner_json_walletKillNotByOwner_fork_Cancun_Prague_d0g0v0
generated.ethereum_tests.ethereum-tests.GeneralStateTests.stWalletTest.walletKillToWallet.test.GeneralStateTests_stWalletTest_walletKillToWallet_json_walletKillToWallet_fork_Cancun_Prague_d0g0v0
generated.ethereum_tests.ethereum-tests.GeneralStateTests.stWalletTest.walletRemoveOwnerRemovePendingTransaction.test.GeneralStateTests_stWalletTest_walletRemoveOwnerRemovePendingTransaction_json_walletRemoveOwnerRemovePendingTransaction_fork_Cancun_Prague_d0g0v0
generated.ethereum_tests.ethereum-tests.GeneralStateTests.stZeroCallsRevert.ZeroValue_CALLCODE_OOGRevert.test.GeneralStateTests_stZeroCallsRevert_ZeroValue_CALLCODE_OOGRevert_json_ZeroValue_CALLCODE_OOGRevert_fork_Cancun_Prague_d0g0v0
generated.ethereum_tests.ethereum-tests.GeneralStateTests.stZeroCallsRevert.ZeroValue_CALLCODE_ToEmpty_OOGRevert_Paris.test.GeneralStateTests_stZeroCallsRevert_ZeroValue_CALLCODE_ToEmpty_OOGRevert_Paris_json_ZeroValue_CALLCODE_ToEmpty_OOGRevert_Paris_fork_Cancun_Prague_d0g0v0
generated.ethereum_tests.ethereum-tests.GeneralStateTests.stZeroCallsRevert.ZeroValue_CALLCODE_ToNonZeroBalance_OOGRevert.test.GeneralStateTests_stZeroCallsRevert_ZeroValue_CALLCODE_ToNonZeroBalance_OOGRevert_json_ZeroValue_CALLCODE_ToNonZeroBalance_OOGRevert_fork_Cancun_Prague_d0g0v0
generated.ethereum_tests.ethereum-tests.GeneralStateTests.stZeroCallsRevert.ZeroValue_CALLCODE_ToOneStorageKey_OOGRevert_Paris.test.GeneralStateTests_stZeroCallsRevert_ZeroValue_CALLCODE_ToOneStorageKey_OOGRevert_Paris_json_ZeroValue_CALLCODE_ToOneStorageKey_OOGRevert_Paris_fork_Cancun_Prague_d0g0v0
generated.ethereum_tests.ethereum-tests.GeneralStateTests.stZeroCallsRevert.ZeroValue_CALL_OOGRevert.test.GeneralStateTests_stZeroCallsRevert_ZeroValue_CALL_OOGRevert_json_ZeroValue_CALL_OOGRevert_fork_Cancun_Prague_d0g0v0
generated.ethereum_tests.ethereum-tests.GeneralStateTests.stZeroCallsRevert.ZeroValue_CALL_ToEmpty_OOGRevert_Paris.test.GeneralStateTests_stZeroCallsRevert_ZeroValue_CALL_ToEmpty_OOGRevert_Paris_json_ZeroValue_CALL_ToEmpty_OOGRevert_Paris_fork_Cancun_Prague_d0g0v0
generated.ethereum_tests.ethereum-tests.GeneralStateTests.stZeroCallsRevert.ZeroValue_CALL_ToNonZeroBalance_OOGRevert.test.GeneralStateTests_stZeroCallsRevert_ZeroValue_CALL_ToNonZeroBalance_OOGRevert_json_ZeroValue_CALL_ToNonZeroBalance_OOGRevert_fork_Cancun_Prague_d0g0v0
generated.ethereum_tests.ethereum-tests.GeneralStateTests.stZeroCallsRevert.ZeroValue_CALL_ToOneStorageKey_OOGRevert_Paris.test.GeneralStateTests_stZeroCallsRevert_ZeroValue_CALL_ToOneStorageKey_OOGRevert_Paris_json_ZeroValue_CALL_ToOneStorageKey_OOGRevert_Paris_fork_Cancun_Prague_d0g0v0
generated.ethereum_tests.ethereum-tests.GeneralStateTests.stZeroCallsRevert.ZeroValue_DELEGATECALL_OOGRevert.test.GeneralStateTests_stZeroCallsRevert_ZeroValue_DELEGATECALL_OOGRevert_json_ZeroValue_DELEGATECALL_OOGRevert_fork_Cancun_Prague_d0g0v0
generated.ethereum_tests.ethereum-tests.GeneralStateTests.stZeroCallsRevert.ZeroValue_DELEGATECALL_ToEmpty_OOGRevert_Paris.test.GeneralStateTests_stZeroCallsRevert_ZeroValue_DELEGATECALL_ToEmpty_OOGRevert_Paris_json_ZeroValue_DELEGATECALL_ToEmpty_OOGRevert_Paris_fork_Cancun_Prague_d0g0v0
generated.ethereum_tests.ethereum-tests.GeneralStateTests.stZeroCallsRevert.ZeroValue_DELEGATECALL_ToNonZeroBalance_OOGRevert.test.GeneralStateTests_stZeroCallsRevert_ZeroValue_DELEGATECALL_ToNonZeroBalance_OOGRevert_json_ZeroValue_DELEGATECALL_ToNonZeroBalance_OOGRevert_fork_Cancun_Prague_d0g0v0
generated.ethereum_tests.ethereum-tests.GeneralStateTests.stZeroCallsRevert.ZeroValue_DELEGATECALL_ToOneStorageKey_OOGRevert_Paris.test.GeneralStateTests_stZeroCallsRevert_ZeroValue_DELEGATECALL_ToOneStorageKey_OOGRevert_Paris_json_ZeroValue_DELEGATECALL_ToOneStorageKey_OOGRevert_Paris_fork_Cancun_Prague_d0g0v0
generated.ethereum_tests.ethereum-tests.GeneralStateTests.stZeroCallsRevert.ZeroValue_SUICIDE_OOGRevert.test.GeneralStateTests_stZeroCallsRevert_ZeroValue_SUICIDE_OOGRevert_json_ZeroValue_SUICIDE_OOGRevert_fork_Cancun_Prague_d0g0v0
generated.ethereum_tests.ethereum-tests.GeneralStateTests.stZeroCallsRevert.ZeroValue_SUICIDE_ToEmpty_OOGRevert_Paris.test.GeneralStateTests_stZeroCallsRevert_ZeroValue_SUICIDE_ToEmpty_OOGRevert_Paris_json_ZeroValue_SUICIDE_ToEmpty_OOGRevert_Paris_fork_Cancun_Prague_d0g0v0
generated.ethereum_tests.ethereum-tests.GeneralStateTests.stZeroCallsRevert.ZeroValue_SUICIDE_ToNonZeroBalance_OOGRevert.test.GeneralStateTests_stZeroCallsRevert_ZeroValue_SUICIDE_ToNonZeroBalance_OOGRevert_json_ZeroValue_SUICIDE_ToNonZeroBalance_OOGRevert_fork_Cancun_Prague_d0g0v0
generated.ethereum_tests.ethereum-tests.GeneralStateTests.stZeroCallsRevert.ZeroValue_SUICIDE_ToOneStorageKey_OOGRevert_Paris.test.GeneralStateTests_stZeroCallsRevert_ZeroValue_SUICIDE_ToOneStorageKey_OOGRevert_Paris_json_ZeroValue_SUICIDE_ToOneStorageKey_OOGRevert_Paris_fork_Cancun_Prague_d0g0v0
generated.ethereum_tests.ethereum-tests.GeneralStateTests.stZeroCallsTest.ZeroValue_CALL.test.GeneralStateTests_stZeroCallsTest_ZeroValue_CALL_json_ZeroValue_CALL_fork_Cancun_Prague_d0g0v0
generated.ethereum_tests.ethereum-tests.GeneralStateTests.stZeroCallsTest.ZeroValue_CALLCODE.test.GeneralStateTests_stZeroCallsTest_ZeroValue_CALLCODE_json_ZeroValue_CALLCODE_fork_Cancun_Prague_d0g0v0
generated.ethereum_tests.ethereum-tests.GeneralStateTests.stZeroCallsTest.ZeroValue_CALLCODE_ToEmpty_Paris.test.GeneralStateTests_stZeroCallsTest_ZeroValue_CALLCODE_ToEmpty_Paris_json_ZeroValue_CALLCODE_ToEmpty_Paris_fork_Cancun_Prague_d0g0v0
generated.ethereum_tests.ethereum-tests.GeneralStateTests.stZeroCallsTest.ZeroValue_CALLCODE_ToNonZeroBalance.test.GeneralStateTests_stZeroCallsTest_ZeroValue_CALLCODE_ToNonZeroBalance_json_ZeroValue_CALLCODE_ToNonZeroBalance_fork_Cancun_Prague_d0g0v0
generated.ethereum_tests.ethereum-tests.GeneralStateTests.stZeroCallsTest.ZeroValue_CALLCODE_ToOneStorageKey_Paris.test.GeneralStateTests_stZeroCallsTest_ZeroValue_CALLCODE_ToOneStorageKey_Paris_json_ZeroValue_CALLCODE_ToOneStorageKey_Paris_fork_Cancun_Prague_d0g0v0
generated.ethereum_tests.ethereum-tests.GeneralStateTests.stZeroCallsTest.ZeroValue_CALL_ToEmpty_Paris.test.GeneralStateTests_stZeroCallsTest_ZeroValue_CALL_ToEmpty_Paris_json_ZeroValue_CALL_ToEmpty_Paris_fork_Cancun_Prague_d0g0v0
generated.ethereum_tests.ethereum-tests.GeneralStateTests.stZeroCallsTest.ZeroValue_CALL_ToNonZeroBalance.test.GeneralStateTests_stZeroCallsTest_ZeroValue_CALL_ToNonZeroBalance_json_ZeroValue_CALL_ToNonZeroBalance_fork_Cancun_Prague_d0g0v0
generated.ethereum_tests.ethereum-tests.GeneralStateTests.stZeroCallsTest.ZeroValue_CALL_ToOneStorageKey_Paris.test.GeneralStateTests_stZeroCallsTest_ZeroValue_CALL_ToOneStorageKey_Paris_json_ZeroValue_CALL_ToOneStorageKey_Paris_fork_Cancun_Prague_d0g0v0
generated.ethereum_tests.ethereum-tests.GeneralStateTests.stZeroCallsTest.ZeroValue_DELEGATECALL.test.GeneralStateTests_stZeroCallsTest_ZeroValue_DELEGATECALL_json_ZeroValue_DELEGATECALL_fork_Cancun_Prague_d0g0v0
generated.ethereum_tests.ethereum-tests.GeneralStateTests.stZeroCallsTest.ZeroValue_DELEGATECALL_ToEmpty_Paris.test.GeneralStateTests_stZeroCallsTest_ZeroValue_DELEGATECALL_ToEmpty_Paris_json_ZeroValue_DELEGATECALL_ToEmpty_Paris_fork_Cancun_Prague_d0g0v0
generated.ethereum_tests.ethereum-tests.GeneralStateTests.stZeroCallsTest.ZeroValue_DELEGATECALL_ToNonZeroBalance.test.GeneralStateTests_stZeroCallsTest_ZeroValue_DELEGATECALL_ToNonZeroBalance_json_ZeroValue_DELEGATECALL_ToNonZeroBalance_fork_Cancun_Prague_d0g0v0
generated.ethereum_tests.ethereum-tests.GeneralStateTests.stZeroCallsTest.ZeroValue_DELEGATECALL_ToOneStorageKey_Paris.test.GeneralStateTests_stZeroCallsTest_ZeroValue_DELEGATECALL_ToOneStorageKey_Paris_json_ZeroValue_DELEGATECALL_ToOneStorageKey_Paris_fork_Cancun_Prague_d0g0v0
generated.ethereum_tests.ethereum-tests.GeneralStateTests.stZeroCallsTest.ZeroValue_SUICIDE.test.GeneralStateTests_stZeroCallsTest_ZeroValue_SUICIDE_json_ZeroValue_SUICIDE_fork_Cancun_Prague_d0g0v0
generated.ethereum_tests.ethereum-tests.GeneralStateTests.stZeroCallsTest.ZeroValue_SUICIDE_ToEmpty_Paris.test.GeneralStateTests_stZeroCallsTest_ZeroValue_SUICIDE_ToEmpty_Paris_json_ZeroValue_SUICIDE_ToEmpty_Paris_fork_Cancun_Prague_d0g0v0
generated.ethereum_tests.ethereum-tests.GeneralStateTests.stZeroCallsTest.ZeroValue_SUICIDE_ToNonZeroBalance.test.GeneralStateTests_stZeroCallsTest_ZeroValue_SUICIDE_ToNonZeroBalance_json_ZeroValue_SUICIDE_ToNonZeroBalance_fork_Cancun_Prague_d0g0v0
generated.ethereum_tests.ethereum-tests.GeneralStateTests.stZeroCallsTest.ZeroValue_SUICIDE_ToOneStorageKey_Paris.test.GeneralStateTests_stZeroCallsTest_ZeroValue_SUICIDE_ToOneStorageKey_Paris_json_ZeroValue_SUICIDE_ToOneStorageKey_Paris_fork_Cancun_Prague_d0g0v0
generated.ethereum_tests.ethereum-tests.GeneralStateTests.stZeroCallsTest.ZeroValue_TransactionCALL.test.GeneralStateTests_stZeroCallsTest_ZeroValue_TransactionCALL_json_ZeroValue_TransactionCALL_fork_Cancun_Prague_d0g0v0
generated.ethereum_tests.ethereum-tests.GeneralStateTests.stZeroCallsTest.ZeroValue_TransactionCALL_ToEmpty_Paris.test.GeneralStateTests_stZeroCallsTest_ZeroValue_TransactionCALL_ToEmpty_Paris_json_ZeroValue_TransactionCALL_ToEmpty_Paris_fork_Cancun_Prague_d0g0v0
generated.ethereum_tests.ethereum-tests.GeneralStateTests.stZeroCallsTest.ZeroValue_TransactionCALL_ToNonZeroBalance.test.GeneralStateTests_stZeroCallsTest_ZeroValue_TransactionCALL_ToNonZeroBalance_json_ZeroValue_TransactionCALL_ToNonZeroBalance_fork_Cancun_Prague_d0g0v0
generated.ethereum_tests.ethereum-tests.GeneralStateTests.stZeroCallsTest.ZeroValue_TransactionCALL_ToOneStorageKey_Paris.test.GeneralStateTests_stZeroCallsTest_ZeroValue_TransactionCALL_ToOneStorageKey_Paris_json_ZeroValue_TransactionCALL_ToOneStorageKey_Paris_fork_Cancun_Prague_d0g0v0
generated.ethereum_tests.ethereum-tests.GeneralStateTests.stZeroCallsTest.ZeroValue_TransactionCALLwithData.test.GeneralStateTests_stZeroCallsTest_ZeroValue_TransactionCALLwithData_json_ZeroValue_TransactionCALLwithData_fork_Cancun_Prague_d0g0v0
generated.ethereum_tests.ethereum-tests.GeneralStateTests.stZeroCallsTest.ZeroValue_TransactionCALLwithData_ToEmpty_Paris.test.GeneralStateTests_stZeroCallsTest_ZeroValue_TransactionCALLwithData_ToEmpty_Paris_json_ZeroValue_TransactionCALLwithData_ToEmpty_Paris_fork_Cancun_Prague_d0g0v0
generated.ethereum_tests.ethereum-tests.GeneralStateTests.stZeroCallsTest.ZeroValue_TransactionCALLwithData_ToNonZeroBalance.test.GeneralStateTests_stZeroCallsTest_ZeroValue_TransactionCALLwithData_ToNonZeroBalance_json_ZeroValue_TransactionCALLwithData_ToNonZeroBalance_fork_Cancun_Prague_d0g0v0
generated.ethereum_tests.ethereum-tests.GeneralStateTests.stZeroCallsTest.ZeroValue_TransactionCALLwithData_ToOneStorageKey_Paris.test.GeneralStateTests_stZeroCallsTest_ZeroValue_TransactionCALLwithData_ToOneStorageKey_Paris_json_ZeroValue_TransactionCALLwithData_ToOneStorageKey_Paris_fork_Cancun_Prague_d0g0v0
generated.ethereum_tests.ethereum-tests.GeneralStateTests.stZeroKnowledge.ecmul_1-2_2_28000_128.test.GeneralStateTests_stZeroKnowledge_ecmul_1_2_2_28000_128_json_ecmul_1_2_2_28000_128_fork_Cancun_Prague_d0g_0_3_v0
generated.ethereum_tests.ethereum-tests.GeneralStateTests.stZeroKnowledge.ecmul_1-2_2_28000_96.test.GeneralStateTests_stZeroKnowledge_ecmul_1_2_2_28000_96_json_ecmul_1_2_2_28000_96_fork_Cancun_Prague_d0g_0_4_v0
generated.ethereum_tests.ethereum-tests.GeneralStateTests.stZeroKnowledge.ecmul_1-2_340282366920938463463374607431768211456_21000_128.test.GeneralStateTests_stZeroKnowledge_ecmul_1_2_340282366920938463463374607431768211456_21000_128_json_ecmul_1_2_340282366920938463463374607431768211456_21000_128_fork_Cancun_Prague_d0g_0_3_v0
generated.ethereum_tests.ethereum-tests.GeneralStateTests.stZeroKnowledge.ecmul_1-2_340282366920938463463374607431768211456_21000_80.test.GeneralStateTests_stZeroKnowledge_ecmul_1_2_340282366920938463463374607431768211456_21000_80_json_ecmul_1_2_340282366920938463463374607431768211456_21000_80_fork_Cancun_Prague_d0g_0_3_v0
generated.ethereum_tests.ethereum-tests.GeneralStateTests.stZeroKnowledge.ecmul_1-2_340282366920938463463374607431768211456_21000_96.test.GeneralStateTests_stZeroKnowledge_ecmul_1_2_340282366920938463463374607431768211456_21000_96_json_ecmul_1_2_340282366920938463463374607431768211456_21000_96_fork_Cancun_Prague_d0g_0_3_v0
generated.ethereum_tests.ethereum-tests.GeneralStateTests.stZeroKnowledge.ecmul_1-2_340282366920938463463374607431768211456_28000_128.test.GeneralStateTests_stZeroKnowledge_ecmul_1_2_340282366920938463463374607431768211456_28000_128_json_ecmul_1_2_340282366920938463463374607431768211456_28000_128_fork_Cancun_Prague_d0g_0_3_v0
generated.ethereum_tests.ethereum-tests.GeneralStateTests.stZeroKnowledge.ecmul_1-2_340282366920938463463374607431768211456_28000_80.test.GeneralStateTests_stZeroKnowledge_ecmul_1_2_340282366920938463463374607431768211456_28000_80_json_ecmul_1_2_340282366920938463463374607431768211456_28000_80_fork_Cancun_Prague_d0g_0_3_v0
generated.ethereum_tests.ethereum-tests.GeneralStateTests.stZeroKnowledge.ecmul_1-2_340282366920938463463374607431768211456_28000_96.test.GeneralStateTests_stZeroKnowledge_ecmul_1_2_340282366920938463463374607431768211456_28000_96_json_ecmul_1_2_340282366920938463463374607431768211456_28000_96_fork_Cancun_Prague_d0g_0_3_v0
generated.ethereum_tests.ethereum-tests.GeneralStateTests.stZeroKnowledge.ecmul_1-2_5616_21000_128.test.GeneralStateTests_stZeroKnowledge_ecmul_1_2_5616_21000_128_json_ecmul_1_2_5616_21000_128_fork_Cancun_Prague_d0g_0_3_v0
generated.ethereum_tests.ethereum-tests.GeneralStateTests.stZeroKnowledge.ecmul_1-2_5616_21000_96.test.GeneralStateTests_stZeroKnowledge_ecmul_1_2_5616_21000_96_json_ecmul_1_2_5616_21000_96_fork_Cancun_Prague_d0g_0_3_v0
generated.ethereum_tests.ethereum-tests.GeneralStateTests.stZeroKnowledge.ecmul_1-2_5616_28000_128.test.GeneralStateTests_stZeroKnowledge_ecmul_1_2_5616_28000_128_json_ecmul_1_2_5616_28000_128_fork_Cancun_Prague_d0g_0_3_v0
generated.ethereum_tests.ethereum-tests.GeneralStateTests.stZeroKnowledge.ecmul_1-2_5617_21000_128.test.GeneralStateTests_stZeroKnowledge_ecmul_1_2_5617_21000_128_json_ecmul_1_2_5617_21000_128_fork_Cancun_Prague_d0g_0_3_v0
generated.ethereum_tests.ethereum-tests.GeneralStateTests.stZeroKnowledge.ecmul_1-2_5617_21000_96.test.GeneralStateTests_stZeroKnowledge_ecmul_1_2_5617_21000_96_json_ecmul_1_2_5617_21000_96_fork_Cancun_Prague_d0g_0_3_v0
generated.ethereum_tests.ethereum-tests.GeneralStateTests.stZeroKnowledge.ecmul_1-2_5617_28000_128.test.GeneralStateTests_stZeroKnowledge_ecmul_1_2_5617_28000_128_json_ecmul_1_2_5617_28000_128_fork_Cancun_Prague_d0g_0_3_v0
generated.ethereum_tests.ethereum-tests.GeneralStateTests.stZeroKnowledge.ecmul_1-2_5617_28000_96.test.GeneralStateTests_stZeroKnowledge_ecmul_1_2_5617_28000_96_json_ecmul_1_2_5617_28000_96_fork_Cancun_Prague_d0g_0_3_v0
generated.ethereum_tests.ethereum-tests.GeneralStateTests.stZeroKnowledge.ecmul_1-2_616_28000_96.test.GeneralStateTests_stZeroKnowledge_ecmul_1_2_616_28000_96_json_ecmul_1_2_616_28000_96_fork_Cancun_Prague_d0g_0_4_v0
generated.ethereum_tests.ethereum-tests.GeneralStateTests.stZeroKnowledge.ecmul_1-2_9935_21000_128.test.GeneralStateTests_stZeroKnowledge_ecmul_1_2_9935_21000_128_json_ecmul_1_2_9935_21000_128_fork_Cancun_Prague_d0g_0_3_v0
generated.ethereum_tests.ethereum-tests.GeneralStateTests.stZeroKnowledge.ecmul_1-2_9935_21000_96.test.GeneralStateTests_stZeroKnowledge_ecmul_1_2_9935_21000_96_json_ecmul_1_2_9935_21000_96_fork_Cancun_Prague_d0g_0_3_v0
generated.ethereum_tests.ethereum-tests.GeneralStateTests.stZeroKnowledge.ecmul_1-2_9935_28000_128.test.GeneralStateTests_stZeroKnowledge_ecmul_1_2_9935_28000_128_json_ecmul_1_2_9935_28000_128_fork_Cancun_Prague_d0g_0_3_v0
generated.ethereum_tests.ethereum-tests.GeneralStateTests.stZeroKnowledge.ecmul_1-2_9935_28000_96.test.GeneralStateTests_stZeroKnowledge_ecmul_1_2_9935_28000_96_json_ecmul_1_2_9935_28000_96_fork_Cancun_Prague_d0g_0_3_v0
generated.ethereum_tests.ethereum-tests.GeneralStateTests.stZeroKnowledge.ecmul_1-2_9_21000_128.test.GeneralStateTests_stZeroKnowledge_ecmul_1_2_9_21000_128_json_ecmul_1_2_9_21000_128_fork_Cancun_Prague_d0g_0_3_v0
generated.ethereum_tests.ethereum-tests.GeneralStateTests.stZeroKnowledge.ecmul_1-2_9_21000_96.test.GeneralStateTests_stZeroKnowledge_ecmul_1_2_9_21000_96_json_ecmul_1_2_9_21000_96_fork_Cancun_Prague_d0g_0_3_v0
generated.ethereum_tests.ethereum-tests.GeneralStateTests.stZeroKnowledge.ecmul_1-2_9_28000_128.test.GeneralStateTests_stZeroKnowledge_ecmul_1_2_9_28000_128_json_ecmul_1_2_9_28000_128_fork_Cancun_Prague_d0g_0_3_v0
generated.ethereum_tests.ethereum-tests.GeneralStateTests.stZeroKnowledge.ecmul_1-2_9_28000_96.test.GeneralStateTests_stZeroKnowledge_ecmul_1_2_9_28000_96_json_ecmul_1_2_9_28000_96_fork_Cancun_Prague_d0g_0_3_v0
generated.ethereum_tests.ethereum-tests.GeneralStateTests.stZeroKnowledge.ecmul_1-3_0_21000_128.test.GeneralStateTests_stZeroKnowledge_ecmul_1_3_0_21000_128_json_ecmul_1_3_0_21000_128_fork_Cancun_Prague_d0g_0_3_v0
generated.ethereum_tests.ethereum-tests.GeneralStateTests.stZeroKnowledge.ecmul_1-3_0_21000_64.test.GeneralStateTests_stZeroKnowledge_ecmul_1_3_0_21000_64_json_ecmul_1_3_0_21000_64_fork_Cancun_Prague_d0g_0_3_v0
generated.ethereum_tests.ethereum-tests.GeneralStateTests.stZeroKnowledge.ecmul_1-3_0_21000_80.test.GeneralStateTests_stZeroKnowledge_ecmul_1_3_0_21000_80_json_ecmul_1_3_0_21000_80_fork_Cancun_Prague_d0g_0_3_v0
generated.ethereum_tests.ethereum-tests.GeneralStateTests.stZeroKnowledge.ecmul_1-3_0_21000_96.test.GeneralStateTests_stZeroKnowledge_ecmul_1_3_0_21000_96_json_ecmul_1_3_0_21000_96_fork_Cancun_Prague_d0g_0_3_v0
generated.ethereum_tests.ethereum-tests.GeneralStateTests.stZeroKnowledge.ecmul_1-3_0_28000_128.test.GeneralStateTests_stZeroKnowledge_ecmul_1_3_0_28000_128_json_ecmul_1_3_0_28000_128_fork_Cancun_Prague_d0g_0_3_v0
generated.ethereum_tests.ethereum-tests.GeneralStateTests.stZeroKnowledge.ecmul_1-3_0_28000_64.test.GeneralStateTests_stZeroKnowledge_ecmul_1_3_0_28000_64_json_ecmul_1_3_0_28000_64_fork_Cancun_Prague_d0g_0_3_v0
generated.ethereum_tests.ethereum-tests.GeneralStateTests.stZeroKnowledge.ecmul_1-3_0_28000_80_Paris.test.GeneralStateTests_stZeroKnowledge_ecmul_1_3_0_28000_80_Paris_json_ecmul_1_3_0_28000_80_Paris_fork_Cancun_Prague_d0g_0_3_v0
generated.ethereum_tests.ethereum-tests.GeneralStateTests.stZeroKnowledge.ecmul_1-3_0_28000_96.test.GeneralStateTests_stZeroKnowledge_ecmul_1_3_0_28000_96_json_ecmul_1_3_0_28000_96_fork_Cancun_Prague_d0g_0_3_v0
generated.ethereum_tests.ethereum-tests.GeneralStateTests.stZeroKnowledge.ecmul_1-3_1_21000_128.test.GeneralStateTests_stZeroKnowledge_ecmul_1_3_1_21000_128_json_ecmul_1_3_1_21000_128_fork_Cancun_Prague_d0g_0_3_v0
generated.ethereum_tests.ethereum-tests.GeneralStateTests.stZeroKnowledge.ecmul_1-3_1_21000_96.test.GeneralStateTests_stZeroKnowledge_ecmul_1_3_1_21000_96_json_ecmul_1_3_1_21000_96_fork_Cancun_Prague_d0g_0_3_v0
generated.ethereum_tests.ethereum-tests.GeneralStateTests.stZeroKnowledge.ecmul_1-3_1_28000_128.test.GeneralStateTests_stZeroKnowledge_ecmul_1_3_1_28000_128_json_ecmul_1_3_1_28000_128_fork_Cancun_Prague_d0g_0_3_v0
generated.ethereum_tests.ethereum-tests.GeneralStateTests.stZeroKnowledge.ecmul_1-3_1_28000_96.test.GeneralStateTests_stZeroKnowledge_ecmul_1_3_1_28000_96_json_ecmul_1_3_1_28000_96_fork_Cancun_Prague_d0g_0_3_v0
generated.ethereum_tests.ethereum-tests.GeneralStateTests.stZeroKnowledge.ecmul_1-3_2_21000_128.test.GeneralStateTests_stZeroKnowledge_ecmul_1_3_2_21000_128_json_ecmul_1_3_2_21000_128_fork_Cancun_Prague_d0g_0_3_v0
generated.ethereum_tests.ethereum-tests.GeneralStateTests.stZeroKnowledge.ecmul_1-3_2_21000_96.test.GeneralStateTests_stZeroKnowledge_ecmul_1_3_2_21000_96_json_ecmul_1_3_2_21000_96_fork_Cancun_Prague_d0g_0_3_v0
generated.ethereum_tests.ethereum-tests.GeneralStateTests.stZeroKnowledge.ecmul_1-3_2_28000_128.test.GeneralStateTests_stZeroKnowledge_ecmul_1_3_2_28000_128_json_ecmul_1_3_2_28000_128_fork_Cancun_Prague_d0g_0_3_v0
generated.ethereum_tests.ethereum-tests.GeneralStateTests.stZeroKnowledge.ecmul_1-3_2_28000_96.test.GeneralStateTests_stZeroKnowledge_ecmul_1_3_2_28000_96_json_ecmul_1_3_2_28000_96_fork_Cancun_Prague_d0g_0_3_v0
generated.ethereum_tests.ethereum-tests.GeneralStateTests.stZeroKnowledge.ecmul_1-3_340282366920938463463374607431768211456_21000_128.test.GeneralStateTests_stZeroKnowledge_ecmul_1_3_340282366920938463463374607431768211456_21000_128_json_ecmul_1_3_340282366920938463463374607431768211456_21000_128_fork_Cancun_Prague_d0g_0_3_v0
generated.ethereum_tests.ethereum-tests.GeneralStateTests.stZeroKnowledge.ecmul_1-3_340282366920938463463374607431768211456_21000_80.test.GeneralStateTests_stZeroKnowledge_ecmul_1_3_340282366920938463463374607431768211456_21000_80_json_ecmul_1_3_340282366920938463463374607431768211456_21000_80_fork_Cancun_Prague_d0g_0_3_v0
generated.ethereum_tests.ethereum-tests.GeneralStateTests.stZeroKnowledge.ecmul_1-3_340282366920938463463374607431768211456_21000_96.test.GeneralStateTests_stZeroKnowledge_ecmul_1_3_340282366920938463463374607431768211456_21000_96_json_ecmul_1_3_340282366920938463463374607431768211456_21000_96_fork_Cancun_Prague_d0g_0_3_v0
generated.ethereum_tests.ethereum-tests.GeneralStateTests.stZeroKnowledge.ecmul_1-3_340282366920938463463374607431768211456_28000_128.test.GeneralStateTests_stZeroKnowledge_ecmul_1_3_340282366920938463463374607431768211456_28000_128_json_ecmul_1_3_340282366920938463463374607431768211456_28000_128_fork_Cancun_Prague_d0g_0_3_v0
generated.ethereum_tests.ethereum-tests.GeneralStateTests.stZeroKnowledge.ecmul_1-3_340282366920938463463374607431768211456_28000_80.test.GeneralStateTests_stZeroKnowledge_ecmul_1_3_340282366920938463463374607431768211456_28000_80_json_ecmul_1_3_340282366920938463463374607431768211456_28000_80_fork_Cancun_Prague_d0g_0_3_v0
generated.ethereum_tests.ethereum-tests.GeneralStateTests.stZeroKnowledge.ecmul_1-3_340282366920938463463374607431768211456_28000_96.test.GeneralStateTests_stZeroKnowledge_ecmul_1_3_340282366920938463463374607431768211456_28000_96_json_ecmul_1_3_340282366920938463463374607431768211456_28000_96_fork_Cancun_Prague_d0g_0_3_v0
generated.ethereum_tests.ethereum-tests.GeneralStateTests.stZeroKnowledge.ecmul_1-3_5616_21000_128.test.GeneralStateTests_stZeroKnowledge_ecmul_1_3_5616_21000_128_json_ecmul_1_3_5616_21000_128_fork_Cancun_Prague_d0g_0_3_v0
generated.ethereum_tests.ethereum-tests.GeneralStateTests.stZeroKnowledge.ecmul_1-3_5616_21000_96.test.GeneralStateTests_stZeroKnowledge_ecmul_1_3_5616_21000_96_json_ecmul_1_3_5616_21000_96_fork_Cancun_Prague_d0g_0_3_v0
generated.ethereum_tests.ethereum-tests.GeneralStateTests.stZeroKnowledge.ecmul_1-3_5616_28000_128.test.GeneralStateTests_stZeroKnowledge_ecmul_1_3_5616_28000_128_json_ecmul_1_3_5616_28000_128_fork_Cancun_Prague_d0g_0_3_v0
generated.ethereum_tests.ethereum-tests.GeneralStateTests.stZeroKnowledge.ecmul_1-3_5616_28000_96.test.GeneralStateTests_stZeroKnowledge_ecmul_1_3_5616_28000_96_json_ecmul_1_3_5616_28000_96_fork_Cancun_Prague_d0g_0_3_v0
generated.ethereum_tests.ethereum-tests.GeneralStateTests.stZeroKnowledge.ecmul_1-3_5617_21000_128.test.GeneralStateTests_stZeroKnowledge_ecmul_1_3_5617_21000_128_json_ecmul_1_3_5617_21000_128_fork_Cancun_Prague_d0g_0_3_v0
generated.ethereum_tests.ethereum-tests.GeneralStateTests.stZeroKnowledge.ecmul_1-3_5617_21000_96.test.GeneralStateTests_stZeroKnowledge_ecmul_1_3_5617_21000_96_json_ecmul_1_3_5617_21000_96_fork_Cancun_Prague_d0g_0_3_v0
generated.ethereum_tests.ethereum-tests.GeneralStateTests.stZeroKnowledge.ecmul_1-3_5617_28000_128.test.GeneralStateTests_stZeroKnowledge_ecmul_1_3_5617_28000_128_json_ecmul_1_3_5617_28000_128_fork_Cancun_Prague_d0g_0_3_v0
generated.ethereum_tests.ethereum-tests.GeneralStateTests.stZeroKnowledge.ecmul_1-3_5617_28000_96.test.GeneralStateTests_stZeroKnowledge_ecmul_1_3_5617_28000_96_json_ecmul_1_3_5617_28000_96_fork_Cancun_Prague_d0g_0_3_v0
generated.ethereum_tests.ethereum-tests.GeneralStateTests.stZeroKnowledge.ecmul_1-3_9935_21000_128.test.GeneralStateTests_stZeroKnowledge_ecmul_1_3_9935_21000_128_json_ecmul_1_3_9935_21000_128_fork_Cancun_Prague_d0g_0_3_v0
generated.ethereum_tests.ethereum-tests.GeneralStateTests.stZeroKnowledge.ecmul_1-3_9935_21000_96.test.GeneralStateTests_stZeroKnowledge_ecmul_1_3_9935_21000_96_json_ecmul_1_3_9935_21000_96_fork_Cancun_Prague_d0g_0_3_v0
generated.ethereum_tests.ethereum-tests.GeneralStateTests.stZeroKnowledge.ecmul_1-3_9935_28000_128.test.GeneralStateTests_stZeroKnowledge_ecmul_1_3_9935_28000_128_json_ecmul_1_3_9935_28000_128_fork_Cancun_Prague_d0g_0_3_v0
generated.ethereum_tests.ethereum-tests.GeneralStateTests.stZeroKnowledge.ecmul_1-3_9935_28000_96.test.GeneralStateTests_stZeroKnowledge_ecmul_1_3_9935_28000_96_json_ecmul_1_3_9935_28000_96_fork_Cancun_Prague_d0g_0_3_v0
generated.ethereum_tests.ethereum-tests.GeneralStateTests.stZeroKnowledge.ecmul_1-3_9_21000_128.test.GeneralStateTests_stZeroKnowledge_ecmul_1_3_9_21000_128_json_ecmul_1_3_9_21000_128_fork_Cancun_Prague_d0g_0_3_v0
generated.ethereum_tests.ethereum-tests.GeneralStateTests.stZeroKnowledge.ecmul_1-3_9_21000_96.test.GeneralStateTests_stZeroKnowledge_ecmul_1_3_9_21000_96_json_ecmul_1_3_9_21000_96_fork_Cancun_Prague_d0g_0_3_v0
generated.ethereum_tests.ethereum-tests.GeneralStateTests.stZeroKnowledge.ecmul_1-3_9_28000_128.test.GeneralStateTests_stZeroKnowledge_ecmul_1_3_9_28000_128_json_ecmul_1_3_9_28000_128_fork_Cancun_Prague_d0g_0_3_v0
generated.ethereum_tests.ethereum-tests.GeneralStateTests.stZeroKnowledge.ecmul_1-3_9_28000_96.test.GeneralStateTests_stZeroKnowledge_ecmul_1_3_9_28000_96_json_ecmul_1_3_9_28000_96_fork_Cancun_Prague_d0g_0_3_v0
generated.ethereum_tests.ethereum-tests.GeneralStateTests.stZeroKnowledge.ecmul_7827-6598_0_21000_128.test.GeneralStateTests_stZeroKnowledge_ecmul_7827_6598_0_21000_128_json_ecmul_7827_6598_0_21000_128_fork_Cancun_Prague_d0g_0_3_v0
generated.ethereum_tests.ethereum-tests.GeneralStateTests.stZeroKnowledge.ecmul_7827-6598_0_21000_64.test.GeneralStateTests_stZeroKnowledge_ecmul_7827_6598_0_21000_64_json_ecmul_7827_6598_0_21000_64_fork_Cancun_Prague_d0g_0_3_v0
generated.ethereum_tests.ethereum-tests.GeneralStateTests.stZeroKnowledge.ecmul_7827-6598_0_21000_80.test.GeneralStateTests_stZeroKnowledge_ecmul_7827_6598_0_21000_80_json_ecmul_7827_6598_0_21000_80_fork_Cancun_Prague_d0g_0_3_v0
generated.ethereum_tests.ethereum-tests.GeneralStateTests.stZeroKnowledge.ecmul_7827-6598_0_21000_96.test.GeneralStateTests_stZeroKnowledge_ecmul_7827_6598_0_21000_96_json_ecmul_7827_6598_0_21000_96_fork_Cancun_Prague_d0g_0_3_v0
generated.ethereum_tests.ethereum-tests.GeneralStateTests.stZeroKnowledge.ecmul_7827-6598_0_28000_128.test.GeneralStateTests_stZeroKnowledge_ecmul_7827_6598_0_28000_128_json_ecmul_7827_6598_0_28000_128_fork_Cancun_Prague_d0g_0_3_v0
generated.ethereum_tests.ethereum-tests.GeneralStateTests.stZeroKnowledge.ecmul_7827-6598_0_28000_64.test.GeneralStateTests_stZeroKnowledge_ecmul_7827_6598_0_28000_64_json_ecmul_7827_6598_0_28000_64_fork_Cancun_Prague_d0g_0_3_v0
generated.ethereum_tests.ethereum-tests.GeneralStateTests.stZeroKnowledge.ecmul_7827-6598_0_28000_80.test.GeneralStateTests_stZeroKnowledge_ecmul_7827_6598_0_28000_80_json_ecmul_7827_6598_0_28000_80_fork_Cancun_Prague_d0g_0_3_v0
generated.ethereum_tests.ethereum-tests.GeneralStateTests.stZeroKnowledge.ecmul_7827-6598_0_28000_96.test.GeneralStateTests_stZeroKnowledge_ecmul_7827_6598_0_28000_96_json_ecmul_7827_6598_0_28000_96_fork_Cancun_Prague_d0g_0_3_v0
generated.ethereum_tests.ethereum-tests.GeneralStateTests.stZeroKnowledge.ecmul_7827-6598_1456_21000_128.test.GeneralStateTests_stZeroKnowledge_ecmul_7827_6598_1456_21000_128_json_ecmul_7827_6598_1456_21000_128_fork_Cancun_Prague_d0g_0_3_v0
generated.ethereum_tests.ethereum-tests.GeneralStateTests.stZeroKnowledge.ecmul_7827-6598_1456_21000_80.test.GeneralStateTests_stZeroKnowledge_ecmul_7827_6598_1456_21000_80_json_ecmul_7827_6598_1456_21000_80_fork_Cancun_Prague_d0g_0_3_v0
generated.ethereum_tests.ethereum-tests.GeneralStateTests.stZeroKnowledge.ecmul_7827-6598_1456_21000_96.test.GeneralStateTests_stZeroKnowledge_ecmul_7827_6598_1456_21000_96_json_ecmul_7827_6598_1456_21000_96_fork_Cancun_Prague_d0g_0_3_v0
generated.ethereum_tests.ethereum-tests.GeneralStateTests.stZeroKnowledge.ecmul_7827-6598_1456_28000_128.test.GeneralStateTests_stZeroKnowledge_ecmul_7827_6598_1456_28000_128_json_ecmul_7827_6598_1456_28000_128_fork_Cancun_Prague_d0g_0_3_v0
generated.ethereum_tests.ethereum-tests.GeneralStateTests.stZeroKnowledge.ecmul_7827-6598_1456_28000_80.test.GeneralStateTests_stZeroKnowledge_ecmul_7827_6598_1456_28000_80_json_ecmul_7827_6598_1456_28000_80_fork_Cancun_Prague_d0g_0_3_v0
generated.ethereum_tests.ethereum-tests.GeneralStateTests.stZeroKnowledge.ecmul_7827-6598_1456_28000_96.test.GeneralStateTests_stZeroKnowledge_ecmul_7827_6598_1456_28000_96_json_ecmul_7827_6598_1456_28000_96_fork_Cancun_Prague_d0g_0_3_v0
generated.ethereum_tests.ethereum-tests.GeneralStateTests.stZeroKnowledge.ecmul_7827-6598_1_21000_128.test.GeneralStateTests_stZeroKnowledge_ecmul_7827_6598_1_21000_128_json_ecmul_7827_6598_1_21000_128_fork_Cancun_Prague_d0g_0_3_v0
generated.ethereum_tests.ethereum-tests.GeneralStateTests.stZeroKnowledge.ecmul_7827-6598_1_21000_96.test.GeneralStateTests_stZeroKnowledge_ecmul_7827_6598_1_21000_96_json_ecmul_7827_6598_1_21000_96_fork_Cancun_Prague_d0g_0_3_v0
generated.ethereum_tests.ethereum-tests.GeneralStateTests.stZeroKnowledge.ecmul_7827-6598_1_28000_128.test.GeneralStateTests_stZeroKnowledge_ecmul_7827_6598_1_28000_128_json_ecmul_7827_6598_1_28000_128_fork_Cancun_Prague_d0g_0_3_v0
generated.ethereum_tests.ethereum-tests.GeneralStateTests.stZeroKnowledge.ecmul_7827-6598_1_28000_96.test.GeneralStateTests_stZeroKnowledge_ecmul_7827_6598_1_28000_96_json_ecmul_7827_6598_1_28000_96_fork_Cancun_Prague_d0g_0_3_v0
generated.ethereum_tests.ethereum-tests.GeneralStateTests.stZeroKnowledge.ecmul_7827-6598_2_21000_128.test.GeneralStateTests_stZeroKnowledge_ecmul_7827_6598_2_21000_128_json_ecmul_7827_6598_2_21000_128_fork_Cancun_Prague_d0g_0_3_v0
generated.ethereum_tests.ethereum-tests.GeneralStateTests.stZeroKnowledge.ecmul_7827-6598_2_21000_96.test.GeneralStateTests_stZeroKnowledge_ecmul_7827_6598_2_21000_96_json_ecmul_7827_6598_2_21000_96_fork_Cancun_Prague_d0g_0_3_v0
generated.ethereum_tests.ethereum-tests.GeneralStateTests.stZeroKnowledge.ecmul_7827-6598_2_28000_128.test.GeneralStateTests_stZeroKnowledge_ecmul_7827_6598_2_28000_128_json_ecmul_7827_6598_2_28000_128_fork_Cancun_Prague_d0g_0_3_v0
generated.ethereum_tests.ethereum-tests.GeneralStateTests.stZeroKnowledge.ecmul_7827-6598_2_28000_96.test.GeneralStateTests_stZeroKnowledge_ecmul_7827_6598_2_28000_96_json_ecmul_7827_6598_2_28000_96_fork_Cancun_Prague_d0g_0_3_v0
generated.ethereum_tests.ethereum-tests.GeneralStateTests.stZeroKnowledge.ecmul_7827-6598_5616_21000_128.test.GeneralStateTests_stZeroKnowledge_ecmul_7827_6598_5616_21000_128_json_ecmul_7827_6598_5616_21000_128_fork_Cancun_Prague_d0g_0_3_v0
generated.ethereum_tests.ethereum-tests.GeneralStateTests.stZeroKnowledge.ecmul_7827-6598_5616_21000_96.test.GeneralStateTests_stZeroKnowledge_ecmul_7827_6598_5616_21000_96_json_ecmul_7827_6598_5616_21000_96_fork_Cancun_Prague_d0g_0_3_v0
generated.ethereum_tests.ethereum-tests.GeneralStateTests.stZeroKnowledge.ecmul_7827-6598_5616_28000_128.test.GeneralStateTests_stZeroKnowledge_ecmul_7827_6598_5616_28000_128_json_ecmul_7827_6598_5616_28000_128_fork_Cancun_Prague_d0g_0_3_v0
generated.ethereum_tests.ethereum-tests.GeneralStateTests.stZeroKnowledge.ecmul_7827-6598_5616_28000_96.test.GeneralStateTests_stZeroKnowledge_ecmul_7827_6598_5616_28000_96_json_ecmul_7827_6598_5616_28000_96_fork_Cancun_Prague_d0g_0_3_v0
generated.ethereum_tests.ethereum-tests.GeneralStateTests.stZeroKnowledge.ecmul_7827-6598_5617_21000_128.test.GeneralStateTests_stZeroKnowledge_ecmul_7827_6598_5617_21000_128_json_ecmul_7827_6598_5617_21000_128_fork_Cancun_Prague_d0g_0_2_v0
generated.ethereum_tests.ethereum-tests.GeneralStateTests.stZeroKnowledge.ecmul_7827-6598_5617_21000_96.test.GeneralStateTests_stZeroKnowledge_ecmul_7827_6598_5617_21000_96_json_ecmul_7827_6598_5617_21000_96_fork_Cancun_Prague_d0g_0_3_v0
generated.ethereum_tests.ethereum-tests.GeneralStateTests.stZeroKnowledge.ecmul_7827-6598_5617_28000_128.test.GeneralStateTests_stZeroKnowledge_ecmul_7827_6598_5617_28000_128_json_ecmul_7827_6598_5617_28000_128_fork_Cancun_Prague_d0g_0_3_v0
generated.ethereum_tests.ethereum-tests.GeneralStateTests.stZeroKnowledge.ecmul_7827-6598_5617_28000_96.test.GeneralStateTests_stZeroKnowledge_ecmul_7827_6598_5617_28000_96_json_ecmul_7827_6598_5617_28000_96_fork_Cancun_Prague_d0g_0_3_v0
generated.ethereum_tests.ethereum-tests.GeneralStateTests.stZeroKnowledge.ecmul_7827-6598_9935_21000_128.test.GeneralStateTests_stZeroKnowledge_ecmul_7827_6598_9935_21000_128_json_ecmul_7827_6598_9935_21000_128_fork_Cancun_Prague_d0g_0_3_v0
generated.ethereum_tests.ethereum-tests.GeneralStateTests.stZeroKnowledge.ecmul_7827-6598_9935_21000_96.test.GeneralStateTests_stZeroKnowledge_ecmul_7827_6598_9935_21000_96_json_ecmul_7827_6598_9935_21000_96_fork_Cancun_Prague_d0g_0_3_v0
generated.ethereum_tests.ethereum-tests.GeneralStateTests.stZeroKnowledge.ecmul_7827-6598_9935_28000_128.test.GeneralStateTests_stZeroKnowledge_ecmul_7827_6598_9935_28000_128_json_ecmul_7827_6598_9935_28000_128_fork_Cancun_Prague_d0g_0_3_v0
generated.ethereum_tests.ethereum-tests.GeneralStateTests.stZeroKnowledge.ecmul_7827-6598_9935_28000_96.test.GeneralStateTests_stZeroKnowledge_ecmul_7827_6598_9935_28000_96_json_ecmul_7827_6598_9935_28000_96_fork_Cancun_Prague_d0g_0_3_v0
generated.ethereum_tests.ethereum-tests.GeneralStateTests.stZeroKnowledge.ecmul_7827-6598_9_21000_128.test.GeneralStateTests_stZeroKnowledge_ecmul_7827_6598_9_21000_128_json_ecmul_7827_6598_9_21000_128_fork_Cancun_Prague_d0g_0_3_v0
generated.ethereum_tests.ethereum-tests.GeneralStateTests.stZeroKnowledge.ecmul_7827-6598_9_21000_96.test.GeneralStateTests_stZeroKnowledge_ecmul_7827_6598_9_21000_96_json_ecmul_7827_6598_9_21000_96_fork_Cancun_Prague_d0g_0_3_v0
generated.ethereum_tests.ethereum-tests.GeneralStateTests.stZeroKnowledge.ecmul_7827-6598_9_28000_128.test.GeneralStateTests_stZeroKnowledge_ecmul_7827_6598_9_28000_128_json_ecmul_7827_6598_9_28000_128_fork_Cancun_Prague_d0g_0_3_v0
generated.ethereum_tests.ethereum-tests.GeneralStateTests.stZeroKnowledge.ecmul_7827-6598_9_28000_96.test.GeneralStateTests_stZeroKnowledge_ecmul_7827_6598_9_28000_96_json_ecmul_7827_6598_9_28000_96_fork_Cancun_Prague_d0g_0_3_v0
generated.ethereum_tests.ethereum-tests.GeneralStateTests.stZeroKnowledge.ecpairing_bad_length_191.test.GeneralStateTests_stZeroKnowledge_ecpairing_bad_length_191_json_ecpairing_bad_length_191_fork_Cancun_Prague_d0g_0_3_v0
generated.ethereum_tests.ethereum-tests.GeneralStateTests.stZeroKnowledge.ecpairing_bad_length_193.test.GeneralStateTests_stZeroKnowledge_ecpairing_bad_length_193_json_ecpairing_bad_length_193_fork_Cancun_Prague_d0g_0_3_v0
generated.ethereum_tests.ethereum-tests.GeneralStateTests.stZeroKnowledge.ecpairing_empty_data.test.GeneralStateTests_stZeroKnowledge_ecpairing_empty_data_json_ecpairing_empty_data_fork_Cancun_Prague_d0g_0_3_v0
generated.ethereum_tests.ethereum-tests.GeneralStateTests.stZeroKnowledge.ecpairing_empty_data_insufficient_gas.test.GeneralStateTests_stZeroKnowledge_ecpairing_empty_data_insufficient_gas_json_ecpairing_empty_data_insufficient_gas_fork_Cancun_Prague_d0g_0_2_v0
generated.ethereum_tests.ethereum-tests.GeneralStateTests.stZeroKnowledge.ecpairing_inputs.test.GeneralStateTests_stZeroKnowledge_ecpairing_inputs_json_ecpairing_inputs_fork_Cancun_Prague_d_0_143_g0v0
generated.ethereum_tests.ethereum-tests.GeneralStateTests.stZeroKnowledge.ecpairing_one_point_fail.test.GeneralStateTests_stZeroKnowledge_ecpairing_one_point_fail_json_ecpairing_one_point_fail_fork_Cancun_Prague_d0g_0_2_v0
generated.ethereum_tests.ethereum-tests.GeneralStateTests.stZeroKnowledge.ecpairing_one_point_insufficient_gas.test.GeneralStateTests_stZeroKnowledge_ecpairing_one_point_insufficient_gas_json_ecpairing_one_point_insufficient_gas_fork_Cancun_Prague_d0g_0_2_v0
generated.ethereum_tests.ethereum-tests.GeneralStateTests.stZeroKnowledge.ecpairing_one_point_not_in_subgroup.test.GeneralStateTests_stZeroKnowledge_ecpairing_one_point_not_in_subgroup_json_ecpairing_one_point_not_in_subgroup_fork_Cancun_Prague_d0g_0_3_v0
generated.ethereum_tests.ethereum-tests.GeneralStateTests.stZeroKnowledge.ecpairing_one_point_with_g1_zero.test.GeneralStateTests_stZeroKnowledge_ecpairing_one_point_with_g1_zero_json_ecpairing_one_point_with_g1_zero_fork_Cancun_Prague_d0g_0_2_v0
generated.ethereum_tests.ethereum-tests.GeneralStateTests.stZeroKnowledge.ecpairing_one_point_with_g2_zero.test.GeneralStateTests_stZeroKnowledge_ecpairing_one_point_with_g2_zero_json_ecpairing_one_point_with_g2_zero_fork_Cancun_Prague_d0g_0_3_v0
generated.ethereum_tests.ethereum-tests.GeneralStateTests.stZeroKnowledge.ecpairing_one_point_with_g2_zero_and_g1_invalid.test.GeneralStateTests_stZeroKnowledge_ecpairing_one_point_with_g2_zero_and_g1_invalid_json_ecpairing_one_point_with_g2_zero_and_g1_invalid_fork_Cancun_Prague_d0g_0_3_v0
generated.ethereum_tests.ethereum-tests.GeneralStateTests.stZeroKnowledge.ecpairing_perturb_g2_by_curve_order.test.GeneralStateTests_stZeroKnowledge_ecpairing_perturb_g2_by_curve_order_json_ecpairing_perturb_g2_by_curve_order_fork_Cancun_Prague_d0g_0_3_v0
generated.ethereum_tests.ethereum-tests.GeneralStateTests.stZeroKnowledge.ecpairing_perturb_g2_by_field_modulus.test.GeneralStateTests_stZeroKnowledge_ecpairing_perturb_g2_by_field_modulus_json_ecpairing_perturb_g2_by_field_modulus_fork_Cancun_Prague_d0g_0_3_v0
generated.ethereum_tests.ethereum-tests.GeneralStateTests.stZeroKnowledge.ecpairing_perturb_g2_by_field_modulus_again.test.GeneralStateTests_stZeroKnowledge_ecpairing_perturb_g2_by_field_modulus_again_json_ecpairing_perturb_g2_by_field_modulus_again_fork_Cancun_Prague_d0g_0_3_v0
generated.ethereum_tests.ethereum-tests.GeneralStateTests.stZeroKnowledge.ecpairing_perturb_g2_by_one.test.GeneralStateTests_stZeroKnowledge_ecpairing_perturb_g2_by_one_json_ecpairing_perturb_g2_by_one_fork_Cancun_Prague_d0g_0_3_v0
generated.ethereum_tests.ethereum-tests.GeneralStateTests.stZeroKnowledge.ecpairing_perturb_zeropoint_by_curve_order.test.GeneralStateTests_stZeroKnowledge_ecpairing_perturb_zeropoint_by_curve_order_json_ecpairing_perturb_zeropoint_by_curve_order_fork_Cancun_Prague_d0g_0_3_v0
generated.ethereum_tests.ethereum-tests.GeneralStateTests.stZeroKnowledge.ecpairing_perturb_zeropoint_by_field_modulus.test.GeneralStateTests_stZeroKnowledge_ecpairing_perturb_zeropoint_by_field_modulus_json_ecpairing_perturb_zeropoint_by_field_modulus_fork_Cancun_Prague_d0g_0_3_v0
generated.ethereum_tests.ethereum-tests.GeneralStateTests.stZeroKnowledge.ecpairing_perturb_zeropoint_by_one.test.GeneralStateTests_stZeroKnowledge_ecpairing_perturb_zeropoint_by_one_json_ecpairing_perturb_zeropoint_by_one_fork_Cancun_Prague_d0g_0_3_v0
generated.ethereum_tests.ethereum-tests.GeneralStateTests.stZeroKnowledge.ecpairing_three_point_fail_1.test.GeneralStateTests_stZeroKnowledge_ecpairing_three_point_fail_1_json_ecpairing_three_point_fail_1_fork_Cancun_Prague_d0g_0_3_v0
generated.ethereum_tests.ethereum-tests.GeneralStateTests.stZeroKnowledge.ecpairing_three_point_match_1.test.GeneralStateTests_stZeroKnowledge_ecpairing_three_point_match_1_json_ecpairing_three_point_match_1_fork_Cancun_Prague_d0g_0_3_v0
generated.ethereum_tests.ethereum-tests.GeneralStateTests.stZeroKnowledge.ecpairing_two_point_fail_1.test.GeneralStateTests_stZeroKnowledge_ecpairing_two_point_fail_1_json_ecpairing_two_point_fail_1_fork_Cancun_Prague_d0g_0_2_v0
generated.ethereum_tests.ethereum-tests.GeneralStateTests.stZeroKnowledge.ecpairing_two_point_fail_2.test.GeneralStateTests_stZeroKnowledge_ecpairing_two_point_fail_2_json_ecpairing_two_point_fail_2_fork_Cancun_Prague_d0g_0_3_v0
generated.ethereum_tests.ethereum-tests.GeneralStateTests.stZeroKnowledge.ecpairing_two_point_match_1.test.GeneralStateTests_stZeroKnowledge_ecpairing_two_point_match_1_json_ecpairing_two_point_match_1_fork_Cancun_Prague_d0g_0_3_v0
generated.ethereum_tests.ethereum-tests.GeneralStateTests.stZeroKnowledge.ecpairing_two_point_match_2.test.GeneralStateTests_stZeroKnowledge_ecpairing_two_point_match_2_json_ecpairing_two_point_match_2_fork_Cancun_Prague_d0g_0_3_v0
generated.ethereum_tests.ethereum-tests.GeneralStateTests.stZeroKnowledge.ecpairing_two_point_match_3.test.GeneralStateTests_stZeroKnowledge_ecpairing_two_point_match_3_json_ecpairing_two_point_match_3_fork_Cancun_Prague_d0g_0_3_v0
generated.ethereum_tests.ethereum-tests.GeneralStateTests.stZeroKnowledge.ecpairing_two_point_match_4.test.GeneralStateTests_stZeroKnowledge_ecpairing_two_point_match_4_json_ecpairing_two_point_match_4_fork_Cancun_Prague_d0g_0_3_v0
generated.ethereum_tests.ethereum-tests.GeneralStateTests.stZeroKnowledge.ecpairing_two_point_match_5.test.GeneralStateTests_stZeroKnowledge_ecpairing_two_point_match_5_json_ecpairing_two_point_match_5_fork_Cancun_Prague_d0g_0_3_v0
generated.ethereum_tests.ethereum-tests.GeneralStateTests.stZeroKnowledge.ecpairing_two_point_oog.test.GeneralStateTests_stZeroKnowledge_ecpairing_two_point_oog_json_ecpairing_two_point_oog_fork_Cancun_Prague_d0g_0_3_v0
generated.ethereum_tests.ethereum-tests.GeneralStateTests.stZeroKnowledge.ecpairing_two_points_with_one_g2_zero.test.GeneralStateTests_stZeroKnowledge_ecpairing_two_points_with_one_g2_zero_json_ecpairing_two_points_with_one_g2_zero_fork_Cancun_Prague_d0g_0_3_v0
generated.ethereum_tests.ethereum-tests.GeneralStateTests.stZeroKnowledge.pairingTest.test.GeneralStateTests_stZeroKnowledge_pairingTest_json_pairingTest_fork_Cancun_Prague_d_0_5_g_0_3_v0
generated.ethereum_tests.ethereum-tests.GeneralStateTests.stZeroKnowledge.pointAdd.test.GeneralStateTests_stZeroKnowledge_pointAdd_json_pointAdd_fork_Cancun_Prague_d_0_9_g_0_3_v0
generated.ethereum_tests.ethereum-tests.GeneralStateTests.stZeroKnowledge.pointAddTrunc.test.GeneralStateTests_stZeroKnowledge_pointAddTrunc_json_pointAddTrunc_fork_Cancun_Prague_d_0_9_g_0_3_v0
generated.ethereum_tests.ethereum-tests.GeneralStateTests.stZeroKnowledge.pointMulAdd.test.GeneralStateTests_stZeroKnowledge_pointMulAdd_json_pointMulAdd_fork_Cancun_Prague_d_0_8_g_0_3_v0
generated.ethereum_tests.ethereum-tests.GeneralStateTests.stZeroKnowledge.pointMulAdd2.test.GeneralStateTests_stZeroKnowledge_pointMulAdd2_json_pointMulAdd2_fork_Cancun_Prague_d_0_37_g_0_3_v0
generated.ethereum_tests.ethereum-tests.GeneralStateTests.stZeroKnowledge2.ecadd_0-0_0-0_21000_0.test.GeneralStateTests_stZeroKnowledge2_ecadd_0_0_0_0_21000_0_json_ecadd_0_0_0_0_21000_0_fork_Cancun_Prague_d0g_0_3_v0
generated.ethereum_tests.ethereum-tests.GeneralStateTests.stZeroKnowledge2.ecadd_0-0_0-0_21000_128.test.GeneralStateTests_stZeroKnowledge2_ecadd_0_0_0_0_21000_128_json_ecadd_0_0_0_0_21000_128_fork_Cancun_Prague_d0g_0_3_v0
generated.ethereum_tests.ethereum-tests.GeneralStateTests.stZeroKnowledge2.ecadd_0-0_0-0_21000_192.test.GeneralStateTests_stZeroKnowledge2_ecadd_0_0_0_0_21000_192_json_ecadd_0_0_0_0_21000_192_fork_Cancun_Prague_d0g_0_3_v0
generated.ethereum_tests.ethereum-tests.GeneralStateTests.stZeroKnowledge2.ecadd_0-0_0-0_21000_64.test.GeneralStateTests_stZeroKnowledge2_ecadd_0_0_0_0_21000_64_json_ecadd_0_0_0_0_21000_64_fork_Cancun_Prague_d0g_0_3_v0
generated.ethereum_tests.ethereum-tests.GeneralStateTests.stZeroKnowledge2.ecadd_0-0_0-0_21000_80_Paris.test.GeneralStateTests_stZeroKnowledge2_ecadd_0_0_0_0_21000_80_Paris_json_ecadd_0_0_0_0_21000_80_Paris_fork_Cancun_Prague_d0g_0_3_v0
generated.ethereum_tests.ethereum-tests.GeneralStateTests.stZeroKnowledge2.ecadd_0-0_0-0_25000_0.test.GeneralStateTests_stZeroKnowledge2_ecadd_0_0_0_0_25000_0_json_ecadd_0_0_0_0_25000_0_fork_Cancun_Prague_d0g_0_3_v0
generated.ethereum_tests.ethereum-tests.GeneralStateTests.stZeroKnowledge2.ecadd_0-0_0-0_25000_128.test.GeneralStateTests_stZeroKnowledge2_ecadd_0_0_0_0_25000_128_json_ecadd_0_0_0_0_25000_128_fork_Cancun_Prague_d0g_0_3_v0
generated.ethereum_tests.ethereum-tests.GeneralStateTests.stZeroKnowledge2.ecadd_0-0_0-0_25000_192.test.GeneralStateTests_stZeroKnowledge2_ecadd_0_0_0_0_25000_192_json_ecadd_0_0_0_0_25000_192_fork_Cancun_Prague_d0g_0_3_v0
generated.ethereum_tests.ethereum-tests.GeneralStateTests.stZeroKnowledge2.ecadd_0-0_0-0_25000_64.test.GeneralStateTests_stZeroKnowledge2_ecadd_0_0_0_0_25000_64_json_ecadd_0_0_0_0_25000_64_fork_Cancun_Prague_d0g_0_3_v0
generated.ethereum_tests.ethereum-tests.GeneralStateTests.stZeroKnowledge2.ecadd_0-0_0-0_25000_80.test.GeneralStateTests_stZeroKnowledge2_ecadd_0_0_0_0_25000_80_json_ecadd_0_0_0_0_25000_80_fork_Cancun_Prague_d0g_0_3_v0
generated.ethereum_tests.ethereum-tests.GeneralStateTests.stZeroKnowledge2.ecadd_0-0_1-2_21000_128.test.GeneralStateTests_stZeroKnowledge2_ecadd_0_0_1_2_21000_128_json_ecadd_0_0_1_2_21000_128_fork_Cancun_Prague_d0g_0_3_v0
generated.ethereum_tests.ethereum-tests.GeneralStateTests.stZeroKnowledge2.ecadd_0-0_1-2_21000_192.test.GeneralStateTests_stZeroKnowledge2_ecadd_0_0_1_2_21000_192_json_ecadd_0_0_1_2_21000_192_fork_Cancun_Prague_d0g_0_3_v0
generated.ethereum_tests.ethereum-tests.GeneralStateTests.stZeroKnowledge2.ecadd_0-0_1-2_25000_128.test.GeneralStateTests_stZeroKnowledge2_ecadd_0_0_1_2_25000_128_json_ecadd_0_0_1_2_25000_128_fork_Cancun_Prague_d0g_0_3_v0
generated.ethereum_tests.ethereum-tests.GeneralStateTests.stZeroKnowledge2.ecadd_0-0_1-2_25000_192.test.GeneralStateTests_stZeroKnowledge2_ecadd_0_0_1_2_25000_192_json_ecadd_0_0_1_2_25000_192_fork_Cancun_Prague_d0g_0_3_v0
generated.ethereum_tests.ethereum-tests.GeneralStateTests.stZeroKnowledge2.ecadd_0-0_1-3_21000_128.test.GeneralStateTests_stZeroKnowledge2_ecadd_0_0_1_3_21000_128_json_ecadd_0_0_1_3_21000_128_fork_Cancun_Prague_d0g_0_3_v0
generated.ethereum_tests.ethereum-tests.GeneralStateTests.stZeroKnowledge2.ecadd_0-0_1-3_25000_128.test.GeneralStateTests_stZeroKnowledge2_ecadd_0_0_1_3_25000_128_json_ecadd_0_0_1_3_25000_128_fork_Cancun_Prague_d0g_0_3_v0
generated.ethereum_tests.ethereum-tests.GeneralStateTests.stZeroKnowledge2.ecadd_0-3_1-2_21000_128.test.GeneralStateTests_stZeroKnowledge2_ecadd_0_3_1_2_21000_128_json_ecadd_0_3_1_2_21000_128_fork_Cancun_Prague_d0g_0_3_v0
generated.ethereum_tests.ethereum-tests.GeneralStateTests.stZeroKnowledge2.ecadd_0-3_1-2_25000_128.test.GeneralStateTests_stZeroKnowledge2_ecadd_0_3_1_2_25000_128_json_ecadd_0_3_1_2_25000_128_fork_Cancun_Prague_d0g_0_3_v0
generated.ethereum_tests.ethereum-tests.GeneralStateTests.stZeroKnowledge2.ecadd_1-2_0-0_21000_128.test.GeneralStateTests_stZeroKnowledge2_ecadd_1_2_0_0_21000_128_json_ecadd_1_2_0_0_21000_128_fork_Cancun_Prague_d0g_0_3_v0
generated.ethereum_tests.ethereum-tests.GeneralStateTests.stZeroKnowledge2.ecadd_1-2_0-0_21000_192.test.GeneralStateTests_stZeroKnowledge2_ecadd_1_2_0_0_21000_192_json_ecadd_1_2_0_0_21000_192_fork_Cancun_Prague_d0g_0_3_v0
generated.ethereum_tests.ethereum-tests.GeneralStateTests.stZeroKnowledge2.ecadd_1-2_0-0_21000_64.test.GeneralStateTests_stZeroKnowledge2_ecadd_1_2_0_0_21000_64_json_ecadd_1_2_0_0_21000_64_fork_Cancun_Prague_d0g_0_3_v0
generated.ethereum_tests.ethereum-tests.GeneralStateTests.stZeroKnowledge2.ecadd_1-2_0-0_25000_128.test.GeneralStateTests_stZeroKnowledge2_ecadd_1_2_0_0_25000_128_json_ecadd_1_2_0_0_25000_128_fork_Cancun_Prague_d0g_0_3_v0
generated.ethereum_tests.ethereum-tests.GeneralStateTests.stZeroKnowledge2.ecadd_1-2_0-0_25000_192.test.GeneralStateTests_stZeroKnowledge2_ecadd_1_2_0_0_25000_192_json_ecadd_1_2_0_0_25000_192_fork_Cancun_Prague_d0g_0_3_v0
generated.ethereum_tests.ethereum-tests.GeneralStateTests.stZeroKnowledge2.ecadd_1-2_0-0_25000_64.test.GeneralStateTests_stZeroKnowledge2_ecadd_1_2_0_0_25000_64_json_ecadd_1_2_0_0_25000_64_fork_Cancun_Prague_d0g_0_3_v0
generated.ethereum_tests.ethereum-tests.GeneralStateTests.stZeroKnowledge2.ecadd_1-2_1-2_21000_128.test.GeneralStateTests_stZeroKnowledge2_ecadd_1_2_1_2_21000_128_json_ecadd_1_2_1_2_21000_128_fork_Cancun_Prague_d0g_0_3_v0
generated.ethereum_tests.ethereum-tests.GeneralStateTests.stZeroKnowledge2.ecadd_1-2_1-2_21000_192.test.GeneralStateTests_stZeroKnowledge2_ecadd_1_2_1_2_21000_192_json_ecadd_1_2_1_2_21000_192_fork_Cancun_Prague_d0g_0_3_v0
generated.ethereum_tests.ethereum-tests.GeneralStateTests.stZeroKnowledge2.ecadd_1-2_1-2_25000_128.test.GeneralStateTests_stZeroKnowledge2_ecadd_1_2_1_2_25000_128_json_ecadd_1_2_1_2_25000_128_fork_Cancun_Prague_d0g_0_3_v0
generated.ethereum_tests.ethereum-tests.GeneralStateTests.stZeroKnowledge2.ecadd_1-2_1-2_25000_192.test.GeneralStateTests_stZeroKnowledge2_ecadd_1_2_1_2_25000_192_json_ecadd_1_2_1_2_25000_192_fork_Cancun_Prague_d0g_0_3_v0
generated.ethereum_tests.ethereum-tests.GeneralStateTests.stZeroKnowledge2.ecadd_1-3_0-0_21000_80.test.GeneralStateTests_stZeroKnowledge2_ecadd_1_3_0_0_21000_80_json_ecadd_1_3_0_0_21000_80_fork_Cancun_Prague_d0g_0_3_v0
generated.ethereum_tests.ethereum-tests.GeneralStateTests.stZeroKnowledge2.ecadd_1-3_0-0_25000_80_Paris.test.GeneralStateTests_stZeroKnowledge2_ecadd_1_3_0_0_25000_80_Paris_json_ecadd_1_3_0_0_25000_80_Paris_fork_Cancun_Prague_d0g_0_3_v0
generated.ethereum_tests.ethereum-tests.GeneralStateTests.stZeroKnowledge2.ecadd_1145-3932_1145-4651_21000_192.test.GeneralStateTests_stZeroKnowledge2_ecadd_1145_3932_1145_4651_21000_192_json_ecadd_1145_3932_1145_4651_21000_192_fork_Cancun_Prague_d0g_0_3_v0
generated.ethereum_tests.ethereum-tests.GeneralStateTests.stZeroKnowledge2.ecadd_1145-3932_1145-4651_25000_192.test.GeneralStateTests_stZeroKnowledge2_ecadd_1145_3932_1145_4651_25000_192_json_ecadd_1145_3932_1145_4651_25000_192_fork_Cancun_Prague_d0g_0_3_v0
generated.ethereum_tests.ethereum-tests.GeneralStateTests.stZeroKnowledge2.ecadd_1145-3932_2969-1336_21000_128.test.GeneralStateTests_stZeroKnowledge2_ecadd_1145_3932_2969_1336_21000_128_json_ecadd_1145_3932_2969_1336_21000_128_fork_Cancun_Prague_d0g_0_3_v0
generated.ethereum_tests.ethereum-tests.GeneralStateTests.stZeroKnowledge2.ecadd_1145-3932_2969-1336_25000_128.test.GeneralStateTests_stZeroKnowledge2_ecadd_1145_3932_2969_1336_25000_128_json_ecadd_1145_3932_2969_1336_25000_128_fork_Cancun_Prague_d0g_0_3_v0
generated.ethereum_tests.ethereum-tests.GeneralStateTests.stZeroKnowledge2.ecadd_6-9_19274124-124124_21000_128.test.GeneralStateTests_stZeroKnowledge2_ecadd_6_9_19274124_124124_21000_128_json_ecadd_6_9_19274124_124124_21000_128_fork_Cancun_Prague_d0g_0_3_v0
generated.ethereum_tests.ethereum-tests.GeneralStateTests.stZeroKnowledge2.ecadd_6-9_19274124-124124_25000_128.test.GeneralStateTests_stZeroKnowledge2_ecadd_6_9_19274124_124124_25000_128_json_ecadd_6_9_19274124_124124_25000_128_fork_Cancun_Prague_d0g_0_3_v0
generated.ethereum_tests.ethereum-tests.GeneralStateTests.stZeroKnowledge2.ecmul_0-0_0_21000_0.test.GeneralStateTests_stZeroKnowledge2_ecmul_0_0_0_21000_0_json_ecmul_0_0_0_21000_0_fork_Cancun_Prague_d0g_0_3_v0
generated.ethereum_tests.ethereum-tests.GeneralStateTests.stZeroKnowledge2.ecmul_0-0_0_21000_128.test.GeneralStateTests_stZeroKnowledge2_ecmul_0_0_0_21000_128_json_ecmul_0_0_0_21000_128_fork_Cancun_Prague_d0g_0_3_v0
generated.ethereum_tests.ethereum-tests.GeneralStateTests.stZeroKnowledge2.ecmul_0-0_0_21000_40.test.GeneralStateTests_stZeroKnowledge2_ecmul_0_0_0_21000_40_json_ecmul_0_0_0_21000_40_fork_Cancun_Prague_d0g_0_3_v0
generated.ethereum_tests.ethereum-tests.GeneralStateTests.stZeroKnowledge2.ecmul_0-0_0_21000_64.test.GeneralStateTests_stZeroKnowledge2_ecmul_0_0_0_21000_64_json_ecmul_0_0_0_21000_64_fork_Cancun_Prague_d0g_0_3_v0
generated.ethereum_tests.ethereum-tests.GeneralStateTests.stZeroKnowledge2.ecmul_0-0_0_21000_80.test.GeneralStateTests_stZeroKnowledge2_ecmul_0_0_0_21000_80_json_ecmul_0_0_0_21000_80_fork_Cancun_Prague_d0g_0_3_v0
generated.ethereum_tests.ethereum-tests.GeneralStateTests.stZeroKnowledge2.ecmul_0-0_0_21000_96.test.GeneralStateTests_stZeroKnowledge2_ecmul_0_0_0_21000_96_json_ecmul_0_0_0_21000_96_fork_Cancun_Prague_d0g_0_3_v0
generated.ethereum_tests.ethereum-tests.GeneralStateTests.stZeroKnowledge2.ecmul_0-0_0_28000_0.test.GeneralStateTests_stZeroKnowledge2_ecmul_0_0_0_28000_0_json_ecmul_0_0_0_28000_0_fork_Cancun_Prague_d0g_0_3_v0
generated.ethereum_tests.ethereum-tests.GeneralStateTests.stZeroKnowledge2.ecmul_0-0_0_28000_128.test.GeneralStateTests_stZeroKnowledge2_ecmul_0_0_0_28000_128_json_ecmul_0_0_0_28000_128_fork_Cancun_Prague_d0g_0_3_v0
generated.ethereum_tests.ethereum-tests.GeneralStateTests.stZeroKnowledge2.ecmul_0-0_0_28000_40.test.GeneralStateTests_stZeroKnowledge2_ecmul_0_0_0_28000_40_json_ecmul_0_0_0_28000_40_fork_Cancun_Prague_d0g_0_3_v0
generated.ethereum_tests.ethereum-tests.GeneralStateTests.stZeroKnowledge2.ecmul_0-0_0_28000_64.test.GeneralStateTests_stZeroKnowledge2_ecmul_0_0_0_28000_64_json_ecmul_0_0_0_28000_64_fork_Cancun_Prague_d0g_0_3_v0
generated.ethereum_tests.ethereum-tests.GeneralStateTests.stZeroKnowledge2.ecmul_0-0_0_28000_80.test.GeneralStateTests_stZeroKnowledge2_ecmul_0_0_0_28000_80_json_ecmul_0_0_0_28000_80_fork_Cancun_Prague_d0g_0_3_v0
generated.ethereum_tests.ethereum-tests.GeneralStateTests.stZeroKnowledge2.ecmul_0-0_0_28000_96.test.GeneralStateTests_stZeroKnowledge2_ecmul_0_0_0_28000_96_json_ecmul_0_0_0_28000_96_fork_Cancun_Prague_d0g_0_3_v0
generated.ethereum_tests.ethereum-tests.GeneralStateTests.stZeroKnowledge2.ecmul_0-0_1_21000_128.test.GeneralStateTests_stZeroKnowledge2_ecmul_0_0_1_21000_128_json_ecmul_0_0_1_21000_128_fork_Cancun_Prague_d0g_0_3_v0
generated.ethereum_tests.ethereum-tests.GeneralStateTests.stZeroKnowledge2.ecmul_0-0_1_21000_96.test.GeneralStateTests_stZeroKnowledge2_ecmul_0_0_1_21000_96_json_ecmul_0_0_1_21000_96_fork_Cancun_Prague_d0g_0_3_v0
generated.ethereum_tests.ethereum-tests.GeneralStateTests.stZeroKnowledge2.ecmul_0-0_1_28000_128.test.GeneralStateTests_stZeroKnowledge2_ecmul_0_0_1_28000_128_json_ecmul_0_0_1_28000_128_fork_Cancun_Prague_d0g_0_3_v0
generated.ethereum_tests.ethereum-tests.GeneralStateTests.stZeroKnowledge2.ecmul_0-0_1_28000_96.test.GeneralStateTests_stZeroKnowledge2_ecmul_0_0_1_28000_96_json_ecmul_0_0_1_28000_96_fork_Cancun_Prague_d0g_0_3_v0
generated.ethereum_tests.ethereum-tests.GeneralStateTests.stZeroKnowledge2.ecmul_0-0_2_21000_128.test.GeneralStateTests_stZeroKnowledge2_ecmul_0_0_2_21000_128_json_ecmul_0_0_2_21000_128_fork_Cancun_Prague_d0g_0_3_v0
generated.ethereum_tests.ethereum-tests.GeneralStateTests.stZeroKnowledge2.ecmul_0-0_2_21000_96.test.GeneralStateTests_stZeroKnowledge2_ecmul_0_0_2_21000_96_json_ecmul_0_0_2_21000_96_fork_Cancun_Prague_d0g_0_3_v0
generated.ethereum_tests.ethereum-tests.GeneralStateTests.stZeroKnowledge2.ecmul_0-0_2_28000_128.test.GeneralStateTests_stZeroKnowledge2_ecmul_0_0_2_28000_128_json_ecmul_0_0_2_28000_128_fork_Cancun_Prague_d0g_0_3_v0
generated.ethereum_tests.ethereum-tests.GeneralStateTests.stZeroKnowledge2.ecmul_0-0_2_28000_96.test.GeneralStateTests_stZeroKnowledge2_ecmul_0_0_2_28000_96_json_ecmul_0_0_2_28000_96_fork_Cancun_Prague_d0g_0_3_v0
generated.ethereum_tests.ethereum-tests.GeneralStateTests.stZeroKnowledge2.ecmul_0-0_340282366920938463463374607431768211456_21000_128.test.GeneralStateTests_stZeroKnowledge2_ecmul_0_0_340282366920938463463374607431768211456_21000_128_json_ecmul_0_0_340282366920938463463374607431768211456_21000_128_fork_Cancun_Prague_d0g_0_3_v0
generated.ethereum_tests.ethereum-tests.GeneralStateTests.stZeroKnowledge2.ecmul_0-0_340282366920938463463374607431768211456_21000_80.test.GeneralStateTests_stZeroKnowledge2_ecmul_0_0_340282366920938463463374607431768211456_21000_80_json_ecmul_0_0_340282366920938463463374607431768211456_21000_80_fork_Cancun_Prague_d0g_0_3_v0
generated.ethereum_tests.ethereum-tests.GeneralStateTests.stZeroKnowledge2.ecmul_0-0_340282366920938463463374607431768211456_21000_96.test.GeneralStateTests_stZeroKnowledge2_ecmul_0_0_340282366920938463463374607431768211456_21000_96_json_ecmul_0_0_340282366920938463463374607431768211456_21000_96_fork_Cancun_Prague_d0g_0_3_v0
generated.ethereum_tests.ethereum-tests.GeneralStateTests.stZeroKnowledge2.ecmul_0-0_340282366920938463463374607431768211456_28000_128.test.GeneralStateTests_stZeroKnowledge2_ecmul_0_0_340282366920938463463374607431768211456_28000_128_json_ecmul_0_0_340282366920938463463374607431768211456_28000_128_fork_Cancun_Prague_d0g_0_3_v0
generated.ethereum_tests.ethereum-tests.GeneralStateTests.stZeroKnowledge2.ecmul_0-0_340282366920938463463374607431768211456_28000_80.test.GeneralStateTests_stZeroKnowledge2_ecmul_0_0_340282366920938463463374607431768211456_28000_80_json_ecmul_0_0_340282366920938463463374607431768211456_28000_80_fork_Cancun_Prague_d0g_0_3_v0
generated.ethereum_tests.ethereum-tests.GeneralStateTests.stZeroKnowledge2.ecmul_0-0_340282366920938463463374607431768211456_28000_96.test.GeneralStateTests_stZeroKnowledge2_ecmul_0_0_340282366920938463463374607431768211456_28000_96_json_ecmul_0_0_340282366920938463463374607431768211456_28000_96_fork_Cancun_Prague_d0g_0_3_v0
generated.ethereum_tests.ethereum-tests.GeneralStateTests.stZeroKnowledge2.ecmul_0-0_5616_21000_128.test.GeneralStateTests_stZeroKnowledge2_ecmul_0_0_5616_21000_128_json_ecmul_0_0_5616_21000_128_fork_Cancun_Prague_d0g_0_3_v0
generated.ethereum_tests.ethereum-tests.GeneralStateTests.stZeroKnowledge2.ecmul_0-0_5616_21000_96.test.GeneralStateTests_stZeroKnowledge2_ecmul_0_0_5616_21000_96_json_ecmul_0_0_5616_21000_96_fork_Cancun_Prague_d0g_0_3_v0
generated.ethereum_tests.ethereum-tests.GeneralStateTests.stZeroKnowledge2.ecmul_0-0_5616_28000_128.test.GeneralStateTests_stZeroKnowledge2_ecmul_0_0_5616_28000_128_json_ecmul_0_0_5616_28000_128_fork_Cancun_Prague_d0g_0_3_v0
generated.ethereum_tests.ethereum-tests.GeneralStateTests.stZeroKnowledge2.ecmul_0-0_5616_28000_96.test.GeneralStateTests_stZeroKnowledge2_ecmul_0_0_5616_28000_96_json_ecmul_0_0_5616_28000_96_fork_Cancun_Prague_d0g_0_3_v0
generated.ethereum_tests.ethereum-tests.GeneralStateTests.stZeroKnowledge2.ecmul_0-0_5617_21000_128.test.GeneralStateTests_stZeroKnowledge2_ecmul_0_0_5617_21000_128_json_ecmul_0_0_5617_21000_128_fork_Cancun_Prague_d0g_0_3_v0
generated.ethereum_tests.ethereum-tests.GeneralStateTests.stZeroKnowledge2.ecmul_0-0_5617_21000_96.test.GeneralStateTests_stZeroKnowledge2_ecmul_0_0_5617_21000_96_json_ecmul_0_0_5617_21000_96_fork_Cancun_Prague_d0g_0_3_v0
generated.ethereum_tests.ethereum-tests.GeneralStateTests.stZeroKnowledge2.ecmul_0-0_5617_28000_128.test.GeneralStateTests_stZeroKnowledge2_ecmul_0_0_5617_28000_128_json_ecmul_0_0_5617_28000_128_fork_Cancun_Prague_d0g_0_3_v0
generated.ethereum_tests.ethereum-tests.GeneralStateTests.stZeroKnowledge2.ecmul_0-0_5617_28000_96.test.GeneralStateTests_stZeroKnowledge2_ecmul_0_0_5617_28000_96_json_ecmul_0_0_5617_28000_96_fork_Cancun_Prague_d0g_0_3_v0
generated.ethereum_tests.ethereum-tests.GeneralStateTests.stZeroKnowledge2.ecmul_0-0_9935_21000_128.test.GeneralStateTests_stZeroKnowledge2_ecmul_0_0_9935_21000_128_json_ecmul_0_0_9935_21000_128_fork_Cancun_Prague_d0g_0_3_v0
generated.ethereum_tests.ethereum-tests.GeneralStateTests.stZeroKnowledge2.ecmul_0-0_9935_21000_96.test.GeneralStateTests_stZeroKnowledge2_ecmul_0_0_9935_21000_96_json_ecmul_0_0_9935_21000_96_fork_Cancun_Prague_d0g_0_3_v0
generated.ethereum_tests.ethereum-tests.GeneralStateTests.stZeroKnowledge2.ecmul_0-0_9935_28000_128.test.GeneralStateTests_stZeroKnowledge2_ecmul_0_0_9935_28000_128_json_ecmul_0_0_9935_28000_128_fork_Cancun_Prague_d0g_0_3_v0
generated.ethereum_tests.ethereum-tests.GeneralStateTests.stZeroKnowledge2.ecmul_0-0_9935_28000_96.test.GeneralStateTests_stZeroKnowledge2_ecmul_0_0_9935_28000_96_json_ecmul_0_0_9935_28000_96_fork_Cancun_Prague_d0g_0_3_v0
generated.ethereum_tests.ethereum-tests.GeneralStateTests.stZeroKnowledge2.ecmul_0-0_9_21000_128.test.GeneralStateTests_stZeroKnowledge2_ecmul_0_0_9_21000_128_json_ecmul_0_0_9_21000_128_fork_Cancun_Prague_d0g_0_3_v0
generated.ethereum_tests.ethereum-tests.GeneralStateTests.stZeroKnowledge2.ecmul_0-0_9_21000_96.test.GeneralStateTests_stZeroKnowledge2_ecmul_0_0_9_21000_96_json_ecmul_0_0_9_21000_96_fork_Cancun_Prague_d0g_0_3_v0
generated.ethereum_tests.ethereum-tests.GeneralStateTests.stZeroKnowledge2.ecmul_0-0_9_28000_128.test.GeneralStateTests_stZeroKnowledge2_ecmul_0_0_9_28000_128_json_ecmul_0_0_9_28000_128_fork_Cancun_Prague_d0g_0_3_v0
generated.ethereum_tests.ethereum-tests.GeneralStateTests.stZeroKnowledge2.ecmul_0-0_9_28000_96.test.GeneralStateTests_stZeroKnowledge2_ecmul_0_0_9_28000_96_json_ecmul_0_0_9_28000_96_fork_Cancun_Prague_d0g_0_3_v0
generated.ethereum_tests.ethereum-tests.GeneralStateTests.stZeroKnowledge2.ecmul_0-3_0_21000_128.test.GeneralStateTests_stZeroKnowledge2_ecmul_0_3_0_21000_128_json_ecmul_0_3_0_21000_128_fork_Cancun_Prague_d0g_0_3_v0
generated.ethereum_tests.ethereum-tests.GeneralStateTests.stZeroKnowledge2.ecmul_0-3_0_21000_64.test.GeneralStateTests_stZeroKnowledge2_ecmul_0_3_0_21000_64_json_ecmul_0_3_0_21000_64_fork_Cancun_Prague_d0g_0_3_v0
generated.ethereum_tests.ethereum-tests.GeneralStateTests.stZeroKnowledge2.ecmul_0-3_0_21000_80.test.GeneralStateTests_stZeroKnowledge2_ecmul_0_3_0_21000_80_json_ecmul_0_3_0_21000_80_fork_Cancun_Prague_d0g_0_3_v0
generated.ethereum_tests.ethereum-tests.GeneralStateTests.stZeroKnowledge2.ecmul_0-3_0_21000_96.test.GeneralStateTests_stZeroKnowledge2_ecmul_0_3_0_21000_96_json_ecmul_0_3_0_21000_96_fork_Cancun_Prague_d0g_0_3_v0
generated.ethereum_tests.ethereum-tests.GeneralStateTests.stZeroKnowledge2.ecmul_0-3_0_28000_128.test.GeneralStateTests_stZeroKnowledge2_ecmul_0_3_0_28000_128_json_ecmul_0_3_0_28000_128_fork_Cancun_Prague_d0g_0_3_v0
generated.ethereum_tests.ethereum-tests.GeneralStateTests.stZeroKnowledge2.ecmul_0-3_0_28000_64.test.GeneralStateTests_stZeroKnowledge2_ecmul_0_3_0_28000_64_json_ecmul_0_3_0_28000_64_fork_Cancun_Prague_d0g_0_3_v0
generated.ethereum_tests.ethereum-tests.GeneralStateTests.stZeroKnowledge2.ecmul_0-3_0_28000_80.test.GeneralStateTests_stZeroKnowledge2_ecmul_0_3_0_28000_80_json_ecmul_0_3_0_28000_80_fork_Cancun_Prague_d0g_0_3_v0
generated.ethereum_tests.ethereum-tests.GeneralStateTests.stZeroKnowledge2.ecmul_0-3_0_28000_96.test.GeneralStateTests_stZeroKnowledge2_ecmul_0_3_0_28000_96_json_ecmul_0_3_0_28000_96_fork_Cancun_Prague_d0g_0_3_v0
generated.ethereum_tests.ethereum-tests.GeneralStateTests.stZeroKnowledge2.ecmul_0-3_1_21000_128.test.GeneralStateTests_stZeroKnowledge2_ecmul_0_3_1_21000_128_json_ecmul_0_3_1_21000_128_fork_Cancun_Prague_d0g_0_3_v0
generated.ethereum_tests.ethereum-tests.GeneralStateTests.stZeroKnowledge2.ecmul_0-3_1_21000_96.test.GeneralStateTests_stZeroKnowledge2_ecmul_0_3_1_21000_96_json_ecmul_0_3_1_21000_96_fork_Cancun_Prague_d0g_0_3_v0
generated.ethereum_tests.ethereum-tests.GeneralStateTests.stZeroKnowledge2.ecmul_0-3_1_28000_128.test.GeneralStateTests_stZeroKnowledge2_ecmul_0_3_1_28000_128_json_ecmul_0_3_1_28000_128_fork_Cancun_Prague_d0g_0_3_v0
generated.ethereum_tests.ethereum-tests.GeneralStateTests.stZeroKnowledge2.ecmul_0-3_1_28000_96.test.GeneralStateTests_stZeroKnowledge2_ecmul_0_3_1_28000_96_json_ecmul_0_3_1_28000_96_fork_Cancun_Prague_d0g_0_3_v0
generated.ethereum_tests.ethereum-tests.GeneralStateTests.stZeroKnowledge2.ecmul_0-3_2_21000_128.test.GeneralStateTests_stZeroKnowledge2_ecmul_0_3_2_21000_128_json_ecmul_0_3_2_21000_128_fork_Cancun_Prague_d0g_0_3_v0
generated.ethereum_tests.ethereum-tests.GeneralStateTests.stZeroKnowledge2.ecmul_0-3_2_21000_96.test.GeneralStateTests_stZeroKnowledge2_ecmul_0_3_2_21000_96_json_ecmul_0_3_2_21000_96_fork_Cancun_Prague_d0g_0_3_v0
generated.ethereum_tests.ethereum-tests.GeneralStateTests.stZeroKnowledge2.ecmul_0-3_2_28000_128.test.GeneralStateTests_stZeroKnowledge2_ecmul_0_3_2_28000_128_json_ecmul_0_3_2_28000_128_fork_Cancun_Prague_d0g_0_3_v0
generated.ethereum_tests.ethereum-tests.GeneralStateTests.stZeroKnowledge2.ecmul_0-3_2_28000_96.test.GeneralStateTests_stZeroKnowledge2_ecmul_0_3_2_28000_96_json_ecmul_0_3_2_28000_96_fork_Cancun_Prague_d0g_0_3_v0
generated.ethereum_tests.ethereum-tests.GeneralStateTests.stZeroKnowledge2.ecmul_0-3_340282366920938463463374607431768211456_21000_128.test.GeneralStateTests_stZeroKnowledge2_ecmul_0_3_340282366920938463463374607431768211456_21000_128_json_ecmul_0_3_340282366920938463463374607431768211456_21000_128_fork_Cancun_Prague_d0g_0_3_v0
generated.ethereum_tests.ethereum-tests.GeneralStateTests.stZeroKnowledge2.ecmul_0-3_340282366920938463463374607431768211456_21000_80.test.GeneralStateTests_stZeroKnowledge2_ecmul_0_3_340282366920938463463374607431768211456_21000_80_json_ecmul_0_3_340282366920938463463374607431768211456_21000_80_fork_Cancun_Prague_d0g_0_3_v0
generated.ethereum_tests.ethereum-tests.GeneralStateTests.stZeroKnowledge2.ecmul_0-3_340282366920938463463374607431768211456_21000_96.test.GeneralStateTests_stZeroKnowledge2_ecmul_0_3_340282366920938463463374607431768211456_21000_96_json_ecmul_0_3_340282366920938463463374607431768211456_21000_96_fork_Cancun_Prague_d0g_0_3_v0
generated.ethereum_tests.ethereum-tests.GeneralStateTests.stZeroKnowledge2.ecmul_0-3_340282366920938463463374607431768211456_28000_128.test.GeneralStateTests_stZeroKnowledge2_ecmul_0_3_340282366920938463463374607431768211456_28000_128_json_ecmul_0_3_340282366920938463463374607431768211456_28000_128_fork_Cancun_Prague_d0g_0_3_v0
generated.ethereum_tests.ethereum-tests.GeneralStateTests.stZeroKnowledge2.ecmul_0-3_340282366920938463463374607431768211456_28000_80.test.GeneralStateTests_stZeroKnowledge2_ecmul_0_3_340282366920938463463374607431768211456_28000_80_json_ecmul_0_3_340282366920938463463374607431768211456_28000_80_fork_Cancun_Prague_d0g_0_3_v0
generated.ethereum_tests.ethereum-tests.GeneralStateTests.stZeroKnowledge2.ecmul_0-3_340282366920938463463374607431768211456_28000_96.test.GeneralStateTests_stZeroKnowledge2_ecmul_0_3_340282366920938463463374607431768211456_28000_96_json_ecmul_0_3_340282366920938463463374607431768211456_28000_96_fork_Cancun_Prague_d0g_0_3_v0
generated.ethereum_tests.ethereum-tests.GeneralStateTests.stZeroKnowledge2.ecmul_0-3_5616_21000_128.test.GeneralStateTests_stZeroKnowledge2_ecmul_0_3_5616_21000_128_json_ecmul_0_3_5616_21000_128_fork_Cancun_Prague_d0g_0_3_v0
generated.ethereum_tests.ethereum-tests.GeneralStateTests.stZeroKnowledge2.ecmul_0-3_5616_21000_96.test.GeneralStateTests_stZeroKnowledge2_ecmul_0_3_5616_21000_96_json_ecmul_0_3_5616_21000_96_fork_Cancun_Prague_d0g_0_3_v0
generated.ethereum_tests.ethereum-tests.GeneralStateTests.stZeroKnowledge2.ecmul_0-3_5616_28000_128.test.GeneralStateTests_stZeroKnowledge2_ecmul_0_3_5616_28000_128_json_ecmul_0_3_5616_28000_128_fork_Cancun_Prague_d0g_0_3_v0
generated.ethereum_tests.ethereum-tests.GeneralStateTests.stZeroKnowledge2.ecmul_0-3_5616_28000_96_Paris.test.GeneralStateTests_stZeroKnowledge2_ecmul_0_3_5616_28000_96_Paris_json_ecmul_0_3_5616_28000_96_Paris_fork_Cancun_Prague_d0g_0_2_v0
generated.ethereum_tests.ethereum-tests.GeneralStateTests.stZeroKnowledge2.ecmul_0-3_5617_21000_128.test.GeneralStateTests_stZeroKnowledge2_ecmul_0_3_5617_21000_128_json_ecmul_0_3_5617_21000_128_fork_Cancun_Prague_d0g_0_3_v0
generated.ethereum_tests.ethereum-tests.GeneralStateTests.stZeroKnowledge2.ecmul_0-3_5617_21000_96.test.GeneralStateTests_stZeroKnowledge2_ecmul_0_3_5617_21000_96_json_ecmul_0_3_5617_21000_96_fork_Cancun_Prague_d0g_0_3_v0
generated.ethereum_tests.ethereum-tests.GeneralStateTests.stZeroKnowledge2.ecmul_0-3_5617_28000_128.test.GeneralStateTests_stZeroKnowledge2_ecmul_0_3_5617_28000_128_json_ecmul_0_3_5617_28000_128_fork_Cancun_Prague_d0g_0_3_v0
generated.ethereum_tests.ethereum-tests.GeneralStateTests.stZeroKnowledge2.ecmul_0-3_5617_28000_96.test.GeneralStateTests_stZeroKnowledge2_ecmul_0_3_5617_28000_96_json_ecmul_0_3_5617_28000_96_fork_Cancun_Prague_d0g_0_3_v0
generated.ethereum_tests.ethereum-tests.GeneralStateTests.stZeroKnowledge2.ecmul_0-3_9935_21000_128.test.GeneralStateTests_stZeroKnowledge2_ecmul_0_3_9935_21000_128_json_ecmul_0_3_9935_21000_128_fork_Cancun_Prague_d0g_0_3_v0
generated.ethereum_tests.ethereum-tests.GeneralStateTests.stZeroKnowledge2.ecmul_0-3_9935_21000_96.test.GeneralStateTests_stZeroKnowledge2_ecmul_0_3_9935_21000_96_json_ecmul_0_3_9935_21000_96_fork_Cancun_Prague_d0g_0_3_v0
generated.ethereum_tests.ethereum-tests.GeneralStateTests.stZeroKnowledge2.ecmul_0-3_9935_28000_128.test.GeneralStateTests_stZeroKnowledge2_ecmul_0_3_9935_28000_128_json_ecmul_0_3_9935_28000_128_fork_Cancun_Prague_d0g_0_3_v0
generated.ethereum_tests.ethereum-tests.GeneralStateTests.stZeroKnowledge2.ecmul_0-3_9935_28000_96.test.GeneralStateTests_stZeroKnowledge2_ecmul_0_3_9935_28000_96_json_ecmul_0_3_9935_28000_96_fork_Cancun_Prague_d0g_0_3_v0
generated.ethereum_tests.ethereum-tests.GeneralStateTests.stZeroKnowledge2.ecmul_0-3_9_21000_128.test.GeneralStateTests_stZeroKnowledge2_ecmul_0_3_9_21000_128_json_ecmul_0_3_9_21000_128_fork_Cancun_Prague_d0g_0_3_v0
generated.ethereum_tests.ethereum-tests.GeneralStateTests.stZeroKnowledge2.ecmul_0-3_9_21000_96.test.GeneralStateTests_stZeroKnowledge2_ecmul_0_3_9_21000_96_json_ecmul_0_3_9_21000_96_fork_Cancun_Prague_d0g_0_3_v0
generated.ethereum_tests.ethereum-tests.GeneralStateTests.stZeroKnowledge2.ecmul_0-3_9_28000_128.test.GeneralStateTests_stZeroKnowledge2_ecmul_0_3_9_28000_128_json_ecmul_0_3_9_28000_128_fork_Cancun_Prague_d0g_0_3_v0
generated.ethereum_tests.ethereum-tests.GeneralStateTests.stZeroKnowledge2.ecmul_0-3_9_28000_96.test.GeneralStateTests_stZeroKnowledge2_ecmul_0_3_9_28000_96_json_ecmul_0_3_9_28000_96_fork_Cancun_Prague_d0g_0_3_v0
generated.ethereum_tests.ethereum-tests.GeneralStateTests.stZeroKnowledge2.ecmul_1-2_0_21000_128.test.GeneralStateTests_stZeroKnowledge2_ecmul_1_2_0_21000_128_json_ecmul_1_2_0_21000_128_fork_Cancun_Prague_d0g_0_3_v0
generated.ethereum_tests.ethereum-tests.GeneralStateTests.stZeroKnowledge2.ecmul_1-2_0_21000_64.test.GeneralStateTests_stZeroKnowledge2_ecmul_1_2_0_21000_64_json_ecmul_1_2_0_21000_64_fork_Cancun_Prague_d0g_0_3_v0
generated.ethereum_tests.ethereum-tests.GeneralStateTests.stZeroKnowledge2.ecmul_1-2_0_21000_80.test.GeneralStateTests_stZeroKnowledge2_ecmul_1_2_0_21000_80_json_ecmul_1_2_0_21000_80_fork_Cancun_Prague_d0g_0_3_v0
generated.ethereum_tests.ethereum-tests.GeneralStateTests.stZeroKnowledge2.ecmul_1-2_0_21000_96.test.GeneralStateTests_stZeroKnowledge2_ecmul_1_2_0_21000_96_json_ecmul_1_2_0_21000_96_fork_Cancun_Prague_d0g_0_3_v0
generated.ethereum_tests.ethereum-tests.GeneralStateTests.stZeroKnowledge2.ecmul_1-2_0_28000_128.test.GeneralStateTests_stZeroKnowledge2_ecmul_1_2_0_28000_128_json_ecmul_1_2_0_28000_128_fork_Cancun_Prague_d0g_0_3_v0
generated.ethereum_tests.ethereum-tests.GeneralStateTests.stZeroKnowledge2.ecmul_1-2_0_28000_64.test.GeneralStateTests_stZeroKnowledge2_ecmul_1_2_0_28000_64_json_ecmul_1_2_0_28000_64_fork_Cancun_Prague_d0g_0_3_v0
generated.ethereum_tests.ethereum-tests.GeneralStateTests.stZeroKnowledge2.ecmul_1-2_0_28000_80.test.GeneralStateTests_stZeroKnowledge2_ecmul_1_2_0_28000_80_json_ecmul_1_2_0_28000_80_fork_Cancun_Prague_d0g_0_3_v0
generated.ethereum_tests.ethereum-tests.GeneralStateTests.stZeroKnowledge2.ecmul_1-2_0_28000_96.test.GeneralStateTests_stZeroKnowledge2_ecmul_1_2_0_28000_96_json_ecmul_1_2_0_28000_96_fork_Cancun_Prague_d0g_0_3_v0
generated.ethereum_tests.ethereum-tests.GeneralStateTests.stZeroKnowledge2.ecmul_1-2_1_21000_128.test.GeneralStateTests_stZeroKnowledge2_ecmul_1_2_1_21000_128_json_ecmul_1_2_1_21000_128_fork_Cancun_Prague_d0g_0_3_v0
generated.ethereum_tests.ethereum-tests.GeneralStateTests.stZeroKnowledge2.ecmul_1-2_1_21000_96.test.GeneralStateTests_stZeroKnowledge2_ecmul_1_2_1_21000_96_json_ecmul_1_2_1_21000_96_fork_Cancun_Prague_d0g_0_3_v0
generated.ethereum_tests.ethereum-tests.GeneralStateTests.stZeroKnowledge2.ecmul_1-2_1_28000_128.test.GeneralStateTests_stZeroKnowledge2_ecmul_1_2_1_28000_128_json_ecmul_1_2_1_28000_128_fork_Cancun_Prague_d0g_0_3_v0
generated.ethereum_tests.ethereum-tests.GeneralStateTests.stZeroKnowledge2.ecmul_1-2_1_28000_96.test.GeneralStateTests_stZeroKnowledge2_ecmul_1_2_1_28000_96_json_ecmul_1_2_1_28000_96_fork_Cancun_Prague_d0g_0_3_v0
generated.ethereum_tests.ethereum-tests.GeneralStateTests.stZeroKnowledge2.ecmul_1-2_2_21000_128.test.GeneralStateTests_stZeroKnowledge2_ecmul_1_2_2_21000_128_json_ecmul_1_2_2_21000_128_fork_Cancun_Prague_d0g_0_3_v0
generated.ethereum_tests.ethereum-tests.GeneralStateTests.stZeroKnowledge2.ecmul_1-2_2_21000_96.test.GeneralStateTests_stZeroKnowledge2_ecmul_1_2_2_21000_96_json_ecmul_1_2_2_21000_96_fork_Cancun_Prague_d0g_0_3_v0
generated.execution-specs.tests.eest.static.state_tests.stAttackTest.ContractCreationSpamFiller.test.ContractCreationSpam
generated.execution-specs.tests.eest.static.state_tests.stAttackTest.CrashingTransactionFiller.test.CrashingTransaction
generated.execution-specs.tests.eest.static.state_tests.stBugs.staticcall_createfailsFiller.test.staticcall_createfails
generated.execution-specs.tests.eest.static.state_tests.stCallCodes.callcallcall_ABCB_RECURSIVEFiller.test.callcallcall_ABCB_RECURSIVE
generated.execution-specs.tests.eest.static.state_tests.stCallCodes.callcallcallcode_001Filler.test.callcallcallcode_001
generated.execution-specs.tests.eest.static.state_tests.stCallCodes.callcallcallcode_001_SuicideEndFiller.test.callcallcallcode_001_SuicideEnd
generated.execution-specs.tests.eest.static.state_tests.stCallCodes.callcallcallcode_ABCB_RECURSIVEFiller.test.callcallcallcode_ABCB_RECURSIVE
generated.execution-specs.tests.eest.static.state_tests.stCallCodes.callcallcode_01Filler.test.callcallcode_01
generated.execution-specs.tests.eest.static.state_tests.stCallCodes.callcallcode_01_SuicideEndFiller.test.callcallcode_01_SuicideEnd
generated.execution-specs.tests.eest.static.state_tests.stCallCodes.callcallcodecall_010Filler.test.callcallcodecall_010
generated.execution-specs.tests.eest.static.state_tests.stCallCodes.callcallcodecall_010_OOGEFiller.test.callcallcodecall_010_OOGE
generated.execution-specs.tests.eest.static.state_tests.stCallCodes.callcallcodecall_010_SuicideEndFiller.test.callcallcodecall_010_SuicideEnd
generated.execution-specs.tests.eest.static.state_tests.stCallCodes.callcallcodecall_010_SuicideMiddleFiller.test.callcallcodecall_010_SuicideMiddle
generated.execution-specs.tests.eest.static.state_tests.stCallCodes.callcallcodecall_ABCB_RECURSIVEFiller.test.callcallcodecall_ABCB_RECURSIVE
generated.execution-specs.tests.eest.static.state_tests.stCallCodes.callcallcodecallcode_011Filler.test.callcallcodecallcode_011
generated.execution-specs.tests.eest.static.state_tests.stCallCodes.callcallcodecallcode_011_OOGEFiller.test.callcallcodecallcode_011_OOGE
generated.execution-specs.tests.eest.static.state_tests.stCallCodes.callcallcodecallcode_011_SuicideEndFiller.test.callcallcodecallcode_011_SuicideEnd
generated.execution-specs.tests.eest.static.state_tests.stCallCodes.callcallcodecallcode_011_SuicideMiddleFiller.test.callcallcodecallcode_011_SuicideMiddle
generated.execution-specs.tests.eest.static.state_tests.stCallCodes.callcallcodecallcode_ABCB_RECURSIVEFiller.test.callcallcodecallcode_ABCB_RECURSIVE
generated.execution-specs.tests.eest.static.state_tests.stCallCodes.callcodeDynamicCode2SelfCallFiller.test.callcodeDynamicCode2SelfCall
generated.execution-specs.tests.eest.static.state_tests.stCallCodes.callcodeDynamicCodeFiller.test.callcodeDynamicCode
generated.execution-specs.tests.eest.static.state_tests.stCallCodes.callcodeInInitcodeToEmptyContractFiller.test.callcodeInInitcodeToEmptyContract
generated.execution-specs.tests.eest.static.state_tests.stCallCodes.callcodeInInitcodeToExisContractWithVTransferNEMoneyFiller.test.callcodeInInitcodeToExisContractWithVTransferNEMoney
generated.execution-specs.tests.eest.static.state_tests.stCallCodes.callcodeInInitcodeToExistingContractFiller.test.callcodeInInitcodeToExistingContract
generated.execution-specs.tests.eest.static.state_tests.stCallCodes.callcodeInInitcodeToExistingContractWithValueTransferFiller.test.callcodeInInitcodeToExistingContractWithValueTransfer
generated.execution-specs.tests.eest.static.state_tests.stCallCodes.callcode_checkPCFiller.test.callcode_checkPC
generated.execution-specs.tests.eest.static.state_tests.stCallCodes.callcodecall_10Filler.test.callcodecall_10
generated.execution-specs.tests.eest.static.state_tests.stCallCodes.callcodecall_10_OOGEFiller.test.callcodecall_10_OOGE
generated.execution-specs.tests.eest.static.state_tests.stCallCodes.callcodecall_10_SuicideEndFiller.test.callcodecall_10_SuicideEnd
generated.execution-specs.tests.eest.static.state_tests.stCallCodes.callcodecallcall_100Filler.test.callcodecallcall_100
generated.execution-specs.tests.eest.static.state_tests.stCallCodes.callcodecallcall_100_OOGEFiller.test.callcodecallcall_100_OOGE
generated.execution-specs.tests.eest.static.state_tests.stCallCodes.callcodecallcall_100_OOGMBeforeFiller.test.callcodecallcall_100_OOGMBefore
generated.execution-specs.tests.eest.static.state_tests.stCallCodes.callcodecallcall_100_SuicideEndFiller.test.callcodecallcall_100_SuicideEnd
generated.execution-specs.tests.eest.static.state_tests.stCallCodes.callcodecallcall_100_SuicideMiddleFiller.test.callcodecallcall_100_SuicideMiddle
generated.execution-specs.tests.eest.static.state_tests.stCallCodes.callcodecallcall_ABCB_RECURSIVEFiller.test.callcodecallcall_ABCB_RECURSIVE
generated.execution-specs.tests.eest.static.state_tests.stCallCodes.callcodecallcallcode_101Filler.test.callcodecallcallcode_101
generated.execution-specs.tests.eest.static.state_tests.stCallCodes.callcodecallcallcode_101_OOGEFiller.test.callcodecallcallcode_101_OOGE
generated.execution-specs.tests.eest.static.state_tests.stCallCodes.callcodecallcallcode_101_OOGMBeforeFiller.test.callcodecallcallcode_101_OOGMBefore
generated.execution-specs.tests.eest.static.state_tests.stCallCodes.callcodecallcallcode_101_SuicideEndFiller.test.callcodecallcallcode_101_SuicideEnd
generated.execution-specs.tests.eest.static.state_tests.stCallCodes.callcodecallcallcode_101_SuicideMiddleFiller.test.callcodecallcallcode_101_SuicideMiddle
generated.execution-specs.tests.eest.static.state_tests.stCallCodes.callcodecallcallcode_ABCB_RECURSIVEFiller.test.callcodecallcallcode_ABCB_RECURSIVE
generated.execution-specs.tests.eest.static.state_tests.stCallCodes.callcodecallcode_11Filler.test.callcodecallcode_11
generated.execution-specs.tests.eest.static.state_tests.stCallCodes.callcodecallcode_11_OOGEFiller.test.callcodecallcode_11_OOGE
generated.execution-specs.tests.eest.static.state_tests.stCallCodes.callcodecallcode_11_SuicideEndFiller.test.callcodecallcode_11_SuicideEnd
generated.execution-specs.tests.eest.static.state_tests.stCallCodes.callcodecallcodecall_110Filler.test.callcodecallcodecall_110
generated.execution-specs.tests.eest.static.state_tests.stCallCodes.callcodecallcodecall_110_OOGEFiller.test.callcodecallcodecall_110_OOGE
generated.execution-specs.tests.eest.static.state_tests.stCallCodes.callcodecallcodecall_110_OOGMBeforeFiller.test.callcodecallcodecall_110_OOGMBefore
generated.execution-specs.tests.eest.static.state_tests.stCallCodes.callcodecallcodecall_110_SuicideEndFiller.test.callcodecallcodecall_110_SuicideEnd
generated.execution-specs.tests.eest.static.state_tests.stCallCodes.callcodecallcodecall_110_SuicideMiddleFiller.test.callcodecallcodecall_110_SuicideMiddle
generated.execution-specs.tests.eest.static.state_tests.stCallCodes.callcodecallcodecall_ABCB_RECURSIVEFiller.test.callcodecallcodecall_ABCB_RECURSIVE
generated.execution-specs.tests.eest.static.state_tests.stCallCodes.callcodecallcodecallcode_111Filler.test.callcodecallcodecallcode_111
generated.execution-specs.tests.eest.static.state_tests.stCallCodes.callcodecallcodecallcode_111_OOGEFiller.test.callcodecallcodecallcode_111_OOGE
generated.execution-specs.tests.eest.static.state_tests.stCallCodes.callcodecallcodecallcode_111_OOGMBeforeFiller.test.callcodecallcodecallcode_111_OOGMBefore
generated.execution-specs.tests.eest.static.state_tests.stCallCodes.callcodecallcodecallcode_111_SuicideEndFiller.test.callcodecallcodecallcode_111_SuicideEnd
generated.execution-specs.tests.eest.static.state_tests.stCallCodes.callcodecallcodecallcode_111_SuicideMiddleFiller.test.callcodecallcodecallcode_111_SuicideMiddle
generated.execution-specs.tests.eest.static.state_tests.stCallCodes.callcodecallcodecallcode_ABCB_RECURSIVEFiller.test.callcodecallcodecallcode_ABCB_RECURSIVE
generated.execution-specs.tests.eest.static.state_tests.stCallCreateCallCodeTest.Call1024BalanceTooLowFiller.test.Call1024BalanceTooLow
generated.execution-specs.tests.eest.static.state_tests.stCallCreateCallCodeTest.Call1024OOGFiller.test.Call1024OOG
generated.execution-specs.tests.eest.static.state_tests.stCallCreateCallCodeTest.Call1024PreCallsFiller.test.Call1024PreCalls
generated.execution-specs.tests.eest.static.state_tests.stCallCreateCallCodeTest.CallLoseGasOOGFiller.test.CallLoseGasOOG
generated.execution-specs.tests.eest.static.state_tests.stCallCreateCallCodeTest.CallRecursiveBombPreCallFiller.test.CallRecursiveBombPreCall
generated.execution-specs.tests.eest.static.state_tests.stCallCreateCallCodeTest.Callcode1024BalanceTooLowFiller.test.Callcode1024BalanceTooLow
generated.execution-specs.tests.eest.static.state_tests.stCallCreateCallCodeTest.Callcode1024OOGFiller.test.Callcode1024OOG
generated.execution-specs.tests.eest.static.state_tests.stCallCreateCallCodeTest.CallcodeLoseGasOOGFiller.test.CallcodeLoseGasOOG
generated.execution-specs.tests.eest.static.state_tests.stCallCreateCallCodeTest.callWithHighValueAndGasOOGFiller.test.callWithHighValueAndGasOOG
generated.execution-specs.tests.eest.static.state_tests.stCallCreateCallCodeTest.callWithHighValueAndOOGatTxLevelFiller.test.callWithHighValueAndOOGatTxLevel
generated.execution-specs.tests.eest.static.state_tests.stCallCreateCallCodeTest.contractCreationMakeCallThatAskMoreGasThenTransactionProvidedFiller.test.contractCreationMakeCallThatAskMoreGasThenTransactionProvided
generated.execution-specs.tests.eest.static.state_tests.stCallCreateCallCodeTest.createFailBalanceTooLowFiller.test.createFailBalanceTooLow
generated.execution-specs.tests.eest.static.state_tests.stCallCreateCallCodeTest.createInitFail_OOGduringInit2Filler.test.createInitFail_OOGduringInit2
generated.execution-specs.tests.eest.static.state_tests.stCallCreateCallCodeTest.createInitOOGforCREATEFiller.test.createInitOOGforCREATE
generated.execution-specs.tests.eest.static.state_tests.stCallCreateCallCodeTest.createJS_NoCollisionFiller.test.createJS_NoCollision
generated.execution-specs.tests.eest.static.state_tests.stCallCreateCallCodeTest.createNameRegistratorPerTxsFiller.test.createNameRegistratorPerTxs
generated.execution-specs.tests.eest.static.state_tests.stCallCreateCallCodeTest.createNameRegistratorPerTxsNotEnoughGasFiller.test.createNameRegistratorPerTxsNotEnoughGas
generated.execution-specs.tests.eest.static.state_tests.stCallDelegateCodesCallCodeHomestead.callcallcallcode_001Filler.test.callcallcallcode_001
generated.execution-specs.tests.eest.static.state_tests.stCallDelegateCodesCallCodeHomestead.callcallcallcode_001_OOGEFiller.test.callcallcallcode_001_OOGE
generated.execution-specs.tests.eest.static.state_tests.stCallDelegateCodesCallCodeHomestead.callcallcallcode_001_OOGMBeforeFiller.test.callcallcallcode_001_OOGMBefore
generated.execution-specs.tests.eest.static.state_tests.stCallDelegateCodesCallCodeHomestead.callcallcallcode_001_SuicideEndFiller.test.callcallcallcode_001_SuicideEnd
generated.execution-specs.tests.eest.static.state_tests.stCallDelegateCodesCallCodeHomestead.callcallcallcode_001_SuicideMiddleFiller.test.callcallcallcode_001_SuicideMiddle
generated.execution-specs.tests.eest.static.state_tests.stCallDelegateCodesCallCodeHomestead.callcallcallcode_ABCB_RECURSIVEFiller.test.callcallcallcode_ABCB_RECURSIVE
generated.execution-specs.tests.eest.static.state_tests.stCallDelegateCodesCallCodeHomestead.callcallcode_01Filler.test.callcallcode_01
generated.execution-specs.tests.eest.static.state_tests.stCallDelegateCodesCallCodeHomestead.callcallcode_01_OOGEFiller.test.callcallcode_01_OOGE
generated.execution-specs.tests.eest.static.state_tests.stCallDelegateCodesCallCodeHomestead.callcallcode_01_SuicideEndFiller.test.callcallcode_01_SuicideEnd
generated.execution-specs.tests.eest.static.state_tests.stCallDelegateCodesCallCodeHomestead.callcallcodecall_010Filler.test.callcallcodecall_010
generated.execution-specs.tests.eest.static.state_tests.stCallDelegateCodesCallCodeHomestead.callcallcodecall_010_OOGEFiller.test.callcallcodecall_010_OOGE
generated.execution-specs.tests.eest.static.state_tests.stCallDelegateCodesCallCodeHomestead.callcallcodecall_010_OOGMBeforeFiller.test.callcallcodecall_010_OOGMBefore
generated.execution-specs.tests.eest.static.state_tests.stCallDelegateCodesCallCodeHomestead.callcallcodecall_010_SuicideEndFiller.test.callcallcodecall_010_SuicideEnd
generated.execution-specs.tests.eest.static.state_tests.stCallDelegateCodesCallCodeHomestead.callcallcodecall_010_SuicideMiddleFiller.test.callcallcodecall_010_SuicideMiddle
generated.execution-specs.tests.eest.static.state_tests.stCallDelegateCodesCallCodeHomestead.callcallcodecall_ABCB_RECURSIVEFiller.test.callcallcodecall_ABCB_RECURSIVE
generated.execution-specs.tests.eest.static.state_tests.stCallDelegateCodesCallCodeHomestead.callcallcodecallcode_011Filler.test.callcallcodecallcode_011
generated.execution-specs.tests.eest.static.state_tests.stCallDelegateCodesCallCodeHomestead.callcallcodecallcode_011_OOGEFiller.test.callcallcodecallcode_011_OOGE
generated.execution-specs.tests.eest.static.state_tests.stCallDelegateCodesCallCodeHomestead.callcallcodecallcode_011_OOGMBeforeFiller.test.callcallcodecallcode_011_OOGMBefore
generated.execution-specs.tests.eest.static.state_tests.stCallDelegateCodesCallCodeHomestead.callcallcodecallcode_011_SuicideEndFiller.test.callcallcodecallcode_011_SuicideEnd
generated.execution-specs.tests.eest.static.state_tests.stCallDelegateCodesCallCodeHomestead.callcallcodecallcode_011_SuicideMiddleFiller.test.callcallcodecallcode_011_SuicideMiddle
generated.execution-specs.tests.eest.static.state_tests.stCallDelegateCodesCallCodeHomestead.callcallcodecallcode_ABCB_RECURSIVEFiller.test.callcallcodecallcode_ABCB_RECURSIVE
generated.execution-specs.tests.eest.static.state_tests.stCallDelegateCodesCallCodeHomestead.callcodecall_10Filler.test.callcodecall_10
generated.execution-specs.tests.eest.static.state_tests.stCallDelegateCodesCallCodeHomestead.callcodecall_10_OOGEFiller.test.callcodecall_10_OOGE
generated.execution-specs.tests.eest.static.state_tests.stCallDelegateCodesCallCodeHomestead.callcodecall_10_SuicideEndFiller.test.callcodecall_10_SuicideEnd
generated.execution-specs.tests.eest.static.state_tests.stCallDelegateCodesCallCodeHomestead.callcodecallcall_100Filler.test.callcodecallcall_100
generated.execution-specs.tests.eest.static.state_tests.stCallDelegateCodesCallCodeHomestead.callcodecallcall_100_OOGEFiller.test.callcodecallcall_100_OOGE
generated.execution-specs.tests.eest.static.state_tests.stCallDelegateCodesCallCodeHomestead.callcodecallcall_100_OOGMBeforeFiller.test.callcodecallcall_100_OOGMBefore
generated.execution-specs.tests.eest.static.state_tests.stCallDelegateCodesCallCodeHomestead.callcodecallcall_100_SuicideEndFiller.test.callcodecallcall_100_SuicideEnd
generated.execution-specs.tests.eest.static.state_tests.stCallDelegateCodesCallCodeHomestead.callcodecallcall_100_SuicideMiddleFiller.test.callcodecallcall_100_SuicideMiddle
generated.execution-specs.tests.eest.static.state_tests.stCallDelegateCodesCallCodeHomestead.callcodecallcall_ABCB_RECURSIVEFiller.test.callcodecallcall_ABCB_RECURSIVE
generated.execution-specs.tests.eest.static.state_tests.stCallDelegateCodesCallCodeHomestead.callcodecallcallcode_101Filler.test.callcodecallcallcode_101
generated.execution-specs.tests.eest.static.state_tests.stCallDelegateCodesCallCodeHomestead.callcodecallcallcode_101_OOGEFiller.test.callcodecallcallcode_101_OOGE
generated.execution-specs.tests.eest.static.state_tests.stCallDelegateCodesCallCodeHomestead.callcodecallcallcode_101_OOGMBeforeFiller.test.callcodecallcallcode_101_OOGMBefore
generated.execution-specs.tests.eest.static.state_tests.stCallDelegateCodesCallCodeHomestead.callcodecallcallcode_101_SuicideEndFiller.test.callcodecallcallcode_101_SuicideEnd
generated.execution-specs.tests.eest.static.state_tests.stCallDelegateCodesCallCodeHomestead.callcodecallcallcode_101_SuicideMiddleFiller.test.callcodecallcallcode_101_SuicideMiddle
generated.execution-specs.tests.eest.static.state_tests.stCallDelegateCodesCallCodeHomestead.callcodecallcallcode_ABCB_RECURSIVEFiller.test.callcodecallcallcode_ABCB_RECURSIVE
generated.execution-specs.tests.eest.static.state_tests.stCallDelegateCodesCallCodeHomestead.callcodecallcode_11Filler.test.callcodecallcode_11
generated.execution-specs.tests.eest.static.state_tests.stCallDelegateCodesCallCodeHomestead.callcodecallcode_11_OOGEFiller.test.callcodecallcode_11_OOGE
generated.execution-specs.tests.eest.static.state_tests.stCallDelegateCodesCallCodeHomestead.callcodecallcode_11_SuicideEndFiller.test.callcodecallcode_11_SuicideEnd
generated.execution-specs.tests.eest.static.state_tests.stCallDelegateCodesCallCodeHomestead.callcodecallcodecall_110Filler.test.callcodecallcodecall_110
generated.execution-specs.tests.eest.static.state_tests.stCallDelegateCodesCallCodeHomestead.callcodecallcodecall_110_OOGEFiller.test.callcodecallcodecall_110_OOGE
generated.execution-specs.tests.eest.static.state_tests.stCallDelegateCodesCallCodeHomestead.callcodecallcodecall_110_OOGMBeforeFiller.test.callcodecallcodecall_110_OOGMBefore
generated.execution-specs.tests.eest.static.state_tests.stCallDelegateCodesCallCodeHomestead.callcodecallcodecall_110_SuicideEndFiller.test.callcodecallcodecall_110_SuicideEnd
generated.execution-specs.tests.eest.static.state_tests.stCallDelegateCodesCallCodeHomestead.callcodecallcodecall_110_SuicideMiddleFiller.test.callcodecallcodecall_110_SuicideMiddle
generated.execution-specs.tests.eest.static.state_tests.stCallDelegateCodesCallCodeHomestead.callcodecallcodecall_ABCB_RECURSIVEFiller.test.callcodecallcodecall_ABCB_RECURSIVE
generated.execution-specs.tests.eest.static.state_tests.stCallDelegateCodesCallCodeHomestead.callcodecallcodecallcode_111Filler.test.callcodecallcodecallcode_111
generated.execution-specs.tests.eest.static.state_tests.stCallDelegateCodesCallCodeHomestead.callcodecallcodecallcode_111_OOGEFiller.test.callcodecallcodecallcode_111_OOGE
generated.execution-specs.tests.eest.static.state_tests.stCallDelegateCodesCallCodeHomestead.callcodecallcodecallcode_111_OOGMBeforeFiller.test.callcodecallcodecallcode_111_OOGMBefore
generated.execution-specs.tests.eest.static.state_tests.stCallDelegateCodesCallCodeHomestead.callcodecallcodecallcode_111_SuicideEndFiller.test.callcodecallcodecallcode_111_SuicideEnd
generated.execution-specs.tests.eest.static.state_tests.stCallDelegateCodesCallCodeHomestead.callcodecallcodecallcode_111_SuicideMiddleFiller.test.callcodecallcodecallcode_111_SuicideMiddle
generated.execution-specs.tests.eest.static.state_tests.stCallDelegateCodesCallCodeHomestead.callcodecallcodecallcode_ABCB_RECURSIVEFiller.test.callcodecallcodecallcode_ABCB_RECURSIVE
generated.execution-specs.tests.eest.static.state_tests.stCallDelegateCodesHomestead.callcallcallcode_001Filler.test.callcallcallcode_001
generated.execution-specs.tests.eest.static.state_tests.stCallDelegateCodesHomestead.callcallcallcode_001_SuicideEndFiller.test.callcallcallcode_001_SuicideEnd
generated.execution-specs.tests.eest.static.state_tests.stCallDelegateCodesHomestead.callcallcallcode_ABCB_RECURSIVEFiller.test.callcallcallcode_ABCB_RECURSIVE
generated.execution-specs.tests.eest.static.state_tests.stCallDelegateCodesHomestead.callcallcode_01Filler.test.callcallcode_01
generated.execution-specs.tests.eest.static.state_tests.stCallDelegateCodesHomestead.callcallcode_01_SuicideEndFiller.test.callcallcode_01_SuicideEnd
generated.execution-specs.tests.eest.static.state_tests.stCallDelegateCodesHomestead.callcallcodecall_010Filler.test.callcallcodecall_010
generated.execution-specs.tests.eest.static.state_tests.stCallDelegateCodesHomestead.callcallcodecall_010_OOGEFiller.test.callcallcodecall_010_OOGE
generated.execution-specs.tests.eest.static.state_tests.stCallDelegateCodesHomestead.callcallcodecall_010_SuicideEndFiller.test.callcallcodecall_010_SuicideEnd
generated.execution-specs.tests.eest.static.state_tests.stCallDelegateCodesHomestead.callcallcodecall_010_SuicideMiddleFiller.test.callcallcodecall_010_SuicideMiddle
generated.execution-specs.tests.eest.static.state_tests.stCallDelegateCodesHomestead.callcallcodecall_ABCB_RECURSIVEFiller.test.callcallcodecall_ABCB_RECURSIVE
generated.execution-specs.tests.eest.static.state_tests.stCallDelegateCodesHomestead.callcallcodecallcode_011Filler.test.callcallcodecallcode_011
generated.execution-specs.tests.eest.static.state_tests.stCallDelegateCodesHomestead.callcallcodecallcode_011_OOGEFiller.test.callcallcodecallcode_011_OOGE
generated.execution-specs.tests.eest.static.state_tests.stCallDelegateCodesHomestead.callcallcodecallcode_011_SuicideEndFiller.test.callcallcodecallcode_011_SuicideEnd
generated.execution-specs.tests.eest.static.state_tests.stCallDelegateCodesHomestead.callcallcodecallcode_011_SuicideMiddleFiller.test.callcallcodecallcode_011_SuicideMiddle
generated.execution-specs.tests.eest.static.state_tests.stCallDelegateCodesHomestead.callcallcodecallcode_ABCB_RECURSIVEFiller.test.callcallcodecallcode_ABCB_RECURSIVE
generated.execution-specs.tests.eest.static.state_tests.stCallDelegateCodesHomestead.callcodecall_10Filler.test.callcodecall_10
generated.execution-specs.tests.eest.static.state_tests.stCallDelegateCodesHomestead.callcodecall_10_OOGEFiller.test.callcodecall_10_OOGE
generated.execution-specs.tests.eest.static.state_tests.stCallDelegateCodesHomestead.callcodecall_10_SuicideEndFiller.test.callcodecall_10_SuicideEnd
generated.execution-specs.tests.eest.static.state_tests.stCallDelegateCodesHomestead.callcodecallcall_100Filler.test.callcodecallcall_100
generated.execution-specs.tests.eest.static.state_tests.stCallDelegateCodesHomestead.callcodecallcall_100_OOGEFiller.test.callcodecallcall_100_OOGE
generated.execution-specs.tests.eest.static.state_tests.stCallDelegateCodesHomestead.callcodecallcall_100_OOGMBeforeFiller.test.callcodecallcall_100_OOGMBefore✖ test failed
generated.execution-specs.tests.eest.static.state_tests.stCallDelegateCodesHomestead.callcodecallcall_100_SuicideEndFiller.test.callcodecallcall_100_SuicideEnd
generated.execution-specs.tests.eest.static.state_tests.stCallDelegateCodesHomestead.callcodecallcall_100_SuicideMiddleFiller.test.callcodecallcall_100_SuicideMiddle
generated.execution-specs.tests.eest.static.state_tests.stCallDelegateCodesHomestead.callcodecallcall_ABCB_RECURSIVEFiller.test.callcodecallcall_ABCB_RECURSIVE
generated.execution-specs.tests.eest.static.state_tests.stCallDelegateCodesHomestead.callcodecallcallcode_101Filler.test.callcodecallcallcode_101
generated.execution-specs.tests.eest.static.state_tests.stCallDelegateCodesHomestead.callcodecallcallcode_101_OOGEFiller.test.callcodecallcallcode_101_OOGE
generated.execution-specs.tests.eest.static.state_tests.stCallDelegateCodesHomestead.callcodecallcallcode_101_OOGMBeforeFiller.test.callcodecallcallcode_101_OOGMBefore
generated.execution-specs.tests.eest.static.state_tests.stCallDelegateCodesHomestead.callcodecallcallcode_101_SuicideEndFiller.test.callcodecallcallcode_101_SuicideEnd
generated.execution-specs.tests.eest.static.state_tests.stCallDelegateCodesHomestead.callcodecallcallcode_101_SuicideMiddleFiller.test.callcodecallcallcode_101_SuicideMiddle
generated.execution-specs.tests.eest.static.state_tests.stCallDelegateCodesHomestead.callcodecallcallcode_ABCB_RECURSIVEFiller.test.callcodecallcallcode_ABCB_RECURSIVE
generated.execution-specs.tests.eest.static.state_tests.stCallDelegateCodesHomestead.callcodecallcode_11Filler.test.callcodecallcode_11
generated.execution-specs.tests.eest.static.state_tests.stCallDelegateCodesHomestead.callcodecallcode_11_OOGEFiller.test.callcodecallcode_11_OOGE
generated.execution-specs.tests.eest.static.state_tests.stCallDelegateCodesHomestead.callcodecallcode_11_SuicideEndFiller.test.callcodecallcode_11_SuicideEnd
generated.execution-specs.tests.eest.static.state_tests.stCallDelegateCodesHomestead.callcodecallcodecall_110Filler.test.callcodecallcodecall_110
generated.execution-specs.tests.eest.static.state_tests.stCallDelegateCodesHomestead.callcodecallcodecall_110_OOGEFiller.test.callcodecallcodecall_110_OOGE
generated.execution-specs.tests.eest.static.state_tests.stCallDelegateCodesHomestead.callcodecallcodecall_110_OOGMBeforeFiller.test.callcodecallcodecall_110_OOGMBefore
generated.execution-specs.tests.eest.static.state_tests.stCallDelegateCodesHomestead.callcodecallcodecall_110_SuicideEndFiller.test.callcodecallcodecall_110_SuicideEnd
generated.execution-specs.tests.eest.static.state_tests.stCallDelegateCodesHomestead.callcodecallcodecall_110_SuicideMiddleFiller.test.callcodecallcodecall_110_SuicideMiddle
generated.execution-specs.tests.eest.static.state_tests.stCallDelegateCodesHomestead.callcodecallcodecall_ABCB_RECURSIVEFiller.test.callcodecallcodecall_ABCB_RECURSIVE
generated.execution-specs.tests.eest.static.state_tests.stCallDelegateCodesHomestead.callcodecallcodecallcode_111Filler.test.callcodecallcodecallcode_111
generated.execution-specs.tests.eest.static.state_tests.stCallDelegateCodesHomestead.callcodecallcodecallcode_111_OOGEFiller.test.callcodecallcodecallcode_111_OOGE
generated.execution-specs.tests.eest.static.state_tests.stCallDelegateCodesHomestead.callcodecallcodecallcode_111_OOGMBeforeFiller.test.callcodecallcodecallcode_111_OOGMBefore
generated.execution-specs.tests.eest.static.state_tests.stCallDelegateCodesHomestead.callcodecallcodecallcode_111_SuicideEndFiller.test.callcodecallcodecallcode_111_SuicideEnd
generated.execution-specs.tests.eest.static.state_tests.stCallDelegateCodesHomestead.callcodecallcodecallcode_111_SuicideMiddleFiller.test.callcodecallcodecallcode_111_SuicideMiddle
generated.execution-specs.tests.eest.static.state_tests.stCallDelegateCodesHomestead.callcodecallcodecallcode_ABCB_RECURSIVEFiller.test.callcodecallcodecallcode_ABCB_RECURSIVE
generated.execution-specs.tests.eest.static.state_tests.stCodeCopyTest.ExtCodeCopyTargetRangeLongerThanCodeTestsFiller.test.ExtCodeCopyTargetRangeLongerThanCodeTests
generated.execution-specs.tests.eest.static.state_tests.stCodeCopyTest.ExtCodeCopyTestsParisFiller.test.ExtCodeCopyTestsParis
generated.execution-specs.tests.eest.static.state_tests.stCodeSizeLimit.codesizeInitFiller.test.codesizeInit
generated.execution-specs.tests.eest.static.state_tests.stCodeSizeLimit.codesizeOOGInvalidSizeFiller.test.codesizeOOGInvalidSize
generated.execution-specs.tests.eest.static.state_tests.stCodeSizeLimit.codesizeValidFiller.test.codesizeValid
generated.execution-specs.tests.eest.static.state_tests.stCreate2.CREATE2_BoundsFiller.test.CREATE2_Bounds
generated.execution-specs.tests.eest.static.state_tests.stCreate2.CREATE2_ContractSuicideDuringInit_ThenStoreThenReturnFiller.test.CREATE2_ContractSuicideDuringInit_ThenStoreThenReturn
generated.execution-specs.tests.eest.static.state_tests.stCreate2.CREATE2_SuicideFiller.test.CREATE2_Suicide
generated.execution-specs.tests.eest.static.state_tests.stCreate2.Create2OOGafterInitCodeReturndata2Filler.test.Create2OOGafterInitCodeReturndata2
generated.execution-specs.tests.eest.static.state_tests.stCreate2.Create2OOGafterInitCodeReturndataSizeFiller.test.Create2OOGafterInitCodeReturndataSize
generated.execution-specs.tests.eest.static.state_tests.stCreate2.Create2OnDepth1023Filler.test.Create2OnDepth1023
generated.execution-specs.tests.eest.static.state_tests.stCreate2.Create2OnDepth1024Filler.test.Create2OnDepth1024
generated.execution-specs.tests.eest.static.state_tests.stCreate2.Create2RecursiveFiller.test.Create2Recursive
generated.execution-specs.tests.eest.static.state_tests.stCreate2.CreateMessageRevertedFiller.test.CreateMessageReverted
generated.execution-specs.tests.eest.static.state_tests.stCreate2.CreateMessageRevertedOOGInInit2Filler.test.CreateMessageRevertedOOGInInit2
generated.execution-specs.tests.eest.static.state_tests.stCreate2.RevertDepthCreate2OOGBerlinFiller.test.RevertDepthCreate2OOGBerlin
generated.execution-specs.tests.eest.static.state_tests.stCreate2.RevertDepthCreate2OOGFiller.test.RevertDepthCreate2OOG
generated.execution-specs.tests.eest.static.state_tests.stCreate2.RevertDepthCreateAddressCollisionBerlinFiller.test.RevertDepthCreateAddressCollisionBerlin
generated.execution-specs.tests.eest.static.state_tests.stCreate2.RevertDepthCreateAddressCollisionFiller.test.RevertDepthCreateAddressCollision
generated.execution-specs.tests.eest.static.state_tests.stCreate2.RevertInCreateInInitCreate2ParisFiller.test.RevertInCreateInInitCreate2Paris
generated.execution-specs.tests.eest.static.state_tests.stCreate2.RevertOpcodeCreateFiller.test.RevertOpcodeCreate
generated.execution-specs.tests.eest.static.state_tests.stCreate2.RevertOpcodeInCreateReturnsCreate2Filler.test.RevertOpcodeInCreateReturnsCreate2
generated.execution-specs.tests.eest.static.state_tests.stCreate2.call_outsize_then_create2_successful_then_returndatasizeFiller.test.call_outsize_then_create2_successful_then_returndatasize
generated.execution-specs.tests.eest.static.state_tests.stCreate2.call_then_create2_successful_then_returndatasizeFiller.test.call_then_create2_successful_then_returndatasize
generated.execution-specs.tests.eest.static.state_tests.stCreate2.create2InitCodesFiller.test.create2InitCodes
generated.execution-specs.tests.eest.static.state_tests.stCreate2.create2SmartInitCodeFiller.test.create2SmartInitCode
generated.execution-specs.tests.eest.static.state_tests.stCreate2.create2callPrecompilesFiller.test.create2callPrecompiles
generated.execution-specs.tests.eest.static.state_tests.stCreate2.create2checkFieldsInInitcodeFiller.test.create2checkFieldsInInitcode
generated.execution-specs.tests.eest.static.state_tests.stCreate2.create2collisionBalanceFiller.test.create2collisionBalance
generated.execution-specs.tests.eest.static.state_tests.stCreate2.create2collisionCode2Filler.test.create2collisionCode2
generated.execution-specs.tests.eest.static.state_tests.stCreate2.create2collisionCodeFiller.test.create2collisionCode
generated.execution-specs.tests.eest.static.state_tests.stCreate2.create2collisionNonceFiller.test.create2collisionNonce
generated.execution-specs.tests.eest.static.state_tests.stCreate2.create2collisionSelfdestructed2Filler.test.create2collisionSelfdestructed2
generated.execution-specs.tests.eest.static.state_tests.stCreate2.create2collisionSelfdestructedFiller.test.create2collisionSelfdestructed
generated.execution-specs.tests.eest.static.state_tests.stCreate2.create2collisionSelfdestructedOOGFiller.test.create2collisionSelfdestructedOOG
generated.execution-specs.tests.eest.static.state_tests.stCreate2.create2collisionSelfdestructedRevertFiller.test.create2collisionSelfdestructedRevert
generated.execution-specs.tests.eest.static.state_tests.stCreate2.create2collisionStorageParisFiller.test.create2collisionStorageParis
generated.execution-specs.tests.eest.static.state_tests.stCreate2.create2noCashFiller.test.create2noCash
generated.execution-specs.tests.eest.static.state_tests.stCreate2.returndatacopy_0_0_following_successful_createFiller.test.returndatacopy_0_0_following_successful_create
generated.execution-specs.tests.eest.static.state_tests.stCreate2.returndatacopy_afterFailing_createFiller.test.returndatacopy_afterFailing_create
generated.execution-specs.tests.eest.static.state_tests.stCreate2.returndatacopy_following_createFiller.test.returndatacopy_following_create
generated.execution-specs.tests.eest.static.state_tests.stCreate2.returndatacopy_following_revert_in_createFiller.test.returndatacopy_following_revert_in_create
generated.execution-specs.tests.eest.static.state_tests.stCreate2.returndatacopy_following_successful_createFiller.test.returndatacopy_following_successful_create
generated.execution-specs.tests.eest.static.state_tests.stCreate2.returndatasize_following_successful_createFiller.test.returndatasize_following_successful_create
generated.execution-specs.tests.eest.static.state_tests.stCreateTest.CREATE_AcreateB_BSuicide_BStoreFiller.test.CREATE_AcreateB_BSuicide_BStore
generated.execution-specs.tests.eest.static.state_tests.stCreateTest.CREATE_ContractSSTOREDuringInitFiller.test.CREATE_ContractSSTOREDuringInit
generated.execution-specs.tests.eest.static.state_tests.stCreateTest.CREATE_ContractSuicideDuringInitFiller.test.CREATE_ContractSuicideDuringInit
generated.execution-specs.tests.eest.static.state_tests.stCreateTest.CREATE_ContractSuicideDuringInit_ThenStoreThenReturnFiller.test.CREATE_ContractSuicideDuringInit_ThenStoreThenReturn
generated.execution-specs.tests.eest.static.state_tests.stCreateTest.CREATE_ContractSuicideDuringInit_WithValueFiller.test.CREATE_ContractSuicideDuringInit_WithValue
generated.execution-specs.tests.eest.static.state_tests.stCreateTest.CREATE_ContractSuicideDuringInit_WithValueToItselfFiller.test.CREATE_ContractSuicideDuringInit_WithValueToItself
generated.execution-specs.tests.eest.static.state_tests.stCreateTest.CREATE_EContractCreateEContractInInit_TrFiller.test.CREATE_EContractCreateEContractInInit_Tr
generated.execution-specs.tests.eest.static.state_tests.stCreateTest.CREATE_EContractCreateNEContractInInitOOG_TrFiller.test.CREATE_EContractCreateNEContractInInitOOG_Tr
generated.execution-specs.tests.eest.static.state_tests.stCreateTest.CREATE_EContractCreateNEContractInInit_TrFiller.test.CREATE_EContractCreateNEContractInInit_Tr
generated.execution-specs.tests.eest.static.state_tests.stCreateTest.CREATE_EContract_ThenCALLToNonExistentAccFiller.test.CREATE_EContract_ThenCALLToNonExistentAcc
generated.execution-specs.tests.eest.static.state_tests.stCreateTest.CREATE_EmptyContractAndCallIt_0weiFiller.test.CREATE_EmptyContractAndCallIt_0wei
generated.execution-specs.tests.eest.static.state_tests.stCreateTest.CREATE_EmptyContractAndCallIt_1weiFiller.test.CREATE_EmptyContractAndCallIt_1wei
generated.execution-specs.tests.eest.static.state_tests.stCreateTest.CREATE_EmptyContractFiller.test.CREATE_EmptyContract
generated.execution-specs.tests.eest.static.state_tests.stCreateTest.CREATE_EmptyContractWithStorageAndCallIt_0weiFiller.test.CREATE_EmptyContractWithStorageAndCallIt_0wei
generated.execution-specs.tests.eest.static.state_tests.stCreateTest.CREATE_EmptyContractWithStorageAndCallIt_1weiFiller.test.CREATE_EmptyContractWithStorageAndCallIt_1wei
generated.execution-specs.tests.eest.static.state_tests.stCreateTest.CREATE_EmptyContractWithStorageFiller.test.CREATE_EmptyContractWithStorage
generated.execution-specs.tests.eest.static.state_tests.stCreateTest.CREATE_empty000CreateinInitCode_TransactionFiller.test.CREATE_empty000CreateinInitCode_Transaction
generated.execution-specs.tests.eest.static.state_tests.stCreateTest.CreateCollisionToEmpty2Filler.test.CreateCollisionToEmpty2
generated.execution-specs.tests.eest.static.state_tests.stCreateTest.CreateOOGafterInitCodeReturndata2Filler.test.CreateOOGafterInitCodeReturndata2
generated.execution-specs.tests.eest.static.state_tests.stCreateTest.CreateOOGafterInitCodeReturndataSizeFiller.test.CreateOOGafterInitCodeReturndataSize
generated.execution-specs.tests.eest.static.state_tests.stCreateTest.CreateOOGafterInitCodeRevert2Filler.test.CreateOOGafterInitCodeRevert2
generated.execution-specs.tests.eest.static.state_tests.stCreateTest.TransactionCollisionToEmpty2Filler.test.TransactionCollisionToEmpty2
generated.execution-specs.tests.eest.static.state_tests.stDelegatecallTestHomestead.Call1024BalanceTooLowFiller.test.Call1024BalanceTooLow
generated.execution-specs.tests.eest.static.state_tests.stDelegatecallTestHomestead.Call1024OOGFiller.test.Call1024OOG
generated.execution-specs.tests.eest.static.state_tests.stDelegatecallTestHomestead.Call1024PreCallsFiller.test.Call1024PreCalls
generated.execution-specs.tests.eest.static.state_tests.stDelegatecallTestHomestead.CallLoseGasOOGFiller.test.CallLoseGasOOG
generated.execution-specs.tests.eest.static.state_tests.stDelegatecallTestHomestead.CallRecursiveBombPreCallFiller.test.CallRecursiveBombPreCall
generated.execution-specs.tests.eest.static.state_tests.stDelegatecallTestHomestead.CallcodeLoseGasOOGFiller.test.CallcodeLoseGasOOG
generated.execution-specs.tests.eest.static.state_tests.stDelegatecallTestHomestead.Delegatecall1024Filler.test.Delegatecall1024
generated.execution-specs.tests.eest.static.state_tests.stDelegatecallTestHomestead.Delegatecall1024OOGFiller.test.Delegatecall1024OOG
generated.execution-specs.tests.eest.static.state_tests.stDelegatecallTestHomestead.callWithHighValueAndGasOOGFiller.test.callWithHighValueAndGasOOG
generated.execution-specs.tests.eest.static.state_tests.stDelegatecallTestHomestead.callcodeWithHighValueAndGasOOGFiller.test.callcodeWithHighValueAndGasOOG
generated.execution-specs.tests.eest.static.state_tests.stDelegatecallTestHomestead.deleagateCallAfterValueTransferFiller.test.deleagateCallAfterValueTransfer
generated.execution-specs.tests.eest.static.state_tests.stDelegatecallTestHomestead.delegatecallAndOOGatTxLevelFiller.test.delegatecallAndOOGatTxLevel
generated.execution-specs.tests.eest.static.state_tests.stDelegatecallTestHomestead.delegatecallBasicFiller.test.delegatecallBasic
generated.execution-specs.tests.eest.static.state_tests.stDelegatecallTestHomestead.delegatecallInInitcodeToExistingContractFiller.test.delegatecallInInitcodeToExistingContract
generated.execution-specs.tests.eest.static.state_tests.stDelegatecallTestHomestead.delegatecallSenderCheckFiller.test.delegatecallSenderCheck
generated.execution-specs.tests.eest.static.state_tests.stDelegatecallTestHomestead.delegatecallValueCheckFiller.test.delegatecallValueCheck
generated.execution-specs.tests.eest.static.state_tests.stDelegatecallTestHomestead.delegatecodeDynamicCode2SelfCallFiller.test.delegatecodeDynamicCode2SelfCall
generated.execution-specs.tests.eest.static.state_tests.stDelegatecallTestHomestead.delegatecodeDynamicCodeFiller.test.delegatecodeDynamicCode
generated.execution-specs.tests.eest.static.state_tests.stEIP150Specific.CallAndCallcodeConsumeMoreGasThenTransactionHasFiller.test.CallAndCallcodeConsumeMoreGasThenTransactionHas
generated.execution-specs.tests.eest.static.state_tests.stEIP150Specific.CallAskMoreGasOnDepth2ThenTransactionHasFiller.test.CallAskMoreGasOnDepth2ThenTransactionHas
generated.execution-specs.tests.eest.static.state_tests.stEIP150Specific.CallGoesOOGOnSecondLevelFiller.test.CallGoesOOGOnSecondLevel
generated.execution-specs.tests.eest.static.state_tests.stEIP150Specific.CreateAndGasInsideCreateFiller.test.CreateAndGasInsideCreate
generated.execution-specs.tests.eest.static.state_tests.stEIP150Specific.DelegateCallOnEIPFiller.test.DelegateCallOnEIP
generated.execution-specs.tests.eest.static.state_tests.stEIP150Specific.NewGasPriceForCodesFiller.test.NewGasPriceForCodes
generated.execution-specs.tests.eest.static.state_tests.stEIP150Specific.SuicideToExistingContractFiller.test.SuicideToExistingContract
generated.execution-specs.tests.eest.static.state_tests.stEIP150Specific.SuicideToNotExistingContractFiller.test.SuicideToNotExistingContract
generated.execution-specs.tests.eest.static.state_tests.stEIP150Specific.Transaction64Rule_d64e0Filler.test.Transaction64Rule_d64e0
generated.execution-specs.tests.eest.static.state_tests.stEIP150Specific.Transaction64Rule_d64m1Filler.test.Transaction64Rule_d64m1
generated.execution-specs.tests.eest.static.state_tests.stEIP150Specific.Transaction64Rule_d64p1Filler.test.Transaction64Rule_d64p1
generated.execution-specs.tests.eest.static.state_tests.stEIP150singleCodeGasPrices.RawBalanceGasFiller.test.RawBalanceGas
generated.execution-specs.tests.eest.static.state_tests.stEIP150singleCodeGasPrices.RawCallCodeGasAskFiller.test.RawCallCodeGasAsk
generated.execution-specs.tests.eest.static.state_tests.stEIP150singleCodeGasPrices.RawCallCodeGasFiller.test.RawCallCodeGas
generated.execution-specs.tests.eest.static.state_tests.stEIP150singleCodeGasPrices.RawCallCodeGasMemoryAskFiller.test.RawCallCodeGasMemoryAsk
generated.execution-specs.tests.eest.static.state_tests.stEIP150singleCodeGasPrices.RawCallCodeGasMemoryFiller.test.RawCallCodeGasMemory
generated.execution-specs.tests.eest.static.state_tests.stEIP150singleCodeGasPrices.RawCallCodeGasValueTransferAskFiller.test.RawCallCodeGasValueTransferAsk
generated.execution-specs.tests.eest.static.state_tests.stEIP150singleCodeGasPrices.RawCallCodeGasValueTransferFiller.test.RawCallCodeGasValueTransfer
generated.execution-specs.tests.eest.static.state_tests.stEIP150singleCodeGasPrices.RawCallCodeGasValueTransferMemoryAskFiller.test.RawCallCodeGasValueTransferMemoryAsk
generated.execution-specs.tests.eest.static.state_tests.stEIP150singleCodeGasPrices.RawCallCodeGasValueTransferMemoryFiller.test.RawCallCodeGasValueTransferMemory
generated.execution-specs.tests.eest.static.state_tests.stEIP150singleCodeGasPrices.RawCallGasAskFiller.test.RawCallGasAsk
generated.execution-specs.tests.eest.static.state_tests.stEIP150singleCodeGasPrices.RawCallGasFiller.test.RawCallGas
generated.execution-specs.tests.eest.static.state_tests.stEIP150singleCodeGasPrices.RawCallGasValueTransferAskFiller.test.RawCallGasValueTransferAsk
generated.execution-specs.tests.eest.static.state_tests.stEIP150singleCodeGasPrices.RawCallGasValueTransferFiller.test.RawCallGasValueTransfer
generated.execution-specs.tests.eest.static.state_tests.stEIP150singleCodeGasPrices.RawCallGasValueTransferMemoryAskFiller.test.RawCallGasValueTransferMemoryAsk
generated.execution-specs.tests.eest.static.state_tests.stEIP150singleCodeGasPrices.RawCallGasValueTransferMemoryFiller.test.RawCallGasValueTransferMemory
generated.execution-specs.tests.eest.static.state_tests.stEIP150singleCodeGasPrices.RawCallMemoryGasAskFiller.test.RawCallMemoryGasAsk
generated.execution-specs.tests.eest.static.state_tests.stEIP150singleCodeGasPrices.RawCallMemoryGasFiller.test.RawCallMemoryGas
generated.execution-specs.tests.eest.static.state_tests.stEIP150singleCodeGasPrices.RawCreateFailGasValueTransfer2Filler.test.RawCreateFailGasValueTransfer2
generated.execution-specs.tests.eest.static.state_tests.stEIP150singleCodeGasPrices.RawCreateFailGasValueTransferFiller.test.RawCreateFailGasValueTransfer
generated.execution-specs.tests.eest.static.state_tests.stEIP150singleCodeGasPrices.RawCreateGasFiller.test.RawCreateGas
generated.execution-specs.tests.eest.static.state_tests.stEIP150singleCodeGasPrices.RawCreateGasMemoryFiller.test.RawCreateGasMemory
generated.execution-specs.tests.eest.static.state_tests.stEIP150singleCodeGasPrices.RawCreateGasValueTransferFiller.test.RawCreateGasValueTransfer
generated.execution-specs.tests.eest.static.state_tests.stEIP150singleCodeGasPrices.RawCreateGasValueTransferMemoryFiller.test.RawCreateGasValueTransferMemory
generated.execution-specs.tests.eest.static.state_tests.stEIP150singleCodeGasPrices.RawDelegateCallGasAskFiller.test.RawDelegateCallGasAsk
generated.execution-specs.tests.eest.static.state_tests.stEIP150singleCodeGasPrices.RawDelegateCallGasFiller.test.RawDelegateCallGas
generated.execution-specs.tests.eest.static.state_tests.stEIP150singleCodeGasPrices.RawDelegateCallGasMemoryAskFiller.test.RawDelegateCallGasMemoryAsk
generated.execution-specs.tests.eest.static.state_tests.stEIP150singleCodeGasPrices.RawDelegateCallGasMemoryFiller.test.RawDelegateCallGasMemory
generated.execution-specs.tests.eest.static.state_tests.stEIP150singleCodeGasPrices.RawExtCodeSizeGasFiller.test.RawExtCodeSizeGas
generated.execution-specs.tests.eest.static.state_tests.stEIP158Specific.CALL_OneVCallSuicide2Filler.test.CALL_OneVCallSuicide2
generated.execution-specs.tests.eest.static.state_tests.stEIP158Specific.CALL_OneVCallSuicideFiller.test.CALL_OneVCallSuicide
generated.execution-specs.tests.eest.static.state_tests.stEIP158Specific.CALL_ZeroVCallSuicideFiller.test.CALL_ZeroVCallSuicide
generated.execution-specs.tests.eest.static.state_tests.stEIP158Specific.EXTCODESIZE_toEpmtyParisFiller.test.EXTCODESIZE_toEpmtyParis
generated.execution-specs.tests.eest.static.state_tests.stEIP158Specific.vitalikTransactionTestParisFiller.test.vitalikTransactionTestParis
generated.execution-specs.tests.eest.static.state_tests.stExample.add11Filler.test.add11
generated.execution-specs.tests.eest.static.state_tests.stExample.invalidTrFiller.test.invalidTr
generated.execution-specs.tests.eest.static.state_tests.stExtCodeHash.callToNonExistentFiller.test.callToNonExistent
generated.execution-specs.tests.eest.static.state_tests.stExtCodeHash.callToSuicideThenExtcodehashFiller.test.callToSuicideThenExtcodehash
generated.execution-specs.tests.eest.static.state_tests.stExtCodeHash.createEmptyThenExtcodehashFiller.test.createEmptyThenExtcodehash
generated.execution-specs.tests.eest.static.state_tests.stExtCodeHash.extCodeHashCALLCODEFiller.test.extCodeHashCALLCODE
generated.execution-specs.tests.eest.static.state_tests.stExtCodeHash.extCodeHashCALLFiller.test.extCodeHashCALL
generated.execution-specs.tests.eest.static.state_tests.stExtCodeHash.extCodeHashChangedAccountFiller.test.extCodeHashChangedAccount
generated.execution-specs.tests.eest.static.state_tests.stExtCodeHash.extCodeHashCreatedAndDeletedAccountCallFiller.test.extCodeHashCreatedAndDeletedAccountCall
generated.execution-specs.tests.eest.static.state_tests.stExtCodeHash.extCodeHashCreatedAndDeletedAccountFiller.test.extCodeHashCreatedAndDeletedAccount
generated.execution-specs.tests.eest.static.state_tests.stExtCodeHash.extCodeHashCreatedAndDeletedAccountRecheckInOuterCallFiller.test.extCodeHashCreatedAndDeletedAccountRecheckInOuterCall
generated.execution-specs.tests.eest.static.state_tests.stExtCodeHash.extCodeHashCreatedAndDeletedAccountStaticCallFiller.test.extCodeHashCreatedAndDeletedAccountStaticCall
generated.execution-specs.tests.eest.static.state_tests.stExtCodeHash.extCodeHashDELEGATECALLFiller.test.extCodeHashDELEGATECALL
generated.execution-specs.tests.eest.static.state_tests.stExtCodeHash.extCodeHashDynamicArgumentFiller.test.extCodeHashDynamicArgument
generated.execution-specs.tests.eest.static.state_tests.stExtCodeHash.extCodeHashInInitCodeFiller.test.extCodeHashInInitCode
generated.execution-specs.tests.eest.static.state_tests.stExtCodeHash.extCodeHashNewAccountFiller.test.extCodeHashNewAccount
generated.execution-specs.tests.eest.static.state_tests.stExtCodeHash.extCodeHashSTATICCALLFiller.test.extCodeHashSTATICCALL
generated.execution-specs.tests.eest.static.state_tests.stExtCodeHash.extCodeHashSelfFiller.test.extCodeHashSelf
generated.execution-specs.tests.eest.static.state_tests.stExtCodeHash.extCodeHashSelfInInitFiller.test.extCodeHashSelfInInit
generated.execution-specs.tests.eest.static.state_tests.stHomesteadSpecific.createContractViaContractFiller.test.createContractViaContract
generated.execution-specs.tests.eest.static.state_tests.stInitCodeTest.CallContractToCreateContractAndCallItOOGFiller.test.CallContractToCreateContractAndCallItOOG
generated.execution-specs.tests.eest.static.state_tests.stInitCodeTest.CallContractToCreateContractOOGBonusGasFiller.test.CallContractToCreateContractOOGBonusGas
generated.execution-specs.tests.eest.static.state_tests.stInitCodeTest.CallContractToCreateContractWhichWouldCreateContractIfCalledFiller.test.CallContractToCreateContractWhichWouldCreateContractIfCalled
generated.execution-specs.tests.eest.static.state_tests.stInitCodeTest.CallContractToCreateContractWhichWouldCreateContractInInitCodeFiller.test.CallContractToCreateContractWhichWouldCreateContractInInitCode
generated.execution-specs.tests.eest.static.state_tests.stInitCodeTest.CallRecursiveContractFiller.test.CallRecursiveContract
generated.execution-specs.tests.eest.static.state_tests.stInitCodeTest.CallTheContractToCreateEmptyContractFiller.test.CallTheContractToCreateEmptyContract
generated.execution-specs.tests.eest.static.state_tests.stInitCodeTest.OutOfGasContractCreationFiller.test.OutOfGasContractCreation
generated.execution-specs.tests.eest.static.state_tests.stInitCodeTest.OutOfGasPrefundedContractCreationFiller.test.OutOfGasPrefundedContractCreation
generated.execution-specs.tests.eest.static.state_tests.stInitCodeTest.TransactionCreateAutoSuicideContractFiller.test.TransactionCreateAutoSuicideContract
generated.execution-specs.tests.eest.static.state_tests.stInitCodeTest.TransactionCreateStopInInitcodeFiller.test.TransactionCreateStopInInitcode
generated.execution-specs.tests.eest.static.state_tests.stInitCodeTest.TransactionCreateSuicideInInitcodeFiller.test.TransactionCreateSuicideInInitcode
generated.execution-specs.tests.eest.static.state_tests.stMemExpandingEIP150Calls.CallAndCallcodeConsumeMoreGasThenTransactionHasWithMemExpandingCallsFiller.test.CallAndCallcodeConsumeMoreGasThenTransactionHasWithMemExpandingCalls
generated.execution-specs.tests.eest.static.state_tests.stMemExpandingEIP150Calls.CallAskMoreGasOnDepth2ThenTransactionHasWithMemExpandingCallsFiller.test.CallAskMoreGasOnDepth2ThenTransactionHasWithMemExpandingCalls
generated.execution-specs.tests.eest.static.state_tests.stMemExpandingEIP150Calls.CreateAndGasInsideCreateWithMemExpandingCallsFiller.test.CreateAndGasInsideCreateWithMemExpandingCalls
generated.execution-specs.tests.eest.static.state_tests.stMemExpandingEIP150Calls.DelegateCallOnEIPWithMemExpandingCallsFiller.test.DelegateCallOnEIPWithMemExpandingCalls
generated.execution-specs.tests.eest.static.state_tests.stMemExpandingEIP150Calls.NewGasPriceForCodesWithMemExpandingCallsFiller.test.NewGasPriceForCodesWithMemExpandingCalls
generated.execution-specs.tests.eest.static.state_tests.stMemoryStressTest.CALLCODE_Bounds2Filler.test.CALLCODE_Bounds2
generated.execution-specs.tests.eest.static.state_tests.stMemoryStressTest.CALLCODE_Bounds3Filler.test.CALLCODE_Bounds3
generated.execution-specs.tests.eest.static.state_tests.stMemoryStressTest.CALLCODE_Bounds4Filler.test.CALLCODE_Bounds4
generated.execution-specs.tests.eest.static.state_tests.stMemoryStressTest.CALLCODE_BoundsFiller.test.CALLCODE_Bounds
generated.execution-specs.tests.eest.static.state_tests.stMemoryStressTest.CALL_Bounds2Filler.test.CALL_Bounds2
generated.execution-specs.tests.eest.static.state_tests.stMemoryStressTest.CALL_Bounds2aFiller.test.CALL_Bounds2a
generated.execution-specs.tests.eest.static.state_tests.stMemoryStressTest.CALL_Bounds3Filler.test.CALL_Bounds3
generated.execution-specs.tests.eest.static.state_tests.stMemoryStressTest.CALL_BoundsFiller.test.CALL_Bounds
generated.execution-specs.tests.eest.static.state_tests.stMemoryStressTest.CREATE_BoundsFiller.test.CREATE_Bounds
generated.execution-specs.tests.eest.static.state_tests.stMemoryStressTest.DELEGATECALL_Bounds2Filler.test.DELEGATECALL_Bounds2
generated.execution-specs.tests.eest.static.state_tests.stMemoryStressTest.DELEGATECALL_Bounds3Filler.test.DELEGATECALL_Bounds3
generated.execution-specs.tests.eest.static.state_tests.stMemoryStressTest.DELEGATECALL_BoundsFiller.test.DELEGATECALL_Bounds
generated.execution-specs.tests.eest.static.state_tests.stMemoryStressTest.MSTORE_Bounds2aFiller.test.MSTORE_Bounds2a
generated.execution-specs.tests.eest.static.state_tests.stMemoryStressTest.RETURN_BoundsFiller.test.RETURN_Bounds
generated.execution-specs.tests.eest.static.state_tests.stMemoryStressTest.SSTORE_BoundsFiller.test.SSTORE_Bounds
generated.execution-specs.tests.eest.static.state_tests.stMemoryStressTest.mload32bitBound2Filler.test.mload32bitBound2
generated.execution-specs.tests.eest.static.state_tests.stMemoryStressTest.mload32bitBoundFiller.test.mload32bitBound
generated.execution-specs.tests.eest.static.state_tests.stMemoryStressTest.mload32bitBound_MsizeFiller.test.mload32bitBound_Msize
generated.execution-specs.tests.eest.static.state_tests.stMemoryStressTest.mload32bitBound_return2Filler.test.mload32bitBound_return2
generated.execution-specs.tests.eest.static.state_tests.stMemoryStressTest.mload32bitBound_returnFiller.test.mload32bitBound_return
generated.execution-specs.tests.eest.static.state_tests.stMemoryStressTest.static_CALL_Bounds2Filler.test.static_CALL_Bounds2
generated.execution-specs.tests.eest.static.state_tests.stMemoryStressTest.static_CALL_Bounds2aFiller.test.static_CALL_Bounds2a
generated.execution-specs.tests.eest.static.state_tests.stMemoryStressTest.static_CALL_Bounds3Filler.test.static_CALL_Bounds3
generated.execution-specs.tests.eest.static.state_tests.stMemoryStressTest.static_CALL_BoundsFiller.test.static_CALL_Bounds
generated.execution-specs.tests.eest.static.state_tests.stMemoryTest.callDataCopyOffsetFiller.test.callDataCopyOffset
generated.execution-specs.tests.eest.static.state_tests.stMemoryTest.calldatacopy_dejavu2Filler.test.calldatacopy_dejavu2
generated.execution-specs.tests.eest.static.state_tests.stMemoryTest.codeCopyOffsetFiller.test.codeCopyOffset
generated.execution-specs.tests.eest.static.state_tests.stMemoryTest.codecopy_dejavu2Filler.test.codecopy_dejavu2
generated.execution-specs.tests.eest.static.state_tests.stMemoryTest.mem0b_singleByteFiller.test.mem0b_singleByte
generated.execution-specs.tests.eest.static.state_tests.stMemoryTest.mem31b_singleByteFiller.test.mem31b_singleByte
generated.execution-specs.tests.eest.static.state_tests.stMemoryTest.mem32b_singleByteFiller.test.mem32b_singleByte
generated.execution-specs.tests.eest.static.state_tests.stMemoryTest.mem32kb+1Filler.test.mem32kb_1
generated.execution-specs.tests.eest.static.state_tests.stMemoryTest.mem32kb+31Filler.test.mem32kb_31
generated.execution-specs.tests.eest.static.state_tests.stMemoryTest.mem32kb+32Filler.test.mem32kb_32
generated.execution-specs.tests.eest.static.state_tests.stMemoryTest.mem32kb+33Filler.test.mem32kb_33
generated.execution-specs.tests.eest.static.state_tests.stMemoryTest.mem32kb-1Filler.test.mem32kb_1
generated.execution-specs.tests.eest.static.state_tests.stMemoryTest.mem32kb-31Filler.test.mem32kb_31
generated.execution-specs.tests.eest.static.state_tests.stMemoryTest.mem32kb-32Filler.test.mem32kb_32
generated.execution-specs.tests.eest.static.state_tests.stMemoryTest.mem32kb-33Filler.test.mem32kb_33
generated.execution-specs.tests.eest.static.state_tests.stMemoryTest.mem32kbFiller.test.mem32kb
generated.execution-specs.tests.eest.static.state_tests.stMemoryTest.mem32kb_singleByte+1Filler.test.mem32kb_singleByte_1✖ test failed
generated.execution-specs.tests.eest.static.state_tests.stMemoryTest.mem32kb_singleByte+31Filler.test.mem32kb_singleByte_31
generated.execution-specs.tests.eest.static.state_tests.stMemoryTest.mem32kb_singleByte+32Filler.test.mem32kb_singleByte_32
generated.execution-specs.tests.eest.static.state_tests.stMemoryTest.mem32kb_singleByte+33Filler.test.mem32kb_singleByte_33
generated.execution-specs.tests.eest.static.state_tests.stMemoryTest.mem32kb_singleByte-1Filler.test.mem32kb_singleByte_1
generated.execution-specs.tests.eest.static.state_tests.stMemoryTest.mem32kb_singleByte-31Filler.test.mem32kb_singleByte_31
generated.execution-specs.tests.eest.static.state_tests.stMemoryTest.mem32kb_singleByte-32Filler.test.mem32kb_singleByte_32
generated.execution-specs.tests.eest.static.state_tests.stMemoryTest.mem32kb_singleByte-33Filler.test.mem32kb_singleByte_33
generated.execution-specs.tests.eest.static.state_tests.stMemoryTest.mem32kb_singleByteFiller.test.mem32kb_singleByte
generated.execution-specs.tests.eest.static.state_tests.stMemoryTest.mem33b_singleByteFiller.test.mem33b_singleByte
generated.execution-specs.tests.eest.static.state_tests.stMemoryTest.mem64kb+1Filler.test.mem64kb_1
generated.execution-specs.tests.eest.static.state_tests.stMemoryTest.mem64kb+31Filler.test.mem64kb_31
generated.execution-specs.tests.eest.static.state_tests.stMemoryTest.mem64kb+32Filler.test.mem64kb_32
generated.execution-specs.tests.eest.static.state_tests.stMemoryTest.mem64kb+33Filler.test.mem64kb_33
generated.execution-specs.tests.eest.static.state_tests.stMemoryTest.mem64kb-1Filler.test.mem64kb_1
generated.execution-specs.tests.eest.static.state_tests.stMemoryTest.mem64kb-31Filler.test.mem64kb_31
generated.execution-specs.tests.eest.static.state_tests.stMemoryTest.mem64kb-32Filler.test.mem64kb_32
generated.execution-specs.tests.eest.static.state_tests.stMemoryTest.mem64kb-33Filler.test.mem64kb_33
generated.execution-specs.tests.eest.static.state_tests.stMemoryTest.mem64kbFiller.test.mem64kb
generated.execution-specs.tests.eest.static.state_tests.stMemoryTest.mem64kb_singleByte+1Filler.test.mem64kb_singleByte_1
generated.execution-specs.tests.eest.static.state_tests.stMemoryTest.mem64kb_singleByte+31Filler.test.mem64kb_singleByte_31
generated.execution-specs.tests.eest.static.state_tests.stMemoryTest.mem64kb_singleByte+32Filler.test.mem64kb_singleByte_32
generated.execution-specs.tests.eest.static.state_tests.stMemoryTest.mem64kb_singleByte+33Filler.test.mem64kb_singleByte_33
generated.execution-specs.tests.eest.static.state_tests.stMemoryTest.mem64kb_singleByte-1Filler.test.mem64kb_singleByte_1
generated.execution-specs.tests.eest.static.state_tests.stMemoryTest.mem64kb_singleByte-31Filler.test.mem64kb_singleByte_31
generated.execution-specs.tests.eest.static.state_tests.stMemoryTest.mem64kb_singleByte-32Filler.test.mem64kb_singleByte_32
generated.execution-specs.tests.eest.static.state_tests.stMemoryTest.mem64kb_singleByte-33Filler.test.mem64kb_singleByte_33
generated.execution-specs.tests.eest.static.state_tests.stMemoryTest.mem64kb_singleByteFiller.test.mem64kb_singleByte
generated.execution-specs.tests.eest.static.state_tests.stMemoryTest.memReturnFiller.test.memReturn
generated.execution-specs.tests.eest.static.state_tests.stMemoryTest.mload16bitBoundFiller.test.mload16bitBound
generated.execution-specs.tests.eest.static.state_tests.stMemoryTest.mload8bitBoundFiller.test.mload8bitBound
generated.execution-specs.tests.eest.static.state_tests.stNonZeroCallsTest.NonZeroValue_CALLCODEFiller.test.NonZeroValue_CALLCODE
generated.execution-specs.tests.eest.static.state_tests.stNonZeroCallsTest.NonZeroValue_CALLCODE_ToEmpty_ParisFiller.test.NonZeroValue_CALLCODE_ToEmpty_Paris
generated.execution-specs.tests.eest.static.state_tests.stNonZeroCallsTest.NonZeroValue_CALLCODE_ToNonNonZeroBalanceFiller.test.NonZeroValue_CALLCODE_ToNonNonZeroBalance
generated.execution-specs.tests.eest.static.state_tests.stNonZeroCallsTest.NonZeroValue_CALLCODE_ToOneStorageKey_ParisFiller.test.NonZeroValue_CALLCODE_ToOneStorageKey_Paris
generated.execution-specs.tests.eest.static.state_tests.stNonZeroCallsTest.NonZeroValue_CALLFiller.test.NonZeroValue_CALL
generated.execution-specs.tests.eest.static.state_tests.stNonZeroCallsTest.NonZeroValue_CALL_ToEmpty_ParisFiller.test.NonZeroValue_CALL_ToEmpty_Paris
generated.execution-specs.tests.eest.static.state_tests.stNonZeroCallsTest.NonZeroValue_CALL_ToNonNonZeroBalanceFiller.test.NonZeroValue_CALL_ToNonNonZeroBalance
generated.execution-specs.tests.eest.static.state_tests.stNonZeroCallsTest.NonZeroValue_CALL_ToOneStorageKey_ParisFiller.test.NonZeroValue_CALL_ToOneStorageKey_Paris
generated.execution-specs.tests.eest.static.state_tests.stNonZeroCallsTest.NonZeroValue_DELEGATECALLFiller.test.NonZeroValue_DELEGATECALL
generated.execution-specs.tests.eest.static.state_tests.stNonZeroCallsTest.NonZeroValue_DELEGATECALL_ToEmpty_ParisFiller.test.NonZeroValue_DELEGATECALL_ToEmpty_Paris
generated.execution-specs.tests.eest.static.state_tests.stNonZeroCallsTest.NonZeroValue_DELEGATECALL_ToNonNonZeroBalanceFiller.test.NonZeroValue_DELEGATECALL_ToNonNonZeroBalance
generated.execution-specs.tests.eest.static.state_tests.stNonZeroCallsTest.NonZeroValue_DELEGATECALL_ToOneStorageKey_ParisFiller.test.NonZeroValue_DELEGATECALL_ToOneStorageKey_Paris
generated.execution-specs.tests.eest.static.state_tests.stPreCompiledContracts.modexpFiller.test.modexp
generated.execution-specs.tests.eest.static.state_tests.stPreCompiledContracts.sec80Filler.test.sec80
generated.execution-specs.tests.eest.static.state_tests.stPreCompiledContracts2.CALLCODEEcrecover0Filler.test.CALLCODEEcrecover0
generated.execution-specs.tests.eest.static.state_tests.stPreCompiledContracts2.CALLCODEEcrecover0_Gas2999Filler.test.CALLCODEEcrecover0_Gas2999
generated.execution-specs.tests.eest.static.state_tests.stPreCompiledContracts2.CALLCODEEcrecover0_completeReturnValueFiller.test.CALLCODEEcrecover0_completeReturnValue
generated.execution-specs.tests.eest.static.state_tests.stPreCompiledContracts2.CALLCODEEcrecover0_gas3000Filler.test.CALLCODEEcrecover0_gas3000
generated.execution-specs.tests.eest.static.state_tests.stPreCompiledContracts2.CALLCODEEcrecover0_overlappingInputOutputFiller.test.CALLCODEEcrecover0_overlappingInputOutput
generated.execution-specs.tests.eest.static.state_tests.stPreCompiledContracts2.CALLCODEEcrecover3Filler.test.CALLCODEEcrecover3
generated.execution-specs.tests.eest.static.state_tests.stPreCompiledContracts2.CALLCODEEcrecoverH_prefixed0Filler.test.CALLCODEEcrecoverH_prefixed0
generated.execution-specs.tests.eest.static.state_tests.stPreCompiledContracts2.CALLCODEEcrecoverS_prefixed0Filler.test.CALLCODEEcrecoverS_prefixed0
generated.execution-specs.tests.eest.static.state_tests.stPreCompiledContracts2.CALLCODEEcrecoverV_prefixed0Filler.test.CALLCODEEcrecoverV_prefixed0
generated.execution-specs.tests.eest.static.state_tests.stPreCompiledContracts2.CALLCODERipemd160_1Filler.test.CALLCODERipemd160_1
generated.execution-specs.tests.eest.static.state_tests.stPreCompiledContracts2.CALLCODERipemd160_2Filler.test.CALLCODERipemd160_2
generated.execution-specs.tests.eest.static.state_tests.stPreCompiledContracts2.CALLCODERipemd160_3Filler.test.CALLCODERipemd160_3
generated.execution-specs.tests.eest.static.state_tests.stPreCompiledContracts2.CALLCODERipemd160_3_postfixed0Filler.test.CALLCODERipemd160_3_postfixed0
generated.execution-specs.tests.eest.static.state_tests.stPreCompiledContracts2.CALLCODERipemd160_3_prefixed0Filler.test.CALLCODERipemd160_3_prefixed0
generated.execution-specs.tests.eest.static.state_tests.stPreCompiledContracts2.CALLCODERipemd160_4Filler.test.CALLCODERipemd160_4
generated.execution-specs.tests.eest.static.state_tests.stPreCompiledContracts2.CALLCODESha256_0Filler.test.CALLCODESha256_0
generated.execution-specs.tests.eest.static.state_tests.stPreCompiledContracts2.CALLCODESha256_1Filler.test.CALLCODESha256_1
generated.execution-specs.tests.eest.static.state_tests.stPreCompiledContracts2.CALLCODESha256_1_nonzeroValueFiller.test.CALLCODESha256_1_nonzeroValue
generated.execution-specs.tests.eest.static.state_tests.stPreCompiledContracts2.CALLCODESha256_2Filler.test.CALLCODESha256_2
generated.execution-specs.tests.eest.static.state_tests.stPreCompiledContracts2.CALLCODESha256_3Filler.test.CALLCODESha256_3
generated.execution-specs.tests.eest.static.state_tests.stPreCompiledContracts2.CALLCODESha256_3_postfix0Filler.test.CALLCODESha256_3_postfix0
generated.execution-specs.tests.eest.static.state_tests.stPreCompiledContracts2.CALLCODESha256_3_prefix0Filler.test.CALLCODESha256_3_prefix0
generated.execution-specs.tests.eest.static.state_tests.stPreCompiledContracts2.CALLCODESha256_4Filler.test.CALLCODESha256_4
generated.execution-specs.tests.eest.static.state_tests.stPreCompiledContracts2.CALLCODESha256_4_gas99Filler.test.CALLCODESha256_4_gas99
generated.execution-specs.tests.eest.static.state_tests.stPreCompiledContracts2.CallEcrecover0Filler.test.CallEcrecover0
generated.execution-specs.tests.eest.static.state_tests.stPreCompiledContracts2.CallEcrecover0_Gas2999Filler.test.CallEcrecover0_Gas2999
generated.execution-specs.tests.eest.static.state_tests.stPreCompiledContracts2.CallEcrecover0_completeReturnValueFiller.test.CallEcrecover0_completeReturnValue
generated.execution-specs.tests.eest.static.state_tests.stPreCompiledContracts2.CallEcrecover0_gas3000Filler.test.CallEcrecover0_gas3000
generated.execution-specs.tests.eest.static.state_tests.stPreCompiledContracts2.CallEcrecover0_overlappingInputOutputFiller.test.CallEcrecover0_overlappingInputOutput
generated.execution-specs.tests.eest.static.state_tests.stPreCompiledContracts2.CallEcrecover3Filler.test.CallEcrecover3
generated.execution-specs.tests.eest.static.state_tests.stPreCompiledContracts2.CallEcrecoverCheckLengthFiller.test.CallEcrecoverCheckLength
generated.execution-specs.tests.eest.static.state_tests.stPreCompiledContracts2.CallEcrecoverH_prefixed0Filler.test.CallEcrecoverH_prefixed0
generated.execution-specs.tests.eest.static.state_tests.stPreCompiledContracts2.CallEcrecoverS_prefixed0Filler.test.CallEcrecoverS_prefixed0
generated.execution-specs.tests.eest.static.state_tests.stPreCompiledContracts2.CallEcrecoverV_prefixed0Filler.test.CallEcrecoverV_prefixed0
generated.execution-specs.tests.eest.static.state_tests.stPreCompiledContracts2.CallRipemd160_1Filler.test.CallRipemd160_1
generated.execution-specs.tests.eest.static.state_tests.stPreCompiledContracts2.CallRipemd160_2Filler.test.CallRipemd160_2
generated.execution-specs.tests.eest.static.state_tests.stPreCompiledContracts2.CallRipemd160_3Filler.test.CallRipemd160_3
generated.execution-specs.tests.eest.static.state_tests.stPreCompiledContracts2.CallRipemd160_3_postfixed0Filler.test.CallRipemd160_3_postfixed0
generated.execution-specs.tests.eest.static.state_tests.stPreCompiledContracts2.CallRipemd160_3_prefixed0Filler.test.CallRipemd160_3_prefixed0
generated.execution-specs.tests.eest.static.state_tests.stPreCompiledContracts2.CallRipemd160_4Filler.test.CallRipemd160_4
generated.execution-specs.tests.eest.static.state_tests.stPreCompiledContracts2.CallSha256_0Filler.test.CallSha256_0
generated.execution-specs.tests.eest.static.state_tests.stPreCompiledContracts2.CallSha256_1Filler.test.CallSha256_1
generated.execution-specs.tests.eest.static.state_tests.stPreCompiledContracts2.CallSha256_1_nonzeroValueFiller.test.CallSha256_1_nonzeroValue
generated.execution-specs.tests.eest.static.state_tests.stPreCompiledContracts2.CallSha256_2Filler.test.CallSha256_2
generated.execution-specs.tests.eest.static.state_tests.stPreCompiledContracts2.CallSha256_3Filler.test.CallSha256_3
generated.execution-specs.tests.eest.static.state_tests.stPreCompiledContracts2.CallSha256_3_postfix0Filler.test.CallSha256_3_postfix0
generated.execution-specs.tests.eest.static.state_tests.stPreCompiledContracts2.CallSha256_3_prefix0Filler.test.CallSha256_3_prefix0
generated.execution-specs.tests.eest.static.state_tests.stPreCompiledContracts2.CallSha256_4Filler.test.CallSha256_4
generated.execution-specs.tests.eest.static.state_tests.stPreCompiledContracts2.CallSha256_4_gas99Filler.test.CallSha256_4_gas99
generated.execution-specs.tests.eest.static.state_tests.stPreCompiledContracts2.modexp_0_0_0_20500Filler.test.modexp_0_0_0_20500
generated.execution-specs.tests.eest.static.state_tests.stPreCompiledContracts2.modexp_0_0_0_22000Filler.test.modexp_0_0_0_22000
generated.execution-specs.tests.eest.static.state_tests.stPreCompiledContracts2.modexp_0_0_0_25000Filler.test.modexp_0_0_0_25000
generated.execution-specs.tests.eest.static.state_tests.stPreCompiledContracts2.modexp_0_0_0_35000Filler.test.modexp_0_0_0_35000
generated.execution-specs.tests.eest.static.state_tests.stQuadraticComplexityTest.Call1MB1024CalldepthFiller.test.Call1MB1024Calldepth
generated.execution-specs.tests.eest.static.state_tests.stQuadraticComplexityTest.Call20KbytesContract50_1Filler.test.Call20KbytesContract50_1
generated.execution-specs.tests.eest.static.state_tests.stQuadraticComplexityTest.Call20KbytesContract50_2Filler.test.Call20KbytesContract50_2
generated.execution-specs.tests.eest.static.state_tests.stQuadraticComplexityTest.Call20KbytesContract50_3Filler.test.Call20KbytesContract50_3
generated.execution-specs.tests.eest.static.state_tests.stQuadraticComplexityTest.Call50000Filler.test.Call50000
generated.execution-specs.tests.eest.static.state_tests.stQuadraticComplexityTest.Call50000_ecrecFiller.test.Call50000_ecrec
generated.execution-specs.tests.eest.static.state_tests.stQuadraticComplexityTest.Call50000_identity2Filler.test.Call50000_identity2
generated.execution-specs.tests.eest.static.state_tests.stQuadraticComplexityTest.Call50000_identityFiller.test.Call50000_identity
generated.execution-specs.tests.eest.static.state_tests.stQuadraticComplexityTest.Call50000_rip160Filler.test.Call50000_rip160
generated.execution-specs.tests.eest.static.state_tests.stQuadraticComplexityTest.Call50000_sha256Filler.test.Call50000_sha256
generated.execution-specs.tests.eest.static.state_tests.stQuadraticComplexityTest.Callcode50000Filler.test.Callcode50000
generated.execution-specs.tests.eest.static.state_tests.stQuadraticComplexityTest.Create1000ByzantiumFiller.test.Create1000Byzantium
generated.execution-specs.tests.eest.static.state_tests.stQuadraticComplexityTest.Create1000Filler.test.Create1000
generated.execution-specs.tests.eest.static.state_tests.stQuadraticComplexityTest.Create1000ShnghaiFiller.test.Create1000Shnghai
generated.execution-specs.tests.eest.static.state_tests.stQuadraticComplexityTest.QuadraticComplexitySolidity_CallDataCopyFiller.test.QuadraticComplexitySolidity_CallDataCopy
generated.execution-specs.tests.eest.static.state_tests.stQuadraticComplexityTest.Return50000Filler.test.Return50000
generated.execution-specs.tests.eest.static.state_tests.stQuadraticComplexityTest.Return50000_2Filler.test.Return50000_2
generated.execution-specs.tests.eest.static.state_tests.stRandom.randomStatetest100Filler.test.randomStatetest100
generated.execution-specs.tests.eest.static.state_tests.stRandom.randomStatetest116Filler.test.randomStatetest116
generated.execution-specs.tests.eest.static.state_tests.stRandom.randomStatetest138Filler.test.randomStatetest138
generated.execution-specs.tests.eest.static.state_tests.stRandom.randomStatetest139Filler.test.randomStatetest139
generated.execution-specs.tests.eest.static.state_tests.stRandom.randomStatetest143Filler.test.randomStatetest143
generated.execution-specs.tests.eest.static.state_tests.stRandom.randomStatetest145Filler.test.randomStatetest145
generated.execution-specs.tests.eest.static.state_tests.stRandom.randomStatetest150Filler.test.randomStatetest150
generated.execution-specs.tests.eest.static.state_tests.stRandom.randomStatetest153Filler.test.randomStatetest153✖ test failed
generated.execution-specs.tests.eest.static.state_tests.stRandom.randomStatetest154Filler.test.randomStatetest154
generated.execution-specs.tests.eest.static.state_tests.stRandom.randomStatetest159Filler.test.randomStatetest159
generated.execution-specs.tests.eest.static.state_tests.stRandom.randomStatetest164Filler.test.randomStatetest164
generated.execution-specs.tests.eest.static.state_tests.stRandom.randomStatetest174Filler.test.randomStatetest174
generated.execution-specs.tests.eest.static.state_tests.stRandom.randomStatetest178Filler.test.randomStatetest178
generated.execution-specs.tests.eest.static.state_tests.stRandom.randomStatetest17Filler.test.randomStatetest17
generated.execution-specs.tests.eest.static.state_tests.stRandom.randomStatetest196Filler.test.randomStatetest196
generated.execution-specs.tests.eest.static.state_tests.stRandom.randomStatetest199Filler.test.randomStatetest199
generated.execution-specs.tests.eest.static.state_tests.stRandom.randomStatetest1Filler.test.randomStatetest1
generated.execution-specs.tests.eest.static.state_tests.stRandom.randomStatetest205Filler.test.randomStatetest205
generated.execution-specs.tests.eest.static.state_tests.stRandom.randomStatetest207Filler.test.randomStatetest207
generated.execution-specs.tests.eest.static.state_tests.stRandom.randomStatetest222Filler.test.randomStatetest222
generated.execution-specs.tests.eest.static.state_tests.stRandom.randomStatetest228Filler.test.randomStatetest228
generated.execution-specs.tests.eest.static.state_tests.stRandom.randomStatetest236Filler.test.randomStatetest236
generated.execution-specs.tests.eest.static.state_tests.stRandom.randomStatetest244Filler.test.randomStatetest244
generated.execution-specs.tests.eest.static.state_tests.stRandom.randomStatetest246Filler.test.randomStatetest246
generated.execution-specs.tests.eest.static.state_tests.stRandom.randomStatetest248Filler.test.randomStatetest248
generated.execution-specs.tests.eest.static.state_tests.stRandom.randomStatetest249Filler.test.randomStatetest249
generated.execution-specs.tests.eest.static.state_tests.stRandom.randomStatetest252Filler.test.randomStatetest252
generated.execution-specs.tests.eest.static.state_tests.stRandom.randomStatetest26Filler.test.randomStatetest26
generated.execution-specs.tests.eest.static.state_tests.stRandom.randomStatetest270Filler.test.randomStatetest270
generated.execution-specs.tests.eest.static.state_tests.stRandom.randomStatetest273Filler.test.randomStatetest273
generated.execution-specs.tests.eest.static.state_tests.stRandom.randomStatetest283Filler.test.randomStatetest283
generated.execution-specs.tests.eest.static.state_tests.stRandom.randomStatetest28Filler.test.randomStatetest28
generated.execution-specs.tests.eest.static.state_tests.stRandom.randomStatetest306Filler.test.randomStatetest306
generated.execution-specs.tests.eest.static.state_tests.stRandom.randomStatetest307Filler.test.randomStatetest307
generated.execution-specs.tests.eest.static.state_tests.stRandom.randomStatetest308Filler.test.randomStatetest308
generated.execution-specs.tests.eest.static.state_tests.stRandom.randomStatetest30Filler.test.randomStatetest30
generated.execution-specs.tests.eest.static.state_tests.stRandom.randomStatetest325Filler.test.randomStatetest325
generated.execution-specs.tests.eest.static.state_tests.stRandom.randomStatetest343Filler.test.randomStatetest343
generated.execution-specs.tests.eest.static.state_tests.stRandom.randomStatetest349Filler.test.randomStatetest349
generated.execution-specs.tests.eest.static.state_tests.stRandom.randomStatetest354Filler.test.randomStatetest354
generated.execution-specs.tests.eest.static.state_tests.stRandom.randomStatetest365Filler.test.randomStatetest365
generated.execution-specs.tests.eest.static.state_tests.stRandom.randomStatetest367Filler.test.randomStatetest367
generated.execution-specs.tests.eest.static.state_tests.stRandom.randomStatetest368Filler.test.randomStatetest368
generated.execution-specs.tests.eest.static.state_tests.stRandom.randomStatetest371Filler.test.randomStatetest371
generated.execution-specs.tests.eest.static.state_tests.stRandom.randomStatetest379Filler.test.randomStatetest379
generated.execution-specs.tests.eest.static.state_tests.stRandom.randomStatetest383Filler.test.randomStatetest383
generated.execution-specs.tests.eest.static.state_tests.stRandom.randomStatetest3Filler.test.randomStatetest3
generated.execution-specs.tests.eest.static.state_tests.stRandom.randomStatetest48Filler.test.randomStatetest48
generated.execution-specs.tests.eest.static.state_tests.stRandom.randomStatetest88Filler.test.randomStatetest88
generated.execution-specs.tests.eest.static.state_tests.stRandom.randomStatetest98Filler.test.randomStatetest98
generated.execution-specs.tests.eest.static.state_tests.stRandom2.randomStatetest389Filler.test.randomStatetest389
generated.execution-specs.tests.eest.static.state_tests.stRandom2.randomStatetest416Filler.test.randomStatetest416
generated.execution-specs.tests.eest.static.state_tests.stRandom2.randomStatetest417Filler.test.randomStatetest417
generated.execution-specs.tests.eest.static.state_tests.stRandom2.randomStatetest428Filler.test.randomStatetest428
generated.execution-specs.tests.eest.static.state_tests.stRandom2.randomStatetest435Filler.test.randomStatetest435
generated.execution-specs.tests.eest.static.state_tests.stRandom2.randomStatetest437Filler.test.randomStatetest437
generated.execution-specs.tests.eest.static.state_tests.stRandom2.randomStatetest458Filler.test.randomStatetest458
generated.execution-specs.tests.eest.static.state_tests.stRandom2.randomStatetest466Filler.test.randomStatetest466
generated.execution-specs.tests.eest.static.state_tests.stRandom2.randomStatetest467Filler.test.randomStatetest467
generated.execution-specs.tests.eest.static.state_tests.stRandom2.randomStatetest498Filler.test.randomStatetest498
generated.execution-specs.tests.eest.static.state_tests.stRandom2.randomStatetest506Filler.test.randomStatetest506
generated.execution-specs.tests.eest.static.state_tests.stRandom2.randomStatetest508Filler.test.randomStatetest508
generated.execution-specs.tests.eest.static.state_tests.stRandom2.randomStatetest521Filler.test.randomStatetest521
generated.execution-specs.tests.eest.static.state_tests.stRandom2.randomStatetest531Filler.test.randomStatetest531
generated.execution-specs.tests.eest.static.state_tests.stRandom2.randomStatetest539Filler.test.randomStatetest539
generated.execution-specs.tests.eest.static.state_tests.stRandom2.randomStatetest542Filler.test.randomStatetest542
generated.execution-specs.tests.eest.static.state_tests.stRandom2.randomStatetest554Filler.test.randomStatetest554
generated.execution-specs.tests.eest.static.state_tests.stRandom2.randomStatetest558Filler.test.randomStatetest558
generated.execution-specs.tests.eest.static.state_tests.stRandom2.randomStatetest577Filler.test.randomStatetest577
generated.execution-specs.tests.eest.static.state_tests.stRandom2.randomStatetest578Filler.test.randomStatetest578
generated.execution-specs.tests.eest.static.state_tests.stRandom2.randomStatetest584Filler.test.randomStatetest584
generated.execution-specs.tests.eest.static.state_tests.stRandom2.randomStatetest588Filler.test.randomStatetest588
generated.execution-specs.tests.eest.static.state_tests.stRandom2.randomStatetest624Filler.test.randomStatetest624
generated.execution-specs.tests.eest.static.state_tests.stRandom2.randomStatetest628Filler.test.randomStatetest628
generated.execution-specs.tests.eest.static.state_tests.stRandom2.randomStatetest636Filler.test.randomStatetest636
generated.execution-specs.tests.eest.static.state_tests.stRandom2.randomStatetest639Filler.test.randomStatetest639
generated.execution-specs.tests.eest.static.state_tests.stRandom2.randomStatetest646Filler.test.randomStatetest646
generated.execution-specs.tests.eest.static.state_tests.stRecursiveCreate.recursiveCreateFiller.test.recursiveCreate
generated.execution-specs.tests.eest.static.state_tests.stRecursiveCreate.recursiveCreateReturnValueFiller.test.recursiveCreateReturnValue
generated.execution-specs.tests.eest.static.state_tests.stRefundTest.refund50_1Filler.test.refund50_1
generated.execution-specs.tests.eest.static.state_tests.stRefundTest.refund50_2Filler.test.refund50_2
generated.execution-specs.tests.eest.static.state_tests.stRefundTest.refund50percentCapFiller.test.refund50percentCap
generated.execution-specs.tests.eest.static.state_tests.stRefundTest.refund600Filler.test.refund600
generated.execution-specs.tests.eest.static.state_tests.stRefundTest.refundSuicide50procentCapFiller.test.refundSuicide50procentCap
generated.execution-specs.tests.eest.static.state_tests.stRefundTest.refund_CallAFiller.test.refund_CallA
generated.execution-specs.tests.eest.static.state_tests.stRefundTest.refund_CallA_OOGFiller.test.refund_CallA_OOG
generated.execution-specs.tests.eest.static.state_tests.stRefundTest.refund_CallA_notEnoughGasInCallFiller.test.refund_CallA_notEnoughGasInCall
generated.execution-specs.tests.eest.static.state_tests.stRefundTest.refund_CallToSuicideNoStorageFiller.test.refund_CallToSuicideNoStorage
generated.execution-specs.tests.eest.static.state_tests.stRefundTest.refund_CallToSuicideStorageFiller.test.refund_CallToSuicideStorage
generated.execution-specs.tests.eest.static.state_tests.stRefundTest.refund_CallToSuicideTwiceFiller.test.refund_CallToSuicideTwice
generated.execution-specs.tests.eest.static.state_tests.stRefundTest.refund_NoOOG_1Filler.test.refund_NoOOG_1
generated.execution-specs.tests.eest.static.state_tests.stRefundTest.refund_OOGFiller.test.refund_OOG
generated.execution-specs.tests.eest.static.state_tests.stRefundTest.refund_TxToSuicideFiller.test.refund_TxToSuicide
generated.execution-specs.tests.eest.static.state_tests.stRefundTest.refund_TxToSuicideOOGFiller.test.refund_TxToSuicideOOG
generated.execution-specs.tests.eest.static.state_tests.stRefundTest.refund_changeNonZeroStorageFiller.test.refund_changeNonZeroStorage
generated.execution-specs.tests.eest.static.state_tests.stRefundTest.refund_getEtherBackFiller.test.refund_getEtherBack
generated.execution-specs.tests.eest.static.state_tests.stRefundTest.refund_multimpleSuicideFiller.test.refund_multimpleSuicide
generated.execution-specs.tests.eest.static.state_tests.stRefundTest.refund_singleSuicideFiller.test.refund_singleSuicide
generated.execution-specs.tests.eest.static.state_tests.stReturnDataTest.call_outsize_then_create_successful_then_returndatasizeFiller.test.call_outsize_then_create_successful_then_returndatasize
generated.execution-specs.tests.eest.static.state_tests.stReturnDataTest.call_then_create_successful_then_returndatasizeFiller.test.call_then_create_successful_then_returndatasize
generated.execution-specs.tests.eest.static.state_tests.stReturnDataTest.create_callprecompile_returndatasizeFiller.test.create_callprecompile_returndatasize
generated.execution-specs.tests.eest.static.state_tests.stReturnDataTest.modexp_modsize0_returndatasizeFiller.test.modexp_modsize0_returndatasize
generated.execution-specs.tests.eest.static.state_tests.stReturnDataTest.returndatacopy_0_0_following_successful_createFiller.test.returndatacopy_0_0_following_successful_create
generated.execution-specs.tests.eest.static.state_tests.stReturnDataTest.returndatacopy_afterFailing_createFiller.test.returndatacopy_afterFailing_create
generated.execution-specs.tests.eest.static.state_tests.stReturnDataTest.returndatacopy_after_successful_delegatecallFiller.test.returndatacopy_after_successful_delegatecall
generated.execution-specs.tests.eest.static.state_tests.stReturnDataTest.returndatacopy_following_createFiller.test.returndatacopy_following_create
generated.execution-specs.tests.eest.static.state_tests.stReturnDataTest.returndatacopy_following_revert_in_createFiller.test.returndatacopy_following_revert_in_create
generated.execution-specs.tests.eest.static.state_tests.stReturnDataTest.returndatacopy_following_successful_createFiller.test.returndatacopy_following_successful_create
generated.execution-specs.tests.eest.static.state_tests.stReturnDataTest.returndatacopy_initial_256Filler.test.returndatacopy_initial_256
generated.execution-specs.tests.eest.static.state_tests.stReturnDataTest.returndatasize_after_oog_after_deeperFiller.test.returndatasize_after_oog_after_deeper
generated.execution-specs.tests.eest.static.state_tests.stRevertTest.LoopCallsDepthThenRevert2Filler.test.LoopCallsDepthThenRevert2
generated.execution-specs.tests.eest.static.state_tests.stRevertTest.LoopCallsDepthThenRevert3Filler.test.LoopCallsDepthThenRevert3
generated.execution-specs.tests.eest.static.state_tests.stRevertTest.LoopCallsDepthThenRevertFiller.test.LoopCallsDepthThenRevert
generated.execution-specs.tests.eest.static.state_tests.stRevertTest.LoopDelegateCallsDepthThenRevertFiller.test.LoopDelegateCallsDepthThenRevert
generated.execution-specs.tests.eest.static.state_tests.stRevertTest.NashatyrevSuicideRevertFiller.test.NashatyrevSuicideRevert
generated.execution-specs.tests.eest.static.state_tests.stRevertTest.RevertDepth2Filler.test.RevertDepth2
generated.execution-specs.tests.eest.static.state_tests.stRevertTest.RevertDepthCreateAddressCollisionFiller.test.RevertDepthCreateAddressCollision
generated.execution-specs.tests.eest.static.state_tests.stRevertTest.RevertDepthCreateOOGFiller.test.RevertDepthCreateOOG
generated.execution-specs.tests.eest.static.state_tests.stRevertTest.RevertInCreateInInit_ParisFiller.test.RevertInCreateInInit_Paris
generated.execution-specs.tests.eest.static.state_tests.stRevertTest.RevertOnEmptyStackFiller.test.RevertOnEmptyStack
generated.execution-specs.tests.eest.static.state_tests.stRevertTest.RevertOpcodeCallsFiller.test.RevertOpcodeCalls
generated.execution-specs.tests.eest.static.state_tests.stRevertTest.RevertOpcodeCreateFiller.test.RevertOpcodeCreate
generated.execution-specs.tests.eest.static.state_tests.stRevertTest.RevertOpcodeInCallsOnNonEmptyReturnDataFiller.test.RevertOpcodeInCallsOnNonEmptyReturnData
generated.execution-specs.tests.eest.static.state_tests.stRevertTest.RevertOpcodeInCreateReturnsFiller.test.RevertOpcodeInCreateReturns
generated.execution-specs.tests.eest.static.state_tests.stRevertTest.RevertOpcodeMultipleSubCallsFiller.test.RevertOpcodeMultipleSubCalls
generated.execution-specs.tests.eest.static.state_tests.stRevertTest.RevertOpcodeReturnFiller.test.RevertOpcodeReturn
generated.execution-specs.tests.eest.static.state_tests.stRevertTest.RevertPrefoundEmpty_ParisFiller.test.RevertPrefoundEmpty_Paris
generated.execution-specs.tests.eest.static.state_tests.stRevertTest.RevertPrefoundFiller.test.RevertPrefound
generated.execution-specs.tests.eest.static.state_tests.stRevertTest.RevertSubCallStorageOOG2Filler.test.RevertSubCallStorageOOG2
generated.execution-specs.tests.eest.static.state_tests.stRevertTest.RevertSubCallStorageOOGFiller.test.RevertSubCallStorageOOG
generated.execution-specs.tests.eest.static.state_tests.stSStoreTest.InitCollisionNonZeroNonceFiller.test.InitCollisionNonZeroNonce
generated.execution-specs.tests.eest.static.state_tests.stSStoreTest.InitCollisionParisFiller.test.InitCollisionParis
generated.execution-specs.tests.eest.static.state_tests.stSStoreTest.sstore_0to0Filler.test.sstore_0to0
generated.execution-specs.tests.eest.static.state_tests.stSStoreTest.sstore_0to0to0Filler.test.sstore_0to0to0
generated.execution-specs.tests.eest.static.state_tests.stSStoreTest.sstore_0to0toXFiller.test.sstore_0to0toX
generated.execution-specs.tests.eest.static.state_tests.stSStoreTest.sstore_0toXFiller.test.sstore_0toX
generated.execution-specs.tests.eest.static.state_tests.stSStoreTest.sstore_0toXto0Filler.test.sstore_0toXto0
generated.execution-specs.tests.eest.static.state_tests.stSStoreTest.sstore_0toXto0toXFiller.test.sstore_0toXto0toX
generated.execution-specs.tests.eest.static.state_tests.stSStoreTest.sstore_0toXtoXFiller.test.sstore_0toXtoX
generated.execution-specs.tests.eest.static.state_tests.stSStoreTest.sstore_0toXtoYFiller.test.sstore_0toXtoY
generated.execution-specs.tests.eest.static.state_tests.stSStoreTest.sstore_Xto0Filler.test.sstore_Xto0
generated.execution-specs.tests.eest.static.state_tests.stSStoreTest.sstore_Xto0to0Filler.test.sstore_Xto0to0
generated.execution-specs.tests.eest.static.state_tests.stSStoreTest.sstore_Xto0toXFiller.test.sstore_Xto0toX
generated.execution-specs.tests.eest.static.state_tests.stSStoreTest.sstore_Xto0toXto0Filler.test.sstore_Xto0toXto0
generated.execution-specs.tests.eest.static.state_tests.stSStoreTest.sstore_Xto0toYFiller.test.sstore_Xto0toY
generated.execution-specs.tests.eest.static.state_tests.stSStoreTest.sstore_XtoXFiller.test.sstore_XtoX
generated.execution-specs.tests.eest.static.state_tests.stSStoreTest.sstore_XtoXto0Filler.test.sstore_XtoXto0
generated.execution-specs.tests.eest.static.state_tests.stSStoreTest.sstore_XtoXtoXFiller.test.sstore_XtoXtoX
generated.execution-specs.tests.eest.static.state_tests.stSStoreTest.sstore_XtoXtoYFiller.test.sstore_XtoXtoY
generated.execution-specs.tests.eest.static.state_tests.stSStoreTest.sstore_XtoYFiller.test.sstore_XtoY
generated.execution-specs.tests.eest.static.state_tests.stSStoreTest.sstore_XtoYto0Filler.test.sstore_XtoYto0
generated.execution-specs.tests.eest.static.state_tests.stSStoreTest.sstore_XtoYtoXFiller.test.sstore_XtoYtoX
generated.execution-specs.tests.eest.static.state_tests.stSStoreTest.sstore_XtoYtoYFiller.test.sstore_XtoYtoY
generated.execution-specs.tests.eest.static.state_tests.stSStoreTest.sstore_XtoYtoZFiller.test.sstore_XtoYtoZ
generated.execution-specs.tests.eest.static.state_tests.stSStoreTest.sstore_changeFromExternalCallInInitCodeFiller.test.sstore_changeFromExternalCallInInitCode
generated.execution-specs.tests.eest.static.state_tests.stSStoreTest.sstore_gasLeftFiller.test.sstore_gasLeft
generated.execution-specs.tests.eest.static.state_tests.stSelfBalance.selfBalanceCallTypesFiller.test.selfBalanceCallTypes
generated.execution-specs.tests.eest.static.state_tests.stSolidityTest.ByZeroFiller.test.ByZero
generated.execution-specs.tests.eest.static.state_tests.stSolidityTest.CallLowLevelCreatesSolidityFiller.test.CallLowLevelCreatesSolidity
generated.execution-specs.tests.eest.static.state_tests.stSolidityTest.ContractInheritanceFiller.test.ContractInheritance
generated.execution-specs.tests.eest.static.state_tests.stSolidityTest.CreateContractFromMethodFiller.test.CreateContractFromMethod
generated.execution-specs.tests.eest.static.state_tests.stSolidityTest.RecursiveCreateContractsCreate4ContractsFiller.test.RecursiveCreateContractsCreate4Contracts
generated.execution-specs.tests.eest.static.state_tests.stSolidityTest.RecursiveCreateContractsFiller.test.RecursiveCreateContracts
generated.execution-specs.tests.eest.static.state_tests.stSolidityTest.TestContractInteractionFiller.test.TestContractInteraction
generated.execution-specs.tests.eest.static.state_tests.stSolidityTest.TestContractSuicideFiller.test.TestContractSuicide
generated.execution-specs.tests.eest.static.state_tests.stSolidityTest.TestCryptographicFunctionsFiller.test.TestCryptographicFunctions
generated.execution-specs.tests.eest.static.state_tests.stSpecialTest.FailedCreateRevertsDeletionParisFiller.test.FailedCreateRevertsDeletionParis
generated.execution-specs.tests.eest.static.state_tests.stSpecialTest.StackDepthLimitSECFiller.test.StackDepthLimitSEC
generated.execution-specs.tests.eest.static.state_tests.stSpecialTest.makeMoneyFiller.test.makeMoney
generated.execution-specs.tests.eest.static.state_tests.stStackTests.stackOverflowM1DUPFiller.test.stackOverflowM1DUP
generated.execution-specs.tests.eest.static.state_tests.stStackTests.stackOverflowM1Filler.test.stackOverflowM1
generated.execution-specs.tests.eest.static.state_tests.stStackTests.stackOverflowM1PUSHFiller.test.stackOverflowM1PUSH
generated.execution-specs.tests.eest.static.state_tests.stStackTests.stackOverflowSWAPFiller.test.stackOverflowSWAP
generated.execution-specs.tests.eest.static.state_tests.stStackTests.stacksanitySWAPFiller.test.stacksanitySWAP
generated.execution-specs.tests.eest.static.state_tests.stStaticCall.static_ABAcalls0Filler.test.static_ABAcalls0
generated.execution-specs.tests.eest.static.state_tests.stStaticCall.static_ABAcalls1Filler.test.static_ABAcalls1
generated.execution-specs.tests.eest.static.state_tests.stStaticCall.static_ABAcalls2Filler.test.static_ABAcalls2
generated.execution-specs.tests.eest.static.state_tests.stStaticCall.static_ABAcalls3Filler.test.static_ABAcalls3
generated.execution-specs.tests.eest.static.state_tests.stStaticCall.static_ABAcallsSuicide0Filler.test.static_ABAcallsSuicide0
generated.execution-specs.tests.eest.static.state_tests.stStaticCall.static_ABAcallsSuicide1Filler.test.static_ABAcallsSuicide1
generated.execution-specs.tests.eest.static.state_tests.stStaticCall.static_CALL_OneVCallSuicideFiller.test.static_CALL_OneVCallSuicide
generated.execution-specs.tests.eest.static.state_tests.stStaticCall.static_CREATE_ContractSuicideDuringInitFiller.test.static_CREATE_ContractSuicideDuringInit
generated.execution-specs.tests.eest.static.state_tests.stStaticCall.static_CREATE_ContractSuicideDuringInit_ThenStoreThenReturnFiller.test.static_CREATE_ContractSuicideDuringInit_ThenStoreThenReturn
generated.execution-specs.tests.eest.static.state_tests.stStaticCall.static_CREATE_ContractSuicideDuringInit_WithValueFiller.test.static_CREATE_ContractSuicideDuringInit_WithValue
generated.execution-specs.tests.eest.static.state_tests.stStaticCall.static_CREATE_EmptyContractAndCallIt_0weiFiller.test.static_CREATE_EmptyContractAndCallIt_0wei
generated.execution-specs.tests.eest.static.state_tests.stStaticCall.static_CREATE_EmptyContractWithStorageAndCallIt_0weiFiller.test.static_CREATE_EmptyContractWithStorageAndCallIt_0wei
generated.execution-specs.tests.eest.static.state_tests.stStaticCall.static_Call1024BalanceTooLow2Filler.test.static_Call1024BalanceTooLow2
generated.execution-specs.tests.eest.static.state_tests.stStaticCall.static_Call1024BalanceTooLowFiller.test.static_Call1024BalanceTooLow
generated.execution-specs.tests.eest.static.state_tests.stStaticCall.static_Call1024OOGFiller.test.static_Call1024OOG
generated.execution-specs.tests.eest.static.state_tests.stStaticCall.static_Call1024PreCalls2Filler.test.static_Call1024PreCalls2
generated.execution-specs.tests.eest.static.state_tests.stStaticCall.static_Call1024PreCalls3Filler.test.static_Call1024PreCalls3
generated.execution-specs.tests.eest.static.state_tests.stStaticCall.static_Call1024PreCallsFiller.test.static_Call1024PreCalls
generated.execution-specs.tests.eest.static.state_tests.stStaticCall.static_Call10Filler.test.static_Call10
generated.execution-specs.tests.eest.static.state_tests.stStaticCall.static_Call1MB1024CalldepthFiller.test.static_Call1MB1024Calldepth
generated.execution-specs.tests.eest.static.state_tests.stStaticCall.static_Call50000Filler.test.static_Call50000
generated.execution-specs.tests.eest.static.state_tests.stStaticCall.static_Call50000_ecrecFiller.test.static_Call50000_ecrec
generated.execution-specs.tests.eest.static.state_tests.stStaticCall.static_Call50000_identity2Filler.test.static_Call50000_identity2
generated.execution-specs.tests.eest.static.state_tests.stStaticCall.static_Call50000_identityFiller.test.static_Call50000_identity
generated.execution-specs.tests.eest.static.state_tests.stStaticCall.static_Call50000_rip160Filler.test.static_Call50000_rip160
generated.execution-specs.tests.eest.static.state_tests.stStaticCall.static_Call50000bytesContract50_1Filler.test.static_Call50000bytesContract50_1
generated.execution-specs.tests.eest.static.state_tests.stStaticCall.static_Call50000bytesContract50_2Filler.test.static_Call50000bytesContract50_2
generated.execution-specs.tests.eest.static.state_tests.stStaticCall.static_Call50000bytesContract50_3Filler.test.static_Call50000bytesContract50_3
generated.execution-specs.tests.eest.static.state_tests.stStaticCall.static_CallAndCallcodeConsumeMoreGasThenTransactionHasFiller.test.static_CallAndCallcodeConsumeMoreGasThenTransactionHas
generated.execution-specs.tests.eest.static.state_tests.stStaticCall.static_CallAskMoreGasOnDepth2ThenTransactionHasFiller.test.static_CallAskMoreGasOnDepth2ThenTransactionHas
generated.execution-specs.tests.eest.static.state_tests.stStaticCall.static_CallContractToCreateContractAndCallItOOGFiller.test.static_CallContractToCreateContractAndCallItOOG
generated.execution-specs.tests.eest.static.state_tests.stStaticCall.static_CallContractToCreateContractOOGBonusGasFiller.test.static_CallContractToCreateContractOOGBonusGas
generated.execution-specs.tests.eest.static.state_tests.stStaticCall.static_CallContractToCreateContractOOGFiller.test.static_CallContractToCreateContractOOG
generated.execution-specs.tests.eest.static.state_tests.stStaticCall.static_CallContractToCreateContractWhichWouldCreateContractIfCalledFiller.test.static_CallContractToCreateContractWhichWouldCreateContractIfCalled
generated.execution-specs.tests.eest.static.state_tests.stStaticCall.static_CallEcrecover0Filler.test.static_CallEcrecover0
generated.execution-specs.tests.eest.static.state_tests.stStaticCall.static_CallEcrecover0_0inputFiller.test.static_CallEcrecover0_0input
generated.execution-specs.tests.eest.static.state_tests.stStaticCall.static_CallEcrecover0_Gas2999Filler.test.static_CallEcrecover0_Gas2999
generated.execution-specs.tests.eest.static.state_tests.stStaticCall.static_CallEcrecover0_completeReturnValueFiller.test.static_CallEcrecover0_completeReturnValue
generated.execution-specs.tests.eest.static.state_tests.stStaticCall.static_CallEcrecover0_gas3000Filler.test.static_CallEcrecover0_gas3000
generated.execution-specs.tests.eest.static.state_tests.stStaticCall.static_CallEcrecover0_overlappingInputOutputFiller.test.static_CallEcrecover0_overlappingInputOutput
generated.execution-specs.tests.eest.static.state_tests.stStaticCall.static_CallEcrecover3Filler.test.static_CallEcrecover3
generated.execution-specs.tests.eest.static.state_tests.stStaticCall.static_CallEcrecoverCheckLengthFiller.test.static_CallEcrecoverCheckLength
generated.execution-specs.tests.eest.static.state_tests.stStaticCall.static_CallEcrecoverH_prefixed0Filler.test.static_CallEcrecoverH_prefixed0
generated.execution-specs.tests.eest.static.state_tests.stStaticCall.static_CallEcrecoverS_prefixed0Filler.test.static_CallEcrecoverS_prefixed0
generated.execution-specs.tests.eest.static.state_tests.stStaticCall.static_CallEcrecoverV_prefixed0Filler.test.static_CallEcrecoverV_prefixed0
generated.execution-specs.tests.eest.static.state_tests.stStaticCall.static_CallGoesOOGOnSecondLevel2Filler.test.static_CallGoesOOGOnSecondLevel2
generated.execution-specs.tests.eest.static.state_tests.stStaticCall.static_CallGoesOOGOnSecondLevelFiller.test.static_CallGoesOOGOnSecondLevel
generated.execution-specs.tests.eest.static.state_tests.stStaticCall.static_CallLoseGasOOGFiller.test.static_CallLoseGasOOG
generated.execution-specs.tests.eest.static.state_tests.stStaticCall.static_CallRecursiveBomb0Filler.test.static_CallRecursiveBomb0
generated.execution-specs.tests.eest.static.state_tests.stStaticCall.static_CallRecursiveBomb0_OOG_atMaxCallDepthFiller.test.static_CallRecursiveBomb0_OOG_atMaxCallDepth
generated.execution-specs.tests.eest.static.state_tests.stStaticCall.static_CallRecursiveBomb1Filler.test.static_CallRecursiveBomb1
generated.execution-specs.tests.eest.static.state_tests.stStaticCall.static_CallRecursiveBomb2Filler.test.static_CallRecursiveBomb2
generated.execution-specs.tests.eest.static.state_tests.stStaticCall.static_CallRecursiveBomb3Filler.test.static_CallRecursiveBomb3
generated.execution-specs.tests.eest.static.state_tests.stStaticCall.static_CallRecursiveBombLog2Filler.test.static_CallRecursiveBombLog2
generated.execution-specs.tests.eest.static.state_tests.stStaticCall.static_CallRecursiveBombLogFiller.test.static_CallRecursiveBombLog
generated.execution-specs.tests.eest.static.state_tests.stStaticCall.static_CallRecursiveBombPreCall2Filler.test.static_CallRecursiveBombPreCall2
generated.execution-specs.tests.eest.static.state_tests.stStaticCall.static_CallRecursiveBombPreCallFiller.test.static_CallRecursiveBombPreCalltest failed
generated.execution-specs.tests.eest.static.state_tests.stStaticCall.static_CallRipemd160_1Filler.test.static_CallRipemd160_1
generated.execution-specs.tests.eest.static.state_tests.stStaticCall.static_CallRipemd160_2Filler.test.static_CallRipemd160_2
generated.execution-specs.tests.eest.static.state_tests.stStaticCall.static_CallRipemd160_3Filler.test.static_CallRipemd160_3
generated.execution-specs.tests.eest.static.state_tests.stStaticCall.static_CallRipemd160_3_postfixed0Filler.test.static_CallRipemd160_3_postfixed0
generated.execution-specs.tests.eest.static.state_tests.stStaticCall.static_CallRipemd160_3_prefixed0Filler.test.static_CallRipemd160_3_prefixed0
generated.execution-specs.tests.eest.static.state_tests.stStaticCall.static_CallRipemd160_4Filler.test.static_CallRipemd160_4
generated.execution-specs.tests.eest.static.state_tests.stStaticCall.static_CallSha256_1Filler.test.static_CallSha256_1
generated.execution-specs.tests.eest.static.state_tests.stStaticCall.static_CallSha256_1_nonzeroValueFiller.test.static_CallSha256_1_nonzeroValue
generated.execution-specs.tests.eest.static.state_tests.stStaticCall.static_CallSha256_2Filler.test.static_CallSha256_2
generated.execution-specs.tests.eest.static.state_tests.stStaticCall.static_CallSha256_3Filler.test.static_CallSha256_3
generated.execution-specs.tests.eest.static.state_tests.stStaticCall.static_CallSha256_3_postfix0Filler.test.static_CallSha256_3_postfix0
generated.execution-specs.tests.eest.static.state_tests.stStaticCall.static_CallSha256_3_prefix0Filler.test.static_CallSha256_3_prefix0
generated.execution-specs.tests.eest.static.state_tests.stStaticCall.static_CallSha256_4Filler.test.static_CallSha256_4
generated.execution-specs.tests.eest.static.state_tests.stStaticCall.static_CallSha256_4_gas99Filler.test.static_CallSha256_4_gas99
generated.execution-specs.tests.eest.static.state_tests.stStaticCall.static_CallToNameRegistrator0Filler.test.static_CallToNameRegistrator0
generated.execution-specs.tests.eest.static.state_tests.stStaticCall.static_CallToReturn1Filler.test.static_CallToReturn1
generated.execution-specs.tests.eest.static.state_tests.stStaticCall.static_CheckOpcodes2Filler.test.static_CheckOpcodes2
generated.execution-specs.tests.eest.static.state_tests.stStaticCall.static_CheckOpcodes3Filler.test.static_CheckOpcodes3
generated.execution-specs.tests.eest.static.state_tests.stStaticCall.static_CheckOpcodes4Filler.test.static_CheckOpcodes4
generated.execution-specs.tests.eest.static.state_tests.stStaticCall.static_CheckOpcodes5Filler.test.static_CheckOpcodes5
generated.execution-specs.tests.eest.static.state_tests.stStaticCall.static_CheckOpcodesFiller.test.static_CheckOpcodes
generated.execution-specs.tests.eest.static.state_tests.stStaticCall.static_ExecuteCallThatAskForeGasThenTrabsactionHasFiller.test.static_ExecuteCallThatAskForeGasThenTrabsactionHas
generated.execution-specs.tests.eest.static.state_tests.stStaticCall.static_InternalCallHittingGasLimit2Filler.test.static_InternalCallHittingGasLimit2
generated.execution-specs.tests.eest.static.state_tests.stStaticCall.static_InternalCallHittingGasLimitFiller.test.static_InternalCallHittingGasLimit
generated.execution-specs.tests.eest.static.state_tests.stStaticCall.static_InternalCallStoreClearsOOGFiller.test.static_InternalCallStoreClearsOOG
generated.execution-specs.tests.eest.static.state_tests.stStaticCall.static_LoopCallsDepthThenRevert2Filler.test.static_LoopCallsDepthThenRevert2
generated.execution-specs.tests.eest.static.state_tests.stStaticCall.static_LoopCallsDepthThenRevert3Filler.test.static_LoopCallsDepthThenRevert3
generated.execution-specs.tests.eest.static.state_tests.stStaticCall.static_LoopCallsDepthThenRevertFiller.test.static_LoopCallsDepthThenRevert
generated.execution-specs.tests.eest.static.state_tests.stStaticCall.static_LoopCallsThenRevertFiller.test.static_LoopCallsThenRevert
generated.execution-specs.tests.eest.static.state_tests.stStaticCall.static_RETURN_BoundsOOGFiller.test.static_RETURN_BoundsOOG
generated.execution-specs.tests.eest.static.state_tests.stStaticCall.static_RawCallGasAskFiller.test.static_RawCallGasAsk
generated.execution-specs.tests.eest.static.state_tests.stStaticCall.static_Return50000_2Filler.test.static_Return50000_2
generated.execution-specs.tests.eest.static.state_tests.stStaticCall.static_ZeroValue_CALL_OOGRevertFiller.test.static_ZeroValue_CALL_OOGRevert
generated.execution-specs.tests.eest.static.state_tests.stStaticCall.static_callBasicFiller.test.static_callBasic
generated.execution-specs.tests.eest.static.state_tests.stStaticCall.static_callChangeRevertFiller.test.static_callChangeRevert
generated.execution-specs.tests.eest.static.state_tests.stStaticCall.static_callCreate2Filler.test.static_callCreate2
generated.execution-specs.tests.eest.static.state_tests.stStaticCall.static_callCreateFiller.test.static_callCreate
generated.execution-specs.tests.eest.static.state_tests.stStaticCall.static_callToCallCodeOpCodeCheckFiller.test.static_callToCallCodeOpCodeCheck
generated.execution-specs.tests.eest.static.state_tests.stStaticCall.static_callToCallOpCodeCheckFiller.test.static_callToCallOpCodeCheck
generated.execution-specs.tests.eest.static.state_tests.stStaticCall.static_callToDelCallOpCodeCheckFiller.test.static_callToDelCallOpCodeCheck
generated.execution-specs.tests.eest.static.state_tests.stStaticCall.static_callToStaticOpCodeCheckFiller.test.static_callToStaticOpCodeCheck
generated.execution-specs.tests.eest.static.state_tests.stStaticCall.static_callcall_00Filler.test.static_callcall_00
generated.execution-specs.tests.eest.static.state_tests.stStaticCall.static_callcall_00_OOGEFiller.test.static_callcall_00_OOGE
generated.execution-specs.tests.eest.static.state_tests.stStaticCall.static_callcall_00_OOGE_1Filler.test.static_callcall_00_OOGE_1
generated.execution-specs.tests.eest.static.state_tests.stStaticCall.static_callcall_00_OOGE_2Filler.test.static_callcall_00_OOGE_2
generated.execution-specs.tests.eest.static.state_tests.stStaticCall.static_callcall_00_SuicideEndFiller.test.static_callcall_00_SuicideEnd
generated.execution-specs.tests.eest.static.state_tests.stStaticCall.static_callcallcall_000Filler.test.static_callcallcall_000
generated.execution-specs.tests.eest.static.state_tests.stStaticCall.static_callcallcall_000_OOGEFiller.test.static_callcallcall_000_OOGE
generated.execution-specs.tests.eest.static.state_tests.stStaticCall.static_callcallcall_000_OOGMAfter2Filler.test.static_callcallcall_000_OOGMAfter2
generated.execution-specs.tests.eest.static.state_tests.stStaticCall.static_callcallcall_000_OOGMAfterFiller.test.static_callcallcall_000_OOGMAfter
generated.execution-specs.tests.eest.static.state_tests.stStaticCall.static_callcallcall_000_OOGMBeforeFiller.test.static_callcallcall_000_OOGMBefore
generated.execution-specs.tests.eest.static.state_tests.stStaticCall.static_callcallcall_000_SuicideEndFiller.test.static_callcallcall_000_SuicideEnd
generated.execution-specs.tests.eest.static.state_tests.stStaticCall.static_callcallcall_000_SuicideMiddleFiller.test.static_callcallcall_000_SuicideMiddle
generated.execution-specs.tests.eest.static.state_tests.stStaticCall.static_callcallcallcode_001_2Filler.test.static_callcallcallcode_001_2
generated.execution-specs.tests.eest.static.state_tests.stStaticCall.static_callcallcallcode_001_OOGEFiller.test.static_callcallcallcode_001_OOGE
generated.execution-specs.tests.eest.static.state_tests.stStaticCall.static_callcallcallcode_001_OOGE_2Filler.test.static_callcallcallcode_001_OOGE_2
generated.execution-specs.tests.eest.static.state_tests.stStaticCall.static_callcallcallcode_001_OOGMAfter2Filler.test.static_callcallcallcode_001_OOGMAfter2
generated.execution-specs.tests.eest.static.state_tests.stStaticCall.static_callcallcallcode_001_OOGMAfterFiller.test.static_callcallcallcode_001_OOGMAfter
generated.execution-specs.tests.eest.static.state_tests.stStaticCall.static_callcallcallcode_001_OOGMAfter_2Filler.test.static_callcallcallcode_001_OOGMAfter_2
generated.execution-specs.tests.eest.static.state_tests.stStaticCall.static_callcallcallcode_001_OOGMAfter_3Filler.test.static_callcallcallcode_001_OOGMAfter_3
generated.execution-specs.tests.eest.static.state_tests.stStaticCall.static_callcallcallcode_001_OOGMBefore2Filler.test.static_callcallcallcode_001_OOGMBefore2
generated.execution-specs.tests.eest.static.state_tests.stStaticCall.static_callcallcallcode_001_OOGMBeforeFiller.test.static_callcallcallcode_001_OOGMBefore
generated.execution-specs.tests.eest.static.state_tests.stStaticCall.static_callcallcallcode_001_SuicideEnd2Filler.test.static_callcallcallcode_001_SuicideEnd2
generated.execution-specs.tests.eest.static.state_tests.stStaticCall.static_callcallcallcode_001_SuicideEndFiller.test.static_callcallcallcode_001_SuicideEnd
generated.execution-specs.tests.eest.static.state_tests.stStaticCall.static_callcallcallcode_001_SuicideMiddle2Filler.test.static_callcallcallcode_001_SuicideMiddle2
generated.execution-specs.tests.eest.static.state_tests.stStaticCall.static_callcallcallcode_001_SuicideMiddleFiller.test.static_callcallcallcode_001_SuicideMiddle
generated.execution-specs.tests.eest.static.state_tests.stStaticCall.static_callcallcode_01_OOGE_2Filler.test.static_callcallcode_01_OOGE_2
generated.execution-specs.tests.eest.static.state_tests.stStaticCall.static_callcallcode_01_SuicideEnd2Filler.test.static_callcallcode_01_SuicideEnd2
generated.execution-specs.tests.eest.static.state_tests.stStaticCall.static_callcallcode_01_SuicideEndFiller.test.static_callcallcode_01_SuicideEnd
generated.execution-specs.tests.eest.static.state_tests.stStaticCall.static_callcallcodecall_010_OOGEFiller.test.static_callcallcodecall_010_OOGE
generated.execution-specs.tests.eest.static.state_tests.stStaticCall.static_callcallcodecall_010_OOGE_2Filler.test.static_callcallcodecall_010_OOGE_2
generated.execution-specs.tests.eest.static.state_tests.stStaticCall.static_callcallcodecall_010_OOGMAfter2Filler.test.static_callcallcodecall_010_OOGMAfter2
generated.execution-specs.tests.eest.static.state_tests.stStaticCall.static_callcallcodecall_010_OOGMAfterFiller.test.static_callcallcodecall_010_OOGMAfter
generated.execution-specs.tests.eest.static.state_tests.stStaticCall.static_callcallcodecall_010_OOGMAfter_2Filler.test.static_callcallcodecall_010_OOGMAfter_2
generated.execution-specs.tests.eest.static.state_tests.stStaticCall.static_callcallcodecall_010_OOGMAfter_3Filler.test.static_callcallcodecall_010_OOGMAfter_3
generated.execution-specs.tests.eest.static.state_tests.stStaticCall.static_callcallcodecall_010_OOGMBefore2Filler.test.static_callcallcodecall_010_OOGMBefore2
generated.execution-specs.tests.eest.static.state_tests.stStaticCall.static_callcallcodecall_010_OOGMBeforeFiller.test.static_callcallcodecall_010_OOGMBefore
generated.execution-specs.tests.eest.static.state_tests.stStaticCall.static_callcallcodecall_010_SuicideEndFiller.test.static_callcallcodecall_010_SuicideEnd
generated.execution-specs.tests.eest.static.state_tests.stStaticCall.static_callcallcodecall_010_SuicideMiddle2Filler.test.static_callcallcodecall_010_SuicideMiddle2
generated.execution-specs.tests.eest.static.state_tests.stStaticCall.static_callcallcodecall_ABCB_RECURSIVE2Filler.test.static_callcallcodecall_ABCB_RECURSIVE2
generated.execution-specs.tests.eest.static.state_tests.stStaticCall.static_callcallcodecall_ABCB_RECURSIVEFiller.test.static_callcallcodecall_ABCB_RECURSIVE
generated.execution-specs.tests.eest.static.state_tests.stStaticCall.static_callcallcodecallcode_011_OOGEFiller.test.static_callcallcodecallcode_011_OOGE
generated.execution-specs.tests.eest.static.state_tests.stStaticCall.static_callcallcodecallcode_011_OOGMAfter2Filler.test.static_callcallcodecallcode_011_OOGMAfter2
generated.execution-specs.tests.eest.static.state_tests.stStaticCall.static_callcallcodecallcode_011_OOGMAfterFiller.test.static_callcallcodecallcode_011_OOGMAfter
generated.execution-specs.tests.eest.static.state_tests.stStaticCall.static_callcallcodecallcode_011_OOGMAfter_1Filler.test.static_callcallcodecallcode_011_OOGMAfter_1
generated.execution-specs.tests.eest.static.state_tests.stStaticCall.static_callcallcodecallcode_011_OOGMAfter_2Filler.test.static_callcallcodecallcode_011_OOGMAfter_2
generated.execution-specs.tests.eest.static.state_tests.stStaticCall.static_callcallcodecallcode_011_OOGMBefore2Filler.test.static_callcallcodecallcode_011_OOGMBefore2
generated.execution-specs.tests.eest.static.state_tests.stStaticCall.static_callcallcodecallcode_011_OOGMBeforeFiller.test.static_callcallcodecallcode_011_OOGMBefore
generated.execution-specs.tests.eest.static.state_tests.stStaticCall.static_callcallcodecallcode_011_SuicideEndFiller.test.static_callcallcodecallcode_011_SuicideEnd
generated.execution-specs.tests.eest.static.state_tests.stStaticCall.static_callcallcodecallcode_011_SuicideMiddle2Filler.test.static_callcallcodecallcode_011_SuicideMiddle2
generated.execution-specs.tests.eest.static.state_tests.stStaticCall.static_callcallcodecallcode_011_SuicideMiddleFiller.test.static_callcallcodecallcode_011_SuicideMiddle
generated.execution-specs.tests.eest.static.state_tests.stStaticCall.static_callcallcodecallcode_ABCB_RECURSIVE2Filler.test.static_callcallcodecallcode_ABCB_RECURSIVE2
generated.execution-specs.tests.eest.static.state_tests.stStaticCall.static_callcallcodecallcode_ABCB_RECURSIVEFiller.test.static_callcallcodecallcode_ABCB_RECURSIVE
generated.execution-specs.tests.eest.static.state_tests.stStaticCall.static_callcode_checkPCFiller.test.static_callcode_checkPC
generated.execution-specs.tests.eest.static.state_tests.stStaticCall.static_callcodecall_10_OOGEFiller.test.static_callcodecall_10_OOGE
generated.execution-specs.tests.eest.static.state_tests.stStaticCall.static_callcodecall_10_OOGE_2Filler.test.static_callcodecall_10_OOGE_2
generated.execution-specs.tests.eest.static.state_tests.stStaticCall.static_callcodecall_10_SuicideEnd2Filler.test.static_callcodecall_10_SuicideEnd2
generated.execution-specs.tests.eest.static.state_tests.stStaticCall.static_callcodecall_10_SuicideEndFiller.test.static_callcodecall_10_SuicideEnd
generated.execution-specs.tests.eest.static.state_tests.stStaticCall.static_callcodecallcall_100_OOGE2Filler.test.static_callcodecallcall_100_OOGE2
generated.execution-specs.tests.eest.static.state_tests.stStaticCall.static_callcodecallcall_100_OOGEFiller.test.static_callcodecallcall_100_OOGE
generated.execution-specs.tests.eest.static.state_tests.stStaticCall.static_callcodecallcall_100_OOGMAfter2Filler.test.static_callcodecallcall_100_OOGMAfter2
generated.execution-specs.tests.eest.static.state_tests.stStaticCall.static_callcodecallcall_100_OOGMAfterFiller.test.static_callcodecallcall_100_OOGMAfter
generated.execution-specs.tests.eest.static.state_tests.stStaticCall.static_callcodecallcall_100_OOGMAfter_2Filler.test.static_callcodecallcall_100_OOGMAfter_2
generated.execution-specs.tests.eest.static.state_tests.stStaticCall.static_callcodecallcall_100_OOGMAfter_3Filler.test.static_callcodecallcall_100_OOGMAfter_3
generated.execution-specs.tests.eest.static.state_tests.stStaticCall.static_callcodecallcall_100_OOGMBefore2Filler.test.static_callcodecallcall_100_OOGMBefore2
generated.execution-specs.tests.eest.static.state_tests.stStaticCall.static_callcodecallcall_100_OOGMBeforeFiller.test.static_callcodecallcall_100_OOGMBefore
generated.execution-specs.tests.eest.static.state_tests.stStaticCall.static_callcodecallcall_ABCB_RECURSIVE2Filler.test.static_callcodecallcall_ABCB_RECURSIVE2
generated.execution-specs.tests.eest.static.state_tests.stStaticCall.static_callcodecallcall_ABCB_RECURSIVEFiller.test.static_callcodecallcall_ABCB_RECURSIVE
generated.execution-specs.tests.eest.static.state_tests.stStaticCall.static_callcodecallcallcode_101_OOGEFiller.test.static_callcodecallcallcode_101_OOGE
generated.execution-specs.tests.eest.static.state_tests.stStaticCall.static_callcodecallcallcode_101_OOGE_2Filler.test.static_callcodecallcallcode_101_OOGE_2
generated.execution-specs.tests.eest.static.state_tests.stStaticCall.static_callcodecallcallcode_101_OOGMAfter2Filler.test.static_callcodecallcallcode_101_OOGMAfter2
generated.execution-specs.tests.eest.static.state_tests.stStaticCall.static_callcodecallcallcode_101_OOGMAfterFiller.test.static_callcodecallcallcode_101_OOGMAfter
generated.execution-specs.tests.eest.static.state_tests.stStaticCall.static_callcodecallcallcode_101_OOGMAfter_1Filler.test.static_callcodecallcallcode_101_OOGMAfter_1
generated.execution-specs.tests.eest.static.state_tests.stStaticCall.static_callcodecallcallcode_101_OOGMAfter_3Filler.test.static_callcodecallcallcode_101_OOGMAfter_3
generated.execution-specs.tests.eest.static.state_tests.stStaticCall.static_callcodecallcallcode_101_OOGMBefore2Filler.test.static_callcodecallcallcode_101_OOGMBefore2
generated.execution-specs.tests.eest.static.state_tests.stStaticCall.static_callcodecallcallcode_101_OOGMBeforeFiller.test.static_callcodecallcallcode_101_OOGMBefore
generated.execution-specs.tests.eest.static.state_tests.stStaticCall.static_callcodecallcallcode_ABCB_RECURSIVE2Filler.test.static_callcodecallcallcode_ABCB_RECURSIVE2
generated.execution-specs.tests.eest.static.state_tests.stStaticCall.static_callcodecallcallcode_ABCB_RECURSIVEFiller.test.static_callcodecallcallcode_ABCB_RECURSIVE
generated.execution-specs.tests.eest.static.state_tests.stStaticCall.static_callcodecallcodecall_1102Filler.test.static_callcodecallcodecall_1102
generated.execution-specs.tests.eest.static.state_tests.stStaticCall.static_callcodecallcodecall_110_2Filler.test.static_callcodecallcodecall_110_2
generated.execution-specs.tests.eest.static.state_tests.stStaticCall.static_callcodecallcodecall_110_OOGE2Filler.test.static_callcodecallcodecall_110_OOGE2
generated.execution-specs.tests.eest.static.state_tests.stStaticCall.static_callcodecallcodecall_110_OOGEFiller.test.static_callcodecallcodecall_110_OOGE
generated.execution-specs.tests.eest.static.state_tests.stStaticCall.static_callcodecallcodecall_110_OOGMAfter2Filler.test.static_callcodecallcodecall_110_OOGMAfter2
generated.execution-specs.tests.eest.static.state_tests.stStaticCall.static_callcodecallcodecall_110_OOGMAfterFiller.test.static_callcodecallcodecall_110_OOGMAfter
generated.execution-specs.tests.eest.static.state_tests.stStaticCall.static_callcodecallcodecall_110_OOGMAfter_2Filler.test.static_callcodecallcodecall_110_OOGMAfter_2
generated.execution-specs.tests.eest.static.state_tests.stStaticCall.static_callcodecallcodecall_110_OOGMAfter_3Filler.test.static_callcodecallcodecall_110_OOGMAfter_3
generated.execution-specs.tests.eest.static.state_tests.stStaticCall.static_callcodecallcodecall_110_OOGMBefore2Filler.test.static_callcodecallcodecall_110_OOGMBefore2
generated.execution-specs.tests.eest.static.state_tests.stStaticCall.static_callcodecallcodecall_110_OOGMBeforeFiller.test.static_callcodecallcodecall_110_OOGMBefore
generated.execution-specs.tests.eest.static.state_tests.stStaticCall.static_callcodecallcodecall_110_SuicideEnd2Filler.test.static_callcodecallcodecall_110_SuicideEnd2
generated.execution-specs.tests.eest.static.state_tests.stStaticCall.static_callcodecallcodecall_110_SuicideEndFiller.test.static_callcodecallcodecall_110_SuicideEnd
generated.execution-specs.tests.eest.static.state_tests.stStaticCall.static_callcodecallcodecall_110_SuicideMiddle2Filler.test.static_callcodecallcodecall_110_SuicideMiddle2
generated.execution-specs.tests.eest.static.state_tests.stStaticCall.static_callcodecallcodecall_110_SuicideMiddleFiller.test.static_callcodecallcodecall_110_SuicideMiddle
generated.execution-specs.tests.eest.static.state_tests.stStaticCall.static_callcodecallcodecall_ABCB_RECURSIVE2Filler.test.static_callcodecallcodecall_ABCB_RECURSIVE2
generated.execution-specs.tests.eest.static.state_tests.stStaticCall.static_callcodecallcodecall_ABCB_RECURSIVEFiller.test.static_callcodecallcodecall_ABCB_RECURSIVE
generated.execution-specs.tests.eest.static.state_tests.stStaticCall.static_calldelcode_01_OOGEFiller.test.static_calldelcode_01_OOGE
generated.execution-specs.tests.eest.static.state_tests.stStaticCall.static_contractCreationMakeCallThatAskMoreGasThenTransactionProvidedFiller.test.static_contractCreationMakeCallThatAskMoreGasThenTransactionProvided
generated.execution-specs.tests.eest.static.state_tests.stStaticCall.static_contractCreationOOGdontLeaveEmptyContractViaTransactionFiller.test.static_contractCreationOOGdontLeaveEmptyContractViaTransaction
generated.execution-specs.tests.eest.static.state_tests.stStaticCall.static_log0_emptyMemFiller.test.static_log0_emptyMem
generated.execution-specs.tests.eest.static.state_tests.stStaticCall.static_log0_logMemsizeZeroFiller.test.static_log0_logMemsizeZero
generated.execution-specs.tests.eest.static.state_tests.stStaticCall.static_log0_nonEmptyMemFiller.test.static_log0_nonEmptyMem
generated.execution-specs.tests.eest.static.state_tests.stStaticCall.static_log0_nonEmptyMem_logMemSize1Filler.test.static_log0_nonEmptyMem_logMemSize1
generated.execution-specs.tests.eest.static.state_tests.stStaticCall.static_log0_nonEmptyMem_logMemSize1_logMemStart31Filler.test.static_log0_nonEmptyMem_logMemSize1_logMemStart31
generated.execution-specs.tests.eest.static.state_tests.stStaticCall.static_log1_emptyMemFiller.test.static_log1_emptyMem
generated.execution-specs.tests.eest.static.state_tests.stStaticCall.static_log1_logMemsizeZeroFiller.test.static_log1_logMemsizeZero
generated.execution-specs.tests.eest.static.state_tests.stStaticCall.static_log_CallerFiller.test.static_log_Caller
generated.execution-specs.tests.eest.static.state_tests.stStaticCall.static_makeMoneyFiller.test.static_makeMoney
generated.execution-specs.tests.eest.static.state_tests.stStaticCall.static_refund_CallToSuicideTwiceFiller.test.static_refund_CallToSuicideTwice
generated.execution-specs.tests.eest.static.state_tests.stSystemOperationsTest.ABAcalls0Filler.test.ABAcalls0
generated.execution-specs.tests.eest.static.state_tests.stSystemOperationsTest.ABAcalls1Filler.test.ABAcalls1
generated.execution-specs.tests.eest.static.state_tests.stSystemOperationsTest.ABAcalls2Filler.test.ABAcalls2
generated.execution-specs.tests.eest.static.state_tests.stSystemOperationsTest.ABAcalls3Filler.test.ABAcalls3
generated.execution-specs.tests.eest.static.state_tests.stSystemOperationsTest.ABAcallsSuicide0Filler.test.ABAcallsSuicide0
generated.execution-specs.tests.eest.static.state_tests.stSystemOperationsTest.ABAcallsSuicide1Filler.test.ABAcallsSuicide1
generated.execution-specs.tests.eest.static.state_tests.stSystemOperationsTest.Call10Filler.test.Call10
generated.execution-specs.tests.eest.static.state_tests.stSystemOperationsTest.CallRecursiveBomb0Filler.test.CallRecursiveBomb0
generated.execution-specs.tests.eest.static.state_tests.stSystemOperationsTest.CallRecursiveBomb0_OOG_atMaxCallDepthFiller.test.CallRecursiveBomb0_OOG_atMaxCallDepth
generated.execution-specs.tests.eest.static.state_tests.stSystemOperationsTest.CallRecursiveBomb1Filler.test.CallRecursiveBomb1
generated.execution-specs.tests.eest.static.state_tests.stSystemOperationsTest.CallRecursiveBomb2Filler.test.CallRecursiveBomb2
generated.execution-specs.tests.eest.static.state_tests.stSystemOperationsTest.CallRecursiveBomb3Filler.test.CallRecursiveBomb3
generated.execution-specs.tests.eest.static.state_tests.stSystemOperationsTest.CallRecursiveBombLog2Filler.test.CallRecursiveBombLog2
generated.execution-specs.tests.eest.static.state_tests.stSystemOperationsTest.CallRecursiveBombLogFiller.test.CallRecursiveBombLog
generated.execution-specs.tests.eest.static.state_tests.stSystemOperationsTest.CallToNameRegistratorAddressTooBigLeftFiller.test.CallToNameRegistratorAddressTooBigLeft
generated.execution-specs.tests.eest.static.state_tests.stSystemOperationsTest.CallToReturn1Filler.test.CallToReturn1
generated.execution-specs.tests.eest.static.state_tests.stSystemOperationsTest.CreateHashCollisionFiller.test.CreateHashCollision
generated.execution-specs.tests.eest.static.state_tests.stSystemOperationsTest.callcodeToNameRegistratorAddresTooBigLeftFiller.test.callcodeToNameRegistratorAddresTooBigLeft
generated.execution-specs.tests.eest.static.state_tests.stSystemOperationsTest.callcodeToNameRegistratorZeroMemExpanionFiller.test.callcodeToNameRegistratorZeroMemExpanion
generated.execution-specs.tests.eest.static.state_tests.stSystemOperationsTest.callcodeToReturn1Filler.test.callcodeToReturn1
generated.execution-specs.tests.eest.static.state_tests.stSystemOperationsTest.callerAccountBalanceFiller.test.callerAccountBalance
generated.execution-specs.tests.eest.static.state_tests.stSystemOperationsTest.currentAccountBalanceFiller.test.currentAccountBalance
generated.execution-specs.tests.eest.static.state_tests.stSystemOperationsTest.suicideAddressFiller.test.suicideAddress
generated.execution-specs.tests.eest.static.state_tests.stSystemOperationsTest.suicideSendEtherToMeFiller.test.suicideSendEtherToMe
generated.execution-specs.tests.eest.static.state_tests.stSystemOperationsTest.testRandomTestFiller.test.testRandomTest
generated.execution-specs.tests.eest.static.state_tests.stTimeConsuming.sstore_combinations_initial00_2_ParisFiller.test.sstore_combinations_initial00_2_Paris
generated.execution-specs.tests.eest.static.state_tests.stTimeConsuming.sstore_combinations_initial00_ParisFiller.test.sstore_combinations_initial00_Paris
generated.execution-specs.tests.eest.static.state_tests.stTimeConsuming.sstore_combinations_initial01_2_ParisFiller.test.sstore_combinations_initial01_2_Paris
generated.execution-specs.tests.eest.static.state_tests.stTimeConsuming.sstore_combinations_initial01_ParisFiller.test.sstore_combinations_initial01_Paris
generated.execution-specs.tests.eest.static.state_tests.stTimeConsuming.sstore_combinations_initial10_2_ParisFiller.test.sstore_combinations_initial10_2_Paris
generated.execution-specs.tests.eest.static.state_tests.stTimeConsuming.sstore_combinations_initial10_ParisFiller.test.sstore_combinations_initial10_Paris
generated.execution-specs.tests.eest.static.state_tests.stTimeConsuming.sstore_combinations_initial11_2_ParisFiller.test.sstore_combinations_initial11_2_Paris
generated.execution-specs.tests.eest.static.state_tests.stTimeConsuming.sstore_combinations_initial11_ParisFiller.test.sstore_combinations_initial11_Paris
generated.execution-specs.tests.eest.static.state_tests.stTimeConsuming.sstore_combinations_initial20_2_ParisFiller.test.sstore_combinations_initial20_2_Paris
generated.execution-specs.tests.eest.static.state_tests.stTimeConsuming.sstore_combinations_initial20_ParisFiller.test.sstore_combinations_initial20_Paris
generated.execution-specs.tests.eest.static.state_tests.stTimeConsuming.sstore_combinations_initial21_2_ParisFiller.test.sstore_combinations_initial21_2_Paris
generated.execution-specs.tests.eest.static.state_tests.stTimeConsuming.sstore_combinations_initial21_ParisFiller.test.sstore_combinations_initial21_Paris
generated.execution-specs.tests.eest.static.state_tests.stTransactionTest.CreateTransactionSuccessFiller.test.CreateTransactionSuccess
generated.execution-specs.tests.eest.static.state_tests.stTransactionTest.InternalCallStoreClearsOOGFiller.test.InternalCallStoreClearsOOG
generated.execution-specs.tests.eest.static.state_tests.stTransactionTest.Opcodes_TransactionInitFiller.test.Opcodes_TransactionInit
generated.execution-specs.tests.eest.static.state_tests.stTransactionTest.OverflowGasRequire2Filler.test.OverflowGasRequire2
generated.execution-specs.tests.eest.static.state_tests.stTransactionTest.StoreClearsAndInternalCallStoreClearsOOGFiller.test.StoreClearsAndInternalCallStoreClearsOOG
generated.execution-specs.tests.eest.static.state_tests.stTransactionTest.StoreClearsAndInternalCallStoreClearsSuccessFiller.test.StoreClearsAndInternalCallStoreClearsSuccess
generated.execution-specs.tests.eest.static.state_tests.stTransactionTest.StoreGasOnCreateFiller.test.StoreGasOnCreate
generated.execution-specs.tests.eest.static.state_tests.stTransactionTest.SuicidesAndInternalCallSuicidesSuccessFiller.test.SuicidesAndInternalCallSuicidesSuccess
generated.execution-specs.tests.eest.static.state_tests.stTransactionTest.SuicidesAndSendMoneyToItselfEtherDestroyedFiller.test.SuicidesAndSendMoneyToItselfEtherDestroyed
generated.execution-specs.tests.eest.static.state_tests.stTransactionTest.TransactionToItselfFiller.test.TransactionToItself
generated.execution-specs.tests.eest.static.state_tests.stTransitionTest.createNameRegistratorPerTxsAfterFiller.test.createNameRegistratorPerTxsAfter
generated.execution-specs.tests.eest.static.state_tests.stTransitionTest.createNameRegistratorPerTxsAtFiller.test.createNameRegistratorPerTxsAt
generated.execution-specs.tests.eest.static.state_tests.stTransitionTest.createNameRegistratorPerTxsBeforeFiller.test.createNameRegistratorPerTxsBefore
generated.execution-specs.tests.eest.static.state_tests.stTransitionTest.delegatecallAfterTransitionFiller.test.delegatecallAfterTransition
generated.execution-specs.tests.eest.static.state_tests.stTransitionTest.delegatecallAtTransitionFiller.test.delegatecallAtTransition
generated.execution-specs.tests.eest.static.state_tests.stTransitionTest.delegatecallBeforeTransitionFiller.test.delegatecallBeforeTransition
generated.execution-specs.tests.eest.static.state_tests.stWalletTest.dayLimitConstructionFiller.test.dayLimitConstruction
generated.execution-specs.tests.eest.static.state_tests.stWalletTest.dayLimitConstructionPartialFiller.test.dayLimitConstructionPartial
generated.execution-specs.tests.eest.static.state_tests.stWalletTest.multiOwnedConstructionCorrectFiller.test.multiOwnedConstructionCorrect
generated.execution-specs.tests.eest.static.state_tests.stWalletTest.multiOwnedConstructionNotEnoughGasPartialFiller.test.multiOwnedConstructionNotEnoughGasPartial
generated.execution-specs.tests.eest.static.state_tests.stWalletTest.multiOwnedRemoveOwnerByNonOwnerFiller.test.multiOwnedRemoveOwnerByNonOwner
generated.execution-specs.tests.eest.static.state_tests.stWalletTest.walletAddOwnerRemovePendingTransactionFiller.test.walletAddOwnerRemovePendingTransaction
generated.execution-specs.tests.eest.static.state_tests.stWalletTest.walletChangeOwnerRemovePendingTransactionFiller.test.walletChangeOwnerRemovePendingTransaction
generated.execution-specs.tests.eest.static.state_tests.stWalletTest.walletChangeRequirementRemovePendingTransactionFiller.test.walletChangeRequirementRemovePendingTransaction
generated.execution-specs.tests.eest.static.state_tests.stWalletTest.walletConfirmFiller.test.walletConfirm
generated.execution-specs.tests.eest.static.state_tests.stWalletTest.walletConstructionFiller.test.walletConstruction
generated.execution-specs.tests.eest.static.state_tests.stWalletTest.walletConstructionOOGFiller.test.walletConstructionOOG
generated.execution-specs.tests.eest.static.state_tests.stWalletTest.walletConstructionPartialFiller.test.walletConstructionPartial
generated.execution-specs.tests.eest.static.state_tests.stWalletTest.walletExecuteOverDailyLimitMultiOwnerFiller.test.walletExecuteOverDailyLimitMultiOwner
generated.execution-specs.tests.eest.static.state_tests.stWalletTest.walletExecuteOverDailyLimitOnlyOneOwnerFiller.test.walletExecuteOverDailyLimitOnlyOneOwner
generated.execution-specs.tests.eest.static.state_tests.stWalletTest.walletExecuteOverDailyLimitOnlyOneOwnerNewFiller.test.walletExecuteOverDailyLimitOnlyOneOwnerNew
generated.execution-specs.tests.eest.static.state_tests.stWalletTest.walletExecuteUnderDailyLimitFiller.test.walletExecuteUnderDailyLimit
generated.execution-specs.tests.eest.static.state_tests.stWalletTest.walletKillNotByOwnerFiller.test.walletKillNotByOwner
generated.execution-specs.tests.eest.static.state_tests.stWalletTest.walletKillToWalletFiller.test.walletKillToWallet
generated.execution-specs.tests.eest.static.state_tests.stWalletTest.walletRemoveOwnerRemovePendingTransactionFiller.test.walletRemoveOwnerRemovePendingTransaction
generated.execution-specs.tests.eest.static.state_tests.stZeroCallsRevert.ZeroValue_CALLCODE_OOGRevertFiller.test.ZeroValue_CALLCODE_OOGRevert
generated.execution-specs.tests.eest.static.state_tests.stZeroCallsRevert.ZeroValue_CALLCODE_ToEmpty_OOGRevert_ParisFiller.test.ZeroValue_CALLCODE_ToEmpty_OOGRevert_Paris
generated.execution-specs.tests.eest.static.state_tests.stZeroCallsRevert.ZeroValue_CALLCODE_ToNonZeroBalance_OOGRevertFiller.test.ZeroValue_CALLCODE_ToNonZeroBalance_OOGRevert
generated.execution-specs.tests.eest.static.state_tests.stZeroCallsRevert.ZeroValue_CALLCODE_ToOneStorageKey_OOGRevert_ParisFiller.test.ZeroValue_CALLCODE_ToOneStorageKey_OOGRevert_Paris
generated.execution-specs.tests.eest.static.state_tests.stZeroCallsRevert.ZeroValue_CALL_OOGRevertFiller.test.ZeroValue_CALL_OOGRevert
generated.execution-specs.tests.eest.static.state_tests.stZeroCallsRevert.ZeroValue_CALL_ToEmpty_OOGRevert_ParisFiller.test.ZeroValue_CALL_ToEmpty_OOGRevert_Paris
generated.execution-specs.tests.eest.static.state_tests.stZeroCallsRevert.ZeroValue_CALL_ToNonZeroBalance_OOGRevertFiller.test.ZeroValue_CALL_ToNonZeroBalance_OOGRevert
generated.execution-specs.tests.eest.static.state_tests.stZeroCallsRevert.ZeroValue_CALL_ToOneStorageKey_OOGRevert_ParisFiller.test.ZeroValue_CALL_ToOneStorageKey_OOGRevert_Paris
generated.execution-specs.tests.eest.static.state_tests.stZeroCallsRevert.ZeroValue_DELEGATECALL_OOGRevertFiller.test.ZeroValue_DELEGATECALL_OOGRevert
generated.execution-specs.tests.eest.static.state_tests.stZeroCallsRevert.ZeroValue_DELEGATECALL_ToEmpty_OOGRevert_ParisFiller.test.ZeroValue_DELEGATECALL_ToEmpty_OOGRevert_Paris
generated.execution-specs.tests.eest.static.state_tests.stZeroCallsRevert.ZeroValue_DELEGATECALL_ToNonZeroBalance_OOGRevertFiller.test.ZeroValue_DELEGATECALL_ToNonZeroBalance_OOGRevert
generated.execution-specs.tests.eest.static.state_tests.stZeroCallsRevert.ZeroValue_DELEGATECALL_ToOneStorageKey_OOGRevert_ParisFiller.test.ZeroValue_DELEGATECALL_ToOneStorageKey_OOGRevert_Paris
generated.execution-specs.tests.eest.static.state_tests.stZeroKnowledge.ecmul_1-2_2_28000_128Filler.test.ecmul_1_2_2_28000_128
generated.execution-specs.tests.eest.static.state_tests.stZeroKnowledge.ecmul_1-2_2_28000_96Filler.test.ecmul_1_2_2_28000_96
generated.execution-specs.tests.eest.static.state_tests.stZeroKnowledge.ecmul_1-2_340282366920938463463374607431768211456_21000_128Filler.test.ecmul_1_2_340282366920938463463374607431768211456_21000_128
generated.execution-specs.tests.eest.static.state_tests.stZeroKnowledge.ecmul_1-2_340282366920938463463374607431768211456_21000_80Filler.test.ecmul_1_2_340282366920938463463374607431768211456_21000_80
generated.execution-specs.tests.eest.static.state_tests.stZeroKnowledge.ecmul_1-2_340282366920938463463374607431768211456_21000_96Filler.test.ecmul_1_2_340282366920938463463374607431768211456_21000_96
generated.execution-specs.tests.eest.static.state_tests.stZeroKnowledge.ecmul_1-2_340282366920938463463374607431768211456_28000_128Filler.test.ecmul_1_2_340282366920938463463374607431768211456_28000_128
generated.execution-specs.tests.eest.static.state_tests.stZeroKnowledge.ecmul_1-2_340282366920938463463374607431768211456_28000_80Filler.test.ecmul_1_2_340282366920938463463374607431768211456_28000_80
generated.execution-specs.tests.eest.static.state_tests.stZeroKnowledge.ecmul_1-2_340282366920938463463374607431768211456_28000_96Filler.test.ecmul_1_2_340282366920938463463374607431768211456_28000_96
generated.execution-specs.tests.eest.static.state_tests.stZeroKnowledge.ecmul_1-2_5616_21000_128Filler.test.ecmul_1_2_5616_21000_128
generated.execution-specs.tests.eest.static.state_tests.stZeroKnowledge.ecmul_1-2_5616_21000_96Filler.test.ecmul_1_2_5616_21000_96
generated.execution-specs.tests.eest.static.state_tests.stZeroKnowledge.ecmul_1-2_5616_28000_128Filler.test.ecmul_1_2_5616_28000_128✖ test failed
generated.execution-specs.tests.eest.static.state_tests.stZeroKnowledge.ecmul_1-2_5617_21000_128Filler.test.ecmul_1_2_5617_21000_128
generated.execution-specs.tests.eest.static.state_tests.stZeroKnowledge.ecmul_1-2_5617_21000_96Filler.test.ecmul_1_2_5617_21000_96
generated.execution-specs.tests.eest.static.state_tests.stZeroKnowledge.ecmul_1-2_5617_28000_128Filler.test.ecmul_1_2_5617_28000_128
generated.execution-specs.tests.eest.static.state_tests.stZeroKnowledge.ecmul_1-2_5617_28000_96Filler.test.ecmul_1_2_5617_28000_96
generated.execution-specs.tests.eest.static.state_tests.stZeroKnowledge.ecmul_1-2_616_28000_96Filler.test.ecmul_1_2_616_28000_96
generated.execution-specs.tests.eest.static.state_tests.stZeroKnowledge.ecmul_1-2_9935_21000_128Filler.test.ecmul_1_2_9935_21000_128
generated.execution-specs.tests.eest.static.state_tests.stZeroKnowledge.ecmul_1-2_9935_21000_96Filler.test.ecmul_1_2_9935_21000_96
generated.execution-specs.tests.eest.static.state_tests.stZeroKnowledge.ecmul_1-2_9935_28000_128Filler.test.ecmul_1_2_9935_28000_128
generated.execution-specs.tests.eest.static.state_tests.stZeroKnowledge.ecmul_1-2_9935_28000_96Filler.test.ecmul_1_2_9935_28000_96
generated.execution-specs.tests.eest.static.state_tests.stZeroKnowledge.ecmul_1-2_9_21000_128Filler.test.ecmul_1_2_9_21000_128
generated.execution-specs.tests.eest.static.state_tests.stZeroKnowledge.ecmul_1-2_9_21000_96Filler.test.ecmul_1_2_9_21000_96
generated.execution-specs.tests.eest.static.state_tests.stZeroKnowledge.ecmul_1-2_9_28000_128Filler.test.ecmul_1_2_9_28000_128
generated.execution-specs.tests.eest.static.state_tests.stZeroKnowledge.ecmul_1-2_9_28000_96Filler.test.ecmul_1_2_9_28000_96
generated.execution-specs.tests.eest.static.state_tests.stZeroKnowledge.ecmul_1-3_0_21000_128Filler.test.ecmul_1_3_0_21000_128
generated.execution-specs.tests.eest.static.state_tests.stZeroKnowledge.ecmul_1-3_0_21000_64Filler.test.ecmul_1_3_0_21000_64
generated.execution-specs.tests.eest.static.state_tests.stZeroKnowledge.ecmul_1-3_0_21000_80Filler.test.ecmul_1_3_0_21000_80
generated.execution-specs.tests.eest.static.state_tests.stZeroKnowledge.ecmul_1-3_0_21000_96Filler.test.ecmul_1_3_0_21000_96
generated.execution-specs.tests.eest.static.state_tests.stZeroKnowledge.ecmul_1-3_0_28000_128Filler.test.ecmul_1_3_0_28000_128
generated.execution-specs.tests.eest.static.state_tests.stZeroKnowledge.ecmul_1-3_0_28000_64Filler.test.ecmul_1_3_0_28000_64
generated.execution-specs.tests.eest.static.state_tests.stZeroKnowledge.ecmul_1-3_0_28000_80_ParisFiller.test.ecmul_1_3_0_28000_80_Paris
generated.execution-specs.tests.eest.static.state_tests.stZeroKnowledge.ecmul_1-3_0_28000_96Filler.test.ecmul_1_3_0_28000_96
generated.execution-specs.tests.eest.static.state_tests.stZeroKnowledge.ecmul_1-3_1_21000_128Filler.test.ecmul_1_3_1_21000_128
generated.execution-specs.tests.eest.static.state_tests.stZeroKnowledge.ecmul_1-3_1_21000_96Filler.test.ecmul_1_3_1_21000_96
generated.execution-specs.tests.eest.static.state_tests.stZeroKnowledge.ecmul_1-3_1_28000_128Filler.test.ecmul_1_3_1_28000_128
generated.execution-specs.tests.eest.static.state_tests.stZeroKnowledge.ecmul_1-3_1_28000_96Filler.test.ecmul_1_3_1_28000_96
generated.execution-specs.tests.eest.static.state_tests.stZeroKnowledge.ecmul_1-3_2_21000_128Filler.test.ecmul_1_3_2_21000_128
generated.execution-specs.tests.eest.static.state_tests.stZeroKnowledge.ecmul_1-3_2_21000_96Filler.test.ecmul_1_3_2_21000_96
generated.execution-specs.tests.eest.static.state_tests.stZeroKnowledge.ecmul_1-3_2_28000_128Filler.test.ecmul_1_3_2_28000_128
generated.execution-specs.tests.eest.static.state_tests.stZeroKnowledge.ecmul_1-3_2_28000_96Filler.test.ecmul_1_3_2_28000_96
generated.execution-specs.tests.eest.static.state_tests.stZeroKnowledge.ecmul_1-3_340282366920938463463374607431768211456_21000_128Filler.test.ecmul_1_3_340282366920938463463374607431768211456_21000_128
generated.execution-specs.tests.eest.static.state_tests.stZeroKnowledge.ecmul_1-3_340282366920938463463374607431768211456_21000_80Filler.test.ecmul_1_3_340282366920938463463374607431768211456_21000_80
generated.execution-specs.tests.eest.static.state_tests.stZeroKnowledge.ecmul_1-3_340282366920938463463374607431768211456_21000_96Filler.test.ecmul_1_3_340282366920938463463374607431768211456_21000_96
generated.execution-specs.tests.eest.static.state_tests.stZeroKnowledge.ecmul_1-3_340282366920938463463374607431768211456_28000_128Filler.test.ecmul_1_3_340282366920938463463374607431768211456_28000_128
generated.execution-specs.tests.eest.static.state_tests.stZeroKnowledge.ecmul_1-3_340282366920938463463374607431768211456_28000_80Filler.test.ecmul_1_3_340282366920938463463374607431768211456_28000_80
generated.execution-specs.tests.eest.static.state_tests.stZeroKnowledge.ecmul_1-3_340282366920938463463374607431768211456_28000_96Filler.test.ecmul_1_3_340282366920938463463374607431768211456_28000_96
generated.execution-specs.tests.eest.static.state_tests.stZeroKnowledge.ecmul_1-3_5616_21000_128Filler.test.ecmul_1_3_5616_21000_128
generated.execution-specs.tests.eest.static.state_tests.stZeroKnowledge.ecmul_1-3_5616_21000_96Filler.test.ecmul_1_3_5616_21000_96
generated.execution-specs.tests.eest.static.state_tests.stZeroKnowledge.ecmul_1-3_5616_28000_128Filler.test.ecmul_1_3_5616_28000_128
generated.execution-specs.tests.eest.static.state_tests.stZeroKnowledge.ecmul_1-3_5616_28000_96Filler.test.ecmul_1_3_5616_28000_96
generated.execution-specs.tests.eest.static.state_tests.stZeroKnowledge.ecmul_1-3_5617_21000_128Filler.test.ecmul_1_3_5617_21000_128
generated.execution-specs.tests.eest.static.state_tests.stZeroKnowledge.ecmul_1-3_5617_21000_96Filler.test.ecmul_1_3_5617_21000_96
generated.execution-specs.tests.eest.static.state_tests.stZeroKnowledge.ecmul_1-3_5617_28000_128Filler.test.ecmul_1_3_5617_28000_128
generated.execution-specs.tests.eest.static.state_tests.stZeroKnowledge.ecmul_1-3_5617_28000_96Filler.test.ecmul_1_3_5617_28000_96
generated.execution-specs.tests.eest.static.state_tests.stZeroKnowledge.ecmul_1-3_9935_21000_128Filler.test.ecmul_1_3_9935_21000_128
generated.execution-specs.tests.eest.static.state_tests.stZeroKnowledge.ecmul_1-3_9935_21000_96Filler.test.ecmul_1_3_9935_21000_96
generated.execution-specs.tests.eest.static.state_tests.stZeroKnowledge.ecmul_1-3_9935_28000_128Filler.test.ecmul_1_3_9935_28000_128
generated.execution-specs.tests.eest.static.state_tests.stZeroKnowledge.ecmul_1-3_9935_28000_96Filler.test.ecmul_1_3_9935_28000_96
generated.execution-specs.tests.eest.static.state_tests.stZeroKnowledge.ecmul_1-3_9_21000_128Filler.test.ecmul_1_3_9_21000_128
generated.execution-specs.tests.eest.static.state_tests.stZeroKnowledge.ecmul_1-3_9_21000_96Filler.test.ecmul_1_3_9_21000_96
generated.execution-specs.tests.eest.static.state_tests.stZeroKnowledge.ecmul_1-3_9_28000_128Filler.test.ecmul_1_3_9_28000_128
generated.execution-specs.tests.eest.static.state_tests.stZeroKnowledge.ecmul_1-3_9_28000_96Filler.test.ecmul_1_3_9_28000_96
generated.execution-specs.tests.eest.static.state_tests.stZeroKnowledge.ecmul_7827-6598_0_21000_128Filler.test.ecmul_7827_6598_0_21000_128
generated.execution-specs.tests.eest.static.state_tests.stZeroKnowledge.ecmul_7827-6598_0_21000_64Filler.test.ecmul_7827_6598_0_21000_64
generated.execution-specs.tests.eest.static.state_tests.stZeroKnowledge.ecmul_7827-6598_0_21000_80Filler.test.ecmul_7827_6598_0_21000_80
generated.execution-specs.tests.eest.static.state_tests.stZeroKnowledge.ecmul_7827-6598_0_21000_96Filler.test.ecmul_7827_6598_0_21000_96
generated.execution-specs.tests.eest.static.state_tests.stZeroKnowledge.ecmul_7827-6598_0_28000_128Filler.test.ecmul_7827_6598_0_28000_128
generated.execution-specs.tests.eest.static.state_tests.stZeroKnowledge.ecmul_7827-6598_0_28000_64Filler.test.ecmul_7827_6598_0_28000_64
generated.execution-specs.tests.eest.static.state_tests.stZeroKnowledge.ecmul_7827-6598_0_28000_80Filler.test.ecmul_7827_6598_0_28000_80
generated.execution-specs.tests.eest.static.state_tests.stZeroKnowledge.ecmul_7827-6598_1456_21000_128Filler.test.ecmul_7827_6598_1456_21000_128
generated.execution-specs.tests.eest.static.state_tests.stZeroKnowledge.ecmul_7827-6598_1456_21000_80Filler.test.ecmul_7827_6598_1456_21000_80
generated.execution-specs.tests.eest.static.state_tests.stZeroKnowledge.ecmul_7827-6598_1456_21000_96Filler.test.ecmul_7827_6598_1456_21000_96
generated.execution-specs.tests.eest.static.state_tests.stZeroKnowledge.ecmul_7827-6598_1456_28000_128Filler.test.ecmul_7827_6598_1456_28000_128
generated.execution-specs.tests.eest.static.state_tests.stZeroKnowledge.ecmul_7827-6598_1456_28000_80Filler.test.ecmul_7827_6598_1456_28000_80
generated.execution-specs.tests.eest.static.state_tests.stZeroKnowledge.ecmul_7827-6598_1456_28000_96Filler.test.ecmul_7827_6598_1456_28000_96
generated.execution-specs.tests.eest.static.state_tests.stZeroKnowledge.ecmul_7827-6598_1_21000_128Filler.test.ecmul_7827_6598_1_21000_128
generated.execution-specs.tests.eest.static.state_tests.stZeroKnowledge.ecmul_7827-6598_1_21000_96Filler.test.ecmul_7827_6598_1_21000_96
generated.execution-specs.tests.eest.static.state_tests.stZeroKnowledge.ecmul_7827-6598_1_28000_128Filler.test.ecmul_7827_6598_1_28000_128
generated.execution-specs.tests.eest.static.state_tests.stZeroKnowledge.ecmul_7827-6598_1_28000_96Filler.test.ecmul_7827_6598_1_28000_96
generated.execution-specs.tests.eest.static.state_tests.stZeroKnowledge.ecmul_7827-6598_2_21000_128Filler.test.ecmul_7827_6598_2_21000_128
generated.execution-specs.tests.eest.static.state_tests.stZeroKnowledge.ecmul_7827-6598_2_21000_96Filler.test.ecmul_7827_6598_2_21000_96
generated.execution-specs.tests.eest.static.state_tests.stZeroKnowledge.ecmul_7827-6598_2_28000_128Filler.test.ecmul_7827_6598_2_28000_128
generated.execution-specs.tests.eest.static.state_tests.stZeroKnowledge.ecmul_7827-6598_2_28000_96Filler.test.ecmul_7827_6598_2_28000_96
generated.execution-specs.tests.eest.static.state_tests.stZeroKnowledge.ecmul_7827-6598_5616_21000_128Filler.test.ecmul_7827_6598_5616_21000_128
generated.execution-specs.tests.eest.static.state_tests.stZeroKnowledge.ecmul_7827-6598_5616_21000_96Filler.test.ecmul_7827_6598_5616_21000_96
generated.execution-specs.tests.eest.static.state_tests.stZeroKnowledge.ecmul_7827-6598_5616_28000_128Filler.test.ecmul_7827_6598_5616_28000_128
generated.execution-specs.tests.eest.static.state_tests.stZeroKnowledge.ecmul_7827-6598_5616_28000_96Filler.test.ecmul_7827_6598_5616_28000_96
generated.execution-specs.tests.eest.static.state_tests.stZeroKnowledge.ecmul_7827-6598_5617_21000_128Filler.test.ecmul_7827_6598_5617_21000_128
generated.execution-specs.tests.eest.static.state_tests.stZeroKnowledge.ecmul_7827-6598_5617_21000_96Filler.test.ecmul_7827_6598_5617_21000_96
generated.execution-specs.tests.eest.static.state_tests.stZeroKnowledge.ecmul_7827-6598_5617_28000_128Filler.test.ecmul_7827_6598_5617_28000_128
generated.execution-specs.tests.eest.static.state_tests.stZeroKnowledge.ecmul_7827-6598_5617_28000_96Filler.test.ecmul_7827_6598_5617_28000_96
generated.execution-specs.tests.eest.static.state_tests.stZeroKnowledge.ecmul_7827-6598_9935_21000_128Filler.test.ecmul_7827_6598_9935_21000_128
generated.execution-specs.tests.eest.static.state_tests.stZeroKnowledge.ecmul_7827-6598_9935_21000_96Filler.test.ecmul_7827_6598_9935_21000_96
generated.execution-specs.tests.eest.static.state_tests.stZeroKnowledge.ecmul_7827-6598_9935_28000_128Filler.test.ecmul_7827_6598_9935_28000_128
generated.execution-specs.tests.eest.static.state_tests.stZeroKnowledge.ecmul_7827-6598_9935_28000_96Filler.test.ecmul_7827_6598_9935_28000_96
generated.execution-specs.tests.eest.static.state_tests.stZeroKnowledge.ecmul_7827-6598_9_21000_128Filler.test.ecmul_7827_6598_9_21000_128
generated.execution-specs.tests.eest.static.state_tests.stZeroKnowledge.ecmul_7827-6598_9_21000_96Filler.test.ecmul_7827_6598_9_21000_96
generated.execution-specs.tests.eest.static.state_tests.stZeroKnowledge.ecmul_7827-6598_9_28000_128Filler.test.ecmul_7827_6598_9_28000_128
generated.execution-specs.tests.eest.static.state_tests.stZeroKnowledge.ecmul_7827-6598_9_28000_96Filler.test.ecmul_7827_6598_9_28000_96
generated.execution-specs.tests.eest.static.state_tests.stZeroKnowledge.ecpairing_bad_length_191Filler.test.ecpairing_bad_length_191
generated.execution-specs.tests.eest.static.state_tests.stZeroKnowledge.ecpairing_bad_length_193Filler.test.ecpairing_bad_length_193
generated.execution-specs.tests.eest.static.state_tests.stZeroKnowledge.ecpairing_empty_dataFiller.test.ecpairing_empty_data
generated.execution-specs.tests.eest.static.state_tests.stZeroKnowledge.ecpairing_empty_data_insufficient_gasFiller.test.ecpairing_empty_data_insufficient_gas
generated.execution-specs.tests.eest.static.state_tests.stZeroKnowledge.ecpairing_one_point_failFiller.test.ecpairing_one_point_fail
generated.execution-specs.tests.eest.static.state_tests.stZeroKnowledge.ecpairing_one_point_insufficient_gasFiller.test.ecpairing_one_point_insufficient_gas
generated.execution-specs.tests.eest.static.state_tests.stZeroKnowledge.ecpairing_one_point_not_in_subgroupFiller.test.ecpairing_one_point_not_in_subgroup
generated.execution-specs.tests.eest.static.state_tests.stZeroKnowledge.ecpairing_one_point_with_g1_zeroFiller.test.ecpairing_one_point_with_g1_zero
generated.execution-specs.tests.eest.static.state_tests.stZeroKnowledge.ecpairing_one_point_with_g2_zeroFiller.test.ecpairing_one_point_with_g2_zero
generated.execution-specs.tests.eest.static.state_tests.stZeroKnowledge.ecpairing_one_point_with_g2_zero_and_g1_invalidFiller.test.ecpairing_one_point_with_g2_zero_and_g1_invalid
generated.execution-specs.tests.eest.static.state_tests.stZeroKnowledge.ecpairing_perturb_g2_by_curve_orderFiller.test.ecpairing_perturb_g2_by_curve_order
generated.execution-specs.tests.eest.static.state_tests.stZeroKnowledge.ecpairing_perturb_g2_by_field_modulusFiller.test.ecpairing_perturb_g2_by_field_modulus
generated.execution-specs.tests.eest.static.state_tests.stZeroKnowledge.ecpairing_perturb_g2_by_field_modulus_againFiller.test.ecpairing_perturb_g2_by_field_modulus_again
generated.execution-specs.tests.eest.static.state_tests.stZeroKnowledge.ecpairing_perturb_g2_by_oneFiller.test.ecpairing_perturb_g2_by_one
generated.execution-specs.tests.eest.static.state_tests.stZeroKnowledge.ecpairing_perturb_zeropoint_by_curve_orderFiller.test.ecpairing_perturb_zeropoint_by_curve_order
generated.execution-specs.tests.eest.static.state_tests.stZeroKnowledge.ecpairing_perturb_zeropoint_by_field_modulusFiller.test.ecpairing_perturb_zeropoint_by_field_modulus
generated.execution-specs.tests.eest.static.state_tests.stZeroKnowledge.ecpairing_perturb_zeropoint_by_oneFiller.test.ecpairing_perturb_zeropoint_by_one
generated.execution-specs.tests.eest.static.state_tests.stZeroKnowledge.ecpairing_three_point_fail_1Filler.test.ecpairing_three_point_fail_1
generated.execution-specs.tests.eest.static.state_tests.stZeroKnowledge.ecpairing_three_point_match_1Filler.test.ecpairing_three_point_match_1
generated.execution-specs.tests.eest.static.state_tests.stZeroKnowledge.ecpairing_two_point_fail_1Filler.test.ecpairing_two_point_fail_1
generated.execution-specs.tests.eest.static.state_tests.stZeroKnowledge.ecpairing_two_point_fail_2Filler.test.ecpairing_two_point_fail_2
generated.execution-specs.tests.eest.static.state_tests.stZeroKnowledge.ecpairing_two_point_match_1Filler.test.ecpairing_two_point_match_1
generated.execution-specs.tests.eest.static.state_tests.stZeroKnowledge.ecpairing_two_point_match_2Filler.test.ecpairing_two_point_match_2
generated.execution-specs.tests.eest.static.state_tests.stZeroKnowledge.ecpairing_two_point_match_3Filler.test.ecpairing_two_point_match_3
generated.execution-specs.tests.eest.static.state_tests.stZeroKnowledge.ecpairing_two_point_match_4Filler.test.ecpairing_two_point_match_4
generated.execution-specs.tests.eest.static.state_tests.stZeroKnowledge.ecpairing_two_point_match_5Filler.test.ecpairing_two_point_match_5
generated.execution-specs.tests.eest.static.state_tests.stZeroKnowledge.ecpairing_two_point_oogFiller.test.ecpairing_two_point_oog test failed
generated.execution-specs.tests.eest.static.state_tests.stZeroKnowledge.ecpairing_two_points_with_one_g2_zeroFiller.test.ecpairing_two_points_with_one_g2_zero
generated.execution-specs.tests.eest.static.state_tests.stZeroKnowledge.pairingTestFiller.test.pairingTest
generated.execution-specs.tests.eest.static.state_tests.stZeroKnowledge.pointAddFiller.test.pointAdd
generated.execution-specs.tests.eest.static.state_tests.stZeroKnowledge.pointAddTruncFiller.test.pointAddTrunc
generated.execution-specs.tests.eest.static.state_tests.stZeroKnowledge.pointMulAdd2Filler.test.pointMulAdd2
generated.execution-specs.tests.eest.static.state_tests.stZeroKnowledge.pointMulAddFiller.test.pointMulAdd
generated.execution-specs.tests.eest.static.state_tests.stZeroKnowledge2.ecadd_0-0_0-0_21000_0Filler.test.ecadd_0_0_0_0_21000_0
generated.execution-specs.tests.eest.static.state_tests.stZeroKnowledge2.ecadd_0-0_0-0_21000_128Filler.test.ecadd_0_0_0_0_21000_128
generated.execution-specs.tests.eest.static.state_tests.stZeroKnowledge2.ecadd_0-0_0-0_21000_192Filler.test.ecadd_0_0_0_0_21000_192
generated.execution-specs.tests.eest.static.state_tests.stZeroKnowledge2.ecadd_0-0_0-0_21000_64Filler.test.ecadd_0_0_0_0_21000_64
generated.execution-specs.tests.eest.static.state_tests.stZeroKnowledge2.ecadd_0-0_0-0_21000_80_ParisFiller.test.ecadd_0_0_0_0_21000_80_Paris
generated.execution-specs.tests.eest.static.state_tests.stZeroKnowledge2.ecadd_0-0_0-0_25000_0Filler.test.ecadd_0_0_0_0_25000_0
generated.execution-specs.tests.eest.static.state_tests.stZeroKnowledge2.ecadd_0-0_0-0_25000_128Filler.test.ecadd_0_0_0_0_25000_128
generated.execution-specs.tests.eest.static.state_tests.stZeroKnowledge2.ecadd_0-0_0-0_25000_192Filler.test.ecadd_0_0_0_0_25000_192
generated.execution-specs.tests.eest.static.state_tests.stZeroKnowledge2.ecadd_0-0_0-0_25000_64Filler.test.ecadd_0_0_0_0_25000_64
generated.execution-specs.tests.eest.static.state_tests.stZeroKnowledge2.ecadd_0-0_0-0_25000_80Filler.test.ecadd_0_0_0_0_25000_80
generated.execution-specs.tests.eest.static.state_tests.stZeroKnowledge2.ecadd_0-0_1-2_21000_128Filler.test.ecadd_0_0_1_2_21000_128
generated.execution-specs.tests.eest.static.state_tests.stZeroKnowledge2.ecadd_0-0_1-2_21000_192Filler.test.ecadd_0_0_1_2_21000_192
generated.execution-specs.tests.eest.static.state_tests.stZeroKnowledge2.ecadd_0-0_1-2_25000_128Filler.test.ecadd_0_0_1_2_25000_128
generated.execution-specs.tests.eest.static.state_tests.stZeroKnowledge2.ecadd_0-0_1-2_25000_192Filler.test.ecadd_0_0_1_2_25000_192
generated.execution-specs.tests.eest.static.state_tests.stZeroKnowledge2.ecadd_0-0_1-3_21000_128Filler.test.ecadd_0_0_1_3_21000_128
generated.execution-specs.tests.eest.static.state_tests.stZeroKnowledge2.ecadd_0-0_1-3_25000_128Filler.test.ecadd_0_0_1_3_25000_128
generated.execution-specs.tests.eest.static.state_tests.stZeroKnowledge2.ecadd_0-3_1-2_21000_128Filler.test.ecadd_0_3_1_2_21000_128
generated.execution-specs.tests.eest.static.state_tests.stZeroKnowledge2.ecadd_0-3_1-2_25000_128Filler.test.ecadd_0_3_1_2_25000_128
generated.execution-specs.tests.eest.static.state_tests.stZeroKnowledge2.ecadd_1-2_0-0_21000_128Filler.test.ecadd_1_2_0_0_21000_128
generated.execution-specs.tests.eest.static.state_tests.stZeroKnowledge2.ecadd_1-2_0-0_21000_192Filler.test.ecadd_1_2_0_0_21000_192
generated.execution-specs.tests.eest.static.state_tests.stZeroKnowledge2.ecadd_1-2_0-0_21000_64Filler.test.ecadd_1_2_0_0_21000_64
generated.execution-specs.tests.eest.static.state_tests.stZeroKnowledge2.ecadd_1-2_0-0_25000_128Filler.test.ecadd_1_2_0_0_25000_128
generated.execution-specs.tests.eest.static.state_tests.stZeroKnowledge2.ecadd_1-2_0-0_25000_192Filler.test.ecadd_1_2_0_0_25000_192
generated.execution-specs.tests.eest.static.state_tests.stZeroKnowledge2.ecadd_1-2_0-0_25000_64Filler.test.ecadd_1_2_0_0_25000_64
generated.execution-specs.tests.eest.static.state_tests.stZeroKnowledge2.ecadd_1-2_1-2_21000_128Filler.test.ecadd_1_2_1_2_21000_128
generated.execution-specs.tests.eest.static.state_tests.stZeroKnowledge2.ecadd_1-2_1-2_21000_192Filler.test.ecadd_1_2_1_2_21000_192
generated.execution-specs.tests.eest.static.state_tests.stZeroKnowledge2.ecadd_1-2_1-2_25000_128Filler.test.ecadd_1_2_1_2_25000_128
generated.execution-specs.tests.eest.static.state_tests.stZeroKnowledge2.ecadd_1-2_1-2_25000_192Filler.test.ecadd_1_2_1_2_25000_192
generated.execution-specs.tests.eest.static.state_tests.stZeroKnowledge2.ecadd_1-3_0-0_21000_80Filler.test.ecadd_1_3_0_0_21000_80
generated.execution-specs.tests.eest.static.state_tests.stZeroKnowledge2.ecadd_1-3_0-0_25000_80_ParisFiller.test.ecadd_1_3_0_0_25000_80_Paris
generated.execution-specs.tests.eest.static.state_tests.stZeroKnowledge2.ecadd_1145-3932_1145-4651_21000_192Filler.test.ecadd_1145_3932_1145_4651_21000_192
generated.execution-specs.tests.eest.static.state_tests.stZeroKnowledge2.ecadd_1145-3932_1145-4651_25000_192Filler.test.ecadd_1145_3932_1145_4651_25000_192
generated.execution-specs.tests.eest.static.state_tests.stZeroKnowledge2.ecadd_1145-3932_2969-1336_21000_128Filler.test.ecadd_1145_3932_2969_1336_21000_128
generated.execution-specs.tests.eest.static.state_tests.stZeroKnowledge2.ecadd_1145-3932_2969-1336_25000_128Filler.test.ecadd_1145_3932_2969_1336_25000_128
generated.execution-specs.tests.eest.static.state_tests.stZeroKnowledge2.ecadd_6-9_19274124-124124_21000_128Filler.test.ecadd_6_9_19274124_124124_21000_128
generated.execution-specs.tests.eest.static.state_tests.stZeroKnowledge2.ecadd_6-9_19274124-124124_25000_128Filler.test.ecadd_6_9_19274124_124124_25000_128
generated.execution-specs.tests.eest.static.state_tests.stZeroKnowledge2.ecmul_0-0_0_21000_0Filler.test.ecmul_0_0_0_21000_0
generated.execution-specs.tests.eest.static.state_tests.stZeroKnowledge2.ecmul_0-0_0_21000_128Filler.test.ecmul_0_0_0_21000_128
generated.execution-specs.tests.eest.static.state_tests.stZeroKnowledge2.ecmul_0-0_0_21000_40Filler.test.ecmul_0_0_0_21000_40
generated.execution-specs.tests.eest.static.state_tests.stZeroKnowledge2.ecmul_0-0_0_21000_64Filler.test.ecmul_0_0_0_21000_64
generated.execution-specs.tests.eest.static.state_tests.stZeroKnowledge2.ecmul_0-0_0_21000_80Filler.test.ecmul_0_0_0_21000_80
generated.execution-specs.tests.eest.static.state_tests.stZeroKnowledge2.ecmul_0-0_0_21000_96Filler.test.ecmul_0_0_0_21000_96
generated.execution-specs.tests.eest.static.state_tests.stZeroKnowledge2.ecmul_0-0_0_28000_0Filler.test.ecmul_0_0_0_28000_0
generated.execution-specs.tests.eest.static.state_tests.stZeroKnowledge2.ecmul_0-0_0_28000_128Filler.test.ecmul_0_0_0_28000_128
generated.execution-specs.tests.eest.static.state_tests.stZeroKnowledge2.ecmul_0-0_0_28000_40Filler.test.ecmul_0_0_0_28000_40
generated.execution-specs.tests.eest.static.state_tests.stZeroKnowledge2.ecmul_0-0_0_28000_64Filler.test.ecmul_0_0_0_28000_64
generated.execution-specs.tests.eest.static.state_tests.stZeroKnowledge2.ecmul_0-0_0_28000_80Filler.test.ecmul_0_0_0_28000_80
generated.execution-specs.tests.eest.static.state_tests.stZeroKnowledge2.ecmul_0-0_0_28000_96Filler.test.ecmul_0_0_0_28000_96
generated.execution-specs.tests.eest.static.state_tests.stZeroKnowledge2.ecmul_0-0_1_21000_128Filler.test.ecmul_0_0_1_21000_128
generated.execution-specs.tests.eest.static.state_tests.stZeroKnowledge2.ecmul_0-0_1_21000_96Filler.test.ecmul_0_0_1_21000_96
generated.execution-specs.tests.eest.static.state_tests.stZeroKnowledge2.ecmul_0-0_1_28000_128Filler.test.ecmul_0_0_1_28000_128
generated.execution-specs.tests.eest.static.state_tests.stZeroKnowledge2.ecmul_0-0_1_28000_96Filler.test.ecmul_0_0_1_28000_96
generated.execution-specs.tests.eest.static.state_tests.stZeroKnowledge2.ecmul_0-0_2_21000_128Filler.test.ecmul_0_0_2_21000_128
generated.execution-specs.tests.eest.static.state_tests.stZeroKnowledge2.ecmul_0-0_2_21000_96Filler.test.ecmul_0_0_2_21000_96
generated.execution-specs.tests.eest.static.state_tests.stZeroKnowledge2.ecmul_0-0_2_28000_128Filler.test.ecmul_0_0_2_28000_128
generated.execution-specs.tests.eest.static.state_tests.stZeroKnowledge2.ecmul_0-0_2_28000_96Filler.test.ecmul_0_0_2_28000_96
generated.execution-specs.tests.eest.static.state_tests.stZeroKnowledge2.ecmul_0-0_340282366920938463463374607431768211456_21000_128Filler.test.ecmul_0_0_340282366920938463463374607431768211456_21000_128
generated.execution-specs.tests.eest.static.state_tests.stZeroKnowledge2.ecmul_0-0_340282366920938463463374607431768211456_21000_80Filler.test.ecmul_0_0_340282366920938463463374607431768211456_21000_80
generated.execution-specs.tests.eest.static.state_tests.stZeroKnowledge2.ecmul_0-0_340282366920938463463374607431768211456_21000_96Filler.test.ecmul_0_0_340282366920938463463374607431768211456_21000_96
generated.execution-specs.tests.eest.static.state_tests.stZeroKnowledge2.ecmul_0-0_340282366920938463463374607431768211456_28000_128Filler.test.ecmul_0_0_340282366920938463463374607431768211456_28000_128
generated.execution-specs.tests.eest.static.state_tests.stZeroKnowledge2.ecmul_0-0_340282366920938463463374607431768211456_28000_80Filler.test.ecmul_0_0_340282366920938463463374607431768211456_28000_80
generated.execution-specs.tests.eest.static.state_tests.stZeroKnowledge2.ecmul_0-0_340282366920938463463374607431768211456_28000_96Filler.test.ecmul_0_0_340282366920938463463374607431768211456_28000_96
generated.execution-specs.tests.eest.static.state_tests.stZeroKnowledge2.ecmul_0-0_5616_21000_128Filler.test.ecmul_0_0_5616_21000_128
generated.execution-specs.tests.eest.static.state_tests.stZeroKnowledge2.ecmul_0-0_5616_21000_96Filler.test.ecmul_0_0_5616_21000_96
generated.execution-specs.tests.eest.static.state_tests.stZeroKnowledge2.ecmul_0-0_5616_28000_128Filler.test.ecmul_0_0_5616_28000_128
generated.execution-specs.tests.eest.static.state_tests.stZeroKnowledge2.ecmul_0-0_5616_28000_96Filler.test.ecmul_0_0_5616_28000_96
generated.execution-specs.tests.eest.static.state_tests.stZeroKnowledge2.ecmul_0-0_5617_21000_128Filler.test.ecmul_0_0_5617_21000_128
generated.execution-specs.tests.eest.static.state_tests.stZeroKnowledge2.ecmul_0-0_5617_21000_96Filler.test.ecmul_0_0_5617_21000_96
generated.execution-specs.tests.eest.static.state_tests.stZeroKnowledge2.ecmul_0-0_5617_28000_128Filler.test.ecmul_0_0_5617_28000_128
generated.execution-specs.tests.eest.static.state_tests.stZeroKnowledge2.ecmul_0-0_5617_28000_96Filler.test.ecmul_0_0_5617_28000_96
generated.execution-specs.tests.eest.static.state_tests.stZeroKnowledge2.ecmul_0-0_9935_21000_128Filler.test.ecmul_0_0_9935_21000_128
generated.execution-specs.tests.eest.static.state_tests.stZeroKnowledge2.ecmul_0-0_9935_21000_96Filler.test.ecmul_0_0_9935_21000_96
generated.execution-specs.tests.eest.static.state_tests.stZeroKnowledge2.ecmul_0-0_9935_28000_128Filler.test.ecmul_0_0_9935_28000_128
generated.execution-specs.tests.eest.static.state_tests.stZeroKnowledge2.ecmul_0-0_9935_28000_96Filler.test.ecmul_0_0_9935_28000_96
generated.execution-specs.tests.eest.static.state_tests.stZeroKnowledge2.ecmul_0-0_9_21000_128Filler.test.ecmul_0_0_9_21000_128
generated.execution-specs.tests.eest.static.state_tests.stZeroKnowledge2.ecmul_0-0_9_21000_96Filler.test.ecmul_0_0_9_21000_96
generated.execution-specs.tests.eest.static.state_tests.stZeroKnowledge2.ecmul_0-0_9_28000_128Filler.test.ecmul_0_0_9_28000_128
generated.execution-specs.tests.eest.static.state_tests.stZeroKnowledge2.ecmul_0-0_9_28000_96Filler.test.ecmul_0_0_9_28000_96
generated.execution-specs.tests.eest.static.state_tests.stZeroKnowledge2.ecmul_0-3_0_21000_128Filler.test.ecmul_0_3_0_21000_128
generated.execution-specs.tests.eest.static.state_tests.stZeroKnowledge2.ecmul_0-3_0_21000_64Filler.test.ecmul_0_3_0_21000_64
generated.execution-specs.tests.eest.static.state_tests.stZeroKnowledge2.ecmul_0-3_0_21000_80Filler.test.ecmul_0_3_0_21000_80
generated.execution-specs.tests.eest.static.state_tests.stZeroKnowledge2.ecmul_0-3_0_21000_96Filler.test.ecmul_0_3_0_21000_96
generated.execution-specs.tests.eest.static.state_tests.stZeroKnowledge2.ecmul_0-3_0_28000_128Filler.test.ecmul_0_3_0_28000_128
generated.execution-specs.tests.eest.static.state_tests.stZeroKnowledge2.ecmul_0-3_0_28000_64Filler.test.ecmul_0_3_0_28000_64
generated.execution-specs.tests.eest.static.state_tests.stZeroKnowledge2.ecmul_0-3_0_28000_80Filler.test.ecmul_0_3_0_28000_80
generated.execution-specs.tests.eest.static.state_tests.stZeroKnowledge2.ecmul_0-3_0_28000_96Filler.test.ecmul_0_3_0_28000_96
generated.execution-specs.tests.eest.static.state_tests.stZeroKnowledge2.ecmul_0-3_1_21000_128Filler.test.ecmul_0_3_1_21000_128
generated.execution-specs.tests.eest.static.state_tests.stZeroKnowledge2.ecmul_0-3_1_21000_96Filler.test.ecmul_0_3_1_21000_96
generated.execution-specs.tests.eest.static.state_tests.stZeroKnowledge2.ecmul_0-3_1_28000_128Filler.test.ecmul_0_3_1_28000_128
generated.execution-specs.tests.eest.static.state_tests.stZeroKnowledge2.ecmul_0-3_1_28000_96Filler.test.ecmul_0_3_1_28000_96
generated.execution-specs.tests.eest.static.state_tests.stZeroKnowledge2.ecmul_0-3_2_21000_128Filler.test.ecmul_0_3_2_21000_128
generated.execution-specs.tests.eest.static.state_tests.stZeroKnowledge2.ecmul_0-3_2_21000_96Filler.test.ecmul_0_3_2_21000_96
generated.execution-specs.tests.eest.static.state_tests.stZeroKnowledge2.ecmul_0-3_2_28000_128Filler.test.ecmul_0_3_2_28000_128
generated.execution-specs.tests.eest.static.state_tests.stZeroKnowledge2.ecmul_0-3_2_28000_96Filler.test.ecmul_0_3_2_28000_96
generated.execution-specs.tests.eest.static.state_tests.stZeroKnowledge2.ecmul_0-3_340282366920938463463374607431768211456_21000_128Filler.test.ecmul_0_3_340282366920938463463374607431768211456_21000_128
generated.execution-specs.tests.eest.static.state_tests.stZeroKnowledge2.ecmul_0-3_340282366920938463463374607431768211456_21000_80Filler.test.ecmul_0_3_340282366920938463463374607431768211456_21000_80
generated.execution-specs.tests.eest.static.state_tests.stZeroKnowledge2.ecmul_0-3_340282366920938463463374607431768211456_21000_96Filler.test.ecmul_0_3_340282366920938463463374607431768211456_21000_96
generated.execution-specs.tests.eest.static.state_tests.stZeroKnowledge2.ecmul_0-3_340282366920938463463374607431768211456_28000_128Filler.test.ecmul_0_3_340282366920938463463374607431768211456_28000_128
generated.execution-specs.tests.eest.static.state_tests.stZeroKnowledge2.ecmul_0-3_340282366920938463463374607431768211456_28000_80Filler.test.ecmul_0_3_340282366920938463463374607431768211456_28000_80
generated.execution-specs.tests.eest.static.state_tests.stZeroKnowledge2.ecmul_0-3_340282366920938463463374607431768211456_28000_96Filler.test.ecmul_0_3_340282366920938463463374607431768211456_28000_96
generated.execution-specs.tests.eest.static.state_tests.stZeroKnowledge2.ecmul_0-3_5616_21000_128Filler.test.ecmul_0_3_5616_21000_128
generated.execution-specs.tests.eest.static.state_tests.stZeroKnowledge2.ecmul_0-3_5616_21000_96Filler.test.ecmul_0_3_5616_21000_96
generated.execution-specs.tests.eest.static.state_tests.stZeroKnowledge2.ecmul_0-3_5616_28000_128Filler.test.ecmul_0_3_5616_28000_128
generated.execution-specs.tests.eest.static.state_tests.stZeroKnowledge2.ecmul_0-3_5616_28000_96_ParisFiller.test.ecmul_0_3_5616_28000_96_Paris
generated.execution-specs.tests.eest.static.state_tests.stZeroKnowledge2.ecmul_0-3_5617_21000_128Filler.test.ecmul_0_3_5617_21000_128
generated.execution-specs.tests.eest.static.state_tests.stZeroKnowledge2.ecmul_0-3_5617_21000_96Filler.test.ecmul_0_3_5617_21000_96
generated.execution-specs.tests.eest.static.state_tests.stZeroKnowledge2.ecmul_0-3_5617_28000_128Filler.test.ecmul_0_3_5617_28000_128
generated.execution-specs.tests.eest.static.state_tests.stZeroKnowledge2.ecmul_0-3_5617_28000_96Filler.test.ecmul_0_3_5617_28000_96
generated.execution-specs.tests.eest.static.state_tests.stZeroKnowledge2.ecmul_0-3_9935_21000_128Filler.test.ecmul_0_3_9935_21000_128
generated.execution-specs.tests.eest.static.state_tests.stZeroKnowledge2.ecmul_0-3_9935_21000_96Filler.test.ecmul_0_3_9935_21000_96test failed
generated.execution-specs.tests.eest.static.state_tests.stZeroKnowledge2.ecmul_0-3_9935_28000_128Filler.test.ecmul_0_3_9935_28000_128
generated.execution-specs.tests.eest.static.state_tests.stZeroKnowledge2.ecmul_0-3_9935_28000_96Filler.test.ecmul_0_3_9935_28000_96
generated.execution-specs.tests.eest.static.state_tests.stZeroKnowledge2.ecmul_0-3_9_21000_128Filler.test.ecmul_0_3_9_21000_128
generated.execution-specs.tests.eest.static.state_tests.stZeroKnowledge2.ecmul_0-3_9_21000_96Filler.test.ecmul_0_3_9_21000_96
generated.execution-specs.tests.eest.static.state_tests.stZeroKnowledge2.ecmul_0-3_9_28000_128Filler.test.ecmul_0_3_9_28000_128
generated.execution-specs.tests.eest.static.state_tests.stZeroKnowledge2.ecmul_0-3_9_28000_96Filler.test.ecmul_0_3_9_28000_96
generated.execution-specs.tests.eest.static.state_tests.stZeroKnowledge2.ecmul_1-2_0_21000_128Filler.test.ecmul_1_2_0_21000_128
generated.execution-specs.tests.eest.static.state_tests.stZeroKnowledge2.ecmul_1-2_0_21000_64Filler.test.ecmul_1_2_0_21000_64
generated.execution-specs.tests.eest.static.state_tests.stZeroKnowledge2.ecmul_1-2_0_21000_80Filler.test.ecmul_1_2_0_21000_80
generated.execution-specs.tests.eest.static.state_tests.stZeroKnowledge2.ecmul_1-2_0_21000_96Filler.test.ecmul_1_2_0_21000_96
generated.execution-specs.tests.eest.static.state_tests.stZeroKnowledge2.ecmul_1-2_0_28000_128Filler.test.ecmul_1_2_0_28000_128
generated.execution-specs.tests.eest.static.state_tests.stZeroKnowledge2.ecmul_1-2_0_28000_64Filler.test.ecmul_1_2_0_28000_64
generated.execution-specs.tests.eest.static.state_tests.stZeroKnowledge2.ecmul_1-2_0_28000_80Filler.test.ecmul_1_2_0_28000_80
generated.execution-specs.tests.eest.static.state_tests.stZeroKnowledge2.ecmul_1-2_0_28000_96Filler.test.ecmul_1_2_0_28000_96
generated.execution-specs.tests.eest.static.state_tests.stZeroKnowledge2.ecmul_1-2_1_21000_128Filler.test.ecmul_1_2_1_21000_128
generated.execution-specs.tests.eest.static.state_tests.stZeroKnowledge2.ecmul_1-2_1_21000_96Filler.test.ecmul_1_2_1_21000_96
generated.execution-specs.tests.eest.static.state_tests.stZeroKnowledge2.ecmul_1-2_1_28000_128Filler.test.ecmul_1_2_1_28000_128
generated.execution-specs.tests.eest.static.state_tests.stZeroKnowledge2.ecmul_1-2_1_28000_96Filler.test.ecmul_1_2_1_28000_96
generated.execution-specs.tests.eest.static.state_tests.stZeroKnowledge2.ecmul_1-2_2_21000_128Filler.test.ecmul_1_2_2_21000_128
generated.execution-specs.tests.eest.static.state_tests.stZeroKnowledge2.ecmul_1-2_2_21000_96Filler.test.ecmul_1_2_2_21000_96
test failed
✖ crashed with signal 11
