
 [44m[37m RUN [0m [90mv0.15.1[0m
 [36m›~/guillotine[0m

expected 68640, found 55560
expected 1, found 0
RETURN: addr={ 0, 0, 0, 0, 0, 0, 0, 0, 0, 0, 0, 0, 0, 0, 0, 0, 0, 0, 222, 173 } success=true gas_left=6156295
RETURN: addr={ 0, 0, 0, 0, 0, 0, 0, 0, 0, 0, 0, 0, 0, 0, 0, 0, 0, 0, 222, 173 } success=true gas_left=6156295
RETURN: addr={ 201, 79, 83, 116, 252, 229, 237, 188, 142, 42, 134, 151, 193, 83, 49, 103, 126, 110, 191, 11 } success=false gas_left=8616589
TRANSFER: from={ 217, 79, 83, 116, 252, 229, 237, 188, 142, 42, 134, 151, 193, 83, 49, 103, 126, 110, 191, 11 } to={ 50, 244, 213, 65, 155, 65, 230, 136, 124, 202, 152, 224, 148, 63, 20, 26, 92, 102, 223, 152 } value=588830575 (caller_bal=1590141097900710195 callee_bal=0)
RETURN: addr={ 201, 79, 83, 116, 252, 229, 237, 188, 142, 42, 134, 151, 193, 83, 49, 103, 126, 110, 191, 11 } success=false gas_left=8280177
TRANSFER: from={ 217, 79, 83, 116, 252, 229, 237, 188, 142, 42, 134, 151, 193, 83, 49, 103, 126, 110, 191, 11 } to={ 50, 244, 213, 65, 155, 65, 230, 136, 124, 202, 152, 224, 148, 63, 20, 26, 92, 102, 223, 152 } value=588830575 (caller_bal=1590141097311879620 callee_bal=588830575)
RETURN: addr={ 201, 79, 83, 116, 252, 229, 237, 188, 142, 42, 134, 151, 193, 83, 49, 103, 126, 110, 191, 11 } success=false gas_left=7983230
TRANSFER: from={ 217, 79, 83, 116, 252, 229, 237, 188, 142, 42, 134, 151, 193, 83, 49, 103, 126, 110, 191, 11 } to={ 50, 244, 213, 65, 155, 65, 230, 136, 124, 202, 152, 224, 148, 63, 20, 26, 92, 102, 223, 152 } value=588830575 (caller_bal=1590141096723049045 callee_bal=1177661150)
RETURN: addr={ 201, 79, 83, 116, 252, 229, 237, 188, 142, 42, 134, 151, 193, 83, 49, 103, 126, 110, 191, 11 } success=false gas_left=7695489
TRANSFER: from={ 217, 79, 83, 116, 252, 229, 237, 188, 142, 42, 134, 151, 193, 83, 49, 103, 126, 110, 191, 11 } to={ 50, 244, 213, 65, 155, 65, 230, 136, 124, 202, 152, 224, 148, 63, 20, 26, 92, 102, 223, 152 } value=588830575 (caller_bal=1590141096134218470 callee_bal=1766491725)
RETURN: addr={ 201, 79, 83, 116, 252, 229, 237, 188, 142, 42, 134, 151, 193, 83, 49, 103, 126, 110, 191, 11 } success=false gas_left=7416670
TRANSFER: from={ 217, 79, 83, 116, 252, 229, 237, 188, 142, 42, 134, 151, 193, 83, 49, 103, 126, 110, 191, 11 } to={ 50, 244, 213, 65, 155, 65, 230, 136, 124, 202, 152, 224, 148, 63, 20, 26, 92, 102, 223, 152 } value=588830575 (caller_bal=1590141095545387895 callee_bal=2355322300)
RETURN: addr={ 201, 79, 83, 116, 252, 229, 237, 188, 142, 42, 134, 151, 193, 83, 49, 103, 126, 110, 191, 11 } success=false gas_left=7146495
TRANSFER: from={ 217, 79, 83, 116, 252, 229, 237, 188, 142, 42, 134, 151, 193, 83, 49, 103, 126, 110, 191, 11 } to={ 50, 244, 213, 65, 155, 65, 230, 136, 124, 202, 152, 224, 148, 63, 20, 26, 92, 102, 223, 152 } value=588830575 (caller_bal=1590141094956557320 callee_bal=2944152875)
RETURN: addr={ 201, 79, 83, 116, 252, 229, 237, 188, 142, 42, 134, 151, 193, 83, 49, 103, 126, 110, 191, 11 } success=false gas_left=6884698
TRANSFER: from={ 217, 79, 83, 116, 252, 229, 237, 188, 142, 42, 134, 151, 193, 83, 49, 103, 126, 110, 191, 11 } to={ 50, 244, 213, 65, 155, 65, 230, 136, 124, 202, 152, 224, 148, 63, 20, 26, 92, 102, 223, 152 } value=588830575 (caller_bal=1590141094367726745 callee_bal=3532983450)
RETURN: addr={ 201, 79, 83, 116, 252, 229, 237, 188, 142, 42, 134, 151, 193, 83, 49, 103, 126, 110, 191, 11 } success=false gas_left=6631018
TRANSFER: from={ 217, 79, 83, 116, 252, 229, 237, 188, 142, 42, 134, 151, 193, 83, 49, 103, 126, 110, 191, 11 } to={ 50, 244, 213, 65, 155, 65, 230, 136, 124, 202, 152, 224, 148, 63, 20, 26, 92, 102, 223, 152 } value=588830575 (caller_bal=1590141093778896170 callee_bal=4121814025)
RETURN: addr={ 201, 79, 83, 116, 252, 229, 237, 188, 142, 42, 134, 151, 193, 83, 49, 103, 126, 110, 191, 11 } success=false gas_left=6385203
RETURN: addr={ 201, 79, 83, 116, 252, 229, 237, 188, 142, 42, 134, 151, 193, 83, 49, 103, 126, 110, 191, 11 } success=true gas_left=35771
expected 0, found 1
RETURN: addr={ 16, 0, 0, 0, 0, 0, 0, 0, 0, 0, 0, 0, 0, 0, 0, 0, 0, 0, 0, 1 } success=true gas_left=5997
TRANSFER: from={ 16, 0, 0, 0, 0, 0, 0, 0, 0, 0, 0, 0, 0, 0, 0, 0, 0, 0, 0, 0 } to={ 16, 0, 0, 0, 0, 0, 0, 0, 0, 0, 0, 0, 0, 0, 0, 0, 0, 0, 0, 1 } value=1 (caller_bal=1000000000000000000 callee_bal=1000000000000000000)
TRANSFER: from={ 16, 0, 0, 0, 0, 0, 0, 0, 0, 0, 0, 0, 0, 0, 0, 0, 0, 0, 0, 1 } to={ 16, 0, 0, 0, 0, 0, 0, 0, 0, 0, 0, 0, 0, 0, 0, 0, 0, 0, 0, 2 } value=2 (caller_bal=1000000000000000001 callee_bal=0)
RETURN: addr={ 16, 0, 0, 0, 0, 0, 0, 0, 0, 0, 0, 0, 0, 0, 0, 0, 0, 0, 0, 2 } success=true gas_left=75459
RETURN: addr={ 16, 0, 0, 0, 0, 0, 0, 0, 0, 0, 0, 0, 0, 0, 0, 0, 0, 0, 0, 1 } success=true gas_left=141695
RETURN: addr={ 16, 0, 0, 0, 0, 0, 0, 0, 0, 0, 0, 0, 0, 0, 0, 0, 0, 0, 0, 1 } success=true gas_left=103010
TRANSFER: from={ 16, 0, 0, 0, 0, 0, 0, 0, 0, 0, 0, 0, 0, 0, 0, 0, 0, 0, 0, 0 } to={ 16, 0, 0, 0, 0, 0, 0, 0, 0, 0, 0, 0, 0, 0, 0, 0, 0, 0, 0, 1 } value=20 (caller_bal=1000000000000000000 callee_bal=0)
TRANSFER: from={ 16, 0, 0, 0, 0, 0, 0, 0, 0, 0, 0, 0, 0, 0, 0, 0, 0, 0, 0, 1 } to={ 16, 0, 0, 0, 0, 0, 0, 0, 0, 0, 0, 0, 0, 0, 0, 0, 0, 0, 0, 2 } value=10 (caller_bal=20 callee_bal=0)
RETURN: addr={ 16, 0, 0, 0, 0, 0, 0, 0, 0, 0, 0, 0, 0, 0, 0, 0, 0, 0, 0, 1 } success=true gas_left=166330
RETURN: addr={ 16, 0, 0, 0, 0, 0, 0, 0, 0, 0, 0, 0, 0, 0, 0, 0, 0, 0, 0, 2 } success=true gas_left=27894
RETURN: addr={ 16, 0, 0, 0, 0, 0, 0, 0, 0, 0, 0, 0, 0, 0, 0, 0, 0, 0, 0, 1 } success=true gas_left=98127
TRANSFER: from={ 16, 0, 0, 0, 0, 0, 0, 0, 0, 0, 0, 0, 0, 0, 0, 0, 0, 0, 0, 0 } to={ 16, 0, 0, 0, 0, 0, 0, 0, 0, 0, 0, 0, 0, 0, 0, 0, 0, 0, 0, 1 } value=1 (caller_bal=1000000000000000000 callee_bal=1000000000000000000)
TRANSFER: from={ 16, 0, 0, 0, 0, 0, 0, 0, 0, 0, 0, 0, 0, 0, 0, 0, 0, 0, 0, 1 } to={ 16, 0, 0, 0, 0, 0, 0, 0, 0, 0, 0, 0, 0, 0, 0, 0, 0, 0, 0, 2 } value=2 (caller_bal=1000000000000000001 callee_bal=1000000000000000000)
TRANSFER: from={ 16, 0, 0, 0, 0, 0, 0, 0, 0, 0, 0, 0, 0, 0, 0, 0, 0, 0, 0, 2 } to={ 16, 0, 0, 0, 0, 0, 0, 0, 0, 0, 0, 0, 0, 0, 0, 0, 0, 0, 0, 3 } value=3 (caller_bal=1000000000000000002 callee_bal=0)
RETURN: addr={ 16, 0, 0, 0, 0, 0, 0, 0, 0, 0, 0, 0, 0, 0, 0, 0, 0, 0, 0, 3 } success=true gas_left=75459
RETURN: addr={ 16, 0, 0, 0, 0, 0, 0, 0, 0, 0, 0, 0, 0, 0, 0, 0, 0, 0, 0, 2 } success=true gas_left=91695
RETURN: addr={ 16, 0, 0, 0, 0, 0, 0, 0, 0, 0, 0, 0, 0, 0, 0, 0, 0, 0, 0, 1 } success=true gas_left=107931
RETURN: addr={ 16, 0, 0, 0, 0, 0, 0, 0, 0, 0, 0, 0, 0, 0, 0, 0, 0, 0, 0, 2 } success=true gas_left=173030
RETURN: addr={ 16, 0, 0, 0, 0, 0, 0, 0, 0, 0, 0, 0, 0, 0, 0, 0, 0, 0, 0, 1 } success=true gas_left=348266
RETURN: addr={ 16, 0, 0, 0, 0, 0, 0, 0, 0, 0, 0, 0, 0, 0, 0, 0, 0, 0, 0, 3 } success=true gas_left=377894
RETURN: addr={ 16, 0, 0, 0, 0, 0, 0, 0, 0, 0, 0, 0, 0, 0, 0, 0, 0, 0, 0, 2 } success=true gas_left=553130
RETURN: addr={ 16, 0, 0, 0, 0, 0, 0, 0, 0, 0, 0, 0, 0, 0, 0, 0, 0, 0, 0, 1 } success=true gas_left=173030
RETURN: addr={ 16, 0, 0, 0, 0, 0, 0, 0, 0, 0, 0, 0, 0, 0, 0, 0, 0, 0, 0, 3 } success=true gas_left=27894
RETURN: addr={ 16, 0, 0, 0, 0, 0, 0, 0, 0, 0, 0, 0, 0, 0, 0, 0, 0, 0, 0, 2 } success=true gas_left=48127
RETURN: addr={ 16, 0, 0, 0, 0, 0, 0, 0, 0, 0, 0, 0, 0, 0, 0, 0, 0, 0, 0, 1 } success=true gas_left=73363
RETURN: addr={ 16, 0, 0, 0, 0, 0, 0, 0, 0, 0, 0, 0, 0, 0, 0, 0, 0, 0, 0, 2 } success=true gas_left=94997
RETURN: addr={ 16, 0, 0, 0, 0, 0, 0, 0, 0, 0, 0, 0, 0, 0, 0, 0, 0, 0, 0, 1 } success=true gas_left=120233
RETURN: addr={ 16, 0, 0, 0, 0, 0, 0, 0, 0, 0, 0, 0, 0, 0, 0, 0, 0, 0, 0, 1 } success=true gas_left=2
RETURN: addr={ 16, 0, 0, 0, 0, 0, 0, 0, 0, 0, 0, 0, 0, 0, 0, 0, 0, 0, 0, 1 } success=true gas_left=10
RETURN: addr={ 16, 0, 0, 0, 0, 0, 0, 0, 0, 0, 0, 0, 0, 0, 0, 0, 0, 0, 0, 1 } success=true gas_left=19
RETURN: addr={ 16, 0, 0, 0, 0, 0, 0, 0, 0, 0, 0, 0, 0, 0, 0, 0, 0, 0, 0, 1 } success=true gas_left=28
RETURN: addr={ 16, 0, 0, 0, 0, 0, 0, 0, 0, 0, 0, 0, 0, 0, 0, 0, 0, 0, 0, 1 } success=true gas_left=37
RETURN: addr={ 16, 0, 0, 0, 0, 0, 0, 0, 0, 0, 0, 0, 0, 0, 0, 0, 0, 0, 0, 1 } success=true gas_left=47
expected 1, found 0
TRANSFER: from={ 16, 0, 0, 0, 0, 0, 0, 0, 0, 0, 0, 0, 0, 0, 0, 0, 0, 0, 0, 0 } to={ 16, 0, 0, 0, 0, 0, 0, 0, 0, 0, 0, 0, 0, 0, 0, 0, 0, 0, 0, 1 } value=1 (caller_bal=1000000000000000000 callee_bal=1000000000000000000)
TRANSFER: from={ 16, 0, 0, 0, 0, 0, 0, 0, 0, 0, 0, 0, 0, 0, 0, 0, 0, 0, 0, 1 } to={ 16, 0, 0, 0, 0, 0, 0, 0, 0, 0, 0, 0, 0, 0, 0, 0, 0, 0, 0, 2 } value=2 (caller_bal=1000000000000000001 callee_bal=1000000000000000000)
RETURN: addr={ 16, 0, 0, 0, 0, 0, 0, 0, 0, 0, 0, 0, 0, 0, 0, 0, 0, 0, 0, 3 } success=true gas_left=75459
RETURN: addr={ 16, 0, 0, 0, 0, 0, 0, 0, 0, 0, 0, 0, 0, 0, 0, 0, 0, 0, 0, 2 } success=true gas_left=91695
RETURN: addr={ 16, 0, 0, 0, 0, 0, 0, 0, 0, 0, 0, 0, 0, 0, 0, 0, 0, 0, 0, 1 } success=true gas_left=107931
expected 91343852333181432387730302044767688728495783938, found 0
RETURN: addr={ 16, 0, 0, 0, 0, 0, 0, 0, 0, 0, 0, 0, 0, 0, 0, 0, 0, 0, 0, 2 } success=true gas_left=173030
RETURN: addr={ 16, 0, 0, 0, 0, 0, 0, 0, 0, 0, 0, 0, 0, 0, 0, 0, 0, 0, 0, 1 } success=true gas_left=348266
RETURN: addr={ 16, 0, 0, 0, 0, 0, 0, 0, 0, 0, 0, 0, 0, 0, 0, 0, 0, 0, 0, 3 } success=true gas_left=377894
RETURN: addr={ 16, 0, 0, 0, 0, 0, 0, 0, 0, 0, 0, 0, 0, 0, 0, 0, 0, 0, 0, 2 } success=true gas_left=553130
RETURN: addr={ 16, 0, 0, 0, 0, 0, 0, 0, 0, 0, 0, 0, 0, 0, 0, 0, 0, 0, 0, 1 } success=true gas_left=173030
RETURN: addr={ 16, 0, 0, 0, 0, 0, 0, 0, 0, 0, 0, 0, 0, 0, 0, 0, 0, 0, 0, 3 } success=true gas_left=27894
RETURN: addr={ 16, 0, 0, 0, 0, 0, 0, 0, 0, 0, 0, 0, 0, 0, 0, 0, 0, 0, 0, 2 } success=true gas_left=48127
RETURN: addr={ 16, 0, 0, 0, 0, 0, 0, 0, 0, 0, 0, 0, 0, 0, 0, 0, 0, 0, 0, 1 } success=true gas_left=73363
expected 0, found 1
RETURN: addr={ 16, 0, 0, 0, 0, 0, 0, 0, 0, 0, 0, 0, 0, 0, 0, 0, 0, 0, 0, 2 } success=true gas_left=94997
RETURN: addr={ 16, 0, 0, 0, 0, 0, 0, 0, 0, 0, 0, 0, 0, 0, 0, 0, 0, 0, 0, 1 } success=true gas_left=120233
RETURN: addr={ 16, 0, 0, 0, 0, 0, 0, 0, 0, 0, 0, 0, 0, 0, 0, 0, 0, 0, 0, 1 } success=true gas_left=2
RETURN: addr={ 16, 0, 0, 0, 0, 0, 0, 0, 0, 0, 0, 0, 0, 0, 0, 0, 0, 0, 0, 1 } success=true gas_left=10
RETURN: addr={ 16, 0, 0, 0, 0, 0, 0, 0, 0, 0, 0, 0, 0, 0, 0, 0, 0, 0, 0, 1 } success=true gas_left=19
RETURN: addr={ 16, 0, 0, 0, 0, 0, 0, 0, 0, 0, 0, 0, 0, 0, 0, 0, 0, 0, 0, 1 } success=true gas_left=28
RETURN: addr={ 16, 0, 0, 0, 0, 0, 0, 0, 0, 0, 0, 0, 0, 0, 0, 0, 0, 0, 0, 1 } success=true gas_left=37
RETURN: addr={ 16, 0, 0, 0, 0, 0, 0, 0, 0, 0, 0, 0, 0, 0, 0, 0, 0, 0, 0, 1 } success=true gas_left=47
expected 1, found 0
TRANSFER: from={ 16, 0, 0, 0, 0, 0, 0, 0, 0, 0, 0, 0, 0, 0, 0, 0, 0, 0, 0, 0 } to={ 16, 0, 0, 0, 0, 0, 0, 0, 0, 0, 0, 0, 0, 0, 0, 0, 0, 0, 0, 1 } value=1 (caller_bal=1000000000000000000 callee_bal=1000000000000000000)
RETURN: addr={ 16, 0, 0, 0, 0, 0, 0, 0, 0, 0, 0, 0, 0, 0, 0, 0, 0, 0, 0, 2 } success=true gas_left=75459
RETURN: addr={ 16, 0, 0, 0, 0, 0, 0, 0, 0, 0, 0, 0, 0, 0, 0, 0, 0, 0, 0, 1 } success=true gas_left=141695
expected 1, found 0
RETURN: addr={ 16, 0, 0, 0, 0, 0, 0, 0, 0, 0, 0, 0, 0, 0, 0, 0, 0, 0, 0, 1 } success=true gas_left=173030
RETURN: addr={ 16, 0, 0, 0, 0, 0, 0, 0, 0, 0, 0, 0, 0, 0, 0, 0, 0, 0, 0, 2 } success=true gas_left=27894
RETURN: addr={ 16, 0, 0, 0, 0, 0, 0, 0, 0, 0, 0, 0, 0, 0, 0, 0, 0, 0, 0, 1 } success=true gas_left=98127
expected 0, found 1
TRANSFER: from={ 16, 0, 0, 0, 0, 0, 0, 0, 0, 0, 0, 0, 0, 0, 0, 0, 0, 0, 0, 0 } to={ 16, 0, 0, 0, 0, 0, 0, 0, 0, 0, 0, 0, 0, 0, 0, 0, 0, 0, 0, 1 } value=1 (caller_bal=1000000000000000000 callee_bal=1000000000000000000)
TRANSFER: from={ 16, 0, 0, 0, 0, 0, 0, 0, 0, 0, 0, 0, 0, 0, 0, 0, 0, 0, 0, 2 } to={ 16, 0, 0, 0, 0, 0, 0, 0, 0, 0, 0, 0, 0, 0, 0, 0, 0, 0, 0, 3 } value=3 (caller_bal=1000000000000000000 callee_bal=0)
RETURN: addr={ 16, 0, 0, 0, 0, 0, 0, 0, 0, 0, 0, 0, 0, 0, 0, 0, 0, 0, 0, 3 } success=true gas_left=75459
RETURN: addr={ 16, 0, 0, 0, 0, 0, 0, 0, 0, 0, 0, 0, 0, 0, 0, 0, 0, 0, 0, 2 } success=true gas_left=91695
RETURN: addr={ 16, 0, 0, 0, 0, 0, 0, 0, 0, 0, 0, 0, 0, 0, 0, 0, 0, 0, 0, 1 } success=true gas_left=107931
expected 1, found 0
RETURN: addr={ 16, 0, 0, 0, 0, 0, 0, 0, 0, 0, 0, 0, 0, 0, 0, 0, 0, 0, 0, 2 } success=true gas_left=173030
RETURN: addr={ 16, 0, 0, 0, 0, 0, 0, 0, 0, 0, 0, 0, 0, 0, 0, 0, 0, 0, 0, 1 } success=true gas_left=348266
expected 1, found 0
RETURN: addr={ 16, 0, 0, 0, 0, 0, 0, 0, 0, 0, 0, 0, 0, 0, 0, 0, 0, 0, 0, 3 } success=true gas_left=377894
RETURN: addr={ 16, 0, 0, 0, 0, 0, 0, 0, 0, 0, 0, 0, 0, 0, 0, 0, 0, 0, 0, 2 } success=true gas_left=553130
RETURN: addr={ 16, 0, 0, 0, 0, 0, 0, 0, 0, 0, 0, 0, 0, 0, 0, 0, 0, 0, 0, 1 } success=true gas_left=173030
RETURN: addr={ 16, 0, 0, 0, 0, 0, 0, 0, 0, 0, 0, 0, 0, 0, 0, 0, 0, 0, 0, 3 } success=true gas_left=27894
RETURN: addr={ 16, 0, 0, 0, 0, 0, 0, 0, 0, 0, 0, 0, 0, 0, 0, 0, 0, 0, 0, 2 } success=true gas_left=48127
RETURN: addr={ 16, 0, 0, 0, 0, 0, 0, 0, 0, 0, 0, 0, 0, 0, 0, 0, 0, 0, 0, 1 } success=true gas_left=73363
expected 10000000000, found 0
RETURN: addr={ 16, 0, 0, 0, 0, 0, 0, 0, 0, 0, 0, 0, 0, 0, 0, 0, 0, 0, 0, 2 } success=true gas_left=94997
RETURN: addr={ 16, 0, 0, 0, 0, 0, 0, 0, 0, 0, 0, 0, 0, 0, 0, 0, 0, 0, 0, 1 } success=true gas_left=120233
expected 10000000000, found 0
RETURN: addr={ 16, 0, 0, 0, 0, 0, 0, 0, 0, 0, 0, 0, 0, 0, 0, 0, 0, 0, 0, 1 } success=true gas_left=2
RETURN: addr={ 16, 0, 0, 0, 0, 0, 0, 0, 0, 0, 0, 0, 0, 0, 0, 0, 0, 0, 0, 1 } success=true gas_left=10
RETURN: addr={ 16, 0, 0, 0, 0, 0, 0, 0, 0, 0, 0, 0, 0, 0, 0, 0, 0, 0, 0, 1 } success=true gas_left=19
RETURN: addr={ 16, 0, 0, 0, 0, 0, 0, 0, 0, 0, 0, 0, 0, 0, 0, 0, 0, 0, 0, 1 } success=true gas_left=28
RETURN: addr={ 16, 0, 0, 0, 0, 0, 0, 0, 0, 0, 0, 0, 0, 0, 0, 0, 0, 0, 0, 1 } success=true gas_left=37
RETURN: addr={ 16, 0, 0, 0, 0, 0, 0, 0, 0, 0, 0, 0, 0, 0, 0, 0, 0, 0, 0, 1 } success=true gas_left=47
expected 1, found 0
TRANSFER: from={ 16, 0, 0, 0, 0, 0, 0, 0, 0, 0, 0, 0, 0, 0, 0, 0, 0, 0, 0, 0 } to={ 16, 0, 0, 0, 0, 0, 0, 0, 0, 0, 0, 0, 0, 0, 0, 0, 0, 0, 0, 1 } value=1 (caller_bal=1000000000000000000 callee_bal=1000000000000000000)
RETURN: addr={ 16, 0, 0, 0, 0, 0, 0, 0, 0, 0, 0, 0, 0, 0, 0, 0, 0, 0, 0, 3 } success=true gas_left=75459
RETURN: addr={ 16, 0, 0, 0, 0, 0, 0, 0, 0, 0, 0, 0, 0, 0, 0, 0, 0, 0, 0, 2 } success=true gas_left=91695
RETURN: addr={ 16, 0, 0, 0, 0, 0, 0, 0, 0, 0, 0, 0, 0, 0, 0, 0, 0, 0, 0, 1 } success=true gas_left=107931
expected 91343852333181432387730302044767688728495783937, found 0
RETURN: addr={ 16, 0, 0, 0, 0, 0, 0, 0, 0, 0, 0, 0, 0, 0, 0, 0, 0, 0, 0, 2 } success=true gas_left=173030
RETURN: addr={ 16, 0, 0, 0, 0, 0, 0, 0, 0, 0, 0, 0, 0, 0, 0, 0, 0, 0, 0, 1 } success=true gas_left=348266
expected 1, found 0
RETURN: addr={ 16, 0, 0, 0, 0, 0, 0, 0, 0, 0, 0, 0, 0, 0, 0, 0, 0, 0, 0, 3 } success=true gas_left=377894
RETURN: addr={ 16, 0, 0, 0, 0, 0, 0, 0, 0, 0, 0, 0, 0, 0, 0, 0, 0, 0, 0, 2 } success=true gas_left=553130
RETURN: addr={ 16, 0, 0, 0, 0, 0, 0, 0, 0, 0, 0, 0, 0, 0, 0, 0, 0, 0, 0, 1 } success=true gas_left=173030
RETURN: addr={ 16, 0, 0, 0, 0, 0, 0, 0, 0, 0, 0, 0, 0, 0, 0, 0, 0, 0, 0, 3 } success=true gas_left=27894
RETURN: addr={ 16, 0, 0, 0, 0, 0, 0, 0, 0, 0, 0, 0, 0, 0, 0, 0, 0, 0, 0, 2 } success=true gas_left=48127
RETURN: addr={ 16, 0, 0, 0, 0, 0, 0, 0, 0, 0, 0, 0, 0, 0, 0, 0, 0, 0, 0, 1 } success=true gas_left=73363
expected 10000000000, found 0
RETURN: addr={ 16, 0, 0, 0, 0, 0, 0, 0, 0, 0, 0, 0, 0, 0, 0, 0, 0, 0, 0, 2 } success=true gas_left=94997
RETURN: addr={ 16, 0, 0, 0, 0, 0, 0, 0, 0, 0, 0, 0, 0, 0, 0, 0, 0, 0, 0, 1 } success=true gas_left=120233
expected 10000000000, found 0
RETURN: addr={ 16, 0, 0, 0, 0, 0, 0, 0, 0, 0, 0, 0, 0, 0, 0, 0, 0, 0, 0, 1 } success=true gas_left=2
RETURN: addr={ 16, 0, 0, 0, 0, 0, 0, 0, 0, 0, 0, 0, 0, 0, 0, 0, 0, 0, 0, 1 } success=true gas_left=10
RETURN: addr={ 16, 0, 0, 0, 0, 0, 0, 0, 0, 0, 0, 0, 0, 0, 0, 0, 0, 0, 0, 1 } success=true gas_left=19
RETURN: addr={ 16, 0, 0, 0, 0, 0, 0, 0, 0, 0, 0, 0, 0, 0, 0, 0, 0, 0, 0, 1 } success=true gas_left=28
RETURN: addr={ 16, 0, 0, 0, 0, 0, 0, 0, 0, 0, 0, 0, 0, 0, 0, 0, 0, 0, 0, 1 } success=true gas_left=37
RETURN: addr={ 16, 0, 0, 0, 0, 0, 0, 0, 0, 0, 0, 0, 0, 0, 0, 0, 0, 0, 0, 1 } success=true gas_left=47
expected 1, found 0
RETURN: addr={ 148, 83, 4, 235, 150, 6, 91, 42, 152, 181, 122, 72, 160, 106, 226, 141, 40, 90, 113, 181 } success=true gas_left=80194
expected 1, found 0
RETURN: addr={ 16, 0, 0, 0, 0, 0, 0, 0, 0, 0, 0, 0, 0, 0, 0, 0, 0, 0, 0, 1 } success=true gas_left=977894
expected 37, found 48
TRANSFER: from={ 16, 0, 0, 0, 0, 0, 0, 0, 0, 0, 0, 0, 0, 0, 0, 0, 0, 0, 0, 1 } to={ 16, 0, 0, 0, 0, 0, 0, 0, 0, 0, 0, 0, 0, 0, 0, 0, 0, 0, 0, 2 } value=2 (caller_bal=1000000000000000000 callee_bal=0)
RETURN: addr={ 16, 0, 0, 0, 0, 0, 0, 0, 0, 0, 0, 0, 0, 0, 0, 0, 0, 0, 0, 2 } success=true gas_left=75459
RETURN: addr={ 16, 0, 0, 0, 0, 0, 0, 0, 0, 0, 0, 0, 0, 0, 0, 0, 0, 0, 0, 1 } success=true gas_left=141695
expected 1, found 0
RETURN: addr={ 16, 0, 0, 0, 0, 0, 0, 0, 0, 0, 0, 0, 0, 0, 0, 0, 0, 0, 0, 1 } success=true gas_left=173030
expected 1, found 0
RETURN: addr={ 16, 0, 0, 0, 0, 0, 0, 0, 0, 0, 0, 0, 0, 0, 0, 0, 0, 0, 0, 2 } success=true gas_left=27894
RETURN: addr={ 16, 0, 0, 0, 0, 0, 0, 0, 0, 0, 0, 0, 0, 0, 0, 0, 0, 0, 0, 1 } success=true gas_left=98127
expected 10000000000, found 0
TRANSFER: from={ 16, 0, 0, 0, 0, 0, 0, 0, 0, 0, 0, 0, 0, 0, 0, 0, 0, 0, 0, 1 } to={ 16, 0, 0, 0, 0, 0, 0, 0, 0, 0, 0, 0, 0, 0, 0, 0, 0, 0, 0, 2 } value=2 (caller_bal=1000000000000000000 callee_bal=1000000000000000000)
TRANSFER: from={ 16, 0, 0, 0, 0, 0, 0, 0, 0, 0, 0, 0, 0, 0, 0, 0, 0, 0, 0, 2 } to={ 16, 0, 0, 0, 0, 0, 0, 0, 0, 0, 0, 0, 0, 0, 0, 0, 0, 0, 0, 3 } value=3 (caller_bal=1000000000000000002 callee_bal=0)
RETURN: addr={ 16, 0, 0, 0, 0, 0, 0, 0, 0, 0, 0, 0, 0, 0, 0, 0, 0, 0, 0, 3 } success=true gas_left=75459
RETURN: addr={ 16, 0, 0, 0, 0, 0, 0, 0, 0, 0, 0, 0, 0, 0, 0, 0, 0, 0, 0, 2 } success=true gas_left=91695
RETURN: addr={ 16, 0, 0, 0, 0, 0, 0, 0, 0, 0, 0, 0, 0, 0, 0, 0, 0, 0, 0, 1 } success=true gas_left=107931
expected 1, found 0
RETURN: addr={ 16, 0, 0, 0, 0, 0, 0, 0, 0, 0, 0, 0, 0, 0, 0, 0, 0, 0, 0, 2 } success=true gas_left=173030
RETURN: addr={ 16, 0, 0, 0, 0, 0, 0, 0, 0, 0, 0, 0, 0, 0, 0, 0, 0, 0, 0, 1 } success=true gas_left=348266
expected 1, found 0
RETURN: addr={ 16, 0, 0, 0, 0, 0, 0, 0, 0, 0, 0, 0, 0, 0, 0, 0, 0, 0, 0, 3 } success=true gas_left=377894
RETURN: addr={ 16, 0, 0, 0, 0, 0, 0, 0, 0, 0, 0, 0, 0, 0, 0, 0, 0, 0, 0, 2 } success=true gas_left=553130
RETURN: addr={ 16, 0, 0, 0, 0, 0, 0, 0, 0, 0, 0, 0, 0, 0, 0, 0, 0, 0, 0, 1 } success=true gas_left=173030
expected 1, found 0
RETURN: addr={ 16, 0, 0, 0, 0, 0, 0, 0, 0, 0, 0, 0, 0, 0, 0, 0, 0, 0, 0, 3 } success=true gas_left=27894
RETURN: addr={ 16, 0, 0, 0, 0, 0, 0, 0, 0, 0, 0, 0, 0, 0, 0, 0, 0, 0, 0, 2 } success=true gas_left=48127
RETURN: addr={ 16, 0, 0, 0, 0, 0, 0, 0, 0, 0, 0, 0, 0, 0, 0, 0, 0, 0, 0, 1 } success=true gas_left=73363
expected 1, found 0
RETURN: addr={ 16, 0, 0, 0, 0, 0, 0, 0, 0, 0, 0, 0, 0, 0, 0, 0, 0, 0, 0, 2 } success=true gas_left=94997
RETURN: addr={ 16, 0, 0, 0, 0, 0, 0, 0, 0, 0, 0, 0, 0, 0, 0, 0, 0, 0, 0, 1 } success=true gas_left=120233
expected 1, found 0
RETURN: addr={ 16, 0, 0, 0, 0, 0, 0, 0, 0, 0, 0, 0, 0, 0, 0, 0, 0, 0, 0, 1 } success=true gas_left=2
RETURN: addr={ 16, 0, 0, 0, 0, 0, 0, 0, 0, 0, 0, 0, 0, 0, 0, 0, 0, 0, 0, 1 } success=true gas_left=10
RETURN: addr={ 16, 0, 0, 0, 0, 0, 0, 0, 0, 0, 0, 0, 0, 0, 0, 0, 0, 0, 0, 1 } success=true gas_left=19
RETURN: addr={ 16, 0, 0, 0, 0, 0, 0, 0, 0, 0, 0, 0, 0, 0, 0, 0, 0, 0, 0, 1 } success=true gas_left=28
RETURN: addr={ 16, 0, 0, 0, 0, 0, 0, 0, 0, 0, 0, 0, 0, 0, 0, 0, 0, 0, 0, 1 } success=true gas_left=37
RETURN: addr={ 16, 0, 0, 0, 0, 0, 0, 0, 0, 0, 0, 0, 0, 0, 0, 0, 0, 0, 0, 1 } success=true gas_left=47
expected 1, found 0
TRANSFER: from={ 16, 0, 0, 0, 0, 0, 0, 0, 0, 0, 0, 0, 0, 0, 0, 0, 0, 0, 0, 1 } to={ 16, 0, 0, 0, 0, 0, 0, 0, 0, 0, 0, 0, 0, 0, 0, 0, 0, 0, 0, 2 } value=2 (caller_bal=1000000000000000000 callee_bal=1000000000000000000)
RETURN: addr={ 16, 0, 0, 0, 0, 0, 0, 0, 0, 0, 0, 0, 0, 0, 0, 0, 0, 0, 0, 3 } success=true gas_left=75459
RETURN: addr={ 16, 0, 0, 0, 0, 0, 0, 0, 0, 0, 0, 0, 0, 0, 0, 0, 0, 0, 0, 2 } success=true gas_left=91695
RETURN: addr={ 16, 0, 0, 0, 0, 0, 0, 0, 0, 0, 0, 0, 0, 0, 0, 0, 0, 0, 0, 1 } success=true gas_left=107931
expected 1, found 0
RETURN: addr={ 16, 0, 0, 0, 0, 0, 0, 0, 0, 0, 0, 0, 0, 0, 0, 0, 0, 0, 0, 2 } success=true gas_left=173030
RETURN: addr={ 16, 0, 0, 0, 0, 0, 0, 0, 0, 0, 0, 0, 0, 0, 0, 0, 0, 0, 0, 1 } success=true gas_left=348266
expected 1, found 0
RETURN: addr={ 16, 0, 0, 0, 0, 0, 0, 0, 0, 0, 0, 0, 0, 0, 0, 0, 0, 0, 0, 3 } success=true gas_left=377894
RETURN: addr={ 16, 0, 0, 0, 0, 0, 0, 0, 0, 0, 0, 0, 0, 0, 0, 0, 0, 0, 0, 2 } success=true gas_left=553130
RETURN: addr={ 16, 0, 0, 0, 0, 0, 0, 0, 0, 0, 0, 0, 0, 0, 0, 0, 0, 0, 0, 1 } success=true gas_left=173030
expected 1, found 0
RETURN: addr={ 16, 0, 0, 0, 0, 0, 0, 0, 0, 0, 0, 0, 0, 0, 0, 0, 0, 0, 0, 3 } success=true gas_left=27894
RETURN: addr={ 16, 0, 0, 0, 0, 0, 0, 0, 0, 0, 0, 0, 0, 0, 0, 0, 0, 0, 0, 2 } success=true gas_left=48127
RETURN: addr={ 16, 0, 0, 0, 0, 0, 0, 0, 0, 0, 0, 0, 0, 0, 0, 0, 0, 0, 0, 1 } success=true gas_left=73363
expected 1, found 0
RETURN: addr={ 16, 0, 0, 0, 0, 0, 0, 0, 0, 0, 0, 0, 0, 0, 0, 0, 0, 0, 0, 2 } success=true gas_left=94997
RETURN: addr={ 16, 0, 0, 0, 0, 0, 0, 0, 0, 0, 0, 0, 0, 0, 0, 0, 0, 0, 0, 1 } success=true gas_left=120233
expected 1, found 0
RETURN: addr={ 16, 0, 0, 0, 0, 0, 0, 0, 0, 0, 0, 0, 0, 0, 0, 0, 0, 0, 0, 1 } success=true gas_left=2
RETURN: addr={ 16, 0, 0, 0, 0, 0, 0, 0, 0, 0, 0, 0, 0, 0, 0, 0, 0, 0, 0, 1 } success=true gas_left=10
RETURN: addr={ 16, 0, 0, 0, 0, 0, 0, 0, 0, 0, 0, 0, 0, 0, 0, 0, 0, 0, 0, 1 } success=true gas_left=19
RETURN: addr={ 16, 0, 0, 0, 0, 0, 0, 0, 0, 0, 0, 0, 0, 0, 0, 0, 0, 0, 0, 1 } success=true gas_left=28
RETURN: addr={ 16, 0, 0, 0, 0, 0, 0, 0, 0, 0, 0, 0, 0, 0, 0, 0, 0, 0, 0, 1 } success=true gas_left=37
RETURN: addr={ 16, 0, 0, 0, 0, 0, 0, 0, 0, 0, 0, 0, 0, 0, 0, 0, 0, 0, 0, 1 } success=true gas_left=47
expected 1, found 0
RETURN: addr={ 16, 0, 0, 0, 0, 0, 0, 0, 0, 0, 0, 0, 0, 0, 0, 0, 0, 0, 0, 2 } success=true gas_left=75459
RETURN: addr={ 16, 0, 0, 0, 0, 0, 0, 0, 0, 0, 0, 0, 0, 0, 0, 0, 0, 0, 0, 1 } success=true gas_left=141695
expected 1, found 0
RETURN: addr={ 16, 0, 0, 0, 0, 0, 0, 0, 0, 0, 0, 0, 0, 0, 0, 0, 0, 0, 0, 1 } success=true gas_left=173030
expected 1, found 0
RETURN: addr={ 16, 0, 0, 0, 0, 0, 0, 0, 0, 0, 0, 0, 0, 0, 0, 0, 0, 0, 0, 2 } success=true gas_left=27894
RETURN: addr={ 16, 0, 0, 0, 0, 0, 0, 0, 0, 0, 0, 0, 0, 0, 0, 0, 0, 0, 0, 1 } success=true gas_left=98127
expected 10000000000, found 0
TRANSFER: from={ 16, 0, 0, 0, 0, 0, 0, 0, 0, 0, 0, 0, 0, 0, 0, 0, 0, 0, 0, 2 } to={ 16, 0, 0, 0, 0, 0, 0, 0, 0, 0, 0, 0, 0, 0, 0, 0, 0, 0, 0, 3 } value=3 (caller_bal=1000000000000000000 callee_bal=0)
RETURN: addr={ 16, 0, 0, 0, 0, 0, 0, 0, 0, 0, 0, 0, 0, 0, 0, 0, 0, 0, 0, 3 } success=true gas_left=75459
RETURN: addr={ 16, 0, 0, 0, 0, 0, 0, 0, 0, 0, 0, 0, 0, 0, 0, 0, 0, 0, 0, 2 } success=true gas_left=91695
RETURN: addr={ 16, 0, 0, 0, 0, 0, 0, 0, 0, 0, 0, 0, 0, 0, 0, 0, 0, 0, 0, 1 } success=true gas_left=107931
expected 1, found 0
RETURN: addr={ 16, 0, 0, 0, 0, 0, 0, 0, 0, 0, 0, 0, 0, 0, 0, 0, 0, 0, 0, 2 } success=true gas_left=173030
RETURN: addr={ 16, 0, 0, 0, 0, 0, 0, 0, 0, 0, 0, 0, 0, 0, 0, 0, 0, 0, 0, 1 } success=true gas_left=348266
expected 1, found 0
RETURN: addr={ 16, 0, 0, 0, 0, 0, 0, 0, 0, 0, 0, 0, 0, 0, 0, 0, 0, 0, 0, 3 } success=true gas_left=377894
RETURN: addr={ 16, 0, 0, 0, 0, 0, 0, 0, 0, 0, 0, 0, 0, 0, 0, 0, 0, 0, 0, 2 } success=true gas_left=553130
RETURN: addr={ 16, 0, 0, 0, 0, 0, 0, 0, 0, 0, 0, 0, 0, 0, 0, 0, 0, 0, 0, 1 } success=true gas_left=173030
expected 1, found 0
RETURN: addr={ 16, 0, 0, 0, 0, 0, 0, 0, 0, 0, 0, 0, 0, 0, 0, 0, 0, 0, 0, 3 } success=true gas_left=27894
RETURN: addr={ 16, 0, 0, 0, 0, 0, 0, 0, 0, 0, 0, 0, 0, 0, 0, 0, 0, 0, 0, 2 } success=true gas_left=48127
RETURN: addr={ 16, 0, 0, 0, 0, 0, 0, 0, 0, 0, 0, 0, 0, 0, 0, 0, 0, 0, 0, 1 } success=true gas_left=73363
expected 1000000010000000000, found 20000000000
RETURN: addr={ 16, 0, 0, 0, 0, 0, 0, 0, 0, 0, 0, 0, 0, 0, 0, 0, 0, 0, 0, 2 } success=true gas_left=94997
RETURN: addr={ 16, 0, 0, 0, 0, 0, 0, 0, 0, 0, 0, 0, 0, 0, 0, 0, 0, 0, 0, 1 } success=true gas_left=120233
expected 0, found 1
RETURN: addr={ 16, 0, 0, 0, 0, 0, 0, 0, 0, 0, 0, 0, 0, 0, 0, 0, 0, 0, 0, 1 } success=true gas_left=2
RETURN: addr={ 16, 0, 0, 0, 0, 0, 0, 0, 0, 0, 0, 0, 0, 0, 0, 0, 0, 0, 0, 1 } success=true gas_left=10
RETURN: addr={ 16, 0, 0, 0, 0, 0, 0, 0, 0, 0, 0, 0, 0, 0, 0, 0, 0, 0, 0, 1 } success=true gas_left=19
RETURN: addr={ 16, 0, 0, 0, 0, 0, 0, 0, 0, 0, 0, 0, 0, 0, 0, 0, 0, 0, 0, 1 } success=true gas_left=28
RETURN: addr={ 16, 0, 0, 0, 0, 0, 0, 0, 0, 0, 0, 0, 0, 0, 0, 0, 0, 0, 0, 1 } success=true gas_left=37
RETURN: addr={ 16, 0, 0, 0, 0, 0, 0, 0, 0, 0, 0, 0, 0, 0, 0, 0, 0, 0, 0, 1 } success=true gas_left=47
expected 1, found 0
RETURN: addr={ 16, 0, 0, 0, 0, 0, 0, 0, 0, 0, 0, 0, 0, 0, 0, 0, 0, 0, 0, 3 } success=true gas_left=75459
RETURN: addr={ 16, 0, 0, 0, 0, 0, 0, 0, 0, 0, 0, 0, 0, 0, 0, 0, 0, 0, 0, 2 } success=true gas_left=91695
RETURN: addr={ 16, 0, 0, 0, 0, 0, 0, 0, 0, 0, 0, 0, 0, 0, 0, 0, 0, 0, 0, 1 } success=true gas_left=107931
expected 1, found 0
RETURN: addr={ 16, 0, 0, 0, 0, 0, 0, 0, 0, 0, 0, 0, 0, 0, 0, 0, 0, 0, 0, 2 } success=true gas_left=173030
RETURN: addr={ 16, 0, 0, 0, 0, 0, 0, 0, 0, 0, 0, 0, 0, 0, 0, 0, 0, 0, 0, 1 } success=true gas_left=348266
expected 1, found 0
RETURN: addr={ 16, 0, 0, 0, 0, 0, 0, 0, 0, 0, 0, 0, 0, 0, 0, 0, 0, 0, 0, 3 } success=true gas_left=377894
RETURN: addr={ 16, 0, 0, 0, 0, 0, 0, 0, 0, 0, 0, 0, 0, 0, 0, 0, 0, 0, 0, 2 } success=true gas_left=553130
RETURN: addr={ 16, 0, 0, 0, 0, 0, 0, 0, 0, 0, 0, 0, 0, 0, 0, 0, 0, 0, 0, 1 } success=true gas_left=173030
expected 1, found 0
RETURN: addr={ 16, 0, 0, 0, 0, 0, 0, 0, 0, 0, 0, 0, 0, 0, 0, 0, 0, 0, 0, 3 } success=true gas_left=27894
RETURN: addr={ 16, 0, 0, 0, 0, 0, 0, 0, 0, 0, 0, 0, 0, 0, 0, 0, 0, 0, 0, 2 } success=true gas_left=48127
RETURN: addr={ 16, 0, 0, 0, 0, 0, 0, 0, 0, 0, 0, 0, 0, 0, 0, 0, 0, 0, 0, 1 } success=true gas_left=73363
expected 1000000010000000000, found 20000000000
RETURN: addr={ 16, 0, 0, 0, 0, 0, 0, 0, 0, 0, 0, 0, 0, 0, 0, 0, 0, 0, 0, 2 } success=true gas_left=94997
RETURN: addr={ 16, 0, 0, 0, 0, 0, 0, 0, 0, 0, 0, 0, 0, 0, 0, 0, 0, 0, 0, 1 } success=true gas_left=120233
expected 0, found 1
RETURN: addr={ 16, 0, 0, 0, 0, 0, 0, 0, 0, 0, 0, 0, 0, 0, 0, 0, 0, 0, 0, 1 } success=true gas_left=2
RETURN: addr={ 16, 0, 0, 0, 0, 0, 0, 0, 0, 0, 0, 0, 0, 0, 0, 0, 0, 0, 0, 1 } success=true gas_left=10
RETURN: addr={ 16, 0, 0, 0, 0, 0, 0, 0, 0, 0, 0, 0, 0, 0, 0, 0, 0, 0, 0, 1 } success=true gas_left=19
RETURN: addr={ 16, 0, 0, 0, 0, 0, 0, 0, 0, 0, 0, 0, 0, 0, 0, 0, 0, 0, 0, 1 } success=true gas_left=28
RETURN: addr={ 16, 0, 0, 0, 0, 0, 0, 0, 0, 0, 0, 0, 0, 0, 0, 0, 0, 0, 0, 1 } success=true gas_left=37
RETURN: addr={ 16, 0, 0, 0, 0, 0, 0, 0, 0, 0, 0, 0, 0, 0, 0, 0, 0, 0, 0, 1 } success=true gas_left=47
expected 1, found 0
RETURN: addr={ 170, 174, 123, 174, 166, 166, 199, 196, 194, 223, 235, 151, 126, 250, 195, 38, 175, 85, 45, 135 } success=true gas_left=127888
RETURN: addr={ 170, 174, 123, 174, 166, 166, 199, 196, 194, 223, 235, 151, 126, 250, 195, 38, 175, 85, 45, 135 } success=true gas_left=127888
RETURN: addr={ 170, 174, 123, 174, 166, 166, 199, 196, 194, 223, 235, 151, 126, 250, 195, 38, 175, 85, 45, 135 } success=true gas_left=127888
RETURN: addr={ 170, 174, 123, 174, 166, 166, 199, 196, 194, 223, 235, 151, 126, 250, 195, 38, 175, 85, 45, 135 } success=true gas_left=127888
CALL FAILED: insufficient balance (caller={ 9, 94, 123, 174, 166, 166, 199, 196, 194, 223, 235, 151, 126, 250, 195, 38, 175, 85, 45, 135 } needs 100000000000000000000 has 1000000000000100000)
expected 1, found 0
CALL FAILED: insufficient balance (caller={ 9, 94, 123, 174, 166, 166, 199, 196, 194, 223, 235, 151, 126, 250, 195, 38, 175, 85, 45, 135 } needs 100001 has 100000)
expected 1, found 0
CALL FAILED: insufficient balance (caller={ 9, 94, 123, 174, 166, 166, 199, 196, 194, 223, 235, 151, 126, 250, 195, 38, 175, 85, 45, 135 } needs 1000000000000000001 has 1000000000000000000)
TRANSFER: from={ 9, 94, 123, 174, 166, 166, 199, 196, 194, 223, 235, 151, 126, 250, 195, 38, 175, 85, 45, 135 } to={ 148, 83, 4, 235, 150, 6, 91, 42, 152, 181, 122, 72, 160, 106, 226, 141, 40, 90, 113, 181 } value=1000000000000000000 (caller_bal=1000000000000000001 callee_bal=23)
RETURN: addr={ 170, 174, 123, 174, 166, 166, 199, 196, 194, 223, 235, 151, 126, 250, 195, 38, 175, 85, 45, 135 } success=true gas_left=127888
RETURN: addr={ 170, 174, 123, 174, 166, 166, 199, 196, 194, 223, 235, 151, 126, 250, 195, 38, 175, 85, 45, 135 } success=true gas_left=27888
RETURN: addr={ 170, 174, 123, 174, 166, 166, 199, 196, 194, 223, 235, 151, 126, 250, 195, 38, 175, 85, 45, 135 } success=true gas_left=127888
RETURN: addr={ 170, 174, 123, 174, 166, 166, 199, 196, 194, 223, 235, 151, 126, 250, 195, 38, 175, 85, 45, 135 } success=true gas_left=127888
RETURN: addr={ 148, 83, 4, 235, 150, 6, 91, 42, 152, 181, 122, 72, 160, 106, 226, 141, 40, 90, 113, 181 } success=true gas_left=2901127
RETURN: addr={ 148, 83, 4, 235, 150, 6, 91, 42, 152, 181, 122, 72, 160, 106, 226, 141, 40, 90, 113, 181 } success=true gas_left=30176
expected 1, found 0
expected 0, found 1000000000000000023
expected 0, found 1000000000000000000
expected 966588469268559010541288244128342317224451555083, found 0
expected 100000, found 0
expected 1, found 0
RETURN: addr={ 16, 0, 0, 0, 0, 0, 0, 0, 0, 0, 0, 0, 0, 0, 0, 0, 0, 0, 0, 3 } success=true gas_left=73159
RETURN: addr={ 16, 0, 0, 0, 0, 0, 0, 0, 0, 0, 0, 0, 0, 0, 0, 0, 0, 0, 0, 2 } success=true gas_left=103298
RETURN: addr={ 16, 0, 0, 0, 0, 0, 0, 0, 0, 0, 0, 0, 0, 0, 0, 0, 0, 0, 0, 1 } success=true gas_left=119534
expected 1, found 0
RETURN: addr={ 16, 0, 0, 0, 0, 0, 0, 0, 0, 0, 0, 0, 0, 0, 0, 0, 0, 0, 0, 2 } success=true gas_left=175633
RETURN: addr={ 16, 0, 0, 0, 0, 0, 0, 0, 0, 0, 0, 0, 0, 0, 0, 0, 0, 0, 0, 1 } success=true gas_left=350869
expected 1, found 0
RETURN: addr={ 16, 0, 0, 0, 0, 0, 0, 0, 0, 0, 0, 0, 0, 0, 0, 0, 0, 0, 0, 3 } success=true gas_left=377894
RETURN: addr={ 16, 0, 0, 0, 0, 0, 0, 0, 0, 0, 0, 0, 0, 0, 0, 0, 0, 0, 0, 2 } success=true gas_left=555733
RETURN: addr={ 16, 0, 0, 0, 0, 0, 0, 0, 0, 0, 0, 0, 0, 0, 0, 0, 0, 0, 0, 1 } success=true gas_left=173030
expected 1, found 0
RETURN: addr={ 16, 0, 0, 0, 0, 0, 0, 0, 0, 0, 0, 0, 0, 0, 0, 0, 0, 0, 0, 3 } success=true gas_left=27894
RETURN: addr={ 16, 0, 0, 0, 0, 0, 0, 0, 0, 0, 0, 0, 0, 0, 0, 0, 0, 0, 0, 2 } success=true gas_left=50730
RETURN: addr={ 16, 0, 0, 0, 0, 0, 0, 0, 0, 0, 0, 0, 0, 0, 0, 0, 0, 0, 0, 1 } success=true gas_left=75966
expected 0, found 1000000000000000000
RETURN: addr={ 16, 0, 0, 0, 0, 0, 0, 0, 0, 0, 0, 0, 0, 0, 0, 0, 0, 0, 0, 2 } success=true gas_left=94997
RETURN: addr={ 16, 0, 0, 0, 0, 0, 0, 0, 0, 0, 0, 0, 0, 0, 0, 0, 0, 0, 0, 1 } success=true gas_left=120233
expected 1000000000000000000, found 1000000010000000000
RETURN: addr={ 16, 0, 0, 0, 0, 0, 0, 0, 0, 0, 0, 0, 0, 0, 0, 0, 0, 0, 0, 2 } success=true gas_left=3
RETURN: addr={ 16, 0, 0, 0, 0, 0, 0, 0, 0, 0, 0, 0, 0, 0, 0, 0, 0, 0, 0, 2 } success=true gas_left=10
RETURN: addr={ 16, 0, 0, 0, 0, 0, 0, 0, 0, 0, 0, 0, 0, 0, 0, 0, 0, 0, 0, 2 } success=true gas_left=17
RETURN: addr={ 16, 0, 0, 0, 0, 0, 0, 0, 0, 0, 0, 0, 0, 0, 0, 0, 0, 0, 0, 2 } success=true gas_left=24
RETURN: addr={ 16, 0, 0, 0, 0, 0, 0, 0, 0, 0, 0, 0, 0, 0, 0, 0, 0, 0, 0, 2 } success=true gas_left=32
RETURN: addr={ 16, 0, 0, 0, 0, 0, 0, 0, 0, 0, 0, 0, 0, 0, 0, 0, 0, 0, 0, 2 } success=true gas_left=40
RETURN: addr={ 16, 0, 0, 0, 0, 0, 0, 0, 0, 0, 0, 0, 0, 0, 0, 0, 0, 0, 0, 2 } success=true gas_left=48
RETURN: addr={ 16, 0, 0, 0, 0, 0, 0, 0, 0, 0, 0, 0, 0, 0, 0, 0, 0, 0, 0, 2 } success=true gas_left=56
RETURN: addr={ 16, 0, 0, 0, 0, 0, 0, 0, 0, 0, 0, 0, 0, 0, 0, 0, 0, 0, 0, 2 } success=true gas_left=65
RETURN: addr={ 16, 0, 0, 0, 0, 0, 0, 0, 0, 0, 0, 0, 0, 0, 0, 0, 0, 0, 0, 2 } success=true gas_left=73
RETURN: addr={ 16, 0, 0, 0, 0, 0, 0, 0, 0, 0, 0, 0, 0, 0, 0, 0, 0, 0, 0, 2 } success=true gas_left=82
RETURN: addr={ 16, 0, 0, 0, 0, 0, 0, 0, 0, 0, 0, 0, 0, 0, 0, 0, 0, 0, 0, 2 } success=true gas_left=92
expected 1, found 0
RETURN: addr={ 16, 0, 0, 0, 0, 0, 0, 0, 0, 0, 0, 0, 0, 0, 0, 0, 0, 0, 0, 2 } success=true gas_left=73159
RETURN: addr={ 16, 0, 0, 0, 0, 0, 0, 0, 0, 0, 0, 0, 0, 0, 0, 0, 0, 0, 0, 1 } success=true gas_left=153298
expected 1, found 0
RETURN: addr={ 16, 0, 0, 0, 0, 0, 0, 0, 0, 0, 0, 0, 0, 0, 0, 0, 0, 0, 0, 1 } success=true gas_left=175633
expected 1, found 0
RETURN: addr={ 16, 0, 0, 0, 0, 0, 0, 0, 0, 0, 0, 0, 0, 0, 0, 0, 0, 0, 0, 2 } success=true gas_left=27894
RETURN: addr={ 16, 0, 0, 0, 0, 0, 0, 0, 0, 0, 0, 0, 0, 0, 0, 0, 0, 0, 0, 1 } success=true gas_left=100730
expected 1000000000000000000, found 1000000010000000000
RETURN: addr={ 16, 0, 0, 0, 0, 0, 0, 0, 0, 0, 0, 0, 0, 0, 0, 0, 0, 0, 0, 3 } success=true gas_left=75459
RETURN: addr={ 16, 0, 0, 0, 0, 0, 0, 0, 0, 0, 0, 0, 0, 0, 0, 0, 0, 0, 0, 2 } success=true gas_left=67290
RETURN: addr={ 16, 0, 0, 0, 0, 0, 0, 0, 0, 0, 0, 0, 0, 0, 0, 0, 0, 0, 0, 1 } success=true gas_left=97429
expected 1, found 0
RETURN: addr={ 16, 0, 0, 0, 0, 0, 0, 0, 0, 0, 0, 0, 0, 0, 0, 0, 0, 0, 0, 2 } success=true gas_left=173030
RETURN: addr={ 16, 0, 0, 0, 0, 0, 0, 0, 0, 0, 0, 0, 0, 0, 0, 0, 0, 0, 0, 1 } success=true gas_left=350869
expected 1, found 0
RETURN: addr={ 16, 0, 0, 0, 0, 0, 0, 0, 0, 0, 0, 0, 0, 0, 0, 0, 0, 0, 0, 3 } success=true gas_left=377894
RETURN: addr={ 16, 0, 0, 0, 0, 0, 0, 0, 0, 0, 0, 0, 0, 0, 0, 0, 0, 0, 0, 2 } success=true gas_left=553130
RETURN: addr={ 16, 0, 0, 0, 0, 0, 0, 0, 0, 0, 0, 0, 0, 0, 0, 0, 0, 0, 0, 1 } success=true gas_left=175633
expected 1, found 0
RETURN: addr={ 16, 0, 0, 0, 0, 0, 0, 0, 0, 0, 0, 0, 0, 0, 0, 0, 0, 0, 0, 3 } success=true gas_left=27894
RETURN: addr={ 16, 0, 0, 0, 0, 0, 0, 0, 0, 0, 0, 0, 0, 0, 0, 0, 0, 0, 0, 2 } success=true gas_left=48127
RETURN: addr={ 16, 0, 0, 0, 0, 0, 0, 0, 0, 0, 0, 0, 0, 0, 0, 0, 0, 0, 0, 1 } success=true gas_left=75966
expected 1, found 0
RETURN: addr={ 16, 0, 0, 0, 0, 0, 0, 0, 0, 0, 0, 0, 0, 0, 0, 0, 0, 0, 0, 2 } success=true gas_left=94997
RETURN: addr={ 16, 0, 0, 0, 0, 0, 0, 0, 0, 0, 0, 0, 0, 0, 0, 0, 0, 0, 0, 1 } success=true gas_left=122836
expected 1, found 0
RETURN: addr={ 16, 0, 0, 0, 0, 0, 0, 0, 0, 0, 0, 0, 0, 0, 0, 0, 0, 0, 0, 1 } success=true gas_left=0
RETURN: addr={ 16, 0, 0, 0, 0, 0, 0, 0, 0, 0, 0, 0, 0, 0, 0, 0, 0, 0, 0, 1 } success=true gas_left=6
RETURN: addr={ 16, 0, 0, 0, 0, 0, 0, 0, 0, 0, 0, 0, 0, 0, 0, 0, 0, 0, 0, 1 } success=true gas_left=13
RETURN: addr={ 16, 0, 0, 0, 0, 0, 0, 0, 0, 0, 0, 0, 0, 0, 0, 0, 0, 0, 0, 1 } success=true gas_left=21
RETURN: addr={ 16, 0, 0, 0, 0, 0, 0, 0, 0, 0, 0, 0, 0, 0, 0, 0, 0, 0, 0, 1 } success=true gas_left=28
RETURN: addr={ 16, 0, 0, 0, 0, 0, 0, 0, 0, 0, 0, 0, 0, 0, 0, 0, 0, 0, 0, 1 } success=true gas_left=36
RETURN: addr={ 16, 0, 0, 0, 0, 0, 0, 0, 0, 0, 0, 0, 0, 0, 0, 0, 0, 0, 0, 1 } success=true gas_left=44
RETURN: addr={ 16, 0, 0, 0, 0, 0, 0, 0, 0, 0, 0, 0, 0, 0, 0, 0, 0, 0, 0, 1 } success=true gas_left=52
RETURN: addr={ 16, 0, 0, 0, 0, 0, 0, 0, 0, 0, 0, 0, 0, 0, 0, 0, 0, 0, 0, 1 } success=true gas_left=60
RETURN: addr={ 16, 0, 0, 0, 0, 0, 0, 0, 0, 0, 0, 0, 0, 0, 0, 0, 0, 0, 0, 1 } success=true gas_left=69
RETURN: addr={ 16, 0, 0, 0, 0, 0, 0, 0, 0, 0, 0, 0, 0, 0, 0, 0, 0, 0, 0, 1 } success=true gas_left=78
RETURN: addr={ 16, 0, 0, 0, 0, 0, 0, 0, 0, 0, 0, 0, 0, 0, 0, 0, 0, 0, 0, 1 } success=true gas_left=87
RETURN: addr={ 16, 0, 0, 0, 0, 0, 0, 0, 0, 0, 0, 0, 0, 0, 0, 0, 0, 0, 0, 1 } success=true gas_left=97
expected 1, found 0
RETURN: addr={ 16, 0, 0, 0, 0, 0, 0, 0, 0, 0, 0, 0, 0, 0, 0, 0, 0, 0, 0, 3 } success=true gas_left=23159
RETURN: addr={ 16, 0, 0, 0, 0, 0, 0, 0, 0, 0, 0, 0, 0, 0, 0, 0, 0, 0, 0, 2 } success=true gas_left=100998
RETURN: addr={ 16, 0, 0, 0, 0, 0, 0, 0, 0, 0, 0, 0, 0, 0, 0, 0, 0, 0, 0, 1 } success=true gas_left=131137
expected 1, found 0
RETURN: addr={ 16, 0, 0, 0, 0, 0, 0, 0, 0, 0, 0, 0, 0, 0, 0, 0, 0, 0, 0, 2 } success=true gas_left=175633
RETURN: addr={ 16, 0, 0, 0, 0, 0, 0, 0, 0, 0, 0, 0, 0, 0, 0, 0, 0, 0, 0, 1 } success=true gas_left=353472
expected 1, found 0
RETURN: addr={ 16, 0, 0, 0, 0, 0, 0, 0, 0, 0, 0, 0, 0, 0, 0, 0, 0, 0, 0, 3 } success=true gas_left=377894
RETURN: addr={ 16, 0, 0, 0, 0, 0, 0, 0, 0, 0, 0, 0, 0, 0, 0, 0, 0, 0, 0, 2 } success=true gas_left=555733
RETURN: addr={ 16, 0, 0, 0, 0, 0, 0, 0, 0, 0, 0, 0, 0, 0, 0, 0, 0, 0, 0, 1 } success=true gas_left=81575
expected 1, found 0
RETURN: addr={ 16, 0, 0, 0, 0, 0, 0, 0, 0, 0, 0, 0, 0, 0, 0, 0, 0, 0, 0, 3 } success=true gas_left=27894
RETURN: addr={ 16, 0, 0, 0, 0, 0, 0, 0, 0, 0, 0, 0, 0, 0, 0, 0, 0, 0, 0, 2 } success=true gas_left=50730
RETURN: addr={ 16, 0, 0, 0, 0, 0, 0, 0, 0, 0, 0, 0, 0, 0, 0, 0, 0, 0, 0, 1 } success=true gas_left=78569
expected 1, found 0
RETURN: addr={ 16, 0, 0, 0, 0, 0, 0, 0, 0, 0, 0, 0, 0, 0, 0, 0, 0, 0, 0, 2 } success=true gas_left=94997
RETURN: addr={ 16, 0, 0, 0, 0, 0, 0, 0, 0, 0, 0, 0, 0, 0, 0, 0, 0, 0, 0, 1 } success=true gas_left=122836
expected 1, found 0
expected 1, found 0
RETURN: addr={ 16, 0, 0, 0, 0, 0, 0, 0, 0, 0, 0, 0, 0, 0, 0, 0, 0, 0, 0, 2 } success=true gas_left=75459
RETURN: addr={ 16, 0, 0, 0, 0, 0, 0, 0, 0, 0, 0, 0, 0, 0, 0, 0, 0, 0, 0, 1 } success=true gas_left=139395
expected 1, found 0
RETURN: addr={ 16, 0, 0, 0, 0, 0, 0, 0, 0, 0, 0, 0, 0, 0, 0, 0, 0, 0, 0, 1 } success=true gas_left=173030
expected 1, found 0
RETURN: addr={ 16, 0, 0, 0, 0, 0, 0, 0, 0, 0, 0, 0, 0, 0, 0, 0, 0, 0, 0, 2 } success=true gas_left=27894
RETURN: addr={ 16, 0, 0, 0, 0, 0, 0, 0, 0, 0, 0, 0, 0, 0, 0, 0, 0, 0, 0, 1 } success=true gas_left=98127
expected 1, found 0
RETURN: addr={ 16, 0, 0, 0, 0, 0, 0, 0, 0, 0, 0, 0, 0, 0, 0, 0, 0, 0, 0, 3 } success=true gas_left=75459
RETURN: addr={ 16, 0, 0, 0, 0, 0, 0, 0, 0, 0, 0, 0, 0, 0, 0, 0, 0, 0, 0, 2 } success=true gas_left=91695
RETURN: addr={ 16, 0, 0, 0, 0, 0, 0, 0, 0, 0, 0, 0, 0, 0, 0, 0, 0, 0, 0, 1 } success=true gas_left=83526
expected 1, found 0
RETURN: addr={ 16, 0, 0, 0, 0, 0, 0, 0, 0, 0, 0, 0, 0, 0, 0, 0, 0, 0, 0, 2 } success=true gas_left=173030
RETURN: addr={ 16, 0, 0, 0, 0, 0, 0, 0, 0, 0, 0, 0, 0, 0, 0, 0, 0, 0, 0, 1 } success=true gas_left=348266
expected 1, found 0
RETURN: addr={ 16, 0, 0, 0, 0, 0, 0, 0, 0, 0, 0, 0, 0, 0, 0, 0, 0, 0, 0, 3 } success=true gas_left=377894
RETURN: addr={ 16, 0, 0, 0, 0, 0, 0, 0, 0, 0, 0, 0, 0, 0, 0, 0, 0, 0, 0, 2 } success=true gas_left=553130
RETURN: addr={ 16, 0, 0, 0, 0, 0, 0, 0, 0, 0, 0, 0, 0, 0, 0, 0, 0, 0, 0, 1 } success=true gas_left=173030
expected 1, found 0
RETURN: addr={ 16, 0, 0, 0, 0, 0, 0, 0, 0, 0, 0, 0, 0, 0, 0, 0, 0, 0, 0, 3 } success=true gas_left=27894
RETURN: addr={ 16, 0, 0, 0, 0, 0, 0, 0, 0, 0, 0, 0, 0, 0, 0, 0, 0, 0, 0, 2 } success=true gas_left=48127
RETURN: addr={ 16, 0, 0, 0, 0, 0, 0, 0, 0, 0, 0, 0, 0, 0, 0, 0, 0, 0, 0, 1 } success=true gas_left=73363
expected 1, found 0
RETURN: addr={ 16, 0, 0, 0, 0, 0, 0, 0, 0, 0, 0, 0, 0, 0, 0, 0, 0, 0, 0, 2 } success=true gas_left=94997
RETURN: addr={ 16, 0, 0, 0, 0, 0, 0, 0, 0, 0, 0, 0, 0, 0, 0, 0, 0, 0, 0, 1 } success=true gas_left=120233
expected 1, found 0
RETURN: addr={ 16, 0, 0, 0, 0, 0, 0, 0, 0, 0, 0, 0, 0, 0, 0, 0, 0, 0, 0, 1 } success=true gas_left=2
RETURN: addr={ 16, 0, 0, 0, 0, 0, 0, 0, 0, 0, 0, 0, 0, 0, 0, 0, 0, 0, 0, 1 } success=true gas_left=10
RETURN: addr={ 16, 0, 0, 0, 0, 0, 0, 0, 0, 0, 0, 0, 0, 0, 0, 0, 0, 0, 0, 1 } success=true gas_left=19
RETURN: addr={ 16, 0, 0, 0, 0, 0, 0, 0, 0, 0, 0, 0, 0, 0, 0, 0, 0, 0, 0, 1 } success=true gas_left=28
RETURN: addr={ 16, 0, 0, 0, 0, 0, 0, 0, 0, 0, 0, 0, 0, 0, 0, 0, 0, 0, 0, 1 } success=true gas_left=37
RETURN: addr={ 16, 0, 0, 0, 0, 0, 0, 0, 0, 0, 0, 0, 0, 0, 0, 0, 0, 0, 0, 1 } success=true gas_left=47
expected 1, found 0
RETURN: addr={ 16, 0, 0, 0, 0, 0, 0, 0, 0, 0, 0, 0, 0, 0, 0, 0, 0, 0, 0, 3 } success=true gas_left=73159
RETURN: addr={ 16, 0, 0, 0, 0, 0, 0, 0, 0, 0, 0, 0, 0, 0, 0, 0, 0, 0, 0, 2 } success=true gas_left=81193
RETURN: addr={ 16, 0, 0, 0, 0, 0, 0, 0, 0, 0, 0, 0, 0, 0, 0, 0, 0, 0, 0, 1 } success=true gas_left=73024
expected 1, found 0
RETURN: addr={ 16, 0, 0, 0, 0, 0, 0, 0, 0, 0, 0, 0, 0, 0, 0, 0, 0, 0, 0, 2 } success=true gas_left=175633
RETURN: addr={ 16, 0, 0, 0, 0, 0, 0, 0, 0, 0, 0, 0, 0, 0, 0, 0, 0, 0, 0, 1 } success=true gas_left=350869
expected 1, found 0
RETURN: addr={ 16, 0, 0, 0, 0, 0, 0, 0, 0, 0, 0, 0, 0, 0, 0, 0, 0, 0, 0, 3 } success=true gas_left=377894
RETURN: addr={ 16, 0, 0, 0, 0, 0, 0, 0, 0, 0, 0, 0, 0, 0, 0, 0, 0, 0, 0, 2 } success=true gas_left=555733
RETURN: addr={ 16, 0, 0, 0, 0, 0, 0, 0, 0, 0, 0, 0, 0, 0, 0, 0, 0, 0, 0, 1 } success=true gas_left=173030
expected 1, found 0
RETURN: addr={ 16, 0, 0, 0, 0, 0, 0, 0, 0, 0, 0, 0, 0, 0, 0, 0, 0, 0, 0, 3 } success=true gas_left=27894
RETURN: addr={ 16, 0, 0, 0, 0, 0, 0, 0, 0, 0, 0, 0, 0, 0, 0, 0, 0, 0, 0, 2 } success=true gas_left=50730
RETURN: addr={ 16, 0, 0, 0, 0, 0, 0, 0, 0, 0, 0, 0, 0, 0, 0, 0, 0, 0, 0, 1 } success=true gas_left=75966
expected 1, found 0
RETURN: addr={ 16, 0, 0, 0, 0, 0, 0, 0, 0, 0, 0, 0, 0, 0, 0, 0, 0, 0, 0, 2 } success=true gas_left=94997
RETURN: addr={ 16, 0, 0, 0, 0, 0, 0, 0, 0, 0, 0, 0, 0, 0, 0, 0, 0, 0, 0, 1 } success=true gas_left=120233
expected 1, found 0
RETURN: addr={ 16, 0, 0, 0, 0, 0, 0, 0, 0, 0, 0, 0, 0, 0, 0, 0, 0, 0, 0, 2 } success=true gas_left=3
RETURN: addr={ 16, 0, 0, 0, 0, 0, 0, 0, 0, 0, 0, 0, 0, 0, 0, 0, 0, 0, 0, 2 } success=true gas_left=10
RETURN: addr={ 16, 0, 0, 0, 0, 0, 0, 0, 0, 0, 0, 0, 0, 0, 0, 0, 0, 0, 0, 2 } success=true gas_left=17
RETURN: addr={ 16, 0, 0, 0, 0, 0, 0, 0, 0, 0, 0, 0, 0, 0, 0, 0, 0, 0, 0, 2 } success=true gas_left=24
RETURN: addr={ 16, 0, 0, 0, 0, 0, 0, 0, 0, 0, 0, 0, 0, 0, 0, 0, 0, 0, 0, 2 } success=true gas_left=32
RETURN: addr={ 16, 0, 0, 0, 0, 0, 0, 0, 0, 0, 0, 0, 0, 0, 0, 0, 0, 0, 0, 2 } success=true gas_left=40
RETURN: addr={ 16, 0, 0, 0, 0, 0, 0, 0, 0, 0, 0, 0, 0, 0, 0, 0, 0, 0, 0, 2 } success=true gas_left=48
RETURN: addr={ 16, 0, 0, 0, 0, 0, 0, 0, 0, 0, 0, 0, 0, 0, 0, 0, 0, 0, 0, 2 } success=true gas_left=56
RETURN: addr={ 16, 0, 0, 0, 0, 0, 0, 0, 0, 0, 0, 0, 0, 0, 0, 0, 0, 0, 0, 2 } success=true gas_left=65
RETURN: addr={ 16, 0, 0, 0, 0, 0, 0, 0, 0, 0, 0, 0, 0, 0, 0, 0, 0, 0, 0, 2 } success=true gas_left=73
RETURN: addr={ 16, 0, 0, 0, 0, 0, 0, 0, 0, 0, 0, 0, 0, 0, 0, 0, 0, 0, 0, 2 } success=true gas_left=82
RETURN: addr={ 16, 0, 0, 0, 0, 0, 0, 0, 0, 0, 0, 0, 0, 0, 0, 0, 0, 0, 0, 2 } success=true gas_left=92
expected 1, found 0
RETURN: addr={ 16, 0, 0, 0, 0, 0, 0, 0, 0, 0, 0, 0, 0, 0, 0, 0, 0, 0, 0, 2 } success=true gas_left=93059
RETURN: addr={ 16, 0, 0, 0, 0, 0, 0, 0, 0, 0, 0, 0, 0, 0, 0, 0, 0, 0, 0, 1 } success=true gas_left=170898
expected 1, found 0
RETURN: addr={ 16, 0, 0, 0, 0, 0, 0, 0, 0, 0, 0, 0, 0, 0, 0, 0, 0, 0, 0, 1 } success=true gas_left=175633
expected 1, found 0
RETURN: addr={ 16, 0, 0, 0, 0, 0, 0, 0, 0, 0, 0, 0, 0, 0, 0, 0, 0, 0, 0, 2 } success=true gas_left=27894
RETURN: addr={ 16, 0, 0, 0, 0, 0, 0, 0, 0, 0, 0, 0, 0, 0, 0, 0, 0, 0, 0, 1 } success=true gas_left=100730
expected 1, found 0
RETURN: addr={ 16, 0, 0, 0, 0, 0, 0, 0, 0, 0, 0, 0, 0, 0, 0, 0, 0, 0, 0, 3 } success=true gas_left=75459
RETURN: addr={ 16, 0, 0, 0, 0, 0, 0, 0, 0, 0, 0, 0, 0, 0, 0, 0, 0, 0, 0, 2 } success=true gas_left=67290
RETURN: addr={ 16, 0, 0, 0, 0, 0, 0, 0, 0, 0, 0, 0, 0, 0, 0, 0, 0, 0, 0, 1 } success=true gas_left=73024
expected 1, found 0
RETURN: addr={ 16, 0, 0, 0, 0, 0, 0, 0, 0, 0, 0, 0, 0, 0, 0, 0, 0, 0, 0, 2 } success=true gas_left=173030
RETURN: addr={ 16, 0, 0, 0, 0, 0, 0, 0, 0, 0, 0, 0, 0, 0, 0, 0, 0, 0, 0, 1 } success=true gas_left=350869
expected 1, found 0
RETURN: addr={ 16, 0, 0, 0, 0, 0, 0, 0, 0, 0, 0, 0, 0, 0, 0, 0, 0, 0, 0, 3 } success=true gas_left=377894
RETURN: addr={ 16, 0, 0, 0, 0, 0, 0, 0, 0, 0, 0, 0, 0, 0, 0, 0, 0, 0, 0, 2 } success=true gas_left=553130
RETURN: addr={ 16, 0, 0, 0, 0, 0, 0, 0, 0, 0, 0, 0, 0, 0, 0, 0, 0, 0, 0, 1 } success=true gas_left=175633
expected 1, found 0
RETURN: addr={ 16, 0, 0, 0, 0, 0, 0, 0, 0, 0, 0, 0, 0, 0, 0, 0, 0, 0, 0, 3 } success=true gas_left=27894
RETURN: addr={ 16, 0, 0, 0, 0, 0, 0, 0, 0, 0, 0, 0, 0, 0, 0, 0, 0, 0, 0, 2 } success=true gas_left=48127
RETURN: addr={ 16, 0, 0, 0, 0, 0, 0, 0, 0, 0, 0, 0, 0, 0, 0, 0, 0, 0, 0, 1 } success=true gas_left=75966
expected 1, found 0
RETURN: addr={ 16, 0, 0, 0, 0, 0, 0, 0, 0, 0, 0, 0, 0, 0, 0, 0, 0, 0, 0, 2 } success=true gas_left=94997
RETURN: addr={ 16, 0, 0, 0, 0, 0, 0, 0, 0, 0, 0, 0, 0, 0, 0, 0, 0, 0, 0, 1 } success=true gas_left=122836
expected 1, found 0
RETURN: addr={ 16, 0, 0, 0, 0, 0, 0, 0, 0, 0, 0, 0, 0, 0, 0, 0, 0, 0, 0, 1 } success=true gas_left=0
RETURN: addr={ 16, 0, 0, 0, 0, 0, 0, 0, 0, 0, 0, 0, 0, 0, 0, 0, 0, 0, 0, 1 } success=true gas_left=6
RETURN: addr={ 16, 0, 0, 0, 0, 0, 0, 0, 0, 0, 0, 0, 0, 0, 0, 0, 0, 0, 0, 1 } success=true gas_left=13
RETURN: addr={ 16, 0, 0, 0, 0, 0, 0, 0, 0, 0, 0, 0, 0, 0, 0, 0, 0, 0, 0, 1 } success=true gas_left=21
RETURN: addr={ 16, 0, 0, 0, 0, 0, 0, 0, 0, 0, 0, 0, 0, 0, 0, 0, 0, 0, 0, 1 } success=true gas_left=28
RETURN: addr={ 16, 0, 0, 0, 0, 0, 0, 0, 0, 0, 0, 0, 0, 0, 0, 0, 0, 0, 0, 1 } success=true gas_left=36
RETURN: addr={ 16, 0, 0, 0, 0, 0, 0, 0, 0, 0, 0, 0, 0, 0, 0, 0, 0, 0, 0, 1 } success=true gas_left=44
RETURN: addr={ 16, 0, 0, 0, 0, 0, 0, 0, 0, 0, 0, 0, 0, 0, 0, 0, 0, 0, 0, 1 } success=true gas_left=52
RETURN: addr={ 16, 0, 0, 0, 0, 0, 0, 0, 0, 0, 0, 0, 0, 0, 0, 0, 0, 0, 0, 1 } success=true gas_left=60
RETURN: addr={ 16, 0, 0, 0, 0, 0, 0, 0, 0, 0, 0, 0, 0, 0, 0, 0, 0, 0, 0, 1 } success=true gas_left=69
RETURN: addr={ 16, 0, 0, 0, 0, 0, 0, 0, 0, 0, 0, 0, 0, 0, 0, 0, 0, 0, 0, 1 } success=true gas_left=78
RETURN: addr={ 16, 0, 0, 0, 0, 0, 0, 0, 0, 0, 0, 0, 0, 0, 0, 0, 0, 0, 0, 1 } success=true gas_left=87
RETURN: addr={ 16, 0, 0, 0, 0, 0, 0, 0, 0, 0, 0, 0, 0, 0, 0, 0, 0, 0, 0, 1 } success=true gas_left=97
expected 1, found 0
RETURN: addr={ 16, 0, 0, 0, 0, 0, 0, 0, 0, 0, 0, 0, 0, 0, 0, 0, 0, 0, 0, 3 } success=true gas_left=93059
RETURN: addr={ 16, 0, 0, 0, 0, 0, 0, 0, 0, 0, 0, 0, 0, 0, 0, 0, 0, 0, 0, 2 } success=true gas_left=120898
RETURN: addr={ 16, 0, 0, 0, 0, 0, 0, 0, 0, 0, 0, 0, 0, 0, 0, 0, 0, 0, 0, 1 } success=true gas_left=148737
expected 1, found 0
RETURN: addr={ 16, 0, 0, 0, 0, 0, 0, 0, 0, 0, 0, 0, 0, 0, 0, 0, 0, 0, 0, 2 } success=true gas_left=175633
RETURN: addr={ 16, 0, 0, 0, 0, 0, 0, 0, 0, 0, 0, 0, 0, 0, 0, 0, 0, 0, 0, 1 } success=true gas_left=353472
expected 1, found 0
RETURN: addr={ 16, 0, 0, 0, 0, 0, 0, 0, 0, 0, 0, 0, 0, 0, 0, 0, 0, 0, 0, 3 } success=true gas_left=377894
RETURN: addr={ 16, 0, 0, 0, 0, 0, 0, 0, 0, 0, 0, 0, 0, 0, 0, 0, 0, 0, 0, 2 } success=true gas_left=555733
RETURN: addr={ 16, 0, 0, 0, 0, 0, 0, 0, 0, 0, 0, 0, 0, 0, 0, 0, 0, 0, 0, 1 } success=true gas_left=175633
expected 1, found 0
TRANSFER: from={ 16, 0, 0, 0, 0, 0, 0, 0, 0, 0, 0, 0, 0, 0, 0, 0, 0, 0, 0, 1 } to={ 16, 0, 0, 0, 0, 0, 0, 0, 0, 0, 0, 0, 0, 0, 0, 0, 0, 0, 0, 2 } value=1 (caller_bal=10000000000 callee_bal=10000000000)
RETURN: addr={ 16, 0, 0, 0, 0, 0, 0, 0, 0, 0, 0, 0, 0, 0, 0, 0, 0, 0, 0, 3 } success=true gas_left=30194
RETURN: addr={ 16, 0, 0, 0, 0, 0, 0, 0, 0, 0, 0, 0, 0, 0, 0, 0, 0, 0, 0, 2 } success=true gas_left=41427
RETURN: addr={ 16, 0, 0, 0, 0, 0, 0, 0, 0, 0, 0, 0, 0, 0, 0, 0, 0, 0, 0, 1 } success=true gas_left=55363
expected 1, found 0
RETURN: addr={ 16, 0, 0, 0, 0, 0, 0, 0, 0, 0, 0, 0, 0, 0, 0, 0, 0, 0, 0, 2 } success=true gas_left=94997
RETURN: addr={ 16, 0, 0, 0, 0, 0, 0, 0, 0, 0, 0, 0, 0, 0, 0, 0, 0, 0, 0, 1 } success=true gas_left=122836
expected 1000000000000000000, found 1000000010000000000
expected 1, found 0
TRANSFER: from={ 16, 0, 0, 0, 0, 0, 0, 0, 0, 0, 0, 0, 0, 0, 0, 0, 0, 0, 0, 0 } to={ 16, 0, 0, 0, 0, 0, 0, 0, 0, 0, 0, 0, 0, 0, 0, 0, 0, 0, 0, 1 } value=1 (caller_bal=1000000000000000000 callee_bal=1000000000000000000)
TRANSFER: from={ 16, 0, 0, 0, 0, 0, 0, 0, 0, 0, 0, 0, 0, 0, 0, 0, 0, 0, 0, 1 } to={ 16, 0, 0, 0, 0, 0, 0, 0, 0, 0, 0, 0, 0, 0, 0, 0, 0, 0, 0, 2 } value=2 (caller_bal=1000000000000000001 callee_bal=1000000000000000000)
RETURN: addr={ 16, 0, 0, 0, 0, 0, 0, 0, 0, 0, 0, 0, 0, 0, 0, 0, 0, 0, 0, 3 } success=true gas_left=73159
RETURN: addr={ 16, 0, 0, 0, 0, 0, 0, 0, 0, 0, 0, 0, 0, 0, 0, 0, 0, 0, 0, 2 } success=true gas_left=103298
RETURN: addr={ 16, 0, 0, 0, 0, 0, 0, 0, 0, 0, 0, 0, 0, 0, 0, 0, 0, 0, 0, 1 } success=true gas_left=119534
expected 91343852333181432387730302044767688728495783938, found 0
RETURN: addr={ 16, 0, 0, 0, 0, 0, 0, 0, 0, 0, 0, 0, 0, 0, 0, 0, 0, 0, 0, 2 } success=true gas_left=175633
RETURN: addr={ 16, 0, 0, 0, 0, 0, 0, 0, 0, 0, 0, 0, 0, 0, 0, 0, 0, 0, 0, 1 } success=true gas_left=350869
RETURN: addr={ 16, 0, 0, 0, 0, 0, 0, 0, 0, 0, 0, 0, 0, 0, 0, 0, 0, 0, 0, 3 } success=true gas_left=377894
RETURN: addr={ 16, 0, 0, 0, 0, 0, 0, 0, 0, 0, 0, 0, 0, 0, 0, 0, 0, 0, 0, 2 } success=true gas_left=555733
RETURN: addr={ 16, 0, 0, 0, 0, 0, 0, 0, 0, 0, 0, 0, 0, 0, 0, 0, 0, 0, 0, 1 } success=true gas_left=173030
RETURN: addr={ 16, 0, 0, 0, 0, 0, 0, 0, 0, 0, 0, 0, 0, 0, 0, 0, 0, 0, 0, 3 } success=true gas_left=27894
RETURN: addr={ 16, 0, 0, 0, 0, 0, 0, 0, 0, 0, 0, 0, 0, 0, 0, 0, 0, 0, 0, 2 } success=true gas_left=50730
RETURN: addr={ 16, 0, 0, 0, 0, 0, 0, 0, 0, 0, 0, 0, 0, 0, 0, 0, 0, 0, 0, 1 } success=true gas_left=75966
expected 1, found 0
RETURN: addr={ 16, 0, 0, 0, 0, 0, 0, 0, 0, 0, 0, 0, 0, 0, 0, 0, 0, 0, 0, 2 } success=true gas_left=94997
RETURN: addr={ 16, 0, 0, 0, 0, 0, 0, 0, 0, 0, 0, 0, 0, 0, 0, 0, 0, 0, 0, 1 } success=true gas_left=120233
RETURN: addr={ 16, 0, 0, 0, 0, 0, 0, 0, 0, 0, 0, 0, 0, 0, 0, 0, 0, 0, 0, 2 } success=true gas_left=3
RETURN: addr={ 16, 0, 0, 0, 0, 0, 0, 0, 0, 0, 0, 0, 0, 0, 0, 0, 0, 0, 0, 2 } success=true gas_left=10
RETURN: addr={ 16, 0, 0, 0, 0, 0, 0, 0, 0, 0, 0, 0, 0, 0, 0, 0, 0, 0, 0, 2 } success=true gas_left=17
RETURN: addr={ 16, 0, 0, 0, 0, 0, 0, 0, 0, 0, 0, 0, 0, 0, 0, 0, 0, 0, 0, 2 } success=true gas_left=24
RETURN: addr={ 16, 0, 0, 0, 0, 0, 0, 0, 0, 0, 0, 0, 0, 0, 0, 0, 0, 0, 0, 2 } success=true gas_left=32
RETURN: addr={ 16, 0, 0, 0, 0, 0, 0, 0, 0, 0, 0, 0, 0, 0, 0, 0, 0, 0, 0, 2 } success=true gas_left=40
RETURN: addr={ 16, 0, 0, 0, 0, 0, 0, 0, 0, 0, 0, 0, 0, 0, 0, 0, 0, 0, 0, 2 } success=true gas_left=48
RETURN: addr={ 16, 0, 0, 0, 0, 0, 0, 0, 0, 0, 0, 0, 0, 0, 0, 0, 0, 0, 0, 2 } success=true gas_left=56
RETURN: addr={ 16, 0, 0, 0, 0, 0, 0, 0, 0, 0, 0, 0, 0, 0, 0, 0, 0, 0, 0, 2 } success=true gas_left=65
RETURN: addr={ 16, 0, 0, 0, 0, 0, 0, 0, 0, 0, 0, 0, 0, 0, 0, 0, 0, 0, 0, 2 } success=true gas_left=73
RETURN: addr={ 16, 0, 0, 0, 0, 0, 0, 0, 0, 0, 0, 0, 0, 0, 0, 0, 0, 0, 0, 2 } success=true gas_left=82
RETURN: addr={ 16, 0, 0, 0, 0, 0, 0, 0, 0, 0, 0, 0, 0, 0, 0, 0, 0, 0, 0, 2 } success=true gas_left=92
expected 1, found 0
TRANSFER: from={ 16, 0, 0, 0, 0, 0, 0, 0, 0, 0, 0, 0, 0, 0, 0, 0, 0, 0, 0, 0 } to={ 16, 0, 0, 0, 0, 0, 0, 0, 0, 0, 0, 0, 0, 0, 0, 0, 0, 0, 0, 1 } value=1 (caller_bal=1000000000000000000 callee_bal=0)
RETURN: addr={ 16, 0, 0, 0, 0, 0, 0, 0, 0, 0, 0, 0, 0, 0, 0, 0, 0, 0, 0, 2 } success=true gas_left=73159
RETURN: addr={ 16, 0, 0, 0, 0, 0, 0, 0, 0, 0, 0, 0, 0, 0, 0, 0, 0, 0, 0, 1 } success=true gas_left=153298
expected 1, found 0
RETURN: addr={ 16, 0, 0, 0, 0, 0, 0, 0, 0, 0, 0, 0, 0, 0, 0, 0, 0, 0, 0, 1 } success=true gas_left=175633
RETURN: addr={ 16, 0, 0, 0, 0, 0, 0, 0, 0, 0, 0, 0, 0, 0, 0, 0, 0, 0, 0, 2 } success=true gas_left=27894
RETURN: addr={ 16, 0, 0, 0, 0, 0, 0, 0, 0, 0, 0, 0, 0, 0, 0, 0, 0, 0, 0, 1 } success=true gas_left=100730
expected 1, found 0
TRANSFER: from={ 16, 0, 0, 0, 0, 0, 0, 0, 0, 0, 0, 0, 0, 0, 0, 0, 0, 0, 0, 0 } to={ 16, 0, 0, 0, 0, 0, 0, 0, 0, 0, 0, 0, 0, 0, 0, 0, 0, 0, 0, 1 } value=1 (caller_bal=1000000000000000000 callee_bal=1000000000000000000)
TRANSFER: from={ 16, 0, 0, 0, 0, 0, 0, 0, 0, 0, 0, 0, 0, 0, 0, 0, 0, 0, 0, 2 } to={ 16, 0, 0, 0, 0, 0, 0, 0, 0, 0, 0, 0, 0, 0, 0, 0, 0, 0, 0, 3 } value=2 (caller_bal=1000000000000000000 callee_bal=0)
RETURN: addr={ 16, 0, 0, 0, 0, 0, 0, 0, 0, 0, 0, 0, 0, 0, 0, 0, 0, 0, 0, 3 } success=true gas_left=75459
RETURN: addr={ 16, 0, 0, 0, 0, 0, 0, 0, 0, 0, 0, 0, 0, 0, 0, 0, 0, 0, 0, 2 } success=true gas_left=67290
RETURN: addr={ 16, 0, 0, 0, 0, 0, 0, 0, 0, 0, 0, 0, 0, 0, 0, 0, 0, 0, 0, 1 } success=true gas_left=97429
expected 1, found 0
RETURN: addr={ 16, 0, 0, 0, 0, 0, 0, 0, 0, 0, 0, 0, 0, 0, 0, 0, 0, 0, 0, 2 } success=true gas_left=173030
RETURN: addr={ 16, 0, 0, 0, 0, 0, 0, 0, 0, 0, 0, 0, 0, 0, 0, 0, 0, 0, 0, 1 } success=true gas_left=350869
expected 1, found 0
RETURN: addr={ 16, 0, 0, 0, 0, 0, 0, 0, 0, 0, 0, 0, 0, 0, 0, 0, 0, 0, 0, 3 } success=true gas_left=377894
RETURN: addr={ 16, 0, 0, 0, 0, 0, 0, 0, 0, 0, 0, 0, 0, 0, 0, 0, 0, 0, 0, 2 } success=true gas_left=553130
RETURN: addr={ 16, 0, 0, 0, 0, 0, 0, 0, 0, 0, 0, 0, 0, 0, 0, 0, 0, 0, 0, 1 } success=true gas_left=175633
RETURN: addr={ 16, 0, 0, 0, 0, 0, 0, 0, 0, 0, 0, 0, 0, 0, 0, 0, 0, 0, 0, 3 } success=true gas_left=27894
RETURN: addr={ 16, 0, 0, 0, 0, 0, 0, 0, 0, 0, 0, 0, 0, 0, 0, 0, 0, 0, 0, 2 } success=true gas_left=48127
RETURN: addr={ 16, 0, 0, 0, 0, 0, 0, 0, 0, 0, 0, 0, 0, 0, 0, 0, 0, 0, 0, 1 } success=true gas_left=75966
expected 10000000000, found 20000000000
RETURN: addr={ 16, 0, 0, 0, 0, 0, 0, 0, 0, 0, 0, 0, 0, 0, 0, 0, 0, 0, 0, 2 } success=true gas_left=94997
RETURN: addr={ 16, 0, 0, 0, 0, 0, 0, 0, 0, 0, 0, 0, 0, 0, 0, 0, 0, 0, 0, 1 } success=true gas_left=122836
expected 0, found 10000000000
RETURN: addr={ 16, 0, 0, 0, 0, 0, 0, 0, 0, 0, 0, 0, 0, 0, 0, 0, 0, 0, 0, 1 } success=true gas_left=0
RETURN: addr={ 16, 0, 0, 0, 0, 0, 0, 0, 0, 0, 0, 0, 0, 0, 0, 0, 0, 0, 0, 1 } success=true gas_left=6
RETURN: addr={ 16, 0, 0, 0, 0, 0, 0, 0, 0, 0, 0, 0, 0, 0, 0, 0, 0, 0, 0, 1 } success=true gas_left=13
RETURN: addr={ 16, 0, 0, 0, 0, 0, 0, 0, 0, 0, 0, 0, 0, 0, 0, 0, 0, 0, 0, 1 } success=true gas_left=21
RETURN: addr={ 16, 0, 0, 0, 0, 0, 0, 0, 0, 0, 0, 0, 0, 0, 0, 0, 0, 0, 0, 1 } success=true gas_left=28
RETURN: addr={ 16, 0, 0, 0, 0, 0, 0, 0, 0, 0, 0, 0, 0, 0, 0, 0, 0, 0, 0, 1 } success=true gas_left=36
RETURN: addr={ 16, 0, 0, 0, 0, 0, 0, 0, 0, 0, 0, 0, 0, 0, 0, 0, 0, 0, 0, 1 } success=true gas_left=44
RETURN: addr={ 16, 0, 0, 0, 0, 0, 0, 0, 0, 0, 0, 0, 0, 0, 0, 0, 0, 0, 0, 1 } success=true gas_left=52
RETURN: addr={ 16, 0, 0, 0, 0, 0, 0, 0, 0, 0, 0, 0, 0, 0, 0, 0, 0, 0, 0, 1 } success=true gas_left=60
RETURN: addr={ 16, 0, 0, 0, 0, 0, 0, 0, 0, 0, 0, 0, 0, 0, 0, 0, 0, 0, 0, 1 } success=true gas_left=69
RETURN: addr={ 16, 0, 0, 0, 0, 0, 0, 0, 0, 0, 0, 0, 0, 0, 0, 0, 0, 0, 0, 1 } success=true gas_left=78
RETURN: addr={ 16, 0, 0, 0, 0, 0, 0, 0, 0, 0, 0, 0, 0, 0, 0, 0, 0, 0, 0, 1 } success=true gas_left=87
RETURN: addr={ 16, 0, 0, 0, 0, 0, 0, 0, 0, 0, 0, 0, 0, 0, 0, 0, 0, 0, 0, 1 } success=true gas_left=97
expected 1, found 0
TRANSFER: from={ 16, 0, 0, 0, 0, 0, 0, 0, 0, 0, 0, 0, 0, 0, 0, 0, 0, 0, 0, 0 } to={ 16, 0, 0, 0, 0, 0, 0, 0, 0, 0, 0, 0, 0, 0, 0, 0, 0, 0, 0, 1 } value=1 (caller_bal=1000000000000000000 callee_bal=1000000000000000000)
RETURN: addr={ 16, 0, 0, 0, 0, 0, 0, 0, 0, 0, 0, 0, 0, 0, 0, 0, 0, 0, 0, 3 } success=true gas_left=73159
RETURN: addr={ 16, 0, 0, 0, 0, 0, 0, 0, 0, 0, 0, 0, 0, 0, 0, 0, 0, 0, 0, 2 } success=true gas_left=100998
RETURN: addr={ 16, 0, 0, 0, 0, 0, 0, 0, 0, 0, 0, 0, 0, 0, 0, 0, 0, 0, 0, 1 } success=true gas_left=131137
expected 91343852333181432387730302044767688728495783937, found 0
RETURN: addr={ 16, 0, 0, 0, 0, 0, 0, 0, 0, 0, 0, 0, 0, 0, 0, 0, 0, 0, 0, 2 } success=true gas_left=175633
RETURN: addr={ 16, 0, 0, 0, 0, 0, 0, 0, 0, 0, 0, 0, 0, 0, 0, 0, 0, 0, 0, 1 } success=true gas_left=353472
expected 1, found 0
RETURN: addr={ 16, 0, 0, 0, 0, 0, 0, 0, 0, 0, 0, 0, 0, 0, 0, 0, 0, 0, 0, 3 } success=true gas_left=377894
RETURN: addr={ 16, 0, 0, 0, 0, 0, 0, 0, 0, 0, 0, 0, 0, 0, 0, 0, 0, 0, 0, 2 } success=true gas_left=555733
RETURN: addr={ 16, 0, 0, 0, 0, 0, 0, 0, 0, 0, 0, 0, 0, 0, 0, 0, 0, 0, 0, 1 } success=true gas_left=175633
RETURN: addr={ 16, 0, 0, 0, 0, 0, 0, 0, 0, 0, 0, 0, 0, 0, 0, 0, 0, 0, 0, 3 } success=true gas_left=27894
RETURN: addr={ 16, 0, 0, 0, 0, 0, 0, 0, 0, 0, 0, 0, 0, 0, 0, 0, 0, 0, 0, 2 } success=true gas_left=50730
RETURN: addr={ 16, 0, 0, 0, 0, 0, 0, 0, 0, 0, 0, 0, 0, 0, 0, 0, 0, 0, 0, 1 } success=true gas_left=78569
expected 10000000000, found 20000000000
RETURN: addr={ 16, 0, 0, 0, 0, 0, 0, 0, 0, 0, 0, 0, 0, 0, 0, 0, 0, 0, 0, 2 } success=true gas_left=94997
RETURN: addr={ 16, 0, 0, 0, 0, 0, 0, 0, 0, 0, 0, 0, 0, 0, 0, 0, 0, 0, 0, 1 } success=true gas_left=122836
expected 0, found 10000000000
expected 1, found 0
TRANSFER: from={ 16, 0, 0, 0, 0, 0, 0, 0, 0, 0, 0, 0, 0, 0, 0, 0, 0, 0, 0, 1 } to={ 16, 0, 0, 0, 0, 0, 0, 0, 0, 0, 0, 0, 0, 0, 0, 0, 0, 0, 0, 2 } value=1 (caller_bal=1000000000000000000 callee_bal=0)
RETURN: addr={ 16, 0, 0, 0, 0, 0, 0, 0, 0, 0, 0, 0, 0, 0, 0, 0, 0, 0, 0, 2 } success=true gas_left=75459
RETURN: addr={ 16, 0, 0, 0, 0, 0, 0, 0, 0, 0, 0, 0, 0, 0, 0, 0, 0, 0, 0, 1 } success=true gas_left=139395
expected 1, found 0
RETURN: addr={ 16, 0, 0, 0, 0, 0, 0, 0, 0, 0, 0, 0, 0, 0, 0, 0, 0, 0, 0, 1 } success=true gas_left=173030
expected 1, found 0
RETURN: addr={ 16, 0, 0, 0, 0, 0, 0, 0, 0, 0, 0, 0, 0, 0, 0, 0, 0, 0, 0, 2 } success=true gas_left=27894
RETURN: addr={ 16, 0, 0, 0, 0, 0, 0, 0, 0, 0, 0, 0, 0, 0, 0, 0, 0, 0, 0, 1 } success=true gas_left=98127
expected 1000000000000000000, found 1000000010000000000
TRANSFER: from={ 16, 0, 0, 0, 0, 0, 0, 0, 0, 0, 0, 0, 0, 0, 0, 0, 0, 0, 0, 1 } to={ 16, 0, 0, 0, 0, 0, 0, 0, 0, 0, 0, 0, 0, 0, 0, 0, 0, 0, 0, 2 } value=1 (caller_bal=1000000000000000000 callee_bal=1000000000000000000)
TRANSFER: from={ 16, 0, 0, 0, 0, 0, 0, 0, 0, 0, 0, 0, 0, 0, 0, 0, 0, 0, 0, 2 } to={ 16, 0, 0, 0, 0, 0, 0, 0, 0, 0, 0, 0, 0, 0, 0, 0, 0, 0, 0, 3 } value=2 (caller_bal=1000000000000000001 callee_bal=0)
RETURN: addr={ 16, 0, 0, 0, 0, 0, 0, 0, 0, 0, 0, 0, 0, 0, 0, 0, 0, 0, 0, 3 } success=true gas_left=75459
RETURN: addr={ 16, 0, 0, 0, 0, 0, 0, 0, 0, 0, 0, 0, 0, 0, 0, 0, 0, 0, 0, 2 } success=true gas_left=91695
RETURN: addr={ 16, 0, 0, 0, 0, 0, 0, 0, 0, 0, 0, 0, 0, 0, 0, 0, 0, 0, 0, 1 } success=true gas_left=83526
expected 1, found 0
RETURN: addr={ 16, 0, 0, 0, 0, 0, 0, 0, 0, 0, 0, 0, 0, 0, 0, 0, 0, 0, 0, 2 } success=true gas_left=173030
RETURN: addr={ 16, 0, 0, 0, 0, 0, 0, 0, 0, 0, 0, 0, 0, 0, 0, 0, 0, 0, 0, 1 } success=true gas_left=348266
expected 1, found 0
RETURN: addr={ 16, 0, 0, 0, 0, 0, 0, 0, 0, 0, 0, 0, 0, 0, 0, 0, 0, 0, 0, 3 } success=true gas_left=377894
RETURN: addr={ 16, 0, 0, 0, 0, 0, 0, 0, 0, 0, 0, 0, 0, 0, 0, 0, 0, 0, 0, 2 } success=true gas_left=553130
RETURN: addr={ 16, 0, 0, 0, 0, 0, 0, 0, 0, 0, 0, 0, 0, 0, 0, 0, 0, 0, 0, 1 } success=true gas_left=173030
expected 1, found 0
RETURN: addr={ 16, 0, 0, 0, 0, 0, 0, 0, 0, 0, 0, 0, 0, 0, 0, 0, 0, 0, 0, 3 } success=true gas_left=27894
RETURN: addr={ 16, 0, 0, 0, 0, 0, 0, 0, 0, 0, 0, 0, 0, 0, 0, 0, 0, 0, 0, 2 } success=true gas_left=48127
RETURN: addr={ 16, 0, 0, 0, 0, 0, 0, 0, 0, 0, 0, 0, 0, 0, 0, 0, 0, 0, 0, 1 } success=true gas_left=73363
expected 1, found 0
RETURN: addr={ 16, 0, 0, 0, 0, 0, 0, 0, 0, 0, 0, 0, 0, 0, 0, 0, 0, 0, 0, 2 } success=true gas_left=94997
RETURN: addr={ 16, 0, 0, 0, 0, 0, 0, 0, 0, 0, 0, 0, 0, 0, 0, 0, 0, 0, 0, 1 } success=true gas_left=120233
expected 1, found 0
RETURN: addr={ 16, 0, 0, 0, 0, 0, 0, 0, 0, 0, 0, 0, 0, 0, 0, 0, 0, 0, 0, 1 } success=true gas_left=2
RETURN: addr={ 16, 0, 0, 0, 0, 0, 0, 0, 0, 0, 0, 0, 0, 0, 0, 0, 0, 0, 0, 1 } success=true gas_left=10
RETURN: addr={ 16, 0, 0, 0, 0, 0, 0, 0, 0, 0, 0, 0, 0, 0, 0, 0, 0, 0, 0, 1 } success=true gas_left=19
RETURN: addr={ 16, 0, 0, 0, 0, 0, 0, 0, 0, 0, 0, 0, 0, 0, 0, 0, 0, 0, 0, 1 } success=true gas_left=28
RETURN: addr={ 16, 0, 0, 0, 0, 0, 0, 0, 0, 0, 0, 0, 0, 0, 0, 0, 0, 0, 0, 1 } success=true gas_left=37
RETURN: addr={ 16, 0, 0, 0, 0, 0, 0, 0, 0, 0, 0, 0, 0, 0, 0, 0, 0, 0, 0, 1 } success=true gas_left=47
expected 1, found 0
TRANSFER: from={ 16, 0, 0, 0, 0, 0, 0, 0, 0, 0, 0, 0, 0, 0, 0, 0, 0, 0, 0, 1 } to={ 16, 0, 0, 0, 0, 0, 0, 0, 0, 0, 0, 0, 0, 0, 0, 0, 0, 0, 0, 2 } value=1 (caller_bal=1000000000000000000 callee_bal=1000000000000000000)
RETURN: addr={ 16, 0, 0, 0, 0, 0, 0, 0, 0, 0, 0, 0, 0, 0, 0, 0, 0, 0, 0, 3 } success=true gas_left=73159
RETURN: addr={ 16, 0, 0, 0, 0, 0, 0, 0, 0, 0, 0, 0, 0, 0, 0, 0, 0, 0, 0, 2 } success=true gas_left=81193
RETURN: addr={ 16, 0, 0, 0, 0, 0, 0, 0, 0, 0, 0, 0, 0, 0, 0, 0, 0, 0, 0, 1 } success=true gas_left=73024
expected 1, found 0
RETURN: addr={ 16, 0, 0, 0, 0, 0, 0, 0, 0, 0, 0, 0, 0, 0, 0, 0, 0, 0, 0, 2 } success=true gas_left=175633
RETURN: addr={ 16, 0, 0, 0, 0, 0, 0, 0, 0, 0, 0, 0, 0, 0, 0, 0, 0, 0, 0, 1 } success=true gas_left=350869
expected 1, found 0
RETURN: addr={ 16, 0, 0, 0, 0, 0, 0, 0, 0, 0, 0, 0, 0, 0, 0, 0, 0, 0, 0, 3 } success=true gas_left=377894
RETURN: addr={ 16, 0, 0, 0, 0, 0, 0, 0, 0, 0, 0, 0, 0, 0, 0, 0, 0, 0, 0, 2 } success=true gas_left=555733
RETURN: addr={ 16, 0, 0, 0, 0, 0, 0, 0, 0, 0, 0, 0, 0, 0, 0, 0, 0, 0, 0, 1 } success=true gas_left=173030
expected 1, found 0
RETURN: addr={ 16, 0, 0, 0, 0, 0, 0, 0, 0, 0, 0, 0, 0, 0, 0, 0, 0, 0, 0, 3 } success=true gas_left=27894
RETURN: addr={ 16, 0, 0, 0, 0, 0, 0, 0, 0, 0, 0, 0, 0, 0, 0, 0, 0, 0, 0, 2 } success=true gas_left=50730
RETURN: addr={ 16, 0, 0, 0, 0, 0, 0, 0, 0, 0, 0, 0, 0, 0, 0, 0, 0, 0, 0, 1 } success=true gas_left=75966
expected 1, found 0
RETURN: addr={ 16, 0, 0, 0, 0, 0, 0, 0, 0, 0, 0, 0, 0, 0, 0, 0, 0, 0, 0, 2 } success=true gas_left=94997
RETURN: addr={ 16, 0, 0, 0, 0, 0, 0, 0, 0, 0, 0, 0, 0, 0, 0, 0, 0, 0, 0, 1 } success=true gas_left=120233
expected 1, found 0
RETURN: addr={ 16, 0, 0, 0, 0, 0, 0, 0, 0, 0, 0, 0, 0, 0, 0, 0, 0, 0, 0, 2 } success=true gas_left=3
RETURN: addr={ 16, 0, 0, 0, 0, 0, 0, 0, 0, 0, 0, 0, 0, 0, 0, 0, 0, 0, 0, 2 } success=true gas_left=10
RETURN: addr={ 16, 0, 0, 0, 0, 0, 0, 0, 0, 0, 0, 0, 0, 0, 0, 0, 0, 0, 0, 2 } success=true gas_left=17
RETURN: addr={ 16, 0, 0, 0, 0, 0, 0, 0, 0, 0, 0, 0, 0, 0, 0, 0, 0, 0, 0, 2 } success=true gas_left=24
RETURN: addr={ 16, 0, 0, 0, 0, 0, 0, 0, 0, 0, 0, 0, 0, 0, 0, 0, 0, 0, 0, 2 } success=true gas_left=32
RETURN: addr={ 16, 0, 0, 0, 0, 0, 0, 0, 0, 0, 0, 0, 0, 0, 0, 0, 0, 0, 0, 2 } success=true gas_left=40
RETURN: addr={ 16, 0, 0, 0, 0, 0, 0, 0, 0, 0, 0, 0, 0, 0, 0, 0, 0, 0, 0, 2 } success=true gas_left=48
RETURN: addr={ 16, 0, 0, 0, 0, 0, 0, 0, 0, 0, 0, 0, 0, 0, 0, 0, 0, 0, 0, 2 } success=true gas_left=56
RETURN: addr={ 16, 0, 0, 0, 0, 0, 0, 0, 0, 0, 0, 0, 0, 0, 0, 0, 0, 0, 0, 2 } success=true gas_left=65
RETURN: addr={ 16, 0, 0, 0, 0, 0, 0, 0, 0, 0, 0, 0, 0, 0, 0, 0, 0, 0, 0, 2 } success=true gas_left=73
RETURN: addr={ 16, 0, 0, 0, 0, 0, 0, 0, 0, 0, 0, 0, 0, 0, 0, 0, 0, 0, 0, 2 } success=true gas_left=82
RETURN: addr={ 16, 0, 0, 0, 0, 0, 0, 0, 0, 0, 0, 0, 0, 0, 0, 0, 0, 0, 0, 2 } success=true gas_left=92
expected 1, found 0
RETURN: addr={ 16, 0, 0, 0, 0, 0, 0, 0, 0, 0, 0, 0, 0, 0, 0, 0, 0, 0, 0, 2 } success=true gas_left=93059
RETURN: addr={ 16, 0, 0, 0, 0, 0, 0, 0, 0, 0, 0, 0, 0, 0, 0, 0, 0, 0, 0, 1 } success=true gas_left=170898
expected 1, found 0
RETURN: addr={ 16, 0, 0, 0, 0, 0, 0, 0, 0, 0, 0, 0, 0, 0, 0, 0, 0, 0, 0, 1 } success=true gas_left=175633
expected 1, found 0
RETURN: addr={ 16, 0, 0, 0, 0, 0, 0, 0, 0, 0, 0, 0, 0, 0, 0, 0, 0, 0, 0, 2 } success=true gas_left=27894
RETURN: addr={ 16, 0, 0, 0, 0, 0, 0, 0, 0, 0, 0, 0, 0, 0, 0, 0, 0, 0, 0, 1 } success=true gas_left=100730
expected 1000000000000000000, found 1000000010000000000
TRANSFER: from={ 16, 0, 0, 0, 0, 0, 0, 0, 0, 0, 0, 0, 0, 0, 0, 0, 0, 0, 0, 2 } to={ 16, 0, 0, 0, 0, 0, 0, 0, 0, 0, 0, 0, 0, 0, 0, 0, 0, 0, 0, 3 } value=1 (caller_bal=1000000000000000000 callee_bal=0)
RETURN: addr={ 16, 0, 0, 0, 0, 0, 0, 0, 0, 0, 0, 0, 0, 0, 0, 0, 0, 0, 0, 3 } success=true gas_left=75459
RETURN: addr={ 16, 0, 0, 0, 0, 0, 0, 0, 0, 0, 0, 0, 0, 0, 0, 0, 0, 0, 0, 2 } success=true gas_left=67290
RETURN: addr={ 16, 0, 0, 0, 0, 0, 0, 0, 0, 0, 0, 0, 0, 0, 0, 0, 0, 0, 0, 1 } success=true gas_left=73024
expected 1, found 0
RETURN: addr={ 16, 0, 0, 0, 0, 0, 0, 0, 0, 0, 0, 0, 0, 0, 0, 0, 0, 0, 0, 2 } success=true gas_left=173030
RETURN: addr={ 16, 0, 0, 0, 0, 0, 0, 0, 0, 0, 0, 0, 0, 0, 0, 0, 0, 0, 0, 1 } success=true gas_left=350869
expected 1, found 0
RETURN: addr={ 16, 0, 0, 0, 0, 0, 0, 0, 0, 0, 0, 0, 0, 0, 0, 0, 0, 0, 0, 3 } success=true gas_left=377894
RETURN: addr={ 16, 0, 0, 0, 0, 0, 0, 0, 0, 0, 0, 0, 0, 0, 0, 0, 0, 0, 0, 2 } success=true gas_left=553130
RETURN: addr={ 16, 0, 0, 0, 0, 0, 0, 0, 0, 0, 0, 0, 0, 0, 0, 0, 0, 0, 0, 1 } success=true gas_left=175633
expected 1, found 0
RETURN: addr={ 16, 0, 0, 0, 0, 0, 0, 0, 0, 0, 0, 0, 0, 0, 0, 0, 0, 0, 0, 3 } success=true gas_left=27894
RETURN: addr={ 16, 0, 0, 0, 0, 0, 0, 0, 0, 0, 0, 0, 0, 0, 0, 0, 0, 0, 0, 2 } success=true gas_left=48127
RETURN: addr={ 16, 0, 0, 0, 0, 0, 0, 0, 0, 0, 0, 0, 0, 0, 0, 0, 0, 0, 0, 1 } success=true gas_left=75966
expected 0, found 1000000000000000000
RETURN: addr={ 16, 0, 0, 0, 0, 0, 0, 0, 0, 0, 0, 0, 0, 0, 0, 0, 0, 0, 0, 2 } success=true gas_left=94997
RETURN: addr={ 16, 0, 0, 0, 0, 0, 0, 0, 0, 0, 0, 0, 0, 0, 0, 0, 0, 0, 0, 1 } success=true gas_left=122836
expected 1000000000000000000, found 1000000010000000000
RETURN: addr={ 16, 0, 0, 0, 0, 0, 0, 0, 0, 0, 0, 0, 0, 0, 0, 0, 0, 0, 0, 1 } success=true gas_left=0
RETURN: addr={ 16, 0, 0, 0, 0, 0, 0, 0, 0, 0, 0, 0, 0, 0, 0, 0, 0, 0, 0, 1 } success=true gas_left=6
RETURN: addr={ 16, 0, 0, 0, 0, 0, 0, 0, 0, 0, 0, 0, 0, 0, 0, 0, 0, 0, 0, 1 } success=true gas_left=13
RETURN: addr={ 16, 0, 0, 0, 0, 0, 0, 0, 0, 0, 0, 0, 0, 0, 0, 0, 0, 0, 0, 1 } success=true gas_left=21
RETURN: addr={ 16, 0, 0, 0, 0, 0, 0, 0, 0, 0, 0, 0, 0, 0, 0, 0, 0, 0, 0, 1 } success=true gas_left=28
RETURN: addr={ 16, 0, 0, 0, 0, 0, 0, 0, 0, 0, 0, 0, 0, 0, 0, 0, 0, 0, 0, 1 } success=true gas_left=36
RETURN: addr={ 16, 0, 0, 0, 0, 0, 0, 0, 0, 0, 0, 0, 0, 0, 0, 0, 0, 0, 0, 1 } success=true gas_left=44
RETURN: addr={ 16, 0, 0, 0, 0, 0, 0, 0, 0, 0, 0, 0, 0, 0, 0, 0, 0, 0, 0, 1 } success=true gas_left=52
RETURN: addr={ 16, 0, 0, 0, 0, 0, 0, 0, 0, 0, 0, 0, 0, 0, 0, 0, 0, 0, 0, 1 } success=true gas_left=60
RETURN: addr={ 16, 0, 0, 0, 0, 0, 0, 0, 0, 0, 0, 0, 0, 0, 0, 0, 0, 0, 0, 1 } success=true gas_left=69
RETURN: addr={ 16, 0, 0, 0, 0, 0, 0, 0, 0, 0, 0, 0, 0, 0, 0, 0, 0, 0, 0, 1 } success=true gas_left=78
RETURN: addr={ 16, 0, 0, 0, 0, 0, 0, 0, 0, 0, 0, 0, 0, 0, 0, 0, 0, 0, 0, 1 } success=true gas_left=87
RETURN: addr={ 16, 0, 0, 0, 0, 0, 0, 0, 0, 0, 0, 0, 0, 0, 0, 0, 0, 0, 0, 1 } success=true gas_left=97
expected 1, found 0
RETURN: addr={ 16, 0, 0, 0, 0, 0, 0, 0, 0, 0, 0, 0, 0, 0, 0, 0, 0, 0, 0, 3 } success=true gas_left=93059
RETURN: addr={ 16, 0, 0, 0, 0, 0, 0, 0, 0, 0, 0, 0, 0, 0, 0, 0, 0, 0, 0, 2 } success=true gas_left=120898
RETURN: addr={ 16, 0, 0, 0, 0, 0, 0, 0, 0, 0, 0, 0, 0, 0, 0, 0, 0, 0, 0, 1 } success=true gas_left=148737
expected 1, found 0
RETURN: addr={ 16, 0, 0, 0, 0, 0, 0, 0, 0, 0, 0, 0, 0, 0, 0, 0, 0, 0, 0, 2 } success=true gas_left=175633
RETURN: addr={ 16, 0, 0, 0, 0, 0, 0, 0, 0, 0, 0, 0, 0, 0, 0, 0, 0, 0, 0, 1 } success=true gas_left=353472
expected 1, found 0
RETURN: addr={ 16, 0, 0, 0, 0, 0, 0, 0, 0, 0, 0, 0, 0, 0, 0, 0, 0, 0, 0, 3 } success=true gas_left=377894
RETURN: addr={ 16, 0, 0, 0, 0, 0, 0, 0, 0, 0, 0, 0, 0, 0, 0, 0, 0, 0, 0, 2 } success=true gas_left=555733
RETURN: addr={ 16, 0, 0, 0, 0, 0, 0, 0, 0, 0, 0, 0, 0, 0, 0, 0, 0, 0, 0, 1 } success=true gas_left=175633
expected 1, found 0
RETURN: addr={ 16, 0, 0, 0, 0, 0, 0, 0, 0, 0, 0, 0, 0, 0, 0, 0, 0, 0, 0, 3 } success=true gas_left=27894
RETURN: addr={ 16, 0, 0, 0, 0, 0, 0, 0, 0, 0, 0, 0, 0, 0, 0, 0, 0, 0, 0, 2 } success=true gas_left=50730
RETURN: addr={ 16, 0, 0, 0, 0, 0, 0, 0, 0, 0, 0, 0, 0, 0, 0, 0, 0, 0, 0, 1 } success=true gas_left=78569
expected 0, found 1000000000000000000
RETURN: addr={ 16, 0, 0, 0, 0, 0, 0, 0, 0, 0, 0, 0, 0, 0, 0, 0, 0, 0, 0, 2 } success=true gas_left=94997
RETURN: addr={ 16, 0, 0, 0, 0, 0, 0, 0, 0, 0, 0, 0, 0, 0, 0, 0, 0, 0, 0, 1 } success=true gas_left=122836
expected 1000000000000000000, found 1000000010000000000
expected 1, found 0
expected 7749745057451750595654250470445435725065736516031707630110021203977110040882, found 0
expected 30160631535474763751089883118150601227211346208384589246060230858002923520, found 0
expected 100, found 99
TRANSFER: from={ 185, 79, 83, 116, 252, 229, 237, 188, 142, 42, 134, 151, 193, 83, 49, 103, 126, 110, 191, 11 } to={ 201, 79, 83, 116, 252, 229, 237, 188, 142, 42, 134, 151, 193, 83, 49, 103, 126, 110, 191, 11 } value=1 (caller_bal=1000000000010 callee_bal=1000000000000)
RETURN: addr={ 201, 79, 83, 116, 252, 229, 237, 188, 142, 42, 134, 151, 193, 83, 49, 103, 126, 110, 191, 11 } success=true gas_left=98156
expected 1, found 0
expected 0, found 2
RETURN: addr={ 185, 79, 83, 116, 252, 229, 237, 188, 142, 42, 134, 151, 193, 83, 49, 103, 126, 110, 191, 11 } success=false gas_left=944
RETURN: addr={ 185, 79, 83, 116, 252, 229, 237, 188, 142, 42, 134, 151, 193, 83, 49, 103, 126, 110, 191, 11 } success=false gas_left=18482
test-specs
+- run test failure
error: the following command terminated unexpectedly:
cd /Users/williamcory/guillotine-mini && ./.zig-cache/o/8c1c8be9f5980bfd33e0081ef4588a25/test

Build Summary: 1/3 steps succeeded; 1 failed
test-specs transitive failure
+- run test failure

error: the following build command failed with exit code 1:
.zig-cache/o/82b15aa0f0fa8ce1abc375cd0da79b0f/build /opt/homebrew/Cellar/zig/0.15.1/bin/zig /opt/homebrew/Cellar/zig/0.15.1/lib/zig /Users/williamcory/guillotine-mini .zig-cache /Users/williamcory/.cache/zig --seed 0x2d8bd526 -Z1b8252c5d4d95c07 test-specs
