Specs already built, skipping fill
Found 930 JSON test files
Generating all test files...
Generated: /Users/williamcory/guillotine-mini/test/specs/generated/blockchain_tests_engine/eest/constantinople/eip145_bitwise_shift/shift_combinations/combinations.zig
Generated: /Users/williamcory/guillotine-mini/test/specs/generated/blockchain_tests_engine/eest/constantinople/eip1014_create2/recreate/recreate.zig
Generated: /Users/williamcory/guillotine-mini/test/specs/generated/blockchain_tests_engine/eest/constantinople/eip1014_create2/create_returndata/create2_return_data.zig
Generated: /Users/williamcory/guillotine-mini/test/specs/generated/blockchain_tests_engine/eest/paris/security/selfdestruct_balance_bug/tx_selfdestruct_balance_bug.zig
Generated: /Users/williamcory/guillotine-mini/test/specs/generated/blockchain_tests_engine/eest/homestead/coverage/coverage/coverage.zig
Generated: /Users/williamcory/guillotine-mini/test/specs/generated/blockchain_tests_engine/eest/shanghai/eip3860_initcode/with_eof/legacy_create_edge_code_size.zig
Generated: /Users/williamcory/guillotine-mini/test/specs/generated/blockchain_tests_engine/eest/shanghai/eip3860_initcode/initcode/create_opcode_initcode.zig
Generated: /Users/williamcory/guillotine-mini/test/specs/generated/blockchain_tests_engine/eest/shanghai/eip3860_initcode/initcode/gas_usage.zig
Generated: /Users/williamcory/guillotine-mini/test/specs/generated/blockchain_tests_engine/eest/shanghai/eip3860_initcode/initcode/contract_creating_tx.zig
Generated: /Users/williamcory/guillotine-mini/test/specs/generated/blockchain_tests_engine/eest/shanghai/eip3855_push0/push0/push0_contracts.zig
Generated: /Users/williamcory/guillotine-mini/test/specs/generated/blockchain_tests_engine/eest/shanghai/eip3855_push0/push0/push0_contract_during_call_contexts.zig
Generated: /Users/williamcory/guillotine-mini/test/specs/generated/blockchain_tests_engine/eest/shanghai/eip3651_warm_coinbase/warm_coinbase/warm_coinbase_call_out_of_gas.zig
Generated: /Users/williamcory/guillotine-mini/test/specs/generated/blockchain_tests_engine/eest/shanghai/eip3651_warm_coinbase/warm_coinbase/warm_coinbase_gas_usage.zig
Generated: /Users/williamcory/guillotine-mini/test/specs/generated/blockchain_tests_engine/eest/shanghai/eip4895_withdrawals/withdrawals/withdrawing_to_precompiles.zig
Generated: /Users/williamcory/guillotine-mini/test/specs/generated/blockchain_tests_engine/eest/shanghai/eip4895_withdrawals/withdrawals/self_destructing_account.zig
Generated: /Users/williamcory/guillotine-mini/test/specs/generated/blockchain_tests_engine/eest/shanghai/eip4895_withdrawals/withdrawals/multiple_withdrawals_same_address.zig
Generated: /Users/williamcory/guillotine-mini/test/specs/generated/blockchain_tests_engine/eest/shanghai/eip4895_withdrawals/withdrawals/use_value_in_contract.zig
Generated: /Users/williamcory/guillotine-mini/test/specs/generated/blockchain_tests_engine/eest/shanghai/eip4895_withdrawals/withdrawals/balance_within_block.zig
Generated: /Users/williamcory/guillotine-mini/test/specs/generated/blockchain_tests_engine/eest/shanghai/eip4895_withdrawals/withdrawals/no_evm_execution.zig
Generated: /Users/williamcory/guillotine-mini/test/specs/generated/blockchain_tests_engine/eest/shanghai/eip4895_withdrawals/withdrawals/zero_amount.zig
Generated: /Users/williamcory/guillotine-mini/test/specs/generated/blockchain_tests_engine/eest/shanghai/eip4895_withdrawals/withdrawals/newly_created_contract.zig
Generated: /Users/williamcory/guillotine-mini/test/specs/generated/blockchain_tests_engine/eest/shanghai/eip4895_withdrawals/withdrawals/large_amount.zig
Generated: /Users/williamcory/guillotine-mini/test/specs/generated/blockchain_tests_engine/eest/shanghai/eip4895_withdrawals/withdrawals/use_value_in_tx.zig
Generated: /Users/williamcory/guillotine-mini/test/specs/generated/blockchain_tests_engine/eest/shanghai/eip4895_withdrawals/withdrawals/many_withdrawals.zig
Generated: /Users/williamcory/guillotine-mini/test/specs/generated/blockchain_tests_engine/eest/cancun/eip5656_mcopy/mcopy_memory_expansion/mcopy_memory_expansion.zig
Generated: /Users/williamcory/guillotine-mini/test/specs/generated/blockchain_tests_engine/eest/cancun/eip5656_mcopy/mcopy_memory_expansion/mcopy_huge_memory_expansion.zig
Generated: /Users/williamcory/guillotine-mini/test/specs/generated/blockchain_tests_engine/eest/cancun/eip5656_mcopy/mcopy_contexts/no_memory_corruption_on_upper_create_stack_levels.zig
Generated: /Users/williamcory/guillotine-mini/test/specs/generated/blockchain_tests_engine/eest/cancun/eip5656_mcopy/mcopy_contexts/no_memory_corruption_on_upper_call_stack_levels.zig
Generated: /Users/williamcory/guillotine-mini/test/specs/generated/blockchain_tests_engine/eest/cancun/eip5656_mcopy/mcopy/mcopy_on_empty_memory.zig
Generated: /Users/williamcory/guillotine-mini/test/specs/generated/blockchain_tests_engine/eest/cancun/eip5656_mcopy/mcopy/valid_mcopy_operations.zig
Generated: /Users/williamcory/guillotine-mini/test/specs/generated/blockchain_tests_engine/eest/cancun/eip1153_tstore/tstore_reentrancy/tstore_reentrancy.zig
Generated: /Users/williamcory/guillotine-mini/test/specs/generated/blockchain_tests_engine/eest/cancun/eip1153_tstore/tload_calls/tload_calls.zig
Generated: /Users/williamcory/guillotine-mini/test/specs/generated/blockchain_tests_engine/eest/cancun/eip1153_tstore/tstorage/gas_usage.zig
Generated: /Users/williamcory/guillotine-mini/test/specs/generated/blockchain_tests_engine/eest/cancun/eip1153_tstore/tstorage/transient_storage_unset_values.zig
Generated: /Users/williamcory/guillotine-mini/test/specs/generated/blockchain_tests_engine/eest/cancun/eip1153_tstore/tstorage/run_until_out_of_gas.zig
Generated: /Users/williamcory/guillotine-mini/test/specs/generated/blockchain_tests_engine/eest/cancun/eip1153_tstore/tstorage/tload_after_tstore_is_zero.zig
Generated: /Users/williamcory/guillotine-mini/test/specs/generated/blockchain_tests_engine/eest/cancun/eip1153_tstore/tstorage/tload_after_tstore.zig
Generated: /Users/williamcory/guillotine-mini/test/specs/generated/blockchain_tests_engine/eest/cancun/eip1153_tstore/tstorage/tload_after_sstore.zig
Generated: /Users/williamcory/guillotine-mini/test/specs/generated/blockchain_tests_engine/eest/cancun/eip1153_tstore/tstorage_reentrancy_contexts/reentrant_call.zig
Generated: /Users/williamcory/guillotine-mini/test/specs/generated/blockchain_tests_engine/eest/cancun/eip1153_tstore/tstorage_execution_contexts/subcall.zig
Generated: /Users/williamcory/guillotine-mini/test/specs/generated/blockchain_tests_engine/eest/cancun/eip1153_tstore/basic_tload/basic_tload_transaction_begin.zig
Generated: /Users/williamcory/guillotine-mini/test/specs/generated/blockchain_tests_engine/eest/cancun/eip1153_tstore/basic_tload/basic_tload_gasprice.zig
Generated: /Users/williamcory/guillotine-mini/test/specs/generated/blockchain_tests_engine/eest/cancun/eip1153_tstore/basic_tload/basic_tload_works.zig
Generated: /Users/williamcory/guillotine-mini/test/specs/generated/blockchain_tests_engine/eest/cancun/eip1153_tstore/basic_tload/basic_tload_after_store.zig
Generated: /Users/williamcory/guillotine-mini/test/specs/generated/blockchain_tests_engine/eest/cancun/eip1153_tstore/basic_tload/basic_tload_other_after_tstore.zig
Generated: /Users/williamcory/guillotine-mini/test/specs/generated/blockchain_tests_engine/eest/cancun/eip1153_tstore/tstorage_selfdestruct/reentrant_selfdestructing_call.zig
Generated: /Users/williamcory/guillotine-mini/test/specs/generated/blockchain_tests_engine/eest/cancun/eip1153_tstore/tstorage_clear_after_tx/tstore_clear_after_deployment_tx.zig
Generated: /Users/williamcory/guillotine-mini/test/specs/generated/blockchain_tests_engine/eest/cancun/eip1153_tstore/tstorage_clear_after_tx/tstore_clear_after_tx.zig
Generated: /Users/williamcory/guillotine-mini/test/specs/generated/blockchain_tests_engine/eest/cancun/eip1153_tstore/tstorage_create_contexts/contract_creation.zig
Generated: /Users/williamcory/guillotine-mini/test/specs/generated/blockchain_tests_engine/eest/cancun/eip1153_tstore/tload_reentrancy/tload_reentrancy.zig
Generated: /Users/williamcory/guillotine-mini/test/specs/generated/blockchain_tests_engine/eest/cancun/eip4844_blobs/excess_blob_gas_fork_transition/invalid_pre_fork_block_with_blob_fields.zig
Generated: /Users/williamcory/guillotine-mini/test/specs/generated/blockchain_tests_engine/eest/cancun/eip4844_blobs/excess_blob_gas_fork_transition/fork_transition_excess_blob_gas_post_blob_genesis.zig
Generated: /Users/williamcory/guillotine-mini/test/specs/generated/blockchain_tests_engine/eest/cancun/eip4844_blobs/excess_blob_gas_fork_transition/fork_transition_excess_blob_gas_at_blob_genesis.zig
Generated: /Users/williamcory/guillotine-mini/test/specs/generated/blockchain_tests_engine/eest/cancun/eip4844_blobs/excess_blob_gas_fork_transition/invalid_post_fork_block_without_blob_fields.zig
Generated: /Users/williamcory/guillotine-mini/test/specs/generated/blockchain_tests_engine/eest/cancun/eip4844_blobs/point_evaluation_precompile/precompile_before_fork.zig
Generated: /Users/williamcory/guillotine-mini/test/specs/generated/blockchain_tests_engine/eest/cancun/eip4844_blobs/point_evaluation_precompile/valid_inputs.zig
Generated: /Users/williamcory/guillotine-mini/test/specs/generated/blockchain_tests_engine/eest/cancun/eip4844_blobs/point_evaluation_precompile/precompile_during_fork.zig
Generated: /Users/williamcory/guillotine-mini/test/specs/generated/blockchain_tests_engine/eest/cancun/eip4844_blobs/point_evaluation_precompile/external_vectors.zig
Generated: /Users/williamcory/guillotine-mini/test/specs/generated/blockchain_tests_engine/eest/cancun/eip4844_blobs/point_evaluation_precompile/invalid_inputs.zig
Generated: /Users/williamcory/guillotine-mini/test/specs/generated/blockchain_tests_engine/eest/cancun/eip4844_blobs/point_evaluation_precompile/tx_entry_point.zig
Generated: /Users/williamcory/guillotine-mini/test/specs/generated/blockchain_tests_engine/eest/cancun/eip4844_blobs/point_evaluation_precompile/call_opcode_types.zig
Generated: /Users/williamcory/guillotine-mini/test/specs/generated/blockchain_tests_engine/eest/cancun/eip4844_blobs/blob_txs/sufficient_balance_blob_tx_pre_fund_tx.zig
Generated: /Users/williamcory/guillotine-mini/test/specs/generated/blockchain_tests_engine/eest/cancun/eip4844_blobs/blob_txs/blob_gas_subtraction_tx.zig
Generated: /Users/williamcory/guillotine-mini/test/specs/generated/blockchain_tests_engine/eest/cancun/eip4844_blobs/blob_txs/insufficient_balance_blob_tx.zig
Generated: /Users/williamcory/guillotine-mini/test/specs/generated/blockchain_tests_engine/eest/cancun/eip4844_blobs/blob_txs/sufficient_balance_blob_tx.zig
Generated: /Users/williamcory/guillotine-mini/test/specs/generated/blockchain_tests_engine/eest/cancun/eip4844_blobs/blob_txs/invalid_block_blob_count.zig
Generated: /Users/williamcory/guillotine-mini/test/specs/generated/blockchain_tests_engine/eest/cancun/eip4844_blobs/blob_txs/invalid_blob_hash_versioning_single_tx.zig
Generated: /Users/williamcory/guillotine-mini/test/specs/generated/blockchain_tests_engine/eest/cancun/eip4844_blobs/blob_txs/blob_type_tx_pre_fork.zig
Generated: /Users/williamcory/guillotine-mini/test/specs/generated/blockchain_tests_engine/eest/cancun/eip4844_blobs/blob_txs/insufficient_balance_blob_tx_combinations.zig
Generated: /Users/williamcory/guillotine-mini/test/specs/generated/blockchain_tests_engine/eest/cancun/eip4844_blobs/blob_txs/invalid_normal_gas.zig
Generated: /Users/williamcory/guillotine-mini/test/specs/generated/blockchain_tests_engine/eest/cancun/eip4844_blobs/blob_txs/invalid_blob_tx_contract_creation.zig
Generated: /Users/williamcory/guillotine-mini/test/specs/generated/blockchain_tests_engine/eest/cancun/eip4844_blobs/blob_txs/invalid_tx_max_fee_per_blob_gas.zig
Generated: /Users/williamcory/guillotine-mini/test/specs/generated/blockchain_tests_engine/eest/cancun/eip4844_blobs/blob_txs/blob_tx_attribute_gasprice_opcode.zig
Generated: /Users/williamcory/guillotine-mini/test/specs/generated/blockchain_tests_engine/eest/cancun/eip4844_blobs/blob_txs/blob_tx_attribute_value_opcode.zig
Generated: /Users/williamcory/guillotine-mini/test/specs/generated/blockchain_tests_engine/eest/cancun/eip4844_blobs/blob_txs/blob_tx_attribute_calldata_opcodes.zig
Generated: /Users/williamcory/guillotine-mini/test/specs/generated/blockchain_tests_engine/eest/cancun/eip4844_blobs/blob_txs/invalid_blob_hash_versioning_multiple_txs.zig
Generated: /Users/williamcory/guillotine-mini/test/specs/generated/blockchain_tests_engine/eest/cancun/eip4844_blobs/blob_txs/invalid_tx_blob_count.zig
Generated: /Users/williamcory/guillotine-mini/test/specs/generated/blockchain_tests_engine/eest/cancun/eip4844_blobs/blob_txs/valid_blob_tx_combinations.zig
Generated: /Users/williamcory/guillotine-mini/test/specs/generated/blockchain_tests_engine/eest/cancun/eip4844_blobs/blob_txs/blob_tx_attribute_opcodes.zig
Generated: /Users/williamcory/guillotine-mini/test/specs/generated/blockchain_tests_engine/eest/cancun/eip4844_blobs/blob_txs_full/reject_valid_full_blob_in_block_rlp.zig
Generated: /Users/williamcory/guillotine-mini/test/specs/generated/blockchain_tests_engine/eest/cancun/eip4844_blobs/blobhash_opcode/blobhash_gas_cost.zig
Generated: /Users/williamcory/guillotine-mini/test/specs/generated/blockchain_tests_engine/eest/cancun/eip4844_blobs/blobhash_opcode/blobhash_scenarios.zig
Generated: /Users/williamcory/guillotine-mini/test/specs/generated/blockchain_tests_engine/eest/cancun/eip4844_blobs/blobhash_opcode/blobhash_multiple_txs_in_block.zig
Generated: /Users/williamcory/guillotine-mini/test/specs/generated/blockchain_tests_engine/eest/cancun/eip4844_blobs/blobhash_opcode/blobhash_invalid_blob_index.zig
Generated: /Users/williamcory/guillotine-mini/test/specs/generated/blockchain_tests_engine/eest/cancun/eip4844_blobs/point_evaluation_precompile_gas/point_evaluation_precompile_gas_usage.zig
Generated: /Users/williamcory/guillotine-mini/test/specs/generated/blockchain_tests_engine/eest/cancun/eip4844_blobs/blobhash_opcode_contexts/blobhash_opcode_contexts.zig
Generated: /Users/williamcory/guillotine-mini/test/specs/generated/blockchain_tests_engine/eest/cancun/eip4844_blobs/blobhash_opcode_contexts/blobhash_opcode_contexts_tx_types.zig
Generated: /Users/williamcory/guillotine-mini/test/specs/generated/blockchain_tests_engine/eest/cancun/eip4844_blobs/excess_blob_gas/invalid_negative_excess_blob_gas.zig
Generated: /Users/williamcory/guillotine-mini/test/specs/generated/blockchain_tests_engine/eest/cancun/eip4844_blobs/excess_blob_gas/correct_decreasing_blob_gas_costs.zig
Generated: /Users/williamcory/guillotine-mini/test/specs/generated/blockchain_tests_engine/eest/cancun/eip4844_blobs/excess_blob_gas/invalid_excess_blob_gas_change.zig
Generated: /Users/williamcory/guillotine-mini/test/specs/generated/blockchain_tests_engine/eest/cancun/eip4844_blobs/excess_blob_gas/correct_increasing_blob_gas_costs.zig
Generated: /Users/williamcory/guillotine-mini/test/specs/generated/blockchain_tests_engine/eest/cancun/eip4844_blobs/excess_blob_gas/invalid_static_excess_blob_gas.zig
Generated: /Users/williamcory/guillotine-mini/test/specs/generated/blockchain_tests_engine/eest/cancun/eip4844_blobs/excess_blob_gas/invalid_excess_blob_gas_target_blobs_increase_from_zero.zig
Generated: /Users/williamcory/guillotine-mini/test/specs/generated/blockchain_tests_engine/eest/cancun/eip4844_blobs/excess_blob_gas/correct_excess_blob_gas_calculation.zig
Generated: /Users/williamcory/guillotine-mini/test/specs/generated/blockchain_tests_engine/eest/cancun/eip4844_blobs/excess_blob_gas/invalid_blob_gas_used_in_header.zig
Generated: /Users/williamcory/guillotine-mini/test/specs/generated/blockchain_tests_engine/eest/cancun/eip4844_blobs/excess_blob_gas/invalid_zero_excess_blob_gas_in_header.zig
Generated: /Users/williamcory/guillotine-mini/test/specs/generated/blockchain_tests_engine/eest/cancun/eip4844_blobs/excess_blob_gas/invalid_excess_blob_gas_above_target_change.zig
Generated: /Users/williamcory/guillotine-mini/test/specs/generated/blockchain_tests_engine/eest/cancun/eip4844_blobs/excess_blob_gas/invalid_non_multiple_excess_blob_gas.zig
Generated: /Users/williamcory/guillotine-mini/test/specs/generated/blockchain_tests_engine/eest/cancun/eip4844_blobs/excess_blob_gas/invalid_static_excess_blob_gas_from_zero_on_blobs_above_target.zig
Progress: 100/930 files...
Generated: /Users/williamcory/guillotine-mini/test/specs/generated/blockchain_tests_engine/eest/cancun/eip6780_selfdestruct/reentrancy_selfdestruct_revert/reentrancy_selfdestruct_revert.zig
Generated: /Users/williamcory/guillotine-mini/test/specs/generated/blockchain_tests_engine/eest/cancun/eip6780_selfdestruct/selfdestruct/calling_from_new_contract_to_pre_existing_contract.zig
Generated: /Users/williamcory/guillotine-mini/test/specs/generated/blockchain_tests_engine/eest/cancun/eip6780_selfdestruct/selfdestruct/create_selfdestruct_same_tx.zig
Generated: /Users/williamcory/guillotine-mini/test/specs/generated/blockchain_tests_engine/eest/cancun/eip6780_selfdestruct/selfdestruct/recreate_self_destructed_contract_different_txs.zig
Generated: /Users/williamcory/guillotine-mini/test/specs/generated/blockchain_tests_engine/eest/cancun/eip6780_selfdestruct/selfdestruct/create_selfdestruct_same_tx_increased_nonce.zig
Generated: /Users/williamcory/guillotine-mini/test/specs/generated/blockchain_tests_engine/eest/cancun/eip6780_selfdestruct/selfdestruct/self_destructing_initcode.zig
Generated: /Users/williamcory/guillotine-mini/test/specs/generated/blockchain_tests_engine/eest/cancun/eip6780_selfdestruct/selfdestruct/self_destructing_initcode_create_tx.zig
Generated: /Users/williamcory/guillotine-mini/test/specs/generated/blockchain_tests_engine/eest/cancun/eip6780_selfdestruct/selfdestruct/selfdestruct_created_same_block_different_tx.zig
Generated: /Users/williamcory/guillotine-mini/test/specs/generated/blockchain_tests_engine/eest/cancun/eip6780_selfdestruct/selfdestruct/calling_from_pre_existing_contract_to_new_contract.zig
Generated: /Users/williamcory/guillotine-mini/test/specs/generated/blockchain_tests_engine/eest/cancun/eip6780_selfdestruct/selfdestruct/selfdestruct_pre_existing.zig
Generated: /Users/williamcory/guillotine-mini/test/specs/generated/blockchain_tests_engine/eest/cancun/eip6780_selfdestruct/dynamic_create2_selfdestruct_collision/dynamic_create2_selfdestruct_collision_multi_tx.zig
Generated: /Users/williamcory/guillotine-mini/test/specs/generated/blockchain_tests_engine/eest/cancun/eip6780_selfdestruct/dynamic_create2_selfdestruct_collision/dynamic_create2_selfdestruct_collision.zig
Generated: /Users/williamcory/guillotine-mini/test/specs/generated/blockchain_tests_engine/eest/cancun/eip6780_selfdestruct/dynamic_create2_selfdestruct_collision/dynamic_create2_selfdestruct_collision_two_different_transactions.zig
Generated: /Users/williamcory/guillotine-mini/test/specs/generated/blockchain_tests_engine/eest/cancun/eip6780_selfdestruct/selfdestruct_revert/selfdestruct_not_created_in_same_tx_with_revert.zig
Generated: /Users/williamcory/guillotine-mini/test/specs/generated/blockchain_tests_engine/eest/cancun/eip6780_selfdestruct/selfdestruct_revert/selfdestruct_created_in_same_tx_with_revert.zig
Generated: /Users/williamcory/guillotine-mini/test/specs/generated/blockchain_tests_engine/eest/cancun/eip7516_blobgasfee/blobgasfee_opcode/blobbasefee_during_fork.zig
Generated: /Users/williamcory/guillotine-mini/test/specs/generated/blockchain_tests_engine/eest/cancun/eip7516_blobgasfee/blobgasfee_opcode/blobbasefee_before_fork.zig
Generated: /Users/williamcory/guillotine-mini/test/specs/generated/blockchain_tests_engine/eest/cancun/eip7516_blobgasfee/blobgasfee_opcode/blobbasefee_out_of_gas.zig
Generated: /Users/williamcory/guillotine-mini/test/specs/generated/blockchain_tests_engine/eest/cancun/eip7516_blobgasfee/blobgasfee_opcode/blobbasefee_stack_overflow.zig
Generated: /Users/williamcory/guillotine-mini/test/specs/generated/blockchain_tests_engine/eest/cancun/eip4788_beacon_root/beacon_root_contract/beacon_root_selfdestruct.zig
Generated: /Users/williamcory/guillotine-mini/test/specs/generated/blockchain_tests_engine/eest/cancun/eip4788_beacon_root/beacon_root_contract/beacon_root_contract_timestamps.zig
Generated: /Users/williamcory/guillotine-mini/test/specs/generated/blockchain_tests_engine/eest/cancun/eip4788_beacon_root/beacon_root_contract/multi_block_beacon_root_timestamp_calls.zig
Generated: /Users/williamcory/guillotine-mini/test/specs/generated/blockchain_tests_engine/eest/cancun/eip4788_beacon_root/beacon_root_contract/beacon_root_contract_deploy.zig
Generated: /Users/williamcory/guillotine-mini/test/specs/generated/blockchain_tests_engine/eest/cancun/eip4788_beacon_root/beacon_root_contract/beacon_root_transition.zig
Generated: /Users/williamcory/guillotine-mini/test/specs/generated/blockchain_tests_engine/eest/cancun/eip4788_beacon_root/beacon_root_contract/no_beacon_root_contract_at_transition.zig
Generated: /Users/williamcory/guillotine-mini/test/specs/generated/blockchain_tests_engine/eest/cancun/eip4788_beacon_root/beacon_root_contract/beacon_root_equal_to_timestamp.zig
Generated: /Users/williamcory/guillotine-mini/test/specs/generated/blockchain_tests_engine/eest/cancun/eip4788_beacon_root/beacon_root_contract/beacon_root_contract_calls.zig
Generated: /Users/williamcory/guillotine-mini/test/specs/generated/blockchain_tests_engine/eest/cancun/eip4788_beacon_root/beacon_root_contract/calldata_lengths.zig
Generated: /Users/williamcory/guillotine-mini/test/specs/generated/blockchain_tests_engine/eest/cancun/eip4788_beacon_root/beacon_root_contract/invalid_beacon_root_calldata_value.zig
Generated: /Users/williamcory/guillotine-mini/test/specs/generated/blockchain_tests_engine/eest/cancun/eip4788_beacon_root/beacon_root_contract/tx_to_beacon_root_contract.zig
Generated: /Users/williamcory/guillotine-mini/test/specs/generated/blockchain_tests_engine/eest/istanbul/eip152_blake2/blake2/blake2b_gas_limit.zig
Generated: /Users/williamcory/guillotine-mini/test/specs/generated/blockchain_tests_engine/eest/istanbul/eip152_blake2/blake2/blake2b.zig
Generated: /Users/williamcory/guillotine-mini/test/specs/generated/blockchain_tests_engine/eest/istanbul/eip152_blake2/blake2/blake2b_invalid_gas.zig
Generated: /Users/williamcory/guillotine-mini/test/specs/generated/blockchain_tests_engine/eest/istanbul/eip152_blake2/blake2/blake2b_large_gas_limit.zig
Generated: /Users/williamcory/guillotine-mini/test/specs/generated/blockchain_tests_engine/eest/istanbul/eip152_blake2/blake2_delegatecall/blake2_precompile_delegatecall.zig
Generated: /Users/williamcory/guillotine-mini/test/specs/generated/blockchain_tests_engine/eest/istanbul/eip1344_chainid/chainid/chainid.zig
Generated: /Users/williamcory/guillotine-mini/test/specs/generated/blockchain_tests_engine/eest/osaka/eip7883_modexp_gas_increase/modexp_thresholds/vectors_from_legacy_tests.zig
Generated: /Users/williamcory/guillotine-mini/test/specs/generated/blockchain_tests_engine/eest/osaka/eip7883_modexp_gas_increase/modexp_thresholds/modexp_gas_usage_contract_wrapper.zig
Generated: /Users/williamcory/guillotine-mini/test/specs/generated/blockchain_tests_engine/eest/osaka/eip7883_modexp_gas_increase/modexp_thresholds/modexp_variable_gas_cost_exceed_tx_gas_cap.zig
Generated: /Users/williamcory/guillotine-mini/test/specs/generated/blockchain_tests_engine/eest/osaka/eip7883_modexp_gas_increase/modexp_thresholds/modexp_variable_gas_cost.zig
Generated: /Users/williamcory/guillotine-mini/test/specs/generated/blockchain_tests_engine/eest/osaka/eip7883_modexp_gas_increase/modexp_thresholds/vectors_from_eip.zig
Generated: /Users/williamcory/guillotine-mini/test/specs/generated/blockchain_tests_engine/eest/osaka/eip7883_modexp_gas_increase/modexp_thresholds/modexp_used_in_transaction_entry_points.zig
Generated: /Users/williamcory/guillotine-mini/test/specs/generated/blockchain_tests_engine/eest/osaka/eip7883_modexp_gas_increase/modexp_thresholds/modexp_call_operations.zig
Generated: /Users/williamcory/guillotine-mini/test/specs/generated/blockchain_tests_engine/eest/osaka/eip7883_modexp_gas_increase/modexp_thresholds/modexp_invalid_inputs.zig
Generated: /Users/williamcory/guillotine-mini/test/specs/generated/blockchain_tests_engine/eest/osaka/eip7823_modexp_upper_bounds/modexp_upper_bounds/modexp_upper_bounds.zig
Generated: /Users/williamcory/guillotine-mini/test/specs/generated/blockchain_tests_engine/eest/osaka/eip7825_transaction_gas_limit_cap/tx_gas_limit/transaction_gas_limit_cap.zig
Generated: /Users/williamcory/guillotine-mini/test/specs/generated/blockchain_tests_engine/eest/frontier/precompiles/precompile_absence/precompile_absence.zig
Generated: /Users/williamcory/guillotine-mini/test/specs/generated/blockchain_tests_engine/eest/frontier/precompiles/precompiles/precompiles.zig
Generated: /Users/williamcory/guillotine-mini/test/specs/generated/blockchain_tests_engine/eest/frontier/identity_precompile/identity/call_identity_precompile.zig
Generated: /Users/williamcory/guillotine-mini/test/specs/generated/blockchain_tests_engine/eest/frontier/identity_precompile/identity/call_identity_precompile_large_params.zig
Generated: /Users/williamcory/guillotine-mini/test/specs/generated/blockchain_tests_engine/eest/frontier/identity_precompile/identity_returndatasize/identity_precompile_returndata.zig
Generated: /Users/williamcory/guillotine-mini/test/specs/generated/blockchain_tests_engine/eest/frontier/scenarios/scenarios/scenarios.zig
Generated: /Users/williamcory/guillotine-mini/test/specs/generated/blockchain_tests_engine/eest/frontier/create/create_one_byte/create_one_byte.zig
Generated: /Users/williamcory/guillotine-mini/test/specs/generated/blockchain_tests_engine/eest/frontier/opcodes/call_and_callcode_gas_calculation/value_transfer_gas_calculation.zig
Generated: /Users/williamcory/guillotine-mini/test/specs/generated/blockchain_tests_engine/eest/frontier/opcodes/calldatacopy/calldatacopy.zig
Generated: /Users/williamcory/guillotine-mini/test/specs/generated/blockchain_tests_engine/eest/frontier/opcodes/calldatasize/calldatasize.zig
Generated: /Users/williamcory/guillotine-mini/test/specs/generated/blockchain_tests_engine/eest/frontier/opcodes/all_opcodes/cover_revert.zig
Generated: /Users/williamcory/guillotine-mini/test/specs/generated/blockchain_tests_engine/eest/frontier/opcodes/all_opcodes/all_opcodes.zig
Generated: /Users/williamcory/guillotine-mini/test/specs/generated/blockchain_tests_engine/eest/frontier/opcodes/dup/dup.zig
Generated: /Users/williamcory/guillotine-mini/test/specs/generated/blockchain_tests_engine/eest/frontier/opcodes/calldataload/calldataload.zig
Generated: /Users/williamcory/guillotine-mini/test/specs/generated/blockchain_tests_engine/eest/frontier/opcodes/push/push.zig
Generated: /Users/williamcory/guillotine-mini/test/specs/generated/blockchain_tests_engine/eest/frontier/opcodes/push/stack_overflow.zig
Generated: /Users/williamcory/guillotine-mini/test/specs/generated/blockchain_tests_engine/eest/frontier/opcodes/call/call_large_offset_mstore.zig
Generated: /Users/williamcory/guillotine-mini/test/specs/generated/blockchain_tests_engine/eest/frontier/opcodes/call/call_large_args_offset_size_zero.zig
Generated: /Users/williamcory/guillotine-mini/test/specs/generated/blockchain_tests_engine/eest/frontier/opcodes/call/call_memory_expands_on_early_revert.zig
Generated: /Users/williamcory/guillotine-mini/test/specs/generated/blockchain_tests_engine/eest/prague/eip7251_consolidations/contract_deployment/system_contract_deployment.zig
Generated: /Users/williamcory/guillotine-mini/test/specs/generated/blockchain_tests_engine/eest/prague/eip7251_consolidations/modified_consolidation_contract/extra_consolidations.zig
Generated: /Users/williamcory/guillotine-mini/test/specs/generated/blockchain_tests_engine/eest/prague/eip7251_consolidations/modified_consolidation_contract/system_contract_errors.zig
Generated: /Users/williamcory/guillotine-mini/test/specs/generated/blockchain_tests_engine/eest/prague/eip7251_consolidations/consolidations_during_fork/consolidation_requests_during_fork.zig
Generated: /Users/williamcory/guillotine-mini/test/specs/generated/blockchain_tests_engine/eest/prague/eip7251_consolidations/consolidations/consolidation_requests.zig
Generated: /Users/williamcory/guillotine-mini/test/specs/generated/blockchain_tests_engine/eest/prague/eip7251_consolidations/consolidations/consolidation_requests_negative.zig
Generated: /Users/williamcory/guillotine-mini/test/specs/generated/blockchain_tests_engine/eest/prague/eip6110_deposits/deposits/deposit_negative.zig
Generated: /Users/williamcory/guillotine-mini/test/specs/generated/blockchain_tests_engine/eest/prague/eip6110_deposits/deposits/deposit.zig
Generated: /Users/williamcory/guillotine-mini/test/specs/generated/blockchain_tests_engine/eest/prague/eip6110_deposits/modified_contract/invalid_log_length.zig
Generated: /Users/williamcory/guillotine-mini/test/specs/generated/blockchain_tests_engine/eest/prague/eip6110_deposits/modified_contract/invalid_layout.zig
Generated: /Users/williamcory/guillotine-mini/test/specs/generated/blockchain_tests_engine/eest/prague/eip6110_deposits/modified_contract/extra_logs.zig
Generated: /Users/williamcory/guillotine-mini/test/specs/generated/blockchain_tests_engine/eest/prague/eip2935_historical_block_hashes_from_state/contract_deployment/system_contract_deployment.zig
Generated: /Users/williamcory/guillotine-mini/test/specs/generated/blockchain_tests_engine/eest/prague/eip2935_historical_block_hashes_from_state/block_hashes/block_hashes_call_opcodes.zig
Generated: /Users/williamcory/guillotine-mini/test/specs/generated/blockchain_tests_engine/eest/prague/eip2935_historical_block_hashes_from_state/block_hashes/block_hashes_history.zig
Generated: /Users/williamcory/guillotine-mini/test/specs/generated/blockchain_tests_engine/eest/prague/eip2935_historical_block_hashes_from_state/block_hashes/block_hashes_history_at_transition.zig
Generated: /Users/williamcory/guillotine-mini/test/specs/generated/blockchain_tests_engine/eest/prague/eip2935_historical_block_hashes_from_state/block_hashes/invalid_history_contract_calls.zig
Generated: /Users/williamcory/guillotine-mini/test/specs/generated/blockchain_tests_engine/eest/prague/eip2935_historical_block_hashes_from_state/block_hashes/invalid_history_contract_calls_input_size.zig
Generated: /Users/williamcory/guillotine-mini/test/specs/generated/blockchain_tests_engine/eest/prague/eip7685_general_purpose_el_requests/multi_type_requests/valid_multi_type_request_from_same_tx.zig
Generated: /Users/williamcory/guillotine-mini/test/specs/generated/blockchain_tests_engine/eest/prague/eip7685_general_purpose_el_requests/multi_type_requests/invalid_multi_type_requests.zig
Generated: /Users/williamcory/guillotine-mini/test/specs/generated/blockchain_tests_engine/eest/prague/eip7685_general_purpose_el_requests/multi_type_requests/invalid_multi_type_requests_engine.zig
Generated: /Users/williamcory/guillotine-mini/test/specs/generated/blockchain_tests_engine/eest/prague/eip7685_general_purpose_el_requests/multi_type_requests/valid_multi_type_requests.zig
Generated: /Users/williamcory/guillotine-mini/test/specs/generated/blockchain_tests_engine/eest/prague/eip7623_increase_calldata_cost/transaction_validity/transaction_validity_type_0.zig
Generated: /Users/williamcory/guillotine-mini/test/specs/generated/blockchain_tests_engine/eest/prague/eip7623_increase_calldata_cost/transaction_validity/transaction_validity_type_1_type_2.zig
Generated: /Users/williamcory/guillotine-mini/test/specs/generated/blockchain_tests_engine/eest/prague/eip7623_increase_calldata_cost/transaction_validity/transaction_validity_type_4.zig
Generated: /Users/williamcory/guillotine-mini/test/specs/generated/blockchain_tests_engine/eest/prague/eip7623_increase_calldata_cost/transaction_validity/transaction_validity_type_3.zig
Generated: /Users/williamcory/guillotine-mini/test/specs/generated/blockchain_tests_engine/eest/prague/eip7623_increase_calldata_cost/refunds/gas_refunds_from_data_floor.zig
Generated: /Users/williamcory/guillotine-mini/test/specs/generated/blockchain_tests_engine/eest/prague/eip7623_increase_calldata_cost/execution_gas/full_gas_consumption.zig
Generated: /Users/williamcory/guillotine-mini/test/specs/generated/blockchain_tests_engine/eest/prague/eip7623_increase_calldata_cost/execution_gas/gas_consumption_below_data_floor.zig
Generated: /Users/williamcory/guillotine-mini/test/specs/generated/blockchain_tests_engine/eest/prague/eip2537_bls_12_381_precompiles/bls12_g1mul/gas.zig
Generated: /Users/williamcory/guillotine-mini/test/specs/generated/blockchain_tests_engine/eest/prague/eip2537_bls_12_381_precompiles/bls12_g1mul/invalid.zig
Generated: /Users/williamcory/guillotine-mini/test/specs/generated/blockchain_tests_engine/eest/prague/eip2537_bls_12_381_precompiles/bls12_g1mul/valid.zig
Generated: /Users/williamcory/guillotine-mini/test/specs/generated/blockchain_tests_engine/eest/prague/eip2537_bls_12_381_precompiles/bls12_g1mul/call_types.zig
Generated: /Users/williamcory/guillotine-mini/test/specs/generated/blockchain_tests_engine/eest/prague/eip2537_bls_12_381_precompiles/bls12_g2msm/invalid.zig
Generated: /Users/williamcory/guillotine-mini/test/specs/generated/blockchain_tests_engine/eest/prague/eip2537_bls_12_381_precompiles/bls12_g2msm/valid.zig
Generated: /Users/williamcory/guillotine-mini/test/specs/generated/blockchain_tests_engine/eest/prague/eip2537_bls_12_381_precompiles/bls12_g2msm/call_types.zig
Progress: 200/930 files...
Generated: /Users/williamcory/guillotine-mini/test/specs/generated/blockchain_tests_engine/eest/prague/eip2537_bls_12_381_precompiles/bls12_precompiles_before_fork/precompile_before_fork.zig
Generated: /Users/williamcory/guillotine-mini/test/specs/generated/blockchain_tests_engine/eest/prague/eip2537_bls_12_381_precompiles/bls12_g2add/gas.zig
Generated: /Users/williamcory/guillotine-mini/test/specs/generated/blockchain_tests_engine/eest/prague/eip2537_bls_12_381_precompiles/bls12_g2add/invalid.zig
Generated: /Users/williamcory/guillotine-mini/test/specs/generated/blockchain_tests_engine/eest/prague/eip2537_bls_12_381_precompiles/bls12_g2add/valid.zig
Generated: /Users/williamcory/guillotine-mini/test/specs/generated/blockchain_tests_engine/eest/prague/eip2537_bls_12_381_precompiles/bls12_g2add/call_types.zig
Generated: /Users/williamcory/guillotine-mini/test/specs/generated/blockchain_tests_engine/eest/prague/eip2537_bls_12_381_precompiles/bls12_g1add/gas.zig
Generated: /Users/williamcory/guillotine-mini/test/specs/generated/blockchain_tests_engine/eest/prague/eip2537_bls_12_381_precompiles/bls12_g1add/invalid.zig
Generated: /Users/williamcory/guillotine-mini/test/specs/generated/blockchain_tests_engine/eest/prague/eip2537_bls_12_381_precompiles/bls12_g1add/valid.zig
Generated: /Users/williamcory/guillotine-mini/test/specs/generated/blockchain_tests_engine/eest/prague/eip2537_bls_12_381_precompiles/bls12_g1add/call_types.zig
Generated: /Users/williamcory/guillotine-mini/test/specs/generated/blockchain_tests_engine/eest/prague/eip2537_bls_12_381_precompiles/bls12_map_fp2_to_g2/gas.zig
Generated: /Users/williamcory/guillotine-mini/test/specs/generated/blockchain_tests_engine/eest/prague/eip2537_bls_12_381_precompiles/bls12_map_fp2_to_g2/invalid.zig
Generated: /Users/williamcory/guillotine-mini/test/specs/generated/blockchain_tests_engine/eest/prague/eip2537_bls_12_381_precompiles/bls12_map_fp2_to_g2/valid.zig
Generated: /Users/williamcory/guillotine-mini/test/specs/generated/blockchain_tests_engine/eest/prague/eip2537_bls_12_381_precompiles/bls12_map_fp2_to_g2/call_types.zig
Generated: /Users/williamcory/guillotine-mini/test/specs/generated/blockchain_tests_engine/eest/prague/eip2537_bls_12_381_precompiles/bls12_g1msm/invalid.zig
Generated: /Users/williamcory/guillotine-mini/test/specs/generated/blockchain_tests_engine/eest/prague/eip2537_bls_12_381_precompiles/bls12_g1msm/valid.zig
Generated: /Users/williamcory/guillotine-mini/test/specs/generated/blockchain_tests_engine/eest/prague/eip2537_bls_12_381_precompiles/bls12_g1msm/call_types.zig
Generated: /Users/williamcory/guillotine-mini/test/specs/generated/blockchain_tests_engine/eest/prague/eip2537_bls_12_381_precompiles/bls12_pairing/gas.zig
Generated: /Users/williamcory/guillotine-mini/test/specs/generated/blockchain_tests_engine/eest/prague/eip2537_bls_12_381_precompiles/bls12_pairing/invalid.zig
Generated: /Users/williamcory/guillotine-mini/test/specs/generated/blockchain_tests_engine/eest/prague/eip2537_bls_12_381_precompiles/bls12_pairing/valid.zig
Generated: /Users/williamcory/guillotine-mini/test/specs/generated/blockchain_tests_engine/eest/prague/eip2537_bls_12_381_precompiles/bls12_pairing/invalid_multi_inf.zig
Generated: /Users/williamcory/guillotine-mini/test/specs/generated/blockchain_tests_engine/eest/prague/eip2537_bls_12_381_precompiles/bls12_pairing/valid_multi_inf.zig
Generated: /Users/williamcory/guillotine-mini/test/specs/generated/blockchain_tests_engine/eest/prague/eip2537_bls_12_381_precompiles/bls12_pairing/call_types.zig
Generated: /Users/williamcory/guillotine-mini/test/specs/generated/blockchain_tests_engine/eest/prague/eip2537_bls_12_381_precompiles/bls12_g2mul/gas.zig
Generated: /Users/williamcory/guillotine-mini/test/specs/generated/blockchain_tests_engine/eest/prague/eip2537_bls_12_381_precompiles/bls12_g2mul/invalid.zig
Generated: /Users/williamcory/guillotine-mini/test/specs/generated/blockchain_tests_engine/eest/prague/eip2537_bls_12_381_precompiles/bls12_g2mul/valid.zig
Generated: /Users/williamcory/guillotine-mini/test/specs/generated/blockchain_tests_engine/eest/prague/eip2537_bls_12_381_precompiles/bls12_g2mul/call_types.zig
Generated: /Users/williamcory/guillotine-mini/test/specs/generated/blockchain_tests_engine/eest/prague/eip2537_bls_12_381_precompiles/bls12_map_fp_to_g1/gas.zig
Generated: /Users/williamcory/guillotine-mini/test/specs/generated/blockchain_tests_engine/eest/prague/eip2537_bls_12_381_precompiles/bls12_map_fp_to_g1/invalid.zig
Generated: /Users/williamcory/guillotine-mini/test/specs/generated/blockchain_tests_engine/eest/prague/eip2537_bls_12_381_precompiles/bls12_map_fp_to_g1/valid.zig
Generated: /Users/williamcory/guillotine-mini/test/specs/generated/blockchain_tests_engine/eest/prague/eip2537_bls_12_381_precompiles/bls12_map_fp_to_g1/isogeny_kernel_values.zig
Generated: /Users/williamcory/guillotine-mini/test/specs/generated/blockchain_tests_engine/eest/prague/eip2537_bls_12_381_precompiles/bls12_map_fp_to_g1/call_types.zig
Generated: /Users/williamcory/guillotine-mini/test/specs/generated/blockchain_tests_engine/eest/prague/eip2537_bls_12_381_precompiles/bls12_variable_length_input_contracts/valid_gas_g1msm.zig
Generated: /Users/williamcory/guillotine-mini/test/specs/generated/blockchain_tests_engine/eest/prague/eip2537_bls_12_381_precompiles/bls12_variable_length_input_contracts/invalid_gas_g1msm.zig
Generated: /Users/williamcory/guillotine-mini/test/specs/generated/blockchain_tests_engine/eest/prague/eip2537_bls_12_381_precompiles/bls12_variable_length_input_contracts/invalid_gas_g2msm.zig
Generated: /Users/williamcory/guillotine-mini/test/specs/generated/blockchain_tests_engine/eest/prague/eip2537_bls_12_381_precompiles/bls12_variable_length_input_contracts/valid_gas_g2msm.zig
Generated: /Users/williamcory/guillotine-mini/test/specs/generated/blockchain_tests_engine/eest/prague/eip2537_bls_12_381_precompiles/bls12_variable_length_input_contracts/invalid_zero_gas_pairing.zig
Generated: /Users/williamcory/guillotine-mini/test/specs/generated/blockchain_tests_engine/eest/prague/eip2537_bls_12_381_precompiles/bls12_variable_length_input_contracts/invalid_gas_pairing.zig
Generated: /Users/williamcory/guillotine-mini/test/specs/generated/blockchain_tests_engine/eest/prague/eip2537_bls_12_381_precompiles/bls12_variable_length_input_contracts/invalid_zero_length_pairing.zig
Generated: /Users/williamcory/guillotine-mini/test/specs/generated/blockchain_tests_engine/eest/prague/eip2537_bls_12_381_precompiles/bls12_variable_length_input_contracts/invalid_length_g1msm.zig
Generated: /Users/williamcory/guillotine-mini/test/specs/generated/blockchain_tests_engine/eest/prague/eip2537_bls_12_381_precompiles/bls12_variable_length_input_contracts/invalid_zero_length_g2msm.zig
Generated: /Users/williamcory/guillotine-mini/test/specs/generated/blockchain_tests_engine/eest/prague/eip2537_bls_12_381_precompiles/bls12_variable_length_input_contracts/invalid_length_pairing.zig
Generated: /Users/williamcory/guillotine-mini/test/specs/generated/blockchain_tests_engine/eest/prague/eip2537_bls_12_381_precompiles/bls12_variable_length_input_contracts/invalid_zero_gas_g1msm.zig
Generated: /Users/williamcory/guillotine-mini/test/specs/generated/blockchain_tests_engine/eest/prague/eip2537_bls_12_381_precompiles/bls12_variable_length_input_contracts/invalid_zero_length_g1msm.zig
Generated: /Users/williamcory/guillotine-mini/test/specs/generated/blockchain_tests_engine/eest/prague/eip2537_bls_12_381_precompiles/bls12_variable_length_input_contracts/invalid_length_g2msm.zig
Generated: /Users/williamcory/guillotine-mini/test/specs/generated/blockchain_tests_engine/eest/prague/eip2537_bls_12_381_precompiles/bls12_variable_length_input_contracts/invalid_zero_gas_g2msm.zig
Generated: /Users/williamcory/guillotine-mini/test/specs/generated/blockchain_tests_engine/eest/prague/eip2537_bls_12_381_precompiles/bls12_variable_length_input_contracts/valid_gas_pairing.zig
Generated: /Users/williamcory/guillotine-mini/test/specs/generated/blockchain_tests_engine/eest/prague/eip7702_set_code_tx/calls/delegate_call_targets.zig
Generated: /Users/williamcory/guillotine-mini/test/specs/generated/blockchain_tests_engine/eest/prague/eip7702_set_code_tx/gas/call_to_pre_authorized_oog.zig
Generated: /Users/williamcory/guillotine-mini/test/specs/generated/blockchain_tests_engine/eest/prague/eip7702_set_code_tx/gas/self_set_code_cost.zig
Generated: /Users/williamcory/guillotine-mini/test/specs/generated/blockchain_tests_engine/eest/prague/eip7702_set_code_tx/gas/gas_cost.zig
Generated: /Users/williamcory/guillotine-mini/test/specs/generated/blockchain_tests_engine/eest/prague/eip7702_set_code_tx/gas/intrinsic_gas_cost.zig
Generated: /Users/williamcory/guillotine-mini/test/specs/generated/blockchain_tests_engine/eest/prague/eip7702_set_code_tx/gas/account_warming.zig
Generated: /Users/williamcory/guillotine-mini/test/specs/generated/blockchain_tests_engine/eest/prague/eip7702_set_code_tx/set_code_txs_2/pointer_to_pointer.zig
Generated: /Users/williamcory/guillotine-mini/test/specs/generated/blockchain_tests_engine/eest/prague/eip7702_set_code_tx/set_code_txs_2/pointer_measurements.zig
Generated: /Users/williamcory/guillotine-mini/test/specs/generated/blockchain_tests_engine/eest/prague/eip7702_set_code_tx/set_code_txs_2/pointer_to_precompile.zig
Generated: /Users/williamcory/guillotine-mini/test/specs/generated/blockchain_tests_engine/eest/prague/eip7702_set_code_tx/set_code_txs_2/pointer_to_static.zig
Generated: /Users/williamcory/guillotine-mini/test/specs/generated/blockchain_tests_engine/eest/prague/eip7702_set_code_tx/set_code_txs_2/set_code_type_tx_pre_fork.zig
Generated: /Users/williamcory/guillotine-mini/test/specs/generated/blockchain_tests_engine/eest/prague/eip7702_set_code_tx/set_code_txs_2/pointer_to_static_reentry.zig
Generated: /Users/williamcory/guillotine-mini/test/specs/generated/blockchain_tests_engine/eest/prague/eip7702_set_code_tx/set_code_txs_2/pointer_reverts.zig
Generated: /Users/williamcory/guillotine-mini/test/specs/generated/blockchain_tests_engine/eest/prague/eip7702_set_code_tx/set_code_txs_2/pointer_reentry.zig
Generated: /Users/williamcory/guillotine-mini/test/specs/generated/blockchain_tests_engine/eest/prague/eip7702_set_code_tx/set_code_txs_2/contract_storage_to_pointer_with_storage.zig
Generated: /Users/williamcory/guillotine-mini/test/specs/generated/blockchain_tests_engine/eest/prague/eip7702_set_code_tx/set_code_txs_2/pointer_resets_an_empty_code_account_with_storage.zig
Generated: /Users/williamcory/guillotine-mini/test/specs/generated/blockchain_tests_engine/eest/prague/eip7702_set_code_tx/set_code_txs_2/pointer_contract_pointer_loop.zig
Generated: /Users/williamcory/guillotine-mini/test/specs/generated/blockchain_tests_engine/eest/prague/eip7702_set_code_tx/set_code_txs_2/gas_diff_pointer_vs_direct_call.zig
Generated: /Users/williamcory/guillotine-mini/test/specs/generated/blockchain_tests_engine/eest/prague/eip7702_set_code_tx/set_code_txs_2/pointer_call_followed_by_direct_call.zig
Generated: /Users/williamcory/guillotine-mini/test/specs/generated/blockchain_tests_engine/eest/prague/eip7702_set_code_tx/set_code_txs_2/delegation_replacement_call_previous_contract.zig
Generated: /Users/williamcory/guillotine-mini/test/specs/generated/blockchain_tests_engine/eest/prague/eip7702_set_code_tx/set_code_txs_2/double_auth.zig
Generated: /Users/williamcory/guillotine-mini/test/specs/generated/blockchain_tests_engine/eest/prague/eip7702_set_code_tx/set_code_txs_2/call_pointer_to_created_from_create_after_oog_call_again.zig
Generated: /Users/williamcory/guillotine-mini/test/specs/generated/blockchain_tests_engine/eest/prague/eip7702_set_code_tx/set_code_txs_2/static_to_pointer.zig
Generated: /Users/williamcory/guillotine-mini/test/specs/generated/blockchain_tests_engine/eest/prague/eip7702_set_code_tx/set_code_txs_2/eoa_init_as_pointer.zig
Generated: /Users/williamcory/guillotine-mini/test/specs/generated/blockchain_tests_engine/eest/prague/eip7702_set_code_tx/set_code_txs_2/pointer_normal.zig
Generated: /Users/williamcory/guillotine-mini/test/specs/generated/blockchain_tests_engine/eest/prague/eip7702_set_code_tx/set_code_txs_2/call_to_precompile_in_pointer_context.zig
Generated: /Users/williamcory/guillotine-mini/test/specs/generated/blockchain_tests_engine/eest/prague/eip7702_set_code_tx/set_code_txs/set_code_to_sstore_then_sload.zig
Generated: /Users/williamcory/guillotine-mini/test/specs/generated/blockchain_tests_engine/eest/prague/eip7702_set_code_tx/set_code_txs/delegation_clearing_tx_to.zig
Generated: /Users/williamcory/guillotine-mini/test/specs/generated/blockchain_tests_engine/eest/prague/eip7702_set_code_tx/set_code_txs/call_into_chain_delegating_set_code.zig
Generated: /Users/williamcory/guillotine-mini/test/specs/generated/blockchain_tests_engine/eest/prague/eip7702_set_code_tx/set_code_txs/contract_create.zig
Generated: /Users/williamcory/guillotine-mini/test/specs/generated/blockchain_tests_engine/eest/prague/eip7702_set_code_tx/set_code_txs/delegation_clearing.zig
Generated: /Users/williamcory/guillotine-mini/test/specs/generated/blockchain_tests_engine/eest/prague/eip7702_set_code_tx/set_code_txs/valid_tx_invalid_chain_id.zig
Generated: /Users/williamcory/guillotine-mini/test/specs/generated/blockchain_tests_engine/eest/prague/eip7702_set_code_tx/set_code_txs/valid_tx_invalid_auth_signature.zig
Generated: /Users/williamcory/guillotine-mini/test/specs/generated/blockchain_tests_engine/eest/prague/eip7702_set_code_tx/set_code_txs/set_code_to_precompile.zig
Generated: /Users/williamcory/guillotine-mini/test/specs/generated/blockchain_tests_engine/eest/prague/eip7702_set_code_tx/set_code_txs/nonce_validity.zig
Generated: /Users/williamcory/guillotine-mini/test/specs/generated/blockchain_tests_engine/eest/prague/eip7702_set_code_tx/set_code_txs/ext_code_on_self_delegating_set_code.zig
Generated: /Users/williamcory/guillotine-mini/test/specs/generated/blockchain_tests_engine/eest/prague/eip7702_set_code_tx/set_code_txs/set_code_to_self_destruct.zig
Generated: /Users/williamcory/guillotine-mini/test/specs/generated/blockchain_tests_engine/eest/prague/eip7702_set_code_tx/set_code_txs/delegation_clearing_and_set.zig
Generated: /Users/williamcory/guillotine-mini/test/specs/generated/blockchain_tests_engine/eest/prague/eip7702_set_code_tx/set_code_txs/set_code_transaction_fee_validations.zig
Generated: /Users/williamcory/guillotine-mini/test/specs/generated/blockchain_tests_engine/eest/prague/eip7702_set_code_tx/set_code_txs/tx_into_self_delegating_set_code.zig
Generated: /Users/williamcory/guillotine-mini/test/specs/generated/blockchain_tests_engine/eest/prague/eip7702_set_code_tx/set_code_txs/eoa_tx_after_set_code.zig
Generated: /Users/williamcory/guillotine-mini/test/specs/generated/blockchain_tests_engine/eest/prague/eip7702_set_code_tx/set_code_txs/set_code_to_contract_creator.zig
Generated: /Users/williamcory/guillotine-mini/test/specs/generated/blockchain_tests_engine/eest/prague/eip7702_set_code_tx/set_code_txs/set_code_to_tstore_reentry.zig
Generated: /Users/williamcory/guillotine-mini/test/specs/generated/blockchain_tests_engine/eest/prague/eip7702_set_code_tx/set_code_txs/set_code_to_self_destructing_account_deployed_in_same_tx.zig
Generated: /Users/williamcory/guillotine-mini/test/specs/generated/blockchain_tests_engine/eest/prague/eip7702_set_code_tx/set_code_txs/set_code_all_invalid_authorization_tuples.zig
Generated: /Users/williamcory/guillotine-mini/test/specs/generated/blockchain_tests_engine/eest/prague/eip7702_set_code_tx/set_code_txs/set_code_using_valid_synthetic_signatures.zig
Generated: /Users/williamcory/guillotine-mini/test/specs/generated/blockchain_tests_engine/eest/prague/eip7702_set_code_tx/set_code_txs/self_sponsored_set_code.zig
Generated: /Users/williamcory/guillotine-mini/test/specs/generated/blockchain_tests_engine/eest/prague/eip7702_set_code_tx/set_code_txs/set_code_address_and_authority_warm_state.zig
Generated: /Users/williamcory/guillotine-mini/test/specs/generated/blockchain_tests_engine/eest/prague/eip7702_set_code_tx/set_code_txs/signature_s_out_of_range.zig
Generated: /Users/williamcory/guillotine-mini/test/specs/generated/blockchain_tests_engine/eest/prague/eip7702_set_code_tx/set_code_txs/address_from_set_code.zig
Generated: /Users/williamcory/guillotine-mini/test/specs/generated/blockchain_tests_engine/eest/prague/eip7702_set_code_tx/set_code_txs/ext_code_on_self_set_code.zig
Generated: /Users/williamcory/guillotine-mini/test/specs/generated/blockchain_tests_engine/eest/prague/eip7702_set_code_tx/set_code_txs/reset_code.zig
Generated: /Users/williamcory/guillotine-mini/test/specs/generated/blockchain_tests_engine/eest/prague/eip7702_set_code_tx/set_code_txs/many_delegations.zig
Generated: /Users/williamcory/guillotine-mini/test/specs/generated/blockchain_tests_engine/eest/prague/eip7702_set_code_tx/set_code_txs/set_code_max_depth_call_stack.zig
Progress: 300/930 files...
Generated: /Users/williamcory/guillotine-mini/test/specs/generated/blockchain_tests_engine/eest/prague/eip7702_set_code_tx/set_code_txs/set_code_to_sstore.zig
Generated: /Users/williamcory/guillotine-mini/test/specs/generated/blockchain_tests_engine/eest/prague/eip7702_set_code_tx/set_code_txs/set_code_call_set_code.zig
Generated: /Users/williamcory/guillotine-mini/test/specs/generated/blockchain_tests_engine/eest/prague/eip7702_set_code_tx/set_code_txs/ext_code_on_set_code.zig
Generated: /Users/williamcory/guillotine-mini/test/specs/generated/blockchain_tests_engine/eest/prague/eip7702_set_code_tx/set_code_txs/set_code_to_account_deployed_in_same_tx.zig
Generated: /Users/williamcory/guillotine-mini/test/specs/generated/blockchain_tests_engine/eest/prague/eip7702_set_code_tx/set_code_txs/delegation_clearing_failing_tx.zig
Generated: /Users/williamcory/guillotine-mini/test/specs/generated/blockchain_tests_engine/eest/prague/eip7702_set_code_tx/set_code_txs/empty_authorization_list.zig
Generated: /Users/williamcory/guillotine-mini/test/specs/generated/blockchain_tests_engine/eest/prague/eip7702_set_code_tx/set_code_txs/set_code_multiple_valid_authorization_tuples_first_invalid_same_signer.zig
Generated: /Users/williamcory/guillotine-mini/test/specs/generated/blockchain_tests_engine/eest/prague/eip7702_set_code_tx/set_code_txs/nonce_overflow_after_first_authorization.zig
Generated: /Users/williamcory/guillotine-mini/test/specs/generated/blockchain_tests_engine/eest/prague/eip7702_set_code_tx/set_code_txs/set_code_to_log.zig
Generated: /Users/williamcory/guillotine-mini/test/specs/generated/blockchain_tests_engine/eest/prague/eip7702_set_code_tx/set_code_txs/set_code_using_chain_specific_id.zig
Generated: /Users/williamcory/guillotine-mini/test/specs/generated/blockchain_tests_engine/eest/prague/eip7702_set_code_tx/set_code_txs/deploying_delegation_designation_contract.zig
Generated: /Users/williamcory/guillotine-mini/test/specs/generated/blockchain_tests_engine/eest/prague/eip7702_set_code_tx/set_code_txs/set_code_multiple_valid_authorization_tuples_same_signer_increasing_nonce_self_sponsored.zig
Generated: /Users/williamcory/guillotine-mini/test/specs/generated/blockchain_tests_engine/eest/prague/eip7702_set_code_tx/set_code_txs/self_code_on_set_code.zig
Generated: /Users/williamcory/guillotine-mini/test/specs/generated/blockchain_tests_engine/eest/prague/eip7702_set_code_tx/set_code_txs/ext_code_on_chain_delegating_set_code.zig
Generated: /Users/williamcory/guillotine-mini/test/specs/generated/blockchain_tests_engine/eest/prague/eip7702_set_code_tx/set_code_txs/set_code_from_account_with_non_delegating_code.zig
Generated: /Users/williamcory/guillotine-mini/test/specs/generated/blockchain_tests_engine/eest/prague/eip7702_set_code_tx/set_code_txs/tx_into_chain_delegating_set_code.zig
Generated: /Users/williamcory/guillotine-mini/test/specs/generated/blockchain_tests_engine/eest/prague/eip7702_set_code_tx/set_code_txs/set_code_to_precompile_not_enough_gas_for_precompile_execution.zig
Generated: /Users/williamcory/guillotine-mini/test/specs/generated/blockchain_tests_engine/eest/prague/eip7702_set_code_tx/set_code_txs/call_into_self_delegating_set_code.zig
Generated: /Users/williamcory/guillotine-mini/test/specs/generated/blockchain_tests_engine/eest/prague/eip7702_set_code_tx/set_code_txs/creating_delegation_designation_contract.zig
Generated: /Users/williamcory/guillotine-mini/test/specs/generated/blockchain_tests_engine/eest/prague/eip7702_set_code_tx/set_code_txs/authorization_reusing_nonce.zig
Generated: /Users/williamcory/guillotine-mini/test/specs/generated/blockchain_tests_engine/eest/prague/eip7702_set_code_tx/set_code_txs/set_code_multiple_first_valid_authorization_tuples_same_signer.zig
Generated: /Users/williamcory/guillotine-mini/test/specs/generated/blockchain_tests_engine/eest/prague/eip7702_set_code_tx/set_code_txs/set_code_address_and_authority_warm_state_call_types.zig
Generated: /Users/williamcory/guillotine-mini/test/specs/generated/blockchain_tests_engine/eest/prague/eip7702_set_code_tx/set_code_txs/set_code_to_tstore_available_at_correct_address.zig
Generated: /Users/williamcory/guillotine-mini/test/specs/generated/blockchain_tests_engine/eest/prague/eip7702_set_code_tx/set_code_txs/set_code_multiple_valid_authorization_tuples_same_signer_increasing_nonce.zig
Generated: /Users/williamcory/guillotine-mini/test/specs/generated/blockchain_tests_engine/eest/prague/eip7702_set_code_tx/set_code_txs/set_code_to_self_caller.zig
Generated: /Users/williamcory/guillotine-mini/test/specs/generated/blockchain_tests_engine/eest/prague/eip7702_set_code_tx/set_code_txs/set_code_to_non_empty_storage_non_zero_nonce.zig
Generated: /Users/williamcory/guillotine-mini/test/specs/generated/blockchain_tests_engine/eest/prague/eip7702_set_code_tx/set_code_txs/set_code_to_system_contract.zig
Generated: /Users/williamcory/guillotine-mini/test/specs/generated/blockchain_tests_engine/eest/prague/eip7702_set_code_tx/set_code_txs/invalid_transaction_after_authorization.zig
Generated: /Users/williamcory/guillotine-mini/test/specs/generated/blockchain_tests_engine/eest/prague/eip7002_el_triggerable_withdrawals/contract_deployment/system_contract_deployment.zig
Generated: /Users/williamcory/guillotine-mini/test/specs/generated/blockchain_tests_engine/eest/prague/eip7002_el_triggerable_withdrawals/modified_withdrawal_contract/system_contract_errors.zig
Generated: /Users/williamcory/guillotine-mini/test/specs/generated/blockchain_tests_engine/eest/prague/eip7002_el_triggerable_withdrawals/modified_withdrawal_contract/extra_withdrawals.zig
Generated: /Users/williamcory/guillotine-mini/test/specs/generated/blockchain_tests_engine/eest/prague/eip7002_el_triggerable_withdrawals/withdrawal_requests_during_fork/withdrawal_requests_during_fork.zig
Generated: /Users/williamcory/guillotine-mini/test/specs/generated/blockchain_tests_engine/eest/prague/eip7002_el_triggerable_withdrawals/withdrawal_requests/withdrawal_requests_negative.zig
Generated: /Users/williamcory/guillotine-mini/test/specs/generated/blockchain_tests_engine/eest/prague/eip7002_el_triggerable_withdrawals/withdrawal_requests/withdrawal_requests.zig
Generated: /Users/williamcory/guillotine-mini/test/specs/generated/blockchain_tests_engine/eest/berlin/eip2929_gas_cost_increases/precompile_warming/precompile_warming.zig
Generated: /Users/williamcory/guillotine-mini/test/specs/generated/blockchain_tests_engine/eest/berlin/eip2930_access_list/tx_intrinsic_gas/tx_intrinsic_gas.zig
Generated: /Users/williamcory/guillotine-mini/test/specs/generated/blockchain_tests_engine/eest/berlin/eip2930_access_list/acl/transaction_intrinsic_gas_cost.zig
Generated: /Users/williamcory/guillotine-mini/test/specs/generated/blockchain_tests_engine/eest/berlin/eip2930_access_list/acl/account_storage_warm_cold_state.zig
Generated: /Users/williamcory/guillotine-mini/test/specs/generated/blockchain_tests_engine/eest/byzantium/eip198_modexp_precompile/modexp/modexp.zig
Generated: /Users/williamcory/guillotine-mini/test/specs/generated/state_tests/eest/constantinople/eip145_bitwise_shift/shift_combinations/combinations.zig
Generated: /Users/williamcory/guillotine-mini/test/specs/generated/state_tests/eest/constantinople/eip1014_create2/create_returndata/create2_return_data.zig
Generated: /Users/williamcory/guillotine-mini/test/specs/generated/state_tests/eest/homestead/coverage/coverage/coverage.zig
Generated: /Users/williamcory/guillotine-mini/test/specs/generated/state_tests/eest/shanghai/eip3860_initcode/with_eof/legacy_create_edge_code_size.zig
Generated: /Users/williamcory/guillotine-mini/test/specs/generated/state_tests/eest/shanghai/eip3860_initcode/initcode/create_opcode_initcode.zig
Generated: /Users/williamcory/guillotine-mini/test/specs/generated/state_tests/eest/shanghai/eip3860_initcode/initcode/gas_usage.zig
Generated: /Users/williamcory/guillotine-mini/test/specs/generated/state_tests/eest/shanghai/eip3860_initcode/initcode/contract_creating_tx.zig
Generated: /Users/williamcory/guillotine-mini/test/specs/generated/state_tests/eest/shanghai/eip3855_push0/push0/push0_contracts.zig
Generated: /Users/williamcory/guillotine-mini/test/specs/generated/state_tests/eest/shanghai/eip3855_push0/push0/push0_contract_during_call_contexts.zig
Generated: /Users/williamcory/guillotine-mini/test/specs/generated/state_tests/eest/shanghai/eip3651_warm_coinbase/warm_coinbase/warm_coinbase_call_out_of_gas.zig
Generated: /Users/williamcory/guillotine-mini/test/specs/generated/state_tests/eest/shanghai/eip3651_warm_coinbase/warm_coinbase/warm_coinbase_gas_usage.zig
Generated: /Users/williamcory/guillotine-mini/test/specs/generated/state_tests/eest/cancun/eip5656_mcopy/mcopy_memory_expansion/mcopy_memory_expansion.zig
Generated: /Users/williamcory/guillotine-mini/test/specs/generated/state_tests/eest/cancun/eip5656_mcopy/mcopy_memory_expansion/mcopy_huge_memory_expansion.zig
Generated: /Users/williamcory/guillotine-mini/test/specs/generated/state_tests/eest/cancun/eip5656_mcopy/mcopy_contexts/no_memory_corruption_on_upper_create_stack_levels.zig
Generated: /Users/williamcory/guillotine-mini/test/specs/generated/state_tests/eest/cancun/eip5656_mcopy/mcopy_contexts/no_memory_corruption_on_upper_call_stack_levels.zig
Generated: /Users/williamcory/guillotine-mini/test/specs/generated/state_tests/eest/cancun/eip5656_mcopy/mcopy/mcopy_on_empty_memory.zig
Generated: /Users/williamcory/guillotine-mini/test/specs/generated/state_tests/eest/cancun/eip5656_mcopy/mcopy/valid_mcopy_operations.zig
Generated: /Users/williamcory/guillotine-mini/test/specs/generated/state_tests/eest/cancun/eip1153_tstore/tstore_reentrancy/tstore_reentrancy.zig
Generated: /Users/williamcory/guillotine-mini/test/specs/generated/state_tests/eest/cancun/eip1153_tstore/tload_calls/tload_calls.zig
Generated: /Users/williamcory/guillotine-mini/test/specs/generated/state_tests/eest/cancun/eip1153_tstore/tstorage/gas_usage.zig
Generated: /Users/williamcory/guillotine-mini/test/specs/generated/state_tests/eest/cancun/eip1153_tstore/tstorage/transient_storage_unset_values.zig
Generated: /Users/williamcory/guillotine-mini/test/specs/generated/state_tests/eest/cancun/eip1153_tstore/tstorage/run_until_out_of_gas.zig
Generated: /Users/williamcory/guillotine-mini/test/specs/generated/state_tests/eest/cancun/eip1153_tstore/tstorage/tload_after_tstore_is_zero.zig
Generated: /Users/williamcory/guillotine-mini/test/specs/generated/state_tests/eest/cancun/eip1153_tstore/tstorage/tload_after_tstore.zig
Generated: /Users/williamcory/guillotine-mini/test/specs/generated/state_tests/eest/cancun/eip1153_tstore/tstorage/tload_after_sstore.zig
Generated: /Users/williamcory/guillotine-mini/test/specs/generated/state_tests/eest/cancun/eip1153_tstore/tstorage_reentrancy_contexts/reentrant_call.zig
Generated: /Users/williamcory/guillotine-mini/test/specs/generated/state_tests/eest/cancun/eip1153_tstore/tstorage_execution_contexts/subcall.zig
Generated: /Users/williamcory/guillotine-mini/test/specs/generated/state_tests/eest/cancun/eip1153_tstore/basic_tload/basic_tload_transaction_begin.zig
Generated: /Users/williamcory/guillotine-mini/test/specs/generated/state_tests/eest/cancun/eip1153_tstore/basic_tload/basic_tload_gasprice.zig
Generated: /Users/williamcory/guillotine-mini/test/specs/generated/state_tests/eest/cancun/eip1153_tstore/basic_tload/basic_tload_works.zig
Generated: /Users/williamcory/guillotine-mini/test/specs/generated/state_tests/eest/cancun/eip1153_tstore/basic_tload/basic_tload_after_store.zig
Generated: /Users/williamcory/guillotine-mini/test/specs/generated/state_tests/eest/cancun/eip1153_tstore/basic_tload/basic_tload_other_after_tstore.zig
Generated: /Users/williamcory/guillotine-mini/test/specs/generated/state_tests/eest/cancun/eip1153_tstore/tstorage_selfdestruct/reentrant_selfdestructing_call.zig
Generated: /Users/williamcory/guillotine-mini/test/specs/generated/state_tests/eest/cancun/eip1153_tstore/tstorage_create_contexts/contract_creation.zig
Generated: /Users/williamcory/guillotine-mini/test/specs/generated/state_tests/eest/cancun/eip1153_tstore/tload_reentrancy/tload_reentrancy.zig
Generated: /Users/williamcory/guillotine-mini/test/specs/generated/state_tests/eest/cancun/eip4844_blobs/point_evaluation_precompile/precompile_before_fork.zig
Generated: /Users/williamcory/guillotine-mini/test/specs/generated/state_tests/eest/cancun/eip4844_blobs/point_evaluation_precompile/valid_inputs.zig
Generated: /Users/williamcory/guillotine-mini/test/specs/generated/state_tests/eest/cancun/eip4844_blobs/point_evaluation_precompile/external_vectors.zig
Generated: /Users/williamcory/guillotine-mini/test/specs/generated/state_tests/eest/cancun/eip4844_blobs/point_evaluation_precompile/invalid_inputs.zig
Generated: /Users/williamcory/guillotine-mini/test/specs/generated/state_tests/eest/cancun/eip4844_blobs/point_evaluation_precompile/tx_entry_point.zig
Generated: /Users/williamcory/guillotine-mini/test/specs/generated/state_tests/eest/cancun/eip4844_blobs/point_evaluation_precompile/call_opcode_types.zig
Generated: /Users/williamcory/guillotine-mini/test/specs/generated/state_tests/eest/cancun/eip4844_blobs/blob_txs/blob_gas_subtraction_tx.zig
Generated: /Users/williamcory/guillotine-mini/test/specs/generated/state_tests/eest/cancun/eip4844_blobs/blob_txs/insufficient_balance_blob_tx.zig
Generated: /Users/williamcory/guillotine-mini/test/specs/generated/state_tests/eest/cancun/eip4844_blobs/blob_txs/sufficient_balance_blob_tx.zig
Generated: /Users/williamcory/guillotine-mini/test/specs/generated/state_tests/eest/cancun/eip4844_blobs/blob_txs/invalid_blob_hash_versioning_single_tx.zig
Generated: /Users/williamcory/guillotine-mini/test/specs/generated/state_tests/eest/cancun/eip4844_blobs/blob_txs/blob_type_tx_pre_fork.zig
Generated: /Users/williamcory/guillotine-mini/test/specs/generated/state_tests/eest/cancun/eip4844_blobs/blob_txs/invalid_normal_gas.zig
Generated: /Users/williamcory/guillotine-mini/test/specs/generated/state_tests/eest/cancun/eip4844_blobs/blob_txs/invalid_tx_max_fee_per_blob_gas_state.zig
Generated: /Users/williamcory/guillotine-mini/test/specs/generated/state_tests/eest/cancun/eip4844_blobs/blob_txs/blob_tx_attribute_gasprice_opcode.zig
Generated: /Users/williamcory/guillotine-mini/test/specs/generated/state_tests/eest/cancun/eip4844_blobs/blob_txs/blob_tx_attribute_value_opcode.zig
Generated: /Users/williamcory/guillotine-mini/test/specs/generated/state_tests/eest/cancun/eip4844_blobs/blob_txs/blob_tx_attribute_calldata_opcodes.zig
Generated: /Users/williamcory/guillotine-mini/test/specs/generated/state_tests/eest/cancun/eip4844_blobs/blob_txs/invalid_tx_blob_count.zig
Generated: /Users/williamcory/guillotine-mini/test/specs/generated/state_tests/eest/cancun/eip4844_blobs/blob_txs/blob_tx_attribute_opcodes.zig
Generated: /Users/williamcory/guillotine-mini/test/specs/generated/state_tests/eest/cancun/eip4844_blobs/blobhash_opcode/blobhash_gas_cost.zig
Generated: /Users/williamcory/guillotine-mini/test/specs/generated/state_tests/eest/cancun/eip4844_blobs/point_evaluation_precompile_gas/point_evaluation_precompile_gas_usage.zig
Generated: /Users/williamcory/guillotine-mini/test/specs/generated/state_tests/eest/cancun/eip4844_blobs/blobhash_opcode_contexts/blobhash_opcode_contexts.zig
Generated: /Users/williamcory/guillotine-mini/test/specs/generated/state_tests/eest/cancun/eip4844_blobs/blobhash_opcode_contexts/blobhash_opcode_contexts_tx_types.zig
Generated: /Users/williamcory/guillotine-mini/test/specs/generated/state_tests/eest/cancun/eip6780_selfdestruct/reentrancy_selfdestruct_revert/reentrancy_selfdestruct_revert.zig
Generated: /Users/williamcory/guillotine-mini/test/specs/generated/state_tests/eest/cancun/eip6780_selfdestruct/selfdestruct/calling_from_new_contract_to_pre_existing_contract.zig
Generated: /Users/williamcory/guillotine-mini/test/specs/generated/state_tests/eest/cancun/eip6780_selfdestruct/selfdestruct/create_selfdestruct_same_tx.zig
Generated: /Users/williamcory/guillotine-mini/test/specs/generated/state_tests/eest/cancun/eip6780_selfdestruct/selfdestruct/create_selfdestruct_same_tx_increased_nonce.zig
Progress: 400/930 files...
Generated: /Users/williamcory/guillotine-mini/test/specs/generated/state_tests/eest/cancun/eip6780_selfdestruct/selfdestruct/self_destructing_initcode.zig
Generated: /Users/williamcory/guillotine-mini/test/specs/generated/state_tests/eest/cancun/eip6780_selfdestruct/selfdestruct/self_destructing_initcode_create_tx.zig
Generated: /Users/williamcory/guillotine-mini/test/specs/generated/state_tests/eest/cancun/eip6780_selfdestruct/selfdestruct/calling_from_pre_existing_contract_to_new_contract.zig
Generated: /Users/williamcory/guillotine-mini/test/specs/generated/state_tests/eest/cancun/eip6780_selfdestruct/selfdestruct/selfdestruct_pre_existing.zig
Generated: /Users/williamcory/guillotine-mini/test/specs/generated/state_tests/eest/cancun/eip6780_selfdestruct/dynamic_create2_selfdestruct_collision/dynamic_create2_selfdestruct_collision.zig
Generated: /Users/williamcory/guillotine-mini/test/specs/generated/state_tests/eest/cancun/eip6780_selfdestruct/selfdestruct_revert/selfdestruct_not_created_in_same_tx_with_revert.zig
Generated: /Users/williamcory/guillotine-mini/test/specs/generated/state_tests/eest/cancun/eip6780_selfdestruct/selfdestruct_revert/selfdestruct_created_in_same_tx_with_revert.zig
Generated: /Users/williamcory/guillotine-mini/test/specs/generated/state_tests/eest/cancun/eip7516_blobgasfee/blobgasfee_opcode/blobbasefee_before_fork.zig
Generated: /Users/williamcory/guillotine-mini/test/specs/generated/state_tests/eest/cancun/eip7516_blobgasfee/blobgasfee_opcode/blobbasefee_out_of_gas.zig
Generated: /Users/williamcory/guillotine-mini/test/specs/generated/state_tests/eest/cancun/eip7516_blobgasfee/blobgasfee_opcode/blobbasefee_stack_overflow.zig
Generated: /Users/williamcory/guillotine-mini/test/specs/generated/state_tests/eest/istanbul/eip152_blake2/blake2/blake2b_gas_limit.zig
Generated: /Users/williamcory/guillotine-mini/test/specs/generated/state_tests/eest/istanbul/eip152_blake2/blake2/blake2b.zig
Generated: /Users/williamcory/guillotine-mini/test/specs/generated/state_tests/eest/istanbul/eip152_blake2/blake2/blake2b_invalid_gas.zig
Generated: /Users/williamcory/guillotine-mini/test/specs/generated/state_tests/eest/istanbul/eip152_blake2/blake2/blake2b_large_gas_limit.zig
Generated: /Users/williamcory/guillotine-mini/test/specs/generated/state_tests/eest/istanbul/eip152_blake2/blake2_delegatecall/blake2_precompile_delegatecall.zig
Generated: /Users/williamcory/guillotine-mini/test/specs/generated/state_tests/eest/istanbul/eip1344_chainid/chainid/chainid.zig
Generated: /Users/williamcory/guillotine-mini/test/specs/generated/state_tests/eest/osaka/eip7883_modexp_gas_increase/modexp_thresholds/vectors_from_legacy_tests.zig
Generated: /Users/williamcory/guillotine-mini/test/specs/generated/state_tests/eest/osaka/eip7883_modexp_gas_increase/modexp_thresholds/modexp_gas_usage_contract_wrapper.zig
Generated: /Users/williamcory/guillotine-mini/test/specs/generated/state_tests/eest/osaka/eip7883_modexp_gas_increase/modexp_thresholds/modexp_variable_gas_cost_exceed_tx_gas_cap.zig
Generated: /Users/williamcory/guillotine-mini/test/specs/generated/state_tests/eest/osaka/eip7883_modexp_gas_increase/modexp_thresholds/modexp_variable_gas_cost.zig
Generated: /Users/williamcory/guillotine-mini/test/specs/generated/state_tests/eest/osaka/eip7883_modexp_gas_increase/modexp_thresholds/vectors_from_eip.zig
Generated: /Users/williamcory/guillotine-mini/test/specs/generated/state_tests/eest/osaka/eip7883_modexp_gas_increase/modexp_thresholds/modexp_used_in_transaction_entry_points.zig
Generated: /Users/williamcory/guillotine-mini/test/specs/generated/state_tests/eest/osaka/eip7883_modexp_gas_increase/modexp_thresholds/modexp_call_operations.zig
Generated: /Users/williamcory/guillotine-mini/test/specs/generated/state_tests/eest/osaka/eip7883_modexp_gas_increase/modexp_thresholds/modexp_invalid_inputs.zig
Generated: /Users/williamcory/guillotine-mini/test/specs/generated/state_tests/eest/osaka/eip7823_modexp_upper_bounds/modexp_upper_bounds/modexp_upper_bounds.zig
Generated: /Users/williamcory/guillotine-mini/test/specs/generated/state_tests/eest/osaka/eip7825_transaction_gas_limit_cap/tx_gas_limit/transaction_gas_limit_cap.zig
Generated: /Users/williamcory/guillotine-mini/test/specs/generated/state_tests/eest/frontier/precompiles/precompile_absence/precompile_absence.zig
Generated: /Users/williamcory/guillotine-mini/test/specs/generated/state_tests/eest/frontier/precompiles/precompiles/precompiles.zig
Generated: /Users/williamcory/guillotine-mini/test/specs/generated/state_tests/eest/frontier/identity_precompile/identity/call_identity_precompile.zig
Generated: /Users/williamcory/guillotine-mini/test/specs/generated/state_tests/eest/frontier/identity_precompile/identity/call_identity_precompile_large_params.zig
Generated: /Users/williamcory/guillotine-mini/test/specs/generated/state_tests/eest/frontier/identity_precompile/identity_returndatasize/identity_precompile_returndata.zig
Generated: /Users/williamcory/guillotine-mini/test/specs/generated/state_tests/eest/frontier/create/create_one_byte/create_one_byte.zig
Generated: /Users/williamcory/guillotine-mini/test/specs/generated/state_tests/eest/frontier/opcodes/call_and_callcode_gas_calculation/value_transfer_gas_calculation.zig
Generated: /Users/williamcory/guillotine-mini/test/specs/generated/state_tests/eest/frontier/opcodes/calldatacopy/calldatacopy.zig
Generated: /Users/williamcory/guillotine-mini/test/specs/generated/state_tests/eest/frontier/opcodes/calldatasize/calldatasize.zig
Generated: /Users/williamcory/guillotine-mini/test/specs/generated/state_tests/eest/frontier/opcodes/all_opcodes/cover_revert.zig
Generated: /Users/williamcory/guillotine-mini/test/specs/generated/state_tests/eest/frontier/opcodes/all_opcodes/all_opcodes.zig
Generated: /Users/williamcory/guillotine-mini/test/specs/generated/state_tests/eest/frontier/opcodes/dup/dup.zig
Generated: /Users/williamcory/guillotine-mini/test/specs/generated/state_tests/eest/frontier/opcodes/calldataload/calldataload.zig
Generated: /Users/williamcory/guillotine-mini/test/specs/generated/state_tests/eest/frontier/opcodes/push/push.zig
Generated: /Users/williamcory/guillotine-mini/test/specs/generated/state_tests/eest/frontier/opcodes/push/stack_overflow.zig
Generated: /Users/williamcory/guillotine-mini/test/specs/generated/state_tests/eest/frontier/opcodes/call/call_large_offset_mstore.zig
Generated: /Users/williamcory/guillotine-mini/test/specs/generated/state_tests/eest/frontier/opcodes/call/call_large_args_offset_size_zero.zig
Generated: /Users/williamcory/guillotine-mini/test/specs/generated/state_tests/eest/frontier/opcodes/call/call_memory_expands_on_early_revert.zig
Generated: /Users/williamcory/guillotine-mini/test/specs/generated/state_tests/eest/prague/eip7623_increase_calldata_cost/transaction_validity/transaction_validity_type_0.zig
Generated: /Users/williamcory/guillotine-mini/test/specs/generated/state_tests/eest/prague/eip7623_increase_calldata_cost/transaction_validity/transaction_validity_type_1_type_2.zig
Generated: /Users/williamcory/guillotine-mini/test/specs/generated/state_tests/eest/prague/eip7623_increase_calldata_cost/transaction_validity/transaction_validity_type_4.zig
Generated: /Users/williamcory/guillotine-mini/test/specs/generated/state_tests/eest/prague/eip7623_increase_calldata_cost/transaction_validity/transaction_validity_type_3.zig
Generated: /Users/williamcory/guillotine-mini/test/specs/generated/state_tests/eest/prague/eip7623_increase_calldata_cost/refunds/gas_refunds_from_data_floor.zig
Generated: /Users/williamcory/guillotine-mini/test/specs/generated/state_tests/eest/prague/eip7623_increase_calldata_cost/execution_gas/full_gas_consumption.zig
Generated: /Users/williamcory/guillotine-mini/test/specs/generated/state_tests/eest/prague/eip7623_increase_calldata_cost/execution_gas/gas_consumption_below_data_floor.zig
Generated: /Users/williamcory/guillotine-mini/test/specs/generated/state_tests/eest/prague/eip2537_bls_12_381_precompiles/bls12_g1mul/gas.zig
Generated: /Users/williamcory/guillotine-mini/test/specs/generated/state_tests/eest/prague/eip2537_bls_12_381_precompiles/bls12_g1mul/invalid.zig
Generated: /Users/williamcory/guillotine-mini/test/specs/generated/state_tests/eest/prague/eip2537_bls_12_381_precompiles/bls12_g1mul/valid.zig
Generated: /Users/williamcory/guillotine-mini/test/specs/generated/state_tests/eest/prague/eip2537_bls_12_381_precompiles/bls12_g1mul/call_types.zig
Generated: /Users/williamcory/guillotine-mini/test/specs/generated/state_tests/eest/prague/eip2537_bls_12_381_precompiles/bls12_g2msm/invalid.zig
Generated: /Users/williamcory/guillotine-mini/test/specs/generated/state_tests/eest/prague/eip2537_bls_12_381_precompiles/bls12_g2msm/valid.zig
Generated: /Users/williamcory/guillotine-mini/test/specs/generated/state_tests/eest/prague/eip2537_bls_12_381_precompiles/bls12_g2msm/call_types.zig
Generated: /Users/williamcory/guillotine-mini/test/specs/generated/state_tests/eest/prague/eip2537_bls_12_381_precompiles/bls12_precompiles_before_fork/precompile_before_fork.zig
Generated: /Users/williamcory/guillotine-mini/test/specs/generated/state_tests/eest/prague/eip2537_bls_12_381_precompiles/bls12_g2add/gas.zig
Generated: /Users/williamcory/guillotine-mini/test/specs/generated/state_tests/eest/prague/eip2537_bls_12_381_precompiles/bls12_g2add/invalid.zig
Generated: /Users/williamcory/guillotine-mini/test/specs/generated/state_tests/eest/prague/eip2537_bls_12_381_precompiles/bls12_g2add/valid.zig
Generated: /Users/williamcory/guillotine-mini/test/specs/generated/state_tests/eest/prague/eip2537_bls_12_381_precompiles/bls12_g2add/call_types.zig
Generated: /Users/williamcory/guillotine-mini/test/specs/generated/state_tests/eest/prague/eip2537_bls_12_381_precompiles/bls12_g1add/gas.zig
Generated: /Users/williamcory/guillotine-mini/test/specs/generated/state_tests/eest/prague/eip2537_bls_12_381_precompiles/bls12_g1add/invalid.zig
Generated: /Users/williamcory/guillotine-mini/test/specs/generated/state_tests/eest/prague/eip2537_bls_12_381_precompiles/bls12_g1add/valid.zig
Generated: /Users/williamcory/guillotine-mini/test/specs/generated/state_tests/eest/prague/eip2537_bls_12_381_precompiles/bls12_g1add/call_types.zig
Generated: /Users/williamcory/guillotine-mini/test/specs/generated/state_tests/eest/prague/eip2537_bls_12_381_precompiles/bls12_map_fp2_to_g2/gas.zig
Generated: /Users/williamcory/guillotine-mini/test/specs/generated/state_tests/eest/prague/eip2537_bls_12_381_precompiles/bls12_map_fp2_to_g2/invalid.zig
Generated: /Users/williamcory/guillotine-mini/test/specs/generated/state_tests/eest/prague/eip2537_bls_12_381_precompiles/bls12_map_fp2_to_g2/valid.zig
Generated: /Users/williamcory/guillotine-mini/test/specs/generated/state_tests/eest/prague/eip2537_bls_12_381_precompiles/bls12_map_fp2_to_g2/call_types.zig
Generated: /Users/williamcory/guillotine-mini/test/specs/generated/state_tests/eest/prague/eip2537_bls_12_381_precompiles/bls12_g1msm/invalid.zig
Generated: /Users/williamcory/guillotine-mini/test/specs/generated/state_tests/eest/prague/eip2537_bls_12_381_precompiles/bls12_g1msm/valid.zig
Generated: /Users/williamcory/guillotine-mini/test/specs/generated/state_tests/eest/prague/eip2537_bls_12_381_precompiles/bls12_g1msm/call_types.zig
Generated: /Users/williamcory/guillotine-mini/test/specs/generated/state_tests/eest/prague/eip2537_bls_12_381_precompiles/bls12_pairing/gas.zig
Generated: /Users/williamcory/guillotine-mini/test/specs/generated/state_tests/eest/prague/eip2537_bls_12_381_precompiles/bls12_pairing/invalid.zig
Generated: /Users/williamcory/guillotine-mini/test/specs/generated/state_tests/eest/prague/eip2537_bls_12_381_precompiles/bls12_pairing/valid.zig
Generated: /Users/williamcory/guillotine-mini/test/specs/generated/state_tests/eest/prague/eip2537_bls_12_381_precompiles/bls12_pairing/invalid_multi_inf.zig
Generated: /Users/williamcory/guillotine-mini/test/specs/generated/state_tests/eest/prague/eip2537_bls_12_381_precompiles/bls12_pairing/valid_multi_inf.zig
Generated: /Users/williamcory/guillotine-mini/test/specs/generated/state_tests/eest/prague/eip2537_bls_12_381_precompiles/bls12_pairing/call_types.zig
Generated: /Users/williamcory/guillotine-mini/test/specs/generated/state_tests/eest/prague/eip2537_bls_12_381_precompiles/bls12_g2mul/gas.zig
Generated: /Users/williamcory/guillotine-mini/test/specs/generated/state_tests/eest/prague/eip2537_bls_12_381_precompiles/bls12_g2mul/invalid.zig
Generated: /Users/williamcory/guillotine-mini/test/specs/generated/state_tests/eest/prague/eip2537_bls_12_381_precompiles/bls12_g2mul/valid.zig
Generated: /Users/williamcory/guillotine-mini/test/specs/generated/state_tests/eest/prague/eip2537_bls_12_381_precompiles/bls12_g2mul/call_types.zig
Generated: /Users/williamcory/guillotine-mini/test/specs/generated/state_tests/eest/prague/eip2537_bls_12_381_precompiles/bls12_map_fp_to_g1/gas.zig
Generated: /Users/williamcory/guillotine-mini/test/specs/generated/state_tests/eest/prague/eip2537_bls_12_381_precompiles/bls12_map_fp_to_g1/invalid.zig
Generated: /Users/williamcory/guillotine-mini/test/specs/generated/state_tests/eest/prague/eip2537_bls_12_381_precompiles/bls12_map_fp_to_g1/valid.zig
Generated: /Users/williamcory/guillotine-mini/test/specs/generated/state_tests/eest/prague/eip2537_bls_12_381_precompiles/bls12_map_fp_to_g1/isogeny_kernel_values.zig
Generated: /Users/williamcory/guillotine-mini/test/specs/generated/state_tests/eest/prague/eip2537_bls_12_381_precompiles/bls12_map_fp_to_g1/call_types.zig
Generated: /Users/williamcory/guillotine-mini/test/specs/generated/state_tests/eest/prague/eip2537_bls_12_381_precompiles/bls12_variable_length_input_contracts/valid_gas_g1msm.zig
Generated: /Users/williamcory/guillotine-mini/test/specs/generated/state_tests/eest/prague/eip2537_bls_12_381_precompiles/bls12_variable_length_input_contracts/invalid_gas_g1msm.zig
Generated: /Users/williamcory/guillotine-mini/test/specs/generated/state_tests/eest/prague/eip2537_bls_12_381_precompiles/bls12_variable_length_input_contracts/invalid_gas_g2msm.zig
Generated: /Users/williamcory/guillotine-mini/test/specs/generated/state_tests/eest/prague/eip2537_bls_12_381_precompiles/bls12_variable_length_input_contracts/valid_gas_g2msm.zig
Generated: /Users/williamcory/guillotine-mini/test/specs/generated/state_tests/eest/prague/eip2537_bls_12_381_precompiles/bls12_variable_length_input_contracts/invalid_zero_gas_pairing.zig
Generated: /Users/williamcory/guillotine-mini/test/specs/generated/state_tests/eest/prague/eip2537_bls_12_381_precompiles/bls12_variable_length_input_contracts/invalid_gas_pairing.zig
Generated: /Users/williamcory/guillotine-mini/test/specs/generated/state_tests/eest/prague/eip2537_bls_12_381_precompiles/bls12_variable_length_input_contracts/invalid_zero_length_pairing.zig
Generated: /Users/williamcory/guillotine-mini/test/specs/generated/state_tests/eest/prague/eip2537_bls_12_381_precompiles/bls12_variable_length_input_contracts/invalid_length_g1msm.zig
Generated: /Users/williamcory/guillotine-mini/test/specs/generated/state_tests/eest/prague/eip2537_bls_12_381_precompiles/bls12_variable_length_input_contracts/invalid_zero_length_g2msm.zig
Generated: /Users/williamcory/guillotine-mini/test/specs/generated/state_tests/eest/prague/eip2537_bls_12_381_precompiles/bls12_variable_length_input_contracts/invalid_length_pairing.zig
Generated: /Users/williamcory/guillotine-mini/test/specs/generated/state_tests/eest/prague/eip2537_bls_12_381_precompiles/bls12_variable_length_input_contracts/invalid_zero_gas_g1msm.zig
Progress: 500/930 files...
Generated: /Users/williamcory/guillotine-mini/test/specs/generated/state_tests/eest/prague/eip2537_bls_12_381_precompiles/bls12_variable_length_input_contracts/invalid_zero_length_g1msm.zig
Generated: /Users/williamcory/guillotine-mini/test/specs/generated/state_tests/eest/prague/eip2537_bls_12_381_precompiles/bls12_variable_length_input_contracts/invalid_length_g2msm.zig
Generated: /Users/williamcory/guillotine-mini/test/specs/generated/state_tests/eest/prague/eip2537_bls_12_381_precompiles/bls12_variable_length_input_contracts/invalid_zero_gas_g2msm.zig
Generated: /Users/williamcory/guillotine-mini/test/specs/generated/state_tests/eest/prague/eip2537_bls_12_381_precompiles/bls12_variable_length_input_contracts/valid_gas_pairing.zig
Generated: /Users/williamcory/guillotine-mini/test/specs/generated/state_tests/eest/prague/eip7702_set_code_tx/calls/delegate_call_targets.zig
Generated: /Users/williamcory/guillotine-mini/test/specs/generated/state_tests/eest/prague/eip7702_set_code_tx/gas/call_to_pre_authorized_oog.zig
Generated: /Users/williamcory/guillotine-mini/test/specs/generated/state_tests/eest/prague/eip7702_set_code_tx/gas/self_set_code_cost.zig
Generated: /Users/williamcory/guillotine-mini/test/specs/generated/state_tests/eest/prague/eip7702_set_code_tx/gas/gas_cost.zig
Generated: /Users/williamcory/guillotine-mini/test/specs/generated/state_tests/eest/prague/eip7702_set_code_tx/gas/intrinsic_gas_cost.zig
Generated: /Users/williamcory/guillotine-mini/test/specs/generated/state_tests/eest/prague/eip7702_set_code_tx/gas/account_warming.zig
Generated: /Users/williamcory/guillotine-mini/test/specs/generated/state_tests/eest/prague/eip7702_set_code_tx/set_code_txs_2/pointer_to_pointer.zig
Generated: /Users/williamcory/guillotine-mini/test/specs/generated/state_tests/eest/prague/eip7702_set_code_tx/set_code_txs_2/pointer_to_precompile.zig
Generated: /Users/williamcory/guillotine-mini/test/specs/generated/state_tests/eest/prague/eip7702_set_code_tx/set_code_txs_2/pointer_to_static.zig
Generated: /Users/williamcory/guillotine-mini/test/specs/generated/state_tests/eest/prague/eip7702_set_code_tx/set_code_txs_2/set_code_type_tx_pre_fork.zig
Generated: /Users/williamcory/guillotine-mini/test/specs/generated/state_tests/eest/prague/eip7702_set_code_tx/set_code_txs_2/pointer_to_static_reentry.zig
Generated: /Users/williamcory/guillotine-mini/test/specs/generated/state_tests/eest/prague/eip7702_set_code_tx/set_code_txs_2/pointer_reverts.zig
Generated: /Users/williamcory/guillotine-mini/test/specs/generated/state_tests/eest/prague/eip7702_set_code_tx/set_code_txs_2/pointer_reentry.zig
Generated: /Users/williamcory/guillotine-mini/test/specs/generated/state_tests/eest/prague/eip7702_set_code_tx/set_code_txs_2/contract_storage_to_pointer_with_storage.zig
Generated: /Users/williamcory/guillotine-mini/test/specs/generated/state_tests/eest/prague/eip7702_set_code_tx/set_code_txs_2/pointer_contract_pointer_loop.zig
Generated: /Users/williamcory/guillotine-mini/test/specs/generated/state_tests/eest/prague/eip7702_set_code_tx/set_code_txs_2/pointer_call_followed_by_direct_call.zig
Generated: /Users/williamcory/guillotine-mini/test/specs/generated/state_tests/eest/prague/eip7702_set_code_tx/set_code_txs_2/delegation_replacement_call_previous_contract.zig
Generated: /Users/williamcory/guillotine-mini/test/specs/generated/state_tests/eest/prague/eip7702_set_code_tx/set_code_txs_2/double_auth.zig
Generated: /Users/williamcory/guillotine-mini/test/specs/generated/state_tests/eest/prague/eip7702_set_code_tx/set_code_txs_2/call_pointer_to_created_from_create_after_oog_call_again.zig
Generated: /Users/williamcory/guillotine-mini/test/specs/generated/state_tests/eest/prague/eip7702_set_code_tx/set_code_txs_2/static_to_pointer.zig
Generated: /Users/williamcory/guillotine-mini/test/specs/generated/state_tests/eest/prague/eip7702_set_code_tx/set_code_txs_2/eoa_init_as_pointer.zig
Generated: /Users/williamcory/guillotine-mini/test/specs/generated/state_tests/eest/prague/eip7702_set_code_tx/set_code_txs_2/call_to_precompile_in_pointer_context.zig
Generated: /Users/williamcory/guillotine-mini/test/specs/generated/state_tests/eest/prague/eip7702_set_code_tx/set_code_txs/delegation_clearing_tx_to.zig
Generated: /Users/williamcory/guillotine-mini/test/specs/generated/state_tests/eest/prague/eip7702_set_code_tx/set_code_txs/call_into_chain_delegating_set_code.zig
Generated: /Users/williamcory/guillotine-mini/test/specs/generated/state_tests/eest/prague/eip7702_set_code_tx/set_code_txs/contract_create.zig
Generated: /Users/williamcory/guillotine-mini/test/specs/generated/state_tests/eest/prague/eip7702_set_code_tx/set_code_txs/delegation_clearing.zig
Generated: /Users/williamcory/guillotine-mini/test/specs/generated/state_tests/eest/prague/eip7702_set_code_tx/set_code_txs/valid_tx_invalid_chain_id.zig
Generated: /Users/williamcory/guillotine-mini/test/specs/generated/state_tests/eest/prague/eip7702_set_code_tx/set_code_txs/valid_tx_invalid_auth_signature.zig
Generated: /Users/williamcory/guillotine-mini/test/specs/generated/state_tests/eest/prague/eip7702_set_code_tx/set_code_txs/set_code_to_precompile.zig
Generated: /Users/williamcory/guillotine-mini/test/specs/generated/state_tests/eest/prague/eip7702_set_code_tx/set_code_txs/nonce_validity.zig
Generated: /Users/williamcory/guillotine-mini/test/specs/generated/state_tests/eest/prague/eip7702_set_code_tx/set_code_txs/ext_code_on_self_delegating_set_code.zig
Generated: /Users/williamcory/guillotine-mini/test/specs/generated/state_tests/eest/prague/eip7702_set_code_tx/set_code_txs/set_code_to_self_destruct.zig
Generated: /Users/williamcory/guillotine-mini/test/specs/generated/state_tests/eest/prague/eip7702_set_code_tx/set_code_txs/delegation_clearing_and_set.zig
Generated: /Users/williamcory/guillotine-mini/test/specs/generated/state_tests/eest/prague/eip7702_set_code_tx/set_code_txs/set_code_transaction_fee_validations.zig
Generated: /Users/williamcory/guillotine-mini/test/specs/generated/state_tests/eest/prague/eip7702_set_code_tx/set_code_txs/tx_into_self_delegating_set_code.zig
Generated: /Users/williamcory/guillotine-mini/test/specs/generated/state_tests/eest/prague/eip7702_set_code_tx/set_code_txs/set_code_to_contract_creator.zig
Generated: /Users/williamcory/guillotine-mini/test/specs/generated/state_tests/eest/prague/eip7702_set_code_tx/set_code_txs/set_code_to_tstore_reentry.zig
Generated: /Users/williamcory/guillotine-mini/test/specs/generated/state_tests/eest/prague/eip7702_set_code_tx/set_code_txs/set_code_to_self_destructing_account_deployed_in_same_tx.zig
Generated: /Users/williamcory/guillotine-mini/test/specs/generated/state_tests/eest/prague/eip7702_set_code_tx/set_code_txs/set_code_all_invalid_authorization_tuples.zig
Generated: /Users/williamcory/guillotine-mini/test/specs/generated/state_tests/eest/prague/eip7702_set_code_tx/set_code_txs/set_code_using_valid_synthetic_signatures.zig
Generated: /Users/williamcory/guillotine-mini/test/specs/generated/state_tests/eest/prague/eip7702_set_code_tx/set_code_txs/self_sponsored_set_code.zig
Generated: /Users/williamcory/guillotine-mini/test/specs/generated/state_tests/eest/prague/eip7702_set_code_tx/set_code_txs/set_code_address_and_authority_warm_state.zig
Generated: /Users/williamcory/guillotine-mini/test/specs/generated/state_tests/eest/prague/eip7702_set_code_tx/set_code_txs/signature_s_out_of_range.zig
Generated: /Users/williamcory/guillotine-mini/test/specs/generated/state_tests/eest/prague/eip7702_set_code_tx/set_code_txs/address_from_set_code.zig
Generated: /Users/williamcory/guillotine-mini/test/specs/generated/state_tests/eest/prague/eip7702_set_code_tx/set_code_txs/ext_code_on_self_set_code.zig
Generated: /Users/williamcory/guillotine-mini/test/specs/generated/state_tests/eest/prague/eip7702_set_code_tx/set_code_txs/many_delegations.zig
Generated: /Users/williamcory/guillotine-mini/test/specs/generated/state_tests/eest/prague/eip7702_set_code_tx/set_code_txs/set_code_max_depth_call_stack.zig
Generated: /Users/williamcory/guillotine-mini/test/specs/generated/state_tests/eest/prague/eip7702_set_code_tx/set_code_txs/set_code_to_sstore.zig
Generated: /Users/williamcory/guillotine-mini/test/specs/generated/state_tests/eest/prague/eip7702_set_code_tx/set_code_txs/set_code_call_set_code.zig
Generated: /Users/williamcory/guillotine-mini/test/specs/generated/state_tests/eest/prague/eip7702_set_code_tx/set_code_txs/ext_code_on_set_code.zig
Generated: /Users/williamcory/guillotine-mini/test/specs/generated/state_tests/eest/prague/eip7702_set_code_tx/set_code_txs/set_code_to_account_deployed_in_same_tx.zig
Generated: /Users/williamcory/guillotine-mini/test/specs/generated/state_tests/eest/prague/eip7702_set_code_tx/set_code_txs/delegation_clearing_failing_tx.zig
Generated: /Users/williamcory/guillotine-mini/test/specs/generated/state_tests/eest/prague/eip7702_set_code_tx/set_code_txs/empty_authorization_list.zig
Generated: /Users/williamcory/guillotine-mini/test/specs/generated/state_tests/eest/prague/eip7702_set_code_tx/set_code_txs/set_code_multiple_valid_authorization_tuples_first_invalid_same_signer.zig
Generated: /Users/williamcory/guillotine-mini/test/specs/generated/state_tests/eest/prague/eip7702_set_code_tx/set_code_txs/nonce_overflow_after_first_authorization.zig
Generated: /Users/williamcory/guillotine-mini/test/specs/generated/state_tests/eest/prague/eip7702_set_code_tx/set_code_txs/set_code_to_log.zig
Generated: /Users/williamcory/guillotine-mini/test/specs/generated/state_tests/eest/prague/eip7702_set_code_tx/set_code_txs/set_code_using_chain_specific_id.zig
Generated: /Users/williamcory/guillotine-mini/test/specs/generated/state_tests/eest/prague/eip7702_set_code_tx/set_code_txs/deploying_delegation_designation_contract.zig
Generated: /Users/williamcory/guillotine-mini/test/specs/generated/state_tests/eest/prague/eip7702_set_code_tx/set_code_txs/set_code_multiple_valid_authorization_tuples_same_signer_increasing_nonce_self_sponsored.zig
Generated: /Users/williamcory/guillotine-mini/test/specs/generated/state_tests/eest/prague/eip7702_set_code_tx/set_code_txs/self_code_on_set_code.zig
Generated: /Users/williamcory/guillotine-mini/test/specs/generated/state_tests/eest/prague/eip7702_set_code_tx/set_code_txs/ext_code_on_chain_delegating_set_code.zig
Generated: /Users/williamcory/guillotine-mini/test/specs/generated/state_tests/eest/prague/eip7702_set_code_tx/set_code_txs/set_code_from_account_with_non_delegating_code.zig
Generated: /Users/williamcory/guillotine-mini/test/specs/generated/state_tests/eest/prague/eip7702_set_code_tx/set_code_txs/tx_into_chain_delegating_set_code.zig
Generated: /Users/williamcory/guillotine-mini/test/specs/generated/state_tests/eest/prague/eip7702_set_code_tx/set_code_txs/set_code_to_precompile_not_enough_gas_for_precompile_execution.zig
Generated: /Users/williamcory/guillotine-mini/test/specs/generated/state_tests/eest/prague/eip7702_set_code_tx/set_code_txs/call_into_self_delegating_set_code.zig
Generated: /Users/williamcory/guillotine-mini/test/specs/generated/state_tests/eest/prague/eip7702_set_code_tx/set_code_txs/creating_delegation_designation_contract.zig
Generated: /Users/williamcory/guillotine-mini/test/specs/generated/state_tests/eest/prague/eip7702_set_code_tx/set_code_txs/set_code_multiple_first_valid_authorization_tuples_same_signer.zig
Generated: /Users/williamcory/guillotine-mini/test/specs/generated/state_tests/eest/prague/eip7702_set_code_tx/set_code_txs/set_code_address_and_authority_warm_state_call_types.zig
Generated: /Users/williamcory/guillotine-mini/test/specs/generated/state_tests/eest/prague/eip7702_set_code_tx/set_code_txs/set_code_to_tstore_available_at_correct_address.zig
Generated: /Users/williamcory/guillotine-mini/test/specs/generated/state_tests/eest/prague/eip7702_set_code_tx/set_code_txs/set_code_multiple_valid_authorization_tuples_same_signer_increasing_nonce.zig
Generated: /Users/williamcory/guillotine-mini/test/specs/generated/state_tests/eest/prague/eip7702_set_code_tx/set_code_txs/set_code_to_self_caller.zig
Generated: /Users/williamcory/guillotine-mini/test/specs/generated/state_tests/eest/prague/eip7702_set_code_tx/set_code_txs/set_code_to_non_empty_storage_non_zero_nonce.zig
Generated: /Users/williamcory/guillotine-mini/test/specs/generated/state_tests/eest/berlin/eip2930_access_list/tx_intrinsic_gas/tx_intrinsic_gas.zig
Generated: /Users/williamcory/guillotine-mini/test/specs/generated/state_tests/eest/berlin/eip2930_access_list/acl/transaction_intrinsic_gas_cost.zig
Generated: /Users/williamcory/guillotine-mini/test/specs/generated/state_tests/eest/berlin/eip2930_access_list/acl/account_storage_warm_cold_state.zig
Generated: /Users/williamcory/guillotine-mini/test/specs/generated/state_tests/eest/byzantium/eip198_modexp_precompile/modexp/modexp.zig
Generated: /Users/williamcory/guillotine-mini/test/specs/generated/transaction_tests/eest/prague/eip7702_set_code_tx/invalid_tx/invalid_tx_invalid_auth_chain_id_encoding.zig
Generated: /Users/williamcory/guillotine-mini/test/specs/generated/transaction_tests/eest/prague/eip7702_set_code_tx/invalid_tx/invalid_tx_invalid_nonce_encoding.zig
Generated: /Users/williamcory/guillotine-mini/test/specs/generated/transaction_tests/eest/prague/eip7702_set_code_tx/invalid_tx/invalid_tx_invalid_auth_chain_id.zig
Generated: /Users/williamcory/guillotine-mini/test/specs/generated/transaction_tests/eest/prague/eip7702_set_code_tx/invalid_tx/invalid_tx_invalid_authorization_tuple_extra_element.zig
Generated: /Users/williamcory/guillotine-mini/test/specs/generated/transaction_tests/eest/prague/eip7702_set_code_tx/invalid_tx/invalid_tx_invalid_nonce_as_list.zig
Generated: /Users/williamcory/guillotine-mini/test/specs/generated/transaction_tests/eest/prague/eip7702_set_code_tx/invalid_tx/invalid_tx_invalid_nonce.zig
Generated: /Users/williamcory/guillotine-mini/test/specs/generated/transaction_tests/eest/prague/eip7702_set_code_tx/invalid_tx/invalid_auth_signature.zig
Generated: /Users/williamcory/guillotine-mini/test/specs/generated/transaction_tests/eest/prague/eip7702_set_code_tx/invalid_tx/invalid_tx_invalid_authorization_tuple_missing_element.zig
Generated: /Users/williamcory/guillotine-mini/test/specs/generated/transaction_tests/eest/prague/eip7702_set_code_tx/invalid_tx/empty_authorization_list.zig
Generated: /Users/williamcory/guillotine-mini/test/specs/generated/transaction_tests/eest/prague/eip7702_set_code_tx/invalid_tx/invalid_tx_invalid_rlp_encoding.zig
Generated: /Users/williamcory/guillotine-mini/test/specs/generated/transaction_tests/eest/prague/eip7702_set_code_tx/invalid_tx/invalid_tx_invalid_authorization_tuple_encoded_as_bytes.zig
Generated: /Users/williamcory/guillotine-mini/test/specs/generated/transaction_tests/eest/prague/eip7702_set_code_tx/invalid_tx/invalid_tx_invalid_address.zig
Generated: /Users/williamcory/guillotine-mini/test/specs/generated/blockchain_tests/eest/constantinople/eip145_bitwise_shift/shift_combinations/combinations.zig
Generated: /Users/williamcory/guillotine-mini/test/specs/generated/blockchain_tests/eest/constantinople/eip1014_create2/recreate/recreate.zig
Generated: /Users/williamcory/guillotine-mini/test/specs/generated/blockchain_tests/eest/constantinople/eip1014_create2/create_returndata/create2_return_data.zig
Generated: /Users/williamcory/guillotine-mini/test/specs/generated/blockchain_tests/eest/paris/security/selfdestruct_balance_bug/tx_selfdestruct_balance_bug.zig
Generated: /Users/williamcory/guillotine-mini/test/specs/generated/blockchain_tests/eest/homestead/coverage/coverage/coverage.zig
Generated: /Users/williamcory/guillotine-mini/test/specs/generated/blockchain_tests/eest/shanghai/eip3860_initcode/with_eof/legacy_create_edge_code_size.zig
Generated: /Users/williamcory/guillotine-mini/test/specs/generated/blockchain_tests/eest/shanghai/eip3860_initcode/initcode/create_opcode_initcode.zig
Generated: /Users/williamcory/guillotine-mini/test/specs/generated/blockchain_tests/eest/shanghai/eip3860_initcode/initcode/gas_usage.zig
Progress: 600/930 files...
Generated: /Users/williamcory/guillotine-mini/test/specs/generated/blockchain_tests/eest/shanghai/eip3860_initcode/initcode/contract_creating_tx.zig
Generated: /Users/williamcory/guillotine-mini/test/specs/generated/blockchain_tests/eest/shanghai/eip3855_push0/push0/push0_contracts.zig
Generated: /Users/williamcory/guillotine-mini/test/specs/generated/blockchain_tests/eest/shanghai/eip3855_push0/push0/push0_contract_during_call_contexts.zig
Generated: /Users/williamcory/guillotine-mini/test/specs/generated/blockchain_tests/eest/shanghai/eip3651_warm_coinbase/warm_coinbase/warm_coinbase_call_out_of_gas.zig
Generated: /Users/williamcory/guillotine-mini/test/specs/generated/blockchain_tests/eest/shanghai/eip3651_warm_coinbase/warm_coinbase/warm_coinbase_gas_usage.zig
Generated: /Users/williamcory/guillotine-mini/test/specs/generated/blockchain_tests/eest/shanghai/eip4895_withdrawals/withdrawals/withdrawing_to_precompiles.zig
Generated: /Users/williamcory/guillotine-mini/test/specs/generated/blockchain_tests/eest/shanghai/eip4895_withdrawals/withdrawals/self_destructing_account.zig
Generated: /Users/williamcory/guillotine-mini/test/specs/generated/blockchain_tests/eest/shanghai/eip4895_withdrawals/withdrawals/multiple_withdrawals_same_address.zig
Generated: /Users/williamcory/guillotine-mini/test/specs/generated/blockchain_tests/eest/shanghai/eip4895_withdrawals/withdrawals/use_value_in_contract.zig
Generated: /Users/williamcory/guillotine-mini/test/specs/generated/blockchain_tests/eest/shanghai/eip4895_withdrawals/withdrawals/balance_within_block.zig
Generated: /Users/williamcory/guillotine-mini/test/specs/generated/blockchain_tests/eest/shanghai/eip4895_withdrawals/withdrawals/no_evm_execution.zig
Generated: /Users/williamcory/guillotine-mini/test/specs/generated/blockchain_tests/eest/shanghai/eip4895_withdrawals/withdrawals/zero_amount.zig
Generated: /Users/williamcory/guillotine-mini/test/specs/generated/blockchain_tests/eest/shanghai/eip4895_withdrawals/withdrawals/newly_created_contract.zig
Generated: /Users/williamcory/guillotine-mini/test/specs/generated/blockchain_tests/eest/shanghai/eip4895_withdrawals/withdrawals/large_amount.zig
Generated: /Users/williamcory/guillotine-mini/test/specs/generated/blockchain_tests/eest/shanghai/eip4895_withdrawals/withdrawals/use_value_in_tx.zig
Generated: /Users/williamcory/guillotine-mini/test/specs/generated/blockchain_tests/eest/shanghai/eip4895_withdrawals/withdrawals/many_withdrawals.zig
Generated: /Users/williamcory/guillotine-mini/test/specs/generated/blockchain_tests/eest/cancun/eip5656_mcopy/mcopy_memory_expansion/mcopy_memory_expansion.zig
Generated: /Users/williamcory/guillotine-mini/test/specs/generated/blockchain_tests/eest/cancun/eip5656_mcopy/mcopy_memory_expansion/mcopy_huge_memory_expansion.zig
Generated: /Users/williamcory/guillotine-mini/test/specs/generated/blockchain_tests/eest/cancun/eip5656_mcopy/mcopy_contexts/no_memory_corruption_on_upper_create_stack_levels.zig
Generated: /Users/williamcory/guillotine-mini/test/specs/generated/blockchain_tests/eest/cancun/eip5656_mcopy/mcopy_contexts/no_memory_corruption_on_upper_call_stack_levels.zig
Generated: /Users/williamcory/guillotine-mini/test/specs/generated/blockchain_tests/eest/cancun/eip5656_mcopy/mcopy/mcopy_on_empty_memory.zig
Generated: /Users/williamcory/guillotine-mini/test/specs/generated/blockchain_tests/eest/cancun/eip5656_mcopy/mcopy/valid_mcopy_operations.zig
Generated: /Users/williamcory/guillotine-mini/test/specs/generated/blockchain_tests/eest/cancun/eip1153_tstore/tstore_reentrancy/tstore_reentrancy.zig
Generated: /Users/williamcory/guillotine-mini/test/specs/generated/blockchain_tests/eest/cancun/eip1153_tstore/tload_calls/tload_calls.zig
Generated: /Users/williamcory/guillotine-mini/test/specs/generated/blockchain_tests/eest/cancun/eip1153_tstore/tstorage/gas_usage.zig
Generated: /Users/williamcory/guillotine-mini/test/specs/generated/blockchain_tests/eest/cancun/eip1153_tstore/tstorage/transient_storage_unset_values.zig
Generated: /Users/williamcory/guillotine-mini/test/specs/generated/blockchain_tests/eest/cancun/eip1153_tstore/tstorage/run_until_out_of_gas.zig
Generated: /Users/williamcory/guillotine-mini/test/specs/generated/blockchain_tests/eest/cancun/eip1153_tstore/tstorage/tload_after_tstore_is_zero.zig
Generated: /Users/williamcory/guillotine-mini/test/specs/generated/blockchain_tests/eest/cancun/eip1153_tstore/tstorage/tload_after_tstore.zig
Generated: /Users/williamcory/guillotine-mini/test/specs/generated/blockchain_tests/eest/cancun/eip1153_tstore/tstorage/tload_after_sstore.zig
Generated: /Users/williamcory/guillotine-mini/test/specs/generated/blockchain_tests/eest/cancun/eip1153_tstore/tstorage_reentrancy_contexts/reentrant_call.zig
Generated: /Users/williamcory/guillotine-mini/test/specs/generated/blockchain_tests/eest/cancun/eip1153_tstore/tstorage_execution_contexts/subcall.zig
Generated: /Users/williamcory/guillotine-mini/test/specs/generated/blockchain_tests/eest/cancun/eip1153_tstore/basic_tload/basic_tload_transaction_begin.zig
Generated: /Users/williamcory/guillotine-mini/test/specs/generated/blockchain_tests/eest/cancun/eip1153_tstore/basic_tload/basic_tload_gasprice.zig
Generated: /Users/williamcory/guillotine-mini/test/specs/generated/blockchain_tests/eest/cancun/eip1153_tstore/basic_tload/basic_tload_works.zig
Generated: /Users/williamcory/guillotine-mini/test/specs/generated/blockchain_tests/eest/cancun/eip1153_tstore/basic_tload/basic_tload_after_store.zig
Generated: /Users/williamcory/guillotine-mini/test/specs/generated/blockchain_tests/eest/cancun/eip1153_tstore/basic_tload/basic_tload_other_after_tstore.zig
Generated: /Users/williamcory/guillotine-mini/test/specs/generated/blockchain_tests/eest/cancun/eip1153_tstore/tstorage_selfdestruct/reentrant_selfdestructing_call.zig
Generated: /Users/williamcory/guillotine-mini/test/specs/generated/blockchain_tests/eest/cancun/eip1153_tstore/tstorage_clear_after_tx/tstore_clear_after_deployment_tx.zig
Generated: /Users/williamcory/guillotine-mini/test/specs/generated/blockchain_tests/eest/cancun/eip1153_tstore/tstorage_clear_after_tx/tstore_clear_after_tx.zig
Generated: /Users/williamcory/guillotine-mini/test/specs/generated/blockchain_tests/eest/cancun/eip1153_tstore/tstorage_create_contexts/contract_creation.zig
Generated: /Users/williamcory/guillotine-mini/test/specs/generated/blockchain_tests/eest/cancun/eip1153_tstore/tload_reentrancy/tload_reentrancy.zig
Generated: /Users/williamcory/guillotine-mini/test/specs/generated/blockchain_tests/eest/cancun/eip4844_blobs/excess_blob_gas_fork_transition/invalid_pre_fork_block_with_blob_fields.zig
Generated: /Users/williamcory/guillotine-mini/test/specs/generated/blockchain_tests/eest/cancun/eip4844_blobs/excess_blob_gas_fork_transition/fork_transition_excess_blob_gas_post_blob_genesis.zig
Generated: /Users/williamcory/guillotine-mini/test/specs/generated/blockchain_tests/eest/cancun/eip4844_blobs/excess_blob_gas_fork_transition/fork_transition_excess_blob_gas_at_blob_genesis.zig
Generated: /Users/williamcory/guillotine-mini/test/specs/generated/blockchain_tests/eest/cancun/eip4844_blobs/excess_blob_gas_fork_transition/invalid_post_fork_block_without_blob_fields.zig
Generated: /Users/williamcory/guillotine-mini/test/specs/generated/blockchain_tests/eest/cancun/eip4844_blobs/point_evaluation_precompile/precompile_before_fork.zig
Generated: /Users/williamcory/guillotine-mini/test/specs/generated/blockchain_tests/eest/cancun/eip4844_blobs/point_evaluation_precompile/valid_inputs.zig
Generated: /Users/williamcory/guillotine-mini/test/specs/generated/blockchain_tests/eest/cancun/eip4844_blobs/point_evaluation_precompile/precompile_during_fork.zig
Generated: /Users/williamcory/guillotine-mini/test/specs/generated/blockchain_tests/eest/cancun/eip4844_blobs/point_evaluation_precompile/external_vectors.zig
Generated: /Users/williamcory/guillotine-mini/test/specs/generated/blockchain_tests/eest/cancun/eip4844_blobs/point_evaluation_precompile/invalid_inputs.zig
Generated: /Users/williamcory/guillotine-mini/test/specs/generated/blockchain_tests/eest/cancun/eip4844_blobs/point_evaluation_precompile/tx_entry_point.zig
Generated: /Users/williamcory/guillotine-mini/test/specs/generated/blockchain_tests/eest/cancun/eip4844_blobs/point_evaluation_precompile/call_opcode_types.zig
Generated: /Users/williamcory/guillotine-mini/test/specs/generated/blockchain_tests/eest/cancun/eip4844_blobs/blob_txs/sufficient_balance_blob_tx_pre_fund_tx.zig
Generated: /Users/williamcory/guillotine-mini/test/specs/generated/blockchain_tests/eest/cancun/eip4844_blobs/blob_txs/blob_gas_subtraction_tx.zig
Generated: /Users/williamcory/guillotine-mini/test/specs/generated/blockchain_tests/eest/cancun/eip4844_blobs/blob_txs/insufficient_balance_blob_tx.zig
Generated: /Users/williamcory/guillotine-mini/test/specs/generated/blockchain_tests/eest/cancun/eip4844_blobs/blob_txs/sufficient_balance_blob_tx.zig
Generated: /Users/williamcory/guillotine-mini/test/specs/generated/blockchain_tests/eest/cancun/eip4844_blobs/blob_txs/invalid_block_blob_count.zig
Generated: /Users/williamcory/guillotine-mini/test/specs/generated/blockchain_tests/eest/cancun/eip4844_blobs/blob_txs/invalid_blob_hash_versioning_single_tx.zig
Generated: /Users/williamcory/guillotine-mini/test/specs/generated/blockchain_tests/eest/cancun/eip4844_blobs/blob_txs/blob_type_tx_pre_fork.zig
Generated: /Users/williamcory/guillotine-mini/test/specs/generated/blockchain_tests/eest/cancun/eip4844_blobs/blob_txs/insufficient_balance_blob_tx_combinations.zig
Generated: /Users/williamcory/guillotine-mini/test/specs/generated/blockchain_tests/eest/cancun/eip4844_blobs/blob_txs/invalid_normal_gas.zig
Generated: /Users/williamcory/guillotine-mini/test/specs/generated/blockchain_tests/eest/cancun/eip4844_blobs/blob_txs/invalid_blob_tx_contract_creation.zig
Generated: /Users/williamcory/guillotine-mini/test/specs/generated/blockchain_tests/eest/cancun/eip4844_blobs/blob_txs/invalid_tx_max_fee_per_blob_gas.zig
Generated: /Users/williamcory/guillotine-mini/test/specs/generated/blockchain_tests/eest/cancun/eip4844_blobs/blob_txs/blob_tx_attribute_gasprice_opcode.zig
Generated: /Users/williamcory/guillotine-mini/test/specs/generated/blockchain_tests/eest/cancun/eip4844_blobs/blob_txs/blob_tx_attribute_value_opcode.zig
Generated: /Users/williamcory/guillotine-mini/test/specs/generated/blockchain_tests/eest/cancun/eip4844_blobs/blob_txs/blob_tx_attribute_calldata_opcodes.zig
Generated: /Users/williamcory/guillotine-mini/test/specs/generated/blockchain_tests/eest/cancun/eip4844_blobs/blob_txs/invalid_blob_hash_versioning_multiple_txs.zig
Generated: /Users/williamcory/guillotine-mini/test/specs/generated/blockchain_tests/eest/cancun/eip4844_blobs/blob_txs/invalid_tx_blob_count.zig
Generated: /Users/williamcory/guillotine-mini/test/specs/generated/blockchain_tests/eest/cancun/eip4844_blobs/blob_txs/valid_blob_tx_combinations.zig
Generated: /Users/williamcory/guillotine-mini/test/specs/generated/blockchain_tests/eest/cancun/eip4844_blobs/blob_txs/blob_tx_attribute_opcodes.zig
Generated: /Users/williamcory/guillotine-mini/test/specs/generated/blockchain_tests/eest/cancun/eip4844_blobs/blob_txs_full/reject_valid_full_blob_in_block_rlp.zig
Generated: /Users/williamcory/guillotine-mini/test/specs/generated/blockchain_tests/eest/cancun/eip4844_blobs/blobhash_opcode/blobhash_gas_cost.zig
Generated: /Users/williamcory/guillotine-mini/test/specs/generated/blockchain_tests/eest/cancun/eip4844_blobs/blobhash_opcode/blobhash_scenarios.zig
Generated: /Users/williamcory/guillotine-mini/test/specs/generated/blockchain_tests/eest/cancun/eip4844_blobs/blobhash_opcode/blobhash_multiple_txs_in_block.zig
Generated: /Users/williamcory/guillotine-mini/test/specs/generated/blockchain_tests/eest/cancun/eip4844_blobs/blobhash_opcode/blobhash_invalid_blob_index.zig
Generated: /Users/williamcory/guillotine-mini/test/specs/generated/blockchain_tests/eest/cancun/eip4844_blobs/point_evaluation_precompile_gas/point_evaluation_precompile_gas_usage.zig
Generated: /Users/williamcory/guillotine-mini/test/specs/generated/blockchain_tests/eest/cancun/eip4844_blobs/blobhash_opcode_contexts/blobhash_opcode_contexts.zig
Generated: /Users/williamcory/guillotine-mini/test/specs/generated/blockchain_tests/eest/cancun/eip4844_blobs/blobhash_opcode_contexts/blobhash_opcode_contexts_tx_types.zig
Generated: /Users/williamcory/guillotine-mini/test/specs/generated/blockchain_tests/eest/cancun/eip4844_blobs/excess_blob_gas/invalid_negative_excess_blob_gas.zig
Generated: /Users/williamcory/guillotine-mini/test/specs/generated/blockchain_tests/eest/cancun/eip4844_blobs/excess_blob_gas/correct_decreasing_blob_gas_costs.zig
Generated: /Users/williamcory/guillotine-mini/test/specs/generated/blockchain_tests/eest/cancun/eip4844_blobs/excess_blob_gas/invalid_excess_blob_gas_change.zig
Generated: /Users/williamcory/guillotine-mini/test/specs/generated/blockchain_tests/eest/cancun/eip4844_blobs/excess_blob_gas/correct_increasing_blob_gas_costs.zig
Generated: /Users/williamcory/guillotine-mini/test/specs/generated/blockchain_tests/eest/cancun/eip4844_blobs/excess_blob_gas/invalid_static_excess_blob_gas.zig
Generated: /Users/williamcory/guillotine-mini/test/specs/generated/blockchain_tests/eest/cancun/eip4844_blobs/excess_blob_gas/invalid_excess_blob_gas_target_blobs_increase_from_zero.zig
Generated: /Users/williamcory/guillotine-mini/test/specs/generated/blockchain_tests/eest/cancun/eip4844_blobs/excess_blob_gas/correct_excess_blob_gas_calculation.zig
Generated: /Users/williamcory/guillotine-mini/test/specs/generated/blockchain_tests/eest/cancun/eip4844_blobs/excess_blob_gas/invalid_blob_gas_used_in_header.zig
Generated: /Users/williamcory/guillotine-mini/test/specs/generated/blockchain_tests/eest/cancun/eip4844_blobs/excess_blob_gas/invalid_zero_excess_blob_gas_in_header.zig
Generated: /Users/williamcory/guillotine-mini/test/specs/generated/blockchain_tests/eest/cancun/eip4844_blobs/excess_blob_gas/invalid_excess_blob_gas_above_target_change.zig
Generated: /Users/williamcory/guillotine-mini/test/specs/generated/blockchain_tests/eest/cancun/eip4844_blobs/excess_blob_gas/invalid_non_multiple_excess_blob_gas.zig
Generated: /Users/williamcory/guillotine-mini/test/specs/generated/blockchain_tests/eest/cancun/eip4844_blobs/excess_blob_gas/invalid_static_excess_blob_gas_from_zero_on_blobs_above_target.zig
Generated: /Users/williamcory/guillotine-mini/test/specs/generated/blockchain_tests/eest/cancun/eip6780_selfdestruct/reentrancy_selfdestruct_revert/reentrancy_selfdestruct_revert.zig
Generated: /Users/williamcory/guillotine-mini/test/specs/generated/blockchain_tests/eest/cancun/eip6780_selfdestruct/selfdestruct/calling_from_new_contract_to_pre_existing_contract.zig
Generated: /Users/williamcory/guillotine-mini/test/specs/generated/blockchain_tests/eest/cancun/eip6780_selfdestruct/selfdestruct/create_selfdestruct_same_tx.zig
Generated: /Users/williamcory/guillotine-mini/test/specs/generated/blockchain_tests/eest/cancun/eip6780_selfdestruct/selfdestruct/recreate_self_destructed_contract_different_txs.zig
Generated: /Users/williamcory/guillotine-mini/test/specs/generated/blockchain_tests/eest/cancun/eip6780_selfdestruct/selfdestruct/create_selfdestruct_same_tx_increased_nonce.zig
Generated: /Users/williamcory/guillotine-mini/test/specs/generated/blockchain_tests/eest/cancun/eip6780_selfdestruct/selfdestruct/self_destructing_initcode.zig
Generated: /Users/williamcory/guillotine-mini/test/specs/generated/blockchain_tests/eest/cancun/eip6780_selfdestruct/selfdestruct/self_destructing_initcode_create_tx.zig
Generated: /Users/williamcory/guillotine-mini/test/specs/generated/blockchain_tests/eest/cancun/eip6780_selfdestruct/selfdestruct/selfdestruct_created_same_block_different_tx.zig
Generated: /Users/williamcory/guillotine-mini/test/specs/generated/blockchain_tests/eest/cancun/eip6780_selfdestruct/selfdestruct/calling_from_pre_existing_contract_to_new_contract.zig
Progress: 700/930 files...
Generated: /Users/williamcory/guillotine-mini/test/specs/generated/blockchain_tests/eest/cancun/eip6780_selfdestruct/selfdestruct/selfdestruct_pre_existing.zig
Generated: /Users/williamcory/guillotine-mini/test/specs/generated/blockchain_tests/eest/cancun/eip6780_selfdestruct/dynamic_create2_selfdestruct_collision/dynamic_create2_selfdestruct_collision_multi_tx.zig
Generated: /Users/williamcory/guillotine-mini/test/specs/generated/blockchain_tests/eest/cancun/eip6780_selfdestruct/dynamic_create2_selfdestruct_collision/dynamic_create2_selfdestruct_collision.zig
Generated: /Users/williamcory/guillotine-mini/test/specs/generated/blockchain_tests/eest/cancun/eip6780_selfdestruct/dynamic_create2_selfdestruct_collision/dynamic_create2_selfdestruct_collision_two_different_transactions.zig
Generated: /Users/williamcory/guillotine-mini/test/specs/generated/blockchain_tests/eest/cancun/eip6780_selfdestruct/selfdestruct_revert/selfdestruct_not_created_in_same_tx_with_revert.zig
Generated: /Users/williamcory/guillotine-mini/test/specs/generated/blockchain_tests/eest/cancun/eip6780_selfdestruct/selfdestruct_revert/selfdestruct_created_in_same_tx_with_revert.zig
Generated: /Users/williamcory/guillotine-mini/test/specs/generated/blockchain_tests/eest/cancun/eip7516_blobgasfee/blobgasfee_opcode/blobbasefee_during_fork.zig
Generated: /Users/williamcory/guillotine-mini/test/specs/generated/blockchain_tests/eest/cancun/eip7516_blobgasfee/blobgasfee_opcode/blobbasefee_before_fork.zig
Generated: /Users/williamcory/guillotine-mini/test/specs/generated/blockchain_tests/eest/cancun/eip7516_blobgasfee/blobgasfee_opcode/blobbasefee_out_of_gas.zig
Generated: /Users/williamcory/guillotine-mini/test/specs/generated/blockchain_tests/eest/cancun/eip7516_blobgasfee/blobgasfee_opcode/blobbasefee_stack_overflow.zig
Generated: /Users/williamcory/guillotine-mini/test/specs/generated/blockchain_tests/eest/cancun/eip4788_beacon_root/beacon_root_contract/beacon_root_selfdestruct.zig
Generated: /Users/williamcory/guillotine-mini/test/specs/generated/blockchain_tests/eest/cancun/eip4788_beacon_root/beacon_root_contract/beacon_root_contract_timestamps.zig
Generated: /Users/williamcory/guillotine-mini/test/specs/generated/blockchain_tests/eest/cancun/eip4788_beacon_root/beacon_root_contract/multi_block_beacon_root_timestamp_calls.zig
Generated: /Users/williamcory/guillotine-mini/test/specs/generated/blockchain_tests/eest/cancun/eip4788_beacon_root/beacon_root_contract/beacon_root_contract_deploy.zig
Generated: /Users/williamcory/guillotine-mini/test/specs/generated/blockchain_tests/eest/cancun/eip4788_beacon_root/beacon_root_contract/beacon_root_transition.zig
Generated: /Users/williamcory/guillotine-mini/test/specs/generated/blockchain_tests/eest/cancun/eip4788_beacon_root/beacon_root_contract/no_beacon_root_contract_at_transition.zig
Generated: /Users/williamcory/guillotine-mini/test/specs/generated/blockchain_tests/eest/cancun/eip4788_beacon_root/beacon_root_contract/beacon_root_equal_to_timestamp.zig
Generated: /Users/williamcory/guillotine-mini/test/specs/generated/blockchain_tests/eest/cancun/eip4788_beacon_root/beacon_root_contract/beacon_root_contract_calls.zig
Generated: /Users/williamcory/guillotine-mini/test/specs/generated/blockchain_tests/eest/cancun/eip4788_beacon_root/beacon_root_contract/calldata_lengths.zig
Generated: /Users/williamcory/guillotine-mini/test/specs/generated/blockchain_tests/eest/cancun/eip4788_beacon_root/beacon_root_contract/invalid_beacon_root_calldata_value.zig
Generated: /Users/williamcory/guillotine-mini/test/specs/generated/blockchain_tests/eest/cancun/eip4788_beacon_root/beacon_root_contract/tx_to_beacon_root_contract.zig
Generated: /Users/williamcory/guillotine-mini/test/specs/generated/blockchain_tests/eest/istanbul/eip152_blake2/blake2/blake2b_gas_limit.zig
Generated: /Users/williamcory/guillotine-mini/test/specs/generated/blockchain_tests/eest/istanbul/eip152_blake2/blake2/blake2b.zig
Generated: /Users/williamcory/guillotine-mini/test/specs/generated/blockchain_tests/eest/istanbul/eip152_blake2/blake2/blake2b_invalid_gas.zig
Generated: /Users/williamcory/guillotine-mini/test/specs/generated/blockchain_tests/eest/istanbul/eip152_blake2/blake2/blake2b_large_gas_limit.zig
Generated: /Users/williamcory/guillotine-mini/test/specs/generated/blockchain_tests/eest/istanbul/eip152_blake2/blake2_delegatecall/blake2_precompile_delegatecall.zig
Generated: /Users/williamcory/guillotine-mini/test/specs/generated/blockchain_tests/eest/istanbul/eip1344_chainid/chainid/chainid.zig
Generated: /Users/williamcory/guillotine-mini/test/specs/generated/blockchain_tests/eest/osaka/eip7883_modexp_gas_increase/modexp_thresholds/vectors_from_legacy_tests.zig
Generated: /Users/williamcory/guillotine-mini/test/specs/generated/blockchain_tests/eest/osaka/eip7883_modexp_gas_increase/modexp_thresholds/modexp_gas_usage_contract_wrapper.zig
Generated: /Users/williamcory/guillotine-mini/test/specs/generated/blockchain_tests/eest/osaka/eip7883_modexp_gas_increase/modexp_thresholds/modexp_variable_gas_cost_exceed_tx_gas_cap.zig
Generated: /Users/williamcory/guillotine-mini/test/specs/generated/blockchain_tests/eest/osaka/eip7883_modexp_gas_increase/modexp_thresholds/modexp_variable_gas_cost.zig
Generated: /Users/williamcory/guillotine-mini/test/specs/generated/blockchain_tests/eest/osaka/eip7883_modexp_gas_increase/modexp_thresholds/vectors_from_eip.zig
Generated: /Users/williamcory/guillotine-mini/test/specs/generated/blockchain_tests/eest/osaka/eip7883_modexp_gas_increase/modexp_thresholds/modexp_used_in_transaction_entry_points.zig
Generated: /Users/williamcory/guillotine-mini/test/specs/generated/blockchain_tests/eest/osaka/eip7883_modexp_gas_increase/modexp_thresholds/modexp_call_operations.zig
Generated: /Users/williamcory/guillotine-mini/test/specs/generated/blockchain_tests/eest/osaka/eip7883_modexp_gas_increase/modexp_thresholds/modexp_invalid_inputs.zig
Generated: /Users/williamcory/guillotine-mini/test/specs/generated/blockchain_tests/eest/osaka/eip7823_modexp_upper_bounds/modexp_upper_bounds/modexp_upper_bounds.zig
Generated: /Users/williamcory/guillotine-mini/test/specs/generated/blockchain_tests/eest/osaka/eip7825_transaction_gas_limit_cap/tx_gas_limit/transaction_gas_limit_cap.zig
Generated: /Users/williamcory/guillotine-mini/test/specs/generated/blockchain_tests/eest/frontier/precompiles/precompile_absence/precompile_absence.zig
Generated: /Users/williamcory/guillotine-mini/test/specs/generated/blockchain_tests/eest/frontier/precompiles/precompiles/precompiles.zig
Generated: /Users/williamcory/guillotine-mini/test/specs/generated/blockchain_tests/eest/frontier/identity_precompile/identity/call_identity_precompile.zig
Generated: /Users/williamcory/guillotine-mini/test/specs/generated/blockchain_tests/eest/frontier/identity_precompile/identity/call_identity_precompile_large_params.zig
Generated: /Users/williamcory/guillotine-mini/test/specs/generated/blockchain_tests/eest/frontier/identity_precompile/identity_returndatasize/identity_precompile_returndata.zig
Generated: /Users/williamcory/guillotine-mini/test/specs/generated/blockchain_tests/eest/frontier/examples/block_intermediate_state/block_intermediate_state.zig
Generated: /Users/williamcory/guillotine-mini/test/specs/generated/blockchain_tests/eest/frontier/scenarios/scenarios/scenarios.zig
Generated: /Users/williamcory/guillotine-mini/test/specs/generated/blockchain_tests/eest/frontier/create/create_one_byte/create_one_byte.zig
Generated: /Users/williamcory/guillotine-mini/test/specs/generated/blockchain_tests/eest/frontier/opcodes/call_and_callcode_gas_calculation/value_transfer_gas_calculation.zig
Generated: /Users/williamcory/guillotine-mini/test/specs/generated/blockchain_tests/eest/frontier/opcodes/calldatacopy/calldatacopy.zig
Generated: /Users/williamcory/guillotine-mini/test/specs/generated/blockchain_tests/eest/frontier/opcodes/calldatasize/calldatasize.zig
Generated: /Users/williamcory/guillotine-mini/test/specs/generated/blockchain_tests/eest/frontier/opcodes/all_opcodes/cover_revert.zig
Generated: /Users/williamcory/guillotine-mini/test/specs/generated/blockchain_tests/eest/frontier/opcodes/all_opcodes/all_opcodes.zig
Generated: /Users/williamcory/guillotine-mini/test/specs/generated/blockchain_tests/eest/frontier/opcodes/selfdestruct/double_kill.zig
Generated: /Users/williamcory/guillotine-mini/test/specs/generated/blockchain_tests/eest/frontier/opcodes/dup/dup.zig
Generated: /Users/williamcory/guillotine-mini/test/specs/generated/blockchain_tests/eest/frontier/opcodes/calldataload/calldataload.zig
Generated: /Users/williamcory/guillotine-mini/test/specs/generated/blockchain_tests/eest/frontier/opcodes/push/push.zig
Generated: /Users/williamcory/guillotine-mini/test/specs/generated/blockchain_tests/eest/frontier/opcodes/push/stack_overflow.zig
Generated: /Users/williamcory/guillotine-mini/test/specs/generated/blockchain_tests/eest/frontier/opcodes/call/call_large_offset_mstore.zig
Generated: /Users/williamcory/guillotine-mini/test/specs/generated/blockchain_tests/eest/frontier/opcodes/call/call_large_args_offset_size_zero.zig
Generated: /Users/williamcory/guillotine-mini/test/specs/generated/blockchain_tests/eest/frontier/opcodes/call/call_memory_expands_on_early_revert.zig
Generated: /Users/williamcory/guillotine-mini/test/specs/generated/blockchain_tests/eest/prague/eip7251_consolidations/contract_deployment/system_contract_deployment.zig
Generated: /Users/williamcory/guillotine-mini/test/specs/generated/blockchain_tests/eest/prague/eip7251_consolidations/modified_consolidation_contract/extra_consolidations.zig
Generated: /Users/williamcory/guillotine-mini/test/specs/generated/blockchain_tests/eest/prague/eip7251_consolidations/modified_consolidation_contract/system_contract_errors.zig
Generated: /Users/williamcory/guillotine-mini/test/specs/generated/blockchain_tests/eest/prague/eip7251_consolidations/consolidations_during_fork/consolidation_requests_during_fork.zig
Generated: /Users/williamcory/guillotine-mini/test/specs/generated/blockchain_tests/eest/prague/eip7251_consolidations/consolidations/consolidation_requests.zig
Generated: /Users/williamcory/guillotine-mini/test/specs/generated/blockchain_tests/eest/prague/eip7251_consolidations/consolidations/consolidation_requests_negative.zig
Generated: /Users/williamcory/guillotine-mini/test/specs/generated/blockchain_tests/eest/prague/eip6110_deposits/deposits/deposit_negative.zig
Generated: /Users/williamcory/guillotine-mini/test/specs/generated/blockchain_tests/eest/prague/eip6110_deposits/deposits/deposit.zig
Generated: /Users/williamcory/guillotine-mini/test/specs/generated/blockchain_tests/eest/prague/eip6110_deposits/modified_contract/invalid_log_length.zig
Generated: /Users/williamcory/guillotine-mini/test/specs/generated/blockchain_tests/eest/prague/eip6110_deposits/modified_contract/invalid_layout.zig
Generated: /Users/williamcory/guillotine-mini/test/specs/generated/blockchain_tests/eest/prague/eip6110_deposits/modified_contract/extra_logs.zig
Generated: /Users/williamcory/guillotine-mini/test/specs/generated/blockchain_tests/eest/prague/eip2935_historical_block_hashes_from_state/contract_deployment/system_contract_deployment.zig
Generated: /Users/williamcory/guillotine-mini/test/specs/generated/blockchain_tests/eest/prague/eip2935_historical_block_hashes_from_state/block_hashes/block_hashes_call_opcodes.zig
Generated: /Users/williamcory/guillotine-mini/test/specs/generated/blockchain_tests/eest/prague/eip2935_historical_block_hashes_from_state/block_hashes/block_hashes_history.zig
Generated: /Users/williamcory/guillotine-mini/test/specs/generated/blockchain_tests/eest/prague/eip2935_historical_block_hashes_from_state/block_hashes/block_hashes_history_at_transition.zig
Generated: /Users/williamcory/guillotine-mini/test/specs/generated/blockchain_tests/eest/prague/eip2935_historical_block_hashes_from_state/block_hashes/invalid_history_contract_calls.zig
Generated: /Users/williamcory/guillotine-mini/test/specs/generated/blockchain_tests/eest/prague/eip2935_historical_block_hashes_from_state/block_hashes/invalid_history_contract_calls_input_size.zig
Generated: /Users/williamcory/guillotine-mini/test/specs/generated/blockchain_tests/eest/prague/eip7685_general_purpose_el_requests/multi_type_requests/valid_multi_type_request_from_same_tx.zig
Generated: /Users/williamcory/guillotine-mini/test/specs/generated/blockchain_tests/eest/prague/eip7685_general_purpose_el_requests/multi_type_requests/invalid_multi_type_requests.zig
Generated: /Users/williamcory/guillotine-mini/test/specs/generated/blockchain_tests/eest/prague/eip7685_general_purpose_el_requests/multi_type_requests/valid_multi_type_requests.zig
Generated: /Users/williamcory/guillotine-mini/test/specs/generated/blockchain_tests/eest/prague/eip7623_increase_calldata_cost/transaction_validity/transaction_validity_type_0.zig
Generated: /Users/williamcory/guillotine-mini/test/specs/generated/blockchain_tests/eest/prague/eip7623_increase_calldata_cost/transaction_validity/transaction_validity_type_1_type_2.zig
Generated: /Users/williamcory/guillotine-mini/test/specs/generated/blockchain_tests/eest/prague/eip7623_increase_calldata_cost/transaction_validity/transaction_validity_type_4.zig
Generated: /Users/williamcory/guillotine-mini/test/specs/generated/blockchain_tests/eest/prague/eip7623_increase_calldata_cost/transaction_validity/transaction_validity_type_3.zig
Generated: /Users/williamcory/guillotine-mini/test/specs/generated/blockchain_tests/eest/prague/eip7623_increase_calldata_cost/refunds/gas_refunds_from_data_floor.zig
Generated: /Users/williamcory/guillotine-mini/test/specs/generated/blockchain_tests/eest/prague/eip7623_increase_calldata_cost/execution_gas/full_gas_consumption.zig
Generated: /Users/williamcory/guillotine-mini/test/specs/generated/blockchain_tests/eest/prague/eip7623_increase_calldata_cost/execution_gas/gas_consumption_below_data_floor.zig
Generated: /Users/williamcory/guillotine-mini/test/specs/generated/blockchain_tests/eest/prague/eip2537_bls_12_381_precompiles/bls12_g1mul/gas.zig
Generated: /Users/williamcory/guillotine-mini/test/specs/generated/blockchain_tests/eest/prague/eip2537_bls_12_381_precompiles/bls12_g1mul/invalid.zig
Generated: /Users/williamcory/guillotine-mini/test/specs/generated/blockchain_tests/eest/prague/eip2537_bls_12_381_precompiles/bls12_g1mul/valid.zig
Generated: /Users/williamcory/guillotine-mini/test/specs/generated/blockchain_tests/eest/prague/eip2537_bls_12_381_precompiles/bls12_g1mul/call_types.zig
Generated: /Users/williamcory/guillotine-mini/test/specs/generated/blockchain_tests/eest/prague/eip2537_bls_12_381_precompiles/bls12_g2msm/invalid.zig
Generated: /Users/williamcory/guillotine-mini/test/specs/generated/blockchain_tests/eest/prague/eip2537_bls_12_381_precompiles/bls12_g2msm/valid.zig
Generated: /Users/williamcory/guillotine-mini/test/specs/generated/blockchain_tests/eest/prague/eip2537_bls_12_381_precompiles/bls12_g2msm/call_types.zig
Generated: /Users/williamcory/guillotine-mini/test/specs/generated/blockchain_tests/eest/prague/eip2537_bls_12_381_precompiles/bls12_precompiles_before_fork/precompile_before_fork.zig
Generated: /Users/williamcory/guillotine-mini/test/specs/generated/blockchain_tests/eest/prague/eip2537_bls_12_381_precompiles/bls12_g2add/gas.zig
Generated: /Users/williamcory/guillotine-mini/test/specs/generated/blockchain_tests/eest/prague/eip2537_bls_12_381_precompiles/bls12_g2add/invalid.zig
Generated: /Users/williamcory/guillotine-mini/test/specs/generated/blockchain_tests/eest/prague/eip2537_bls_12_381_precompiles/bls12_g2add/valid.zig
Generated: /Users/williamcory/guillotine-mini/test/specs/generated/blockchain_tests/eest/prague/eip2537_bls_12_381_precompiles/bls12_g2add/call_types.zig
Generated: /Users/williamcory/guillotine-mini/test/specs/generated/blockchain_tests/eest/prague/eip2537_bls_12_381_precompiles/bls12_g1add/gas.zig
Generated: /Users/williamcory/guillotine-mini/test/specs/generated/blockchain_tests/eest/prague/eip2537_bls_12_381_precompiles/bls12_g1add/invalid.zig
Generated: /Users/williamcory/guillotine-mini/test/specs/generated/blockchain_tests/eest/prague/eip2537_bls_12_381_precompiles/bls12_g1add/valid.zig
Progress: 800/930 files...
Generated: /Users/williamcory/guillotine-mini/test/specs/generated/blockchain_tests/eest/prague/eip2537_bls_12_381_precompiles/bls12_g1add/call_types.zig
Generated: /Users/williamcory/guillotine-mini/test/specs/generated/blockchain_tests/eest/prague/eip2537_bls_12_381_precompiles/bls12_map_fp2_to_g2/gas.zig
Generated: /Users/williamcory/guillotine-mini/test/specs/generated/blockchain_tests/eest/prague/eip2537_bls_12_381_precompiles/bls12_map_fp2_to_g2/invalid.zig
Generated: /Users/williamcory/guillotine-mini/test/specs/generated/blockchain_tests/eest/prague/eip2537_bls_12_381_precompiles/bls12_map_fp2_to_g2/valid.zig
Generated: /Users/williamcory/guillotine-mini/test/specs/generated/blockchain_tests/eest/prague/eip2537_bls_12_381_precompiles/bls12_map_fp2_to_g2/call_types.zig
Generated: /Users/williamcory/guillotine-mini/test/specs/generated/blockchain_tests/eest/prague/eip2537_bls_12_381_precompiles/bls12_g1msm/invalid.zig
Generated: /Users/williamcory/guillotine-mini/test/specs/generated/blockchain_tests/eest/prague/eip2537_bls_12_381_precompiles/bls12_g1msm/valid.zig
Generated: /Users/williamcory/guillotine-mini/test/specs/generated/blockchain_tests/eest/prague/eip2537_bls_12_381_precompiles/bls12_g1msm/call_types.zig
Generated: /Users/williamcory/guillotine-mini/test/specs/generated/blockchain_tests/eest/prague/eip2537_bls_12_381_precompiles/bls12_pairing/gas.zig
Generated: /Users/williamcory/guillotine-mini/test/specs/generated/blockchain_tests/eest/prague/eip2537_bls_12_381_precompiles/bls12_pairing/invalid.zig
Generated: /Users/williamcory/guillotine-mini/test/specs/generated/blockchain_tests/eest/prague/eip2537_bls_12_381_precompiles/bls12_pairing/valid.zig
Generated: /Users/williamcory/guillotine-mini/test/specs/generated/blockchain_tests/eest/prague/eip2537_bls_12_381_precompiles/bls12_pairing/invalid_multi_inf.zig
Generated: /Users/williamcory/guillotine-mini/test/specs/generated/blockchain_tests/eest/prague/eip2537_bls_12_381_precompiles/bls12_pairing/valid_multi_inf.zig
Generated: /Users/williamcory/guillotine-mini/test/specs/generated/blockchain_tests/eest/prague/eip2537_bls_12_381_precompiles/bls12_pairing/call_types.zig
Generated: /Users/williamcory/guillotine-mini/test/specs/generated/blockchain_tests/eest/prague/eip2537_bls_12_381_precompiles/bls12_g2mul/gas.zig
Generated: /Users/williamcory/guillotine-mini/test/specs/generated/blockchain_tests/eest/prague/eip2537_bls_12_381_precompiles/bls12_g2mul/invalid.zig
Generated: /Users/williamcory/guillotine-mini/test/specs/generated/blockchain_tests/eest/prague/eip2537_bls_12_381_precompiles/bls12_g2mul/valid.zig
Generated: /Users/williamcory/guillotine-mini/test/specs/generated/blockchain_tests/eest/prague/eip2537_bls_12_381_precompiles/bls12_g2mul/call_types.zig
Generated: /Users/williamcory/guillotine-mini/test/specs/generated/blockchain_tests/eest/prague/eip2537_bls_12_381_precompiles/bls12_map_fp_to_g1/gas.zig
Generated: /Users/williamcory/guillotine-mini/test/specs/generated/blockchain_tests/eest/prague/eip2537_bls_12_381_precompiles/bls12_map_fp_to_g1/invalid.zig
Generated: /Users/williamcory/guillotine-mini/test/specs/generated/blockchain_tests/eest/prague/eip2537_bls_12_381_precompiles/bls12_map_fp_to_g1/valid.zig
Generated: /Users/williamcory/guillotine-mini/test/specs/generated/blockchain_tests/eest/prague/eip2537_bls_12_381_precompiles/bls12_map_fp_to_g1/isogeny_kernel_values.zig
Generated: /Users/williamcory/guillotine-mini/test/specs/generated/blockchain_tests/eest/prague/eip2537_bls_12_381_precompiles/bls12_map_fp_to_g1/call_types.zig
Generated: /Users/williamcory/guillotine-mini/test/specs/generated/blockchain_tests/eest/prague/eip2537_bls_12_381_precompiles/bls12_variable_length_input_contracts/valid_gas_g1msm.zig
Generated: /Users/williamcory/guillotine-mini/test/specs/generated/blockchain_tests/eest/prague/eip2537_bls_12_381_precompiles/bls12_variable_length_input_contracts/invalid_gas_g1msm.zig
Generated: /Users/williamcory/guillotine-mini/test/specs/generated/blockchain_tests/eest/prague/eip2537_bls_12_381_precompiles/bls12_variable_length_input_contracts/invalid_gas_g2msm.zig
Generated: /Users/williamcory/guillotine-mini/test/specs/generated/blockchain_tests/eest/prague/eip2537_bls_12_381_precompiles/bls12_variable_length_input_contracts/valid_gas_g2msm.zig
Generated: /Users/williamcory/guillotine-mini/test/specs/generated/blockchain_tests/eest/prague/eip2537_bls_12_381_precompiles/bls12_variable_length_input_contracts/invalid_zero_gas_pairing.zig
Generated: /Users/williamcory/guillotine-mini/test/specs/generated/blockchain_tests/eest/prague/eip2537_bls_12_381_precompiles/bls12_variable_length_input_contracts/invalid_gas_pairing.zig
Generated: /Users/williamcory/guillotine-mini/test/specs/generated/blockchain_tests/eest/prague/eip2537_bls_12_381_precompiles/bls12_variable_length_input_contracts/invalid_zero_length_pairing.zig
Generated: /Users/williamcory/guillotine-mini/test/specs/generated/blockchain_tests/eest/prague/eip2537_bls_12_381_precompiles/bls12_variable_length_input_contracts/invalid_length_g1msm.zig
Generated: /Users/williamcory/guillotine-mini/test/specs/generated/blockchain_tests/eest/prague/eip2537_bls_12_381_precompiles/bls12_variable_length_input_contracts/invalid_zero_length_g2msm.zig
Generated: /Users/williamcory/guillotine-mini/test/specs/generated/blockchain_tests/eest/prague/eip2537_bls_12_381_precompiles/bls12_variable_length_input_contracts/invalid_length_pairing.zig
Generated: /Users/williamcory/guillotine-mini/test/specs/generated/blockchain_tests/eest/prague/eip2537_bls_12_381_precompiles/bls12_variable_length_input_contracts/invalid_zero_gas_g1msm.zig
Generated: /Users/williamcory/guillotine-mini/test/specs/generated/blockchain_tests/eest/prague/eip2537_bls_12_381_precompiles/bls12_variable_length_input_contracts/invalid_zero_length_g1msm.zig
Generated: /Users/williamcory/guillotine-mini/test/specs/generated/blockchain_tests/eest/prague/eip2537_bls_12_381_precompiles/bls12_variable_length_input_contracts/invalid_length_g2msm.zig
Generated: /Users/williamcory/guillotine-mini/test/specs/generated/blockchain_tests/eest/prague/eip2537_bls_12_381_precompiles/bls12_variable_length_input_contracts/invalid_zero_gas_g2msm.zig
Generated: /Users/williamcory/guillotine-mini/test/specs/generated/blockchain_tests/eest/prague/eip2537_bls_12_381_precompiles/bls12_variable_length_input_contracts/valid_gas_pairing.zig
Generated: /Users/williamcory/guillotine-mini/test/specs/generated/blockchain_tests/eest/prague/eip7702_set_code_tx/calls/delegate_call_targets.zig
Generated: /Users/williamcory/guillotine-mini/test/specs/generated/blockchain_tests/eest/prague/eip7702_set_code_tx/gas/call_to_pre_authorized_oog.zig
Generated: /Users/williamcory/guillotine-mini/test/specs/generated/blockchain_tests/eest/prague/eip7702_set_code_tx/gas/self_set_code_cost.zig
Generated: /Users/williamcory/guillotine-mini/test/specs/generated/blockchain_tests/eest/prague/eip7702_set_code_tx/gas/gas_cost.zig
Generated: /Users/williamcory/guillotine-mini/test/specs/generated/blockchain_tests/eest/prague/eip7702_set_code_tx/gas/intrinsic_gas_cost.zig
Generated: /Users/williamcory/guillotine-mini/test/specs/generated/blockchain_tests/eest/prague/eip7702_set_code_tx/gas/account_warming.zig
Generated: /Users/williamcory/guillotine-mini/test/specs/generated/blockchain_tests/eest/prague/eip7702_set_code_tx/set_code_txs_2/pointer_to_pointer.zig
Generated: /Users/williamcory/guillotine-mini/test/specs/generated/blockchain_tests/eest/prague/eip7702_set_code_tx/set_code_txs_2/pointer_measurements.zig
Generated: /Users/williamcory/guillotine-mini/test/specs/generated/blockchain_tests/eest/prague/eip7702_set_code_tx/set_code_txs_2/pointer_to_precompile.zig
Generated: /Users/williamcory/guillotine-mini/test/specs/generated/blockchain_tests/eest/prague/eip7702_set_code_tx/set_code_txs_2/pointer_to_static.zig
Generated: /Users/williamcory/guillotine-mini/test/specs/generated/blockchain_tests/eest/prague/eip7702_set_code_tx/set_code_txs_2/set_code_type_tx_pre_fork.zig
Generated: /Users/williamcory/guillotine-mini/test/specs/generated/blockchain_tests/eest/prague/eip7702_set_code_tx/set_code_txs_2/pointer_to_static_reentry.zig
Generated: /Users/williamcory/guillotine-mini/test/specs/generated/blockchain_tests/eest/prague/eip7702_set_code_tx/set_code_txs_2/pointer_reverts.zig
Generated: /Users/williamcory/guillotine-mini/test/specs/generated/blockchain_tests/eest/prague/eip7702_set_code_tx/set_code_txs_2/pointer_reentry.zig
Generated: /Users/williamcory/guillotine-mini/test/specs/generated/blockchain_tests/eest/prague/eip7702_set_code_tx/set_code_txs_2/contract_storage_to_pointer_with_storage.zig
Generated: /Users/williamcory/guillotine-mini/test/specs/generated/blockchain_tests/eest/prague/eip7702_set_code_tx/set_code_txs_2/pointer_resets_an_empty_code_account_with_storage.zig
Generated: /Users/williamcory/guillotine-mini/test/specs/generated/blockchain_tests/eest/prague/eip7702_set_code_tx/set_code_txs_2/pointer_contract_pointer_loop.zig
Generated: /Users/williamcory/guillotine-mini/test/specs/generated/blockchain_tests/eest/prague/eip7702_set_code_tx/set_code_txs_2/gas_diff_pointer_vs_direct_call.zig
Generated: /Users/williamcory/guillotine-mini/test/specs/generated/blockchain_tests/eest/prague/eip7702_set_code_tx/set_code_txs_2/pointer_call_followed_by_direct_call.zig
Generated: /Users/williamcory/guillotine-mini/test/specs/generated/blockchain_tests/eest/prague/eip7702_set_code_tx/set_code_txs_2/delegation_replacement_call_previous_contract.zig
Generated: /Users/williamcory/guillotine-mini/test/specs/generated/blockchain_tests/eest/prague/eip7702_set_code_tx/set_code_txs_2/double_auth.zig
Generated: /Users/williamcory/guillotine-mini/test/specs/generated/blockchain_tests/eest/prague/eip7702_set_code_tx/set_code_txs_2/call_pointer_to_created_from_create_after_oog_call_again.zig
Generated: /Users/williamcory/guillotine-mini/test/specs/generated/blockchain_tests/eest/prague/eip7702_set_code_tx/set_code_txs_2/static_to_pointer.zig
Generated: /Users/williamcory/guillotine-mini/test/specs/generated/blockchain_tests/eest/prague/eip7702_set_code_tx/set_code_txs_2/eoa_init_as_pointer.zig
Generated: /Users/williamcory/guillotine-mini/test/specs/generated/blockchain_tests/eest/prague/eip7702_set_code_tx/set_code_txs_2/pointer_normal.zig
Generated: /Users/williamcory/guillotine-mini/test/specs/generated/blockchain_tests/eest/prague/eip7702_set_code_tx/set_code_txs_2/call_to_precompile_in_pointer_context.zig
Generated: /Users/williamcory/guillotine-mini/test/specs/generated/blockchain_tests/eest/prague/eip7702_set_code_tx/set_code_txs/set_code_to_sstore_then_sload.zig
Generated: /Users/williamcory/guillotine-mini/test/specs/generated/blockchain_tests/eest/prague/eip7702_set_code_tx/set_code_txs/delegation_clearing_tx_to.zig
Generated: /Users/williamcory/guillotine-mini/test/specs/generated/blockchain_tests/eest/prague/eip7702_set_code_tx/set_code_txs/call_into_chain_delegating_set_code.zig
Generated: /Users/williamcory/guillotine-mini/test/specs/generated/blockchain_tests/eest/prague/eip7702_set_code_tx/set_code_txs/contract_create.zig
Generated: /Users/williamcory/guillotine-mini/test/specs/generated/blockchain_tests/eest/prague/eip7702_set_code_tx/set_code_txs/delegation_clearing.zig
Generated: /Users/williamcory/guillotine-mini/test/specs/generated/blockchain_tests/eest/prague/eip7702_set_code_tx/set_code_txs/valid_tx_invalid_chain_id.zig
Generated: /Users/williamcory/guillotine-mini/test/specs/generated/blockchain_tests/eest/prague/eip7702_set_code_tx/set_code_txs/valid_tx_invalid_auth_signature.zig
Generated: /Users/williamcory/guillotine-mini/test/specs/generated/blockchain_tests/eest/prague/eip7702_set_code_tx/set_code_txs/set_code_to_precompile.zig
Generated: /Users/williamcory/guillotine-mini/test/specs/generated/blockchain_tests/eest/prague/eip7702_set_code_tx/set_code_txs/nonce_validity.zig
Generated: /Users/williamcory/guillotine-mini/test/specs/generated/blockchain_tests/eest/prague/eip7702_set_code_tx/set_code_txs/ext_code_on_self_delegating_set_code.zig
Generated: /Users/williamcory/guillotine-mini/test/specs/generated/blockchain_tests/eest/prague/eip7702_set_code_tx/set_code_txs/set_code_to_self_destruct.zig
Generated: /Users/williamcory/guillotine-mini/test/specs/generated/blockchain_tests/eest/prague/eip7702_set_code_tx/set_code_txs/delegation_clearing_and_set.zig
Generated: /Users/williamcory/guillotine-mini/test/specs/generated/blockchain_tests/eest/prague/eip7702_set_code_tx/set_code_txs/set_code_transaction_fee_validations.zig
Generated: /Users/williamcory/guillotine-mini/test/specs/generated/blockchain_tests/eest/prague/eip7702_set_code_tx/set_code_txs/tx_into_self_delegating_set_code.zig
Generated: /Users/williamcory/guillotine-mini/test/specs/generated/blockchain_tests/eest/prague/eip7702_set_code_tx/set_code_txs/eoa_tx_after_set_code.zig
Generated: /Users/williamcory/guillotine-mini/test/specs/generated/blockchain_tests/eest/prague/eip7702_set_code_tx/set_code_txs/set_code_to_contract_creator.zig
Generated: /Users/williamcory/guillotine-mini/test/specs/generated/blockchain_tests/eest/prague/eip7702_set_code_tx/set_code_txs/set_code_to_tstore_reentry.zig
Generated: /Users/williamcory/guillotine-mini/test/specs/generated/blockchain_tests/eest/prague/eip7702_set_code_tx/set_code_txs/set_code_to_self_destructing_account_deployed_in_same_tx.zig
Generated: /Users/williamcory/guillotine-mini/test/specs/generated/blockchain_tests/eest/prague/eip7702_set_code_tx/set_code_txs/set_code_all_invalid_authorization_tuples.zig
Generated: /Users/williamcory/guillotine-mini/test/specs/generated/blockchain_tests/eest/prague/eip7702_set_code_tx/set_code_txs/set_code_using_valid_synthetic_signatures.zig
Generated: /Users/williamcory/guillotine-mini/test/specs/generated/blockchain_tests/eest/prague/eip7702_set_code_tx/set_code_txs/self_sponsored_set_code.zig
Generated: /Users/williamcory/guillotine-mini/test/specs/generated/blockchain_tests/eest/prague/eip7702_set_code_tx/set_code_txs/set_code_address_and_authority_warm_state.zig
Generated: /Users/williamcory/guillotine-mini/test/specs/generated/blockchain_tests/eest/prague/eip7702_set_code_tx/set_code_txs/signature_s_out_of_range.zig
Generated: /Users/williamcory/guillotine-mini/test/specs/generated/blockchain_tests/eest/prague/eip7702_set_code_tx/set_code_txs/address_from_set_code.zig
Generated: /Users/williamcory/guillotine-mini/test/specs/generated/blockchain_tests/eest/prague/eip7702_set_code_tx/set_code_txs/ext_code_on_self_set_code.zig
Generated: /Users/williamcory/guillotine-mini/test/specs/generated/blockchain_tests/eest/prague/eip7702_set_code_tx/set_code_txs/reset_code.zig
Generated: /Users/williamcory/guillotine-mini/test/specs/generated/blockchain_tests/eest/prague/eip7702_set_code_tx/set_code_txs/many_delegations.zig
Generated: /Users/williamcory/guillotine-mini/test/specs/generated/blockchain_tests/eest/prague/eip7702_set_code_tx/set_code_txs/set_code_max_depth_call_stack.zig
Generated: /Users/williamcory/guillotine-mini/test/specs/generated/blockchain_tests/eest/prague/eip7702_set_code_tx/set_code_txs/set_code_to_sstore.zig
Generated: /Users/williamcory/guillotine-mini/test/specs/generated/blockchain_tests/eest/prague/eip7702_set_code_tx/set_code_txs/set_code_call_set_code.zig
Generated: /Users/williamcory/guillotine-mini/test/specs/generated/blockchain_tests/eest/prague/eip7702_set_code_tx/set_code_txs/ext_code_on_set_code.zig
Generated: /Users/williamcory/guillotine-mini/test/specs/generated/blockchain_tests/eest/prague/eip7702_set_code_tx/set_code_txs/set_code_to_account_deployed_in_same_tx.zig
Generated: /Users/williamcory/guillotine-mini/test/specs/generated/blockchain_tests/eest/prague/eip7702_set_code_tx/set_code_txs/delegation_clearing_failing_tx.zig
Generated: /Users/williamcory/guillotine-mini/test/specs/generated/blockchain_tests/eest/prague/eip7702_set_code_tx/set_code_txs/empty_authorization_list.zig
Generated: /Users/williamcory/guillotine-mini/test/specs/generated/blockchain_tests/eest/prague/eip7702_set_code_tx/set_code_txs/set_code_multiple_valid_authorization_tuples_first_invalid_same_signer.zig
Generated: /Users/williamcory/guillotine-mini/test/specs/generated/blockchain_tests/eest/prague/eip7702_set_code_tx/set_code_txs/nonce_overflow_after_first_authorization.zig
Progress: 900/930 files...
Generated: /Users/williamcory/guillotine-mini/test/specs/generated/blockchain_tests/eest/prague/eip7702_set_code_tx/set_code_txs/set_code_to_log.zig
Generated: /Users/williamcory/guillotine-mini/test/specs/generated/blockchain_tests/eest/prague/eip7702_set_code_tx/set_code_txs/set_code_using_chain_specific_id.zig
Generated: /Users/williamcory/guillotine-mini/test/specs/generated/blockchain_tests/eest/prague/eip7702_set_code_tx/set_code_txs/deploying_delegation_designation_contract.zig
Generated: /Users/williamcory/guillotine-mini/test/specs/generated/blockchain_tests/eest/prague/eip7702_set_code_tx/set_code_txs/set_code_multiple_valid_authorization_tuples_same_signer_increasing_nonce_self_sponsored.zig
Generated: /Users/williamcory/guillotine-mini/test/specs/generated/blockchain_tests/eest/prague/eip7702_set_code_tx/set_code_txs/self_code_on_set_code.zig
Generated: /Users/williamcory/guillotine-mini/test/specs/generated/blockchain_tests/eest/prague/eip7702_set_code_tx/set_code_txs/ext_code_on_chain_delegating_set_code.zig
Generated: /Users/williamcory/guillotine-mini/test/specs/generated/blockchain_tests/eest/prague/eip7702_set_code_tx/set_code_txs/set_code_from_account_with_non_delegating_code.zig
Generated: /Users/williamcory/guillotine-mini/test/specs/generated/blockchain_tests/eest/prague/eip7702_set_code_tx/set_code_txs/tx_into_chain_delegating_set_code.zig
Generated: /Users/williamcory/guillotine-mini/test/specs/generated/blockchain_tests/eest/prague/eip7702_set_code_tx/set_code_txs/set_code_to_precompile_not_enough_gas_for_precompile_execution.zig
Generated: /Users/williamcory/guillotine-mini/test/specs/generated/blockchain_tests/eest/prague/eip7702_set_code_tx/set_code_txs/call_into_self_delegating_set_code.zig
Generated: /Users/williamcory/guillotine-mini/test/specs/generated/blockchain_tests/eest/prague/eip7702_set_code_tx/set_code_txs/creating_delegation_designation_contract.zig
Generated: /Users/williamcory/guillotine-mini/test/specs/generated/blockchain_tests/eest/prague/eip7702_set_code_tx/set_code_txs/authorization_reusing_nonce.zig
Generated: /Users/williamcory/guillotine-mini/test/specs/generated/blockchain_tests/eest/prague/eip7702_set_code_tx/set_code_txs/set_code_multiple_first_valid_authorization_tuples_same_signer.zig
Generated: /Users/williamcory/guillotine-mini/test/specs/generated/blockchain_tests/eest/prague/eip7702_set_code_tx/set_code_txs/set_code_address_and_authority_warm_state_call_types.zig
Generated: /Users/williamcory/guillotine-mini/test/specs/generated/blockchain_tests/eest/prague/eip7702_set_code_tx/set_code_txs/set_code_to_tstore_available_at_correct_address.zig
Generated: /Users/williamcory/guillotine-mini/test/specs/generated/blockchain_tests/eest/prague/eip7702_set_code_tx/set_code_txs/set_code_multiple_valid_authorization_tuples_same_signer_increasing_nonce.zig
Generated: /Users/williamcory/guillotine-mini/test/specs/generated/blockchain_tests/eest/prague/eip7702_set_code_tx/set_code_txs/set_code_to_self_caller.zig
Generated: /Users/williamcory/guillotine-mini/test/specs/generated/blockchain_tests/eest/prague/eip7702_set_code_tx/set_code_txs/set_code_to_non_empty_storage_non_zero_nonce.zig
Generated: /Users/williamcory/guillotine-mini/test/specs/generated/blockchain_tests/eest/prague/eip7702_set_code_tx/set_code_txs/set_code_to_system_contract.zig
Generated: /Users/williamcory/guillotine-mini/test/specs/generated/blockchain_tests/eest/prague/eip7702_set_code_tx/set_code_txs/invalid_transaction_after_authorization.zig
Generated: /Users/williamcory/guillotine-mini/test/specs/generated/blockchain_tests/eest/prague/eip7002_el_triggerable_withdrawals/contract_deployment/system_contract_deployment.zig
Generated: /Users/williamcory/guillotine-mini/test/specs/generated/blockchain_tests/eest/prague/eip7002_el_triggerable_withdrawals/modified_withdrawal_contract/system_contract_errors.zig
Generated: /Users/williamcory/guillotine-mini/test/specs/generated/blockchain_tests/eest/prague/eip7002_el_triggerable_withdrawals/modified_withdrawal_contract/extra_withdrawals.zig
Generated: /Users/williamcory/guillotine-mini/test/specs/generated/blockchain_tests/eest/prague/eip7002_el_triggerable_withdrawals/withdrawal_requests_during_fork/withdrawal_requests_during_fork.zig
Generated: /Users/williamcory/guillotine-mini/test/specs/generated/blockchain_tests/eest/prague/eip7002_el_triggerable_withdrawals/withdrawal_requests/withdrawal_requests_negative.zig
Generated: /Users/williamcory/guillotine-mini/test/specs/generated/blockchain_tests/eest/prague/eip7002_el_triggerable_withdrawals/withdrawal_requests/withdrawal_requests.zig
Generated: /Users/williamcory/guillotine-mini/test/specs/generated/blockchain_tests/eest/berlin/eip2929_gas_cost_increases/precompile_warming/precompile_warming.zig
Generated: /Users/williamcory/guillotine-mini/test/specs/generated/blockchain_tests/eest/berlin/eip2930_access_list/tx_intrinsic_gas/tx_intrinsic_gas.zig
Generated: /Users/williamcory/guillotine-mini/test/specs/generated/blockchain_tests/eest/berlin/eip2930_access_list/acl/transaction_intrinsic_gas_cost.zig
Generated: /Users/williamcory/guillotine-mini/test/specs/generated/blockchain_tests/eest/berlin/eip2930_access_list/acl/account_storage_warm_cold_state.zig
Generated: /Users/williamcory/guillotine-mini/test/specs/generated/blockchain_tests/eest/byzantium/eip198_modexp_precompile/modexp/modexp.zig

Generated 930 test files in /Users/williamcory/guillotine-mini/test/specs/generated
Found 930 generated test files
Updated /Users/williamcory/guillotine-mini/test/specs/root.zig with 930 test imports

 [44m[37m RUN [0m [90mv0.15.1[0m
 [36m›~/guillotine[0m

 [36mRunning 1073 tests in parallel with 14 workers...[0m


[32m✓[0m[32m✓[0m[32m✓[0m[32m✓[0m[32m✓[0m[32m✓[0m[32m✓[0m[32m✓[0m[32m✓[0m[32m✓[0m[32m✓[0m[32m✓[0m[32m✓[0m[32m✓[0m[32m✓[0m[32m✓[0m[32m✓[0m[32m✓[0m[32m✓[0m[32m✓[0m[32m✓[0m[32m✓[0m[32m✓[0m[32m✓[0m  [2m[24/1073 - 400 tests/sec][0m[32m✓[0m[32m✓[0m[32m✓[0m[32m✓[0m[32m✓[0m[32m✓[0m[32m✓[0m[32m✓[0m[32m✓[0m[32m✓[0m[32m✓[0m[32m✓[0m  [2m[36/1073 - 203 tests/sec][0m[32m✓[0m[32m✓[0m  [2m[38/1073 - 160 tests/sec][0m[32m✓[0m[32m✓[0m[32m✓[0m[32m✓[0m[32m✓[0m[32m✓[0m[32m✓[0m[32m✓[0m[32m✓[0m[32m✓[0m[32m✓[0m[32m✓[0m  [2m[50/1073 - 171 tests/sec][0m[32m✓[0m[32m✓[0m  [2m[52/1073 - 148 tests/sec][0m[32m✓[0m[32m✓[0m[32m✓[0m[32m✓[0m[32m✓[0m[32m✓[0m[32m✓[0m[32m✓[0m[32m✓[0m[32m✓[0m  [2m[62/1073 - 151 tests/sec][0m[32m✓[0m[32m✓[0m[32m✓[0m  [2m[65/1073 - 139 tests/sec][0m[32m✓[0m[32m✓[0m[32m✓[0m[32m✓[0m[32m✓[0m[32m✓[0m[32m✓[0m[32m✓[0m[32m✓[0m[32m✓[0m[32m✓[0m  [2m[76/1073 - 144 tests/sec][0m[32m✓[0m[32m✓[0m[32m✓[0m[32m✓[0m  [2m[80/1073 - 137 tests/sec][0m[32m✓[0m[32m✓[0m[32m✓[0m[32m✓[0m[32m✓[0m[32m✓[0m[32m✓[0m[32m✓[0m[32m✓[0m[32m✓[0m  [2m[90/1073 - 140 tests/sec][0m[32m✓[0m[32m✓[0m[32m✓[0m[32m✓[0m[32m✓[0m[32m✓[0m[32m✓[0m  [2m[97/1073 - 138 tests/sec][0m[32m✓[0m[32m✓[0m[32m✓[0m
[32m✓[0m[32m✓[0m[32m✓[0m  [2m[103/1073 - 135 tests/sec][0m[32m✓[0m[32m✓[0m[32m✓[0m[32m✓[0m[32m✓[0m[32m✓[0m[32m✓[0m[32m✓[0m[32m✓[0m  [2m[112/1073 - 136 tests/sec][0m[32m✓[0m[32m✓[0m[32m✓[0m[32m✓[0m[32m✓[0m  [2m[117/1073 - 133 tests/sec][0m[32m✓[0m[32m✓[0m[32m✓[0m[32m✓[0m[32m✓[0m[32m✓[0m[32m✓[0m[32m✓[0m[32m✓[0m  [2m[124/1073 - 131 tests/sec][0m[32m✓[0m[32m✓[0m[32m✓[0m[32m✓[0m  [2m[130/1073 - 130 tests/sec][0m[32m✓[0m[32m✓[0m[32m✓[0m[32m✓[0m[32m✓[0m[32m✓[0m[32m✓[0m[32m✓[0m  [2m[138/1073 - 130 tests/sec][0m[32m✓[0m[32m✓[0m[32m✓[0m[32m✓[0m[32m✓[0m[32m✓[0m[32m✓[0m  [2m[145/1073 - 130 tests/sec][0m[32m✓[0m[32m✓[0m[32m✓[0m[32m✓[0m[32m✓[0m[32m✓[0m  [2m[151/1073 - 129 tests/sec][0m[32m✓[0m[32m✓[0m[32m✓[0m[32m✓[0m[32m✓[0m[32m✓[0m  [2m[157/1073 - 127 tests/sec][0m[32m✓[0m[32m✓[0m[32m✓[0m[32m✓[0m[32m✓[0m[32m✓[0m[32m✓[0m[32m✓[0m  [2m[165/1073 - 128 tests/sec][0m[32m✓[0m[32m✓[0m[32m✓[0m[32m✓[0m[32m✓[0m  [2m[170/1073 - 126 tests/sec][0m[32m✓[0m[32m✓[0m[32m✓[0m[32m✓[0m[32m✓[0m[32m✓[0m[32m✓[0m[32m✓[0m[32m✓[0m  [2m[179/1073 - 127 tests/sec][0m[32m✓[0m  [2m[180/1073 - 123 tests/sec][0m[32m✓[0m[32m✓[0m[32m✓[0m[32m✓[0m[32m✓[0m[32m✓[0m[32m✓[0m[32m✓[0m[32m✓[0m[32m✓[0m[32m✓[0m[32m✓[0m[32m✓[0m  [2m[193/1073 - 126 tests/sec][0m[32m✓[0m[32m✓[0m[32m✓[0m[32m✓[0m[32m✓[0m[32m✓[0m[32m✓[0m
[32m✓[0m[32m✓[0m[32m✓[0m[32m✓[0m[32m✓[0m[32m✓[0m[32m✓[0m  [2m[207/1073 - 126 tests/sec][0m[32m✓[0m[32m✓[0m[32m✓[0m[32m✓[0m[32m✓[0m[32m✓[0m[32m✓[0m[32m✓[0m[32m✓[0m[32m✓[0m[32m✓[0m[32m✓[0m[32m✓[0m[32m✓[0m  [2m[221/1073 - 126 tests/sec][0m[32m✓[0m[32m✓[0m[32m✓[0m[32m✓[0m[32m✓[0m[32m✓[0m[32m✓[0m[32m✓[0m[32m✓[0m[32m✓[0m  [2m[231/1073 - 124 tests/sec][0m[32m✓[0m[32m✓[0m[32m✓[0m[32m✓[0m[32m✓[0m  [2m[236/1073 - 123 tests/sec][0m[32m✓[0m[32m✓[0m[32m✓[0m[32m✓[0m[32m✓[0m[32m✓[0m[32m✓[0m[32m✓[0m[32m✓[0m  [2m[245/1073 - 124 tests/sec][0m[32m✓[0m[32m✓[0m[32m✓[0m[32m✓[0m  [2m[249/1073 - 122 tests/sec][0m[32m✓[0m[32m✓[0m[32m✓[0m[32m✓[0m  [2m[253/1073 - 120 tests/sec][0m[32m✓[0m[32m✓[0m[32m✓[0m[32m✓[0m[32m✓[0m[32m✓[0m[32m✓[0m[32m✓[0m[32m✓[0m[32m✓[0m[32m✓[0m[32m✓[0m[32m✓[0m[32m✓[0m[32m✓[0m[32m✓[0m[32m✓[0m[32m✓[0m[32m✓[0m[32m✓[0m[32m✓[0m[32m✓[0m[32m✓[0m[32m✓[0m[32m✓[0m[32m✓[0m[32m✓[0m[32m✓[0m[32m✓[0m[32m✓[0m[32m✓[0m  [2m[282/1073 - 130 tests/sec][0m[32m✓[0m[32m✓[0m[32m✓[0m[32m✓[0m[32m✓[0m[32m✓[0m[32m✓[0m[32m✓[0m[32m✓[0m[32m✓[0m[32m✓[0m[32m✓[0m[32m✓[0m[32m✓[0m[32m✓[0m[32m✓[0m
[32m✓[0m[32m✓[0m[32m✓[0m[32m✓[0m[32m✓[0m[32m✓[0m[32m✓[0m[32m✓[0m[32m✓[0m[32m✓[0m[32m✓[0m[32m✓[0m[32m✓[0m[32m✓[0m[32m✓[0m[32m✓[0m[32m✓[0m[32m✓[0m[32m✓[0m[32m✓[0m[32m✓[0m[32m✓[0m[32m✓[0m  [2m[323/1073 - 145 tests/sec][0m[32m✓[0m[32m✓[0m[32m✓[0m[32m✓[0m[32m✓[0m[32m✓[0m[32m✓[0m[32m✓[0m[32m✓[0m[32m✓[0m[32m✓[0m[32m✓[0m[32m✓[0m[32m✓[0m[32m✓[0m[32m✓[0m[32m✓[0m[32m✓[0m[32m✓[0m[32m✓[0m[32m✓[0m[32m✓[0m[32m✓[0m[32m✓[0m[32m✓[0m[32m✓[0m[32m✓[0m[32m✓[0m[32m✓[0m  [2m[351/1073 - 154 tests/sec][0m[32m✓[0m[32m✓[0m[32m✓[0m[32m✓[0m[32m✓[0m[32m✓[0m[32m✓[0m[32m✓[0m[32m✓[0m[32m✓[0m[32m✓[0m[32m✓[0m[32m✓[0m[32m✓[0m[32m✓[0m[32m✓[0m[32m✓[0m[32m✓[0m[32m✓[0m[32m✓[0m[32m✓[0m[32m✓[0m[32m✓[0m[32m✓[0m[32m✓[0m[32m✓[0m[32m✓[0m[32m✓[0m[32m✓[0m[32m✓[0m  [2m[382/1073 - 163 tests/sec][0m[32m✓[0m  [2m[383/1073 - 160 tests/sec][0m[32m✓[0m[32m✓[0m[32m✓[0m[32m✓[0m[32m✓[0m[32m✓[0m[32m✓[0m[32m✓[0m[32m✓[0m[32m✓[0m[32m✓[0m[32m✓[0m[32m✓[0m  [2m[396/1073 - 161 tests/sec][0m[32m✓[0m  [2m[397/1073 - 158 tests/sec][0m[32m✓[0m[32m✓[0m[32m✓[0m
[32m✓[0m[32m✓[0m[32m✓[0m[32m✓[0m[32m✓[0m[32m✓[0m[32m✓[0m[32m✓[0m[32m✓[0m[32m✓[0m  [2m[410/1073 - 159 tests/sec][0m[32m✓[0m[32m✓[0m[32m✓[0m[32m✓[0m[32m✓[0m[32m✓[0m[32m✓[0m[32m✓[0m[32m✓[0m[32m✓[0m[32m✓[0m  [2m[421/1073 - 160 tests/sec][0m[32m✓[0m[32m✓[0m[32m✓[0m  [2m[424/1073 - 158 tests/sec][0m[32m✓[0m[32m✓[0m[32m✓[0m[32m✓[0m[32m✓[0m[32m✓[0m[32m✓[0m[32m✓[0m[32m✓[0m[32m✓[0m[32m✓[0m[32m✓[0m[32m✓[0m[32m✓[0m  [2m[438/1073 - 159 tests/sec][0m[32m✓[0m[32m✓[0m[32m✓[0m[32m✓[0m[32m✓[0m[32m✓[0m[32m✓[0m[32m✓[0m[32m✓[0m[32m✓[0m[32m✓[0m[32m✓[0m[32m✓[0m[32m✓[0m  [2m[452/1073 - 158 tests/sec][0m[32m✓[0m  [2m[453/1073 - 155 tests/sec][0m[32m✓[0m[32m✓[0m[32m✓[0m[32m✓[0m[32m✓[0m[32m✓[0m[32m✓[0m[32m✓[0m[32m✓[0m[32m✓[0m[32m✓[0m[32m✓[0m[32m✓[0m  [2m[466/1073 - 156 tests/sec][0m[32m✓[0m[32m✓[0m[32m✓[0m[32m✓[0m  [2m[469/1073 - 154 tests/sec][0m[32m✓[0m[32m✓[0m[32m✓[0m[32m✓[0m[32m✓[0m[32m✓[0m[32m✓[0m  [2m[477/1073 - 154 tests/sec][0m[32m✓[0m[32m✓[0m[32m✓[0m[32m✓[0m[32m✓[0m[32m✓[0m[32m✓[0m[32m✓[0m[32m✓[0m[32m✓[0m[32m✓[0m[32m✓[0m  [2m[489/1073 - 155 tests/sec][0m[32m✓[0m[32m✓[0m[32m✓[0m[32m✓[0m  [2m[493/1073 - 154 tests/sec][0m[32m✓[0m[32m✓[0m[32m✓[0m[32m✓[0m[32m✓[0m[32m✓[0m[32m✓[0m
[32m✓[0m[32m✓[0m[32m✓[0m[32m✓[0m  [2m[503/1073 - 154 tests/sec][0m[32m✓[0m[32m✓[0m[32m✓[0m  [2m[507/1073 - 152 tests/sec][0m[32m✓[0m[32m✓[0m[32m✓[0m[32m✓[0m[32m✓[0m[32m✓[0m[32m✓[0m[32m✓[0m[32m✓[0m[32m✓[0m  [2m[517/1073 - 153 tests/sec][0m[32m✓[0m[32m✓[0m[32m✓[0m[32m✓[0m[32m✓[0m[32m✓[0m  [2m[523/1073 - 152 tests/sec][0m[32m✓[0m[32m✓[0m[32m✓[0m[32m✓[0m[32m✓[0m[32m✓[0m[32m✓[0m[32m✓[0m[32m✓[0m  [2m[532/1073 - 152 tests/sec][0m[32m✓[0m[32m✓[0m[32m✓[0m[32m✓[0m[32m✓[0m[32m✓[0m  [2m[538/1073 - 151 tests/sec][0m[32m✓[0m[32m✓[0m[32m✓[0m[32m✓[0m[32m✓[0m[32m✓[0m[32m✓[0m[32m✓[0m  [2m[546/1073 - 151 tests/sec][0m[32m✓[0m[32m✓[0m[32m✓[0m[32m✓[0m[32m✓[0m[32m✓[0m[32m✓[0m  [2m[553/1073 - 151 tests/sec][0m[32m✓[0m[32m✓[0m[32m✓[0m[32m✓[0m[32m✓[0m[32m✓[0m[32m✓[0m[32m✓[0m  [2m[561/1073 - 150 tests/sec][0m[32m✓[0m[32m✓[0m[32m✓[0m[32m✓[0m[32m✓[0m[32m✓[0m  [2m[567/1073 - 150 tests/sec][0m[32m✓[0m[32m✓[0m[32m✓[0m[32m✓[0m[32m✓[0m[32m✓[0m[32m✓[0m[32m✓[0m  [2m[575/1073 - 149 tests/sec][0m[32m✓[0m[32m✓[0m[32m✓[0m[32m✓[0m[32m✓[0m[32m✓[0m[32m✓[0m[32m✓[0m[32m✓[0m[32m✓[0m  [2m[585/1073 - 150 tests/sec][0m[32m✓[0m[32m✓[0m[32m✓[0m[32m✓[0m[32m✓[0m  [2m[589/1073 - 149 tests/sec][0m[32m✓[0m[32m✓[0m[32m✓[0m[32m✓[0m[32m✓[0m[32m✓[0m[32m✓[0m[32m✓[0m[32m✓[0m[32m✓[0m
  [2m[600/1073 - 150 tests/sec][0m[32m✓[0m[32m✓[0m[32m✓[0m[32m✓[0m  [2m[604/1073 - 148 tests/sec][0m[32m✓[0m[32m✓[0m[32m✓[0m[32m✓[0m[32m✓[0m[32m✓[0m[32m✓[0m[32m✓[0m[32m✓[0m[32m✓[0m[32m✓[0m  [2m[615/1073 - 149 tests/sec][0m[32m✓[0m[32m✓[0m[32m✓[0m[32m✓[0m[32m✓[0m[32m✓[0m[32m✓[0m[32m✓[0m[32m✓[0m[32m✓[0m[32m✓[0m[32m✓[0m[32m✓[0m[32m✓[0m[32m✓[0m[32m✓[0m[32m✓[0m[32m✓[0m[32m✓[0m[32m✓[0m[32m✓[0m  [2m[636/1073 - 152 tests/sec][0m[32m✓[0m[32m✓[0m[32m✓[0m[32m✓[0m[32m✓[0m[32m✓[0m[32m✓[0m[32m✓[0m[32m✓[0m[32m✓[0m[32m✓[0m[32m✓[0m[32m✓[0m[32m✓[0m[32m✓[0m[32m✓[0m[32m✓[0m[32m✓[0m[32m✓[0m[32m✓[0m[32m✓[0m[32m✓[0m[32m✓[0m[32m✓[0m[32m✓[0m[32m✓[0m[32m✓[0m[32m✓[0m[32m✓[0m[32m✓[0m[32m✓[0m[32m✓[0m[32m✓[0m[32m✓[0m[32m✓[0m[32m✓[0m[32m✓[0m[32m✓[0m[32m✓[0m[32m✓[0m[32m✓[0m[32m✓[0m[32m✓[0m[32m✓[0m[32m✓[0m[32m✓[0m[32m✓[0m[32m✓[0m[32m✓[0m  [2m[684/1073 - 161 tests/sec][0m[32m✓[0m[32m✓[0m[32m✓[0m[32m✓[0m[32m✓[0m[32m✓[0m[32m✓[0m[32m✓[0m[32m✓[0m[32m✓[0m[32m✓[0m[32m✓[0m[32m✓[0m[32m✓[0m[32m✓[0m
[32m✓[0m[32m✓[0m[32m✓[0m[32m✓[0m[32m✓[0m[32m✓[0m[32m✓[0m[32m✓[0m[32m✓[0m[32m✓[0m[32m✓[0m[32m✓[0m[32m✓[0m[32m✓[0m[32m✓[0m[32m✓[0m[32m✓[0m[32m✓[0m[32m✓[0m[32m✓[0m  [2m[720/1073 - 167 tests/sec][0m[32m✓[0m[32m✓[0m  [2m[722/1073 - 165 tests/sec][0m[32m✓[0m[32m✓[0m[31m✖[0m[31m✖[0m[31m✖[0m[31m✖[0m[31m✖[0m[31m✖[0m[31m✖[0m  [2m[731/1073 - 11 tests/sec][0m[31m✖[0m[31m✖[0m[31m✖[0m[31m✖[0m[31m✖[0m[31m✖[0m[31m✖[0m  [2m[738/1073 - 11 tests/sec][0m[31m✖[0m[31m✖[0m[31m✖[0m[31m✖[0m[31m✖[0m[31m✖[0m[31m✖[0m[31m✖[0m[31m✖[0m[31m✖[0m  [2m[748/1073 - 6 tests/sec][0m[31m✖[0m[31m✖[0m[31m✖[0m[31m✖[0m  [2m[752/1073 - 6 tests/sec][0m[31m✖[0m[31m✖[0m[31m✖[0m[31m✖[0m[31m✖[0m[31m✖[0m[31m✖[0m[31m✖[0m[31m✖[0m[31m✖[0m[31m✖[0m[31m✖[0m[31m✖[0m[31m✖[0m  [2m[766/1073 - 4 tests/sec][0m[31m✖[0m[31m✖[0m[31m✖[0m[31m✖[0m[31m✖[0m[31m✖[0m[31m✖[0m[31m✖[0m[31m✖[0m[31m✖[0m  [2m[776/1073 - 3 tests/sec][0m[31m✖[0m[31m✖[0m[31m✖[0m[31m✖[0m  [2m[780/1073 - 3 tests/sec][0m[31m✖[0m[31m✖[0m[31m✖[0m[31m✖[0m[31m✖[0m[31m✖[0m[31m✖[0m[31m✖[0m[31m✖[0m[31m✖[0m[31m✖[0m[31m✖[0m[31m✖[0m  [2m[793/1073 - 3 tests/sec][0m[31m✖[0m  [2m[794/1073 - 3 tests/sec][0m[31m✖[0m[31m✖[0m[31m✖[0m[31m✖[0m[31m✖[0m[31m✖[0m
  [2m[800/1073 - 2 tests/sec][0m[31m✖[0m[31m✖[0m[31m✖[0m[31m✖[0m[31m✖[0m[31m✖[0m[31m✖[0m[31m✖[0m  [2m[808/1073 - 2 tests/sec][0m[31m✖[0m[31m✖[0m[31m✖[0m[31m✖[0m[31m✖[0m[31m✖[0m[31m✖[0m[31m✖[0m[31m✖[0m[31m✖[0m[31m✖[0m  [2m[819/1073 - 2 tests/sec][0m[31m✖[0m[31m✖[0m[31m✖[0m  [2m[822/1073 - 2 tests/sec][0m[31m✖[0m[31m✖[0m[31m✖[0m[31m✖[0m[31m✖[0m[31m✖[0m[31m✖[0m[31m✖[0m[31m✖[0m[31m✖[0m[31m✖[0m  [2m[833/1073 - 2 tests/sec][0m[31m✖[0m[31m✖[0m[31m✖[0m[31m✖[0m[31m✖[0m[31m✖[0m[31m✖[0m  [2m[840/1073 - 2 tests/sec][0m[31m✖[0m[31m✖[0m  [2m[842/1073 - 2 tests/sec][0m[31m✖[0m[31m✖[0m[31m✖[0m[31m✖[0m[31m✖[0m[31m✖[0m  [2m[848/1073 - 2 tests/sec][0m[31m✖[0m[31m✖[0m[31m✖[0m[31m✖[0m[31m✖[0m[31m✖[0m[31m✖[0m  [2m[855/1073 - 2 tests/sec][0m[31m✖[0m[31m✖[0m  [2m[857/1073 - 2 tests/sec][0m[31m✖[0m  [2m[858/1073 - 2 tests/sec][0m[31m✖[0m[31m✖[0m[31m✖[0m[31m✖[0m[31m✖[0m[31m✖[0m  [2m[864/1073 - 1 tests/sec][0m[31m✖[0m[31m✖[0m[31m✖[0m[31m✖[0m[31m✖[0m[31m✖[0m[31m✖[0m  [2m[871/1073 - 1 tests/sec][0m[31m✖[0m  [2m[872/1073 - 1 tests/sec][0m[31m✖[0m[31m✖[0m[31m✖[0m[31m✖[0m[31m✖[0m[31m✖[0m[31m✖[0m[31m✖[0m  [2m[880/1073 - 1 tests/sec][0m[31m✖[0m[31m✖[0m[31m✖[0m[31m✖[0m[31m✖[0m  [2m[885/1073 - 1 tests/sec][0m[31m✖[0m  [2m[886/1073 - 1 tests/sec][0m[31m✖[0m[31m✖[0m[31m✖[0m[31m✖[0m[31m✖[0m[31m✖[0m[31m✖[0m[31m✖[0m  [2m[894/1073 - 1 tests/sec][0m[31m✖[0m[31m✖[0m[31m✖[0m[31m✖[0m[31m✖[0m  [2m[899/1073 - 1 tests/sec][0m[31m✖[0m
  [2m[900/1073 - 1 tests/sec][0m[31m✖[0m[31m✖[0m[31m✖[0m[31m✖[0m  [2m[904/1073 - 1 tests/sec][0m[31m✖[0m[31m✖[0m[31m✖[0m[31m✖[0m[31m✖[0m[31m✖[0m[31m✖[0m[31m✖[0m  [2m[912/1073 - 1 tests/sec][0m[31m✖[0m  [2m[913/1073 - 1 tests/sec][0m[31m✖[0m  [2m[914/1073 - 1 tests/sec][0m[31m✖[0m[31m✖[0m  [2m[916/1073 - 1 tests/sec][0m[31m✖[0m[31m✖[0m[31m✖[0m[31m✖[0m[31m✖[0m[31m✖[0m[31m✖[0m[31m✖[0m[31m✖[0m  [2m[925/1073 - 1 tests/sec][0m[31m✖[0m[31m✖[0m  [2m[927/1073 - 1 tests/sec][0m[31m✖[0m  [2m[928/1073 - 1 tests/sec][0m[31m✖[0m[31m✖[0m[31m✖[0m[31m✖[0m[31m✖[0m[31m✖[0m  [2m[934/1073 - 1 tests/sec][0m[31m✖[0m[31m✖[0m[31m✖[0m[31m✖[0m[31m✖[0m[31m✖[0m[31m✖[0m  [2m[941/1073 - 1 tests/sec][0m[31m✖[0m  [2m[942/1073 - 1 tests/sec][0m[31m✖[0m[31m✖[0m[31m✖[0m[31m✖[0m[31m✖[0m[31m✖[0m[31m✖[0m[31m✖[0m  [2m[950/1073 - 1 tests/sec][0m[31m✖[0m[31m✖[0m[31m✖[0m[31m✖[0m[31m✖[0m[31m✖[0m[31m✖[0m  [2m[957/1073 - 1 tests/sec][0m[31m✖[0m  [2m[958/1073 - 1 tests/sec][0m[31m✖[0m[31m✖[0m  [2m[960/1073 - 1 tests/sec][0m[31m✖[0m[31m✖[0m[31m✖[0m[31m✖[0m[31m✖[0m  [2m[965/1073 - 1 tests/sec][0m[31m✖[0m[31m✖[0m[31m✖[0m[31m✖[0m[31m✖[0m[31m✖[0m[31m✖[0m[31m✖[0m  [2m[973/1073 - 1 tests/sec][0m[31m✖[0m[31m✖[0m[31m✖[0m[31m✖[0m[31m✖[0m[31m✖[0m[31m✖[0m[31m✖[0m[31m✖[0m[31m✖[0m[31m✖[0m[31m✖[0m[31m✖[0m  [2m[986/1073 - 1 tests/sec][0m[31m✖[0m[31m✖[0m[31m✖[0m[31m✖[0m[31m✖[0m[31m✖[0m[31m✖[0m[31m✖[0m  [2m[994/1073 - 1 tests/sec][0m[31m✖[0m  [2m[995/1073 - 1 tests/sec][0m[31m✖[0m[31m✖[0m  [2m[997/1073 - 1 tests/sec][0m[31m✖[0m[31m✖[0m[31m✖[0m
[31m✖[0m[31m✖[0m[31m✖[0m  [2m[1003/1073 - 1 tests/sec][0m[31m✖[0m[31m✖[0m[31m✖[0m[31m✖[0m[31m✖[0m  [2m[1008/1073 - 1 tests/sec][0m[31m✖[0m  [2m[1009/1073 - 1 tests/sec][0m[31m✖[0m[31m✖[0m  [2m[1011/1073 - 1 tests/sec][0m[31m✖[0m[31m✖[0m[31m✖[0m[31m✖[0m  [2m[1015/1073 - 1 tests/sec][0m[31m✖[0m[31m✖[0m[31m✖[0m  [2m[1018/1073 - 1 tests/sec][0m[31m✖[0m[31m✖[0m[31m✖[0m[31m✖[0m  [2m[1021/1073 - 1 tests/sec][0m[31m✖[0m[31m✖[0m[31m✖[0m  [2m[1025/1073 - 1 tests/sec][0m[31m✖[0m  [2m[1026/1073 - 1 tests/sec][0m[31m✖[0m  [2m[1027/1073 - 1 tests/sec][0m[31m✖[0m[31m✖[0m[31m✖[0m[31m✖[0m[31m✖[0m  [2m[1032/1073 - 1 tests/sec][0m[31m✖[0m[31m✖[0m[31m✖[0m[31m✖[0m[31m✖[0m[31m✖[0m  [2m[1038/1073 - 1 tests/sec][0m[31m✖[0m[31m✖[0m[31m✖[0m  [2m[1041/1073 - 1 tests/sec][0m[31m✖[0m[31m✖[0m  [2m[1043/1073 - 1 tests/sec][0m[31m✖[0m[31m✖[0m[31m✖[0m  [2m[1046/1073 - 1 tests/sec][0m[31m✖[0m[31m✖[0m  [2m[1048/1073 - 1 tests/sec][0m[31m✖[0m  [2m[1049/1073 - 1 tests/sec][0m[31m✖[0m[31m✖[0m[31m✖[0m[31m✖[0m  [2m[1053/1073 - 1 tests/sec][0m[31m✖[0m[31m✖[0m[31m✖[0m[31m✖[0m  [2m[1057/1073 - 1 tests/sec][0m[31m✖[0m[31m✖[0m[31m✖[0m[31m✖[0m[31m✖[0m[31m✖[0m  [2m[1063/1073 - 1 tests/sec][0m[31m✖[0m[31m✖[0m  [2m[1065/1073 - 1 tests/sec][0m[31m✖[0m  [2m[1066/1073 - 1 tests/sec][0m[31m✖[0m  [2m[1067/1073 - 1 tests/sec][0m[31m✖[0m[31m✖[0m[31m✖[0m[31m✖[0m  [2m[1071/1073 - 1 tests/sec][0m

[2m─────────────────────────────────────────[0m
 [1mTest Results[0m
[2m─────────────────────────────────────────[0m

 [32m✓[0m [2mgenerated.blockchain_tests.eest.cancun.eip4844_blobs.point_evaluation_precompile.call_opcode_types[0m [32m(24)[0m [90m465.90 ms[0m
 [32m✓[0m [2mgenerated.blockchain_tests.eest.cancun.eip4844_blobs.point_evaluation_precompile.external_vectors[0m [32m(244)[0m [33m29.41 s[0m
 [32m✓[0m [2mgenerated.blockchain_tests.eest.cancun.eip4844_blobs.point_evaluation_precompile.invalid_inputs[0m [32m(24)[0m [90m477.72 ms[0m
 [32m✓[0m [2mgenerated.blockchain_tests.eest.cancun.eip4844_blobs.point_evaluation_precompile.precompile_before_fork[0m [32m(1)[0m [90m4.78 ms[0m
 [32m✓[0m [2mgenerated.blockchain_tests.eest.cancun.eip4844_blobs.point_evaluation_precompile.precompile_during_fork[0m [32m(1)[0m [90m14.80 ms[0m
 [32m✓[0m [2mgenerated.blockchain_tests.eest.cancun.eip4844_blobs.point_evaluation_precompile.tx_entry_point[0m [32m(12)[0m [90m126.78 ms[0m
 [32m✓[0m [2mgenerated.blockchain_tests.eest.cancun.eip4844_blobs.point_evaluation_precompile.valid_inputs[0m [32m(4)[0m [90m24.64 ms[0m
 [32m✓[0m [2mgenerated.blockchain_tests.eest.cancun.eip4844_blobs.point_evaluation_precompile_gas.point_evaluation_precompile_gas_usage[0m [32m(48)[0m [33m1.38 s[0m
 [32m✓[0m [2mgenerated.blockchain_tests_engine.eest.cancun.eip4844_blobs.point_evaluation_precompile.call_opcode_types[0m [32m(24)[0m [90m395.50 ms[0m
 [32m✓[0m [2mgenerated.blockchain_tests_engine.eest.cancun.eip4844_blobs.point_evaluation_precompile.external_vectors[0m [32m(244)[0m [33m25.96 s[0m
 [32m✓[0m [2mgenerated.blockchain_tests_engine.eest.cancun.eip4844_blobs.point_evaluation_precompile.invalid_inputs[0m [32m(24)[0m [90m442.71 ms[0m
 [32m✓[0m [2mgenerated.blockchain_tests_engine.eest.cancun.eip4844_blobs.point_evaluation_precompile.precompile_before_fork[0m [32m(1)[0m [90m4.78 ms[0m
 [32m✓[0m [2mgenerated.blockchain_tests_engine.eest.cancun.eip4844_blobs.point_evaluation_precompile.precompile_during_fork[0m [32m(1)[0m [90m5.11 ms[0m
 [32m✓[0m [2mgenerated.blockchain_tests_engine.eest.cancun.eip4844_blobs.point_evaluation_precompile.tx_entry_point[0m [32m(12)[0m [90m112.19 ms[0m
 [32m✓[0m [2mgenerated.blockchain_tests_engine.eest.cancun.eip4844_blobs.point_evaluation_precompile.valid_inputs[0m [32m(4)[0m [90m22.75 ms[0m
 [32m✓[0m [2mgenerated.blockchain_tests_engine.eest.cancun.eip4844_blobs.point_evaluation_precompile_gas.point_evaluation_precompile_gas_usage[0m [32m(48)[0m [33m1.18 s[0m
 [41m[37m FAIL [0m [37mgenerated.state_tests.eest.cancun.eip4844_blobs.point_evaluation_precompile.call_opcode_types[0m [31m16 failed[0m [2m|[0m [32m8 passed[0m [33m960.19 s[0m
   [31m✖[0m [31mtests_eest_cancun_eip4844_blobs_test_point_evaluation_precompile_py__test_call_opcode_types_fork_Cancun_call_opcode_CALL_evm_code_type_LEGACY_state_test__correct_[0m
   [31m✖[0m [31mtests_eest_cancun_eip4844_blobs_test_point_evaluation_precompile_py__test_call_opcode_types_fork_Cancun_call_opcode_CALL_evm_code_type_LEGACY_state_test__incorrect_[0m
   [31m✖[0m [31mtests_eest_cancun_eip4844_blobs_test_point_evaluation_precompile_py__test_call_opcode_types_fork_Cancun_call_opcode_CALLCODE_evm_code_type_LEGACY_state_test__correct_[0m
   [31m✖[0m [31mtests_eest_cancun_eip4844_blobs_test_point_evaluation_precompile_py__test_call_opcode_types_fork_Cancun_call_opcode_CALLCODE_evm_code_type_LEGACY_state_test__incorrect_[0m
   [31m✖[0m [31mtests_eest_cancun_eip4844_blobs_test_point_evaluation_precompile_py__test_call_opcode_types_fork_Cancun_call_opcode_DELEGATECALL_evm_code_type_LEGACY_state_test__correct_[0m
   [31m✖[0m [31mtests_eest_cancun_eip4844_blobs_test_point_evaluation_precompile_py__test_call_opcode_types_fork_Cancun_call_opcode_DELEGATECALL_evm_code_type_LEGACY_state_test__incorrect_[0m
   [31m✖[0m [31mtests_eest_cancun_eip4844_blobs_test_point_evaluation_precompile_py__test_call_opcode_types_fork_Cancun_call_opcode_STATICCALL_evm_code_type_LEGACY_state_test__correct_[0m
   [31m✖[0m [31mtests_eest_cancun_eip4844_blobs_test_point_evaluation_precompile_py__test_call_opcode_types_fork_Cancun_call_opcode_STATICCALL_evm_code_type_LEGACY_state_test__incorrect_[0m
   [31m✖[0m [31mtests_eest_cancun_eip4844_blobs_test_point_evaluation_precompile_py__test_call_opcode_types_fork_Prague_call_opcode_CALL_evm_code_type_LEGACY_state_test__correct_[0m
   [31m✖[0m [31mtests_eest_cancun_eip4844_blobs_test_point_evaluation_precompile_py__test_call_opcode_types_fork_Prague_call_opcode_CALL_evm_code_type_LEGACY_state_test__incorrect_[0m
   [31m✖[0m [31mtests_eest_cancun_eip4844_blobs_test_point_evaluation_precompile_py__test_call_opcode_types_fork_Prague_call_opcode_CALLCODE_evm_code_type_LEGACY_state_test__correct_[0m
   [31m✖[0m [31mtests_eest_cancun_eip4844_blobs_test_point_evaluation_precompile_py__test_call_opcode_types_fork_Prague_call_opcode_CALLCODE_evm_code_type_LEGACY_state_test__incorrect_[0m
   [31m✖[0m [31mtests_eest_cancun_eip4844_blobs_test_point_evaluation_precompile_py__test_call_opcode_types_fork_Prague_call_opcode_DELEGATECALL_evm_code_type_LEGACY_state_test__correct_[0m
   [31m✖[0m [31mtests_eest_cancun_eip4844_blobs_test_point_evaluation_precompile_py__test_call_opcode_types_fork_Prague_call_opcode_DELEGATECALL_evm_code_type_LEGACY_state_test__incorrect_[0m
   [31m✖[0m [31mtests_eest_cancun_eip4844_blobs_test_point_evaluation_precompile_py__test_call_opcode_types_fork_Prague_call_opcode_STATICCALL_evm_code_type_LEGACY_state_test__correct_[0m
   [31m✖[0m [31mtests_eest_cancun_eip4844_blobs_test_point_evaluation_precompile_py__test_call_opcode_types_fork_Prague_call_opcode_STATICCALL_evm_code_type_LEGACY_state_test__incorrect_[0m
 [41m[37m FAIL [0m [37mgenerated.state_tests.eest.cancun.eip4844_blobs.point_evaluation_precompile.external_vectors[0m [31m228 failed[0m [2m|[0m [32m16 passed[0m [33m13681.95 s[0m
   [31m✖[0m [31mtests_eest_cancun_eip4844_blobs_test_point_evaluation_precompile_py__test_external_vectors_fork_Cancun_state_test_versioned_hash_None_verify_kzg_proof_case_correct_proof_02e696ada7d4631d_[0m
   [31m✖[0m [31mtests_eest_cancun_eip4844_blobs_test_point_evaluation_precompile_py__test_external_vectors_fork_Cancun_state_test_versioned_hash_None_verify_kzg_proof_case_correct_proof_05c1f3685f3393f0_[0m
   [31m✖[0m [31mtests_eest_cancun_eip4844_blobs_test_point_evaluation_precompile_py__test_external_vectors_fork_Cancun_state_test_versioned_hash_None_verify_kzg_proof_case_correct_proof_08f9e2f1cb3d39db_[0m
   [31m✖[0m [31mtests_eest_cancun_eip4844_blobs_test_point_evaluation_precompile_py__test_external_vectors_fork_Cancun_state_test_versioned_hash_None_verify_kzg_proof_case_correct_proof_0cf79b17cb5f4ea2_[0m
   [31m✖[0m [31mtests_eest_cancun_eip4844_blobs_test_point_evaluation_precompile_py__test_external_vectors_fork_Cancun_state_test_versioned_hash_None_verify_kzg_proof_case_correct_proof_177b58dc7a46b08f_[0m
   [31m✖[0m [31mtests_eest_cancun_eip4844_blobs_test_point_evaluation_precompile_py__test_external_vectors_fork_Cancun_state_test_versioned_hash_None_verify_kzg_proof_case_correct_proof_1ce8e4f69d5df899_[0m
   [31m✖[0m [31mtests_eest_cancun_eip4844_blobs_test_point_evaluation_precompile_py__test_external_vectors_fork_Cancun_state_test_versioned_hash_None_verify_kzg_proof_case_correct_proof_26b753dec0560daa_[0m
   [31m✖[0m [31mtests_eest_cancun_eip4844_blobs_test_point_evaluation_precompile_py__test_external_vectors_fork_Cancun_state_test_versioned_hash_None_verify_kzg_proof_case_correct_proof_2b76dc9e3abf42f3_[0m
   [31m✖[0m [31mtests_eest_cancun_eip4844_blobs_test_point_evaluation_precompile_py__test_external_vectors_fork_Cancun_state_test_versioned_hash_None_verify_kzg_proof_case_correct_proof_31ebd010e6098750_[0m
   [31m✖[0m [31mtests_eest_cancun_eip4844_blobs_test_point_evaluation_precompile_py__test_external_vectors_fork_Cancun_state_test_versioned_hash_None_verify_kzg_proof_case_correct_proof_3208425794224c3f_[0m
   [31m✖[0m [31mtests_eest_cancun_eip4844_blobs_test_point_evaluation_precompile_py__test_external_vectors_fork_Cancun_state_test_versioned_hash_None_verify_kzg_proof_case_correct_proof_36817bfd67de97a8_[0m
   [31m✖[0m [31mtests_eest_cancun_eip4844_blobs_test_point_evaluation_precompile_py__test_external_vectors_fork_Cancun_state_test_versioned_hash_None_verify_kzg_proof_case_correct_proof_392169c16a2e5ef6_[0m
   [31m✖[0m [31mtests_eest_cancun_eip4844_blobs_test_point_evaluation_precompile_py__test_external_vectors_fork_Cancun_state_test_versioned_hash_None_verify_kzg_proof_case_correct_proof_395cf6d697d1a743_[0m
   [31m✖[0m [31mtests_eest_cancun_eip4844_blobs_test_point_evaluation_precompile_py__test_external_vectors_fork_Cancun_state_test_versioned_hash_None_verify_kzg_proof_case_correct_proof_3ac8dc31e9aa6a70_[0m
   [31m✖[0m [31mtests_eest_cancun_eip4844_blobs_test_point_evaluation_precompile_py__test_external_vectors_fork_Cancun_state_test_versioned_hash_None_verify_kzg_proof_case_correct_proof_3c1e8b38219e3e12_[0m
   [31m✖[0m [31mtests_eest_cancun_eip4844_blobs_test_point_evaluation_precompile_py__test_external_vectors_fork_Cancun_state_test_versioned_hash_None_verify_kzg_proof_case_correct_proof_3c87ec986c2656c2_[0m
   [31m✖[0m [31mtests_eest_cancun_eip4844_blobs_test_point_evaluation_precompile_py__test_external_vectors_fork_Cancun_state_test_versioned_hash_None_verify_kzg_proof_case_correct_proof_3cd183d0bab85fb7_[0m
   [31m✖[0m [31mtests_eest_cancun_eip4844_blobs_test_point_evaluation_precompile_py__test_external_vectors_fork_Cancun_state_test_versioned_hash_None_verify_kzg_proof_case_correct_proof_420f2a187ce77035_[0m
   [31m✖[0m [31mtests_eest_cancun_eip4844_blobs_test_point_evaluation_precompile_py__test_external_vectors_fork_Cancun_state_test_versioned_hash_None_verify_kzg_proof_case_correct_proof_444b73ff54a19b44_[0m
   [31m✖[0m [31mtests_eest_cancun_eip4844_blobs_test_point_evaluation_precompile_py__test_external_vectors_fork_Cancun_state_test_versioned_hash_None_verify_kzg_proof_case_correct_proof_53a9bdf4f75196da_[0m
   [31m✖[0m [31mtests_eest_cancun_eip4844_blobs_test_point_evaluation_precompile_py__test_external_vectors_fork_Cancun_state_test_versioned_hash_None_verify_kzg_proof_case_correct_proof_585454b31673dd62_[0m
   [31m✖[0m [31mtests_eest_cancun_eip4844_blobs_test_point_evaluation_precompile_py__test_external_vectors_fork_Cancun_state_test_versioned_hash_None_verify_kzg_proof_case_correct_proof_7db4f140a955dd1a_[0m
   [31m✖[0m [31mtests_eest_cancun_eip4844_blobs_test_point_evaluation_precompile_py__test_external_vectors_fork_Cancun_state_test_versioned_hash_None_verify_kzg_proof_case_correct_proof_83e53423a2dd93fe_[0m
   [31m✖[0m [31mtests_eest_cancun_eip4844_blobs_test_point_evaluation_precompile_py__test_external_vectors_fork_Cancun_state_test_versioned_hash_None_verify_kzg_proof_case_correct_proof_9b24f8997145435c_[0m
   [31m✖[0m [31mtests_eest_cancun_eip4844_blobs_test_point_evaluation_precompile_py__test_external_vectors_fork_Cancun_state_test_versioned_hash_None_verify_kzg_proof_case_correct_proof_9b754afb690c47e1_[0m
   [31m✖[0m [31mtests_eest_cancun_eip4844_blobs_test_point_evaluation_precompile_py__test_external_vectors_fork_Cancun_state_test_versioned_hash_None_verify_kzg_proof_case_correct_proof_a0be66af9a97ea52_[0m
   [31m✖[0m [31mtests_eest_cancun_eip4844_blobs_test_point_evaluation_precompile_py__test_external_vectors_fork_Cancun_state_test_versioned_hash_None_verify_kzg_proof_case_correct_proof_af669445747d2585_[0m
   [31m✖[0m [31mtests_eest_cancun_eip4844_blobs_test_point_evaluation_precompile_py__test_external_vectors_fork_Cancun_state_test_versioned_hash_None_verify_kzg_proof_case_correct_proof_af8b75f664ed7d43_[0m
   [31m✖[0m [31mtests_eest_cancun_eip4844_blobs_test_point_evaluation_precompile_py__test_external_vectors_fork_Cancun_state_test_versioned_hash_None_verify_kzg_proof_case_correct_proof_b6cb6698327d9835_[0m
   [31m✖[0m [31mtests_eest_cancun_eip4844_blobs_test_point_evaluation_precompile_py__test_external_vectors_fork_Cancun_state_test_versioned_hash_None_verify_kzg_proof_case_correct_proof_b6ec3736f9ff2c62_[0m
   [31m✖[0m [31mtests_eest_cancun_eip4844_blobs_test_point_evaluation_precompile_py__test_external_vectors_fork_Cancun_state_test_versioned_hash_None_verify_kzg_proof_case_correct_proof_becf2e1641bbd4e6_[0m
   [31m✖[0m [31mtests_eest_cancun_eip4844_blobs_test_point_evaluation_precompile_py__test_external_vectors_fork_Cancun_state_test_versioned_hash_None_verify_kzg_proof_case_correct_proof_c3d4322ec17fe7cd_[0m
   [31m✖[0m [31mtests_eest_cancun_eip4844_blobs_test_point_evaluation_precompile_py__test_external_vectors_fork_Cancun_state_test_versioned_hash_None_verify_kzg_proof_case_correct_proof_c5e1490d672d026d_[0m
   [31m✖[0m [31mtests_eest_cancun_eip4844_blobs_test_point_evaluation_precompile_py__test_external_vectors_fork_Cancun_state_test_versioned_hash_None_verify_kzg_proof_case_correct_proof_cae5d3491190b777_[0m
   [31m✖[0m [31mtests_eest_cancun_eip4844_blobs_test_point_evaluation_precompile_py__test_external_vectors_fork_Cancun_state_test_versioned_hash_None_verify_kzg_proof_case_correct_proof_d0992bc0387790a4_[0m
   [31m✖[0m [31mtests_eest_cancun_eip4844_blobs_test_point_evaluation_precompile_py__test_external_vectors_fork_Cancun_state_test_versioned_hash_None_verify_kzg_proof_case_correct_proof_d736268229bd87ec_[0m
   [31m✖[0m [31mtests_eest_cancun_eip4844_blobs_test_point_evaluation_precompile_py__test_external_vectors_fork_Cancun_state_test_versioned_hash_None_verify_kzg_proof_case_correct_proof_e68d7111a2364a49_[0m
   [31m✖[0m [31mtests_eest_cancun_eip4844_blobs_test_point_evaluation_precompile_py__test_external_vectors_fork_Cancun_state_test_versioned_hash_None_verify_kzg_proof_case_correct_proof_ed6b180ec759bcf6_[0m
   [31m✖[0m [31mtests_eest_cancun_eip4844_blobs_test_point_evaluation_precompile_py__test_external_vectors_fork_Cancun_state_test_versioned_hash_None_verify_kzg_proof_case_correct_proof_f0ed3dc11cdeb130_[0m
   [31m✖[0m [31mtests_eest_cancun_eip4844_blobs_test_point_evaluation_precompile_py__test_external_vectors_fork_Cancun_state_test_versioned_hash_None_verify_kzg_proof_case_correct_proof_f47eb9fc139f6bfd_[0m
   [31m✖[0m [31mtests_eest_cancun_eip4844_blobs_test_point_evaluation_precompile_py__test_external_vectors_fork_Cancun_state_test_versioned_hash_None_verify_kzg_proof_case_correct_proof_f7f44e1e864aa967_[0m
   [31m✖[0m [31mtests_eest_cancun_eip4844_blobs_test_point_evaluation_precompile_py__test_external_vectors_fork_Cancun_state_test_versioned_hash_None_verify_kzg_proof_case_correct_proof_ffa6e97b97146517_[0m
   [31m✖[0m [31mtests_eest_cancun_eip4844_blobs_test_point_evaluation_precompile_py__test_external_vectors_fork_Cancun_state_test_versioned_hash_None_verify_kzg_proof_case_correct_proof_point_at_infinity_for_twos_poly_05c1f3685f3393f0_[0m
   [31m✖[0m [31mtests_eest_cancun_eip4844_blobs_test_point_evaluation_precompile_py__test_external_vectors_fork_Cancun_state_test_versioned_hash_None_verify_kzg_proof_case_correct_proof_point_at_infinity_for_twos_poly_177b58dc7a46b08f_[0m
   [31m✖[0m [31mtests_eest_cancun_eip4844_blobs_test_point_evaluation_precompile_py__test_external_vectors_fork_Cancun_state_test_versioned_hash_None_verify_kzg_proof_case_correct_proof_point_at_infinity_for_twos_poly_2b76dc9e3abf42f3_[0m
   [31m✖[0m [31mtests_eest_cancun_eip4844_blobs_test_point_evaluation_precompile_py__test_external_vectors_fork_Cancun_state_test_versioned_hash_None_verify_kzg_proof_case_correct_proof_point_at_infinity_for_twos_poly_395cf6d697d1a743_[0m
   [31m✖[0m [31mtests_eest_cancun_eip4844_blobs_test_point_evaluation_precompile_py__test_external_vectors_fork_Cancun_state_test_versioned_hash_None_verify_kzg_proof_case_correct_proof_point_at_infinity_for_twos_poly_585454b31673dd62_[0m
   [31m✖[0m [31mtests_eest_cancun_eip4844_blobs_test_point_evaluation_precompile_py__test_external_vectors_fork_Cancun_state_test_versioned_hash_None_verify_kzg_proof_case_correct_proof_point_at_infinity_for_twos_poly_a0be66af9a97ea52_[0m
   [31m✖[0m [31mtests_eest_cancun_eip4844_blobs_test_point_evaluation_precompile_py__test_external_vectors_fork_Cancun_state_test_versioned_hash_None_verify_kzg_proof_case_correct_proof_point_at_infinity_for_zero_poly_02e696ada7d4631d_[0m
   [31m✖[0m [31mtests_eest_cancun_eip4844_blobs_test_point_evaluation_precompile_py__test_external_vectors_fork_Cancun_state_test_versioned_hash_None_verify_kzg_proof_case_correct_proof_point_at_infinity_for_zero_poly_0cf79b17cb5f4ea2_[0m
   [31m✖[0m [31mtests_eest_cancun_eip4844_blobs_test_point_evaluation_precompile_py__test_external_vectors_fork_Cancun_state_test_versioned_hash_None_verify_kzg_proof_case_correct_proof_point_at_infinity_for_zero_poly_3208425794224c3f_[0m
   [31m✖[0m [31mtests_eest_cancun_eip4844_blobs_test_point_evaluation_precompile_py__test_external_vectors_fork_Cancun_state_test_versioned_hash_None_verify_kzg_proof_case_correct_proof_point_at_infinity_for_zero_poly_3ac8dc31e9aa6a70_[0m
   [31m✖[0m [31mtests_eest_cancun_eip4844_blobs_test_point_evaluation_precompile_py__test_external_vectors_fork_Cancun_state_test_versioned_hash_None_verify_kzg_proof_case_correct_proof_point_at_infinity_for_zero_poly_c3d4322ec17fe7cd_[0m
   [31m✖[0m [31mtests_eest_cancun_eip4844_blobs_test_point_evaluation_precompile_py__test_external_vectors_fork_Cancun_state_test_versioned_hash_None_verify_kzg_proof_case_correct_proof_point_at_infinity_for_zero_poly_ffa6e97b97146517_[0m
   [31m✖[0m [31mtests_eest_cancun_eip4844_blobs_test_point_evaluation_precompile_py__test_external_vectors_fork_Cancun_state_test_versioned_hash_None_verify_kzg_proof_case_incorrect_proof_02e696ada7d4631d_[0m
   [31m✖[0m [31mtests_eest_cancun_eip4844_blobs_test_point_evaluation_precompile_py__test_external_vectors_fork_Cancun_state_test_versioned_hash_None_verify_kzg_proof_case_incorrect_proof_05c1f3685f3393f0_[0m
   [31m✖[0m [31mtests_eest_cancun_eip4844_blobs_test_point_evaluation_precompile_py__test_external_vectors_fork_Cancun_state_test_versioned_hash_None_verify_kzg_proof_case_incorrect_proof_08f9e2f1cb3d39db_[0m
   [31m✖[0m [31mtests_eest_cancun_eip4844_blobs_test_point_evaluation_precompile_py__test_external_vectors_fork_Cancun_state_test_versioned_hash_None_verify_kzg_proof_case_incorrect_proof_0cf79b17cb5f4ea2_[0m
   [31m✖[0m [31mtests_eest_cancun_eip4844_blobs_test_point_evaluation_precompile_py__test_external_vectors_fork_Cancun_state_test_versioned_hash_None_verify_kzg_proof_case_incorrect_proof_177b58dc7a46b08f_[0m
   [31m✖[0m [31mtests_eest_cancun_eip4844_blobs_test_point_evaluation_precompile_py__test_external_vectors_fork_Cancun_state_test_versioned_hash_None_verify_kzg_proof_case_incorrect_proof_1ce8e4f69d5df899_[0m
   [31m✖[0m [31mtests_eest_cancun_eip4844_blobs_test_point_evaluation_precompile_py__test_external_vectors_fork_Cancun_state_test_versioned_hash_None_verify_kzg_proof_case_incorrect_proof_26b753dec0560daa_[0m
   [31m✖[0m [31mtests_eest_cancun_eip4844_blobs_test_point_evaluation_precompile_py__test_external_vectors_fork_Cancun_state_test_versioned_hash_None_verify_kzg_proof_case_incorrect_proof_2b76dc9e3abf42f3_[0m
   [31m✖[0m [31mtests_eest_cancun_eip4844_blobs_test_point_evaluation_precompile_py__test_external_vectors_fork_Cancun_state_test_versioned_hash_None_verify_kzg_proof_case_incorrect_proof_31ebd010e6098750_[0m
   [31m✖[0m [31mtests_eest_cancun_eip4844_blobs_test_point_evaluation_precompile_py__test_external_vectors_fork_Cancun_state_test_versioned_hash_None_verify_kzg_proof_case_incorrect_proof_3208425794224c3f_[0m
   [31m✖[0m [31mtests_eest_cancun_eip4844_blobs_test_point_evaluation_precompile_py__test_external_vectors_fork_Cancun_state_test_versioned_hash_None_verify_kzg_proof_case_incorrect_proof_36817bfd67de97a8_[0m
   [31m✖[0m [31mtests_eest_cancun_eip4844_blobs_test_point_evaluation_precompile_py__test_external_vectors_fork_Cancun_state_test_versioned_hash_None_verify_kzg_proof_case_incorrect_proof_392169c16a2e5ef6_[0m
   [31m✖[0m [31mtests_eest_cancun_eip4844_blobs_test_point_evaluation_precompile_py__test_external_vectors_fork_Cancun_state_test_versioned_hash_None_verify_kzg_proof_case_incorrect_proof_395cf6d697d1a743_[0m
   [31m✖[0m [31mtests_eest_cancun_eip4844_blobs_test_point_evaluation_precompile_py__test_external_vectors_fork_Cancun_state_test_versioned_hash_None_verify_kzg_proof_case_incorrect_proof_3ac8dc31e9aa6a70_[0m
   [31m✖[0m [31mtests_eest_cancun_eip4844_blobs_test_point_evaluation_precompile_py__test_external_vectors_fork_Cancun_state_test_versioned_hash_None_verify_kzg_proof_case_incorrect_proof_3c1e8b38219e3e12_[0m
   [31m✖[0m [31mtests_eest_cancun_eip4844_blobs_test_point_evaluation_precompile_py__test_external_vectors_fork_Cancun_state_test_versioned_hash_None_verify_kzg_proof_case_incorrect_proof_3c87ec986c2656c2_[0m
   [31m✖[0m [31mtests_eest_cancun_eip4844_blobs_test_point_evaluation_precompile_py__test_external_vectors_fork_Cancun_state_test_versioned_hash_None_verify_kzg_proof_case_incorrect_proof_3cd183d0bab85fb7_[0m
   [31m✖[0m [31mtests_eest_cancun_eip4844_blobs_test_point_evaluation_precompile_py__test_external_vectors_fork_Cancun_state_test_versioned_hash_None_verify_kzg_proof_case_incorrect_proof_420f2a187ce77035_[0m
   [31m✖[0m [31mtests_eest_cancun_eip4844_blobs_test_point_evaluation_precompile_py__test_external_vectors_fork_Cancun_state_test_versioned_hash_None_verify_kzg_proof_case_incorrect_proof_444b73ff54a19b44_[0m
   [31m✖[0m [31mtests_eest_cancun_eip4844_blobs_test_point_evaluation_precompile_py__test_external_vectors_fork_Cancun_state_test_versioned_hash_None_verify_kzg_proof_case_incorrect_proof_53a9bdf4f75196da_[0m
   [31m✖[0m [31mtests_eest_cancun_eip4844_blobs_test_point_evaluation_precompile_py__test_external_vectors_fork_Cancun_state_test_versioned_hash_None_verify_kzg_proof_case_incorrect_proof_585454b31673dd62_[0m
   [31m✖[0m [31mtests_eest_cancun_eip4844_blobs_test_point_evaluation_precompile_py__test_external_vectors_fork_Cancun_state_test_versioned_hash_None_verify_kzg_proof_case_incorrect_proof_7db4f140a955dd1a_[0m
   [31m✖[0m [31mtests_eest_cancun_eip4844_blobs_test_point_evaluation_precompile_py__test_external_vectors_fork_Cancun_state_test_versioned_hash_None_verify_kzg_proof_case_incorrect_proof_83e53423a2dd93fe_[0m
   [31m✖[0m [31mtests_eest_cancun_eip4844_blobs_test_point_evaluation_precompile_py__test_external_vectors_fork_Cancun_state_test_versioned_hash_None_verify_kzg_proof_case_incorrect_proof_9b24f8997145435c_[0m
   [31m✖[0m [31mtests_eest_cancun_eip4844_blobs_test_point_evaluation_precompile_py__test_external_vectors_fork_Cancun_state_test_versioned_hash_None_verify_kzg_proof_case_incorrect_proof_9b754afb690c47e1_[0m
   [31m✖[0m [31mtests_eest_cancun_eip4844_blobs_test_point_evaluation_precompile_py__test_external_vectors_fork_Cancun_state_test_versioned_hash_None_verify_kzg_proof_case_incorrect_proof_a0be66af9a97ea52_[0m
   [31m✖[0m [31mtests_eest_cancun_eip4844_blobs_test_point_evaluation_precompile_py__test_external_vectors_fork_Cancun_state_test_versioned_hash_None_verify_kzg_proof_case_incorrect_proof_af669445747d2585_[0m
   [31m✖[0m [31mtests_eest_cancun_eip4844_blobs_test_point_evaluation_precompile_py__test_external_vectors_fork_Cancun_state_test_versioned_hash_None_verify_kzg_proof_case_incorrect_proof_af8b75f664ed7d43_[0m
   [31m✖[0m [31mtests_eest_cancun_eip4844_blobs_test_point_evaluation_precompile_py__test_external_vectors_fork_Cancun_state_test_versioned_hash_None_verify_kzg_proof_case_incorrect_proof_b6cb6698327d9835_[0m
   [31m✖[0m [31mtests_eest_cancun_eip4844_blobs_test_point_evaluation_precompile_py__test_external_vectors_fork_Cancun_state_test_versioned_hash_None_verify_kzg_proof_case_incorrect_proof_b6ec3736f9ff2c62_[0m
   [31m✖[0m [31mtests_eest_cancun_eip4844_blobs_test_point_evaluation_precompile_py__test_external_vectors_fork_Cancun_state_test_versioned_hash_None_verify_kzg_proof_case_incorrect_proof_becf2e1641bbd4e6_[0m
   [31m✖[0m [31mtests_eest_cancun_eip4844_blobs_test_point_evaluation_precompile_py__test_external_vectors_fork_Cancun_state_test_versioned_hash_None_verify_kzg_proof_case_incorrect_proof_c3d4322ec17fe7cd_[0m
   [31m✖[0m [31mtests_eest_cancun_eip4844_blobs_test_point_evaluation_precompile_py__test_external_vectors_fork_Cancun_state_test_versioned_hash_None_verify_kzg_proof_case_incorrect_proof_c5e1490d672d026d_[0m
   [31m✖[0m [31mtests_eest_cancun_eip4844_blobs_test_point_evaluation_precompile_py__test_external_vectors_fork_Cancun_state_test_versioned_hash_None_verify_kzg_proof_case_incorrect_proof_cae5d3491190b777_[0m
   [31m✖[0m [31mtests_eest_cancun_eip4844_blobs_test_point_evaluation_precompile_py__test_external_vectors_fork_Cancun_state_test_versioned_hash_None_verify_kzg_proof_case_incorrect_proof_d0992bc0387790a4_[0m
   [31m✖[0m [31mtests_eest_cancun_eip4844_blobs_test_point_evaluation_precompile_py__test_external_vectors_fork_Cancun_state_test_versioned_hash_None_verify_kzg_proof_case_incorrect_proof_d736268229bd87ec_[0m
   [31m✖[0m [31mtests_eest_cancun_eip4844_blobs_test_point_evaluation_precompile_py__test_external_vectors_fork_Cancun_state_test_versioned_hash_None_verify_kzg_proof_case_incorrect_proof_e68d7111a2364a49_[0m
   [31m✖[0m [31mtests_eest_cancun_eip4844_blobs_test_point_evaluation_precompile_py__test_external_vectors_fork_Cancun_state_test_versioned_hash_None_verify_kzg_proof_case_incorrect_proof_ed6b180ec759bcf6_[0m
   [31m✖[0m [31mtests_eest_cancun_eip4844_blobs_test_point_evaluation_precompile_py__test_external_vectors_fork_Cancun_state_test_versioned_hash_None_verify_kzg_proof_case_incorrect_proof_f0ed3dc11cdeb130_[0m
   [31m✖[0m [31mtests_eest_cancun_eip4844_blobs_test_point_evaluation_precompile_py__test_external_vectors_fork_Cancun_state_test_versioned_hash_None_verify_kzg_proof_case_incorrect_proof_f47eb9fc139f6bfd_[0m
   [31m✖[0m [31mtests_eest_cancun_eip4844_blobs_test_point_evaluation_precompile_py__test_external_vectors_fork_Cancun_state_test_versioned_hash_None_verify_kzg_proof_case_incorrect_proof_f7f44e1e864aa967_[0m
   [31m✖[0m [31mtests_eest_cancun_eip4844_blobs_test_point_evaluation_precompile_py__test_external_vectors_fork_Cancun_state_test_versioned_hash_None_verify_kzg_proof_case_incorrect_proof_ffa6e97b97146517_[0m
   [31m✖[0m [31mtests_eest_cancun_eip4844_blobs_test_point_evaluation_precompile_py__test_external_vectors_fork_Cancun_state_test_versioned_hash_None_verify_kzg_proof_case_incorrect_proof_point_at_infinity_392169c16a2e5ef6_[0m
   [31m✖[0m [31mtests_eest_cancun_eip4844_blobs_test_point_evaluation_precompile_py__test_external_vectors_fork_Cancun_state_test_versioned_hash_None_verify_kzg_proof_case_incorrect_proof_point_at_infinity_3c1e8b38219e3e12_[0m
   [31m✖[0m [31mtests_eest_cancun_eip4844_blobs_test_point_evaluation_precompile_py__test_external_vectors_fork_Cancun_state_test_versioned_hash_None_verify_kzg_proof_case_incorrect_proof_point_at_infinity_3c87ec986c2656c2_[0m
   [31m✖[0m [31mtests_eest_cancun_eip4844_blobs_test_point_evaluation_precompile_py__test_external_vectors_fork_Cancun_state_test_versioned_hash_None_verify_kzg_proof_case_incorrect_proof_point_at_infinity_420f2a187ce77035_[0m
   [31m✖[0m [31mtests_eest_cancun_eip4844_blobs_test_point_evaluation_precompile_py__test_external_vectors_fork_Cancun_state_test_versioned_hash_None_verify_kzg_proof_case_incorrect_proof_point_at_infinity_83e53423a2dd93fe_[0m
   [31m✖[0m [31mtests_eest_cancun_eip4844_blobs_test_point_evaluation_precompile_py__test_external_vectors_fork_Cancun_state_test_versioned_hash_None_verify_kzg_proof_case_incorrect_proof_point_at_infinity_ed6b180ec759bcf6_[0m
   [31m✖[0m [31mtests_eest_cancun_eip4844_blobs_test_point_evaluation_precompile_py__test_external_vectors_fork_Cancun_state_test_versioned_hash_None_verify_kzg_proof_case_invalid_commitment_32afa9561a4b3b91_[0m
   [31m✖[0m [31mtests_eest_cancun_eip4844_blobs_test_point_evaluation_precompile_py__test_external_vectors_fork_Cancun_state_test_versioned_hash_None_verify_kzg_proof_case_invalid_commitment_e9d3e9ec16fbc15f_[0m
   [31m✖[0m [31mtests_eest_cancun_eip4844_blobs_test_point_evaluation_precompile_py__test_external_vectors_fork_Cancun_state_test_versioned_hash_None_verify_kzg_proof_case_invalid_proof_32afa9561a4b3b91_[0m
   [31m✖[0m [31mtests_eest_cancun_eip4844_blobs_test_point_evaluation_precompile_py__test_external_vectors_fork_Cancun_state_test_versioned_hash_None_verify_kzg_proof_case_invalid_proof_e9d3e9ec16fbc15f_[0m
   [31m✖[0m [31mtests_eest_cancun_eip4844_blobs_test_point_evaluation_precompile_py__test_external_vectors_fork_Cancun_state_test_versioned_hash_None_verify_kzg_proof_case_invalid_y_35d08d612aad2197_[0m
   [31m✖[0m [31mtests_eest_cancun_eip4844_blobs_test_point_evaluation_precompile_py__test_external_vectors_fork_Cancun_state_test_versioned_hash_None_verify_kzg_proof_case_invalid_y_4aa6def8c35c9097_[0m
   [31m✖[0m [31mtests_eest_cancun_eip4844_blobs_test_point_evaluation_precompile_py__test_external_vectors_fork_Cancun_state_test_versioned_hash_None_verify_kzg_proof_case_invalid_y_64b9ff2b8f7dddee_[0m
   [31m✖[0m [31mtests_eest_cancun_eip4844_blobs_test_point_evaluation_precompile_py__test_external_vectors_fork_Cancun_state_test_versioned_hash_None_verify_kzg_proof_case_invalid_y_eb0601fec84cc5e9_[0m
   [31m✖[0m [31mtests_eest_cancun_eip4844_blobs_test_point_evaluation_precompile_py__test_external_vectors_fork_Cancun_state_test_versioned_hash_None_verify_kzg_proof_case_invalid_z_35d08d612aad2197_[0m
   [31m✖[0m [31mtests_eest_cancun_eip4844_blobs_test_point_evaluation_precompile_py__test_external_vectors_fork_Cancun_state_test_versioned_hash_None_verify_kzg_proof_case_invalid_z_4aa6def8c35c9097_[0m
   [31m✖[0m [31mtests_eest_cancun_eip4844_blobs_test_point_evaluation_precompile_py__test_external_vectors_fork_Cancun_state_test_versioned_hash_None_verify_kzg_proof_case_invalid_z_64b9ff2b8f7dddee_[0m
   [31m✖[0m [31mtests_eest_cancun_eip4844_blobs_test_point_evaluation_precompile_py__test_external_vectors_fork_Cancun_state_test_versioned_hash_None_verify_kzg_proof_case_invalid_z_eb0601fec84cc5e9_[0m
   [31m✖[0m [31mtests_eest_cancun_eip4844_blobs_test_point_evaluation_precompile_py__test_external_vectors_fork_Prague_state_test_versioned_hash_None_verify_kzg_proof_case_correct_proof_02e696ada7d4631d_[0m
   [31m✖[0m [31mtests_eest_cancun_eip4844_blobs_test_point_evaluation_precompile_py__test_external_vectors_fork_Prague_state_test_versioned_hash_None_verify_kzg_proof_case_correct_proof_05c1f3685f3393f0_[0m
   [31m✖[0m [31mtests_eest_cancun_eip4844_blobs_test_point_evaluation_precompile_py__test_external_vectors_fork_Prague_state_test_versioned_hash_None_verify_kzg_proof_case_correct_proof_08f9e2f1cb3d39db_[0m
   [31m✖[0m [31mtests_eest_cancun_eip4844_blobs_test_point_evaluation_precompile_py__test_external_vectors_fork_Prague_state_test_versioned_hash_None_verify_kzg_proof_case_correct_proof_0cf79b17cb5f4ea2_[0m
   [31m✖[0m [31mtests_eest_cancun_eip4844_blobs_test_point_evaluation_precompile_py__test_external_vectors_fork_Prague_state_test_versioned_hash_None_verify_kzg_proof_case_correct_proof_177b58dc7a46b08f_[0m
   [31m✖[0m [31mtests_eest_cancun_eip4844_blobs_test_point_evaluation_precompile_py__test_external_vectors_fork_Prague_state_test_versioned_hash_None_verify_kzg_proof_case_correct_proof_1ce8e4f69d5df899_[0m
   [31m✖[0m [31mtests_eest_cancun_eip4844_blobs_test_point_evaluation_precompile_py__test_external_vectors_fork_Prague_state_test_versioned_hash_None_verify_kzg_proof_case_correct_proof_26b753dec0560daa_[0m
   [31m✖[0m [31mtests_eest_cancun_eip4844_blobs_test_point_evaluation_precompile_py__test_external_vectors_fork_Prague_state_test_versioned_hash_None_verify_kzg_proof_case_correct_proof_2b76dc9e3abf42f3_[0m
   [31m✖[0m [31mtests_eest_cancun_eip4844_blobs_test_point_evaluation_precompile_py__test_external_vectors_fork_Prague_state_test_versioned_hash_None_verify_kzg_proof_case_correct_proof_31ebd010e6098750_[0m
   [31m✖[0m [31mtests_eest_cancun_eip4844_blobs_test_point_evaluation_precompile_py__test_external_vectors_fork_Prague_state_test_versioned_hash_None_verify_kzg_proof_case_correct_proof_3208425794224c3f_[0m
   [31m✖[0m [31mtests_eest_cancun_eip4844_blobs_test_point_evaluation_precompile_py__test_external_vectors_fork_Prague_state_test_versioned_hash_None_verify_kzg_proof_case_correct_proof_36817bfd67de97a8_[0m
   [31m✖[0m [31mtests_eest_cancun_eip4844_blobs_test_point_evaluation_precompile_py__test_external_vectors_fork_Prague_state_test_versioned_hash_None_verify_kzg_proof_case_correct_proof_392169c16a2e5ef6_[0m
   [31m✖[0m [31mtests_eest_cancun_eip4844_blobs_test_point_evaluation_precompile_py__test_external_vectors_fork_Prague_state_test_versioned_hash_None_verify_kzg_proof_case_correct_proof_395cf6d697d1a743_[0m
   [31m✖[0m [31mtests_eest_cancun_eip4844_blobs_test_point_evaluation_precompile_py__test_external_vectors_fork_Prague_state_test_versioned_hash_None_verify_kzg_proof_case_correct_proof_3ac8dc31e9aa6a70_[0m
   [31m✖[0m [31mtests_eest_cancun_eip4844_blobs_test_point_evaluation_precompile_py__test_external_vectors_fork_Prague_state_test_versioned_hash_None_verify_kzg_proof_case_correct_proof_3c1e8b38219e3e12_[0m
   [31m✖[0m [31mtests_eest_cancun_eip4844_blobs_test_point_evaluation_precompile_py__test_external_vectors_fork_Prague_state_test_versioned_hash_None_verify_kzg_proof_case_correct_proof_3c87ec986c2656c2_[0m
   [31m✖[0m [31mtests_eest_cancun_eip4844_blobs_test_point_evaluation_precompile_py__test_external_vectors_fork_Prague_state_test_versioned_hash_None_verify_kzg_proof_case_correct_proof_3cd183d0bab85fb7_[0m
   [31m✖[0m [31mtests_eest_cancun_eip4844_blobs_test_point_evaluation_precompile_py__test_external_vectors_fork_Prague_state_test_versioned_hash_None_verify_kzg_proof_case_correct_proof_420f2a187ce77035_[0m
   [31m✖[0m [31mtests_eest_cancun_eip4844_blobs_test_point_evaluation_precompile_py__test_external_vectors_fork_Prague_state_test_versioned_hash_None_verify_kzg_proof_case_correct_proof_444b73ff54a19b44_[0m
   [31m✖[0m [31mtests_eest_cancun_eip4844_blobs_test_point_evaluation_precompile_py__test_external_vectors_fork_Prague_state_test_versioned_hash_None_verify_kzg_proof_case_correct_proof_53a9bdf4f75196da_[0m
   [31m✖[0m [31mtests_eest_cancun_eip4844_blobs_test_point_evaluation_precompile_py__test_external_vectors_fork_Prague_state_test_versioned_hash_None_verify_kzg_proof_case_correct_proof_585454b31673dd62_[0m
   [31m✖[0m [31mtests_eest_cancun_eip4844_blobs_test_point_evaluation_precompile_py__test_external_vectors_fork_Prague_state_test_versioned_hash_None_verify_kzg_proof_case_correct_proof_7db4f140a955dd1a_[0m
   [31m✖[0m [31mtests_eest_cancun_eip4844_blobs_test_point_evaluation_precompile_py__test_external_vectors_fork_Prague_state_test_versioned_hash_None_verify_kzg_proof_case_correct_proof_83e53423a2dd93fe_[0m
   [31m✖[0m [31mtests_eest_cancun_eip4844_blobs_test_point_evaluation_precompile_py__test_external_vectors_fork_Prague_state_test_versioned_hash_None_verify_kzg_proof_case_correct_proof_9b24f8997145435c_[0m
   [31m✖[0m [31mtests_eest_cancun_eip4844_blobs_test_point_evaluation_precompile_py__test_external_vectors_fork_Prague_state_test_versioned_hash_None_verify_kzg_proof_case_correct_proof_9b754afb690c47e1_[0m
   [31m✖[0m [31mtests_eest_cancun_eip4844_blobs_test_point_evaluation_precompile_py__test_external_vectors_fork_Prague_state_test_versioned_hash_None_verify_kzg_proof_case_correct_proof_a0be66af9a97ea52_[0m
   [31m✖[0m [31mtests_eest_cancun_eip4844_blobs_test_point_evaluation_precompile_py__test_external_vectors_fork_Prague_state_test_versioned_hash_None_verify_kzg_proof_case_correct_proof_af669445747d2585_[0m
   [31m✖[0m [31mtests_eest_cancun_eip4844_blobs_test_point_evaluation_precompile_py__test_external_vectors_fork_Prague_state_test_versioned_hash_None_verify_kzg_proof_case_correct_proof_af8b75f664ed7d43_[0m
   [31m✖[0m [31mtests_eest_cancun_eip4844_blobs_test_point_evaluation_precompile_py__test_external_vectors_fork_Prague_state_test_versioned_hash_None_verify_kzg_proof_case_correct_proof_b6cb6698327d9835_[0m
   [31m✖[0m [31mtests_eest_cancun_eip4844_blobs_test_point_evaluation_precompile_py__test_external_vectors_fork_Prague_state_test_versioned_hash_None_verify_kzg_proof_case_correct_proof_b6ec3736f9ff2c62_[0m
   [31m✖[0m [31mtests_eest_cancun_eip4844_blobs_test_point_evaluation_precompile_py__test_external_vectors_fork_Prague_state_test_versioned_hash_None_verify_kzg_proof_case_correct_proof_becf2e1641bbd4e6_[0m
   [31m✖[0m [31mtests_eest_cancun_eip4844_blobs_test_point_evaluation_precompile_py__test_external_vectors_fork_Prague_state_test_versioned_hash_None_verify_kzg_proof_case_correct_proof_c3d4322ec17fe7cd_[0m
   [31m✖[0m [31mtests_eest_cancun_eip4844_blobs_test_point_evaluation_precompile_py__test_external_vectors_fork_Prague_state_test_versioned_hash_None_verify_kzg_proof_case_correct_proof_c5e1490d672d026d_[0m
   [31m✖[0m [31mtests_eest_cancun_eip4844_blobs_test_point_evaluation_precompile_py__test_external_vectors_fork_Prague_state_test_versioned_hash_None_verify_kzg_proof_case_correct_proof_cae5d3491190b777_[0m
   [31m✖[0m [31mtests_eest_cancun_eip4844_blobs_test_point_evaluation_precompile_py__test_external_vectors_fork_Prague_state_test_versioned_hash_None_verify_kzg_proof_case_correct_proof_d0992bc0387790a4_[0m
   [31m✖[0m [31mtests_eest_cancun_eip4844_blobs_test_point_evaluation_precompile_py__test_external_vectors_fork_Prague_state_test_versioned_hash_None_verify_kzg_proof_case_correct_proof_d736268229bd87ec_[0m
   [31m✖[0m [31mtests_eest_cancun_eip4844_blobs_test_point_evaluation_precompile_py__test_external_vectors_fork_Prague_state_test_versioned_hash_None_verify_kzg_proof_case_correct_proof_e68d7111a2364a49_[0m
   [31m✖[0m [31mtests_eest_cancun_eip4844_blobs_test_point_evaluation_precompile_py__test_external_vectors_fork_Prague_state_test_versioned_hash_None_verify_kzg_proof_case_correct_proof_ed6b180ec759bcf6_[0m
   [31m✖[0m [31mtests_eest_cancun_eip4844_blobs_test_point_evaluation_precompile_py__test_external_vectors_fork_Prague_state_test_versioned_hash_None_verify_kzg_proof_case_correct_proof_f0ed3dc11cdeb130_[0m
   [31m✖[0m [31mtests_eest_cancun_eip4844_blobs_test_point_evaluation_precompile_py__test_external_vectors_fork_Prague_state_test_versioned_hash_None_verify_kzg_proof_case_correct_proof_f47eb9fc139f6bfd_[0m
   [31m✖[0m [31mtests_eest_cancun_eip4844_blobs_test_point_evaluation_precompile_py__test_external_vectors_fork_Prague_state_test_versioned_hash_None_verify_kzg_proof_case_correct_proof_f7f44e1e864aa967_[0m
   [31m✖[0m [31mtests_eest_cancun_eip4844_blobs_test_point_evaluation_precompile_py__test_external_vectors_fork_Prague_state_test_versioned_hash_None_verify_kzg_proof_case_correct_proof_ffa6e97b97146517_[0m
   [31m✖[0m [31mtests_eest_cancun_eip4844_blobs_test_point_evaluation_precompile_py__test_external_vectors_fork_Prague_state_test_versioned_hash_None_verify_kzg_proof_case_correct_proof_point_at_infinity_for_twos_poly_05c1f3685f3393f0_[0m
   [31m✖[0m [31mtests_eest_cancun_eip4844_blobs_test_point_evaluation_precompile_py__test_external_vectors_fork_Prague_state_test_versioned_hash_None_verify_kzg_proof_case_correct_proof_point_at_infinity_for_twos_poly_177b58dc7a46b08f_[0m
   [31m✖[0m [31mtests_eest_cancun_eip4844_blobs_test_point_evaluation_precompile_py__test_external_vectors_fork_Prague_state_test_versioned_hash_None_verify_kzg_proof_case_correct_proof_point_at_infinity_for_twos_poly_2b76dc9e3abf42f3_[0m
   [31m✖[0m [31mtests_eest_cancun_eip4844_blobs_test_point_evaluation_precompile_py__test_external_vectors_fork_Prague_state_test_versioned_hash_None_verify_kzg_proof_case_correct_proof_point_at_infinity_for_twos_poly_395cf6d697d1a743_[0m
   [31m✖[0m [31mtests_eest_cancun_eip4844_blobs_test_point_evaluation_precompile_py__test_external_vectors_fork_Prague_state_test_versioned_hash_None_verify_kzg_proof_case_correct_proof_point_at_infinity_for_twos_poly_585454b31673dd62_[0m
   [31m✖[0m [31mtests_eest_cancun_eip4844_blobs_test_point_evaluation_precompile_py__test_external_vectors_fork_Prague_state_test_versioned_hash_None_verify_kzg_proof_case_correct_proof_point_at_infinity_for_twos_poly_a0be66af9a97ea52_[0m
   [31m✖[0m [31mtests_eest_cancun_eip4844_blobs_test_point_evaluation_precompile_py__test_external_vectors_fork_Prague_state_test_versioned_hash_None_verify_kzg_proof_case_correct_proof_point_at_infinity_for_zero_poly_02e696ada7d4631d_[0m
   [31m✖[0m [31mtests_eest_cancun_eip4844_blobs_test_point_evaluation_precompile_py__test_external_vectors_fork_Prague_state_test_versioned_hash_None_verify_kzg_proof_case_correct_proof_point_at_infinity_for_zero_poly_0cf79b17cb5f4ea2_[0m
   [31m✖[0m [31mtests_eest_cancun_eip4844_blobs_test_point_evaluation_precompile_py__test_external_vectors_fork_Prague_state_test_versioned_hash_None_verify_kzg_proof_case_correct_proof_point_at_infinity_for_zero_poly_3208425794224c3f_[0m
   [31m✖[0m [31mtests_eest_cancun_eip4844_blobs_test_point_evaluation_precompile_py__test_external_vectors_fork_Prague_state_test_versioned_hash_None_verify_kzg_proof_case_correct_proof_point_at_infinity_for_zero_poly_3ac8dc31e9aa6a70_[0m
   [31m✖[0m [31mtests_eest_cancun_eip4844_blobs_test_point_evaluation_precompile_py__test_external_vectors_fork_Prague_state_test_versioned_hash_None_verify_kzg_proof_case_correct_proof_point_at_infinity_for_zero_poly_c3d4322ec17fe7cd_[0m
   [31m✖[0m [31mtests_eest_cancun_eip4844_blobs_test_point_evaluation_precompile_py__test_external_vectors_fork_Prague_state_test_versioned_hash_None_verify_kzg_proof_case_correct_proof_point_at_infinity_for_zero_poly_ffa6e97b97146517_[0m
   [31m✖[0m [31mtests_eest_cancun_eip4844_blobs_test_point_evaluation_precompile_py__test_external_vectors_fork_Prague_state_test_versioned_hash_None_verify_kzg_proof_case_incorrect_proof_02e696ada7d4631d_[0m
   [31m✖[0m [31mtests_eest_cancun_eip4844_blobs_test_point_evaluation_precompile_py__test_external_vectors_fork_Prague_state_test_versioned_hash_None_verify_kzg_proof_case_incorrect_proof_05c1f3685f3393f0_[0m
   [31m✖[0m [31mtests_eest_cancun_eip4844_blobs_test_point_evaluation_precompile_py__test_external_vectors_fork_Prague_state_test_versioned_hash_None_verify_kzg_proof_case_incorrect_proof_08f9e2f1cb3d39db_[0m
   [31m✖[0m [31mtests_eest_cancun_eip4844_blobs_test_point_evaluation_precompile_py__test_external_vectors_fork_Prague_state_test_versioned_hash_None_verify_kzg_proof_case_incorrect_proof_0cf79b17cb5f4ea2_[0m
   [31m✖[0m [31mtests_eest_cancun_eip4844_blobs_test_point_evaluation_precompile_py__test_external_vectors_fork_Prague_state_test_versioned_hash_None_verify_kzg_proof_case_incorrect_proof_177b58dc7a46b08f_[0m
   [31m✖[0m [31mtests_eest_cancun_eip4844_blobs_test_point_evaluation_precompile_py__test_external_vectors_fork_Prague_state_test_versioned_hash_None_verify_kzg_proof_case_incorrect_proof_1ce8e4f69d5df899_[0m
   [31m✖[0m [31mtests_eest_cancun_eip4844_blobs_test_point_evaluation_precompile_py__test_external_vectors_fork_Prague_state_test_versioned_hash_None_verify_kzg_proof_case_incorrect_proof_26b753dec0560daa_[0m
   [31m✖[0m [31mtests_eest_cancun_eip4844_blobs_test_point_evaluation_precompile_py__test_external_vectors_fork_Prague_state_test_versioned_hash_None_verify_kzg_proof_case_incorrect_proof_2b76dc9e3abf42f3_[0m
   [31m✖[0m [31mtests_eest_cancun_eip4844_blobs_test_point_evaluation_precompile_py__test_external_vectors_fork_Prague_state_test_versioned_hash_None_verify_kzg_proof_case_incorrect_proof_31ebd010e6098750_[0m
   [31m✖[0m [31mtests_eest_cancun_eip4844_blobs_test_point_evaluation_precompile_py__test_external_vectors_fork_Prague_state_test_versioned_hash_None_verify_kzg_proof_case_incorrect_proof_3208425794224c3f_[0m
   [31m✖[0m [31mtests_eest_cancun_eip4844_blobs_test_point_evaluation_precompile_py__test_external_vectors_fork_Prague_state_test_versioned_hash_None_verify_kzg_proof_case_incorrect_proof_36817bfd67de97a8_[0m
   [31m✖[0m [31mtests_eest_cancun_eip4844_blobs_test_point_evaluation_precompile_py__test_external_vectors_fork_Prague_state_test_versioned_hash_None_verify_kzg_proof_case_incorrect_proof_392169c16a2e5ef6_[0m
   [31m✖[0m [31mtests_eest_cancun_eip4844_blobs_test_point_evaluation_precompile_py__test_external_vectors_fork_Prague_state_test_versioned_hash_None_verify_kzg_proof_case_incorrect_proof_395cf6d697d1a743_[0m
   [31m✖[0m [31mtests_eest_cancun_eip4844_blobs_test_point_evaluation_precompile_py__test_external_vectors_fork_Prague_state_test_versioned_hash_None_verify_kzg_proof_case_incorrect_proof_3ac8dc31e9aa6a70_[0m
   [31m✖[0m [31mtests_eest_cancun_eip4844_blobs_test_point_evaluation_precompile_py__test_external_vectors_fork_Prague_state_test_versioned_hash_None_verify_kzg_proof_case_incorrect_proof_3c1e8b38219e3e12_[0m
   [31m✖[0m [31mtests_eest_cancun_eip4844_blobs_test_point_evaluation_precompile_py__test_external_vectors_fork_Prague_state_test_versioned_hash_None_verify_kzg_proof_case_incorrect_proof_3c87ec986c2656c2_[0m
   [31m✖[0m [31mtests_eest_cancun_eip4844_blobs_test_point_evaluation_precompile_py__test_external_vectors_fork_Prague_state_test_versioned_hash_None_verify_kzg_proof_case_incorrect_proof_3cd183d0bab85fb7_[0m
   [31m✖[0m [31mtests_eest_cancun_eip4844_blobs_test_point_evaluation_precompile_py__test_external_vectors_fork_Prague_state_test_versioned_hash_None_verify_kzg_proof_case_incorrect_proof_420f2a187ce77035_[0m
   [31m✖[0m [31mtests_eest_cancun_eip4844_blobs_test_point_evaluation_precompile_py__test_external_vectors_fork_Prague_state_test_versioned_hash_None_verify_kzg_proof_case_incorrect_proof_444b73ff54a19b44_[0m
   [31m✖[0m [31mtests_eest_cancun_eip4844_blobs_test_point_evaluation_precompile_py__test_external_vectors_fork_Prague_state_test_versioned_hash_None_verify_kzg_proof_case_incorrect_proof_53a9bdf4f75196da_[0m
   [31m✖[0m [31mtests_eest_cancun_eip4844_blobs_test_point_evaluation_precompile_py__test_external_vectors_fork_Prague_state_test_versioned_hash_None_verify_kzg_proof_case_incorrect_proof_585454b31673dd62_[0m
   [31m✖[0m [31mtests_eest_cancun_eip4844_blobs_test_point_evaluation_precompile_py__test_external_vectors_fork_Prague_state_test_versioned_hash_None_verify_kzg_proof_case_incorrect_proof_7db4f140a955dd1a_[0m
   [31m✖[0m [31mtests_eest_cancun_eip4844_blobs_test_point_evaluation_precompile_py__test_external_vectors_fork_Prague_state_test_versioned_hash_None_verify_kzg_proof_case_incorrect_proof_83e53423a2dd93fe_[0m
   [31m✖[0m [31mtests_eest_cancun_eip4844_blobs_test_point_evaluation_precompile_py__test_external_vectors_fork_Prague_state_test_versioned_hash_None_verify_kzg_proof_case_incorrect_proof_9b24f8997145435c_[0m
   [31m✖[0m [31mtests_eest_cancun_eip4844_blobs_test_point_evaluation_precompile_py__test_external_vectors_fork_Prague_state_test_versioned_hash_None_verify_kzg_proof_case_incorrect_proof_9b754afb690c47e1_[0m
   [31m✖[0m [31mtests_eest_cancun_eip4844_blobs_test_point_evaluation_precompile_py__test_external_vectors_fork_Prague_state_test_versioned_hash_None_verify_kzg_proof_case_incorrect_proof_a0be66af9a97ea52_[0m
   [31m✖[0m [31mtests_eest_cancun_eip4844_blobs_test_point_evaluation_precompile_py__test_external_vectors_fork_Prague_state_test_versioned_hash_None_verify_kzg_proof_case_incorrect_proof_af669445747d2585_[0m
   [31m✖[0m [31mtests_eest_cancun_eip4844_blobs_test_point_evaluation_precompile_py__test_external_vectors_fork_Prague_state_test_versioned_hash_None_verify_kzg_proof_case_incorrect_proof_af8b75f664ed7d43_[0m
   [31m✖[0m [31mtests_eest_cancun_eip4844_blobs_test_point_evaluation_precompile_py__test_external_vectors_fork_Prague_state_test_versioned_hash_None_verify_kzg_proof_case_incorrect_proof_b6cb6698327d9835_[0m
   [31m✖[0m [31mtests_eest_cancun_eip4844_blobs_test_point_evaluation_precompile_py__test_external_vectors_fork_Prague_state_test_versioned_hash_None_verify_kzg_proof_case_incorrect_proof_b6ec3736f9ff2c62_[0m
   [31m✖[0m [31mtests_eest_cancun_eip4844_blobs_test_point_evaluation_precompile_py__test_external_vectors_fork_Prague_state_test_versioned_hash_None_verify_kzg_proof_case_incorrect_proof_becf2e1641bbd4e6_[0m
   [31m✖[0m [31mtests_eest_cancun_eip4844_blobs_test_point_evaluation_precompile_py__test_external_vectors_fork_Prague_state_test_versioned_hash_None_verify_kzg_proof_case_incorrect_proof_c3d4322ec17fe7cd_[0m
   [31m✖[0m [31mtests_eest_cancun_eip4844_blobs_test_point_evaluation_precompile_py__test_external_vectors_fork_Prague_state_test_versioned_hash_None_verify_kzg_proof_case_incorrect_proof_c5e1490d672d026d_[0m
   [31m✖[0m [31mtests_eest_cancun_eip4844_blobs_test_point_evaluation_precompile_py__test_external_vectors_fork_Prague_state_test_versioned_hash_None_verify_kzg_proof_case_incorrect_proof_cae5d3491190b777_[0m
   [31m✖[0m [31mtests_eest_cancun_eip4844_blobs_test_point_evaluation_precompile_py__test_external_vectors_fork_Prague_state_test_versioned_hash_None_verify_kzg_proof_case_incorrect_proof_d0992bc0387790a4_[0m
   [31m✖[0m [31mtests_eest_cancun_eip4844_blobs_test_point_evaluation_precompile_py__test_external_vectors_fork_Prague_state_test_versioned_hash_None_verify_kzg_proof_case_incorrect_proof_d736268229bd87ec_[0m
   [31m✖[0m [31mtests_eest_cancun_eip4844_blobs_test_point_evaluation_precompile_py__test_external_vectors_fork_Prague_state_test_versioned_hash_None_verify_kzg_proof_case_incorrect_proof_e68d7111a2364a49_[0m
   [31m✖[0m [31mtests_eest_cancun_eip4844_blobs_test_point_evaluation_precompile_py__test_external_vectors_fork_Prague_state_test_versioned_hash_None_verify_kzg_proof_case_incorrect_proof_ed6b180ec759bcf6_[0m
   [31m✖[0m [31mtests_eest_cancun_eip4844_blobs_test_point_evaluation_precompile_py__test_external_vectors_fork_Prague_state_test_versioned_hash_None_verify_kzg_proof_case_incorrect_proof_f0ed3dc11cdeb130_[0m
   [31m✖[0m [31mtests_eest_cancun_eip4844_blobs_test_point_evaluation_precompile_py__test_external_vectors_fork_Prague_state_test_versioned_hash_None_verify_kzg_proof_case_incorrect_proof_f47eb9fc139f6bfd_[0m
   [31m✖[0m [31mtests_eest_cancun_eip4844_blobs_test_point_evaluation_precompile_py__test_external_vectors_fork_Prague_state_test_versioned_hash_None_verify_kzg_proof_case_incorrect_proof_f7f44e1e864aa967_[0m
   [31m✖[0m [31mtests_eest_cancun_eip4844_blobs_test_point_evaluation_precompile_py__test_external_vectors_fork_Prague_state_test_versioned_hash_None_verify_kzg_proof_case_incorrect_proof_ffa6e97b97146517_[0m
   [31m✖[0m [31mtests_eest_cancun_eip4844_blobs_test_point_evaluation_precompile_py__test_external_vectors_fork_Prague_state_test_versioned_hash_None_verify_kzg_proof_case_incorrect_proof_point_at_infinity_392169c16a2e5ef6_[0m
   [31m✖[0m [31mtests_eest_cancun_eip4844_blobs_test_point_evaluation_precompile_py__test_external_vectors_fork_Prague_state_test_versioned_hash_None_verify_kzg_proof_case_incorrect_proof_point_at_infinity_3c1e8b38219e3e12_[0m
   [31m✖[0m [31mtests_eest_cancun_eip4844_blobs_test_point_evaluation_precompile_py__test_external_vectors_fork_Prague_state_test_versioned_hash_None_verify_kzg_proof_case_incorrect_proof_point_at_infinity_3c87ec986c2656c2_[0m
   [31m✖[0m [31mtests_eest_cancun_eip4844_blobs_test_point_evaluation_precompile_py__test_external_vectors_fork_Prague_state_test_versioned_hash_None_verify_kzg_proof_case_incorrect_proof_point_at_infinity_420f2a187ce77035_[0m
   [31m✖[0m [31mtests_eest_cancun_eip4844_blobs_test_point_evaluation_precompile_py__test_external_vectors_fork_Prague_state_test_versioned_hash_None_verify_kzg_proof_case_incorrect_proof_point_at_infinity_83e53423a2dd93fe_[0m
   [31m✖[0m [31mtests_eest_cancun_eip4844_blobs_test_point_evaluation_precompile_py__test_external_vectors_fork_Prague_state_test_versioned_hash_None_verify_kzg_proof_case_incorrect_proof_point_at_infinity_ed6b180ec759bcf6_[0m
   [31m✖[0m [31mtests_eest_cancun_eip4844_blobs_test_point_evaluation_precompile_py__test_external_vectors_fork_Prague_state_test_versioned_hash_None_verify_kzg_proof_case_invalid_commitment_32afa9561a4b3b91_[0m
   [31m✖[0m [31mtests_eest_cancun_eip4844_blobs_test_point_evaluation_precompile_py__test_external_vectors_fork_Prague_state_test_versioned_hash_None_verify_kzg_proof_case_invalid_commitment_e9d3e9ec16fbc15f_[0m
   [31m✖[0m [31mtests_eest_cancun_eip4844_blobs_test_point_evaluation_precompile_py__test_external_vectors_fork_Prague_state_test_versioned_hash_None_verify_kzg_proof_case_invalid_proof_32afa9561a4b3b91_[0m
   [31m✖[0m [31mtests_eest_cancun_eip4844_blobs_test_point_evaluation_precompile_py__test_external_vectors_fork_Prague_state_test_versioned_hash_None_verify_kzg_proof_case_invalid_proof_e9d3e9ec16fbc15f_[0m
   [31m✖[0m [31mtests_eest_cancun_eip4844_blobs_test_point_evaluation_precompile_py__test_external_vectors_fork_Prague_state_test_versioned_hash_None_verify_kzg_proof_case_invalid_y_35d08d612aad2197_[0m
   [31m✖[0m [31mtests_eest_cancun_eip4844_blobs_test_point_evaluation_precompile_py__test_external_vectors_fork_Prague_state_test_versioned_hash_None_verify_kzg_proof_case_invalid_y_4aa6def8c35c9097_[0m
   [31m✖[0m [31mtests_eest_cancun_eip4844_blobs_test_point_evaluation_precompile_py__test_external_vectors_fork_Prague_state_test_versioned_hash_None_verify_kzg_proof_case_invalid_y_64b9ff2b8f7dddee_[0m
   [31m✖[0m [31mtests_eest_cancun_eip4844_blobs_test_point_evaluation_precompile_py__test_external_vectors_fork_Prague_state_test_versioned_hash_None_verify_kzg_proof_case_invalid_y_eb0601fec84cc5e9_[0m
   [31m✖[0m [31mtests_eest_cancun_eip4844_blobs_test_point_evaluation_precompile_py__test_external_vectors_fork_Prague_state_test_versioned_hash_None_verify_kzg_proof_case_invalid_z_35d08d612aad2197_[0m
   [31m✖[0m [31mtests_eest_cancun_eip4844_blobs_test_point_evaluation_precompile_py__test_external_vectors_fork_Prague_state_test_versioned_hash_None_verify_kzg_proof_case_invalid_z_4aa6def8c35c9097_[0m
   [31m✖[0m [31mtests_eest_cancun_eip4844_blobs_test_point_evaluation_precompile_py__test_external_vectors_fork_Prague_state_test_versioned_hash_None_verify_kzg_proof_case_invalid_z_64b9ff2b8f7dddee_[0m
   [31m✖[0m [31mtests_eest_cancun_eip4844_blobs_test_point_evaluation_precompile_py__test_external_vectors_fork_Prague_state_test_versioned_hash_None_verify_kzg_proof_case_invalid_z_eb0601fec84cc5e9_[0m
 [41m[37m FAIL [0m [37mgenerated.state_tests.eest.cancun.eip4844_blobs.point_evaluation_precompile.invalid_inputs[0m [31m8 failed[0m [2m|[0m [32m16 passed[0m [33m365.38 s[0m
   [31m✖[0m [31mtests_eest_cancun_eip4844_blobs_test_point_evaluation_precompile_py__test_invalid_inputs_fork_Cancun_state_test_result_Result_FAILURE_null_inputs_[0m
   [31m✖[0m [31mtests_eest_cancun_eip4844_blobs_test_point_evaluation_precompile_py__test_invalid_inputs_fork_Cancun_state_test_result_Result_FAILURE_out_of_bounds_y_[0m
   [31m✖[0m [31mtests_eest_cancun_eip4844_blobs_test_point_evaluation_precompile_py__test_invalid_inputs_fork_Cancun_state_test_result_Result_FAILURE_out_of_bounds_z_[0m
   [31m✖[0m [31mtests_eest_cancun_eip4844_blobs_test_point_evaluation_precompile_py__test_invalid_inputs_fork_Cancun_state_test_result_Result_FAILURE_zeros_inputs_correct_versioned_hash_[0m
   [31m✖[0m [31mtests_eest_cancun_eip4844_blobs_test_point_evaluation_precompile_py__test_invalid_inputs_fork_Prague_state_test_result_Result_FAILURE_null_inputs_[0m
   [31m✖[0m [31mtests_eest_cancun_eip4844_blobs_test_point_evaluation_precompile_py__test_invalid_inputs_fork_Prague_state_test_result_Result_FAILURE_out_of_bounds_y_[0m
   [31m✖[0m [31mtests_eest_cancun_eip4844_blobs_test_point_evaluation_precompile_py__test_invalid_inputs_fork_Prague_state_test_result_Result_FAILURE_out_of_bounds_z_[0m
   [31m✖[0m [31mtests_eest_cancun_eip4844_blobs_test_point_evaluation_precompile_py__test_invalid_inputs_fork_Prague_state_test_result_Result_FAILURE_zeros_inputs_correct_versioned_hash_[0m
 [41m[37m FAIL [0m [37mgenerated.state_tests.eest.cancun.eip4844_blobs.point_evaluation_precompile.precompile_before_fork[0m [31m1 failed[0m [90m537.64 ms[0m
   [31m✖[0m [31mtests_eest_cancun_eip4844_blobs_test_point_evaluation_precompile_py__test_precompile_before_fork_fork_Shanghai_state_test____correct_proof_[0m
 [41m[37m FAIL [0m [37mgenerated.state_tests.eest.cancun.eip4844_blobs.point_evaluation_precompile.tx_entry_point[0m [31m12 failed[0m [90m132.88 ms[0m
   [31m✖[0m [31mtests_eest_cancun_eip4844_blobs_test_point_evaluation_precompile_py__test_tx_entry_point_fork_Cancun_state_test_correct_proof_exact_gas_[0m
   [31m✖[0m [31mtests_eest_cancun_eip4844_blobs_test_point_evaluation_precompile_py__test_tx_entry_point_fork_Cancun_state_test_correct_proof_extra_gas_[0m
   [31m✖[0m [31mtests_eest_cancun_eip4844_blobs_test_point_evaluation_precompile_py__test_tx_entry_point_fork_Cancun_state_test_correct_proof_insufficient_gas_[0m
   [31m✖[0m [31mtests_eest_cancun_eip4844_blobs_test_point_evaluation_precompile_py__test_tx_entry_point_fork_Cancun_state_test_incorrect_proof_exact_gas_[0m
   [31m✖[0m [31mtests_eest_cancun_eip4844_blobs_test_point_evaluation_precompile_py__test_tx_entry_point_fork_Cancun_state_test_incorrect_proof_extra_gas_[0m
   [31m✖[0m [31mtests_eest_cancun_eip4844_blobs_test_point_evaluation_precompile_py__test_tx_entry_point_fork_Cancun_state_test_incorrect_proof_insufficient_gas_[0m
   [31m✖[0m [31mtests_eest_cancun_eip4844_blobs_test_point_evaluation_precompile_py__test_tx_entry_point_fork_Prague_state_test_correct_proof_exact_gas_[0m
   [31m✖[0m [31mtests_eest_cancun_eip4844_blobs_test_point_evaluation_precompile_py__test_tx_entry_point_fork_Prague_state_test_correct_proof_extra_gas_[0m
   [31m✖[0m [31mtests_eest_cancun_eip4844_blobs_test_point_evaluation_precompile_py__test_tx_entry_point_fork_Prague_state_test_correct_proof_insufficient_gas_[0m
   [31m✖[0m [31mtests_eest_cancun_eip4844_blobs_test_point_evaluation_precompile_py__test_tx_entry_point_fork_Prague_state_test_incorrect_proof_exact_gas_[0m
   [31m✖[0m [31mtests_eest_cancun_eip4844_blobs_test_point_evaluation_precompile_py__test_tx_entry_point_fork_Prague_state_test_incorrect_proof_extra_gas_[0m
   [31m✖[0m [31mtests_eest_cancun_eip4844_blobs_test_point_evaluation_precompile_py__test_tx_entry_point_fork_Prague_state_test_incorrect_proof_insufficient_gas_[0m
 [41m[37m FAIL [0m [37mgenerated.state_tests.eest.cancun.eip4844_blobs.point_evaluation_precompile.valid_inputs[0m [31m4 failed[0m [33m240.02 s[0m
   [31m✖[0m [31mtests_eest_cancun_eip4844_blobs_test_point_evaluation_precompile_py__test_valid_inputs_fork_Cancun_state_test_result_Result_SUCCESS_in_bounds_z_[0m
   [31m✖[0m [31mtests_eest_cancun_eip4844_blobs_test_point_evaluation_precompile_py__test_valid_inputs_fork_Cancun_state_test_result_Result_SUCCESS_mainnet_1_[0m
   [31m✖[0m [31mtests_eest_cancun_eip4844_blobs_test_point_evaluation_precompile_py__test_valid_inputs_fork_Prague_state_test_result_Result_SUCCESS_in_bounds_z_[0m
   [31m✖[0m [31mtests_eest_cancun_eip4844_blobs_test_point_evaluation_precompile_py__test_valid_inputs_fork_Prague_state_test_result_Result_SUCCESS_mainnet_1_[0m
 [41m[37m FAIL [0m [37mgenerated.state_tests.eest.cancun.eip4844_blobs.point_evaluation_precompile_gas.point_evaluation_precompile_gas_usage[0m [31m32 failed[0m [2m|[0m [32m16 passed[0m [33m1920.40 s[0m
   [31m✖[0m [31mtests_eest_cancun_eip4844_blobs_test_point_evaluation_precompile_gas_py__test_point_evaluation_precompile_gas_usage_fork_Cancun_state_test_proof_correct_exact_gas_call_type_CALLCODE_[0m
   [31m✖[0m [31mtests_eest_cancun_eip4844_blobs_test_point_evaluation_precompile_gas_py__test_point_evaluation_precompile_gas_usage_fork_Cancun_state_test_proof_correct_exact_gas_call_type_CALL_[0m
   [31m✖[0m [31mtests_eest_cancun_eip4844_blobs_test_point_evaluation_precompile_gas_py__test_point_evaluation_precompile_gas_usage_fork_Cancun_state_test_proof_correct_exact_gas_call_type_DELEGATECALL_[0m
   [31m✖[0m [31mtests_eest_cancun_eip4844_blobs_test_point_evaluation_precompile_gas_py__test_point_evaluation_precompile_gas_usage_fork_Cancun_state_test_proof_correct_exact_gas_call_type_STATICCALL_[0m
   [31m✖[0m [31mtests_eest_cancun_eip4844_blobs_test_point_evaluation_precompile_gas_py__test_point_evaluation_precompile_gas_usage_fork_Cancun_state_test_proof_correct_extra_gas_call_type_CALLCODE_[0m
   [31m✖[0m [31mtests_eest_cancun_eip4844_blobs_test_point_evaluation_precompile_gas_py__test_point_evaluation_precompile_gas_usage_fork_Cancun_state_test_proof_correct_extra_gas_call_type_CALL_[0m
   [31m✖[0m [31mtests_eest_cancun_eip4844_blobs_test_point_evaluation_precompile_gas_py__test_point_evaluation_precompile_gas_usage_fork_Cancun_state_test_proof_correct_extra_gas_call_type_DELEGATECALL_[0m
   [31m✖[0m [31mtests_eest_cancun_eip4844_blobs_test_point_evaluation_precompile_gas_py__test_point_evaluation_precompile_gas_usage_fork_Cancun_state_test_proof_correct_extra_gas_call_type_STATICCALL_[0m
   [31m✖[0m [31mtests_eest_cancun_eip4844_blobs_test_point_evaluation_precompile_gas_py__test_point_evaluation_precompile_gas_usage_fork_Cancun_state_test_proof_incorrect_exact_gas_call_type_CALLCODE_[0m
   [31m✖[0m [31mtests_eest_cancun_eip4844_blobs_test_point_evaluation_precompile_gas_py__test_point_evaluation_precompile_gas_usage_fork_Cancun_state_test_proof_incorrect_exact_gas_call_type_CALL_[0m
   [31m✖[0m [31mtests_eest_cancun_eip4844_blobs_test_point_evaluation_precompile_gas_py__test_point_evaluation_precompile_gas_usage_fork_Cancun_state_test_proof_incorrect_exact_gas_call_type_DELEGATECALL_[0m
   [31m✖[0m [31mtests_eest_cancun_eip4844_blobs_test_point_evaluation_precompile_gas_py__test_point_evaluation_precompile_gas_usage_fork_Cancun_state_test_proof_incorrect_exact_gas_call_type_STATICCALL_[0m
   [31m✖[0m [31mtests_eest_cancun_eip4844_blobs_test_point_evaluation_precompile_gas_py__test_point_evaluation_precompile_gas_usage_fork_Cancun_state_test_proof_incorrect_extra_gas_call_type_CALLCODE_[0m
   [31m✖[0m [31mtests_eest_cancun_eip4844_blobs_test_point_evaluation_precompile_gas_py__test_point_evaluation_precompile_gas_usage_fork_Cancun_state_test_proof_incorrect_extra_gas_call_type_CALL_[0m
   [31m✖[0m [31mtests_eest_cancun_eip4844_blobs_test_point_evaluation_precompile_gas_py__test_point_evaluation_precompile_gas_usage_fork_Cancun_state_test_proof_incorrect_extra_gas_call_type_DELEGATECALL_[0m
   [31m✖[0m [31mtests_eest_cancun_eip4844_blobs_test_point_evaluation_precompile_gas_py__test_point_evaluation_precompile_gas_usage_fork_Cancun_state_test_proof_incorrect_extra_gas_call_type_STATICCALL_[0m
   [31m✖[0m [31mtests_eest_cancun_eip4844_blobs_test_point_evaluation_precompile_gas_py__test_point_evaluation_precompile_gas_usage_fork_Prague_state_test_proof_correct_exact_gas_call_type_CALLCODE_[0m
   [31m✖[0m [31mtests_eest_cancun_eip4844_blobs_test_point_evaluation_precompile_gas_py__test_point_evaluation_precompile_gas_usage_fork_Prague_state_test_proof_correct_exact_gas_call_type_CALL_[0m
   [31m✖[0m [31mtests_eest_cancun_eip4844_blobs_test_point_evaluation_precompile_gas_py__test_point_evaluation_precompile_gas_usage_fork_Prague_state_test_proof_correct_exact_gas_call_type_DELEGATECALL_[0m
   [31m✖[0m [31mtests_eest_cancun_eip4844_blobs_test_point_evaluation_precompile_gas_py__test_point_evaluation_precompile_gas_usage_fork_Prague_state_test_proof_correct_exact_gas_call_type_STATICCALL_[0m
   [31m✖[0m [31mtests_eest_cancun_eip4844_blobs_test_point_evaluation_precompile_gas_py__test_point_evaluation_precompile_gas_usage_fork_Prague_state_test_proof_correct_extra_gas_call_type_CALLCODE_[0m
   [31m✖[0m [31mtests_eest_cancun_eip4844_blobs_test_point_evaluation_precompile_gas_py__test_point_evaluation_precompile_gas_usage_fork_Prague_state_test_proof_correct_extra_gas_call_type_CALL_[0m
   [31m✖[0m [31mtests_eest_cancun_eip4844_blobs_test_point_evaluation_precompile_gas_py__test_point_evaluation_precompile_gas_usage_fork_Prague_state_test_proof_correct_extra_gas_call_type_DELEGATECALL_[0m
   [31m✖[0m [31mtests_eest_cancun_eip4844_blobs_test_point_evaluation_precompile_gas_py__test_point_evaluation_precompile_gas_usage_fork_Prague_state_test_proof_correct_extra_gas_call_type_STATICCALL_[0m
   [31m✖[0m [31mtests_eest_cancun_eip4844_blobs_test_point_evaluation_precompile_gas_py__test_point_evaluation_precompile_gas_usage_fork_Prague_state_test_proof_incorrect_exact_gas_call_type_CALLCODE_[0m
   [31m✖[0m [31mtests_eest_cancun_eip4844_blobs_test_point_evaluation_precompile_gas_py__test_point_evaluation_precompile_gas_usage_fork_Prague_state_test_proof_incorrect_exact_gas_call_type_CALL_[0m
   [31m✖[0m [31mtests_eest_cancun_eip4844_blobs_test_point_evaluation_precompile_gas_py__test_point_evaluation_precompile_gas_usage_fork_Prague_state_test_proof_incorrect_exact_gas_call_type_DELEGATECALL_[0m
   [31m✖[0m [31mtests_eest_cancun_eip4844_blobs_test_point_evaluation_precompile_gas_py__test_point_evaluation_precompile_gas_usage_fork_Prague_state_test_proof_incorrect_exact_gas_call_type_STATICCALL_[0m
   [31m✖[0m [31mtests_eest_cancun_eip4844_blobs_test_point_evaluation_precompile_gas_py__test_point_evaluation_precompile_gas_usage_fork_Prague_state_test_proof_incorrect_extra_gas_call_type_CALLCODE_[0m
   [31m✖[0m [31mtests_eest_cancun_eip4844_blobs_test_point_evaluation_precompile_gas_py__test_point_evaluation_precompile_gas_usage_fork_Prague_state_test_proof_incorrect_extra_gas_call_type_CALL_[0m
   [31m✖[0m [31mtests_eest_cancun_eip4844_blobs_test_point_evaluation_precompile_gas_py__test_point_evaluation_precompile_gas_usage_fork_Prague_state_test_proof_incorrect_extra_gas_call_type_DELEGATECALL_[0m
   [31m✖[0m [31mtests_eest_cancun_eip4844_blobs_test_point_evaluation_precompile_gas_py__test_point_evaluation_precompile_gas_usage_fork_Prague_state_test_proof_incorrect_extra_gas_call_type_STATICCALL_[0m

[31m⎯⎯⎯⎯⎯⎯⎯⎯⎯⎯⎯⎯⎯⎯⎯⎯⎯⎯⎯⎯⎯⎯⎯⎯⎯⎯⎯⎯⎯⎯[0m
 [31mFailed Tests 301[0m
[31m⎯⎯⎯⎯⎯⎯⎯⎯⎯⎯⎯⎯⎯⎯⎯⎯⎯⎯⎯⎯⎯⎯⎯⎯⎯⎯⎯⎯⎯⎯[0m

 [101mFAIL[0m [37m› [0m[93mgenerated.state_tests.eest.cancun.eip4844_blobs.point_evaluation_precompile.call_opcode_types.test.tests_eest_cancun_eip4844_blobs_test_point_evaluation_precompile_py__test_call_opcode_types_fork_Cancun_call_opcode_CALL_evm_code_type_LEGACY_state_test__correct_[0m

      [31m✖ [0mtest timeout (60s)[0m

 [101mFAIL[0m [37m› [0m[93mgenerated.state_tests.eest.cancun.eip4844_blobs.point_evaluation_precompile.call_opcode_types.test.tests_eest_cancun_eip4844_blobs_test_point_evaluation_precompile_py__test_call_opcode_types_fork_Cancun_call_opcode_CALL_evm_code_type_LEGACY_state_test__incorrect_[0m

      [31m✖ [0mtest timeout (60s)[0m

 [101mFAIL[0m [37m› [0m[93mgenerated.state_tests.eest.cancun.eip4844_blobs.point_evaluation_precompile.call_opcode_types.test.tests_eest_cancun_eip4844_blobs_test_point_evaluation_precompile_py__test_call_opcode_types_fork_Cancun_call_opcode_CALLCODE_evm_code_type_LEGACY_state_test__correct_[0m

      [31m✖ [0mtest timeout (60s)[0m

 [101mFAIL[0m [37m› [0m[93mgenerated.state_tests.eest.cancun.eip4844_blobs.point_evaluation_precompile.call_opcode_types.test.tests_eest_cancun_eip4844_blobs_test_point_evaluation_precompile_py__test_call_opcode_types_fork_Cancun_call_opcode_CALLCODE_evm_code_type_LEGACY_state_test__incorrect_[0m

      [31m✖ [0mtest timeout (60s)[0m

 [101mFAIL[0m [37m› [0m[93mgenerated.state_tests.eest.cancun.eip4844_blobs.point_evaluation_precompile.call_opcode_types.test.tests_eest_cancun_eip4844_blobs_test_point_evaluation_precompile_py__test_call_opcode_types_fork_Cancun_call_opcode_DELEGATECALL_evm_code_type_LEGACY_state_test__correct_[0m

      [31m✖ [0mtest timeout (60s)[0m

 [101mFAIL[0m [37m› [0m[93mgenerated.state_tests.eest.cancun.eip4844_blobs.point_evaluation_precompile.call_opcode_types.test.tests_eest_cancun_eip4844_blobs_test_point_evaluation_precompile_py__test_call_opcode_types_fork_Cancun_call_opcode_DELEGATECALL_evm_code_type_LEGACY_state_test__incorrect_[0m

      [31m✖ [0mtest timeout (60s)[0m

 [101mFAIL[0m [37m› [0m[93mgenerated.state_tests.eest.cancun.eip4844_blobs.point_evaluation_precompile.call_opcode_types.test.tests_eest_cancun_eip4844_blobs_test_point_evaluation_precompile_py__test_call_opcode_types_fork_Cancun_call_opcode_STATICCALL_evm_code_type_LEGACY_state_test__correct_[0m

      [31m✖ [0mtest timeout (60s)[0m

 [101mFAIL[0m [37m› [0m[93mgenerated.state_tests.eest.cancun.eip4844_blobs.point_evaluation_precompile.call_opcode_types.test.tests_eest_cancun_eip4844_blobs_test_point_evaluation_precompile_py__test_call_opcode_types_fork_Cancun_call_opcode_STATICCALL_evm_code_type_LEGACY_state_test__incorrect_[0m

      [31m✖ [0mtest timeout (60s)[0m

 [101mFAIL[0m [37m› [0m[93mgenerated.state_tests.eest.cancun.eip4844_blobs.point_evaluation_precompile.call_opcode_types.test.tests_eest_cancun_eip4844_blobs_test_point_evaluation_precompile_py__test_call_opcode_types_fork_Prague_call_opcode_CALL_evm_code_type_LEGACY_state_test__correct_[0m

      [31m✖ [0mtest timeout (60s)[0m

 [101mFAIL[0m [37m› [0m[93mgenerated.state_tests.eest.cancun.eip4844_blobs.point_evaluation_precompile.call_opcode_types.test.tests_eest_cancun_eip4844_blobs_test_point_evaluation_precompile_py__test_call_opcode_types_fork_Prague_call_opcode_CALL_evm_code_type_LEGACY_state_test__incorrect_[0m

      [31m✖ [0mtest timeout (60s)[0m

 [101mFAIL[0m [37m› [0m[93mgenerated.state_tests.eest.cancun.eip4844_blobs.point_evaluation_precompile.call_opcode_types.test.tests_eest_cancun_eip4844_blobs_test_point_evaluation_precompile_py__test_call_opcode_types_fork_Prague_call_opcode_CALLCODE_evm_code_type_LEGACY_state_test__correct_[0m

      [31m✖ [0mtest timeout (60s)[0m

 [101mFAIL[0m [37m› [0m[93mgenerated.state_tests.eest.cancun.eip4844_blobs.point_evaluation_precompile.call_opcode_types.test.tests_eest_cancun_eip4844_blobs_test_point_evaluation_precompile_py__test_call_opcode_types_fork_Prague_call_opcode_CALLCODE_evm_code_type_LEGACY_state_test__incorrect_[0m

      [31m✖ [0mtest timeout (60s)[0m

 [101mFAIL[0m [37m› [0m[93mgenerated.state_tests.eest.cancun.eip4844_blobs.point_evaluation_precompile.call_opcode_types.test.tests_eest_cancun_eip4844_blobs_test_point_evaluation_precompile_py__test_call_opcode_types_fork_Prague_call_opcode_DELEGATECALL_evm_code_type_LEGACY_state_test__correct_[0m

      [31m✖ [0mtest timeout (60s)[0m

 [101mFAIL[0m [37m› [0m[93mgenerated.state_tests.eest.cancun.eip4844_blobs.point_evaluation_precompile.call_opcode_types.test.tests_eest_cancun_eip4844_blobs_test_point_evaluation_precompile_py__test_call_opcode_types_fork_Prague_call_opcode_DELEGATECALL_evm_code_type_LEGACY_state_test__incorrect_[0m

      [31m✖ [0mtest timeout (60s)[0m

 [101mFAIL[0m [37m› [0m[93mgenerated.state_tests.eest.cancun.eip4844_blobs.point_evaluation_precompile.call_opcode_types.test.tests_eest_cancun_eip4844_blobs_test_point_evaluation_precompile_py__test_call_opcode_types_fork_Prague_call_opcode_STATICCALL_evm_code_type_LEGACY_state_test__correct_[0m

      [31m✖ [0mtest timeout (60s)[0m

 [101mFAIL[0m [37m› [0m[93mgenerated.state_tests.eest.cancun.eip4844_blobs.point_evaluation_precompile.call_opcode_types.test.tests_eest_cancun_eip4844_blobs_test_point_evaluation_precompile_py__test_call_opcode_types_fork_Prague_call_opcode_STATICCALL_evm_code_type_LEGACY_state_test__incorrect_[0m

      [31m✖ [0mtest timeout (60s)[0m

 [101mFAIL[0m [37m› [0m[93mgenerated.state_tests.eest.cancun.eip4844_blobs.point_evaluation_precompile.external_vectors.test.tests_eest_cancun_eip4844_blobs_test_point_evaluation_precompile_py__test_external_vectors_fork_Cancun_state_test_versioned_hash_None_verify_kzg_proof_case_correct_proof_02e696ada7d4631d_[0m

      [31m✖ [0mtest timeout (60s)[0m

 [101mFAIL[0m [37m› [0m[93mgenerated.state_tests.eest.cancun.eip4844_blobs.point_evaluation_precompile.external_vectors.test.tests_eest_cancun_eip4844_blobs_test_point_evaluation_precompile_py__test_external_vectors_fork_Cancun_state_test_versioned_hash_None_verify_kzg_proof_case_correct_proof_05c1f3685f3393f0_[0m

      [31m✖ [0mtest timeout (60s)[0m

 [101mFAIL[0m [37m› [0m[93mgenerated.state_tests.eest.cancun.eip4844_blobs.point_evaluation_precompile.external_vectors.test.tests_eest_cancun_eip4844_blobs_test_point_evaluation_precompile_py__test_external_vectors_fork_Cancun_state_test_versioned_hash_None_verify_kzg_proof_case_correct_proof_08f9e2f1cb3d39db_[0m

      [31m✖ [0mtest timeout (60s)[0m

 [101mFAIL[0m [37m› [0m[93mgenerated.state_tests.eest.cancun.eip4844_blobs.point_evaluation_precompile.external_vectors.test.tests_eest_cancun_eip4844_blobs_test_point_evaluation_precompile_py__test_external_vectors_fork_Cancun_state_test_versioned_hash_None_verify_kzg_proof_case_correct_proof_0cf79b17cb5f4ea2_[0m

      [31m✖ [0mtest timeout (60s)[0m

 [101mFAIL[0m [37m› [0m[93mgenerated.state_tests.eest.cancun.eip4844_blobs.point_evaluation_precompile.external_vectors.test.tests_eest_cancun_eip4844_blobs_test_point_evaluation_precompile_py__test_external_vectors_fork_Cancun_state_test_versioned_hash_None_verify_kzg_proof_case_correct_proof_177b58dc7a46b08f_[0m

      [31m✖ [0mtest timeout (60s)[0m

 [101mFAIL[0m [37m› [0m[93mgenerated.state_tests.eest.cancun.eip4844_blobs.point_evaluation_precompile.external_vectors.test.tests_eest_cancun_eip4844_blobs_test_point_evaluation_precompile_py__test_external_vectors_fork_Cancun_state_test_versioned_hash_None_verify_kzg_proof_case_correct_proof_1ce8e4f69d5df899_[0m

      [31m✖ [0mtest timeout (60s)[0m

 [101mFAIL[0m [37m› [0m[93mgenerated.state_tests.eest.cancun.eip4844_blobs.point_evaluation_precompile.external_vectors.test.tests_eest_cancun_eip4844_blobs_test_point_evaluation_precompile_py__test_external_vectors_fork_Cancun_state_test_versioned_hash_None_verify_kzg_proof_case_correct_proof_26b753dec0560daa_[0m

      [31m✖ [0mtest timeout (60s)[0m

 [101mFAIL[0m [37m› [0m[93mgenerated.state_tests.eest.cancun.eip4844_blobs.point_evaluation_precompile.external_vectors.test.tests_eest_cancun_eip4844_blobs_test_point_evaluation_precompile_py__test_external_vectors_fork_Cancun_state_test_versioned_hash_None_verify_kzg_proof_case_correct_proof_2b76dc9e3abf42f3_[0m

      [31m✖ [0mtest timeout (60s)[0m

 [101mFAIL[0m [37m› [0m[93mgenerated.state_tests.eest.cancun.eip4844_blobs.point_evaluation_precompile.external_vectors.test.tests_eest_cancun_eip4844_blobs_test_point_evaluation_precompile_py__test_external_vectors_fork_Cancun_state_test_versioned_hash_None_verify_kzg_proof_case_correct_proof_31ebd010e6098750_[0m

      [31m✖ [0mtest timeout (60s)[0m

 [101mFAIL[0m [37m› [0m[93mgenerated.state_tests.eest.cancun.eip4844_blobs.point_evaluation_precompile.external_vectors.test.tests_eest_cancun_eip4844_blobs_test_point_evaluation_precompile_py__test_external_vectors_fork_Cancun_state_test_versioned_hash_None_verify_kzg_proof_case_correct_proof_3208425794224c3f_[0m

      [31m✖ [0mtest timeout (60s)[0m

 [101mFAIL[0m [37m› [0m[93mgenerated.state_tests.eest.cancun.eip4844_blobs.point_evaluation_precompile.external_vectors.test.tests_eest_cancun_eip4844_blobs_test_point_evaluation_precompile_py__test_external_vectors_fork_Cancun_state_test_versioned_hash_None_verify_kzg_proof_case_correct_proof_36817bfd67de97a8_[0m

      [31m✖ [0mtest timeout (60s)[0m

 [101mFAIL[0m [37m› [0m[93mgenerated.state_tests.eest.cancun.eip4844_blobs.point_evaluation_precompile.external_vectors.test.tests_eest_cancun_eip4844_blobs_test_point_evaluation_precompile_py__test_external_vectors_fork_Cancun_state_test_versioned_hash_None_verify_kzg_proof_case_correct_proof_392169c16a2e5ef6_[0m

      [31m✖ [0mtest timeout (60s)[0m

 [101mFAIL[0m [37m› [0m[93mgenerated.state_tests.eest.cancun.eip4844_blobs.point_evaluation_precompile.external_vectors.test.tests_eest_cancun_eip4844_blobs_test_point_evaluation_precompile_py__test_external_vectors_fork_Cancun_state_test_versioned_hash_None_verify_kzg_proof_case_correct_proof_395cf6d697d1a743_[0m

      [31m✖ [0mtest timeout (60s)[0m

 [101mFAIL[0m [37m› [0m[93mgenerated.state_tests.eest.cancun.eip4844_blobs.point_evaluation_precompile.external_vectors.test.tests_eest_cancun_eip4844_blobs_test_point_evaluation_precompile_py__test_external_vectors_fork_Cancun_state_test_versioned_hash_None_verify_kzg_proof_case_correct_proof_3ac8dc31e9aa6a70_[0m

      [31m✖ [0mtest timeout (60s)[0m

 [101mFAIL[0m [37m› [0m[93mgenerated.state_tests.eest.cancun.eip4844_blobs.point_evaluation_precompile.external_vectors.test.tests_eest_cancun_eip4844_blobs_test_point_evaluation_precompile_py__test_external_vectors_fork_Cancun_state_test_versioned_hash_None_verify_kzg_proof_case_correct_proof_3c1e8b38219e3e12_[0m

      [31m✖ [0mtest timeout (60s)[0m

 [101mFAIL[0m [37m› [0m[93mgenerated.state_tests.eest.cancun.eip4844_blobs.point_evaluation_precompile.external_vectors.test.tests_eest_cancun_eip4844_blobs_test_point_evaluation_precompile_py__test_external_vectors_fork_Cancun_state_test_versioned_hash_None_verify_kzg_proof_case_correct_proof_3c87ec986c2656c2_[0m

      [31m✖ [0mtest timeout (60s)[0m

 [101mFAIL[0m [37m› [0m[93mgenerated.state_tests.eest.cancun.eip4844_blobs.point_evaluation_precompile.external_vectors.test.tests_eest_cancun_eip4844_blobs_test_point_evaluation_precompile_py__test_external_vectors_fork_Cancun_state_test_versioned_hash_None_verify_kzg_proof_case_correct_proof_3cd183d0bab85fb7_[0m

      [31m✖ [0mtest timeout (60s)[0m

 [101mFAIL[0m [37m› [0m[93mgenerated.state_tests.eest.cancun.eip4844_blobs.point_evaluation_precompile.external_vectors.test.tests_eest_cancun_eip4844_blobs_test_point_evaluation_precompile_py__test_external_vectors_fork_Cancun_state_test_versioned_hash_None_verify_kzg_proof_case_correct_proof_420f2a187ce77035_[0m

      [31m✖ [0mtest timeout (60s)[0m

 [101mFAIL[0m [37m› [0m[93mgenerated.state_tests.eest.cancun.eip4844_blobs.point_evaluation_precompile.external_vectors.test.tests_eest_cancun_eip4844_blobs_test_point_evaluation_precompile_py__test_external_vectors_fork_Cancun_state_test_versioned_hash_None_verify_kzg_proof_case_correct_proof_444b73ff54a19b44_[0m

      [31m✖ [0mtest timeout (60s)[0m

 [101mFAIL[0m [37m› [0m[93mgenerated.state_tests.eest.cancun.eip4844_blobs.point_evaluation_precompile.external_vectors.test.tests_eest_cancun_eip4844_blobs_test_point_evaluation_precompile_py__test_external_vectors_fork_Cancun_state_test_versioned_hash_None_verify_kzg_proof_case_correct_proof_53a9bdf4f75196da_[0m

      [31m✖ [0mtest timeout (60s)[0m

 [101mFAIL[0m [37m› [0m[93mgenerated.state_tests.eest.cancun.eip4844_blobs.point_evaluation_precompile.external_vectors.test.tests_eest_cancun_eip4844_blobs_test_point_evaluation_precompile_py__test_external_vectors_fork_Cancun_state_test_versioned_hash_None_verify_kzg_proof_case_correct_proof_585454b31673dd62_[0m

      [31m✖ [0mtest timeout (60s)[0m

 [101mFAIL[0m [37m› [0m[93mgenerated.state_tests.eest.cancun.eip4844_blobs.point_evaluation_precompile.external_vectors.test.tests_eest_cancun_eip4844_blobs_test_point_evaluation_precompile_py__test_external_vectors_fork_Cancun_state_test_versioned_hash_None_verify_kzg_proof_case_correct_proof_7db4f140a955dd1a_[0m

      [31m✖ [0mtest timeout (60s)[0m

 [101mFAIL[0m [37m› [0m[93mgenerated.state_tests.eest.cancun.eip4844_blobs.point_evaluation_precompile.external_vectors.test.tests_eest_cancun_eip4844_blobs_test_point_evaluation_precompile_py__test_external_vectors_fork_Cancun_state_test_versioned_hash_None_verify_kzg_proof_case_correct_proof_83e53423a2dd93fe_[0m

      [31m✖ [0mtest timeout (60s)[0m

 [101mFAIL[0m [37m› [0m[93mgenerated.state_tests.eest.cancun.eip4844_blobs.point_evaluation_precompile.external_vectors.test.tests_eest_cancun_eip4844_blobs_test_point_evaluation_precompile_py__test_external_vectors_fork_Cancun_state_test_versioned_hash_None_verify_kzg_proof_case_correct_proof_9b24f8997145435c_[0m

      [31m✖ [0mtest timeout (60s)[0m

 [101mFAIL[0m [37m› [0m[93mgenerated.state_tests.eest.cancun.eip4844_blobs.point_evaluation_precompile.external_vectors.test.tests_eest_cancun_eip4844_blobs_test_point_evaluation_precompile_py__test_external_vectors_fork_Cancun_state_test_versioned_hash_None_verify_kzg_proof_case_correct_proof_9b754afb690c47e1_[0m

      [31m✖ [0mtest timeout (60s)[0m

 [101mFAIL[0m [37m› [0m[93mgenerated.state_tests.eest.cancun.eip4844_blobs.point_evaluation_precompile.external_vectors.test.tests_eest_cancun_eip4844_blobs_test_point_evaluation_precompile_py__test_external_vectors_fork_Cancun_state_test_versioned_hash_None_verify_kzg_proof_case_correct_proof_a0be66af9a97ea52_[0m

      [31m✖ [0mtest timeout (60s)[0m

 [101mFAIL[0m [37m› [0m[93mgenerated.state_tests.eest.cancun.eip4844_blobs.point_evaluation_precompile.external_vectors.test.tests_eest_cancun_eip4844_blobs_test_point_evaluation_precompile_py__test_external_vectors_fork_Cancun_state_test_versioned_hash_None_verify_kzg_proof_case_correct_proof_af669445747d2585_[0m

      [31m✖ [0mtest timeout (60s)[0m

 [101mFAIL[0m [37m› [0m[93mgenerated.state_tests.eest.cancun.eip4844_blobs.point_evaluation_precompile.external_vectors.test.tests_eest_cancun_eip4844_blobs_test_point_evaluation_precompile_py__test_external_vectors_fork_Cancun_state_test_versioned_hash_None_verify_kzg_proof_case_correct_proof_af8b75f664ed7d43_[0m

      [31m✖ [0mtest timeout (60s)[0m

 [101mFAIL[0m [37m› [0m[93mgenerated.state_tests.eest.cancun.eip4844_blobs.point_evaluation_precompile.external_vectors.test.tests_eest_cancun_eip4844_blobs_test_point_evaluation_precompile_py__test_external_vectors_fork_Cancun_state_test_versioned_hash_None_verify_kzg_proof_case_correct_proof_b6cb6698327d9835_[0m

      [31m✖ [0mtest timeout (60s)[0m

 [101mFAIL[0m [37m› [0m[93mgenerated.state_tests.eest.cancun.eip4844_blobs.point_evaluation_precompile.external_vectors.test.tests_eest_cancun_eip4844_blobs_test_point_evaluation_precompile_py__test_external_vectors_fork_Cancun_state_test_versioned_hash_None_verify_kzg_proof_case_correct_proof_b6ec3736f9ff2c62_[0m

      [31m✖ [0mtest timeout (60s)[0m

 [101mFAIL[0m [37m› [0m[93mgenerated.state_tests.eest.cancun.eip4844_blobs.point_evaluation_precompile.external_vectors.test.tests_eest_cancun_eip4844_blobs_test_point_evaluation_precompile_py__test_external_vectors_fork_Cancun_state_test_versioned_hash_None_verify_kzg_proof_case_correct_proof_becf2e1641bbd4e6_[0m

      [31m✖ [0mtest timeout (60s)[0m

 [101mFAIL[0m [37m› [0m[93mgenerated.state_tests.eest.cancun.eip4844_blobs.point_evaluation_precompile.external_vectors.test.tests_eest_cancun_eip4844_blobs_test_point_evaluation_precompile_py__test_external_vectors_fork_Cancun_state_test_versioned_hash_None_verify_kzg_proof_case_correct_proof_c3d4322ec17fe7cd_[0m

      [31m✖ [0mtest timeout (60s)[0m

 [101mFAIL[0m [37m› [0m[93mgenerated.state_tests.eest.cancun.eip4844_blobs.point_evaluation_precompile.external_vectors.test.tests_eest_cancun_eip4844_blobs_test_point_evaluation_precompile_py__test_external_vectors_fork_Cancun_state_test_versioned_hash_None_verify_kzg_proof_case_correct_proof_c5e1490d672d026d_[0m

      [31m✖ [0mtest timeout (60s)[0m

 [101mFAIL[0m [37m› [0m[93mgenerated.state_tests.eest.cancun.eip4844_blobs.point_evaluation_precompile.external_vectors.test.tests_eest_cancun_eip4844_blobs_test_point_evaluation_precompile_py__test_external_vectors_fork_Cancun_state_test_versioned_hash_None_verify_kzg_proof_case_correct_proof_cae5d3491190b777_[0m

      [31m✖ [0mtest timeout (60s)[0m

 [101mFAIL[0m [37m› [0m[93mgenerated.state_tests.eest.cancun.eip4844_blobs.point_evaluation_precompile.external_vectors.test.tests_eest_cancun_eip4844_blobs_test_point_evaluation_precompile_py__test_external_vectors_fork_Cancun_state_test_versioned_hash_None_verify_kzg_proof_case_correct_proof_d0992bc0387790a4_[0m

      [31m✖ [0mtest timeout (60s)[0m

 [101mFAIL[0m [37m› [0m[93mgenerated.state_tests.eest.cancun.eip4844_blobs.point_evaluation_precompile.external_vectors.test.tests_eest_cancun_eip4844_blobs_test_point_evaluation_precompile_py__test_external_vectors_fork_Cancun_state_test_versioned_hash_None_verify_kzg_proof_case_correct_proof_d736268229bd87ec_[0m

      [31m✖ [0mtest timeout (60s)[0m

 [101mFAIL[0m [37m› [0m[93mgenerated.state_tests.eest.cancun.eip4844_blobs.point_evaluation_precompile.external_vectors.test.tests_eest_cancun_eip4844_blobs_test_point_evaluation_precompile_py__test_external_vectors_fork_Cancun_state_test_versioned_hash_None_verify_kzg_proof_case_correct_proof_e68d7111a2364a49_[0m

      [31m✖ [0mtest timeout (60s)[0m

 [101mFAIL[0m [37m› [0m[93mgenerated.state_tests.eest.cancun.eip4844_blobs.point_evaluation_precompile.external_vectors.test.tests_eest_cancun_eip4844_blobs_test_point_evaluation_precompile_py__test_external_vectors_fork_Cancun_state_test_versioned_hash_None_verify_kzg_proof_case_correct_proof_ed6b180ec759bcf6_[0m

      [31m✖ [0mtest timeout (60s)[0m

 [101mFAIL[0m [37m› [0m[93mgenerated.state_tests.eest.cancun.eip4844_blobs.point_evaluation_precompile.external_vectors.test.tests_eest_cancun_eip4844_blobs_test_point_evaluation_precompile_py__test_external_vectors_fork_Cancun_state_test_versioned_hash_None_verify_kzg_proof_case_correct_proof_f0ed3dc11cdeb130_[0m

      [31m✖ [0mtest timeout (60s)[0m

 [101mFAIL[0m [37m› [0m[93mgenerated.state_tests.eest.cancun.eip4844_blobs.point_evaluation_precompile.external_vectors.test.tests_eest_cancun_eip4844_blobs_test_point_evaluation_precompile_py__test_external_vectors_fork_Cancun_state_test_versioned_hash_None_verify_kzg_proof_case_correct_proof_f47eb9fc139f6bfd_[0m

      [31m✖ [0mtest timeout (60s)[0m

 [101mFAIL[0m [37m› [0m[93mgenerated.state_tests.eest.cancun.eip4844_blobs.point_evaluation_precompile.external_vectors.test.tests_eest_cancun_eip4844_blobs_test_point_evaluation_precompile_py__test_external_vectors_fork_Cancun_state_test_versioned_hash_None_verify_kzg_proof_case_correct_proof_f7f44e1e864aa967_[0m

      [31m✖ [0mtest timeout (60s)[0m

 [101mFAIL[0m [37m› [0m[93mgenerated.state_tests.eest.cancun.eip4844_blobs.point_evaluation_precompile.external_vectors.test.tests_eest_cancun_eip4844_blobs_test_point_evaluation_precompile_py__test_external_vectors_fork_Cancun_state_test_versioned_hash_None_verify_kzg_proof_case_correct_proof_ffa6e97b97146517_[0m

      [31m✖ [0mtest timeout (60s)[0m

 [101mFAIL[0m [37m› [0m[93mgenerated.state_tests.eest.cancun.eip4844_blobs.point_evaluation_precompile.external_vectors.test.tests_eest_cancun_eip4844_blobs_test_point_evaluation_precompile_py__test_external_vectors_fork_Cancun_state_test_versioned_hash_None_verify_kzg_proof_case_correct_proof_point_at_infinity_for_twos_poly_05c1f3685f3393f0_[0m

      [31m✖ [0mtest timeout (60s)[0m

 [101mFAIL[0m [37m› [0m[93mgenerated.state_tests.eest.cancun.eip4844_blobs.point_evaluation_precompile.external_vectors.test.tests_eest_cancun_eip4844_blobs_test_point_evaluation_precompile_py__test_external_vectors_fork_Cancun_state_test_versioned_hash_None_verify_kzg_proof_case_correct_proof_point_at_infinity_for_twos_poly_177b58dc7a46b08f_[0m

      [31m✖ [0mtest timeout (60s)[0m

 [101mFAIL[0m [37m› [0m[93mgenerated.state_tests.eest.cancun.eip4844_blobs.point_evaluation_precompile.external_vectors.test.tests_eest_cancun_eip4844_blobs_test_point_evaluation_precompile_py__test_external_vectors_fork_Cancun_state_test_versioned_hash_None_verify_kzg_proof_case_correct_proof_point_at_infinity_for_twos_poly_2b76dc9e3abf42f3_[0m

      [31m✖ [0mtest timeout (60s)[0m

 [101mFAIL[0m [37m› [0m[93mgenerated.state_tests.eest.cancun.eip4844_blobs.point_evaluation_precompile.external_vectors.test.tests_eest_cancun_eip4844_blobs_test_point_evaluation_precompile_py__test_external_vectors_fork_Cancun_state_test_versioned_hash_None_verify_kzg_proof_case_correct_proof_point_at_infinity_for_twos_poly_395cf6d697d1a743_[0m

      [31m✖ [0mtest timeout (60s)[0m

 [101mFAIL[0m [37m› [0m[93mgenerated.state_tests.eest.cancun.eip4844_blobs.point_evaluation_precompile.external_vectors.test.tests_eest_cancun_eip4844_blobs_test_point_evaluation_precompile_py__test_external_vectors_fork_Cancun_state_test_versioned_hash_None_verify_kzg_proof_case_correct_proof_point_at_infinity_for_twos_poly_585454b31673dd62_[0m

      [31m✖ [0mtest timeout (60s)[0m

 [101mFAIL[0m [37m› [0m[93mgenerated.state_tests.eest.cancun.eip4844_blobs.point_evaluation_precompile.external_vectors.test.tests_eest_cancun_eip4844_blobs_test_point_evaluation_precompile_py__test_external_vectors_fork_Cancun_state_test_versioned_hash_None_verify_kzg_proof_case_correct_proof_point_at_infinity_for_twos_poly_a0be66af9a97ea52_[0m

      [31m✖ [0mtest timeout (60s)[0m

 [101mFAIL[0m [37m› [0m[93mgenerated.state_tests.eest.cancun.eip4844_blobs.point_evaluation_precompile.external_vectors.test.tests_eest_cancun_eip4844_blobs_test_point_evaluation_precompile_py__test_external_vectors_fork_Cancun_state_test_versioned_hash_None_verify_kzg_proof_case_correct_proof_point_at_infinity_for_zero_poly_02e696ada7d4631d_[0m

      [31m✖ [0mtest timeout (60s)[0m

 [101mFAIL[0m [37m› [0m[93mgenerated.state_tests.eest.cancun.eip4844_blobs.point_evaluation_precompile.external_vectors.test.tests_eest_cancun_eip4844_blobs_test_point_evaluation_precompile_py__test_external_vectors_fork_Cancun_state_test_versioned_hash_None_verify_kzg_proof_case_correct_proof_point_at_infinity_for_zero_poly_0cf79b17cb5f4ea2_[0m

      [31m✖ [0mtest timeout (60s)[0m

 [101mFAIL[0m [37m› [0m[93mgenerated.state_tests.eest.cancun.eip4844_blobs.point_evaluation_precompile.external_vectors.test.tests_eest_cancun_eip4844_blobs_test_point_evaluation_precompile_py__test_external_vectors_fork_Cancun_state_test_versioned_hash_None_verify_kzg_proof_case_correct_proof_point_at_infinity_for_zero_poly_3208425794224c3f_[0m

      [31m✖ [0mtest timeout (60s)[0m

 [101mFAIL[0m [37m› [0m[93mgenerated.state_tests.eest.cancun.eip4844_blobs.point_evaluation_precompile.external_vectors.test.tests_eest_cancun_eip4844_blobs_test_point_evaluation_precompile_py__test_external_vectors_fork_Cancun_state_test_versioned_hash_None_verify_kzg_proof_case_correct_proof_point_at_infinity_for_zero_poly_3ac8dc31e9aa6a70_[0m

      [31m✖ [0mtest timeout (60s)[0m

 [101mFAIL[0m [37m› [0m[93mgenerated.state_tests.eest.cancun.eip4844_blobs.point_evaluation_precompile.external_vectors.test.tests_eest_cancun_eip4844_blobs_test_point_evaluation_precompile_py__test_external_vectors_fork_Cancun_state_test_versioned_hash_None_verify_kzg_proof_case_correct_proof_point_at_infinity_for_zero_poly_c3d4322ec17fe7cd_[0m

      [31m✖ [0mtest timeout (60s)[0m

 [101mFAIL[0m [37m› [0m[93mgenerated.state_tests.eest.cancun.eip4844_blobs.point_evaluation_precompile.external_vectors.test.tests_eest_cancun_eip4844_blobs_test_point_evaluation_precompile_py__test_external_vectors_fork_Cancun_state_test_versioned_hash_None_verify_kzg_proof_case_correct_proof_point_at_infinity_for_zero_poly_ffa6e97b97146517_[0m

      [31m✖ [0mtest timeout (60s)[0m

 [101mFAIL[0m [37m› [0m[93mgenerated.state_tests.eest.cancun.eip4844_blobs.point_evaluation_precompile.external_vectors.test.tests_eest_cancun_eip4844_blobs_test_point_evaluation_precompile_py__test_external_vectors_fork_Cancun_state_test_versioned_hash_None_verify_kzg_proof_case_incorrect_proof_02e696ada7d4631d_[0m

      [31m✖ [0mtest timeout (60s)[0m

 [101mFAIL[0m [37m› [0m[93mgenerated.state_tests.eest.cancun.eip4844_blobs.point_evaluation_precompile.external_vectors.test.tests_eest_cancun_eip4844_blobs_test_point_evaluation_precompile_py__test_external_vectors_fork_Cancun_state_test_versioned_hash_None_verify_kzg_proof_case_incorrect_proof_05c1f3685f3393f0_[0m

      [31m✖ [0mtest timeout (60s)[0m

 [101mFAIL[0m [37m› [0m[93mgenerated.state_tests.eest.cancun.eip4844_blobs.point_evaluation_precompile.external_vectors.test.tests_eest_cancun_eip4844_blobs_test_point_evaluation_precompile_py__test_external_vectors_fork_Cancun_state_test_versioned_hash_None_verify_kzg_proof_case_incorrect_proof_08f9e2f1cb3d39db_[0m

      [31m✖ [0mtest timeout (60s)[0m

 [101mFAIL[0m [37m› [0m[93mgenerated.state_tests.eest.cancun.eip4844_blobs.point_evaluation_precompile.external_vectors.test.tests_eest_cancun_eip4844_blobs_test_point_evaluation_precompile_py__test_external_vectors_fork_Cancun_state_test_versioned_hash_None_verify_kzg_proof_case_incorrect_proof_0cf79b17cb5f4ea2_[0m

      [31m✖ [0mtest timeout (60s)[0m

 [101mFAIL[0m [37m› [0m[93mgenerated.state_tests.eest.cancun.eip4844_blobs.point_evaluation_precompile.external_vectors.test.tests_eest_cancun_eip4844_blobs_test_point_evaluation_precompile_py__test_external_vectors_fork_Cancun_state_test_versioned_hash_None_verify_kzg_proof_case_incorrect_proof_177b58dc7a46b08f_[0m

      [31m✖ [0mtest timeout (60s)[0m

 [101mFAIL[0m [37m› [0m[93mgenerated.state_tests.eest.cancun.eip4844_blobs.point_evaluation_precompile.external_vectors.test.tests_eest_cancun_eip4844_blobs_test_point_evaluation_precompile_py__test_external_vectors_fork_Cancun_state_test_versioned_hash_None_verify_kzg_proof_case_incorrect_proof_1ce8e4f69d5df899_[0m

      [31m✖ [0mtest timeout (60s)[0m

 [101mFAIL[0m [37m› [0m[93mgenerated.state_tests.eest.cancun.eip4844_blobs.point_evaluation_precompile.external_vectors.test.tests_eest_cancun_eip4844_blobs_test_point_evaluation_precompile_py__test_external_vectors_fork_Cancun_state_test_versioned_hash_None_verify_kzg_proof_case_incorrect_proof_26b753dec0560daa_[0m

      [31m✖ [0mtest timeout (60s)[0m

 [101mFAIL[0m [37m› [0m[93mgenerated.state_tests.eest.cancun.eip4844_blobs.point_evaluation_precompile.external_vectors.test.tests_eest_cancun_eip4844_blobs_test_point_evaluation_precompile_py__test_external_vectors_fork_Cancun_state_test_versioned_hash_None_verify_kzg_proof_case_incorrect_proof_2b76dc9e3abf42f3_[0m

      [31m✖ [0mtest timeout (60s)[0m

 [101mFAIL[0m [37m› [0m[93mgenerated.state_tests.eest.cancun.eip4844_blobs.point_evaluation_precompile.external_vectors.test.tests_eest_cancun_eip4844_blobs_test_point_evaluation_precompile_py__test_external_vectors_fork_Cancun_state_test_versioned_hash_None_verify_kzg_proof_case_incorrect_proof_31ebd010e6098750_[0m

      [31m✖ [0mtest timeout (60s)[0m

 [101mFAIL[0m [37m› [0m[93mgenerated.state_tests.eest.cancun.eip4844_blobs.point_evaluation_precompile.external_vectors.test.tests_eest_cancun_eip4844_blobs_test_point_evaluation_precompile_py__test_external_vectors_fork_Cancun_state_test_versioned_hash_None_verify_kzg_proof_case_incorrect_proof_3208425794224c3f_[0m

      [31m✖ [0mtest timeout (60s)[0m

 [101mFAIL[0m [37m› [0m[93mgenerated.state_tests.eest.cancun.eip4844_blobs.point_evaluation_precompile.external_vectors.test.tests_eest_cancun_eip4844_blobs_test_point_evaluation_precompile_py__test_external_vectors_fork_Cancun_state_test_versioned_hash_None_verify_kzg_proof_case_incorrect_proof_36817bfd67de97a8_[0m

      [31m✖ [0mtest timeout (60s)[0m

 [101mFAIL[0m [37m› [0m[93mgenerated.state_tests.eest.cancun.eip4844_blobs.point_evaluation_precompile.external_vectors.test.tests_eest_cancun_eip4844_blobs_test_point_evaluation_precompile_py__test_external_vectors_fork_Cancun_state_test_versioned_hash_None_verify_kzg_proof_case_incorrect_proof_392169c16a2e5ef6_[0m

      [31m✖ [0mtest timeout (60s)[0m

 [101mFAIL[0m [37m› [0m[93mgenerated.state_tests.eest.cancun.eip4844_blobs.point_evaluation_precompile.external_vectors.test.tests_eest_cancun_eip4844_blobs_test_point_evaluation_precompile_py__test_external_vectors_fork_Cancun_state_test_versioned_hash_None_verify_kzg_proof_case_incorrect_proof_395cf6d697d1a743_[0m

      [31m✖ [0mtest timeout (60s)[0m

 [101mFAIL[0m [37m› [0m[93mgenerated.state_tests.eest.cancun.eip4844_blobs.point_evaluation_precompile.external_vectors.test.tests_eest_cancun_eip4844_blobs_test_point_evaluation_precompile_py__test_external_vectors_fork_Cancun_state_test_versioned_hash_None_verify_kzg_proof_case_incorrect_proof_3ac8dc31e9aa6a70_[0m

      [31m✖ [0mtest timeout (60s)[0m

 [101mFAIL[0m [37m› [0m[93mgenerated.state_tests.eest.cancun.eip4844_blobs.point_evaluation_precompile.external_vectors.test.tests_eest_cancun_eip4844_blobs_test_point_evaluation_precompile_py__test_external_vectors_fork_Cancun_state_test_versioned_hash_None_verify_kzg_proof_case_incorrect_proof_3c1e8b38219e3e12_[0m

      [31m✖ [0mtest timeout (60s)[0m

 [101mFAIL[0m [37m› [0m[93mgenerated.state_tests.eest.cancun.eip4844_blobs.point_evaluation_precompile.external_vectors.test.tests_eest_cancun_eip4844_blobs_test_point_evaluation_precompile_py__test_external_vectors_fork_Cancun_state_test_versioned_hash_None_verify_kzg_proof_case_incorrect_proof_3c87ec986c2656c2_[0m

      [31m✖ [0mtest timeout (60s)[0m

 [101mFAIL[0m [37m› [0m[93mgenerated.state_tests.eest.cancun.eip4844_blobs.point_evaluation_precompile.external_vectors.test.tests_eest_cancun_eip4844_blobs_test_point_evaluation_precompile_py__test_external_vectors_fork_Cancun_state_test_versioned_hash_None_verify_kzg_proof_case_incorrect_proof_3cd183d0bab85fb7_[0m

      [31m✖ [0mtest timeout (60s)[0m

 [101mFAIL[0m [37m› [0m[93mgenerated.state_tests.eest.cancun.eip4844_blobs.point_evaluation_precompile.external_vectors.test.tests_eest_cancun_eip4844_blobs_test_point_evaluation_precompile_py__test_external_vectors_fork_Cancun_state_test_versioned_hash_None_verify_kzg_proof_case_incorrect_proof_420f2a187ce77035_[0m

      [31m✖ [0mtest timeout (60s)[0m

 [101mFAIL[0m [37m› [0m[93mgenerated.state_tests.eest.cancun.eip4844_blobs.point_evaluation_precompile.external_vectors.test.tests_eest_cancun_eip4844_blobs_test_point_evaluation_precompile_py__test_external_vectors_fork_Cancun_state_test_versioned_hash_None_verify_kzg_proof_case_incorrect_proof_444b73ff54a19b44_[0m

      [31m✖ [0mtest timeout (60s)[0m

 [101mFAIL[0m [37m› [0m[93mgenerated.state_tests.eest.cancun.eip4844_blobs.point_evaluation_precompile.external_vectors.test.tests_eest_cancun_eip4844_blobs_test_point_evaluation_precompile_py__test_external_vectors_fork_Cancun_state_test_versioned_hash_None_verify_kzg_proof_case_incorrect_proof_53a9bdf4f75196da_[0m

      [31m✖ [0mtest timeout (60s)[0m

 [101mFAIL[0m [37m› [0m[93mgenerated.state_tests.eest.cancun.eip4844_blobs.point_evaluation_precompile.external_vectors.test.tests_eest_cancun_eip4844_blobs_test_point_evaluation_precompile_py__test_external_vectors_fork_Cancun_state_test_versioned_hash_None_verify_kzg_proof_case_incorrect_proof_585454b31673dd62_[0m

      [31m✖ [0mtest timeout (60s)[0m

 [101mFAIL[0m [37m› [0m[93mgenerated.state_tests.eest.cancun.eip4844_blobs.point_evaluation_precompile.external_vectors.test.tests_eest_cancun_eip4844_blobs_test_point_evaluation_precompile_py__test_external_vectors_fork_Cancun_state_test_versioned_hash_None_verify_kzg_proof_case_incorrect_proof_7db4f140a955dd1a_[0m

      [31m✖ [0mtest timeout (60s)[0m

 [101mFAIL[0m [37m› [0m[93mgenerated.state_tests.eest.cancun.eip4844_blobs.point_evaluation_precompile.external_vectors.test.tests_eest_cancun_eip4844_blobs_test_point_evaluation_precompile_py__test_external_vectors_fork_Cancun_state_test_versioned_hash_None_verify_kzg_proof_case_incorrect_proof_83e53423a2dd93fe_[0m

      [31m✖ [0mtest timeout (60s)[0m

 [101mFAIL[0m [37m› [0m[93mgenerated.state_tests.eest.cancun.eip4844_blobs.point_evaluation_precompile.external_vectors.test.tests_eest_cancun_eip4844_blobs_test_point_evaluation_precompile_py__test_external_vectors_fork_Cancun_state_test_versioned_hash_None_verify_kzg_proof_case_incorrect_proof_9b24f8997145435c_[0m

      [31m✖ [0mtest timeout (60s)[0m

 [101mFAIL[0m [37m› [0m[93mgenerated.state_tests.eest.cancun.eip4844_blobs.point_evaluation_precompile.external_vectors.test.tests_eest_cancun_eip4844_blobs_test_point_evaluation_precompile_py__test_external_vectors_fork_Cancun_state_test_versioned_hash_None_verify_kzg_proof_case_incorrect_proof_9b754afb690c47e1_[0m

      [31m✖ [0mtest timeout (60s)[0m

 [101mFAIL[0m [37m› [0m[93mgenerated.state_tests.eest.cancun.eip4844_blobs.point_evaluation_precompile.external_vectors.test.tests_eest_cancun_eip4844_blobs_test_point_evaluation_precompile_py__test_external_vectors_fork_Cancun_state_test_versioned_hash_None_verify_kzg_proof_case_incorrect_proof_a0be66af9a97ea52_[0m

      [31m✖ [0mtest timeout (60s)[0m

 [101mFAIL[0m [37m› [0m[93mgenerated.state_tests.eest.cancun.eip4844_blobs.point_evaluation_precompile.external_vectors.test.tests_eest_cancun_eip4844_blobs_test_point_evaluation_precompile_py__test_external_vectors_fork_Cancun_state_test_versioned_hash_None_verify_kzg_proof_case_incorrect_proof_af669445747d2585_[0m

      [31m✖ [0mtest timeout (60s)[0m

 [101mFAIL[0m [37m› [0m[93mgenerated.state_tests.eest.cancun.eip4844_blobs.point_evaluation_precompile.external_vectors.test.tests_eest_cancun_eip4844_blobs_test_point_evaluation_precompile_py__test_external_vectors_fork_Cancun_state_test_versioned_hash_None_verify_kzg_proof_case_incorrect_proof_af8b75f664ed7d43_[0m

      [31m✖ [0mtest timeout (60s)[0m

 [101mFAIL[0m [37m› [0m[93mgenerated.state_tests.eest.cancun.eip4844_blobs.point_evaluation_precompile.external_vectors.test.tests_eest_cancun_eip4844_blobs_test_point_evaluation_precompile_py__test_external_vectors_fork_Cancun_state_test_versioned_hash_None_verify_kzg_proof_case_incorrect_proof_b6cb6698327d9835_[0m

      [31m✖ [0mtest timeout (60s)[0m

 [101mFAIL[0m [37m› [0m[93mgenerated.state_tests.eest.cancun.eip4844_blobs.point_evaluation_precompile.external_vectors.test.tests_eest_cancun_eip4844_blobs_test_point_evaluation_precompile_py__test_external_vectors_fork_Cancun_state_test_versioned_hash_None_verify_kzg_proof_case_incorrect_proof_b6ec3736f9ff2c62_[0m

      [31m✖ [0mtest timeout (60s)[0m

 [101mFAIL[0m [37m› [0m[93mgenerated.state_tests.eest.cancun.eip4844_blobs.point_evaluation_precompile.external_vectors.test.tests_eest_cancun_eip4844_blobs_test_point_evaluation_precompile_py__test_external_vectors_fork_Cancun_state_test_versioned_hash_None_verify_kzg_proof_case_incorrect_proof_becf2e1641bbd4e6_[0m

      [31m✖ [0mtest timeout (60s)[0m

 [101mFAIL[0m [37m› [0m[93mgenerated.state_tests.eest.cancun.eip4844_blobs.point_evaluation_precompile.external_vectors.test.tests_eest_cancun_eip4844_blobs_test_point_evaluation_precompile_py__test_external_vectors_fork_Cancun_state_test_versioned_hash_None_verify_kzg_proof_case_incorrect_proof_c3d4322ec17fe7cd_[0m

      [31m✖ [0mtest timeout (60s)[0m

 [101mFAIL[0m [37m› [0m[93mgenerated.state_tests.eest.cancun.eip4844_blobs.point_evaluation_precompile.external_vectors.test.tests_eest_cancun_eip4844_blobs_test_point_evaluation_precompile_py__test_external_vectors_fork_Cancun_state_test_versioned_hash_None_verify_kzg_proof_case_incorrect_proof_c5e1490d672d026d_[0m

      [31m✖ [0mtest timeout (60s)[0m

 [101mFAIL[0m [37m› [0m[93mgenerated.state_tests.eest.cancun.eip4844_blobs.point_evaluation_precompile.external_vectors.test.tests_eest_cancun_eip4844_blobs_test_point_evaluation_precompile_py__test_external_vectors_fork_Cancun_state_test_versioned_hash_None_verify_kzg_proof_case_incorrect_proof_cae5d3491190b777_[0m

      [31m✖ [0mtest timeout (60s)[0m

 [101mFAIL[0m [37m› [0m[93mgenerated.state_tests.eest.cancun.eip4844_blobs.point_evaluation_precompile.external_vectors.test.tests_eest_cancun_eip4844_blobs_test_point_evaluation_precompile_py__test_external_vectors_fork_Cancun_state_test_versioned_hash_None_verify_kzg_proof_case_incorrect_proof_d0992bc0387790a4_[0m

      [31m✖ [0mtest timeout (60s)[0m

 [101mFAIL[0m [37m› [0m[93mgenerated.state_tests.eest.cancun.eip4844_blobs.point_evaluation_precompile.external_vectors.test.tests_eest_cancun_eip4844_blobs_test_point_evaluation_precompile_py__test_external_vectors_fork_Cancun_state_test_versioned_hash_None_verify_kzg_proof_case_incorrect_proof_d736268229bd87ec_[0m

      [31m✖ [0mtest timeout (60s)[0m

 [101mFAIL[0m [37m› [0m[93mgenerated.state_tests.eest.cancun.eip4844_blobs.point_evaluation_precompile.external_vectors.test.tests_eest_cancun_eip4844_blobs_test_point_evaluation_precompile_py__test_external_vectors_fork_Cancun_state_test_versioned_hash_None_verify_kzg_proof_case_incorrect_proof_e68d7111a2364a49_[0m

      [31m✖ [0mtest timeout (60s)[0m

 [101mFAIL[0m [37m› [0m[93mgenerated.state_tests.eest.cancun.eip4844_blobs.point_evaluation_precompile.external_vectors.test.tests_eest_cancun_eip4844_blobs_test_point_evaluation_precompile_py__test_external_vectors_fork_Cancun_state_test_versioned_hash_None_verify_kzg_proof_case_incorrect_proof_ed6b180ec759bcf6_[0m

      [31m✖ [0mtest timeout (60s)[0m

 [101mFAIL[0m [37m› [0m[93mgenerated.state_tests.eest.cancun.eip4844_blobs.point_evaluation_precompile.external_vectors.test.tests_eest_cancun_eip4844_blobs_test_point_evaluation_precompile_py__test_external_vectors_fork_Cancun_state_test_versioned_hash_None_verify_kzg_proof_case_incorrect_proof_f0ed3dc11cdeb130_[0m

      [31m✖ [0mtest timeout (60s)[0m

 [101mFAIL[0m [37m› [0m[93mgenerated.state_tests.eest.cancun.eip4844_blobs.point_evaluation_precompile.external_vectors.test.tests_eest_cancun_eip4844_blobs_test_point_evaluation_precompile_py__test_external_vectors_fork_Cancun_state_test_versioned_hash_None_verify_kzg_proof_case_incorrect_proof_f47eb9fc139f6bfd_[0m

      [31m✖ [0mtest timeout (60s)[0m

 [101mFAIL[0m [37m› [0m[93mgenerated.state_tests.eest.cancun.eip4844_blobs.point_evaluation_precompile.external_vectors.test.tests_eest_cancun_eip4844_blobs_test_point_evaluation_precompile_py__test_external_vectors_fork_Cancun_state_test_versioned_hash_None_verify_kzg_proof_case_incorrect_proof_f7f44e1e864aa967_[0m

      [31m✖ [0mtest timeout (60s)[0m

 [101mFAIL[0m [37m› [0m[93mgenerated.state_tests.eest.cancun.eip4844_blobs.point_evaluation_precompile.external_vectors.test.tests_eest_cancun_eip4844_blobs_test_point_evaluation_precompile_py__test_external_vectors_fork_Cancun_state_test_versioned_hash_None_verify_kzg_proof_case_incorrect_proof_ffa6e97b97146517_[0m

      [31m✖ [0mtest timeout (60s)[0m

 [101mFAIL[0m [37m› [0m[93mgenerated.state_tests.eest.cancun.eip4844_blobs.point_evaluation_precompile.external_vectors.test.tests_eest_cancun_eip4844_blobs_test_point_evaluation_precompile_py__test_external_vectors_fork_Cancun_state_test_versioned_hash_None_verify_kzg_proof_case_incorrect_proof_point_at_infinity_392169c16a2e5ef6_[0m

      [31m✖ [0mtest timeout (60s)[0m

 [101mFAIL[0m [37m› [0m[93mgenerated.state_tests.eest.cancun.eip4844_blobs.point_evaluation_precompile.external_vectors.test.tests_eest_cancun_eip4844_blobs_test_point_evaluation_precompile_py__test_external_vectors_fork_Cancun_state_test_versioned_hash_None_verify_kzg_proof_case_incorrect_proof_point_at_infinity_3c1e8b38219e3e12_[0m

      [31m✖ [0mtest timeout (60s)[0m

 [101mFAIL[0m [37m› [0m[93mgenerated.state_tests.eest.cancun.eip4844_blobs.point_evaluation_precompile.external_vectors.test.tests_eest_cancun_eip4844_blobs_test_point_evaluation_precompile_py__test_external_vectors_fork_Cancun_state_test_versioned_hash_None_verify_kzg_proof_case_incorrect_proof_point_at_infinity_3c87ec986c2656c2_[0m

      [31m✖ [0mtest timeout (60s)[0m

 [101mFAIL[0m [37m› [0m[93mgenerated.state_tests.eest.cancun.eip4844_blobs.point_evaluation_precompile.external_vectors.test.tests_eest_cancun_eip4844_blobs_test_point_evaluation_precompile_py__test_external_vectors_fork_Cancun_state_test_versioned_hash_None_verify_kzg_proof_case_incorrect_proof_point_at_infinity_420f2a187ce77035_[0m

      [31m✖ [0mtest timeout (60s)[0m

 [101mFAIL[0m [37m› [0m[93mgenerated.state_tests.eest.cancun.eip4844_blobs.point_evaluation_precompile.external_vectors.test.tests_eest_cancun_eip4844_blobs_test_point_evaluation_precompile_py__test_external_vectors_fork_Cancun_state_test_versioned_hash_None_verify_kzg_proof_case_incorrect_proof_point_at_infinity_83e53423a2dd93fe_[0m

      [31m✖ [0mtest timeout (60s)[0m

 [101mFAIL[0m [37m› [0m[93mgenerated.state_tests.eest.cancun.eip4844_blobs.point_evaluation_precompile.external_vectors.test.tests_eest_cancun_eip4844_blobs_test_point_evaluation_precompile_py__test_external_vectors_fork_Cancun_state_test_versioned_hash_None_verify_kzg_proof_case_incorrect_proof_point_at_infinity_ed6b180ec759bcf6_[0m

      [31m✖ [0mtest timeout (60s)[0m

 [101mFAIL[0m [37m› [0m[93mgenerated.state_tests.eest.cancun.eip4844_blobs.point_evaluation_precompile.external_vectors.test.tests_eest_cancun_eip4844_blobs_test_point_evaluation_precompile_py__test_external_vectors_fork_Cancun_state_test_versioned_hash_None_verify_kzg_proof_case_invalid_commitment_32afa9561a4b3b91_[0m

      [31m✖ [0mtest timeout (60s)[0m

 [101mFAIL[0m [37m› [0m[93mgenerated.state_tests.eest.cancun.eip4844_blobs.point_evaluation_precompile.external_vectors.test.tests_eest_cancun_eip4844_blobs_test_point_evaluation_precompile_py__test_external_vectors_fork_Cancun_state_test_versioned_hash_None_verify_kzg_proof_case_invalid_commitment_e9d3e9ec16fbc15f_[0m

      [31m✖ [0mtest timeout (60s)[0m

 [101mFAIL[0m [37m› [0m[93mgenerated.state_tests.eest.cancun.eip4844_blobs.point_evaluation_precompile.external_vectors.test.tests_eest_cancun_eip4844_blobs_test_point_evaluation_precompile_py__test_external_vectors_fork_Cancun_state_test_versioned_hash_None_verify_kzg_proof_case_invalid_proof_32afa9561a4b3b91_[0m

      [31m✖ [0mtest timeout (60s)[0m

 [101mFAIL[0m [37m› [0m[93mgenerated.state_tests.eest.cancun.eip4844_blobs.point_evaluation_precompile.external_vectors.test.tests_eest_cancun_eip4844_blobs_test_point_evaluation_precompile_py__test_external_vectors_fork_Cancun_state_test_versioned_hash_None_verify_kzg_proof_case_invalid_proof_e9d3e9ec16fbc15f_[0m

      [31m✖ [0mtest timeout (60s)[0m

 [101mFAIL[0m [37m› [0m[93mgenerated.state_tests.eest.cancun.eip4844_blobs.point_evaluation_precompile.external_vectors.test.tests_eest_cancun_eip4844_blobs_test_point_evaluation_precompile_py__test_external_vectors_fork_Cancun_state_test_versioned_hash_None_verify_kzg_proof_case_invalid_y_35d08d612aad2197_[0m

      [31m✖ [0mtest timeout (60s)[0m

 [101mFAIL[0m [37m› [0m[93mgenerated.state_tests.eest.cancun.eip4844_blobs.point_evaluation_precompile.external_vectors.test.tests_eest_cancun_eip4844_blobs_test_point_evaluation_precompile_py__test_external_vectors_fork_Cancun_state_test_versioned_hash_None_verify_kzg_proof_case_invalid_y_4aa6def8c35c9097_[0m

      [31m✖ [0mtest timeout (60s)[0m

 [101mFAIL[0m [37m› [0m[93mgenerated.state_tests.eest.cancun.eip4844_blobs.point_evaluation_precompile.external_vectors.test.tests_eest_cancun_eip4844_blobs_test_point_evaluation_precompile_py__test_external_vectors_fork_Cancun_state_test_versioned_hash_None_verify_kzg_proof_case_invalid_y_64b9ff2b8f7dddee_[0m

      [31m✖ [0mtest timeout (60s)[0m

 [101mFAIL[0m [37m› [0m[93mgenerated.state_tests.eest.cancun.eip4844_blobs.point_evaluation_precompile.external_vectors.test.tests_eest_cancun_eip4844_blobs_test_point_evaluation_precompile_py__test_external_vectors_fork_Cancun_state_test_versioned_hash_None_verify_kzg_proof_case_invalid_y_eb0601fec84cc5e9_[0m

      [31m✖ [0mtest timeout (60s)[0m

 [101mFAIL[0m [37m› [0m[93mgenerated.state_tests.eest.cancun.eip4844_blobs.point_evaluation_precompile.external_vectors.test.tests_eest_cancun_eip4844_blobs_test_point_evaluation_precompile_py__test_external_vectors_fork_Cancun_state_test_versioned_hash_None_verify_kzg_proof_case_invalid_z_35d08d612aad2197_[0m

      [31m✖ [0mtest timeout (60s)[0m

 [101mFAIL[0m [37m› [0m[93mgenerated.state_tests.eest.cancun.eip4844_blobs.point_evaluation_precompile.external_vectors.test.tests_eest_cancun_eip4844_blobs_test_point_evaluation_precompile_py__test_external_vectors_fork_Cancun_state_test_versioned_hash_None_verify_kzg_proof_case_invalid_z_4aa6def8c35c9097_[0m

      [31m✖ [0mtest timeout (60s)[0m

 [101mFAIL[0m [37m› [0m[93mgenerated.state_tests.eest.cancun.eip4844_blobs.point_evaluation_precompile.external_vectors.test.tests_eest_cancun_eip4844_blobs_test_point_evaluation_precompile_py__test_external_vectors_fork_Cancun_state_test_versioned_hash_None_verify_kzg_proof_case_invalid_z_64b9ff2b8f7dddee_[0m

      [31m✖ [0mtest timeout (60s)[0m

 [101mFAIL[0m [37m› [0m[93mgenerated.state_tests.eest.cancun.eip4844_blobs.point_evaluation_precompile.external_vectors.test.tests_eest_cancun_eip4844_blobs_test_point_evaluation_precompile_py__test_external_vectors_fork_Cancun_state_test_versioned_hash_None_verify_kzg_proof_case_invalid_z_eb0601fec84cc5e9_[0m

      [31m✖ [0mtest timeout (60s)[0m

 [101mFAIL[0m [37m› [0m[93mgenerated.state_tests.eest.cancun.eip4844_blobs.point_evaluation_precompile.external_vectors.test.tests_eest_cancun_eip4844_blobs_test_point_evaluation_precompile_py__test_external_vectors_fork_Prague_state_test_versioned_hash_None_verify_kzg_proof_case_correct_proof_02e696ada7d4631d_[0m

      [31m✖ [0mtest timeout (60s)[0m

 [101mFAIL[0m [37m› [0m[93mgenerated.state_tests.eest.cancun.eip4844_blobs.point_evaluation_precompile.external_vectors.test.tests_eest_cancun_eip4844_blobs_test_point_evaluation_precompile_py__test_external_vectors_fork_Prague_state_test_versioned_hash_None_verify_kzg_proof_case_correct_proof_05c1f3685f3393f0_[0m

      [31m✖ [0mtest timeout (60s)[0m

 [101mFAIL[0m [37m› [0m[93mgenerated.state_tests.eest.cancun.eip4844_blobs.point_evaluation_precompile.external_vectors.test.tests_eest_cancun_eip4844_blobs_test_point_evaluation_precompile_py__test_external_vectors_fork_Prague_state_test_versioned_hash_None_verify_kzg_proof_case_correct_proof_08f9e2f1cb3d39db_[0m

      [31m✖ [0mtest timeout (60s)[0m

 [101mFAIL[0m [37m› [0m[93mgenerated.state_tests.eest.cancun.eip4844_blobs.point_evaluation_precompile.external_vectors.test.tests_eest_cancun_eip4844_blobs_test_point_evaluation_precompile_py__test_external_vectors_fork_Prague_state_test_versioned_hash_None_verify_kzg_proof_case_correct_proof_0cf79b17cb5f4ea2_[0m

      [31m✖ [0mtest timeout (60s)[0m

 [101mFAIL[0m [37m› [0m[93mgenerated.state_tests.eest.cancun.eip4844_blobs.point_evaluation_precompile.external_vectors.test.tests_eest_cancun_eip4844_blobs_test_point_evaluation_precompile_py__test_external_vectors_fork_Prague_state_test_versioned_hash_None_verify_kzg_proof_case_correct_proof_177b58dc7a46b08f_[0m

      [31m✖ [0mtest timeout (60s)[0m

 [101mFAIL[0m [37m› [0m[93mgenerated.state_tests.eest.cancun.eip4844_blobs.point_evaluation_precompile.external_vectors.test.tests_eest_cancun_eip4844_blobs_test_point_evaluation_precompile_py__test_external_vectors_fork_Prague_state_test_versioned_hash_None_verify_kzg_proof_case_correct_proof_1ce8e4f69d5df899_[0m

      [31m✖ [0mtest timeout (60s)[0m

 [101mFAIL[0m [37m› [0m[93mgenerated.state_tests.eest.cancun.eip4844_blobs.point_evaluation_precompile.external_vectors.test.tests_eest_cancun_eip4844_blobs_test_point_evaluation_precompile_py__test_external_vectors_fork_Prague_state_test_versioned_hash_None_verify_kzg_proof_case_correct_proof_26b753dec0560daa_[0m

      [31m✖ [0mtest timeout (60s)[0m

 [101mFAIL[0m [37m› [0m[93mgenerated.state_tests.eest.cancun.eip4844_blobs.point_evaluation_precompile.external_vectors.test.tests_eest_cancun_eip4844_blobs_test_point_evaluation_precompile_py__test_external_vectors_fork_Prague_state_test_versioned_hash_None_verify_kzg_proof_case_correct_proof_2b76dc9e3abf42f3_[0m

      [31m✖ [0mtest timeout (60s)[0m

 [101mFAIL[0m [37m› [0m[93mgenerated.state_tests.eest.cancun.eip4844_blobs.point_evaluation_precompile.external_vectors.test.tests_eest_cancun_eip4844_blobs_test_point_evaluation_precompile_py__test_external_vectors_fork_Prague_state_test_versioned_hash_None_verify_kzg_proof_case_correct_proof_31ebd010e6098750_[0m

      [31m✖ [0mtest timeout (60s)[0m

 [101mFAIL[0m [37m› [0m[93mgenerated.state_tests.eest.cancun.eip4844_blobs.point_evaluation_precompile.external_vectors.test.tests_eest_cancun_eip4844_blobs_test_point_evaluation_precompile_py__test_external_vectors_fork_Prague_state_test_versioned_hash_None_verify_kzg_proof_case_correct_proof_3208425794224c3f_[0m

      [31m✖ [0mtest timeout (60s)[0m

 [101mFAIL[0m [37m› [0m[93mgenerated.state_tests.eest.cancun.eip4844_blobs.point_evaluation_precompile.external_vectors.test.tests_eest_cancun_eip4844_blobs_test_point_evaluation_precompile_py__test_external_vectors_fork_Prague_state_test_versioned_hash_None_verify_kzg_proof_case_correct_proof_36817bfd67de97a8_[0m

      [31m✖ [0mtest timeout (60s)[0m

 [101mFAIL[0m [37m› [0m[93mgenerated.state_tests.eest.cancun.eip4844_blobs.point_evaluation_precompile.external_vectors.test.tests_eest_cancun_eip4844_blobs_test_point_evaluation_precompile_py__test_external_vectors_fork_Prague_state_test_versioned_hash_None_verify_kzg_proof_case_correct_proof_392169c16a2e5ef6_[0m

      [31m✖ [0mtest timeout (60s)[0m

 [101mFAIL[0m [37m› [0m[93mgenerated.state_tests.eest.cancun.eip4844_blobs.point_evaluation_precompile.external_vectors.test.tests_eest_cancun_eip4844_blobs_test_point_evaluation_precompile_py__test_external_vectors_fork_Prague_state_test_versioned_hash_None_verify_kzg_proof_case_correct_proof_395cf6d697d1a743_[0m

      [31m✖ [0mtest timeout (60s)[0m

 [101mFAIL[0m [37m› [0m[93mgenerated.state_tests.eest.cancun.eip4844_blobs.point_evaluation_precompile.external_vectors.test.tests_eest_cancun_eip4844_blobs_test_point_evaluation_precompile_py__test_external_vectors_fork_Prague_state_test_versioned_hash_None_verify_kzg_proof_case_correct_proof_3ac8dc31e9aa6a70_[0m

      [31m✖ [0mtest timeout (60s)[0m

 [101mFAIL[0m [37m› [0m[93mgenerated.state_tests.eest.cancun.eip4844_blobs.point_evaluation_precompile.external_vectors.test.tests_eest_cancun_eip4844_blobs_test_point_evaluation_precompile_py__test_external_vectors_fork_Prague_state_test_versioned_hash_None_verify_kzg_proof_case_correct_proof_3c1e8b38219e3e12_[0m

      [31m✖ [0mtest timeout (60s)[0m

 [101mFAIL[0m [37m› [0m[93mgenerated.state_tests.eest.cancun.eip4844_blobs.point_evaluation_precompile.external_vectors.test.tests_eest_cancun_eip4844_blobs_test_point_evaluation_precompile_py__test_external_vectors_fork_Prague_state_test_versioned_hash_None_verify_kzg_proof_case_correct_proof_3c87ec986c2656c2_[0m

      [31m✖ [0mtest timeout (60s)[0m

 [101mFAIL[0m [37m› [0m[93mgenerated.state_tests.eest.cancun.eip4844_blobs.point_evaluation_precompile.external_vectors.test.tests_eest_cancun_eip4844_blobs_test_point_evaluation_precompile_py__test_external_vectors_fork_Prague_state_test_versioned_hash_None_verify_kzg_proof_case_correct_proof_3cd183d0bab85fb7_[0m

      [31m✖ [0mtest timeout (60s)[0m

 [101mFAIL[0m [37m› [0m[93mgenerated.state_tests.eest.cancun.eip4844_blobs.point_evaluation_precompile.external_vectors.test.tests_eest_cancun_eip4844_blobs_test_point_evaluation_precompile_py__test_external_vectors_fork_Prague_state_test_versioned_hash_None_verify_kzg_proof_case_correct_proof_420f2a187ce77035_[0m

      [31m✖ [0mtest timeout (60s)[0m

 [101mFAIL[0m [37m› [0m[93mgenerated.state_tests.eest.cancun.eip4844_blobs.point_evaluation_precompile.external_vectors.test.tests_eest_cancun_eip4844_blobs_test_point_evaluation_precompile_py__test_external_vectors_fork_Prague_state_test_versioned_hash_None_verify_kzg_proof_case_correct_proof_444b73ff54a19b44_[0m

      [31m✖ [0mtest timeout (60s)[0m

 [101mFAIL[0m [37m› [0m[93mgenerated.state_tests.eest.cancun.eip4844_blobs.point_evaluation_precompile.external_vectors.test.tests_eest_cancun_eip4844_blobs_test_point_evaluation_precompile_py__test_external_vectors_fork_Prague_state_test_versioned_hash_None_verify_kzg_proof_case_correct_proof_53a9bdf4f75196da_[0m

      [31m✖ [0mtest timeout (60s)[0m

 [101mFAIL[0m [37m› [0m[93mgenerated.state_tests.eest.cancun.eip4844_blobs.point_evaluation_precompile.external_vectors.test.tests_eest_cancun_eip4844_blobs_test_point_evaluation_precompile_py__test_external_vectors_fork_Prague_state_test_versioned_hash_None_verify_kzg_proof_case_correct_proof_585454b31673dd62_[0m

      [31m✖ [0mtest timeout (60s)[0m

 [101mFAIL[0m [37m› [0m[93mgenerated.state_tests.eest.cancun.eip4844_blobs.point_evaluation_precompile.external_vectors.test.tests_eest_cancun_eip4844_blobs_test_point_evaluation_precompile_py__test_external_vectors_fork_Prague_state_test_versioned_hash_None_verify_kzg_proof_case_correct_proof_7db4f140a955dd1a_[0m

      [31m✖ [0mtest timeout (60s)[0m

 [101mFAIL[0m [37m› [0m[93mgenerated.state_tests.eest.cancun.eip4844_blobs.point_evaluation_precompile.external_vectors.test.tests_eest_cancun_eip4844_blobs_test_point_evaluation_precompile_py__test_external_vectors_fork_Prague_state_test_versioned_hash_None_verify_kzg_proof_case_correct_proof_83e53423a2dd93fe_[0m

      [31m✖ [0mtest timeout (60s)[0m

 [101mFAIL[0m [37m› [0m[93mgenerated.state_tests.eest.cancun.eip4844_blobs.point_evaluation_precompile.external_vectors.test.tests_eest_cancun_eip4844_blobs_test_point_evaluation_precompile_py__test_external_vectors_fork_Prague_state_test_versioned_hash_None_verify_kzg_proof_case_correct_proof_9b24f8997145435c_[0m

      [31m✖ [0mtest timeout (60s)[0m

 [101mFAIL[0m [37m› [0m[93mgenerated.state_tests.eest.cancun.eip4844_blobs.point_evaluation_precompile.external_vectors.test.tests_eest_cancun_eip4844_blobs_test_point_evaluation_precompile_py__test_external_vectors_fork_Prague_state_test_versioned_hash_None_verify_kzg_proof_case_correct_proof_9b754afb690c47e1_[0m

      [31m✖ [0mtest timeout (60s)[0m

 [101mFAIL[0m [37m› [0m[93mgenerated.state_tests.eest.cancun.eip4844_blobs.point_evaluation_precompile.external_vectors.test.tests_eest_cancun_eip4844_blobs_test_point_evaluation_precompile_py__test_external_vectors_fork_Prague_state_test_versioned_hash_None_verify_kzg_proof_case_correct_proof_a0be66af9a97ea52_[0m

      [31m✖ [0mtest timeout (60s)[0m

 [101mFAIL[0m [37m› [0m[93mgenerated.state_tests.eest.cancun.eip4844_blobs.point_evaluation_precompile.external_vectors.test.tests_eest_cancun_eip4844_blobs_test_point_evaluation_precompile_py__test_external_vectors_fork_Prague_state_test_versioned_hash_None_verify_kzg_proof_case_correct_proof_af669445747d2585_[0m

      [31m✖ [0mtest timeout (60s)[0m

 [101mFAIL[0m [37m› [0m[93mgenerated.state_tests.eest.cancun.eip4844_blobs.point_evaluation_precompile.external_vectors.test.tests_eest_cancun_eip4844_blobs_test_point_evaluation_precompile_py__test_external_vectors_fork_Prague_state_test_versioned_hash_None_verify_kzg_proof_case_correct_proof_af8b75f664ed7d43_[0m

      [31m✖ [0mtest timeout (60s)[0m

 [101mFAIL[0m [37m› [0m[93mgenerated.state_tests.eest.cancun.eip4844_blobs.point_evaluation_precompile.external_vectors.test.tests_eest_cancun_eip4844_blobs_test_point_evaluation_precompile_py__test_external_vectors_fork_Prague_state_test_versioned_hash_None_verify_kzg_proof_case_correct_proof_b6cb6698327d9835_[0m

      [31m✖ [0mtest timeout (60s)[0m

 [101mFAIL[0m [37m› [0m[93mgenerated.state_tests.eest.cancun.eip4844_blobs.point_evaluation_precompile.external_vectors.test.tests_eest_cancun_eip4844_blobs_test_point_evaluation_precompile_py__test_external_vectors_fork_Prague_state_test_versioned_hash_None_verify_kzg_proof_case_correct_proof_b6ec3736f9ff2c62_[0m

      [31m✖ [0mtest timeout (60s)[0m

 [101mFAIL[0m [37m› [0m[93mgenerated.state_tests.eest.cancun.eip4844_blobs.point_evaluation_precompile.external_vectors.test.tests_eest_cancun_eip4844_blobs_test_point_evaluation_precompile_py__test_external_vectors_fork_Prague_state_test_versioned_hash_None_verify_kzg_proof_case_correct_proof_becf2e1641bbd4e6_[0m

      [31m✖ [0mtest timeout (60s)[0m

 [101mFAIL[0m [37m› [0m[93mgenerated.state_tests.eest.cancun.eip4844_blobs.point_evaluation_precompile.external_vectors.test.tests_eest_cancun_eip4844_blobs_test_point_evaluation_precompile_py__test_external_vectors_fork_Prague_state_test_versioned_hash_None_verify_kzg_proof_case_correct_proof_c3d4322ec17fe7cd_[0m

      [31m✖ [0mtest timeout (60s)[0m

 [101mFAIL[0m [37m› [0m[93mgenerated.state_tests.eest.cancun.eip4844_blobs.point_evaluation_precompile.external_vectors.test.tests_eest_cancun_eip4844_blobs_test_point_evaluation_precompile_py__test_external_vectors_fork_Prague_state_test_versioned_hash_None_verify_kzg_proof_case_correct_proof_c5e1490d672d026d_[0m

      [31m✖ [0mtest timeout (60s)[0m

 [101mFAIL[0m [37m› [0m[93mgenerated.state_tests.eest.cancun.eip4844_blobs.point_evaluation_precompile.external_vectors.test.tests_eest_cancun_eip4844_blobs_test_point_evaluation_precompile_py__test_external_vectors_fork_Prague_state_test_versioned_hash_None_verify_kzg_proof_case_correct_proof_cae5d3491190b777_[0m

      [31m✖ [0mtest timeout (60s)[0m

 [101mFAIL[0m [37m› [0m[93mgenerated.state_tests.eest.cancun.eip4844_blobs.point_evaluation_precompile.external_vectors.test.tests_eest_cancun_eip4844_blobs_test_point_evaluation_precompile_py__test_external_vectors_fork_Prague_state_test_versioned_hash_None_verify_kzg_proof_case_correct_proof_d0992bc0387790a4_[0m

      [31m✖ [0mtest timeout (60s)[0m

 [101mFAIL[0m [37m› [0m[93mgenerated.state_tests.eest.cancun.eip4844_blobs.point_evaluation_precompile.external_vectors.test.tests_eest_cancun_eip4844_blobs_test_point_evaluation_precompile_py__test_external_vectors_fork_Prague_state_test_versioned_hash_None_verify_kzg_proof_case_correct_proof_d736268229bd87ec_[0m

      [31m✖ [0mtest timeout (60s)[0m

 [101mFAIL[0m [37m› [0m[93mgenerated.state_tests.eest.cancun.eip4844_blobs.point_evaluation_precompile.external_vectors.test.tests_eest_cancun_eip4844_blobs_test_point_evaluation_precompile_py__test_external_vectors_fork_Prague_state_test_versioned_hash_None_verify_kzg_proof_case_correct_proof_e68d7111a2364a49_[0m

      [31m✖ [0mtest timeout (60s)[0m

 [101mFAIL[0m [37m› [0m[93mgenerated.state_tests.eest.cancun.eip4844_blobs.point_evaluation_precompile.external_vectors.test.tests_eest_cancun_eip4844_blobs_test_point_evaluation_precompile_py__test_external_vectors_fork_Prague_state_test_versioned_hash_None_verify_kzg_proof_case_correct_proof_ed6b180ec759bcf6_[0m

      [31m✖ [0mtest timeout (60s)[0m

 [101mFAIL[0m [37m› [0m[93mgenerated.state_tests.eest.cancun.eip4844_blobs.point_evaluation_precompile.external_vectors.test.tests_eest_cancun_eip4844_blobs_test_point_evaluation_precompile_py__test_external_vectors_fork_Prague_state_test_versioned_hash_None_verify_kzg_proof_case_correct_proof_f0ed3dc11cdeb130_[0m

      [31m✖ [0mtest timeout (60s)[0m

 [101mFAIL[0m [37m› [0m[93mgenerated.state_tests.eest.cancun.eip4844_blobs.point_evaluation_precompile.external_vectors.test.tests_eest_cancun_eip4844_blobs_test_point_evaluation_precompile_py__test_external_vectors_fork_Prague_state_test_versioned_hash_None_verify_kzg_proof_case_correct_proof_f47eb9fc139f6bfd_[0m

      [31m✖ [0mtest timeout (60s)[0m

 [101mFAIL[0m [37m› [0m[93mgenerated.state_tests.eest.cancun.eip4844_blobs.point_evaluation_precompile.external_vectors.test.tests_eest_cancun_eip4844_blobs_test_point_evaluation_precompile_py__test_external_vectors_fork_Prague_state_test_versioned_hash_None_verify_kzg_proof_case_correct_proof_f7f44e1e864aa967_[0m

      [31m✖ [0mtest timeout (60s)[0m

 [101mFAIL[0m [37m› [0m[93mgenerated.state_tests.eest.cancun.eip4844_blobs.point_evaluation_precompile.external_vectors.test.tests_eest_cancun_eip4844_blobs_test_point_evaluation_precompile_py__test_external_vectors_fork_Prague_state_test_versioned_hash_None_verify_kzg_proof_case_correct_proof_ffa6e97b97146517_[0m

      [31m✖ [0mtest timeout (60s)[0m

 [101mFAIL[0m [37m› [0m[93mgenerated.state_tests.eest.cancun.eip4844_blobs.point_evaluation_precompile.external_vectors.test.tests_eest_cancun_eip4844_blobs_test_point_evaluation_precompile_py__test_external_vectors_fork_Prague_state_test_versioned_hash_None_verify_kzg_proof_case_correct_proof_point_at_infinity_for_twos_poly_05c1f3685f3393f0_[0m

      [31m✖ [0mtest timeout (60s)[0m

 [101mFAIL[0m [37m› [0m[93mgenerated.state_tests.eest.cancun.eip4844_blobs.point_evaluation_precompile.external_vectors.test.tests_eest_cancun_eip4844_blobs_test_point_evaluation_precompile_py__test_external_vectors_fork_Prague_state_test_versioned_hash_None_verify_kzg_proof_case_correct_proof_point_at_infinity_for_twos_poly_177b58dc7a46b08f_[0m

      [31m✖ [0mtest timeout (60s)[0m

 [101mFAIL[0m [37m› [0m[93mgenerated.state_tests.eest.cancun.eip4844_blobs.point_evaluation_precompile.external_vectors.test.tests_eest_cancun_eip4844_blobs_test_point_evaluation_precompile_py__test_external_vectors_fork_Prague_state_test_versioned_hash_None_verify_kzg_proof_case_correct_proof_point_at_infinity_for_twos_poly_2b76dc9e3abf42f3_[0m

      [31m✖ [0mtest timeout (60s)[0m

 [101mFAIL[0m [37m› [0m[93mgenerated.state_tests.eest.cancun.eip4844_blobs.point_evaluation_precompile.external_vectors.test.tests_eest_cancun_eip4844_blobs_test_point_evaluation_precompile_py__test_external_vectors_fork_Prague_state_test_versioned_hash_None_verify_kzg_proof_case_correct_proof_point_at_infinity_for_twos_poly_395cf6d697d1a743_[0m

      [31m✖ [0mtest timeout (60s)[0m

 [101mFAIL[0m [37m› [0m[93mgenerated.state_tests.eest.cancun.eip4844_blobs.point_evaluation_precompile.external_vectors.test.tests_eest_cancun_eip4844_blobs_test_point_evaluation_precompile_py__test_external_vectors_fork_Prague_state_test_versioned_hash_None_verify_kzg_proof_case_correct_proof_point_at_infinity_for_twos_poly_585454b31673dd62_[0m

      [31m✖ [0mtest timeout (60s)[0m

 [101mFAIL[0m [37m› [0m[93mgenerated.state_tests.eest.cancun.eip4844_blobs.point_evaluation_precompile.external_vectors.test.tests_eest_cancun_eip4844_blobs_test_point_evaluation_precompile_py__test_external_vectors_fork_Prague_state_test_versioned_hash_None_verify_kzg_proof_case_correct_proof_point_at_infinity_for_twos_poly_a0be66af9a97ea52_[0m

      [31m✖ [0mtest timeout (60s)[0m

 [101mFAIL[0m [37m› [0m[93mgenerated.state_tests.eest.cancun.eip4844_blobs.point_evaluation_precompile.external_vectors.test.tests_eest_cancun_eip4844_blobs_test_point_evaluation_precompile_py__test_external_vectors_fork_Prague_state_test_versioned_hash_None_verify_kzg_proof_case_correct_proof_point_at_infinity_for_zero_poly_02e696ada7d4631d_[0m

      [31m✖ [0mtest timeout (60s)[0m

 [101mFAIL[0m [37m› [0m[93mgenerated.state_tests.eest.cancun.eip4844_blobs.point_evaluation_precompile.external_vectors.test.tests_eest_cancun_eip4844_blobs_test_point_evaluation_precompile_py__test_external_vectors_fork_Prague_state_test_versioned_hash_None_verify_kzg_proof_case_correct_proof_point_at_infinity_for_zero_poly_0cf79b17cb5f4ea2_[0m

      [31m✖ [0mtest timeout (60s)[0m

 [101mFAIL[0m [37m› [0m[93mgenerated.state_tests.eest.cancun.eip4844_blobs.point_evaluation_precompile.external_vectors.test.tests_eest_cancun_eip4844_blobs_test_point_evaluation_precompile_py__test_external_vectors_fork_Prague_state_test_versioned_hash_None_verify_kzg_proof_case_correct_proof_point_at_infinity_for_zero_poly_3208425794224c3f_[0m

      [31m✖ [0mtest timeout (60s)[0m

 [101mFAIL[0m [37m› [0m[93mgenerated.state_tests.eest.cancun.eip4844_blobs.point_evaluation_precompile.external_vectors.test.tests_eest_cancun_eip4844_blobs_test_point_evaluation_precompile_py__test_external_vectors_fork_Prague_state_test_versioned_hash_None_verify_kzg_proof_case_correct_proof_point_at_infinity_for_zero_poly_3ac8dc31e9aa6a70_[0m

      [31m✖ [0mtest timeout (60s)[0m

 [101mFAIL[0m [37m› [0m[93mgenerated.state_tests.eest.cancun.eip4844_blobs.point_evaluation_precompile.external_vectors.test.tests_eest_cancun_eip4844_blobs_test_point_evaluation_precompile_py__test_external_vectors_fork_Prague_state_test_versioned_hash_None_verify_kzg_proof_case_correct_proof_point_at_infinity_for_zero_poly_c3d4322ec17fe7cd_[0m

      [31m✖ [0mtest timeout (60s)[0m

 [101mFAIL[0m [37m› [0m[93mgenerated.state_tests.eest.cancun.eip4844_blobs.point_evaluation_precompile.external_vectors.test.tests_eest_cancun_eip4844_blobs_test_point_evaluation_precompile_py__test_external_vectors_fork_Prague_state_test_versioned_hash_None_verify_kzg_proof_case_correct_proof_point_at_infinity_for_zero_poly_ffa6e97b97146517_[0m

      [31m✖ [0mtest timeout (60s)[0m

 [101mFAIL[0m [37m› [0m[93mgenerated.state_tests.eest.cancun.eip4844_blobs.point_evaluation_precompile.external_vectors.test.tests_eest_cancun_eip4844_blobs_test_point_evaluation_precompile_py__test_external_vectors_fork_Prague_state_test_versioned_hash_None_verify_kzg_proof_case_incorrect_proof_02e696ada7d4631d_[0m

      [31m✖ [0mtest timeout (60s)[0m

 [101mFAIL[0m [37m› [0m[93mgenerated.state_tests.eest.cancun.eip4844_blobs.point_evaluation_precompile.external_vectors.test.tests_eest_cancun_eip4844_blobs_test_point_evaluation_precompile_py__test_external_vectors_fork_Prague_state_test_versioned_hash_None_verify_kzg_proof_case_incorrect_proof_05c1f3685f3393f0_[0m

      [31m✖ [0mtest timeout (60s)[0m

 [101mFAIL[0m [37m› [0m[93mgenerated.state_tests.eest.cancun.eip4844_blobs.point_evaluation_precompile.external_vectors.test.tests_eest_cancun_eip4844_blobs_test_point_evaluation_precompile_py__test_external_vectors_fork_Prague_state_test_versioned_hash_None_verify_kzg_proof_case_incorrect_proof_08f9e2f1cb3d39db_[0m

      [31m✖ [0mtest timeout (60s)[0m

 [101mFAIL[0m [37m› [0m[93mgenerated.state_tests.eest.cancun.eip4844_blobs.point_evaluation_precompile.external_vectors.test.tests_eest_cancun_eip4844_blobs_test_point_evaluation_precompile_py__test_external_vectors_fork_Prague_state_test_versioned_hash_None_verify_kzg_proof_case_incorrect_proof_0cf79b17cb5f4ea2_[0m

      [31m✖ [0mtest timeout (60s)[0m

 [101mFAIL[0m [37m› [0m[93mgenerated.state_tests.eest.cancun.eip4844_blobs.point_evaluation_precompile.external_vectors.test.tests_eest_cancun_eip4844_blobs_test_point_evaluation_precompile_py__test_external_vectors_fork_Prague_state_test_versioned_hash_None_verify_kzg_proof_case_incorrect_proof_177b58dc7a46b08f_[0m

      [31m✖ [0mtest timeout (60s)[0m

 [101mFAIL[0m [37m› [0m[93mgenerated.state_tests.eest.cancun.eip4844_blobs.point_evaluation_precompile.external_vectors.test.tests_eest_cancun_eip4844_blobs_test_point_evaluation_precompile_py__test_external_vectors_fork_Prague_state_test_versioned_hash_None_verify_kzg_proof_case_incorrect_proof_1ce8e4f69d5df899_[0m

      [31m✖ [0mtest timeout (60s)[0m

 [101mFAIL[0m [37m› [0m[93mgenerated.state_tests.eest.cancun.eip4844_blobs.point_evaluation_precompile.external_vectors.test.tests_eest_cancun_eip4844_blobs_test_point_evaluation_precompile_py__test_external_vectors_fork_Prague_state_test_versioned_hash_None_verify_kzg_proof_case_incorrect_proof_26b753dec0560daa_[0m

      [31m✖ [0mtest timeout (60s)[0m

 [101mFAIL[0m [37m› [0m[93mgenerated.state_tests.eest.cancun.eip4844_blobs.point_evaluation_precompile.external_vectors.test.tests_eest_cancun_eip4844_blobs_test_point_evaluation_precompile_py__test_external_vectors_fork_Prague_state_test_versioned_hash_None_verify_kzg_proof_case_incorrect_proof_2b76dc9e3abf42f3_[0m

      [31m✖ [0mtest timeout (60s)[0m

 [101mFAIL[0m [37m› [0m[93mgenerated.state_tests.eest.cancun.eip4844_blobs.point_evaluation_precompile.external_vectors.test.tests_eest_cancun_eip4844_blobs_test_point_evaluation_precompile_py__test_external_vectors_fork_Prague_state_test_versioned_hash_None_verify_kzg_proof_case_incorrect_proof_31ebd010e6098750_[0m

      [31m✖ [0mtest timeout (60s)[0m

 [101mFAIL[0m [37m› [0m[93mgenerated.state_tests.eest.cancun.eip4844_blobs.point_evaluation_precompile.external_vectors.test.tests_eest_cancun_eip4844_blobs_test_point_evaluation_precompile_py__test_external_vectors_fork_Prague_state_test_versioned_hash_None_verify_kzg_proof_case_incorrect_proof_3208425794224c3f_[0m

      [31m✖ [0mtest timeout (60s)[0m

 [101mFAIL[0m [37m› [0m[93mgenerated.state_tests.eest.cancun.eip4844_blobs.point_evaluation_precompile.external_vectors.test.tests_eest_cancun_eip4844_blobs_test_point_evaluation_precompile_py__test_external_vectors_fork_Prague_state_test_versioned_hash_None_verify_kzg_proof_case_incorrect_proof_36817bfd67de97a8_[0m

      [31m✖ [0mtest timeout (60s)[0m

 [101mFAIL[0m [37m› [0m[93mgenerated.state_tests.eest.cancun.eip4844_blobs.point_evaluation_precompile.external_vectors.test.tests_eest_cancun_eip4844_blobs_test_point_evaluation_precompile_py__test_external_vectors_fork_Prague_state_test_versioned_hash_None_verify_kzg_proof_case_incorrect_proof_392169c16a2e5ef6_[0m

      [31m✖ [0mtest timeout (60s)[0m

 [101mFAIL[0m [37m› [0m[93mgenerated.state_tests.eest.cancun.eip4844_blobs.point_evaluation_precompile.external_vectors.test.tests_eest_cancun_eip4844_blobs_test_point_evaluation_precompile_py__test_external_vectors_fork_Prague_state_test_versioned_hash_None_verify_kzg_proof_case_incorrect_proof_395cf6d697d1a743_[0m

      [31m✖ [0mtest timeout (60s)[0m

 [101mFAIL[0m [37m› [0m[93mgenerated.state_tests.eest.cancun.eip4844_blobs.point_evaluation_precompile.external_vectors.test.tests_eest_cancun_eip4844_blobs_test_point_evaluation_precompile_py__test_external_vectors_fork_Prague_state_test_versioned_hash_None_verify_kzg_proof_case_incorrect_proof_3ac8dc31e9aa6a70_[0m

      [31m✖ [0mtest timeout (60s)[0m

 [101mFAIL[0m [37m› [0m[93mgenerated.state_tests.eest.cancun.eip4844_blobs.point_evaluation_precompile.external_vectors.test.tests_eest_cancun_eip4844_blobs_test_point_evaluation_precompile_py__test_external_vectors_fork_Prague_state_test_versioned_hash_None_verify_kzg_proof_case_incorrect_proof_3c1e8b38219e3e12_[0m

      [31m✖ [0mtest timeout (60s)[0m

 [101mFAIL[0m [37m› [0m[93mgenerated.state_tests.eest.cancun.eip4844_blobs.point_evaluation_precompile.external_vectors.test.tests_eest_cancun_eip4844_blobs_test_point_evaluation_precompile_py__test_external_vectors_fork_Prague_state_test_versioned_hash_None_verify_kzg_proof_case_incorrect_proof_3c87ec986c2656c2_[0m

      [31m✖ [0mtest timeout (60s)[0m

 [101mFAIL[0m [37m› [0m[93mgenerated.state_tests.eest.cancun.eip4844_blobs.point_evaluation_precompile.external_vectors.test.tests_eest_cancun_eip4844_blobs_test_point_evaluation_precompile_py__test_external_vectors_fork_Prague_state_test_versioned_hash_None_verify_kzg_proof_case_incorrect_proof_3cd183d0bab85fb7_[0m

      [31m✖ [0mtest timeout (60s)[0m

 [101mFAIL[0m [37m› [0m[93mgenerated.state_tests.eest.cancun.eip4844_blobs.point_evaluation_precompile.external_vectors.test.tests_eest_cancun_eip4844_blobs_test_point_evaluation_precompile_py__test_external_vectors_fork_Prague_state_test_versioned_hash_None_verify_kzg_proof_case_incorrect_proof_420f2a187ce77035_[0m

      [31m✖ [0mtest timeout (60s)[0m

 [101mFAIL[0m [37m› [0m[93mgenerated.state_tests.eest.cancun.eip4844_blobs.point_evaluation_precompile.external_vectors.test.tests_eest_cancun_eip4844_blobs_test_point_evaluation_precompile_py__test_external_vectors_fork_Prague_state_test_versioned_hash_None_verify_kzg_proof_case_incorrect_proof_444b73ff54a19b44_[0m

      [31m✖ [0mtest timeout (60s)[0m

 [101mFAIL[0m [37m› [0m[93mgenerated.state_tests.eest.cancun.eip4844_blobs.point_evaluation_precompile.external_vectors.test.tests_eest_cancun_eip4844_blobs_test_point_evaluation_precompile_py__test_external_vectors_fork_Prague_state_test_versioned_hash_None_verify_kzg_proof_case_incorrect_proof_53a9bdf4f75196da_[0m

      [31m✖ [0mtest timeout (60s)[0m

 [101mFAIL[0m [37m› [0m[93mgenerated.state_tests.eest.cancun.eip4844_blobs.point_evaluation_precompile.external_vectors.test.tests_eest_cancun_eip4844_blobs_test_point_evaluation_precompile_py__test_external_vectors_fork_Prague_state_test_versioned_hash_None_verify_kzg_proof_case_incorrect_proof_585454b31673dd62_[0m

      [31m✖ [0mtest timeout (60s)[0m

 [101mFAIL[0m [37m› [0m[93mgenerated.state_tests.eest.cancun.eip4844_blobs.point_evaluation_precompile.external_vectors.test.tests_eest_cancun_eip4844_blobs_test_point_evaluation_precompile_py__test_external_vectors_fork_Prague_state_test_versioned_hash_None_verify_kzg_proof_case_incorrect_proof_7db4f140a955dd1a_[0m

      [31m✖ [0mtest timeout (60s)[0m

 [101mFAIL[0m [37m› [0m[93mgenerated.state_tests.eest.cancun.eip4844_blobs.point_evaluation_precompile.external_vectors.test.tests_eest_cancun_eip4844_blobs_test_point_evaluation_precompile_py__test_external_vectors_fork_Prague_state_test_versioned_hash_None_verify_kzg_proof_case_incorrect_proof_83e53423a2dd93fe_[0m

      [31m✖ [0mtest timeout (60s)[0m

 [101mFAIL[0m [37m› [0m[93mgenerated.state_tests.eest.cancun.eip4844_blobs.point_evaluation_precompile.external_vectors.test.tests_eest_cancun_eip4844_blobs_test_point_evaluation_precompile_py__test_external_vectors_fork_Prague_state_test_versioned_hash_None_verify_kzg_proof_case_incorrect_proof_9b24f8997145435c_[0m

      [31m✖ [0mtest timeout (60s)[0m

 [101mFAIL[0m [37m› [0m[93mgenerated.state_tests.eest.cancun.eip4844_blobs.point_evaluation_precompile.external_vectors.test.tests_eest_cancun_eip4844_blobs_test_point_evaluation_precompile_py__test_external_vectors_fork_Prague_state_test_versioned_hash_None_verify_kzg_proof_case_incorrect_proof_9b754afb690c47e1_[0m

      [31m✖ [0mtest timeout (60s)[0m

 [101mFAIL[0m [37m› [0m[93mgenerated.state_tests.eest.cancun.eip4844_blobs.point_evaluation_precompile.external_vectors.test.tests_eest_cancun_eip4844_blobs_test_point_evaluation_precompile_py__test_external_vectors_fork_Prague_state_test_versioned_hash_None_verify_kzg_proof_case_incorrect_proof_a0be66af9a97ea52_[0m

      [31m✖ [0mtest timeout (60s)[0m

 [101mFAIL[0m [37m› [0m[93mgenerated.state_tests.eest.cancun.eip4844_blobs.point_evaluation_precompile.external_vectors.test.tests_eest_cancun_eip4844_blobs_test_point_evaluation_precompile_py__test_external_vectors_fork_Prague_state_test_versioned_hash_None_verify_kzg_proof_case_incorrect_proof_af669445747d2585_[0m

      [31m✖ [0mtest timeout (60s)[0m

 [101mFAIL[0m [37m› [0m[93mgenerated.state_tests.eest.cancun.eip4844_blobs.point_evaluation_precompile.external_vectors.test.tests_eest_cancun_eip4844_blobs_test_point_evaluation_precompile_py__test_external_vectors_fork_Prague_state_test_versioned_hash_None_verify_kzg_proof_case_incorrect_proof_af8b75f664ed7d43_[0m

      [31m✖ [0mtest timeout (60s)[0m

 [101mFAIL[0m [37m› [0m[93mgenerated.state_tests.eest.cancun.eip4844_blobs.point_evaluation_precompile.external_vectors.test.tests_eest_cancun_eip4844_blobs_test_point_evaluation_precompile_py__test_external_vectors_fork_Prague_state_test_versioned_hash_None_verify_kzg_proof_case_incorrect_proof_b6cb6698327d9835_[0m

      [31m✖ [0mtest timeout (60s)[0m

 [101mFAIL[0m [37m› [0m[93mgenerated.state_tests.eest.cancun.eip4844_blobs.point_evaluation_precompile.external_vectors.test.tests_eest_cancun_eip4844_blobs_test_point_evaluation_precompile_py__test_external_vectors_fork_Prague_state_test_versioned_hash_None_verify_kzg_proof_case_incorrect_proof_b6ec3736f9ff2c62_[0m

      [31m✖ [0mtest timeout (60s)[0m

 [101mFAIL[0m [37m› [0m[93mgenerated.state_tests.eest.cancun.eip4844_blobs.point_evaluation_precompile.external_vectors.test.tests_eest_cancun_eip4844_blobs_test_point_evaluation_precompile_py__test_external_vectors_fork_Prague_state_test_versioned_hash_None_verify_kzg_proof_case_incorrect_proof_becf2e1641bbd4e6_[0m

      [31m✖ [0mtest timeout (60s)[0m

 [101mFAIL[0m [37m› [0m[93mgenerated.state_tests.eest.cancun.eip4844_blobs.point_evaluation_precompile.external_vectors.test.tests_eest_cancun_eip4844_blobs_test_point_evaluation_precompile_py__test_external_vectors_fork_Prague_state_test_versioned_hash_None_verify_kzg_proof_case_incorrect_proof_c3d4322ec17fe7cd_[0m

      [31m✖ [0mtest timeout (60s)[0m

 [101mFAIL[0m [37m› [0m[93mgenerated.state_tests.eest.cancun.eip4844_blobs.point_evaluation_precompile.external_vectors.test.tests_eest_cancun_eip4844_blobs_test_point_evaluation_precompile_py__test_external_vectors_fork_Prague_state_test_versioned_hash_None_verify_kzg_proof_case_incorrect_proof_c5e1490d672d026d_[0m

      [31m✖ [0mtest timeout (60s)[0m

 [101mFAIL[0m [37m› [0m[93mgenerated.state_tests.eest.cancun.eip4844_blobs.point_evaluation_precompile.external_vectors.test.tests_eest_cancun_eip4844_blobs_test_point_evaluation_precompile_py__test_external_vectors_fork_Prague_state_test_versioned_hash_None_verify_kzg_proof_case_incorrect_proof_cae5d3491190b777_[0m

      [31m✖ [0mtest timeout (60s)[0m

 [101mFAIL[0m [37m› [0m[93mgenerated.state_tests.eest.cancun.eip4844_blobs.point_evaluation_precompile.external_vectors.test.tests_eest_cancun_eip4844_blobs_test_point_evaluation_precompile_py__test_external_vectors_fork_Prague_state_test_versioned_hash_None_verify_kzg_proof_case_incorrect_proof_d0992bc0387790a4_[0m

      [31m✖ [0mtest timeout (60s)[0m

 [101mFAIL[0m [37m› [0m[93mgenerated.state_tests.eest.cancun.eip4844_blobs.point_evaluation_precompile.external_vectors.test.tests_eest_cancun_eip4844_blobs_test_point_evaluation_precompile_py__test_external_vectors_fork_Prague_state_test_versioned_hash_None_verify_kzg_proof_case_incorrect_proof_d736268229bd87ec_[0m

      [31m✖ [0mtest timeout (60s)[0m

 [101mFAIL[0m [37m› [0m[93mgenerated.state_tests.eest.cancun.eip4844_blobs.point_evaluation_precompile.external_vectors.test.tests_eest_cancun_eip4844_blobs_test_point_evaluation_precompile_py__test_external_vectors_fork_Prague_state_test_versioned_hash_None_verify_kzg_proof_case_incorrect_proof_e68d7111a2364a49_[0m

      [31m✖ [0mtest timeout (60s)[0m

 [101mFAIL[0m [37m› [0m[93mgenerated.state_tests.eest.cancun.eip4844_blobs.point_evaluation_precompile.external_vectors.test.tests_eest_cancun_eip4844_blobs_test_point_evaluation_precompile_py__test_external_vectors_fork_Prague_state_test_versioned_hash_None_verify_kzg_proof_case_incorrect_proof_ed6b180ec759bcf6_[0m

      [31m✖ [0mtest timeout (60s)[0m

 [101mFAIL[0m [37m› [0m[93mgenerated.state_tests.eest.cancun.eip4844_blobs.point_evaluation_precompile.external_vectors.test.tests_eest_cancun_eip4844_blobs_test_point_evaluation_precompile_py__test_external_vectors_fork_Prague_state_test_versioned_hash_None_verify_kzg_proof_case_incorrect_proof_f0ed3dc11cdeb130_[0m

      [31m✖ [0mtest timeout (60s)[0m

 [101mFAIL[0m [37m› [0m[93mgenerated.state_tests.eest.cancun.eip4844_blobs.point_evaluation_precompile.external_vectors.test.tests_eest_cancun_eip4844_blobs_test_point_evaluation_precompile_py__test_external_vectors_fork_Prague_state_test_versioned_hash_None_verify_kzg_proof_case_incorrect_proof_f47eb9fc139f6bfd_[0m

      [31m✖ [0mtest timeout (60s)[0m

 [101mFAIL[0m [37m› [0m[93mgenerated.state_tests.eest.cancun.eip4844_blobs.point_evaluation_precompile.external_vectors.test.tests_eest_cancun_eip4844_blobs_test_point_evaluation_precompile_py__test_external_vectors_fork_Prague_state_test_versioned_hash_None_verify_kzg_proof_case_incorrect_proof_f7f44e1e864aa967_[0m

      [31m✖ [0mtest timeout (60s)[0m

 [101mFAIL[0m [37m› [0m[93mgenerated.state_tests.eest.cancun.eip4844_blobs.point_evaluation_precompile.external_vectors.test.tests_eest_cancun_eip4844_blobs_test_point_evaluation_precompile_py__test_external_vectors_fork_Prague_state_test_versioned_hash_None_verify_kzg_proof_case_incorrect_proof_ffa6e97b97146517_[0m

      [31m✖ [0mtest timeout (60s)[0m

 [101mFAIL[0m [37m› [0m[93mgenerated.state_tests.eest.cancun.eip4844_blobs.point_evaluation_precompile.external_vectors.test.tests_eest_cancun_eip4844_blobs_test_point_evaluation_precompile_py__test_external_vectors_fork_Prague_state_test_versioned_hash_None_verify_kzg_proof_case_incorrect_proof_point_at_infinity_392169c16a2e5ef6_[0m

      [31m✖ [0mtest timeout (60s)[0m

 [101mFAIL[0m [37m› [0m[93mgenerated.state_tests.eest.cancun.eip4844_blobs.point_evaluation_precompile.external_vectors.test.tests_eest_cancun_eip4844_blobs_test_point_evaluation_precompile_py__test_external_vectors_fork_Prague_state_test_versioned_hash_None_verify_kzg_proof_case_incorrect_proof_point_at_infinity_3c1e8b38219e3e12_[0m

      [31m✖ [0mtest timeout (60s)[0m

 [101mFAIL[0m [37m› [0m[93mgenerated.state_tests.eest.cancun.eip4844_blobs.point_evaluation_precompile.external_vectors.test.tests_eest_cancun_eip4844_blobs_test_point_evaluation_precompile_py__test_external_vectors_fork_Prague_state_test_versioned_hash_None_verify_kzg_proof_case_incorrect_proof_point_at_infinity_3c87ec986c2656c2_[0m

      [31m✖ [0mtest timeout (60s)[0m

 [101mFAIL[0m [37m› [0m[93mgenerated.state_tests.eest.cancun.eip4844_blobs.point_evaluation_precompile.external_vectors.test.tests_eest_cancun_eip4844_blobs_test_point_evaluation_precompile_py__test_external_vectors_fork_Prague_state_test_versioned_hash_None_verify_kzg_proof_case_incorrect_proof_point_at_infinity_420f2a187ce77035_[0m

      [31m✖ [0mtest timeout (60s)[0m

 [101mFAIL[0m [37m› [0m[93mgenerated.state_tests.eest.cancun.eip4844_blobs.point_evaluation_precompile.external_vectors.test.tests_eest_cancun_eip4844_blobs_test_point_evaluation_precompile_py__test_external_vectors_fork_Prague_state_test_versioned_hash_None_verify_kzg_proof_case_incorrect_proof_point_at_infinity_83e53423a2dd93fe_[0m

      [31m✖ [0mtest timeout (60s)[0m

 [101mFAIL[0m [37m› [0m[93mgenerated.state_tests.eest.cancun.eip4844_blobs.point_evaluation_precompile.external_vectors.test.tests_eest_cancun_eip4844_blobs_test_point_evaluation_precompile_py__test_external_vectors_fork_Prague_state_test_versioned_hash_None_verify_kzg_proof_case_incorrect_proof_point_at_infinity_ed6b180ec759bcf6_[0m

      [31m✖ [0mtest timeout (60s)[0m

 [101mFAIL[0m [37m› [0m[93mgenerated.state_tests.eest.cancun.eip4844_blobs.point_evaluation_precompile.external_vectors.test.tests_eest_cancun_eip4844_blobs_test_point_evaluation_precompile_py__test_external_vectors_fork_Prague_state_test_versioned_hash_None_verify_kzg_proof_case_invalid_commitment_32afa9561a4b3b91_[0m

      [31m✖ [0mtest timeout (60s)[0m

 [101mFAIL[0m [37m› [0m[93mgenerated.state_tests.eest.cancun.eip4844_blobs.point_evaluation_precompile.external_vectors.test.tests_eest_cancun_eip4844_blobs_test_point_evaluation_precompile_py__test_external_vectors_fork_Prague_state_test_versioned_hash_None_verify_kzg_proof_case_invalid_commitment_e9d3e9ec16fbc15f_[0m

      [31m✖ [0mtest timeout (60s)[0m

 [101mFAIL[0m [37m› [0m[93mgenerated.state_tests.eest.cancun.eip4844_blobs.point_evaluation_precompile.external_vectors.test.tests_eest_cancun_eip4844_blobs_test_point_evaluation_precompile_py__test_external_vectors_fork_Prague_state_test_versioned_hash_None_verify_kzg_proof_case_invalid_proof_32afa9561a4b3b91_[0m

      [31m✖ [0mtest timeout (60s)[0m

 [101mFAIL[0m [37m› [0m[93mgenerated.state_tests.eest.cancun.eip4844_blobs.point_evaluation_precompile.external_vectors.test.tests_eest_cancun_eip4844_blobs_test_point_evaluation_precompile_py__test_external_vectors_fork_Prague_state_test_versioned_hash_None_verify_kzg_proof_case_invalid_proof_e9d3e9ec16fbc15f_[0m

      [31m✖ [0mtest timeout (60s)[0m

 [101mFAIL[0m [37m› [0m[93mgenerated.state_tests.eest.cancun.eip4844_blobs.point_evaluation_precompile.external_vectors.test.tests_eest_cancun_eip4844_blobs_test_point_evaluation_precompile_py__test_external_vectors_fork_Prague_state_test_versioned_hash_None_verify_kzg_proof_case_invalid_y_35d08d612aad2197_[0m

      [31m✖ [0mtest timeout (60s)[0m

 [101mFAIL[0m [37m› [0m[93mgenerated.state_tests.eest.cancun.eip4844_blobs.point_evaluation_precompile.external_vectors.test.tests_eest_cancun_eip4844_blobs_test_point_evaluation_precompile_py__test_external_vectors_fork_Prague_state_test_versioned_hash_None_verify_kzg_proof_case_invalid_y_4aa6def8c35c9097_[0m

      [31m✖ [0mtest timeout (60s)[0m

 [101mFAIL[0m [37m› [0m[93mgenerated.state_tests.eest.cancun.eip4844_blobs.point_evaluation_precompile.external_vectors.test.tests_eest_cancun_eip4844_blobs_test_point_evaluation_precompile_py__test_external_vectors_fork_Prague_state_test_versioned_hash_None_verify_kzg_proof_case_invalid_y_64b9ff2b8f7dddee_[0m

      [31m✖ [0mtest timeout (60s)[0m

 [101mFAIL[0m [37m› [0m[93mgenerated.state_tests.eest.cancun.eip4844_blobs.point_evaluation_precompile.external_vectors.test.tests_eest_cancun_eip4844_blobs_test_point_evaluation_precompile_py__test_external_vectors_fork_Prague_state_test_versioned_hash_None_verify_kzg_proof_case_invalid_y_eb0601fec84cc5e9_[0m

      [31m✖ [0mtest timeout (60s)[0m

 [101mFAIL[0m [37m› [0m[93mgenerated.state_tests.eest.cancun.eip4844_blobs.point_evaluation_precompile.external_vectors.test.tests_eest_cancun_eip4844_blobs_test_point_evaluation_precompile_py__test_external_vectors_fork_Prague_state_test_versioned_hash_None_verify_kzg_proof_case_invalid_z_35d08d612aad2197_[0m

      [31m✖ [0mtest timeout (60s)[0m

 [101mFAIL[0m [37m› [0m[93mgenerated.state_tests.eest.cancun.eip4844_blobs.point_evaluation_precompile.external_vectors.test.tests_eest_cancun_eip4844_blobs_test_point_evaluation_precompile_py__test_external_vectors_fork_Prague_state_test_versioned_hash_None_verify_kzg_proof_case_invalid_z_4aa6def8c35c9097_[0m

      [31m✖ [0mtest timeout (60s)[0m

 [101mFAIL[0m [37m› [0m[93mgenerated.state_tests.eest.cancun.eip4844_blobs.point_evaluation_precompile.external_vectors.test.tests_eest_cancun_eip4844_blobs_test_point_evaluation_precompile_py__test_external_vectors_fork_Prague_state_test_versioned_hash_None_verify_kzg_proof_case_invalid_z_64b9ff2b8f7dddee_[0m

      [31m✖ [0mtest timeout (60s)[0m

 [101mFAIL[0m [37m› [0m[93mgenerated.state_tests.eest.cancun.eip4844_blobs.point_evaluation_precompile.external_vectors.test.tests_eest_cancun_eip4844_blobs_test_point_evaluation_precompile_py__test_external_vectors_fork_Prague_state_test_versioned_hash_None_verify_kzg_proof_case_invalid_z_eb0601fec84cc5e9_[0m

      [31m✖ [0mtest timeout (60s)[0m

 [101mFAIL[0m [37m› [0m[93mgenerated.state_tests.eest.cancun.eip4844_blobs.point_evaluation_precompile.invalid_inputs.test.tests_eest_cancun_eip4844_blobs_test_point_evaluation_precompile_py__test_invalid_inputs_fork_Cancun_state_test_result_Result_FAILURE_null_inputs_[0m

      [31m✖ [0mtest failed[0m

 [101mFAIL[0m [37m› [0m[93mgenerated.state_tests.eest.cancun.eip4844_blobs.point_evaluation_precompile.invalid_inputs.test.tests_eest_cancun_eip4844_blobs_test_point_evaluation_precompile_py__test_invalid_inputs_fork_Cancun_state_test_result_Result_FAILURE_out_of_bounds_y_[0m

      [31m✖ [0mtest timeout (60s)[0m

 [101mFAIL[0m [37m› [0m[93mgenerated.state_tests.eest.cancun.eip4844_blobs.point_evaluation_precompile.invalid_inputs.test.tests_eest_cancun_eip4844_blobs_test_point_evaluation_precompile_py__test_invalid_inputs_fork_Cancun_state_test_result_Result_FAILURE_out_of_bounds_z_[0m

      [31m✖ [0mtest timeout (60s)[0m

 [101mFAIL[0m [37m› [0m[93mgenerated.state_tests.eest.cancun.eip4844_blobs.point_evaluation_precompile.invalid_inputs.test.tests_eest_cancun_eip4844_blobs_test_point_evaluation_precompile_py__test_invalid_inputs_fork_Cancun_state_test_result_Result_FAILURE_zeros_inputs_correct_versioned_hash_[0m

      [31m✖ [0mtest timeout (60s)[0m

 [101mFAIL[0m [37m› [0m[93mgenerated.state_tests.eest.cancun.eip4844_blobs.point_evaluation_precompile.invalid_inputs.test.tests_eest_cancun_eip4844_blobs_test_point_evaluation_precompile_py__test_invalid_inputs_fork_Prague_state_test_result_Result_FAILURE_null_inputs_[0m

      [31m✖ [0mtest failed[0m

 [101mFAIL[0m [37m› [0m[93mgenerated.state_tests.eest.cancun.eip4844_blobs.point_evaluation_precompile.invalid_inputs.test.tests_eest_cancun_eip4844_blobs_test_point_evaluation_precompile_py__test_invalid_inputs_fork_Prague_state_test_result_Result_FAILURE_out_of_bounds_y_[0m

      [31m✖ [0mtest timeout (60s)[0m

 [101mFAIL[0m [37m› [0m[93mgenerated.state_tests.eest.cancun.eip4844_blobs.point_evaluation_precompile.invalid_inputs.test.tests_eest_cancun_eip4844_blobs_test_point_evaluation_precompile_py__test_invalid_inputs_fork_Prague_state_test_result_Result_FAILURE_out_of_bounds_z_[0m

      [31m✖ [0mtest timeout (60s)[0m

 [101mFAIL[0m [37m› [0m[93mgenerated.state_tests.eest.cancun.eip4844_blobs.point_evaluation_precompile.invalid_inputs.test.tests_eest_cancun_eip4844_blobs_test_point_evaluation_precompile_py__test_invalid_inputs_fork_Prague_state_test_result_Result_FAILURE_zeros_inputs_correct_versioned_hash_[0m

      [31m✖ [0mtest timeout (60s)[0m

 [101mFAIL[0m [37m› [0m[93mgenerated.state_tests.eest.cancun.eip4844_blobs.point_evaluation_precompile.precompile_before_fork.test.tests_eest_cancun_eip4844_blobs_test_point_evaluation_precompile_py__test_precompile_before_fork_fork_Shanghai_state_test____correct_proof_[0m

      [31m✖ [0mtest failed[0m

 [101mFAIL[0m [37m› [0m[93mgenerated.state_tests.eest.cancun.eip4844_blobs.point_evaluation_precompile.tx_entry_point.test.tests_eest_cancun_eip4844_blobs_test_point_evaluation_precompile_py__test_tx_entry_point_fork_Cancun_state_test_correct_proof_exact_gas_[0m

      [31m✖ [0mtest failed[0m

 [101mFAIL[0m [37m› [0m[93mgenerated.state_tests.eest.cancun.eip4844_blobs.point_evaluation_precompile.tx_entry_point.test.tests_eest_cancun_eip4844_blobs_test_point_evaluation_precompile_py__test_tx_entry_point_fork_Cancun_state_test_correct_proof_extra_gas_[0m

      [31m✖ [0mtest failed[0m

 [101mFAIL[0m [37m› [0m[93mgenerated.state_tests.eest.cancun.eip4844_blobs.point_evaluation_precompile.tx_entry_point.test.tests_eest_cancun_eip4844_blobs_test_point_evaluation_precompile_py__test_tx_entry_point_fork_Cancun_state_test_correct_proof_insufficient_gas_[0m

      [31m✖ [0mtest failed[0m

 [101mFAIL[0m [37m› [0m[93mgenerated.state_tests.eest.cancun.eip4844_blobs.point_evaluation_precompile.tx_entry_point.test.tests_eest_cancun_eip4844_blobs_test_point_evaluation_precompile_py__test_tx_entry_point_fork_Cancun_state_test_incorrect_proof_exact_gas_[0m

      [31m✖ [0mtest failed[0m

 [101mFAIL[0m [37m› [0m[93mgenerated.state_tests.eest.cancun.eip4844_blobs.point_evaluation_precompile.tx_entry_point.test.tests_eest_cancun_eip4844_blobs_test_point_evaluation_precompile_py__test_tx_entry_point_fork_Cancun_state_test_incorrect_proof_extra_gas_[0m

      [31m✖ [0mtest failed[0m

 [101mFAIL[0m [37m› [0m[93mgenerated.state_tests.eest.cancun.eip4844_blobs.point_evaluation_precompile.tx_entry_point.test.tests_eest_cancun_eip4844_blobs_test_point_evaluation_precompile_py__test_tx_entry_point_fork_Cancun_state_test_incorrect_proof_insufficient_gas_[0m

      [31m✖ [0mtest failed[0m

 [101mFAIL[0m [37m› [0m[93mgenerated.state_tests.eest.cancun.eip4844_blobs.point_evaluation_precompile.tx_entry_point.test.tests_eest_cancun_eip4844_blobs_test_point_evaluation_precompile_py__test_tx_entry_point_fork_Prague_state_test_correct_proof_exact_gas_[0m

      [31m✖ [0mtest failed[0m

 [101mFAIL[0m [37m› [0m[93mgenerated.state_tests.eest.cancun.eip4844_blobs.point_evaluation_precompile.tx_entry_point.test.tests_eest_cancun_eip4844_blobs_test_point_evaluation_precompile_py__test_tx_entry_point_fork_Prague_state_test_correct_proof_extra_gas_[0m

      [31m✖ [0mtest failed[0m

 [101mFAIL[0m [37m› [0m[93mgenerated.state_tests.eest.cancun.eip4844_blobs.point_evaluation_precompile.tx_entry_point.test.tests_eest_cancun_eip4844_blobs_test_point_evaluation_precompile_py__test_tx_entry_point_fork_Prague_state_test_correct_proof_insufficient_gas_[0m

      [31m✖ [0mtest failed[0m

 [101mFAIL[0m [37m› [0m[93mgenerated.state_tests.eest.cancun.eip4844_blobs.point_evaluation_precompile.tx_entry_point.test.tests_eest_cancun_eip4844_blobs_test_point_evaluation_precompile_py__test_tx_entry_point_fork_Prague_state_test_incorrect_proof_exact_gas_[0m

      [31m✖ [0mtest failed[0m

 [101mFAIL[0m [37m› [0m[93mgenerated.state_tests.eest.cancun.eip4844_blobs.point_evaluation_precompile.tx_entry_point.test.tests_eest_cancun_eip4844_blobs_test_point_evaluation_precompile_py__test_tx_entry_point_fork_Prague_state_test_incorrect_proof_extra_gas_[0m

      [31m✖ [0mtest failed[0m

 [101mFAIL[0m [37m› [0m[93mgenerated.state_tests.eest.cancun.eip4844_blobs.point_evaluation_precompile.tx_entry_point.test.tests_eest_cancun_eip4844_blobs_test_point_evaluation_precompile_py__test_tx_entry_point_fork_Prague_state_test_incorrect_proof_insufficient_gas_[0m

      [31m✖ [0mtest failed[0m

 [101mFAIL[0m [37m› [0m[93mgenerated.state_tests.eest.cancun.eip4844_blobs.point_evaluation_precompile.valid_inputs.test.tests_eest_cancun_eip4844_blobs_test_point_evaluation_precompile_py__test_valid_inputs_fork_Cancun_state_test_result_Result_SUCCESS_in_bounds_z_[0m

      [31m✖ [0mtest timeout (60s)[0m

 [101mFAIL[0m [37m› [0m[93mgenerated.state_tests.eest.cancun.eip4844_blobs.point_evaluation_precompile.valid_inputs.test.tests_eest_cancun_eip4844_blobs_test_point_evaluation_precompile_py__test_valid_inputs_fork_Cancun_state_test_result_Result_SUCCESS_mainnet_1_[0m

      [31m✖ [0mtest timeout (60s)[0m

 [101mFAIL[0m [37m› [0m[93mgenerated.state_tests.eest.cancun.eip4844_blobs.point_evaluation_precompile.valid_inputs.test.tests_eest_cancun_eip4844_blobs_test_point_evaluation_precompile_py__test_valid_inputs_fork_Prague_state_test_result_Result_SUCCESS_in_bounds_z_[0m

      [31m✖ [0mtest timeout (60s)[0m

 [101mFAIL[0m [37m› [0m[93mgenerated.state_tests.eest.cancun.eip4844_blobs.point_evaluation_precompile.valid_inputs.test.tests_eest_cancun_eip4844_blobs_test_point_evaluation_precompile_py__test_valid_inputs_fork_Prague_state_test_result_Result_SUCCESS_mainnet_1_[0m

      [31m✖ [0mtest timeout (60s)[0m

 [101mFAIL[0m [37m› [0m[93mgenerated.state_tests.eest.cancun.eip4844_blobs.point_evaluation_precompile_gas.point_evaluation_precompile_gas_usage.test.tests_eest_cancun_eip4844_blobs_test_point_evaluation_precompile_gas_py__test_point_evaluation_precompile_gas_usage_fork_Cancun_state_test_proof_correct_exact_gas_call_type_CALLCODE_[0m

      [31m✖ [0mtest timeout (60s)[0m

 [101mFAIL[0m [37m› [0m[93mgenerated.state_tests.eest.cancun.eip4844_blobs.point_evaluation_precompile_gas.point_evaluation_precompile_gas_usage.test.tests_eest_cancun_eip4844_blobs_test_point_evaluation_precompile_gas_py__test_point_evaluation_precompile_gas_usage_fork_Cancun_state_test_proof_correct_exact_gas_call_type_CALL_[0m

      [31m✖ [0mtest timeout (60s)[0m

 [101mFAIL[0m [37m› [0m[93mgenerated.state_tests.eest.cancun.eip4844_blobs.point_evaluation_precompile_gas.point_evaluation_precompile_gas_usage.test.tests_eest_cancun_eip4844_blobs_test_point_evaluation_precompile_gas_py__test_point_evaluation_precompile_gas_usage_fork_Cancun_state_test_proof_correct_exact_gas_call_type_DELEGATECALL_[0m

      [31m✖ [0mtest timeout (60s)[0m

 [101mFAIL[0m [37m› [0m[93mgenerated.state_tests.eest.cancun.eip4844_blobs.point_evaluation_precompile_gas.point_evaluation_precompile_gas_usage.test.tests_eest_cancun_eip4844_blobs_test_point_evaluation_precompile_gas_py__test_point_evaluation_precompile_gas_usage_fork_Cancun_state_test_proof_correct_exact_gas_call_type_STATICCALL_[0m

      [31m✖ [0mtest timeout (60s)[0m

 [101mFAIL[0m [37m› [0m[93mgenerated.state_tests.eest.cancun.eip4844_blobs.point_evaluation_precompile_gas.point_evaluation_precompile_gas_usage.test.tests_eest_cancun_eip4844_blobs_test_point_evaluation_precompile_gas_py__test_point_evaluation_precompile_gas_usage_fork_Cancun_state_test_proof_correct_extra_gas_call_type_CALLCODE_[0m

      [31m✖ [0mtest timeout (60s)[0m

 [101mFAIL[0m [37m› [0m[93mgenerated.state_tests.eest.cancun.eip4844_blobs.point_evaluation_precompile_gas.point_evaluation_precompile_gas_usage.test.tests_eest_cancun_eip4844_blobs_test_point_evaluation_precompile_gas_py__test_point_evaluation_precompile_gas_usage_fork_Cancun_state_test_proof_correct_extra_gas_call_type_CALL_[0m

      [31m✖ [0mtest timeout (60s)[0m

 [101mFAIL[0m [37m› [0m[93mgenerated.state_tests.eest.cancun.eip4844_blobs.point_evaluation_precompile_gas.point_evaluation_precompile_gas_usage.test.tests_eest_cancun_eip4844_blobs_test_point_evaluation_precompile_gas_py__test_point_evaluation_precompile_gas_usage_fork_Cancun_state_test_proof_correct_extra_gas_call_type_DELEGATECALL_[0m

      [31m✖ [0mtest timeout (60s)[0m

 [101mFAIL[0m [37m› [0m[93mgenerated.state_tests.eest.cancun.eip4844_blobs.point_evaluation_precompile_gas.point_evaluation_precompile_gas_usage.test.tests_eest_cancun_eip4844_blobs_test_point_evaluation_precompile_gas_py__test_point_evaluation_precompile_gas_usage_fork_Cancun_state_test_proof_correct_extra_gas_call_type_STATICCALL_[0m

      [31m✖ [0mtest timeout (60s)[0m

 [101mFAIL[0m [37m› [0m[93mgenerated.state_tests.eest.cancun.eip4844_blobs.point_evaluation_precompile_gas.point_evaluation_precompile_gas_usage.test.tests_eest_cancun_eip4844_blobs_test_point_evaluation_precompile_gas_py__test_point_evaluation_precompile_gas_usage_fork_Cancun_state_test_proof_incorrect_exact_gas_call_type_CALLCODE_[0m

      [31m✖ [0mtest timeout (60s)[0m

 [101mFAIL[0m [37m› [0m[93mgenerated.state_tests.eest.cancun.eip4844_blobs.point_evaluation_precompile_gas.point_evaluation_precompile_gas_usage.test.tests_eest_cancun_eip4844_blobs_test_point_evaluation_precompile_gas_py__test_point_evaluation_precompile_gas_usage_fork_Cancun_state_test_proof_incorrect_exact_gas_call_type_CALL_[0m

      [31m✖ [0mtest timeout (60s)[0m

 [101mFAIL[0m [37m› [0m[93mgenerated.state_tests.eest.cancun.eip4844_blobs.point_evaluation_precompile_gas.point_evaluation_precompile_gas_usage.test.tests_eest_cancun_eip4844_blobs_test_point_evaluation_precompile_gas_py__test_point_evaluation_precompile_gas_usage_fork_Cancun_state_test_proof_incorrect_exact_gas_call_type_DELEGATECALL_[0m

      [31m✖ [0mtest timeout (60s)[0m

 [101mFAIL[0m [37m› [0m[93mgenerated.state_tests.eest.cancun.eip4844_blobs.point_evaluation_precompile_gas.point_evaluation_precompile_gas_usage.test.tests_eest_cancun_eip4844_blobs_test_point_evaluation_precompile_gas_py__test_point_evaluation_precompile_gas_usage_fork_Cancun_state_test_proof_incorrect_exact_gas_call_type_STATICCALL_[0m

      [31m✖ [0mtest timeout (60s)[0m

 [101mFAIL[0m [37m› [0m[93mgenerated.state_tests.eest.cancun.eip4844_blobs.point_evaluation_precompile_gas.point_evaluation_precompile_gas_usage.test.tests_eest_cancun_eip4844_blobs_test_point_evaluation_precompile_gas_py__test_point_evaluation_precompile_gas_usage_fork_Cancun_state_test_proof_incorrect_extra_gas_call_type_CALLCODE_[0m

      [31m✖ [0mtest timeout (60s)[0m

 [101mFAIL[0m [37m› [0m[93mgenerated.state_tests.eest.cancun.eip4844_blobs.point_evaluation_precompile_gas.point_evaluation_precompile_gas_usage.test.tests_eest_cancun_eip4844_blobs_test_point_evaluation_precompile_gas_py__test_point_evaluation_precompile_gas_usage_fork_Cancun_state_test_proof_incorrect_extra_gas_call_type_CALL_[0m

      [31m✖ [0mtest timeout (60s)[0m

 [101mFAIL[0m [37m› [0m[93mgenerated.state_tests.eest.cancun.eip4844_blobs.point_evaluation_precompile_gas.point_evaluation_precompile_gas_usage.test.tests_eest_cancun_eip4844_blobs_test_point_evaluation_precompile_gas_py__test_point_evaluation_precompile_gas_usage_fork_Cancun_state_test_proof_incorrect_extra_gas_call_type_DELEGATECALL_[0m

      [31m✖ [0mtest timeout (60s)[0m

 [101mFAIL[0m [37m› [0m[93mgenerated.state_tests.eest.cancun.eip4844_blobs.point_evaluation_precompile_gas.point_evaluation_precompile_gas_usage.test.tests_eest_cancun_eip4844_blobs_test_point_evaluation_precompile_gas_py__test_point_evaluation_precompile_gas_usage_fork_Cancun_state_test_proof_incorrect_extra_gas_call_type_STATICCALL_[0m

      [31m✖ [0mtest timeout (60s)[0m

 [101mFAIL[0m [37m› [0m[93mgenerated.state_tests.eest.cancun.eip4844_blobs.point_evaluation_precompile_gas.point_evaluation_precompile_gas_usage.test.tests_eest_cancun_eip4844_blobs_test_point_evaluation_precompile_gas_py__test_point_evaluation_precompile_gas_usage_fork_Prague_state_test_proof_correct_exact_gas_call_type_CALLCODE_[0m

      [31m✖ [0mtest timeout (60s)[0m

 [101mFAIL[0m [37m› [0m[93mgenerated.state_tests.eest.cancun.eip4844_blobs.point_evaluation_precompile_gas.point_evaluation_precompile_gas_usage.test.tests_eest_cancun_eip4844_blobs_test_point_evaluation_precompile_gas_py__test_point_evaluation_precompile_gas_usage_fork_Prague_state_test_proof_correct_exact_gas_call_type_CALL_[0m

      [31m✖ [0mtest timeout (60s)[0m

 [101mFAIL[0m [37m› [0m[93mgenerated.state_tests.eest.cancun.eip4844_blobs.point_evaluation_precompile_gas.point_evaluation_precompile_gas_usage.test.tests_eest_cancun_eip4844_blobs_test_point_evaluation_precompile_gas_py__test_point_evaluation_precompile_gas_usage_fork_Prague_state_test_proof_correct_exact_gas_call_type_DELEGATECALL_[0m

      [31m✖ [0mtest timeout (60s)[0m

 [101mFAIL[0m [37m› [0m[93mgenerated.state_tests.eest.cancun.eip4844_blobs.point_evaluation_precompile_gas.point_evaluation_precompile_gas_usage.test.tests_eest_cancun_eip4844_blobs_test_point_evaluation_precompile_gas_py__test_point_evaluation_precompile_gas_usage_fork_Prague_state_test_proof_correct_exact_gas_call_type_STATICCALL_[0m

      [31m✖ [0mtest timeout (60s)[0m

 [101mFAIL[0m [37m› [0m[93mgenerated.state_tests.eest.cancun.eip4844_blobs.point_evaluation_precompile_gas.point_evaluation_precompile_gas_usage.test.tests_eest_cancun_eip4844_blobs_test_point_evaluation_precompile_gas_py__test_point_evaluation_precompile_gas_usage_fork_Prague_state_test_proof_correct_extra_gas_call_type_CALLCODE_[0m

      [31m✖ [0mtest timeout (60s)[0m

 [101mFAIL[0m [37m› [0m[93mgenerated.state_tests.eest.cancun.eip4844_blobs.point_evaluation_precompile_gas.point_evaluation_precompile_gas_usage.test.tests_eest_cancun_eip4844_blobs_test_point_evaluation_precompile_gas_py__test_point_evaluation_precompile_gas_usage_fork_Prague_state_test_proof_correct_extra_gas_call_type_CALL_[0m

      [31m✖ [0mtest timeout (60s)[0m

 [101mFAIL[0m [37m› [0m[93mgenerated.state_tests.eest.cancun.eip4844_blobs.point_evaluation_precompile_gas.point_evaluation_precompile_gas_usage.test.tests_eest_cancun_eip4844_blobs_test_point_evaluation_precompile_gas_py__test_point_evaluation_precompile_gas_usage_fork_Prague_state_test_proof_correct_extra_gas_call_type_DELEGATECALL_[0m

      [31m✖ [0mtest timeout (60s)[0m

 [101mFAIL[0m [37m› [0m[93mgenerated.state_tests.eest.cancun.eip4844_blobs.point_evaluation_precompile_gas.point_evaluation_precompile_gas_usage.test.tests_eest_cancun_eip4844_blobs_test_point_evaluation_precompile_gas_py__test_point_evaluation_precompile_gas_usage_fork_Prague_state_test_proof_correct_extra_gas_call_type_STATICCALL_[0m

      [31m✖ [0mtest timeout (60s)[0m

 [101mFAIL[0m [37m› [0m[93mgenerated.state_tests.eest.cancun.eip4844_blobs.point_evaluation_precompile_gas.point_evaluation_precompile_gas_usage.test.tests_eest_cancun_eip4844_blobs_test_point_evaluation_precompile_gas_py__test_point_evaluation_precompile_gas_usage_fork_Prague_state_test_proof_incorrect_exact_gas_call_type_CALLCODE_[0m

      [31m✖ [0mtest timeout (60s)[0m

 [101mFAIL[0m [37m› [0m[93mgenerated.state_tests.eest.cancun.eip4844_blobs.point_evaluation_precompile_gas.point_evaluation_precompile_gas_usage.test.tests_eest_cancun_eip4844_blobs_test_point_evaluation_precompile_gas_py__test_point_evaluation_precompile_gas_usage_fork_Prague_state_test_proof_incorrect_exact_gas_call_type_CALL_[0m

      [31m✖ [0mtest timeout (60s)[0m

 [101mFAIL[0m [37m› [0m[93mgenerated.state_tests.eest.cancun.eip4844_blobs.point_evaluation_precompile_gas.point_evaluation_precompile_gas_usage.test.tests_eest_cancun_eip4844_blobs_test_point_evaluation_precompile_gas_py__test_point_evaluation_precompile_gas_usage_fork_Prague_state_test_proof_incorrect_exact_gas_call_type_DELEGATECALL_[0m

      [31m✖ [0mtest timeout (60s)[0m

 [101mFAIL[0m [37m› [0m[93mgenerated.state_tests.eest.cancun.eip4844_blobs.point_evaluation_precompile_gas.point_evaluation_precompile_gas_usage.test.tests_eest_cancun_eip4844_blobs_test_point_evaluation_precompile_gas_py__test_point_evaluation_precompile_gas_usage_fork_Prague_state_test_proof_incorrect_exact_gas_call_type_STATICCALL_[0m

      [31m✖ [0mtest timeout (60s)[0m

 [101mFAIL[0m [37m› [0m[93mgenerated.state_tests.eest.cancun.eip4844_blobs.point_evaluation_precompile_gas.point_evaluation_precompile_gas_usage.test.tests_eest_cancun_eip4844_blobs_test_point_evaluation_precompile_gas_py__test_point_evaluation_precompile_gas_usage_fork_Prague_state_test_proof_incorrect_extra_gas_call_type_CALLCODE_[0m

      [31m✖ [0mtest timeout (60s)[0m

 [101mFAIL[0m [37m› [0m[93mgenerated.state_tests.eest.cancun.eip4844_blobs.point_evaluation_precompile_gas.point_evaluation_precompile_gas_usage.test.tests_eest_cancun_eip4844_blobs_test_point_evaluation_precompile_gas_py__test_point_evaluation_precompile_gas_usage_fork_Prague_state_test_proof_incorrect_extra_gas_call_type_CALL_[0m

      [31m✖ [0mtest timeout (60s)[0m

 [101mFAIL[0m [37m› [0m[93mgenerated.state_tests.eest.cancun.eip4844_blobs.point_evaluation_precompile_gas.point_evaluation_precompile_gas_usage.test.tests_eest_cancun_eip4844_blobs_test_point_evaluation_precompile_gas_py__test_point_evaluation_precompile_gas_usage_fork_Prague_state_test_proof_incorrect_extra_gas_call_type_DELEGATECALL_[0m

      [31m✖ [0mtest timeout (60s)[0m

 [101mFAIL[0m [37m› [0m[93mgenerated.state_tests.eest.cancun.eip4844_blobs.point_evaluation_precompile_gas.point_evaluation_precompile_gas_usage.test.tests_eest_cancun_eip4844_blobs_test_point_evaluation_precompile_gas_py__test_point_evaluation_precompile_gas_usage_fork_Prague_state_test_proof_incorrect_extra_gas_call_type_STATICCALL_[0m

      [31m✖ [0mtest timeout (60s)[0m

[2m─────────────────────────────────────────[0m
 [1mSummary[0m
   [1mTests:[0m  [31m301 failed[0m [2m|[0m [32m772 passed[0m [2m(1073)[0m
[2m─────────────────────────────────────────[0m

[2m─────────────────────────────────────────[0m
 [1mSlowest Tests (10)[0m
[2m─────────────────────────────────────────[0m

 [31m✖[0m [2mgenerated.state_tests.eest.cancun.eip4844_blobs.point_evaluation_precompile.external_vectors.tests_eest_cancun_eip4844_blobs_test_point_evaluation_precompile_py__test_external_vectors_fork_Cancun_state_test_versioned_hash_None_verify_kzg_proof_case_incorrect_proof_9b24f8997145435c_[0m [33m60.07 s[0m
 [31m✖[0m [2mgenerated.state_tests.eest.cancun.eip4844_blobs.point_evaluation_precompile.external_vectors.tests_eest_cancun_eip4844_blobs_test_point_evaluation_precompile_py__test_external_vectors_fork_Prague_state_test_versioned_hash_None_verify_kzg_proof_case_invalid_proof_32afa9561a4b3b91_[0m [33m60.03 s[0m
 [31m✖[0m [2mgenerated.state_tests.eest.cancun.eip4844_blobs.point_evaluation_precompile.external_vectors.tests_eest_cancun_eip4844_blobs_test_point_evaluation_precompile_py__test_external_vectors_fork_Prague_state_test_versioned_hash_None_verify_kzg_proof_case_incorrect_proof_point_at_infinity_ed6b180ec759bcf6_[0m [33m60.03 s[0m
 [31m✖[0m [2mgenerated.state_tests.eest.cancun.eip4844_blobs.point_evaluation_precompile.external_vectors.tests_eest_cancun_eip4844_blobs_test_point_evaluation_precompile_py__test_external_vectors_fork_Cancun_state_test_versioned_hash_None_verify_kzg_proof_case_correct_proof_f47eb9fc139f6bfd_[0m [33m60.02 s[0m
 [31m✖[0m [2mgenerated.state_tests.eest.cancun.eip4844_blobs.point_evaluation_precompile.external_vectors.tests_eest_cancun_eip4844_blobs_test_point_evaluation_precompile_py__test_external_vectors_fork_Cancun_state_test_versioned_hash_None_verify_kzg_proof_case_invalid_z_64b9ff2b8f7dddee_[0m [33m60.02 s[0m
 [31m✖[0m [2mgenerated.state_tests.eest.cancun.eip4844_blobs.point_evaluation_precompile.external_vectors.tests_eest_cancun_eip4844_blobs_test_point_evaluation_precompile_py__test_external_vectors_fork_Cancun_state_test_versioned_hash_None_verify_kzg_proof_case_invalid_commitment_e9d3e9ec16fbc15f_[0m [33m60.02 s[0m
 [31m✖[0m [2mgenerated.state_tests.eest.cancun.eip4844_blobs.point_evaluation_precompile.external_vectors.tests_eest_cancun_eip4844_blobs_test_point_evaluation_precompile_py__test_external_vectors_fork_Prague_state_test_versioned_hash_None_verify_kzg_proof_case_incorrect_proof_af669445747d2585_[0m [33m60.02 s[0m
 [31m✖[0m [2mgenerated.state_tests.eest.cancun.eip4844_blobs.point_evaluation_precompile.call_opcode_types.tests_eest_cancun_eip4844_blobs_test_point_evaluation_precompile_py__test_call_opcode_types_fork_Prague_call_opcode_DELEGATECALL_evm_code_type_LEGACY_state_test__correct_[0m [33m60.02 s[0m
 [31m✖[0m [2mgenerated.state_tests.eest.cancun.eip4844_blobs.point_evaluation_precompile.external_vectors.tests_eest_cancun_eip4844_blobs_test_point_evaluation_precompile_py__test_external_vectors_fork_Prague_state_test_versioned_hash_None_verify_kzg_proof_case_correct_proof_444b73ff54a19b44_[0m [33m60.02 s[0m
 [31m✖[0m [2mgenerated.state_tests.eest.cancun.eip4844_blobs.point_evaluation_precompile.call_opcode_types.tests_eest_cancun_eip4844_blobs_test_point_evaluation_precompile_py__test_call_opcode_types_fork_Prague_call_opcode_CALLCODE_evm_code_type_LEGACY_state_test__correct_[0m [33m60.01 s[0m
[2m⎯⎯⎯⎯⎯⎯⎯⎯⎯⎯⎯⎯⎯⎯⎯⎯⎯⎯⎯⎯⎯⎯⎯⎯⎯⎯⎯⎯⎯⎯[0m
 [1mTest Files  [0m[31m1 failed[0m [2m(41282)[0m
      [1mTests  [0m[31m301 failed[0m [2m|[0m [32m772 passed[0m [2m(41282)[0m
  [1mStart at  [0m[90m07:38:00[0m
   [1mDuration  [0m[33m1264.52 s[0m

